02-29 10:50:33.092  3697  3697 I wm_on_paused_called: [126596948,com.android.launcher3.uioverrides.QuickstepLauncher,performPause]
02-29 10:50:33.094  2521  3083 I wm_set_resumed_activity: [0,com.android.gallery3d/.app.GalleryActivity,resumeTopActivity - onActivityStateChanged]
02-29 10:50:33.094  2521  3083 I wm_add_to_stopping: [0,126596948,com.android.launcher3/.uioverrides.QuickstepLauncher,makeInvisible]
02-29 10:50:33.095  2521  3083 I wm_resume_activity: [0,170937459,152,com.android.gallery3d/.app.GalleryActivity]
02-29 10:50:33.095  2521  2607 I sysui_multi_action: [757,803,799,window_time_0,802,7]
02-29 10:50:33.095  5586  5586 I wm_on_restart_called: [170937459,com.android.gallery3d.app.GalleryActivity,performRestartActivity]
02-29 10:50:33.096  5586  5586 I wm_on_start_called: [170937459,com.android.gallery3d.app.GalleryActivity,handleStartActivity]
02-29 10:50:33.102  5586  5586 I wm_on_resume_called: [170937459,com.android.gallery3d.app.GalleryActivity,RESUME_ACTIVITY]
02-29 10:50:33.102  5586  5586 I wm_on_top_resumed_gained_called: [170937459,com.android.gallery3d.app.GalleryActivity,topWhenResuming]
02-29 10:50:33.108  2521  2912 I input_focus: [Focus leaving 2f678ac com.android.launcher3/com.android.launcher3.uioverrides.QuickstepLauncher (server),reason=Waiting for window because NOT_FOCUSABLE]
02-29 10:50:33.110  2521  2611 I input_focus: [Focus request 3453863 com.android.gallery3d/com.android.gallery3d.app.GalleryActivity,reason=UpdateInputWindows]
02-29 10:50:33.119  2521  2607 I sysui_multi_action: [319,44,321,42,322,57,325,4575,757,761,758,9,759,4,806,com.android.gallery3d,871,com.android.gallery3d.app.GalleryActivity,904,com.android.launcher3,905,0,1320,4,1321,23]
02-29 10:50:33.192  2521  2912 I input_focus: [Focus entering 3453863 com.android.gallery3d/com.android.gallery3d.app.GalleryActivity (server),reason=Window became focusable. Previous reason: NOT_VISIBLE]
02-29 10:50:33.576  2521  2912 I input_interaction: Interaction with: 34818e7 NavigationBar0 (server), PointerEventDispatcher0 (server), 
02-29 10:50:33.584  3137  3137 I sysui_multi_action: [757,931,758,4,759,3,932,0,933,0]
02-29 10:50:33.652  2521  2610 I wm_stop_activity: [0,126596948,com.android.launcher3/.uioverrides.QuickstepLauncher]
02-29 10:50:33.654  2521  2611 I wm_wallpaper_surface: [0,0,null]
02-29 10:50:33.670  3697  3697 I wm_on_stop_called: [126596948,com.android.launcher3.uioverrides.QuickstepLauncher,STOP_ACTIVITY_ITEM]
02-29 10:50:33.679  3137  3137 I sysui_multi_action: [757,931,758,4,759,3,932,0,933,1]
02-29 10:50:33.684  2521  2608 I wm_task_moved: [1,1,6]
02-29 10:50:33.684  2521  2608 I wm_task_moved: [141,1,2147483647]
02-29 10:50:33.684  2521  2608 I wm_task_to_front: [0,141]
02-29 10:50:33.684  2521  2608 I wm_focused_root_task: [0,0,1,152,bringingFoundTaskToFront]
02-29 10:50:33.684  5586  5586 I wm_on_top_resumed_lost_called: [170937459,com.android.gallery3d.app.GalleryActivity,topStateChangedWhenResumed]
02-29 10:50:33.684  2521  2608 I wm_set_resumed_activity: [0,com.android.launcher3/.uioverrides.QuickstepLauncher,bringingFoundTaskToFront]
02-29 10:50:33.685  2521  2608 I wm_new_intent: [0,126596948,141,com.android.launcher3/.uioverrides.QuickstepLauncher,android.intent.action.MAIN,NULL,NULL,268435712]
02-29 10:50:33.685  2521  2608 I wm_pause_activity: [0,170937459,com.android.gallery3d/.app.GalleryActivity,userLeaving=true,pauseBackTasks]
02-29 10:50:33.685  2521  2608 I wm_add_to_stopping: [0,170937459,com.android.gallery3d/.app.GalleryActivity,makeInvisible]
02-29 10:50:33.686  2521  2607 I sysui_multi_action: [757,803,799,window_time_0,802,1]
02-29 10:50:33.686  2521  2608 I wm_set_resumed_activity: [0,com.android.launcher3/.uioverrides.QuickstepLauncher,resumeTopActivity - onActivityStateChanged]
02-29 10:50:33.687  2521  2608 I wm_resume_activity: [0,126596948,141,com.android.launcher3/.uioverrides.QuickstepLauncher]
02-29 10:50:33.688  3697  3697 I wm_on_restart_called: [126596948,com.android.launcher3.uioverrides.QuickstepLauncher,performRestartActivity]
02-29 10:50:33.688  2521  2611 I input_focus: [Requesting to set focus to null window,reason=UpdateInputWindows]
02-29 10:50:33.693  3697  3697 I wm_on_start_called: [126596948,com.android.launcher3.uioverrides.QuickstepLauncher,handleStartActivity]
02-29 10:50:33.696  3697  3697 I wm_on_resume_called: [126596948,com.android.launcher3.uioverrides.QuickstepLauncher,RESUME_ACTIVITY]
02-29 10:50:33.707  2521  2611 I input_focus: [Focus request 2f678ac com.android.launcher3/com.android.launcher3.uioverrides.QuickstepLauncher,reason=UpdateInputWindows]
02-29 10:50:33.716  3697  3697 I wm_on_top_resumed_gained_called: [126596948,com.android.launcher3.uioverrides.QuickstepLauncher,topStateChangedWhenResumed]
02-29 10:50:33.716  2521  2912 I input_focus: [Focus leaving 3453863 com.android.gallery3d/com.android.gallery3d.app.GalleryActivity (server),reason=NO_WINDOW]
02-29 10:50:33.717  2521  2611 I wm_wallpaper_surface: [0,1,Window{2f678ac u0 com.android.launcher3/com.android.launcher3.uioverrides.QuickstepLauncher}]
02-29 10:50:33.726  5586  5586 I wm_on_paused_called: [170937459,com.android.gallery3d.app.GalleryActivity,performPause]
02-29 10:50:33.734  2521  2607 I sysui_multi_action: [319,43,322,38,325,4575,757,761,758,9,759,2,806,com.android.launcher3,871,com.android.launcher3.uioverrides.QuickstepLauncher,905,0,1320,4,1321,23]
02-29 10:50:33.759  2521  2912 I input_focus: [Focus entering 2f678ac com.android.launcher3/com.android.launcher3.uioverrides.QuickstepLauncher (server),reason=Window became focusable. Previous reason: NOT_VISIBLE]
02-29 10:50:34.354  2521  2610 I wm_stop_activity: [0,170937459,com.android.gallery3d/.app.GalleryActivity]
02-29 10:50:34.377  5586  5586 I wm_on_stop_called: [170937459,com.android.gallery3d.app.GalleryActivity,STOP_ACTIVITY_ITEM]
02-29 10:50:34.872  2521  2912 I input_interaction: Interaction with: 2f678ac com.android.launcher3/com.android.launcher3.uioverrides.QuickstepLauncher (server), fff67cf com.android.systemui.wallpapers.ImageWallpaper (server), PointerEventDispatcher0 (server), 
02-29 10:50:36.079  2521  3240 I wm_task_moved: [155,1,6]
02-29 10:50:36.079  2521  3240 I wm_task_to_front: [0,155]
02-29 10:50:36.080  2521  3240 I wm_focused_root_task: [0,0,155,1,bringingFoundTaskToFront]
02-29 10:50:36.082  2521  3240 I wm_set_resumed_activity: [0,com.android.gallery3d/.app.GalleryActivity,bringingFoundTaskToFront]
02-29 10:50:36.082  2521  3240 I wm_finish_activity: [0,72547113,155,com.android.gallery3d/.app.GalleryActivity,reset-task]
02-29 10:50:36.085  2521  3240 I wm_pause_activity: [0,126596948,com.android.launcher3/.uioverrides.QuickstepLauncher,userLeaving=true,pauseBackTasks]
02-29 10:50:36.087  2521  3240 I wm_destroy_activity: [0,72547113,155,com.android.gallery3d/.app.GalleryActivity,finish-imm:finishIfPossible]
02-29 10:50:36.088  2521  3240 I wm_new_intent: [0,79459080,155,com.katim.camera2/com.android.camera.CameraLauncher,android.intent.action.MAIN,NULL,NULL,270532608]
02-29 10:50:36.094  2521  2611 I input_focus: [Requesting to set focus to null window,reason=UpdateInputWindows]
02-29 10:50:36.094  3697  3697 I wm_on_top_resumed_lost_called: [126596948,com.android.launcher3.uioverrides.QuickstepLauncher,topStateChangedWhenResumed]
02-29 10:50:36.095  5586  5586 I wm_on_destroy_called: [72547113,com.android.gallery3d.app.GalleryActivity,performDestroy]
02-29 10:50:36.101  2521  2912 I input_focus: [Focus leaving 2f678ac com.android.launcher3/com.android.launcher3.uioverrides.QuickstepLauncher (server),reason=Waiting for window because NOT_FOCUSABLE]
02-29 10:50:36.107  3697  3697 I wm_on_paused_called: [126596948,com.android.launcher3.uioverrides.QuickstepLauncher,performPause]
02-29 10:50:36.110  2521  3275 I wm_set_resumed_activity: [0,com.katim.camera2/com.android.camera.CameraLauncher,resumeTopActivity - onActivityStateChanged]
02-29 10:50:36.110  2521  3275 I wm_add_to_stopping: [0,126596948,com.android.launcher3/.uioverrides.QuickstepLauncher,makeInvisible]
02-29 10:50:36.110  2521  2610 I am_uid_active: 10077
02-29 10:50:36.111  2521  3275 I wm_resume_activity: [0,79459080,155,com.katim.camera2/com.android.camera.CameraLauncher]
02-29 10:50:36.111  2521  2607 I sysui_multi_action: [757,803,799,window_time_0,802,2]
02-29 10:50:36.114  8696  8696 I wm_on_restart_called: [79459080,com.android.camera.CameraLauncher,performRestartActivity]
02-29 10:50:36.115  8696  8696 I wm_on_start_called: [79459080,com.android.camera.CameraLauncher,handleStartActivity]
02-29 10:50:36.121   990   990 I auditd  : type=1400 audit(0.0:712): avc: denied { read } for comm="binder:990_2" name="wakeup26" dev="sysfs" ino=124287 scontext=u:r:system_suspend:s0 tcontext=u:object_r:sysfs:s0 tclass=dir permissive=0
02-29 10:50:36.125   990   990 I auditd  : type=1400 audit(0.0:713): avc: denied { read } for comm="binder:990_2" name="wakeup5" dev="sysfs" ino=99480 scontext=u:r:system_suspend:s0 tcontext=u:object_r:sysfs:s0 tclass=dir permissive=0
02-29 10:50:36.125   990   990 I auditd  : type=1400 audit(0.0:714): avc: denied { read } for comm="binder:990_2" name="wakeup10" dev="sysfs" ino=103374 scontext=u:r:system_suspend:s0 tcontext=u:object_r:sysfs:s0 tclass=dir permissive=0
02-29 10:50:36.148  8696  8696 I wm_on_resume_called: [79459080,com.android.camera.CameraLauncher,RESUME_ACTIVITY]
02-29 10:50:36.148  8696  8696 I wm_on_top_resumed_gained_called: [79459080,com.android.camera.CameraLauncher,topWhenResuming]
02-29 10:50:36.151  2521  2611 I input_focus: [Focus request df846b2 com.katim.camera2/com.android.camera.CameraLauncher,reason=UpdateInputWindows]
02-29 10:50:36.160  2521  2607 I sysui_multi_action: [319,49,321,48,322,88,325,4578,757,761,758,9,759,1,806,com.katim.camera2,871,com.android.camera.CameraLauncher,904,com.android.launcher3,905,0,1320,4,1321,23]
02-29 10:50:36.166  2521  2912 I input_focus: [Focus entering df846b2 com.katim.camera2/com.android.camera.CameraLauncher (server),reason=setFocusedWindow]
02-29 10:50:36.175  1352 23270 I liblog  : 74
02-29 10:50:36.181  1352  1352 I liblog  : 16
02-29 10:50:36.181  1352  1352 I liblog  : 3
02-29 10:50:36.181  1352 23265 I liblog  : 1
02-29 10:50:36.345  2521  2892 I commit_sys_config_file: [settings-2-0,3]
02-29 10:50:36.399  2521  2611 I wm_wallpaper_surface: [0,0,null]
02-29 10:50:36.454  2521  2610 I wm_stop_activity: [0,126596948,com.android.launcher3/.uioverrides.QuickstepLauncher]
02-29 10:50:36.455  3697  3697 I wm_on_stop_called: [126596948,com.android.launcher3.uioverrides.QuickstepLauncher,STOP_ACTIVITY_ITEM]
02-29 10:50:40.363  2521  2912 I input_interaction: Interaction with: df846b2 com.katim.camera2/com.android.camera.CameraLauncher (server), PointerEventDispatcher0 (server), 
02-29 10:50:46.335  2521  3240 I wm_task_moved: [155,1,6]
02-29 10:50:46.335  2521  3240 I wm_create_activity: [0,250570420,155,com.android.gallery3d/.app.GalleryActivity,com.android.camera.action.REVIEW,NULL,content://media/...,65536]
02-29 10:50:46.337  2521  3240 I wm_pause_activity: [0,79459080,com.katim.camera2/com.android.camera.CameraLauncher,userLeaving=true,resumeTopActivity]
02-29 10:50:46.345  8696  8696 I wm_on_top_resumed_lost_called: [79459080,com.android.camera.CameraLauncher,topStateChangedWhenResumed]
02-29 10:50:46.360  8696  8696 I wm_on_paused_called: [79459080,com.android.camera.CameraLauncher,performPause]
02-29 10:50:46.361  2521  3240 I wm_add_to_stopping: [0,79459080,com.katim.camera2/com.android.camera.CameraLauncher,makeInvisible]
02-29 10:50:46.361  2521  3240 I wm_restart_activity: [0,250570420,155,com.android.gallery3d/.app.GalleryActivity]
02-29 10:50:46.361  2521  3240 I wm_set_resumed_activity: [0,com.android.gallery3d/.app.GalleryActivity,minimalResumeActivityLocked - onActivityStateChanged]
02-29 10:50:46.362  2521  2607 I sysui_multi_action: [757,803,799,window_time_0,802,10]
02-29 10:50:46.362  2521  2611 I input_focus: [Requesting to set focus to null window,reason=UpdateInputWindows]
02-29 10:50:46.372  2521  2912 I input_focus: [Focus leaving df846b2 com.katim.camera2/com.android.camera.CameraLauncher (server),reason=NO_WINDOW]
02-29 10:50:46.377  5586  5586 I wm_on_create_called: [250570420,com.android.gallery3d.app.GalleryActivity,performCreate]
02-29 10:50:46.378  5586  5586 I wm_on_start_called: [250570420,com.android.gallery3d.app.GalleryActivity,handleStartActivity]
02-29 10:50:46.381  5586  5586 I wm_on_resume_called: [250570420,com.android.gallery3d.app.GalleryActivity,RESUME_ACTIVITY]
02-29 10:50:46.384  5586  5586 I wm_on_top_resumed_gained_called: [250570420,com.android.gallery3d.app.GalleryActivity,topStateChangedWhenResumed]
02-29 10:50:46.390  2521  2611 I input_focus: [Focus request e038111 com.android.gallery3d/com.android.gallery3d.app.GalleryActivity,reason=UpdateInputWindows]
02-29 10:50:46.425  2521  2607 I sysui_multi_action: [319,102,322,101,325,4588,757,761,758,8,759,2,806,com.android.gallery3d,871,com.android.gallery3d.app.GalleryActivity,904,com.katim.camera2,905,0,1320,4,1321,23]
02-29 10:50:46.426  2521  2607 I wm_activity_launch_time: [0,250570420,com.android.gallery3d/.app.GalleryActivity,101]
02-29 10:50:46.428  2521  2610 I wm_stop_activity: [0,79459080,com.katim.camera2/com.android.camera.CameraLauncher]
02-29 10:50:46.440  2521  2912 I input_focus: [Focus entering e038111 com.android.gallery3d/com.android.gallery3d.app.GalleryActivity (server),reason=Window became focusable. Previous reason: NOT_VISIBLE]
02-29 10:50:46.515  8696  8696 I wm_on_stop_called: [79459080,com.android.camera.CameraLauncher,STOP_ACTIVITY_ITEM]
02-29 10:50:46.702  2521  2892 I commit_sys_config_file: [settings-2-0,5]
02-29 10:50:49.077  2521  2912 I input_interaction: Interaction with: e038111 com.android.gallery3d/com.android.gallery3d.app.GalleryActivity (server), PointerEventDispatcher0 (server), 
02-29 10:50:51.047  2521  5639 I force_gc: Binder
02-29 10:50:51.439  4941  8562 I force_gc: Binder
02-29 10:50:53.191  4941  5668 I force_gc: Binder
02-29 10:50:58.191  2521  2912 I input_interaction: Interaction with: 34818e7 NavigationBar0 (server), PointerEventDispatcher0 (server), 
02-29 10:50:58.193  3137  3137 I sysui_multi_action: [757,931,758,4,759,3,932,0,933,0]
02-29 10:50:58.286  3137  3137 I sysui_multi_action: [757,931,758,4,759,3,932,0,933,1]
02-29 10:50:58.293  2521  2608 I wm_task_moved: [1,1,6]
02-29 10:50:58.294  2521  2608 I wm_task_moved: [141,1,2147483647]
02-29 10:50:58.294  2521  2608 I wm_task_to_front: [0,141]
02-29 10:50:58.294  2521  2608 I wm_focused_root_task: [0,0,1,155,bringingFoundTaskToFront]
02-29 10:50:58.294  5586  5586 I wm_on_top_resumed_lost_called: [250570420,com.android.gallery3d.app.GalleryActivity,topStateChangedWhenResumed]
02-29 10:50:58.294  2521  2608 I wm_set_resumed_activity: [0,com.android.launcher3/.uioverrides.QuickstepLauncher,bringingFoundTaskToFront]
02-29 10:50:58.294  2521  2608 I wm_new_intent: [0,126596948,141,com.android.launcher3/.uioverrides.QuickstepLauncher,android.intent.action.MAIN,NULL,NULL,268435712]
02-29 10:50:58.295  2521  2608 I wm_pause_activity: [0,250570420,com.android.gallery3d/.app.GalleryActivity,userLeaving=true,pauseBackTasks]
02-29 10:50:58.296  2521  2608 I wm_add_to_stopping: [0,250570420,com.android.gallery3d/.app.GalleryActivity,makeInvisible]
02-29 10:50:58.297  2521  2607 I sysui_multi_action: [757,803,799,window_time_0,802,12]
02-29 10:50:58.297  2521  2608 I wm_set_resumed_activity: [0,com.android.launcher3/.uioverrides.QuickstepLauncher,resumeTopActivity - onActivityStateChanged]
02-29 10:50:58.298  2521  2608 I wm_resume_activity: [0,126596948,141,com.android.launcher3/.uioverrides.QuickstepLauncher]
02-29 10:50:58.299  3697  3697 I wm_on_restart_called: [126596948,com.android.launcher3.uioverrides.QuickstepLauncher,performRestartActivity]
02-29 10:50:58.300  3697  3697 I wm_on_start_called: [126596948,com.android.launcher3.uioverrides.QuickstepLauncher,handleStartActivity]
02-29 10:50:58.300  2521  2611 I input_focus: [Requesting to set focus to null window,reason=UpdateInputWindows]
02-29 10:50:58.301  3697  3697 I wm_on_resume_called: [126596948,com.android.launcher3.uioverrides.QuickstepLauncher,RESUME_ACTIVITY]
02-29 10:50:58.319  5586  5586 I wm_on_paused_called: [250570420,com.android.gallery3d.app.GalleryActivity,performPause]
02-29 10:50:58.320  2521  2912 I input_focus: [Focus leaving e038111 com.android.gallery3d/com.android.gallery3d.app.GalleryActivity (server),reason=NO_WINDOW]
02-29 10:50:58.322  2521  2611 I input_focus: [Focus request 2f678ac com.android.launcher3/com.android.launcher3.uioverrides.QuickstepLauncher,reason=UpdateInputWindows]
02-29 10:50:58.331  2521  2611 I wm_wallpaper_surface: [0,1,Window{2f678ac u0 com.android.launcher3/com.android.launcher3.uioverrides.QuickstepLauncher}]
02-29 10:50:58.331  3697  3697 I wm_on_top_resumed_gained_called: [126596948,com.android.launcher3.uioverrides.QuickstepLauncher,topStateChangedWhenResumed]
02-29 10:50:58.348  2521  2607 I sysui_multi_action: [319,53,322,43,325,4600,757,761,758,9,759,2,806,com.android.launcher3,871,com.android.launcher3.uioverrides.QuickstepLauncher,905,0,1320,4,1321,23]
02-29 10:50:58.369  2521  2912 I input_focus: [Focus entering 2f678ac com.android.launcher3/com.android.launcher3.uioverrides.QuickstepLauncher (server),reason=Window became focusable. Previous reason: NOT_VISIBLE]
02-29 10:50:58.692  2521  2610 I wm_stop_activity: [0,250570420,com.android.gallery3d/.app.GalleryActivity]
02-29 10:50:58.723  5586  5586 I wm_on_stop_called: [250570420,com.android.gallery3d.app.GalleryActivity,STOP_ACTIVITY_ITEM]
02-29 10:50:58.916  2521  2893 I am_compact: [8696,com.katim.camera2,anon,186656,122024,62276,10620,-26128,0,-26128,26128,175,2,4569232,900,15,3522812,-26368]
02-29 10:50:59.407  2521  2912 I input_interaction: Interaction with: 2f678ac com.android.launcher3/com.android.launcher3.uioverrides.QuickstepLauncher (server), fff67cf com.android.systemui.wallpapers.ImageWallpaper (server), PointerEventDispatcher0 (server), 
02-29 10:51:00.788  2521  5639 I wm_task_moved: [152,1,6]
02-29 10:51:00.788  2521  5639 I wm_task_to_front: [0,152]
02-29 10:51:00.789  2521  5639 I wm_focused_root_task: [0,0,152,1,bringingFoundTaskToFront]
02-29 10:51:00.791  2521  5639 I wm_set_resumed_activity: [0,com.android.gallery3d/.app.GalleryActivity,bringingFoundTaskToFront]
02-29 10:51:00.797  2521  5639 I wm_pause_activity: [0,126596948,com.android.launcher3/.uioverrides.QuickstepLauncher,userLeaving=true,pauseBackTasks]
02-29 10:51:00.801  2521  2611 I input_focus: [Requesting to set focus to null window,reason=UpdateInputWindows]
02-29 10:51:00.802  3697  3697 I wm_on_top_resumed_lost_called: [126596948,com.android.launcher3.uioverrides.QuickstepLauncher,topStateChangedWhenResumed]
02-29 10:51:00.803  3697  3697 I wm_on_paused_called: [126596948,com.android.launcher3.uioverrides.QuickstepLauncher,performPause]
02-29 10:51:00.805  2521  5636 I wm_set_resumed_activity: [0,com.android.gallery3d/.app.GalleryActivity,resumeTopActivity - onActivityStateChanged]
02-29 10:51:00.806  2521  5636 I wm_add_to_stopping: [0,126596948,com.android.launcher3/.uioverrides.QuickstepLauncher,makeInvisible]
02-29 10:51:00.806  2521  5636 I wm_resume_activity: [0,170937459,152,com.android.gallery3d/.app.GalleryActivity]
02-29 10:51:00.807  2521  2607 I sysui_multi_action: [757,803,799,window_time_0,802,3]
02-29 10:51:00.808  5586  5586 I wm_on_restart_called: [170937459,com.android.gallery3d.app.GalleryActivity,performRestartActivity]
02-29 10:51:00.808  5586  5586 I wm_on_start_called: [170937459,com.android.gallery3d.app.GalleryActivity,handleStartActivity]
02-29 10:51:00.814  5586  5586 I wm_on_resume_called: [170937459,com.android.gallery3d.app.GalleryActivity,RESUME_ACTIVITY]
02-29 10:51:00.814  5586  5586 I wm_on_top_resumed_gained_called: [170937459,com.android.gallery3d.app.GalleryActivity,topWhenResuming]
02-29 10:51:00.824  2521  2912 I input_focus: [Focus leaving 2f678ac com.android.launcher3/com.android.launcher3.uioverrides.QuickstepLauncher (server),reason=Waiting for window because NOT_FOCUSABLE]
02-29 10:51:00.826  2521  2611 I input_focus: [Focus request 3453863 com.android.gallery3d/com.android.gallery3d.app.GalleryActivity,reason=UpdateInputWindows]
02-29 10:51:00.836  2521  2607 I sysui_multi_action: [319,37,321,34,322,55,325,4602,757,761,758,9,759,4,806,com.android.gallery3d,871,com.android.gallery3d.app.GalleryActivity,904,com.android.launcher3,905,0,1320,4,1321,23]
02-29 10:51:00.891  2521  2912 I input_focus: [Focus entering 3453863 com.android.gallery3d/com.android.gallery3d.app.GalleryActivity (server),reason=Window became focusable. Previous reason: NOT_VISIBLE]
02-29 10:51:01.346  2521  2610 I wm_stop_activity: [0,126596948,com.android.launcher3/.uioverrides.QuickstepLauncher]
02-29 10:51:01.349  2521  2611 I wm_wallpaper_surface: [0,0,null]
02-29 10:51:01.358  3697  3697 I wm_on_stop_called: [126596948,com.android.launcher3.uioverrides.QuickstepLauncher,STOP_ACTIVITY_ITEM]
02-29 10:51:01.852  2521  2912 I input_interaction: Interaction with: 34818e7 NavigationBar0 (server), PointerEventDispatcher0 (server), 
02-29 10:51:01.853  3137  3137 I sysui_multi_action: [757,931,758,4,759,4,932,0,933,0]
02-29 10:51:01.856  2521  2912 I input_interaction: Interaction with: 3453863 com.android.gallery3d/com.android.gallery3d.app.GalleryActivity (server), PointerEventDispatcher0 (server), 
02-29 10:51:01.871  2521  2912 I input_interaction: Interaction with: 34818e7 NavigationBar0 (server), PointerEventDispatcher0 (server), 
02-29 10:51:01.929  3137  3137 I sysui_multi_action: [757,931,758,4,759,4,932,0,933,1]
02-29 10:51:01.930  2521  5636 I sysui_multi_action: [757,803,799,key_back_press,802,1]
02-29 10:51:03.001  2521  2912 I input_interaction: Interaction with: 3453863 com.android.gallery3d/com.android.gallery3d.app.GalleryActivity (server), PointerEventDispatcher0 (server), 
02-29 10:51:20.417  2521  2912 I input_interaction: Interaction with: 34818e7 NavigationBar0 (server), PointerEventDispatcher0 (server), 
02-29 10:51:20.421  3137  3137 I sysui_multi_action: [757,931,758,4,759,4,932,0,933,0]
02-29 10:51:20.437  2521  2912 I input_interaction: Interaction with: 3453863 com.android.gallery3d/com.android.gallery3d.app.GalleryActivity (server), PointerEventDispatcher0 (server), 
02-29 10:51:20.437  2521  2912 I input_interaction: Interaction with: 34818e7 NavigationBar0 (server), PointerEventDispatcher0 (server), 
02-29 10:51:20.516  3137  3137 I sysui_multi_action: [757,931,758,4,759,4,932,0,933,1]
02-29 10:51:20.516  2521  3219 I sysui_multi_action: [757,803,799,key_back_press,802,1]
02-29 10:51:22.193  2521  2912 I input_interaction: Interaction with: 3453863 com.android.gallery3d/com.android.gallery3d.app.GalleryActivity (server), PointerEventDispatcher0 (server), 
02-29 10:51:28.108  2521  2912 I input_interaction: Interaction with: 34818e7 NavigationBar0 (server), PointerEventDispatcher0 (server), 
02-29 10:51:28.111  3137  3137 I sysui_multi_action: [757,931,758,4,759,4,932,0,933,0]
02-29 10:51:28.122  2521  2912 I input_interaction: Interaction with: 3453863 com.android.gallery3d/com.android.gallery3d.app.GalleryActivity (server), PointerEventDispatcher0 (server), 
02-29 10:51:28.140  2521  2912 I input_interaction: Interaction with: 34818e7 NavigationBar0 (server), PointerEventDispatcher0 (server), 
02-29 10:51:28.185  3137  3137 I sysui_multi_action: [757,931,758,4,759,4,932,0,933,1]
02-29 10:51:28.186  2521  5636 I sysui_multi_action: [757,803,799,key_back_press,802,1]
02-29 10:51:28.909  2521  2912 I input_interaction: Interaction with: 3453863 com.android.gallery3d/com.android.gallery3d.app.GalleryActivity (server), PointerEventDispatcher0 (server), 
02-29 10:51:30.811  2521  2979 I storage_state: [41217664-9172-527a-b3d5-edabb50a7d69,0,0,226901590016,231814803456]
02-29 10:51:30.912  2521  2912 I input_interaction: Interaction with: 34818e7 NavigationBar0 (server), PointerEventDispatcher0 (server), 
02-29 10:51:30.915  3137  3137 I sysui_multi_action: [757,931,758,4,759,4,932,0,933,0]
02-29 10:51:30.920  2521  2912 I input_interaction: Interaction with: 3453863 com.android.gallery3d/com.android.gallery3d.app.GalleryActivity (server), PointerEventDispatcher0 (server), 
02-29 10:51:30.921  2521  2912 I input_interaction: Interaction with: 34818e7 NavigationBar0 (server), PointerEventDispatcher0 (server), 
02-29 10:51:31.063  3137  3137 I sysui_multi_action: [757,931,758,4,759,4,932,0,933,1]
02-29 10:51:31.063  2521  3105 I sysui_multi_action: [757,803,799,key_back_press,802,1]
02-29 10:51:35.896  2521  2912 I input_interaction: Interaction with: 3453863 com.android.gallery3d/com.android.gallery3d.app.GalleryActivity (server), PointerEventDispatcher0 (server), 
02-29 10:51:46.537  2521  2618 I am_uid_idle: 10077
02-29 10:52:44.229  2521  3105 I battery_level: [41,3814,270]
02-29 10:52:59.972  2521 23670 I ntp_failure: [time.android.com/2001:4860:4806:4::,java.net.SocketTimeoutException: Poll timed out]
02-29 10:53:04.980  2521 23670 I ntp_failure: [time.android.com/2001:4860:4806:8::,java.net.SocketTimeoutException: Poll timed out]
02-29 10:53:09.986  2521 23670 I ntp_failure: [time.android.com/2001:4860:4806:c::,java.net.SocketTimeoutException: Poll timed out]
02-29 10:53:14.990  2521 23670 I ntp_failure: [time.android.com/2001:4860:4806::,java.net.SocketTimeoutException: Poll timed out]
02-29 10:53:19.992  2521 23670 I ntp_failure: [time.android.com/216.239.35.4,java.net.SocketTimeoutException: Poll timed out]
02-29 10:53:25.000  2521 23670 I ntp_failure: [time.android.com/216.239.35.0,java.net.SocketTimeoutException: Poll timed out]
02-29 10:53:30.003  2521 23670 I ntp_failure: [time.android.com/216.239.35.8,java.net.SocketTimeoutException: Poll timed out]
02-29 10:53:35.017  2521 23670 I ntp_failure: [time.android.com/216.239.35.12,java.net.SocketTimeoutException: Poll timed out]
02-29 10:54:02.712  2521  2912 I input_interaction: Interaction with: 34818e7 NavigationBar0 (server), PointerEventDispatcher0 (server), 
02-29 10:54:02.713  3137  3137 I sysui_multi_action: [757,931,758,4,759,4,932,0,933,0]
02-29 10:54:02.715  2521  2912 I input_interaction: Interaction with: 3453863 com.android.gallery3d/com.android.gallery3d.app.GalleryActivity (server), PointerEventDispatcher0 (server), 
02-29 10:54:02.758  2521  2912 I input_interaction: Interaction with: 34818e7 NavigationBar0 (server), PointerEventDispatcher0 (server), 
02-29 10:54:02.783  3137  3137 I sysui_multi_action: [757,931,758,4,759,4,932,0,933,1]
02-29 10:54:02.783  2521  3105 I sysui_multi_action: [757,803,799,key_back_press,802,1]
02-29 10:54:03.964  3137  3137 I sysui_multi_action: [757,931,758,4,759,4,932,0,933,0]
02-29 10:54:03.969  2521  2912 I input_interaction: Interaction with: 3453863 com.android.gallery3d/com.android.gallery3d.app.GalleryActivity (server), PointerEventDispatcher0 (server), 
02-29 10:54:04.005  2521  2912 I input_interaction: Interaction with: 34818e7 NavigationBar0 (server), PointerEventDispatcher0 (server), 
02-29 10:54:04.043  3137  3137 I sysui_multi_action: [757,931,758,4,759,4,932,0,933,1]
02-29 10:54:04.044  2521  5639 I sysui_multi_action: [757,803,799,key_back_press,802,1]
02-29 10:54:05.757  2521  2912 I input_interaction: Interaction with: 3453863 com.android.gallery3d/com.android.gallery3d.app.GalleryActivity (server), PointerEventDispatcher0 (server), 
02-29 10:54:07.412  2521  2912 I input_interaction: Interaction with: 34818e7 NavigationBar0 (server), PointerEventDispatcher0 (server), 
02-29 10:54:07.414  3137  3137 I sysui_multi_action: [757,931,758,4,759,4,932,0,933,0]
02-29 10:54:07.417  2521  2912 I input_interaction: Interaction with: 3453863 com.android.gallery3d/com.android.gallery3d.app.GalleryActivity (server), PointerEventDispatcher0 (server), 
02-29 10:54:07.457  2521  2912 I input_interaction: Interaction with: 34818e7 NavigationBar0 (server), PointerEventDispatcher0 (server), 
02-29 10:54:07.474  3137  3137 I sysui_multi_action: [757,931,758,4,759,4,932,0,933,1]
02-29 10:54:07.474  2521  3219 I sysui_multi_action: [757,803,799,key_back_press,802,1]
02-29 10:54:08.069  2521  2912 I input_interaction: Interaction with: 3453863 com.android.gallery3d/com.android.gallery3d.app.GalleryActivity (server), PointerEventDispatcher0 (server), 
02-29 10:54:09.667  2521  2617 I am_pss  : [3137,10111,com.android.systemui,140897280,104210432,18845696,285708288,0,0,24]
02-29 10:54:17.657  2521  2912 I input_interaction: Interaction with: 34818e7 NavigationBar0 (server), PointerEventDispatcher0 (server), 
02-29 10:54:17.660  3137  3137 I sysui_multi_action: [757,931,758,4,759,4,932,0,933,0]
02-29 10:54:17.667  2521  2912 I input_interaction: Interaction with: 3453863 com.android.gallery3d/com.android.gallery3d.app.GalleryActivity (server), PointerEventDispatcher0 (server), 
02-29 10:54:17.688  2521  2912 I input_interaction: Interaction with: 34818e7 NavigationBar0 (server), PointerEventDispatcher0 (server), 
02-29 10:54:17.722  3137  3137 I sysui_multi_action: [757,931,758,4,759,4,932,0,933,1]
02-29 10:54:17.722  2521  3240 I sysui_multi_action: [757,803,799,key_back_press,802,1]
02-29 10:54:19.958  2521  2912 I input_interaction: Interaction with: 3453863 com.android.gallery3d/com.android.gallery3d.app.GalleryActivity (server), PointerEventDispatcher0 (server), 
02-29 10:54:22.105  2521  2912 I input_interaction: Interaction with: 34818e7 NavigationBar0 (server), PointerEventDispatcher0 (server), 
02-29 10:54:22.109  3137  3137 I sysui_multi_action: [757,931,758,4,759,3,932,0,933,0]
02-29 10:54:22.178  3137  3137 I sysui_multi_action: [757,931,758,4,759,3,932,0,933,1]
02-29 10:54:22.189  2521  2608 I wm_task_moved: [1,1,6]
02-29 10:54:22.189  2521  2608 I wm_task_moved: [141,1,2147483647]
02-29 10:54:22.189  2521  2608 I wm_task_to_front: [0,141]
02-29 10:54:22.189  2521  2608 I wm_focused_root_task: [0,0,1,152,bringingFoundTaskToFront]
02-29 10:54:22.189  5586  5586 I wm_on_top_resumed_lost_called: [170937459,com.android.gallery3d.app.GalleryActivity,topStateChangedWhenResumed]
02-29 10:54:22.190  2521  2608 I wm_set_resumed_activity: [0,com.android.launcher3/.uioverrides.QuickstepLauncher,bringingFoundTaskToFront]
02-29 10:54:22.190  2521  2608 I wm_new_intent: [0,126596948,141,com.android.launcher3/.uioverrides.QuickstepLauncher,android.intent.action.MAIN,NULL,NULL,268435712]
02-29 10:54:22.192  2521  2608 I wm_pause_activity: [0,170937459,com.android.gallery3d/.app.GalleryActivity,userLeaving=true,pauseBackTasks]
02-29 10:54:22.194  2521  2608 I wm_add_to_stopping: [0,170937459,com.android.gallery3d/.app.GalleryActivity,makeInvisible]
02-29 10:54:22.194  2521  2607 I sysui_multi_action: [757,803,799,window_time_0,802,201]
02-29 10:54:22.195  2521  2608 I wm_set_resumed_activity: [0,com.android.launcher3/.uioverrides.QuickstepLauncher,resumeTopActivity - onActivityStateChanged]
02-29 10:54:22.196  2521  2608 I wm_resume_activity: [0,126596948,141,com.android.launcher3/.uioverrides.QuickstepLauncher]
02-29 10:54:22.196  3697  3697 I wm_on_restart_called: [126596948,com.android.launcher3.uioverrides.QuickstepLauncher,performRestartActivity]
02-29 10:54:22.197  3697  3697 I wm_on_start_called: [126596948,com.android.launcher3.uioverrides.QuickstepLauncher,handleStartActivity]
02-29 10:54:22.198  2521  2611 I input_focus: [Requesting to set focus to null window,reason=UpdateInputWindows]
02-29 10:54:22.198  3697  3697 I wm_on_resume_called: [126596948,com.android.launcher3.uioverrides.QuickstepLauncher,RESUME_ACTIVITY]
02-29 10:54:22.223  5586  5586 I wm_on_paused_called: [170937459,com.android.gallery3d.app.GalleryActivity,performPause]
02-29 10:54:22.224  2521  2611 I input_focus: [Focus request 2f678ac com.android.launcher3/com.android.launcher3.uioverrides.QuickstepLauncher,reason=UpdateInputWindows]
02-29 10:54:22.224  2521  2912 I input_focus: [Focus leaving 3453863 com.android.gallery3d/com.android.gallery3d.app.GalleryActivity (server),reason=Waiting for window because NOT_FOCUSABLE]
02-29 10:54:22.228  2521  2611 I wm_wallpaper_surface: [0,1,Window{2f678ac u0 com.android.launcher3/com.android.launcher3.uioverrides.QuickstepLauncher}]
02-29 10:54:22.228  3697  3697 I wm_on_top_resumed_gained_called: [126596948,com.android.launcher3.uioverrides.QuickstepLauncher,topStateChangedWhenResumed]
02-29 10:54:22.235  2521  2607 I sysui_multi_action: [319,50,322,46,325,4804,757,761,758,9,759,2,806,com.android.launcher3,871,com.android.launcher3.uioverrides.QuickstepLauncher,905,0,1320,4,1321,23]
02-29 10:54:22.258  2521  2912 I input_focus: [Focus entering 2f678ac com.android.launcher3/com.android.launcher3.uioverrides.QuickstepLauncher (server),reason=Window became focusable. Previous reason: NOT_VISIBLE]
02-29 10:54:22.877  2521  2610 I wm_stop_activity: [0,170937459,com.android.gallery3d/.app.GalleryActivity]
02-29 10:54:22.895  5586  5586 I wm_on_stop_called: [170937459,com.android.gallery3d.app.GalleryActivity,STOP_ACTIVITY_ITEM]
02-29 10:54:22.957  2521  2912 I input_interaction: Interaction with: 2f678ac com.android.launcher3/com.android.launcher3.uioverrides.QuickstepLauncher (server), fff67cf com.android.systemui.wallpapers.ImageWallpaper (server), PointerEventDispatcher0 (server), 
02-29 10:54:23.035  2521  2547 I wm_task_created: [165,-1]
02-29 10:54:23.040  2521  2547 I wm_task_moved: [165,1,7]
02-29 10:54:23.040  2521  2547 I wm_task_to_front: [0,165]
02-29 10:54:23.040  2521  2547 I wm_create_task: [0,165]
02-29 10:54:23.040  2521  2547 I wm_create_activity: [0,265544472,165,com.android.music/.MusicBrowserActivity,android.intent.action.MAIN,NULL,NULL,270532608]
02-29 10:54:23.040  2521  2547 I wm_task_moved: [165,1,7]
02-29 10:54:23.041  2521  2547 I wm_pause_activity: [0,126596948,com.android.launcher3/.uioverrides.QuickstepLauncher,userLeaving=true,pauseBackTasks]
02-29 10:54:23.044  3697  3697 I wm_on_top_resumed_lost_called: [126596948,com.android.launcher3.uioverrides.QuickstepLauncher,topStateChangedWhenResumed]
02-29 10:54:23.045  3697  3697 I wm_on_paused_called: [126596948,com.android.launcher3.uioverrides.QuickstepLauncher,performPause]
02-29 10:54:23.052  2521  3240 I wm_add_to_stopping: [0,126596948,com.android.launcher3/.uioverrides.QuickstepLauncher,makeInvisible]
02-29 10:54:23.052  2521  3240 I wm_restart_activity: [0,265544472,165,com.android.music/.MusicBrowserActivity]
02-29 10:54:23.052  2521  3240 I wm_set_resumed_activity: [0,com.android.music/.MusicBrowserActivity,minimalResumeActivityLocked - onActivityStateChanged]
02-29 10:54:23.053  2521  2607 I sysui_multi_action: [757,803,799,window_time_0,802,1]
02-29 10:54:23.053  2521  2610 I am_uid_active: 10089
02-29 10:54:23.053  2521  2611 I input_focus: [Requesting to set focus to null window,reason=UpdateInputWindows]
02-29 10:54:23.068  7316  7316 I wm_on_create_called: [265544472,com.android.music.MusicBrowserActivity,performCreate]
02-29 10:54:23.075  7316  7316 I wm_on_start_called: [265544472,com.android.music.MusicBrowserActivity,handleStartActivity]
02-29 10:54:23.075  2521  2912 I input_focus: [Focus leaving 2f678ac com.android.launcher3/com.android.launcher3.uioverrides.QuickstepLauncher (server),reason=NO_WINDOW]
02-29 10:54:23.076  7316  7316 I wm_on_resume_called: [265544472,com.android.music.MusicBrowserActivity,RESUME_ACTIVITY]
02-29 10:54:23.079  7316  7316 I wm_on_top_resumed_gained_called: [265544472,com.android.music.MusicBrowserActivity,topStateChangedWhenResumed]
02-29 10:54:23.109  2521  5636 I sysui_multi_action: [757,856,758,1,806,com.android.music,857,Channel-music,858,2]
02-29 10:54:23.111  2521  2521 I notification_enqueue: [10089,7316,com.android.music,1,NULL,0,Notification(channel=Channel-music shortcut=null contentView=com.android.music/0x7f0c008f vibrate=null sound=null defaults=0x0 flags=0x0 color=0x00000000 vis=PRIVATE),0]
02-29 10:54:23.112  2521  5634 I am_foreground_service_start: [0,com.android.music/.MediaPlaybackService,1,PROC_STATE_TOP,33,33,0,0,0,1,UNKNOWN]
02-29 10:54:23.112  2521  2521 I notification_enqueue: [10089,7316,com.android.music,1,NULL,0,Notification(channel=Channel-music shortcut=null contentView=com.android.music/0x7f0c008f vibrate=null sound=null defaults=0x0 flags=0x40 color=0x00000000 vis=PRIVATE),0]
02-29 10:54:23.119  2521  2521 I notification_enqueue: [10089,7316,com.android.music,1,NULL,0,Notification(channel=Channel-music shortcut=null contentView=com.android.music/0x7f0c008f vibrate=null sound=null defaults=0x0 flags=0x40 color=0x00000000 vis=PRIVATE),0]
02-29 10:54:23.120  2521  2521 I notification_enqueue: [10089,7316,com.android.music,1,NULL,0,Notification(channel=Channel-music shortcut=null contentView=com.android.music/0x7f0c008f vibrate=null sound=null defaults=0x0 flags=0x40 color=0x00000000 vis=PRIVATE),0]
02-29 10:54:23.123  2521  2611 I input_focus: [Focus request 2a78db7 com.android.music/com.android.music.MusicBrowserActivity,reason=UpdateInputWindows]
02-29 10:54:23.132  2521  2607 I sysui_multi_action: [319,47,321,45,322,108,325,4805,757,761,758,8,759,1,806,com.android.music,871,com.android.music.MusicBrowserActivity,904,com.android.launcher3,905,0,1320,4,1321,23]
02-29 10:54:23.132  2521  2607 I wm_activity_launch_time: [0,265544472,com.android.music/.MusicBrowserActivity,108]
02-29 10:54:23.137  2521  2521 I notification_enqueue: [10089,7316,com.android.music,1,NULL,0,Notification(channel=Channel-music shortcut=null contentView=com.android.music/0x7f0c008f vibrate=null sound=null defaults=0x0 flags=0x40 color=0x00000000 vis=PRIVATE),0]
02-29 10:54:23.138  2521  2521 I notification_enqueue: [10089,7316,com.android.music,1,NULL,0,Notification(channel=Channel-music shortcut=null contentView=com.android.music/0x7f0c008f vibrate=null sound=null defaults=0x0 flags=0x40 color=0x00000000 vis=PRIVATE),0]
02-29 10:54:23.143  2521  2912 I input_focus: [Focus entering 2a78db7 com.android.music/com.android.music.MusicBrowserActivity (server),reason=setFocusedWindow]
02-29 10:54:23.163  4941 14246 I force_gc: Binder
02-29 10:54:23.312  2521  2521 I sysui_multi_action: [757,1501,758,1,793,201,794,0,795,201,796,1,806,com.android.music,857,Channel-music,858,2,947,0,1500,0,1688,1]
02-29 10:54:23.312  2521  2521 I sysui_multi_action: [757,804,799,note_interruptive,801,0,802,1]
02-29 10:54:23.363  2521  2609 I commit_sys_config_file: [notification-policy,4798746]
02-29 10:54:23.487  2521  2912 I input_interaction: Interaction with: 34818e7 NavigationBar0 (server), PointerEventDispatcher0 (server), 
02-29 10:54:23.488  3137  3137 I sysui_multi_action: [757,931,758,4,759,3,932,0,933,0]
02-29 10:54:23.536  3137  3137 I sysui_multi_action: [757,931,758,4,759,3,932,0,933,1]
02-29 10:54:23.539  2521  2608 I wm_task_moved: [1,1,7]
02-29 10:54:23.539  2521  2608 I wm_task_moved: [141,1,2147483647]
02-29 10:54:23.539  2521  2608 I wm_task_to_front: [0,141]
02-29 10:54:23.539  2521  2608 I wm_focused_root_task: [0,0,1,165,bringingFoundTaskToFront]
02-29 10:54:23.539  7316  7316 I wm_on_top_resumed_lost_called: [265544472,com.android.music.MusicBrowserActivity,topStateChangedWhenResumed]
02-29 10:54:23.539  2521  2608 I wm_set_resumed_activity: [0,com.android.launcher3/.uioverrides.QuickstepLauncher,bringingFoundTaskToFront]
02-29 10:54:23.539  2521  2608 I wm_new_intent: [0,126596948,141,com.android.launcher3/.uioverrides.QuickstepLauncher,android.intent.action.MAIN,NULL,NULL,268435712]
02-29 10:54:23.540  2521  2608 I wm_pause_activity: [0,265544472,com.android.music/.MusicBrowserActivity,userLeaving=true,pauseBackTasks]
02-29 10:54:23.540  2521  2608 I wm_add_to_stopping: [0,265544472,com.android.music/.MusicBrowserActivity,makeInvisible]
02-29 10:54:23.540  2521  2607 I sysui_multi_action: [757,803,799,window_time_0,802,1]
02-29 10:54:23.541  2521  2608 I wm_set_resumed_activity: [0,com.android.launcher3/.uioverrides.QuickstepLauncher,resumeTopActivity - onActivityStateChanged]
02-29 10:54:23.541  2521  2608 I wm_resume_activity: [0,126596948,141,com.android.launcher3/.uioverrides.QuickstepLauncher]
02-29 10:54:23.543  2521  2608 I wm_set_keyguard_occluded: [0,0,0,onAnimationCancelled]
02-29 10:54:23.544  3697  3697 I wm_on_resume_called: [126596948,com.android.launcher3.uioverrides.QuickstepLauncher,RESUME_ACTIVITY]
02-29 10:54:23.555  2521  2611 I input_focus: [Requesting to set focus to null window,reason=UpdateInputWindows]
02-29 10:54:23.555  7316  7316 I wm_on_paused_called: [265544472,com.android.music.MusicBrowserActivity,performPause]
02-29 10:54:23.561  3697  3697 I wm_on_top_resumed_gained_called: [126596948,com.android.launcher3.uioverrides.QuickstepLauncher,topStateChangedWhenResumed]
02-29 10:54:23.561  2521  2912 I input_focus: [Focus leaving 2a78db7 com.android.music/com.android.music.MusicBrowserActivity (server),reason=Waiting for window because NOT_FOCUSABLE]
02-29 10:54:23.962  2521  2912 I input_interaction: Interaction with: 2f678ac com.android.launcher3/com.android.launcher3.uioverrides.QuickstepLauncher (server), fff67cf com.android.systemui.wallpapers.ImageWallpaper (server), PointerEventDispatcher0 (server), 
02-29 10:54:24.001  2521  2610 I wm_stop_activity: [0,265544472,com.android.music/.MusicBrowserActivity]
02-29 10:54:24.007  2521  2611 I input_focus: [Focus request 2f678ac com.android.launcher3/com.android.launcher3.uioverrides.QuickstepLauncher,reason=UpdateInputWindows]
02-29 10:54:24.018  7316  7316 I wm_on_stop_called: [265544472,com.android.music.MusicBrowserActivity,STOP_ACTIVITY_ITEM]
02-29 10:54:24.029  2521  2912 I input_focus: [Focus entering 2f678ac com.android.launcher3/com.android.launcher3.uioverrides.QuickstepLauncher (server),reason=setFocusedWindow]
02-29 10:54:24.778  2521  7353 I wm_task_moved: [155,1,7]
02-29 10:54:24.779  2521  7353 I wm_task_to_front: [0,155]
02-29 10:54:24.780  2521  7353 I wm_focused_root_task: [0,0,155,1,bringingFoundTaskToFront]
02-29 10:54:24.781  2521  7353 I wm_set_resumed_activity: [0,com.android.gallery3d/.app.GalleryActivity,bringingFoundTaskToFront]
02-29 10:54:24.782  2521  7353 I wm_finish_activity: [0,250570420,155,com.android.gallery3d/.app.GalleryActivity,reset-task]
02-29 10:54:24.784  2521  7353 I wm_pause_activity: [0,126596948,com.android.launcher3/.uioverrides.QuickstepLauncher,userLeaving=true,pauseBackTasks]
02-29 10:54:24.785  2521  7353 I wm_destroy_activity: [0,250570420,155,com.android.gallery3d/.app.GalleryActivity,finish-imm:finishIfPossible]
02-29 10:54:24.786  2521  7353 I wm_new_intent: [0,79459080,155,com.katim.camera2/com.android.camera.CameraLauncher,android.intent.action.MAIN,NULL,NULL,270532608]
02-29 10:54:24.790  5586  5586 I wm_on_destroy_called: [250570420,com.android.gallery3d.app.GalleryActivity,performDestroy]
02-29 10:54:24.791  2521  2611 I input_focus: [Requesting to set focus to null window,reason=UpdateInputWindows]
02-29 10:54:24.793  3697  3697 I wm_on_top_resumed_lost_called: [126596948,com.android.launcher3.uioverrides.QuickstepLauncher,topStateChangedWhenResumed]
02-29 10:54:24.799  3697  3697 I wm_on_paused_called: [126596948,com.android.launcher3.uioverrides.QuickstepLauncher,performPause]
02-29 10:54:24.804  2521  5639 I wm_set_resumed_activity: [0,com.katim.camera2/com.android.camera.CameraLauncher,resumeTopActivity - onActivityStateChanged]
02-29 10:54:24.805  2521  5639 I wm_add_to_stopping: [0,126596948,com.android.launcher3/.uioverrides.QuickstepLauncher,makeInvisible]
02-29 10:54:24.805  2521  2610 I am_uid_active: 10077
02-29 10:54:24.805  2521  5639 I wm_resume_activity: [0,79459080,155,com.katim.camera2/com.android.camera.CameraLauncher]
02-29 10:54:24.808  8696  8696 I wm_on_restart_called: [79459080,com.android.camera.CameraLauncher,performRestartActivity]
02-29 10:54:24.810  8696  8696 I wm_on_start_called: [79459080,com.android.camera.CameraLauncher,handleStartActivity]
02-29 10:54:24.813  2521  2912 I input_focus: [Focus leaving 2f678ac com.android.launcher3/com.android.launcher3.uioverrides.QuickstepLauncher (server),reason=Waiting for window because NOT_FOCUSABLE]
02-29 10:54:24.817  2521  2607 I sysui_multi_action: [757,803,799,window_time_0,802,1]
02-29 10:54:24.857  8696  8696 I wm_on_resume_called: [79459080,com.android.camera.CameraLauncher,RESUME_ACTIVITY]
02-29 10:54:24.858  8696  8696 I wm_on_top_resumed_gained_called: [79459080,com.android.camera.CameraLauncher,topWhenResuming]
02-29 10:54:24.862  2521  2611 I input_focus: [Focus request df846b2 com.katim.camera2/com.android.camera.CameraLauncher,reason=UpdateInputWindows]
02-29 10:54:24.875  2521  2607 I sysui_multi_action: [319,68,321,66,322,105,325,4806,757,761,758,9,759,1,806,com.katim.camera2,871,com.android.camera.CameraLauncher,904,com.android.launcher3,905,0,1320,4,1321,23]
02-29 10:54:24.881  2521  2912 I input_focus: [Focus entering df846b2 com.katim.camera2/com.android.camera.CameraLauncher (server),reason=Window became focusable. Previous reason: NO_WINDOW]
02-29 10:54:25.048  2521  2892 I commit_sys_config_file: [settings-2-0,3]
02-29 10:54:25.114  2521  2611 I wm_wallpaper_surface: [0,0,null]
02-29 10:54:25.164  2521  3240 I wm_stop_activity: [0,126596948,com.android.launcher3/.uioverrides.QuickstepLauncher]
02-29 10:54:25.167  3697  3697 I wm_on_stop_called: [126596948,com.android.launcher3.uioverrides.QuickstepLauncher,STOP_ACTIVITY_ITEM]
02-29 10:54:26.861  2521  2912 I input_interaction: Interaction with: df846b2 com.katim.camera2/com.android.camera.CameraLauncher (server), PointerEventDispatcher0 (server), 
02-29 10:54:27.065   750   750 I auditd  : avc:  denied  { find } for pid=1699 uid=1013 name=package_native scontext=u:r:mediaserver:s0 tcontext=u:object_r:package_native_service:s0 tclass=service_manager permissive=0
02-29 10:54:27.066   750   750 I auditd  : avc:  denied  { find } for pid=1699 uid=1013 name=package_native scontext=u:r:mediaserver:s0 tcontext=u:object_r:package_native_service:s0 tclass=service_manager permissive=0
02-29 10:54:39.195  1352 25224 I liblog  : 42
02-29 10:54:39.195  1352 25222 I liblog  : 1
02-29 10:54:39.199  1352  1462 I liblog  : 1
02-29 10:54:39.201  1352  1462 I liblog  : 19
02-29 10:54:40.627  1352  1462 I liblog  : 70
02-29 10:54:40.627  1352  1462 I liblog  : 3
02-29 10:54:40.627  1352  1462 I liblog  : 2
02-29 10:54:40.760  2521  2892 I commit_sys_config_file: [settings-2-0,4]
02-29 10:54:44.803  2521  2547 I force_gc: Binder
02-29 10:54:45.953  2521  2546 I wm_task_moved: [155,1,7]
02-29 10:54:45.954  2521  2546 I wm_create_activity: [0,127381894,155,com.android.gallery3d/.app.GalleryActivity,com.android.camera.action.REVIEW,NULL,content://media/...,65536]
02-29 10:54:45.954  2521  2546 I wm_pause_activity: [0,79459080,com.katim.camera2/com.android.camera.CameraLauncher,userLeaving=true,resumeTopActivity]
02-29 10:54:45.956  8696  8696 I wm_on_top_resumed_lost_called: [79459080,com.android.camera.CameraLauncher,topStateChangedWhenResumed]
02-29 10:54:45.970  8696  8696 I wm_on_paused_called: [79459080,com.android.camera.CameraLauncher,performPause]
02-29 10:54:45.971  2521  3219 I wm_add_to_stopping: [0,79459080,com.katim.camera2/com.android.camera.CameraLauncher,makeInvisible]
02-29 10:54:45.971  2521  3219 I wm_restart_activity: [0,127381894,155,com.android.gallery3d/.app.GalleryActivity]
02-29 10:54:45.972  2521  3219 I wm_set_resumed_activity: [0,com.android.gallery3d/.app.GalleryActivity,minimalResumeActivityLocked - onActivityStateChanged]
02-29 10:54:45.972  2521  2607 I sysui_multi_action: [757,803,799,window_time_0,802,21]
02-29 10:54:45.973  2521  2611 I input_focus: [Requesting to set focus to null window,reason=UpdateInputWindows]
02-29 10:54:45.980  2521  2912 I input_focus: [Focus leaving df846b2 com.katim.camera2/com.android.camera.CameraLauncher (server),reason=NO_WINDOW]
02-29 10:54:45.982  2521  2617 I am_pss  : [3697,10110,com.android.launcher3,77203456,60116992,9801728,200572928,0,5,7]
02-29 10:54:45.987  5586  5586 I wm_on_create_called: [127381894,com.android.gallery3d.app.GalleryActivity,performCreate]
02-29 10:54:45.988  5586  5586 I wm_on_start_called: [127381894,com.android.gallery3d.app.GalleryActivity,handleStartActivity]
02-29 10:54:45.991  5586  5586 I wm_on_resume_called: [127381894,com.android.gallery3d.app.GalleryActivity,RESUME_ACTIVITY]
02-29 10:54:45.994  5586  5586 I wm_on_top_resumed_gained_called: [127381894,com.android.gallery3d.app.GalleryActivity,topStateChangedWhenResumed]
02-29 10:54:45.998  2521  2611 I input_focus: [Focus request 15d9c5b com.android.gallery3d/com.android.gallery3d.app.GalleryActivity,reason=UpdateInputWindows]
02-29 10:54:46.037  2521  2610 I wm_stop_activity: [0,79459080,com.katim.camera2/com.android.camera.CameraLauncher]
02-29 10:54:46.039  2521  2607 I sysui_multi_action: [319,103,322,103,325,4828,757,761,758,8,759,2,806,com.android.gallery3d,871,com.android.gallery3d.app.GalleryActivity,904,com.katim.camera2,905,0,1320,4,1321,23]
02-29 10:54:46.039  2521  2607 I wm_activity_launch_time: [0,127381894,com.android.gallery3d/.app.GalleryActivity,103]
02-29 10:54:46.048  2521  2912 I input_focus: [Focus entering 15d9c5b com.android.gallery3d/com.android.gallery3d.app.GalleryActivity (server),reason=Window became focusable. Previous reason: NOT_VISIBLE]
02-29 10:54:46.075  8696  8696 I wm_on_stop_called: [79459080,com.android.camera.CameraLauncher,STOP_ACTIVITY_ITEM]
02-29 10:54:46.270  2521  2892 I commit_sys_config_file: [settings-2-0,6]
02-29 10:54:48.073  2521  2912 I input_interaction: Interaction with: 15d9c5b com.android.gallery3d/com.android.gallery3d.app.GalleryActivity (server), PointerEventDispatcher0 (server), 
02-29 10:54:50.587  2521  2912 I input_interaction: Interaction with: 34818e7 NavigationBar0 (server), PointerEventDispatcher0 (server), 
02-29 10:54:50.592  3137  3137 I sysui_multi_action: [757,931,758,4,759,3,932,0,933,0]
02-29 10:54:50.693  3137  3137 I sysui_multi_action: [757,931,758,4,759,3,932,0,933,1]
02-29 10:54:50.700  2521  2608 I wm_task_moved: [1,1,7]
