02-29 13:57:50.007  3697  3697 I wm_on_paused_called: [126596948,com.android.launcher3.uioverrides.QuickstepLauncher,performPause]
02-29 13:57:50.009  2521  7538 I wm_restart_activity: [0,59479447,252,com.android.nfc/.NfcRootActivity]
02-29 13:57:50.009  2521  7538 I wm_set_resumed_activity: [0,com.android.nfc/.NfcRootActivity,minimalResumeActivityLocked - onActivityStateChanged]
02-29 13:57:50.010  2521  2607 I sysui_multi_action: [757,803,799,window_time_0,802,1]
02-29 13:57:50.013  2521  3202 I wm_task_moved: [252,1,7]
02-29 13:57:50.013  2521  3202 I wm_create_activity: [0,120210414,252,com.android.apps.tag/.TagViewer,android.nfc.action.TECH_DISCOVERED,NULL,NULL,0]
02-29 13:57:50.014  2521  3202 I wm_pause_activity: [0,59479447,com.android.nfc/.NfcRootActivity,userLeaving=true,resumeTopActivity]
02-29 13:57:50.014  2521  2547 I wm_finish_activity: [0,59479447,252,com.android.nfc/.NfcRootActivity,app-request]
02-29 13:57:50.014  4957  4957 I wm_on_create_called: [59479447,com.android.nfc.NfcRootActivity,performCreate]
02-29 13:57:50.015  2521  7538 I wm_add_to_stopping: [0,59479447,com.android.nfc/.NfcRootActivity,completeFinishing]
02-29 13:57:50.016  2521  7538 I wm_add_to_stopping: [0,126596948,com.android.launcher3/.uioverrides.QuickstepLauncher,makeInvisible]
02-29 13:57:50.017  2521  7538 I wm_restart_activity: [0,120210414,252,com.android.apps.tag/.TagViewer]
02-29 13:57:50.017  2521  7538 I wm_set_resumed_activity: [0,com.android.apps.tag/.TagViewer,minimalResumeActivityLocked - onActivityStateChanged]
02-29 13:57:50.017  2521  2607 I sysui_multi_action: [757,803,799,window_time_0,802,0]
02-29 13:57:50.018  2521  2610 I wm_destroy_activity: [0,59479447,252,com.android.nfc/.NfcRootActivity,finish-imm:idle]
02-29 13:57:50.018  4957  4957 I wm_on_destroy_called: [59479447,com.android.nfc.NfcRootActivity,performDestroy]
02-29 13:57:50.021 16303 16303 I wm_on_create_called: [120210414,com.android.apps.tag.TagViewer,performCreate]
02-29 13:57:50.021 16303 16303 I wm_on_start_called: [120210414,com.android.apps.tag.TagViewer,handleStartActivity]
02-29 13:57:50.022 16303 16303 I wm_on_resume_called: [120210414,com.android.apps.tag.TagViewer,RESUME_ACTIVITY]
02-29 13:57:50.023  2521  2912 I input_focus: [Focus leaving 2f678ac com.android.launcher3/com.android.launcher3.uioverrides.QuickstepLauncher (server),reason=NO_WINDOW]
02-29 13:57:50.024 16303 16303 I wm_on_top_resumed_gained_called: [120210414,com.android.apps.tag.TagViewer,topStateChangedWhenResumed]
02-29 13:57:50.042  2521  2611 I input_focus: [Focus request 885b6ab com.android.apps.tag/com.android.apps.tag.TagViewer,reason=UpdateInputWindows]
02-29 13:57:50.047  2521  2607 I sysui_multi_action: [319,61,322,61,325,11753,757,761,758,8,759,2,806,com.android.apps.tag,871,com.android.apps.tag.TagViewer,904,com.android.nfc,905,0,1320,4,1321,23]
02-29 13:57:50.048  2521  2607 I wm_activity_launch_time: [0,120210414,com.android.apps.tag/.TagViewer,61]
02-29 13:57:50.074  2521  2912 I input_focus: [Focus entering 885b6ab com.android.apps.tag/com.android.apps.tag.TagViewer (server),reason=Window became focusable. Previous reason: NOT_VISIBLE]
02-29 13:57:50.326  2521  2610 I wm_stop_activity: [0,126596948,com.android.launcher3/.uioverrides.QuickstepLauncher]
02-29 13:57:50.327  2521  2611 I wm_wallpaper_surface: [0,0,null]
02-29 13:57:50.349  3697  3697 I wm_on_stop_called: [126596948,com.android.launcher3.uioverrides.QuickstepLauncher,STOP_ACTIVITY_ITEM]
02-29 13:57:55.227  3137  3137 I sysui_multi_action: [757,931,758,4,759,3,932,0,933,0]
02-29 13:57:55.259  3137  3137 I sysui_multi_action: [757,931,758,4,759,3,932,32,933,1]
02-29 13:57:56.394  3137  3137 I sysui_multi_action: [757,931,758,4,759,4,932,0,933,0]
02-29 13:57:56.403  2521  2912 I input_interaction: Interaction with: 885b6ab com.android.apps.tag/com.android.apps.tag.TagViewer (server), PointerEventDispatcher0 (server), 
02-29 13:57:56.406  2521  2912 I input_interaction: Interaction with: 34818e7 NavigationBar0 (server), PointerEventDispatcher0 (server), 
02-29 13:57:56.557  3137  3137 I sysui_multi_action: [757,931,758,4,759,4,932,0,933,1]
02-29 13:57:56.559  2521  3202 I sysui_multi_action: [757,803,799,key_back_press,802,1]
02-29 13:57:56.566  2521  3246 I wm_finish_activity: [0,120210414,252,com.android.apps.tag/.TagViewer,app-request]
02-29 13:57:56.567  2521  3246 I wm_task_moved: [1,1,7]
02-29 13:57:56.568  2521  3246 I wm_task_moved: [141,1,2147483647]
02-29 13:57:56.568  2521  3246 I wm_task_to_front: [0,141]
02-29 13:57:56.568  2521  3246 I wm_focused_root_task: [0,0,1,252,finish-top adjustFocusToNextFocusableTask]
02-29 13:57:56.570  2521  3246 I wm_set_resumed_activity: [0,com.android.launcher3/.uioverrides.QuickstepLauncher,finish-top adjustFocusToNextFocusableTask]
02-29 13:57:56.578  2521  3246 I wm_pause_activity: [0,120210414,com.android.apps.tag/.TagViewer,userLeaving=false,finish]
02-29 13:57:56.583  2521  2611 I input_focus: [Requesting to set focus to null window,reason=UpdateInputWindows]
02-29 13:57:56.583 16303 16303 I wm_on_top_resumed_lost_called: [120210414,com.android.apps.tag.TagViewer,topStateChangedWhenResumed]
02-29 13:57:56.584 16303 16303 I wm_on_paused_called: [120210414,com.android.apps.tag.TagViewer,performPause]
02-29 13:57:56.584  2521  2547 I wm_add_to_stopping: [0,120210414,com.android.apps.tag/.TagViewer,completeFinishing]
02-29 13:57:56.593  2521  2547 I wm_set_resumed_activity: [0,com.android.launcher3/.uioverrides.QuickstepLauncher,resumeTopActivity - onActivityStateChanged]
02-29 13:57:56.596  2521  2547 I wm_resume_activity: [0,126596948,141,com.android.launcher3/.uioverrides.QuickstepLauncher]
02-29 13:57:56.597  2521  2607 I sysui_multi_action: [757,803,799,window_time_0,802,7]
02-29 13:57:56.598  3697  3697 I wm_on_restart_called: [126596948,com.android.launcher3.uioverrides.QuickstepLauncher,performRestartActivity]
02-29 13:57:56.601  3697  3697 I wm_on_start_called: [126596948,com.android.launcher3.uioverrides.QuickstepLauncher,handleStartActivity]
02-29 13:57:56.602  3697  3697 I wm_on_resume_called: [126596948,com.android.launcher3.uioverrides.QuickstepLauncher,RESUME_ACTIVITY]
02-29 13:57:56.602  3697  3697 I wm_on_top_resumed_gained_called: [126596948,com.android.launcher3.uioverrides.QuickstepLauncher,topWhenResuming]
02-29 13:57:56.606  2521  2912 I input_focus: [Focus leaving 885b6ab com.android.apps.tag/com.android.apps.tag.TagViewer (server),reason=NO_WINDOW]
02-29 13:57:56.613  2521  2611 I input_focus: [Focus request 2f678ac com.android.launcher3/com.android.launcher3.uioverrides.QuickstepLauncher,reason=UpdateInputWindows]
02-29 13:57:56.620  2521  2611 I wm_wallpaper_surface: [0,1,Window{2f678ac u0 com.android.launcher3/com.android.launcher3.uioverrides.QuickstepLauncher}]
02-29 13:57:56.656  2521  2912 I input_focus: [Focus entering 2f678ac com.android.launcher3/com.android.launcher3.uioverrides.QuickstepLauncher (server),reason=Window became focusable. Previous reason: NOT_VISIBLE]
02-29 13:57:56.977  2521  2610 I wm_destroy_activity: [0,120210414,252,com.android.apps.tag/.TagViewer,finish-imm:idle]
02-29 13:57:56.998 16303 16303 I wm_on_stop_called: [120210414,com.android.apps.tag.TagViewer,LIFECYCLER_STOP_ACTIVITY]
02-29 13:57:56.998 16303 16303 I wm_on_destroy_called: [120210414,com.android.apps.tag.TagViewer,performDestroy]
02-29 13:57:57.004  2521  7538 I wm_task_removed: [252,removeChild:removeChild last r=ActivityRecord{72a43ee u0 com.android.apps.tag/.TagViewer} t-1 f}} in t=Task{91cf915 #252 type=standard A=1027:com.android.nfc}]
02-29 13:57:57.004  2521  7538 I wm_task_removed: [252,removeChild]
02-29 13:57:59.317  2521  3246 I wm_task_created: [253,-1]
02-29 13:57:59.324  2521  3246 I wm_task_moved: [253,1,7]
02-29 13:57:59.324  2521  3246 I wm_task_to_front: [0,253]
02-29 13:57:59.324  3697  3697 I wm_on_top_resumed_lost_called: [126596948,com.android.launcher3.uioverrides.QuickstepLauncher,topStateChangedWhenResumed]
02-29 13:57:59.325  2521  3246 I wm_create_task: [0,253]
02-29 13:57:59.325  2521  3246 I wm_create_activity: [0,264005642,253,com.android.nfc/.NfcRootActivity,NULL,NULL,NULL,276856832]
02-29 13:57:59.325  2521  3246 I wm_task_moved: [253,1,7]
02-29 13:57:59.327  2521  3246 I wm_pause_activity: [0,126596948,com.android.launcher3/.uioverrides.QuickstepLauncher,userLeaving=true,pauseBackTasks]
02-29 13:57:59.332  3697  3697 I wm_on_paused_called: [126596948,com.android.launcher3.uioverrides.QuickstepLauncher,performPause]
02-29 13:57:59.335  2521  3246 I wm_restart_activity: [0,264005642,253,com.android.nfc/.NfcRootActivity]
02-29 13:57:59.335  2521  3246 I wm_set_resumed_activity: [0,com.android.nfc/.NfcRootActivity,minimalResumeActivityLocked - onActivityStateChanged]
02-29 13:57:59.336  2521  2607 I sysui_multi_action: [757,803,799,window_time_0,802,2]
02-29 13:57:59.336  2521  2611 I input_focus: [Requesting to set focus to null window,reason=UpdateInputWindows]
02-29 13:57:59.339  2521  3202 I wm_task_moved: [253,1,7]
02-29 13:57:59.339  2521  3202 I wm_create_activity: [0,96533206,253,com.android.apps.tag/.TagViewer,android.nfc.action.TECH_DISCOVERED,NULL,NULL,0]
02-29 13:57:59.340  2521  3202 I wm_pause_activity: [0,264005642,com.android.nfc/.NfcRootActivity,userLeaving=true,resumeTopActivity]
02-29 13:57:59.341  2521  3246 I wm_finish_activity: [0,264005642,253,com.android.nfc/.NfcRootActivity,app-request]
02-29 13:57:59.341  4957  4957 I wm_on_create_called: [264005642,com.android.nfc.NfcRootActivity,performCreate]
02-29 13:57:59.342  2521  2547 I wm_add_to_stopping: [0,264005642,com.android.nfc/.NfcRootActivity,completeFinishing]
02-29 13:57:59.343  2521  2547 I wm_add_to_stopping: [0,126596948,com.android.launcher3/.uioverrides.QuickstepLauncher,makeInvisible]
02-29 13:57:59.343  2521  2547 I wm_restart_activity: [0,96533206,253,com.android.apps.tag/.TagViewer]
02-29 13:57:59.343  2521  2547 I wm_set_resumed_activity: [0,com.android.apps.tag/.TagViewer,minimalResumeActivityLocked - onActivityStateChanged]
02-29 13:57:59.344  2521  2607 I sysui_multi_action: [757,803,799,window_time_0,802,0]
02-29 13:57:59.344  2521  2610 I wm_destroy_activity: [0,264005642,253,com.android.nfc/.NfcRootActivity,finish-imm:idle]
02-29 13:57:59.344  4957  4957 I wm_on_destroy_called: [264005642,com.android.nfc.NfcRootActivity,performDestroy]
02-29 13:57:59.346  2521  2912 I input_focus: [Focus leaving 2f678ac com.android.launcher3/com.android.launcher3.uioverrides.QuickstepLauncher (server),reason=Waiting for window because NOT_FOCUSABLE]
02-29 13:57:59.349 16303 16303 I wm_on_create_called: [96533206,com.android.apps.tag.TagViewer,performCreate]
02-29 13:57:59.349 16303 16303 I wm_on_start_called: [96533206,com.android.apps.tag.TagViewer,handleStartActivity]
02-29 13:57:59.349 16303 16303 I wm_on_resume_called: [96533206,com.android.apps.tag.TagViewer,RESUME_ACTIVITY]
02-29 13:57:59.351 16303 16303 I wm_on_top_resumed_gained_called: [96533206,com.android.apps.tag.TagViewer,topStateChangedWhenResumed]
02-29 13:57:59.363  2521  2611 I input_focus: [Focus request 1f9d0b0 com.android.apps.tag/com.android.apps.tag.TagViewer,reason=UpdateInputWindows]
02-29 13:57:59.369  2521  2607 I sysui_multi_action: [319,58,322,58,325,11763,757,761,758,8,759,2,806,com.android.apps.tag,871,com.android.apps.tag.TagViewer,904,com.android.nfc,905,0,1320,4,1321,23]
02-29 13:57:59.369  2521  2607 I wm_activity_launch_time: [0,96533206,com.android.apps.tag/.TagViewer,58]
02-29 13:57:59.396  2521  2912 I input_focus: [Focus entering 1f9d0b0 com.android.apps.tag/com.android.apps.tag.TagViewer (server),reason=Window became focusable. Previous reason: NOT_VISIBLE]
02-29 13:57:59.648  2521  2611 I wm_wallpaper_surface: [0,0,null]
02-29 13:57:59.650  2521  2610 I wm_stop_activity: [0,126596948,com.android.launcher3/.uioverrides.QuickstepLauncher]
02-29 13:57:59.671  3697  3697 I wm_on_stop_called: [126596948,com.android.launcher3.uioverrides.QuickstepLauncher,STOP_ACTIVITY_ITEM]
02-29 13:58:02.228  3137  3137 I sysui_multi_action: [757,931,758,4,759,3,932,0,933,0]
02-29 13:58:02.375  3137  3137 I sysui_multi_action: [757,931,758,4,759,3,932,0,933,1]
02-29 13:58:02.396  2521  2608 I wm_task_moved: [1,1,7]
02-29 13:58:02.397  2521  2608 I wm_task_moved: [141,1,2147483647]
02-29 13:58:02.397  2521  2608 I wm_task_to_front: [0,141]
02-29 13:58:02.397 16303 16303 I wm_on_top_resumed_lost_called: [96533206,com.android.apps.tag.TagViewer,topStateChangedWhenResumed]
02-29 13:58:02.398  2521  2608 I wm_focused_root_task: [0,0,1,253,bringingFoundTaskToFront]
02-29 13:58:02.399  2521  2608 I wm_set_resumed_activity: [0,com.android.launcher3/.uioverrides.QuickstepLauncher,bringingFoundTaskToFront]
02-29 13:58:02.399  2521  2608 I wm_new_intent: [0,126596948,141,com.android.launcher3/.uioverrides.QuickstepLauncher,android.intent.action.MAIN,NULL,NULL,268435712]
02-29 13:58:02.401  2521  2608 I wm_pause_activity: [0,96533206,com.android.apps.tag/.TagViewer,userLeaving=true,pauseBackTasks]
02-29 13:58:02.403  2521  2608 I wm_add_to_stopping: [0,96533206,com.android.apps.tag/.TagViewer,makeInvisible]
02-29 13:58:02.404  2521  2607 I sysui_multi_action: [757,803,799,window_time_0,802,3]
02-29 13:58:02.405  2521  2608 I wm_set_resumed_activity: [0,com.android.launcher3/.uioverrides.QuickstepLauncher,resumeTopActivity - onActivityStateChanged]
02-29 13:58:02.405  2521  2608 I wm_resume_activity: [0,126596948,141,com.android.launcher3/.uioverrides.QuickstepLauncher]
02-29 13:58:02.406  3697  3697 I wm_on_restart_called: [126596948,com.android.launcher3.uioverrides.QuickstepLauncher,performRestartActivity]
02-29 13:58:02.407  3697  3697 I wm_on_start_called: [126596948,com.android.launcher3.uioverrides.QuickstepLauncher,handleStartActivity]
02-29 13:58:02.408  2521  2611 I input_focus: [Requesting to set focus to null window,reason=UpdateInputWindows]
02-29 13:58:02.409  3697  3697 I wm_on_resume_called: [126596948,com.android.launcher3.uioverrides.QuickstepLauncher,RESUME_ACTIVITY]
02-29 13:58:02.410 16303 16303 I wm_on_paused_called: [96533206,com.android.apps.tag.TagViewer,performPause]
02-29 13:58:02.423  2521  2912 I input_focus: [Focus leaving 1f9d0b0 com.android.apps.tag/com.android.apps.tag.TagViewer (server),reason=Waiting for window because NOT_FOCUSABLE]
02-29 13:58:02.429  2521  2611 I input_focus: [Focus request 2f678ac com.android.launcher3/com.android.launcher3.uioverrides.QuickstepLauncher,reason=UpdateInputWindows]
02-29 13:58:02.437  3697  3697 I wm_on_top_resumed_gained_called: [126596948,com.android.launcher3.uioverrides.QuickstepLauncher,topStateChangedWhenResumed]
02-29 13:58:02.440  2521  2611 I wm_wallpaper_surface: [0,1,Window{2f678ac u0 com.android.launcher3/com.android.launcher3.uioverrides.QuickstepLauncher}]
02-29 13:58:02.451  2521  2607 I sysui_multi_action: [319,56,322,51,325,11766,757,761,758,9,759,2,806,com.android.launcher3,871,com.android.launcher3.uioverrides.QuickstepLauncher,905,0,1320,4,1321,23]
02-29 13:58:02.471  2521  2912 I input_focus: [Focus entering 2f678ac com.android.launcher3/com.android.launcher3.uioverrides.QuickstepLauncher (server),reason=Window became focusable. Previous reason: NOT_VISIBLE]
02-29 13:58:02.793  2521  2610 I wm_stop_activity: [0,96533206,com.android.apps.tag/.TagViewer]
02-29 13:58:02.815 16303 16303 I wm_on_stop_called: [96533206,com.android.apps.tag.TagViewer,STOP_ACTIVITY_ITEM]
02-29 13:58:05.052  2521  3246 I wm_task_moved: [253,1,7]
02-29 13:58:05.052  2521  3246 I wm_task_to_front: [0,253]
02-29 13:58:05.054  2521  3246 I wm_focused_root_task: [0,0,253,1,bringingFoundTaskToFront]
02-29 13:58:05.054  3697  3697 I wm_on_top_resumed_lost_called: [126596948,com.android.launcher3.uioverrides.QuickstepLauncher,topStateChangedWhenResumed]
02-29 13:58:05.055  2521  3246 I wm_set_resumed_activity: [0,com.android.apps.tag/.TagViewer,bringingFoundTaskToFront]
02-29 13:58:05.057  2521  3246 I wm_destroy_activity: [0,96533206,253,com.android.apps.tag/.TagViewer,finish-imm:clear-task-all]
02-29 13:58:05.059 16303 16303 I wm_on_destroy_called: [96533206,com.android.apps.tag.TagViewer,performDestroy]
02-29 13:58:05.062  2521  3246 I wm_task_moved: [253,1,7]
02-29 13:58:05.062  2521  3246 I wm_create_activity: [0,159490930,253,com.android.nfc/.NfcRootActivity,NULL,NULL,NULL,281051136]
02-29 13:58:05.062  2521  3246 I wm_pause_activity: [0,126596948,com.android.launcher3/.uioverrides.QuickstepLauncher,userLeaving=true,pauseBackTasks]
02-29 13:58:05.064  2521  2611 I input_focus: [Requesting to set focus to null window,reason=UpdateInputWindows]
02-29 13:58:05.066  3697  3697 I wm_on_paused_called: [126596948,com.android.launcher3.uioverrides.QuickstepLauncher,performPause]
02-29 13:58:05.069  2521  3246 I wm_restart_activity: [0,159490930,253,com.android.nfc/.NfcRootActivity]
02-29 13:58:05.069  2521  3246 I wm_set_resumed_activity: [0,com.android.nfc/.NfcRootActivity,minimalResumeActivityLocked - onActivityStateChanged]
02-29 13:58:05.070  2521  2607 I sysui_multi_action: [757,803,799,window_time_0,802,3]
02-29 13:58:05.075  2521  3202 I wm_task_moved: [253,1,7]
02-29 13:58:05.075  2521  3202 I wm_create_activity: [0,194916042,253,com.android.apps.tag/.TagViewer,android.nfc.action.TECH_DISCOVERED,NULL,NULL,0]
02-29 13:58:05.075  2521  3202 I wm_pause_activity: [0,159490930,com.android.nfc/.NfcRootActivity,userLeaving=true,resumeTopActivity]
02-29 13:58:05.076  2521  7538 I wm_finish_activity: [0,159490930,253,com.android.nfc/.NfcRootActivity,app-request]
02-29 13:58:05.076  4957  4957 I wm_on_create_called: [159490930,com.android.nfc.NfcRootActivity,performCreate]
02-29 13:58:05.076  2521  2912 I input_focus: [Focus leaving 2f678ac com.android.launcher3/com.android.launcher3.uioverrides.QuickstepLauncher (server),reason=Waiting for window because NOT_FOCUSABLE]
02-29 13:58:05.077  2521  7538 I wm_add_to_stopping: [0,159490930,com.android.nfc/.NfcRootActivity,completeFinishing]
02-29 13:58:05.077  2521  7538 I wm_add_to_stopping: [0,126596948,com.android.launcher3/.uioverrides.QuickstepLauncher,makeInvisible]
02-29 13:58:05.078  2521  7538 I wm_restart_activity: [0,194916042,253,com.android.apps.tag/.TagViewer]
02-29 13:58:05.078  2521  7538 I wm_set_resumed_activity: [0,com.android.apps.tag/.TagViewer,minimalResumeActivityLocked - onActivityStateChanged]
02-29 13:58:05.078  2521  2607 I sysui_multi_action: [757,803,799,window_time_0,802,0]
02-29 13:58:05.078  2521  2610 I wm_destroy_activity: [0,159490930,253,com.android.nfc/.NfcRootActivity,finish-imm:idle]
02-29 13:58:05.079  4957  4957 I wm_on_destroy_called: [159490930,com.android.nfc.NfcRootActivity,performDestroy]
02-29 13:58:05.082 16303 16303 I wm_on_create_called: [194916042,com.android.apps.tag.TagViewer,performCreate]
02-29 13:58:05.082 16303 16303 I wm_on_start_called: [194916042,com.android.apps.tag.TagViewer,handleStartActivity]
02-29 13:58:05.083 16303 16303 I wm_on_resume_called: [194916042,com.android.apps.tag.TagViewer,RESUME_ACTIVITY]
02-29 13:58:05.085 16303 16303 I wm_on_top_resumed_gained_called: [194916042,com.android.apps.tag.TagViewer,topStateChangedWhenResumed]
02-29 13:58:05.093  2521  2611 I input_focus: [Focus request 4794504 com.android.apps.tag/com.android.apps.tag.TagViewer,reason=UpdateInputWindows]
02-29 13:58:05.098  2521  2607 I sysui_multi_action: [319,51,322,50,325,11768,757,761,758,8,759,2,806,com.android.apps.tag,871,com.android.apps.tag.TagViewer,904,com.android.nfc,905,0,1320,4,1321,23]
02-29 13:58:05.098  2521  2607 I wm_activity_launch_time: [0,194916042,com.android.apps.tag/.TagViewer,50]
02-29 13:58:05.126  2521  2912 I input_focus: [Focus entering 4794504 com.android.apps.tag/com.android.apps.tag.TagViewer (server),reason=Window became focusable. Previous reason: NOT_VISIBLE]
02-29 13:58:05.379  2521  2611 I wm_wallpaper_surface: [0,0,null]
02-29 13:58:05.384  2521  2610 I wm_stop_activity: [0,126596948,com.android.launcher3/.uioverrides.QuickstepLauncher]
02-29 13:58:05.401  3697  3697 I wm_on_stop_called: [126596948,com.android.launcher3.uioverrides.QuickstepLauncher,STOP_ACTIVITY_ITEM]
02-29 13:58:07.510  3137  3137 I sysui_multi_action: [757,931,758,4,759,3,932,0,933,0]
02-29 13:58:07.653  3137  3137 I sysui_multi_action: [757,931,758,4,759,3,932,0,933,1]
02-29 13:58:07.673  2521  2608 I wm_task_moved: [1,1,7]
02-29 13:58:07.674  2521  2608 I wm_task_moved: [141,1,2147483647]
02-29 13:58:07.674  2521  2608 I wm_task_to_front: [0,141]
02-29 13:58:07.674  2521  2608 I wm_focused_root_task: [0,0,1,253,bringingFoundTaskToFront]
02-29 13:58:07.674 16303 16303 I wm_on_top_resumed_lost_called: [194916042,com.android.apps.tag.TagViewer,topStateChangedWhenResumed]
02-29 13:58:07.675  2521  2608 I wm_set_resumed_activity: [0,com.android.launcher3/.uioverrides.QuickstepLauncher,bringingFoundTaskToFront]
02-29 13:58:07.675  2521  2608 I wm_new_intent: [0,126596948,141,com.android.launcher3/.uioverrides.QuickstepLauncher,android.intent.action.MAIN,NULL,NULL,268435712]
02-29 13:58:07.678  2521  2608 I wm_pause_activity: [0,194916042,com.android.apps.tag/.TagViewer,userLeaving=true,pauseBackTasks]
02-29 13:58:07.681  2521  2608 I wm_add_to_stopping: [0,194916042,com.android.apps.tag/.TagViewer,makeInvisible]
02-29 13:58:07.682  2521  2607 I sysui_multi_action: [757,803,799,window_time_0,802,3]
02-29 13:58:07.683  2521  2608 I wm_set_resumed_activity: [0,com.android.launcher3/.uioverrides.QuickstepLauncher,resumeTopActivity - onActivityStateChanged]
02-29 13:58:07.683  2521  2608 I wm_resume_activity: [0,126596948,141,com.android.launcher3/.uioverrides.QuickstepLauncher]
02-29 13:58:07.685  3697  3697 I wm_on_restart_called: [126596948,com.android.launcher3.uioverrides.QuickstepLauncher,performRestartActivity]
02-29 13:58:07.686  3697  3697 I wm_on_start_called: [126596948,com.android.launcher3.uioverrides.QuickstepLauncher,handleStartActivity]
02-29 13:58:07.687  2521  2611 I input_focus: [Requesting to set focus to null window,reason=UpdateInputWindows]
02-29 13:58:07.690  3697  3697 I wm_on_resume_called: [126596948,com.android.launcher3.uioverrides.QuickstepLauncher,RESUME_ACTIVITY]
02-29 13:58:07.696 16303 16303 I wm_on_paused_called: [194916042,com.android.apps.tag.TagViewer,performPause]
02-29 13:58:07.700  2521  2912 I input_focus: [Focus leaving 4794504 com.android.apps.tag/com.android.apps.tag.TagViewer (server),reason=Waiting for window because NOT_FOCUSABLE]
02-29 13:58:07.704  2521  2611 I input_focus: [Focus request 2f678ac com.android.launcher3/com.android.launcher3.uioverrides.QuickstepLauncher,reason=UpdateInputWindows]
02-29 13:58:07.711  3697  3697 I wm_on_top_resumed_gained_called: [126596948,com.android.launcher3.uioverrides.QuickstepLauncher,topStateChangedWhenResumed]
02-29 13:58:07.712  2521  2611 I wm_wallpaper_surface: [0,1,Window{2f678ac u0 com.android.launcher3/com.android.launcher3.uioverrides.QuickstepLauncher}]
02-29 13:58:07.732  2521  2607 I sysui_multi_action: [319,58,322,49,325,11771,757,761,758,9,759,2,806,com.android.launcher3,871,com.android.launcher3.uioverrides.QuickstepLauncher,905,0,1320,4,1321,23]
02-29 13:58:07.752  2521  2912 I input_focus: [Focus entering 2f678ac com.android.launcher3/com.android.launcher3.uioverrides.QuickstepLauncher (server),reason=Window became focusable. Previous reason: NOT_VISIBLE]
02-29 13:58:08.072  2521  2610 I wm_stop_activity: [0,194916042,com.android.apps.tag/.TagViewer]
02-29 13:58:08.093 16303 16303 I wm_on_stop_called: [194916042,com.android.apps.tag.TagViewer,STOP_ACTIVITY_ITEM]
02-29 13:58:09.415  2521  7538 I wm_task_moved: [253,1,7]
02-29 13:58:09.415  2521  7538 I wm_task_to_front: [0,253]
02-29 13:58:09.416  2521  7538 I wm_focused_root_task: [0,0,253,1,bringingFoundTaskToFront]
02-29 13:58:09.417  3697  3697 I wm_on_top_resumed_lost_called: [126596948,com.android.launcher3.uioverrides.QuickstepLauncher,topStateChangedWhenResumed]
02-29 13:58:09.417  2521  7538 I wm_set_resumed_activity: [0,com.android.apps.tag/.TagViewer,bringingFoundTaskToFront]
02-29 13:58:09.419  2521  7538 I wm_destroy_activity: [0,194916042,253,com.android.apps.tag/.TagViewer,finish-imm:clear-task-all]
02-29 13:58:09.420 16303 16303 I wm_on_destroy_called: [194916042,com.android.apps.tag.TagViewer,performDestroy]
02-29 13:58:09.424  2521  7538 I wm_task_moved: [253,1,7]
02-29 13:58:09.424  2521  7538 I wm_create_activity: [0,186265345,253,com.android.nfc/.NfcRootActivity,NULL,NULL,NULL,281051136]
02-29 13:58:09.425  2521  7538 I wm_pause_activity: [0,126596948,com.android.launcher3/.uioverrides.QuickstepLauncher,userLeaving=true,pauseBackTasks]
02-29 13:58:09.428  2521  2611 I input_focus: [Requesting to set focus to null window,reason=UpdateInputWindows]
02-29 13:58:09.430  2521  2611 I input_focus: [Focus request 2f678ac com.android.launcher3/com.android.launcher3.uioverrides.QuickstepLauncher,reason=UpdateInputWindows]
02-29 13:58:09.431  3697  3697 I wm_on_paused_called: [126596948,com.android.launcher3.uioverrides.QuickstepLauncher,performPause]
02-29 13:58:09.432  2521  3246 I wm_restart_activity: [0,186265345,253,com.android.nfc/.NfcRootActivity]
02-29 13:58:09.433  2521  3246 I wm_set_resumed_activity: [0,com.android.nfc/.NfcRootActivity,minimalResumeActivityLocked - onActivityStateChanged]
02-29 13:58:09.433  2521  2607 I sysui_multi_action: [757,803,799,window_time_0,802,1]
02-29 13:58:09.434  2521  2611 I input_focus: [Requesting to set focus to null window,reason=UpdateInputWindows]
02-29 13:58:09.437  2521  3202 I wm_task_moved: [253,1,7]
02-29 13:58:09.437  2521  2912 I input_focus: [Focus leaving 2f678ac com.android.launcher3/com.android.launcher3.uioverrides.QuickstepLauncher (server),reason=Waiting for window because NOT_FOCUSABLE]
02-29 13:58:09.437  2521  3202 I wm_create_activity: [0,161652992,253,com.android.apps.tag/.TagViewer,android.nfc.action.TECH_DISCOVERED,NULL,NULL,0]
02-29 13:58:09.437  2521  2912 I input_focus: [Focus entering 2f678ac com.android.launcher3/com.android.launcher3.uioverrides.QuickstepLauncher (server),reason=setFocusedWindow]
02-29 13:58:09.437  2521  3202 I wm_pause_activity: [0,186265345,com.android.nfc/.NfcRootActivity,userLeaving=true,resumeTopActivity]
02-29 13:58:09.438  2521  2547 I wm_finish_activity: [0,186265345,253,com.android.nfc/.NfcRootActivity,app-request]
02-29 13:58:09.438  4957  4957 I wm_on_create_called: [186265345,com.android.nfc.NfcRootActivity,performCreate]
02-29 13:58:09.440  2521  3246 I wm_add_to_stopping: [0,186265345,com.android.nfc/.NfcRootActivity,completeFinishing]
02-29 13:58:09.441  2521  3246 I wm_add_to_stopping: [0,126596948,com.android.launcher3/.uioverrides.QuickstepLauncher,makeInvisible]
02-29 13:58:09.441  2521  3246 I wm_restart_activity: [0,161652992,253,com.android.apps.tag/.TagViewer]
02-29 13:58:09.442  2521  3246 I wm_set_resumed_activity: [0,com.android.apps.tag/.TagViewer,minimalResumeActivityLocked - onActivityStateChanged]
02-29 13:58:09.442  2521  2607 I sysui_multi_action: [757,803,799,window_time_0,802,0]
02-29 13:58:09.442  2521  2610 I wm_destroy_activity: [0,186265345,253,com.android.nfc/.NfcRootActivity,finish-imm:idle]
02-29 13:58:09.442  4957  4957 I wm_on_destroy_called: [186265345,com.android.nfc.NfcRootActivity,performDestroy]
02-29 13:58:09.446 16303 16303 I wm_on_create_called: [161652992,com.android.apps.tag.TagViewer,performCreate]
02-29 13:58:09.446 16303 16303 I wm_on_start_called: [161652992,com.android.apps.tag.TagViewer,handleStartActivity]
02-29 13:58:09.446 16303 16303 I wm_on_resume_called: [161652992,com.android.apps.tag.TagViewer,RESUME_ACTIVITY]
02-29 13:58:09.448 16303 16303 I wm_on_top_resumed_gained_called: [161652992,com.android.apps.tag.TagViewer,topStateChangedWhenResumed]
02-29 13:58:09.453  2521  2912 I input_focus: [Focus leaving 2f678ac com.android.launcher3/com.android.launcher3.uioverrides.QuickstepLauncher (server),reason=NO_WINDOW]
02-29 13:58:09.454  2521  2611 I input_focus: [Focus request 204b58a com.android.apps.tag/com.android.apps.tag.TagViewer,reason=UpdateInputWindows]
02-29 13:58:09.464  2521  2607 I sysui_multi_action: [319,55,322,54,325,11773,757,761,758,8,759,2,806,com.android.apps.tag,871,com.android.apps.tag.TagViewer,904,com.android.nfc,905,0,1320,4,1321,23]
02-29 13:58:09.465  2521  2607 I wm_activity_launch_time: [0,161652992,com.android.apps.tag/.TagViewer,54]
02-29 13:58:09.487  2521  2912 I input_focus: [Focus entering 204b58a com.android.apps.tag/com.android.apps.tag.TagViewer (server),reason=Window became focusable. Previous reason: NOT_VISIBLE]
02-29 13:58:09.739  2521  2611 I wm_wallpaper_surface: [0,0,null]
02-29 13:58:09.741  2521  2610 I wm_stop_activity: [0,126596948,com.android.launcher3/.uioverrides.QuickstepLauncher]
02-29 13:58:09.762  3697  3697 I wm_on_stop_called: [126596948,com.android.launcher3.uioverrides.QuickstepLauncher,STOP_ACTIVITY_ITEM]
02-29 13:58:12.862  3137  3137 I sysui_multi_action: [757,931,758,4,759,3,932,0,933,0]
02-29 13:58:12.888  2521  2893 I am_freeze: [17199,com.example.android.apis]
02-29 13:58:12.986  3137  3137 I sysui_multi_action: [757,931,758,4,759,3,932,0,933,1]
02-29 13:58:13.006  2521  2608 I wm_task_moved: [1,1,7]
02-29 13:58:13.006  2521  2608 I wm_task_moved: [141,1,2147483647]
02-29 13:58:13.006  2521  2608 I wm_task_to_front: [0,141]
02-29 13:58:13.006  2521  2608 I wm_focused_root_task: [0,0,1,253,bringingFoundTaskToFront]
02-29 13:58:13.007 16303 16303 I wm_on_top_resumed_lost_called: [161652992,com.android.apps.tag.TagViewer,topStateChangedWhenResumed]
02-29 13:58:13.007  2521  2608 I wm_set_resumed_activity: [0,com.android.launcher3/.uioverrides.QuickstepLauncher,bringingFoundTaskToFront]
02-29 13:58:13.008  2521  2608 I wm_new_intent: [0,126596948,141,com.android.launcher3/.uioverrides.QuickstepLauncher,android.intent.action.MAIN,NULL,NULL,268435712]
02-29 13:58:13.009  2521  2608 I wm_pause_activity: [0,161652992,com.android.apps.tag/.TagViewer,userLeaving=true,pauseBackTasks]
02-29 13:58:13.010  2521  2608 I wm_add_to_stopping: [0,161652992,com.android.apps.tag/.TagViewer,makeInvisible]
02-29 13:58:13.012  2521  2608 I wm_set_resumed_activity: [0,com.android.launcher3/.uioverrides.QuickstepLauncher,resumeTopActivity - onActivityStateChanged]
02-29 13:58:13.013  2521  2608 I wm_resume_activity: [0,126596948,141,com.android.launcher3/.uioverrides.QuickstepLauncher]
02-29 13:58:13.014  2521  2607 I sysui_multi_action: [757,803,799,window_time_0,802,4]
02-29 13:58:13.015  3697  3697 I wm_on_restart_called: [126596948,com.android.launcher3.uioverrides.QuickstepLauncher,performRestartActivity]
02-29 13:58:13.016  3697  3697 I wm_on_start_called: [126596948,com.android.launcher3.uioverrides.QuickstepLauncher,handleStartActivity]
02-29 13:58:13.017  2521  2611 I input_focus: [Requesting to set focus to null window,reason=UpdateInputWindows]
02-29 13:58:13.017 16303 16303 I wm_on_paused_called: [161652992,com.android.apps.tag.TagViewer,performPause]
02-29 13:58:13.020  3697  3697 I wm_on_resume_called: [126596948,com.android.launcher3.uioverrides.QuickstepLauncher,RESUME_ACTIVITY]
02-29 13:58:13.030  2521  2912 I input_focus: [Focus leaving 204b58a com.android.apps.tag/com.android.apps.tag.TagViewer (server),reason=Waiting for window because NOT_FOCUSABLE]
02-29 13:58:13.036  2521  2611 I input_focus: [Focus request 2f678ac com.android.launcher3/com.android.launcher3.uioverrides.QuickstepLauncher,reason=UpdateInputWindows]
02-29 13:58:13.043  3697  3697 I wm_on_top_resumed_gained_called: [126596948,com.android.launcher3.uioverrides.QuickstepLauncher,topStateChangedWhenResumed]
02-29 13:58:13.044  2521  2611 I wm_wallpaper_surface: [0,1,Window{2f678ac u0 com.android.launcher3/com.android.launcher3.uioverrides.QuickstepLauncher}]
02-29 13:58:13.057  2521  2607 I sysui_multi_action: [319,53,322,46,325,11776,757,761,758,9,759,2,806,com.android.launcher3,871,com.android.launcher3.uioverrides.QuickstepLauncher,905,0,1320,4,1321,23]
02-29 13:58:13.081  2521  2912 I input_focus: [Focus entering 2f678ac com.android.launcher3/com.android.launcher3.uioverrides.QuickstepLauncher (server),reason=Window became focusable. Previous reason: NOT_VISIBLE]
02-29 13:58:13.404  2521  2610 I wm_stop_activity: [0,161652992,com.android.apps.tag/.TagViewer]
02-29 13:58:13.423 16303 16303 I wm_on_stop_called: [161652992,com.android.apps.tag.TagViewer,STOP_ACTIVITY_ITEM]
02-29 13:58:15.346  2521  3246 I wm_task_moved: [253,1,7]
02-29 13:58:15.347  2521  3246 I wm_task_to_front: [0,253]
02-29 13:58:15.348  2521  3246 I wm_focused_root_task: [0,0,253,1,bringingFoundTaskToFront]
02-29 13:58:15.349  3697  3697 I wm_on_top_resumed_lost_called: [126596948,com.android.launcher3.uioverrides.QuickstepLauncher,topStateChangedWhenResumed]
02-29 13:58:15.350  2521  3246 I wm_set_resumed_activity: [0,com.android.apps.tag/.TagViewer,bringingFoundTaskToFront]
02-29 13:58:15.351  2521  3246 I wm_destroy_activity: [0,161652992,253,com.android.apps.tag/.TagViewer,finish-imm:clear-task-all]
02-29 13:58:15.352 16303 16303 I wm_on_destroy_called: [161652992,com.android.apps.tag.TagViewer,performDestroy]
02-29 13:58:15.356  2521  3246 I wm_task_moved: [253,1,7]
02-29 13:58:15.356  2521  3246 I wm_create_activity: [0,171666863,253,com.android.nfc/.NfcRootActivity,NULL,NULL,NULL,281051136]
02-29 13:58:15.357  2521  3246 I wm_pause_activity: [0,126596948,com.android.launcher3/.uioverrides.QuickstepLauncher,userLeaving=true,pauseBackTasks]
02-29 13:58:15.361  2521  2611 I input_focus: [Requesting to set focus to null window,reason=UpdateInputWindows]
02-29 13:58:15.364  2521  2611 I input_focus: [Focus request 2f678ac com.android.launcher3/com.android.launcher3.uioverrides.QuickstepLauncher,reason=UpdateInputWindows]
02-29 13:58:15.364  3697  3697 I wm_on_paused_called: [126596948,com.android.launcher3.uioverrides.QuickstepLauncher,performPause]
02-29 13:58:15.365  2521  7538 I wm_restart_activity: [0,171666863,253,com.android.nfc/.NfcRootActivity]
02-29 13:58:15.366  2521  7538 I wm_set_resumed_activity: [0,com.android.nfc/.NfcRootActivity,minimalResumeActivityLocked - onActivityStateChanged]
02-29 13:58:15.366  2521  2607 I sysui_multi_action: [757,803,799,window_time_0,802,2]
02-29 13:58:15.367  2521  2611 I input_focus: [Requesting to set focus to null window,reason=UpdateInputWindows]
02-29 13:58:15.370  2521  3202 I wm_task_moved: [253,1,7]
02-29 13:58:15.370  2521  3202 I wm_create_activity: [0,10568806,253,com.android.apps.tag/.TagViewer,android.nfc.action.TECH_DISCOVERED,NULL,NULL,0]
02-29 13:58:15.370  2521  3202 I wm_pause_activity: [0,171666863,com.android.nfc/.NfcRootActivity,userLeaving=true,resumeTopActivity]
02-29 13:58:15.371  2521  3246 I wm_finish_activity: [0,171666863,253,com.android.nfc/.NfcRootActivity,app-request]
02-29 13:58:15.371  4957  4957 I wm_on_create_called: [171666863,com.android.nfc.NfcRootActivity,performCreate]
02-29 13:58:15.372  2521  2547 I wm_add_to_stopping: [0,171666863,com.android.nfc/.NfcRootActivity,completeFinishing]
02-29 13:58:15.374  2521  2547 I wm_add_to_stopping: [0,126596948,com.android.launcher3/.uioverrides.QuickstepLauncher,makeInvisible]
02-29 13:58:15.374  2521  2547 I wm_restart_activity: [0,10568806,253,com.android.apps.tag/.TagViewer]
02-29 13:58:15.374  2521  2547 I wm_set_resumed_activity: [0,com.android.apps.tag/.TagViewer,minimalResumeActivityLocked - onActivityStateChanged]
02-29 13:58:15.374  2521  2607 I sysui_multi_action: [757,803,799,window_time_0,802,0]
02-29 13:58:15.375  2521  2610 I wm_destroy_activity: [0,171666863,253,com.android.nfc/.NfcRootActivity,finish-imm:idle]
02-29 13:58:15.375  4957  4957 I wm_on_destroy_called: [171666863,com.android.nfc.NfcRootActivity,performDestroy]
02-29 13:58:15.378 16303 16303 I wm_on_create_called: [10568806,com.android.apps.tag.TagViewer,performCreate]
02-29 13:58:15.378 16303 16303 I wm_on_start_called: [10568806,com.android.apps.tag.TagViewer,handleStartActivity]
02-29 13:58:15.379 16303 16303 I wm_on_resume_called: [10568806,com.android.apps.tag.TagViewer,RESUME_ACTIVITY]
02-29 13:58:15.381 16303 16303 I wm_on_top_resumed_gained_called: [10568806,com.android.apps.tag.TagViewer,topStateChangedWhenResumed]
02-29 13:58:15.384  2521  2912 I input_focus: [Focus leaving 2f678ac com.android.launcher3/com.android.launcher3.uioverrides.QuickstepLauncher (server),reason=NO_WINDOW]
02-29 13:58:15.385  2521  2611 I input_focus: [Focus request 57a9343 com.android.apps.tag/com.android.apps.tag.TagViewer,reason=UpdateInputWindows]
02-29 13:58:15.394  2521  2607 I sysui_multi_action: [319,54,322,54,325,11779,757,761,758,8,759,2,806,com.android.apps.tag,871,com.android.apps.tag.TagViewer,904,com.android.nfc,905,0,1320,4,1321,23]
02-29 13:58:15.395  2521  2607 I wm_activity_launch_time: [0,10568806,com.android.apps.tag/.TagViewer,54]
02-29 13:58:15.418  2521  2912 I input_focus: [Focus entering 57a9343 com.android.apps.tag/com.android.apps.tag.TagViewer (server),reason=Window became focusable. Previous reason: NOT_VISIBLE]
02-29 13:58:15.671  2521  2611 I wm_wallpaper_surface: [0,0,null]
02-29 13:58:15.675  2521  2610 I wm_stop_activity: [0,126596948,com.android.launcher3/.uioverrides.QuickstepLauncher]
02-29 13:58:15.691  3697  3697 I wm_on_stop_called: [126596948,com.android.launcher3.uioverrides.QuickstepLauncher,STOP_ACTIVITY_ITEM]
02-29 13:58:18.666  3137  3137 I sysui_multi_action: [757,931,758,4,759,4,932,0,933,0]
02-29 13:58:18.674  2521  2912 I input_interaction: Interaction with: 57a9343 com.android.apps.tag/com.android.apps.tag.TagViewer (server), PointerEventDispatcher0 (server), 
02-29 13:58:18.684  2521  2912 I input_interaction: Interaction with: 34818e7 NavigationBar0 (server), PointerEventDispatcher0 (server), 
02-29 13:58:18.860  3137  3137 I sysui_multi_action: [757,931,758,4,759,4,932,0,933,1]
02-29 13:58:18.862  2521  3246 I sysui_multi_action: [757,803,799,key_back_press,802,1]
02-29 13:58:18.870  2521  3202 I wm_finish_activity: [0,10568806,253,com.android.apps.tag/.TagViewer,app-request]
02-29 13:58:18.871  2521  3202 I wm_task_moved: [1,1,7]
02-29 13:58:18.871  2521  3202 I wm_task_moved: [141,1,2147483647]
02-29 13:58:18.872  2521  3202 I wm_task_to_front: [0,141]
02-29 13:58:18.872  2521  3202 I wm_focused_root_task: [0,0,1,253,finish-top adjustFocusToNextFocusableTask]
02-29 13:58:18.874  2521  3202 I wm_set_resumed_activity: [0,com.android.launcher3/.uioverrides.QuickstepLauncher,finish-top adjustFocusToNextFocusableTask]
02-29 13:58:18.884  2521  3202 I wm_pause_activity: [0,10568806,com.android.apps.tag/.TagViewer,userLeaving=false,finish]
02-29 13:58:18.888 16303 16303 I wm_on_top_resumed_lost_called: [10568806,com.android.apps.tag.TagViewer,topStateChangedWhenResumed]
02-29 13:58:18.888  2521  2611 I input_focus: [Requesting to set focus to null window,reason=UpdateInputWindows]
02-29 13:58:18.889 16303 16303 I wm_on_paused_called: [10568806,com.android.apps.tag.TagViewer,performPause]
02-29 13:58:18.895  2521  3246 I wm_add_to_stopping: [0,10568806,com.android.apps.tag/.TagViewer,completeFinishing]
02-29 13:58:18.901  2521  3246 I wm_set_resumed_activity: [0,com.android.launcher3/.uioverrides.QuickstepLauncher,resumeTopActivity - onActivityStateChanged]
02-29 13:58:18.901  2521  3246 I wm_resume_activity: [0,126596948,141,com.android.launcher3/.uioverrides.QuickstepLauncher]
02-29 13:58:18.902  2521  2607 I sysui_multi_action: [757,803,799,window_time_0,802,4]
02-29 13:58:18.906  3697  3697 I wm_on_restart_called: [126596948,com.android.launcher3.uioverrides.QuickstepLauncher,performRestartActivity]
02-29 13:58:18.906  3697  3697 I wm_on_start_called: [126596948,com.android.launcher3.uioverrides.QuickstepLauncher,handleStartActivity]
02-29 13:58:18.908  3697  3697 I wm_on_resume_called: [126596948,com.android.launcher3.uioverrides.QuickstepLauncher,RESUME_ACTIVITY]
02-29 13:58:18.908  3697  3697 I wm_on_top_resumed_gained_called: [126596948,com.android.launcher3.uioverrides.QuickstepLauncher,topWhenResuming]
02-29 13:58:18.912  2521  2912 I input_focus: [Focus leaving 57a9343 com.android.apps.tag/com.android.apps.tag.TagViewer (server),reason=NO_WINDOW]
02-29 13:58:18.912  2521  2611 I input_focus: [Focus request 2f678ac com.android.launcher3/com.android.launcher3.uioverrides.QuickstepLauncher,reason=UpdateInputWindows]
02-29 13:58:18.922  2521  2611 I wm_wallpaper_surface: [0,1,Window{2f678ac u0 com.android.launcher3/com.android.launcher3.uioverrides.QuickstepLauncher}]
02-29 13:58:18.960  2521  2912 I input_focus: [Focus entering 2f678ac com.android.launcher3/com.android.launcher3.uioverrides.QuickstepLauncher (server),reason=Window became focusable. Previous reason: NOT_VISIBLE]
02-29 13:58:19.171  2521  3202 I battery_level: [28,3713,290]
02-29 13:58:19.281  2521  2610 I wm_destroy_activity: [0,10568806,253,com.android.apps.tag/.TagViewer,finish-imm:idle]
02-29 13:58:19.300 16303 16303 I wm_on_stop_called: [10568806,com.android.apps.tag.TagViewer,LIFECYCLER_STOP_ACTIVITY]
02-29 13:58:19.300 16303 16303 I wm_on_destroy_called: [10568806,com.android.apps.tag.TagViewer,performDestroy]
02-29 13:58:19.304  2521  3202 I wm_task_removed: [253,removeChild:removeChild last r=ActivityRecord{a14466 u0 com.android.apps.tag/.TagViewer} t-1 f}} in t=Task{7ab9bac #253 type=standard A=1027:com.android.nfc}]
02-29 13:58:19.304  2521  3202 I wm_task_removed: [253,removeChild]
02-29 13:58:21.151  2521  3202 I wm_task_created: [254,-1]
02-29 13:58:21.160  2521  3202 I wm_task_moved: [254,1,7]
02-29 13:58:21.160  2521  3202 I wm_task_to_front: [0,254]
02-29 13:58:21.160  3697  3697 I wm_on_top_resumed_lost_called: [126596948,com.android.launcher3.uioverrides.QuickstepLauncher,topStateChangedWhenResumed]
02-29 13:58:21.161  2521  3202 I wm_create_task: [0,254]
02-29 13:58:21.161  2521  3202 I wm_create_activity: [0,225304943,254,com.android.nfc/.NfcRootActivity,NULL,NULL,NULL,276856832]
02-29 13:58:21.161  2521  3202 I wm_task_moved: [254,1,7]
02-29 13:58:21.162  2521  3202 I wm_pause_activity: [0,126596948,com.android.launcher3/.uioverrides.QuickstepLauncher,userLeaving=true,pauseBackTasks]
02-29 13:58:21.166  3697  3697 I wm_on_paused_called: [126596948,com.android.launcher3.uioverrides.QuickstepLauncher,performPause]
02-29 13:58:21.167  2521  3246 I wm_restart_activity: [0,225304943,254,com.android.nfc/.NfcRootActivity]
02-29 13:58:21.168  2521  3246 I wm_set_resumed_activity: [0,com.android.nfc/.NfcRootActivity,minimalResumeActivityLocked - onActivityStateChanged]
02-29 13:58:21.168  2521  2607 I sysui_multi_action: [757,803,799,window_time_0,802,2]
02-29 13:58:21.168  2521  2611 I input_focus: [Requesting to set focus to null window,reason=UpdateInputWindows]
02-29 13:58:21.172  2521  3131 I wm_task_moved: [254,1,7]
02-29 13:58:21.172  2521  3131 I wm_create_activity: [0,136390027,254,com.android.apps.tag/.TagViewer,android.nfc.action.TECH_DISCOVERED,NULL,NULL,0]
02-29 13:58:21.173  2521  3131 I wm_pause_activity: [0,225304943,com.android.nfc/.NfcRootActivity,userLeaving=true,resumeTopActivity]
02-29 13:58:21.174  2521  3246 I wm_finish_activity: [0,225304943,254,com.android.nfc/.NfcRootActivity,app-request]
02-29 13:58:21.174  4957  4957 I wm_on_create_called: [225304943,com.android.nfc.NfcRootActivity,performCreate]
02-29 13:58:21.175  2521  3202 I wm_add_to_stopping: [0,225304943,com.android.nfc/.NfcRootActivity,completeFinishing]
02-29 13:58:21.177  2521  3202 I wm_add_to_stopping: [0,126596948,com.android.launcher3/.uioverrides.QuickstepLauncher,makeInvisible]
02-29 13:58:21.177  2521  3202 I wm_restart_activity: [0,136390027,254,com.android.apps.tag/.TagViewer]
02-29 13:58:21.177  2521  3202 I wm_set_resumed_activity: [0,com.android.apps.tag/.TagViewer,minimalResumeActivityLocked - onActivityStateChanged]
02-29 13:58:21.177  2521  2607 I sysui_multi_action: [757,803,799,window_time_0,802,0]
02-29 13:58:21.178  2521  2610 I wm_destroy_activity: [0,225304943,254,com.android.nfc/.NfcRootActivity,finish-imm:idle]
02-29 13:58:21.178  4957  4957 I wm_on_destroy_called: [225304943,com.android.nfc.NfcRootActivity,performDestroy]
02-29 13:58:21.182  2521  2912 I input_focus: [Focus leaving 2f678ac com.android.launcher3/com.android.launcher3.uioverrides.QuickstepLauncher (server),reason=NO_WINDOW]
02-29 13:58:21.182 16303 16303 I wm_on_create_called: [136390027,com.android.apps.tag.TagViewer,performCreate]
02-29 13:58:21.182 16303 16303 I wm_on_start_called: [136390027,com.android.apps.tag.TagViewer,handleStartActivity]
02-29 13:58:21.183 16303 16303 I wm_on_resume_called: [136390027,com.android.apps.tag.TagViewer,RESUME_ACTIVITY]
02-29 13:58:21.185 16303 16303 I wm_on_top_resumed_gained_called: [136390027,com.android.apps.tag.TagViewer,topStateChangedWhenResumed]
02-29 13:58:21.199  2521  2611 I input_focus: [Focus request 292ddbd com.android.apps.tag/com.android.apps.tag.TagViewer,reason=UpdateInputWindows]
02-29 13:58:21.205  2521  2607 I sysui_multi_action: [319,60,322,59,325,11784,757,761,758,8,759,2,806,com.android.apps.tag,871,com.android.apps.tag.TagViewer,904,com.android.nfc,905,0,1320,4,1321,23]
02-29 13:58:21.205  2521  2607 I wm_activity_launch_time: [0,136390027,com.android.apps.tag/.TagViewer,59]
02-29 13:58:21.231  2521  2912 I input_focus: [Focus entering 292ddbd com.android.apps.tag/com.android.apps.tag.TagViewer (server),reason=Window became focusable. Previous reason: NOT_VISIBLE]
02-29 13:58:21.485  2521  2611 I wm_wallpaper_surface: [0,0,null]
02-29 13:58:21.490  2521  2610 I wm_stop_activity: [0,126596948,com.android.launcher3/.uioverrides.QuickstepLauncher]
02-29 13:58:21.506  3697  3697 I wm_on_stop_called: [126596948,com.android.launcher3.uioverrides.QuickstepLauncher,STOP_ACTIVITY_ITEM]
02-29 13:58:24.669  3137  3137 I sysui_multi_action: [757,931,758,4,759,4,932,0,933,0]
02-29 13:58:24.675  2521  2912 I input_interaction: Interaction with: 292ddbd com.android.apps.tag/com.android.apps.tag.TagViewer (server), PointerEventDispatcher0 (server), 
02-29 13:58:24.699  2521  2912 I input_interaction: Interaction with: 34818e7 NavigationBar0 (server), PointerEventDispatcher0 (server), 
02-29 13:58:24.753  3137  3137 I sysui_multi_action: [757,931,758,4,759,4,932,0,933,1]
02-29 13:58:24.754  2521  3131 I sysui_multi_action: [757,803,799,key_back_press,802,1]
02-29 13:58:24.759  2521  3246 I wm_finish_activity: [0,136390027,254,com.android.apps.tag/.TagViewer,app-request]
02-29 13:58:24.760  2521  3246 I wm_task_moved: [1,1,7]
02-29 13:58:24.760  2521  3246 I wm_task_moved: [141,1,2147483647]
02-29 13:58:24.760  2521  3246 I wm_task_to_front: [0,141]
02-29 13:58:24.760  2521  3246 I wm_focused_root_task: [0,0,1,254,finish-top adjustFocusToNextFocusableTask]
02-29 13:58:24.761  2521  3246 I wm_set_resumed_activity: [0,com.android.launcher3/.uioverrides.QuickstepLauncher,finish-top adjustFocusToNextFocusableTask]
02-29 13:58:24.771  2521  3246 I wm_pause_activity: [0,136390027,com.android.apps.tag/.TagViewer,userLeaving=false,finish]
02-29 13:58:24.774 16303 16303 I wm_on_top_resumed_lost_called: [136390027,com.android.apps.tag.TagViewer,topStateChangedWhenResumed]
02-29 13:58:24.775  2521  2611 I input_focus: [Requesting to set focus to null window,reason=UpdateInputWindows]
02-29 13:58:24.776 16303 16303 I wm_on_paused_called: [136390027,com.android.apps.tag.TagViewer,performPause]
02-29 13:58:24.776  2521  7538 I wm_add_to_stopping: [0,136390027,com.android.apps.tag/.TagViewer,completeFinishing]
02-29 13:58:24.780  2521  7538 I wm_set_resumed_activity: [0,com.android.launcher3/.uioverrides.QuickstepLauncher,resumeTopActivity - onActivityStateChanged]
02-29 13:58:24.780  2521  7538 I wm_resume_activity: [0,126596948,141,com.android.launcher3/.uioverrides.QuickstepLauncher]
02-29 13:58:24.780  2521  2607 I sysui_multi_action: [757,803,799,window_time_0,802,4]
02-29 13:58:24.780  3697  3697 I wm_on_restart_called: [126596948,com.android.launcher3.uioverrides.QuickstepLauncher,performRestartActivity]
02-29 13:58:24.780  3697  3697 I wm_on_start_called: [126596948,com.android.launcher3.uioverrides.QuickstepLauncher,handleStartActivity]
02-29 13:58:24.781  3697  3697 I wm_on_resume_called: [126596948,com.android.launcher3.uioverrides.QuickstepLauncher,RESUME_ACTIVITY]
02-29 13:58:24.781  3697  3697 I wm_on_top_resumed_gained_called: [126596948,com.android.launcher3.uioverrides.QuickstepLauncher,topWhenResuming]
02-29 13:58:24.790  2521  2912 I input_focus: [Focus leaving 292ddbd com.android.apps.tag/com.android.apps.tag.TagViewer (server),reason=NO_WINDOW]
02-29 13:58:24.792  2521  2611 I input_focus: [Focus request 2f678ac com.android.launcher3/com.android.launcher3.uioverrides.QuickstepLauncher,reason=UpdateInputWindows]
02-29 13:58:24.795  2521  2611 I wm_wallpaper_surface: [0,1,Window{2f678ac u0 com.android.launcher3/com.android.launcher3.uioverrides.QuickstepLauncher}]
02-29 13:58:24.825  2521  2912 I input_focus: [Focus entering 2f678ac com.android.launcher3/com.android.launcher3.uioverrides.QuickstepLauncher (server),reason=Window became focusable. Previous reason: NOT_VISIBLE]
02-29 13:58:25.144  2521  2610 I wm_destroy_activity: [0,136390027,254,com.android.apps.tag/.TagViewer,finish-imm:idle]
02-29 13:58:25.164 16303 16303 I wm_on_stop_called: [136390027,com.android.apps.tag.TagViewer,LIFECYCLER_STOP_ACTIVITY]
02-29 13:58:25.165 16303 16303 I wm_on_destroy_called: [136390027,com.android.apps.tag.TagViewer,performDestroy]
02-29 13:58:25.169  2521  7538 I wm_task_removed: [254,removeChild:removeChild last r=ActivityRecord{821258b u0 com.android.apps.tag/.TagViewer} t-1 f}} in t=Task{15f4b49 #254 type=standard A=1027:com.android.nfc}]
02-29 13:58:25.169  2521  7538 I wm_task_removed: [254,removeChild]
02-29 13:58:25.240  2521  2912 I input_interaction: Interaction with: 2f678ac com.android.launcher3/com.android.launcher3.uioverrides.QuickstepLauncher (server), fff67cf com.android.systemui.wallpapers.ImageWallpaper (server), PointerEventDispatcher0 (server), 
02-29 13:58:27.411  2521  3131 I wm_task_created: [255,-1]
02-29 13:58:27.418  2521  3131 I wm_task_moved: [255,1,7]
