02-29 14:21:06.241   856   925 D SPL     : Handle Request
02-29 14:21:06.241   856   925 D SPL     : Dev node [/dev/qsee_ipc_irq_spss] opened OK.
02-29 14:21:06.241   856   925 D SPL     : timeout_msec [4000]
02-29 14:21:06.241   856   925 D SPL     : pfd[0].fd [51].
02-29 14:21:06.241   856   925 D SPL     : pfd[1].fd [44].
02-29 14:21:06.241   856   925 D SPL     : Call poll()
02-29 14:21:06.241   856   925 D SPL     : poll() ret [1].
02-29 14:21:06.241   856   925 D SPL     : pfd[0].revents [0x1].
02-29 14:21:06.241   856   925 D SPL     : pfd[1].revents [0x0].
02-29 14:21:06.242   856   925 D SPL     : IRQ Detected OK.
02-29 14:21:06.242   856   925 D SPL     : Send Response
02-29 14:21:06.242   856   925 D SPL     : QSEECom_send_resp() OK.
02-29 14:21:06.242   856   925 D SPL     : ==== Wait For Request ======
02-29 14:21:06.244   856   925 D SPL     : Handle Request
02-29 14:21:06.244   856   925 D SPL     : Dev node [/dev/qsee_ipc_irq_spss] opened OK.
02-29 14:21:06.244   856   925 D SPL     : timeout_msec [4000]
02-29 14:21:06.244   856   925 D SPL     : pfd[0].fd [51].
02-29 14:21:06.244   856   925 D SPL     : pfd[1].fd [44].
02-29 14:21:06.244   856   925 D SPL     : Call poll()
02-29 14:21:06.248  1025  1037 D spcomlib: [spcom_server_get_next_request_size] SPCom get next request size done: Channel name [sec_nvm_sp_keymaster], next_req_size [135]
02-29 14:21:06.248  1025  1037 D spcomlib: [spcom_get_message] SPCom get message cmd: ch_name [sec_nvm_sp_keymaster], buffer_size [135], timeout_ms [0]
02-29 14:21:06.248  1025  1037 D spcomlib: [spcom_ioctl] spcom_ioctl: command ID [3223868400]
02-29 14:21:06.248  1025  1037 D spcomlib: [spcom_get_message] SPCom get message cmd done: ch_name[sec_nvm_sp_keymaster], message size[135]
02-29 14:21:06.248  1025  1037 D spcomlib: [spcom_server_wait_for_request] SPCom server wait for request: Channel name: [sec_nvm_sp_keymaster], actual request size:[135]
02-29 14:21:06.248  1025  1037 D secnvm  : ch [sec_nvm_sp_keymaster] create new request: reqId = 2
02-29 14:21:06.248  1025  1037 D secnvm  : CommitOp::execute() start, m_is_skp [0]
02-29 14:21:06.248  1025  1037 D secnvm  : ch [sec_nvm_sp_keymaster] update segment#0 out of 1
02-29 14:21:06.248  1025  1037 D secnvm  : ch [sec_nvm_sp_keymaster] ari, no-skp: marker points to req CMAC
02-29 14:21:06.248  1025  1037 D secnvm  : file_marker=17ff7facd1ccc0445bdcdd806b064b35
02-29 14:21:06.248  1025  1037 D secnvm  : marker=c4e3f725930d2306c1768042b2a0c5b8
02-29 14:21:06.248  1025  1037 D secnvm  : found marker for file
02-29 14:21:06.248  1025  1037 D secnvm  : m_is_ari: 1, m_is_ari_bypass: 0
02-29 14:21:06.248  1025  1037 D secnvm  : match marker of /mnt/vendor/persist/secnvm/471480361391619214618258156162147168243172_0_1
02-29 14:21:06.251  1025  1037 D secnvm  : commit 1 blocks starting from 0
02-29 14:21:06.251  1025  1037 D secnvm  : commit 1 hash blocks starting from 32768
02-29 14:21:06.252  1025  1037 D secnvm  : successfully updated DDR->flash (transaction counter: 508)
02-29 14:21:06.252  1025  1037 D secnvm  : successfully commited to the backup file, save bytemap for the next time
02-29 14:21:06.252  1025  1037 D secnvm  : CommitOp::execute: m_is_skp [0] t_avg usec [4418] t_min [494] t_max [8058] count [31]
02-29 14:21:06.252  1025  1037 D secnvm  : CommitOp::execute: sync [2] write [0] read [0]
02-29 14:21:06.252  1025  1037 D spcomlib: [spcom_send_message] SPCom send message cmd: ch_name [sec_nvm_sp_keymaster], buffer_size [50], timeout_ms [0]
02-29 14:21:06.252  1025  1037 D spcomlib: [spcom_ioctl] spcom_ioctl: command ID [1076384749]
02-29 14:21:06.252  1025  1037 D spcomlib: [spcom_send_message] SPCom send message cmd done: ch_name[sec_nvm_sp_keymaster], ret[50]
02-29 14:21:06.252  1025  1037 D secnvm  : setNvmManagerState: is_skp:0, reqId:2, m_state=4
02-29 14:21:06.252  1025  1037 D spcomlib: [spcom_server_get_next_request_size] SPCom server get next request cmd: ch_name[sec_nvm_sp_keymaster], next_req_size[135]
02-29 14:21:06.252  1025  1037 D spcomlib: [spcom_ioctl] spcom_ioctl: command ID [3223868399]
02-29 14:21:06.265  1025  1035 D spcomlib: [spcom_server_get_next_request_size] SPCom get next request size done: Channel name [sec_nvm_sp_nvm], next_req_size [135]
02-29 14:21:06.266  1025  1035 D spcomlib: [spcom_get_message] SPCom get message cmd: ch_name [sec_nvm_sp_nvm], buffer_size [135], timeout_ms [0]
02-29 14:21:06.266  1025  1035 D spcomlib: [spcom_ioctl] spcom_ioctl: command ID [3223868400]
02-29 14:21:06.266  1025  1035 D spcomlib: [spcom_get_message] SPCom get message cmd done: ch_name[sec_nvm_sp_nvm], message size[135]
02-29 14:21:06.266  1025  1035 D spcomlib: [spcom_server_wait_for_request] SPCom server wait for request: Channel name: [sec_nvm_sp_nvm], actual request size:[135]
02-29 14:21:06.266  1025  1035 D secnvm  : ch [sec_nvm_sp_nvm] create new request: reqId = 8
02-29 14:21:06.266  1025  1035 D secnvm  : CommitOp::execute() start, m_is_skp [1]
02-29 14:21:06.266  1025  1035 D secnvm  : ch [sec_nvm_sp_nvm] update segment#0 out of 1
02-29 14:21:06.266  1025  1035 D secnvm  : ch [sec_nvm_sp_nvm] ari, skp: marker points to req ARC
02-29 14:21:06.266  1025  1035 D secnvm  : found marker for file
02-29 14:21:06.266  1025  1035 D secnvm  : found marker for file
02-29 14:21:06.266  1025  1035 D secnvm  : m_is_ari: 1, m_is_ari_bypass: 1
02-29 14:21:06.266  1025  1035 D secnvm  : ari bypass: check counters
02-29 14:21:06.266  1025  1035 D secnvm  : counters: cnt0: 2500, cnt1: 2501
02-29 14:21:06.266  1025  1035 D secnvm  : match counter 2501 of /mnt/vendor/persist/secnvm/552412310573718226167662182032189844128_0_1
02-29 14:21:06.269  1025  1035 D secnvm  : commit 1 blocks starting from 0
02-29 14:21:06.269  1025  1035 D secnvm  : commit 1 hash blocks starting from 32768
02-29 14:21:06.269  1025  1035 D secnvm  : commit 1 blocks starting from 18432
02-29 14:21:06.269  1025  1035 D secnvm  : commit 1 hash blocks starting from 33632
02-29 14:21:06.270  1025  1035 D secnvm  : updated active file with transaction counter: 2502, m_is_ari_bypass: 1
02-29 14:21:06.270  1025  1035 D secnvm  : successfully updated DDR->flash (transaction counter: 2502)
02-29 14:21:06.270  1025  1035 D secnvm  : successfully commited to the backup file, save bytemap for the next time
02-29 14:21:06.270  1025  1035 D secnvm  : CommitOp::execute: m_is_skp [1] t_avg usec [4421] t_min [494] t_max [8058] count [32]
02-29 14:21:06.270  1025  1035 D secnvm  : CommitOp::execute: sync [2] write [0] read [0]
02-29 14:21:06.270  1025  1035 D spcomlib: [spcom_send_message] SPCom send message cmd: ch_name [sec_nvm_sp_nvm], buffer_size [50], timeout_ms [0]
02-29 14:21:06.270  1025  1035 D spcomlib: [spcom_ioctl] spcom_ioctl: command ID [1076384749]
02-29 14:21:06.270  1025  1035 D spcomlib: [spcom_send_message] SPCom send message cmd done: ch_name[sec_nvm_sp_nvm], ret[50]
02-29 14:21:06.270  1025  1035 D secnvm  : setNvmManagerState: is_skp:1, reqId:8, m_state=4
02-29 14:21:06.271  1025  1035 D spcomlib: [spcom_server_get_next_request_size] SPCom server get next request cmd: ch_name[sec_nvm_sp_nvm], next_req_size[135]
02-29 14:21:06.271  1025  1035 D spcomlib: [spcom_ioctl] spcom_ioctl: command ID [3223868399]
02-29 14:21:06.284  1025  1037 D spcomlib: [spcom_server_get_next_request_size] SPCom get next request size done: Channel name [sec_nvm_sp_keymaster], next_req_size [135]
02-29 14:21:06.284  1025  1037 D spcomlib: [spcom_get_message] SPCom get message cmd: ch_name [sec_nvm_sp_keymaster], buffer_size [135], timeout_ms [0]
02-29 14:21:06.284  1025  1037 D spcomlib: [spcom_ioctl] spcom_ioctl: command ID [3223868400]
02-29 14:21:06.284  1025  1037 D spcomlib: [spcom_get_message] SPCom get message cmd done: ch_name[sec_nvm_sp_keymaster], message size[135]
02-29 14:21:06.284  1025  1037 D spcomlib: [spcom_server_wait_for_request] SPCom server wait for request: Channel name: [sec_nvm_sp_keymaster], actual request size:[135]
02-29 14:21:06.284  1025  1037 D secnvm  : ch [sec_nvm_sp_keymaster] create new request: reqId = 2
02-29 14:21:06.284  1025  1037 D secnvm  : CommitOp::execute() start, m_is_skp [0]
02-29 14:21:06.284  1025  1037 D secnvm  : ch [sec_nvm_sp_keymaster] update segment#0 out of 1
02-29 14:21:06.284  1025  1037 D secnvm  : ch [sec_nvm_sp_keymaster] ari, no-skp: marker points to req CMAC
02-29 14:21:06.284  1025  1037 D secnvm  : found marker for file
02-29 14:21:06.284  1025  1037 D secnvm  : file_marker=c4e3f725930d2306c1768042b2a0c5b8
02-29 14:21:06.284  1025  1037 D secnvm  : marker=f93dd207526fd18fef755e2581314c2c
02-29 14:21:06.284  1025  1037 D secnvm  : m_is_ari: 1, m_is_ari_bypass: 0
02-29 14:21:06.284  1025  1037 D secnvm  : match marker of /mnt/vendor/persist/secnvm/471480361391619214618258156162147168243172_0_0
02-29 14:21:06.288  1025  1037 D secnvm  : commit 1 blocks starting from 0
02-29 14:21:06.288  1025  1037 D secnvm  : commit 1 hash blocks starting from 32768
02-29 14:21:06.289  1025  1037 D secnvm  : successfully updated DDR->flash (transaction counter: 509)
02-29 14:21:06.289  1025  1037 D secnvm  : successfully commited to the backup file, save bytemap for the next time
02-29 14:21:06.289  1025  1037 D secnvm  : CommitOp::execute: m_is_skp [0] t_avg usec [4427] t_min [494] t_max [8058] count [33]
02-29 14:21:06.289  1025  1037 D secnvm  : CommitOp::execute: sync [2] write [0] read [0]
02-29 14:21:06.289  1025  1037 D spcomlib: [spcom_send_message] SPCom send message cmd: ch_name [sec_nvm_sp_keymaster], buffer_size [50], timeout_ms [0]
02-29 14:21:06.289  1025  1037 D spcomlib: [spcom_ioctl] spcom_ioctl: command ID [1076384749]
02-29 14:21:06.290  1025  1037 D spcomlib: [spcom_send_message] SPCom send message cmd done: ch_name[sec_nvm_sp_keymaster], ret[50]
02-29 14:21:06.290  1025  1037 D secnvm  : setNvmManagerState: is_skp:0, reqId:2, m_state=4
02-29 14:21:06.290  1025  1037 D spcomlib: [spcom_server_get_next_request_size] SPCom server get next request cmd: ch_name[sec_nvm_sp_keymaster], next_req_size[135]
02-29 14:21:06.290  1025  1037 D spcomlib: [spcom_ioctl] spcom_ioctl: command ID [3223868399]
02-29 14:21:06.302  1025  1035 D spcomlib: [spcom_server_get_next_request_size] SPCom get next request size done: Channel name [sec_nvm_sp_nvm], next_req_size [135]
02-29 14:21:06.302  1025  1035 D spcomlib: [spcom_get_message] SPCom get message cmd: ch_name [sec_nvm_sp_nvm], buffer_size [135], timeout_ms [0]
02-29 14:21:06.302  1025  1035 D spcomlib: [spcom_ioctl] spcom_ioctl: command ID [3223868400]
02-29 14:21:06.302  1025  1035 D spcomlib: [spcom_get_message] SPCom get message cmd done: ch_name[sec_nvm_sp_nvm], message size[135]
02-29 14:21:06.302  1025  1035 D spcomlib: [spcom_server_wait_for_request] SPCom server wait for request: Channel name: [sec_nvm_sp_nvm], actual request size:[135]
02-29 14:21:06.302  1025  1035 D secnvm  : ch [sec_nvm_sp_nvm] create new request: reqId = 8
02-29 14:21:06.302  1025  1035 D secnvm  : CommitOp::execute() start, m_is_skp [1]
02-29 14:21:06.302  1025  1035 D secnvm  : ch [sec_nvm_sp_nvm] update segment#0 out of 1
02-29 14:21:06.302  1025  1035 D secnvm  : ch [sec_nvm_sp_nvm] ari, skp: marker points to req ARC
02-29 14:21:06.303  1025  1035 D secnvm  : found marker for file
02-29 14:21:06.303  1025  1035 D secnvm  : found marker for file
02-29 14:21:06.303  1025  1035 D secnvm  : m_is_ari: 1, m_is_ari_bypass: 1
02-29 14:21:06.303  1025  1035 D secnvm  : ari bypass: check counters
02-29 14:21:06.303  1025  1035 D secnvm  : counters: cnt0: 2502, cnt1: 2501
02-29 14:21:06.303  1025  1035 D secnvm  : match counter 2502 of /mnt/vendor/persist/secnvm/552412310573718226167662182032189844128_0_0
02-29 14:21:06.307  1025  1035 D secnvm  : commit 1 blocks starting from 0
02-29 14:21:06.307  1025  1035 D secnvm  : commit 1 hash blocks starting from 32768
02-29 14:21:06.307  1025  1035 D secnvm  : commit 1 blocks starting from 18432
02-29 14:21:06.307  1025  1035 D secnvm  : commit 1 hash blocks starting from 33632
02-29 14:21:06.308  1025  1035 D secnvm  : updated active file with transaction counter: 2503, m_is_ari_bypass: 1
02-29 14:21:06.308  1025  1035 D secnvm  : successfully updated DDR->flash (transaction counter: 2503)
02-29 14:21:06.308  1025  1035 D secnvm  : successfully commited to the backup file, save bytemap for the next time
02-29 14:21:06.308  1025  1035 D secnvm  : CommitOp::execute: m_is_skp [1] t_avg usec [4469] t_min [494] t_max [8058] count [34]
02-29 14:21:06.308  1025  1035 D secnvm  : CommitOp::execute: sync [2] write [0] read [0]
02-29 14:21:06.308  1025  1035 D spcomlib: [spcom_send_message] SPCom send message cmd: ch_name [sec_nvm_sp_nvm], buffer_size [50], timeout_ms [0]
02-29 14:21:06.308  1025  1035 D spcomlib: [spcom_ioctl] spcom_ioctl: command ID [1076384749]
02-29 14:21:06.309  1025  1035 D spcomlib: [spcom_send_message] SPCom send message cmd done: ch_name[sec_nvm_sp_nvm], ret[50]
02-29 14:21:06.309  1025  1035 D secnvm  : setNvmManagerState: is_skp:1, reqId:8, m_state=4
02-29 14:21:06.309  1025  1035 D spcomlib: [spcom_server_get_next_request_size] SPCom server get next request cmd: ch_name[sec_nvm_sp_nvm], next_req_size[135]
02-29 14:21:06.309  1025  1035 D spcomlib: [spcom_ioctl] spcom_ioctl: command ID [3223868399]
02-29 14:21:06.317   856   925 D SPL     : poll() ret [1].
02-29 14:21:06.318   856   925 D SPL     : pfd[0].revents [0x1].
02-29 14:21:06.318   856   925 D SPL     : pfd[1].revents [0x0].
02-29 14:21:06.318   856   925 D SPL     : IRQ Detected OK.
02-29 14:21:06.318   856   925 D SPL     : Send Response
02-29 14:21:06.318   856   925 D SPL     : QSEECom_send_resp() OK.
02-29 14:21:06.318   856   925 D SPL     : ==== Wait For Request ======
02-29 14:21:06.327  2577  2998 D BiometricDeferredQueue: Fingerprint addPendingLockoutResetForUser: 0
02-29 14:21:06.329   856   925 D SPL     : Handle Request
02-29 14:21:06.329   856   925 E SPL     : unknown cmd id [57005]
02-29 14:21:06.329   856   925 D SPL     : Send Response
02-29 14:21:06.329   856   925 D SPL     : QSEECom_send_resp() OK.
02-29 14:21:06.329   856   925 D SPL     : ==== Wait For Request ======
02-29 14:21:06.338   856   925 D SPL     : Handle Request
02-29 14:21:06.338   856   925 D SPL     : Dev node [/dev/qsee_ipc_irq_spss] opened OK.
02-29 14:21:06.338   856   925 D SPL     : timeout_msec [4000]
02-29 14:21:06.338   856   925 D SPL     : pfd[0].fd [51].
02-29 14:21:06.338   856   925 D SPL     : pfd[1].fd [44].
02-29 14:21:06.338   856   925 D SPL     : Call poll()
02-29 14:21:06.338   856   925 D SPL     : poll() ret [1].
02-29 14:21:06.338   856   925 D SPL     : pfd[0].revents [0x1].
02-29 14:21:06.338   856   925 D SPL     : pfd[1].revents [0x0].
02-29 14:21:06.338   856   925 D SPL     : IRQ Detected OK.
02-29 14:21:06.338   856   925 D SPL     : Send Response
02-29 14:21:06.338   856   925 D SPL     : QSEECom_send_resp() OK.
02-29 14:21:06.338   856   925 D SPL     : ==== Wait For Request ======
02-29 14:21:06.341   856   925 D SPL     : Handle Request
02-29 14:21:06.341   856   925 D SPL     : Dev node [/dev/qsee_ipc_irq_spss] opened OK.
02-29 14:21:06.341   856   925 D SPL     : timeout_msec [4000]
02-29 14:21:06.341   856   925 D SPL     : pfd[0].fd [51].
02-29 14:21:06.341   856   925 D SPL     : pfd[1].fd [44].
02-29 14:21:06.341   856   925 D SPL     : Call poll()
02-29 14:21:06.342  1025  1037 D spcomlib: [spcom_server_get_next_request_size] SPCom get next request size done: Channel name [sec_nvm_sp_keymaster], next_req_size [135]
02-29 14:21:06.343  1025  1037 D spcomlib: [spcom_get_message] SPCom get message cmd: ch_name [sec_nvm_sp_keymaster], buffer_size [135], timeout_ms [0]
02-29 14:21:06.343  1025  1037 D spcomlib: [spcom_ioctl] spcom_ioctl: command ID [3223868400]
02-29 14:21:06.343  1025  1037 D spcomlib: [spcom_get_message] SPCom get message cmd done: ch_name[sec_nvm_sp_keymaster], message size[135]
02-29 14:21:06.343  1025  1037 D spcomlib: [spcom_server_wait_for_request] SPCom server wait for request: Channel name: [sec_nvm_sp_keymaster], actual request size:[135]
02-29 14:21:06.343  1025  1037 D secnvm  : ch [sec_nvm_sp_keymaster] create new request: reqId = 2
02-29 14:21:06.343  1025  1037 D secnvm  : CommitOp::execute() start, m_is_skp [0]
02-29 14:21:06.343  1025  1037 D secnvm  : ch [sec_nvm_sp_keymaster] update segment#0 out of 1
02-29 14:21:06.343  1025  1037 D secnvm  : ch [sec_nvm_sp_keymaster] ari, no-skp: marker points to req CMAC
02-29 14:21:06.343  1025  1037 D secnvm  : file_marker=f93dd207526fd18fef755e2581314c2c
02-29 14:21:06.343  1025  1037 D secnvm  : marker=9d73b774c2fd98cb5c4c103e6955bb1c
02-29 14:21:06.343  1025  1037 D secnvm  : found marker for file
02-29 14:21:06.343  1025  1037 D secnvm  : m_is_ari: 1, m_is_ari_bypass: 0
02-29 14:21:06.343  1025  1037 D secnvm  : match marker of /mnt/vendor/persist/secnvm/471480361391619214618258156162147168243172_0_1
02-29 14:21:06.349  1025  1037 D secnvm  : commit 1 blocks starting from 0
02-29 14:21:06.349  1025  1037 D secnvm  : commit 1 hash blocks starting from 32768
02-29 14:21:06.350  1025  1037 D secnvm  : successfully updated DDR->flash (transaction counter: 510)
02-29 14:21:06.350  1025  1037 D secnvm  : successfully commited to the backup file, save bytemap for the next time
02-29 14:21:06.350  1025  1037 D secnvm  : CommitOp::execute: m_is_skp [0] t_avg usec [4544] t_min [494] t_max [8058] count [35]
02-29 14:21:06.350  1025  1037 D secnvm  : CommitOp::execute: sync [2] write [0] read [0]
02-29 14:21:06.350  1025  1037 D spcomlib: [spcom_send_message] SPCom send message cmd: ch_name [sec_nvm_sp_keymaster], buffer_size [50], timeout_ms [0]
02-29 14:21:06.350  1025  1037 D spcomlib: [spcom_ioctl] spcom_ioctl: command ID [1076384749]
02-29 14:21:06.350  1025  1037 D spcomlib: [spcom_send_message] SPCom send message cmd done: ch_name[sec_nvm_sp_keymaster], ret[50]
02-29 14:21:06.350  1025  1037 D secnvm  : setNvmManagerState: is_skp:0, reqId:2, m_state=4
02-29 14:21:06.350  1025  1037 D spcomlib: [spcom_server_get_next_request_size] SPCom server get next request cmd: ch_name[sec_nvm_sp_keymaster], next_req_size[135]
02-29 14:21:06.350  1025  1037 D spcomlib: [spcom_ioctl] spcom_ioctl: command ID [3223868399]
02-29 14:21:06.364  1025  1035 D spcomlib: [spcom_server_get_next_request_size] SPCom get next request size done: Channel name [sec_nvm_sp_nvm], next_req_size [135]
02-29 14:21:06.364  1025  1035 D spcomlib: [spcom_get_message] SPCom get message cmd: ch_name [sec_nvm_sp_nvm], buffer_size [135], timeout_ms [0]
02-29 14:21:06.364  1025  1035 D spcomlib: [spcom_ioctl] spcom_ioctl: command ID [3223868400]
02-29 14:21:06.364  1025  1035 D spcomlib: [spcom_get_message] SPCom get message cmd done: ch_name[sec_nvm_sp_nvm], message size[135]
02-29 14:21:06.364  1025  1035 D spcomlib: [spcom_server_wait_for_request] SPCom server wait for request: Channel name: [sec_nvm_sp_nvm], actual request size:[135]
02-29 14:21:06.364  1025  1035 D secnvm  : ch [sec_nvm_sp_nvm] create new request: reqId = 8
02-29 14:21:06.364  1025  1035 D secnvm  : CommitOp::execute() start, m_is_skp [1]
02-29 14:21:06.364  1025  1035 D secnvm  : ch [sec_nvm_sp_nvm] update segment#0 out of 1
02-29 14:21:06.364  1025  1035 D secnvm  : ch [sec_nvm_sp_nvm] ari, skp: marker points to req ARC
02-29 14:21:06.365  1025  1035 D secnvm  : found marker for file
02-29 14:21:06.365  1025  1035 D secnvm  : found marker for file
02-29 14:21:06.365  1025  1035 D secnvm  : m_is_ari: 1, m_is_ari_bypass: 1
02-29 14:21:06.365  1025  1035 D secnvm  : ari bypass: check counters
02-29 14:21:06.365  1025  1035 D secnvm  : counters: cnt0: 2502, cnt1: 2503
02-29 14:21:06.365  1025  1035 D secnvm  : match counter 2503 of /mnt/vendor/persist/secnvm/552412310573718226167662182032189844128_0_1
02-29 14:21:06.368  1025  1035 D secnvm  : commit 1 blocks starting from 0
02-29 14:21:06.368  1025  1035 D secnvm  : commit 1 hash blocks starting from 32768
02-29 14:21:06.368  1025  1035 D secnvm  : commit 1 blocks starting from 18432
02-29 14:21:06.368  1025  1035 D secnvm  : commit 1 hash blocks starting from 33632
02-29 14:21:06.370  1025  1035 D secnvm  : updated active file with transaction counter: 2504, m_is_ari_bypass: 1
02-29 14:21:06.370  1025  1035 D secnvm  : successfully updated DDR->flash (transaction counter: 2504)
02-29 14:21:06.370  1025  1035 D secnvm  : successfully commited to the backup file, save bytemap for the next time
02-29 14:21:06.370  1025  1035 D secnvm  : CommitOp::execute: m_is_skp [1] t_avg usec [4570] t_min [494] t_max [8058] count [36]
02-29 14:21:06.370  1025  1035 D secnvm  : CommitOp::execute: sync [2] write [0] read [0]
02-29 14:21:06.370  1025  1035 D spcomlib: [spcom_send_message] SPCom send message cmd: ch_name [sec_nvm_sp_nvm], buffer_size [50], timeout_ms [0]
02-29 14:21:06.370  1025  1035 D spcomlib: [spcom_ioctl] spcom_ioctl: command ID [1076384749]
02-29 14:21:06.370  1025  1035 D spcomlib: [spcom_send_message] SPCom send message cmd done: ch_name[sec_nvm_sp_nvm], ret[50]
02-29 14:21:06.370  1025  1035 D secnvm  : setNvmManagerState: is_skp:1, reqId:8, m_state=4
02-29 14:21:06.370  1025  1035 D spcomlib: [spcom_server_get_next_request_size] SPCom server get next request cmd: ch_name[sec_nvm_sp_nvm], next_req_size[135]
02-29 14:21:06.370  1025  1035 D spcomlib: [spcom_ioctl] spcom_ioctl: command ID [3223868399]
02-29 14:21:06.383  1025  1037 D spcomlib: [spcom_server_get_next_request_size] SPCom get next request size done: Channel name [sec_nvm_sp_keymaster], next_req_size [135]
02-29 14:21:06.383  1025  1037 D spcomlib: [spcom_get_message] SPCom get message cmd: ch_name [sec_nvm_sp_keymaster], buffer_size [135], timeout_ms [0]
02-29 14:21:06.383  1025  1037 D spcomlib: [spcom_ioctl] spcom_ioctl: command ID [3223868400]
02-29 14:21:06.383  1025  1037 D spcomlib: [spcom_get_message] SPCom get message cmd done: ch_name[sec_nvm_sp_keymaster], message size[135]
02-29 14:21:06.384  1025  1037 D spcomlib: [spcom_server_wait_for_request] SPCom server wait for request: Channel name: [sec_nvm_sp_keymaster], actual request size:[135]
02-29 14:21:06.384  1025  1037 D secnvm  : ch [sec_nvm_sp_keymaster] create new request: reqId = 2
02-29 14:21:06.384  1025  1037 D secnvm  : CommitOp::execute() start, m_is_skp [0]
02-29 14:21:06.384  1025  1037 D secnvm  : ch [sec_nvm_sp_keymaster] update segment#0 out of 1
02-29 14:21:06.384  1025  1037 D secnvm  : ch [sec_nvm_sp_keymaster] ari, no-skp: marker points to req CMAC
02-29 14:21:06.384  1025  1037 D secnvm  : found marker for file
02-29 14:21:06.384  1025  1037 D secnvm  : file_marker=9d73b774c2fd98cb5c4c103e6955bb1c
02-29 14:21:06.384  1025  1037 D secnvm  : marker=7cb40e29a0732141a49be0895daab8a8
02-29 14:21:06.384  1025  1037 D secnvm  : m_is_ari: 1, m_is_ari_bypass: 0
02-29 14:21:06.384  1025  1037 D secnvm  : match marker of /mnt/vendor/persist/secnvm/471480361391619214618258156162147168243172_0_0
02-29 14:21:06.387  1025  1037 D secnvm  : commit 1 blocks starting from 0
02-29 14:21:06.387  1025  1037 D secnvm  : commit 1 hash blocks starting from 32768
02-29 14:21:06.388  1025  1037 D secnvm  : successfully updated DDR->flash (transaction counter: 511)
02-29 14:21:06.388  1025  1037 D secnvm  : successfully commited to the backup file, save bytemap for the next time
02-29 14:21:06.389  1025  1037 D secnvm  : CommitOp::execute: m_is_skp [0] t_avg usec [4579] t_min [494] t_max [8058] count [37]
02-29 14:21:06.389  1025  1037 D secnvm  : CommitOp::execute: sync [2] write [0] read [0]
02-29 14:21:06.389  1025  1037 D spcomlib: [spcom_send_message] SPCom send message cmd: ch_name [sec_nvm_sp_keymaster], buffer_size [50], timeout_ms [0]
02-29 14:21:06.389  1025  1037 D spcomlib: [spcom_ioctl] spcom_ioctl: command ID [1076384749]
02-29 14:21:06.389  1025  1037 D spcomlib: [spcom_send_message] SPCom send message cmd done: ch_name[sec_nvm_sp_keymaster], ret[50]
02-29 14:21:06.389  1025  1037 D secnvm  : setNvmManagerState: is_skp:0, reqId:2, m_state=4
02-29 14:21:06.389  1025  1037 D spcomlib: [spcom_server_get_next_request_size] SPCom server get next request cmd: ch_name[sec_nvm_sp_keymaster], next_req_size[135]
02-29 14:21:06.389  1025  1037 D spcomlib: [spcom_ioctl] spcom_ioctl: command ID [3223868399]
02-29 14:21:06.402  1025  1035 D spcomlib: [spcom_server_get_next_request_size] SPCom get next request size done: Channel name [sec_nvm_sp_nvm], next_req_size [135]
02-29 14:21:06.402  1025  1035 D spcomlib: [spcom_get_message] SPCom get message cmd: ch_name [sec_nvm_sp_nvm], buffer_size [135], timeout_ms [0]
02-29 14:21:06.402  1025  1035 D spcomlib: [spcom_ioctl] spcom_ioctl: command ID [3223868400]
02-29 14:21:06.403  1025  1035 D spcomlib: [spcom_get_message] SPCom get message cmd done: ch_name[sec_nvm_sp_nvm], message size[135]
02-29 14:21:06.403  1025  1035 D spcomlib: [spcom_server_wait_for_request] SPCom server wait for request: Channel name: [sec_nvm_sp_nvm], actual request size:[135]
02-29 14:21:06.403  1025  1035 D secnvm  : ch [sec_nvm_sp_nvm] create new request: reqId = 8
02-29 14:21:06.403  1025  1035 D secnvm  : CommitOp::execute() start, m_is_skp [1]
02-29 14:21:06.403  1025  1035 D secnvm  : ch [sec_nvm_sp_nvm] update segment#0 out of 1
02-29 14:21:06.403  1025  1035 D secnvm  : ch [sec_nvm_sp_nvm] ari, skp: marker points to req ARC
02-29 14:21:06.403  1025  1035 D secnvm  : found marker for file
02-29 14:21:06.403  1025  1035 D secnvm  : found marker for file
02-29 14:21:06.403  1025  1035 D secnvm  : m_is_ari: 1, m_is_ari_bypass: 1
02-29 14:21:06.403  1025  1035 D secnvm  : ari bypass: check counters
02-29 14:21:06.403  1025  1035 D secnvm  : counters: cnt0: 2504, cnt1: 2503
02-29 14:21:06.403  1025  1035 D secnvm  : match counter 2504 of /mnt/vendor/persist/secnvm/552412310573718226167662182032189844128_0_0
02-29 14:21:06.409  1025  1035 D secnvm  : commit 1 blocks starting from 0
02-29 14:21:06.409  1025  1035 D secnvm  : commit 1 hash blocks starting from 32768
02-29 14:21:06.410  1025  1035 D secnvm  : commit 1 blocks starting from 18432
02-29 14:21:06.410  1025  1035 D secnvm  : commit 1 hash blocks starting from 33632
02-29 14:21:06.411  1025  1035 D secnvm  : updated active file with transaction counter: 2505, m_is_ari_bypass: 1
02-29 14:21:06.411  1025  1035 D secnvm  : successfully updated DDR->flash (transaction counter: 2505)
02-29 14:21:06.411  1025  1035 D secnvm  : successfully commited to the backup file, save bytemap for the next time
02-29 14:21:06.411  1025  1035 D secnvm  : CommitOp::execute: m_is_skp [1] t_avg usec [4667] t_min [494] t_max [8058] count [38]
02-29 14:21:06.411  1025  1035 D secnvm  : CommitOp::execute: sync [2] write [0] read [0]
02-29 14:21:06.411  1025  1035 D spcomlib: [spcom_send_message] SPCom send message cmd: ch_name [sec_nvm_sp_nvm], buffer_size [50], timeout_ms [0]
02-29 14:21:06.411  1025  1035 D spcomlib: [spcom_ioctl] spcom_ioctl: command ID [1076384749]
02-29 14:21:06.411  1025  1035 D spcomlib: [spcom_send_message] SPCom send message cmd done: ch_name[sec_nvm_sp_nvm], ret[50]
02-29 14:21:06.411  1025  1035 D secnvm  : setNvmManagerState: is_skp:1, reqId:8, m_state=4
02-29 14:21:06.412  1025  1035 D spcomlib: [spcom_server_get_next_request_size] SPCom server get next request cmd: ch_name[sec_nvm_sp_nvm], next_req_size[135]
02-29 14:21:06.412  1025  1035 D spcomlib: [spcom_ioctl] spcom_ioctl: command ID [3223868399]
02-29 14:21:06.420   856   925 D SPL     : poll() ret [1].
02-29 14:21:06.420   856   925 D SPL     : pfd[0].revents [0x1].
02-29 14:21:06.420   856   925 D SPL     : pfd[1].revents [0x0].
02-29 14:21:06.420   856   925 D SPL     : IRQ Detected OK.
02-29 14:21:06.420   856   925 D SPL     : Send Response
02-29 14:21:06.421   856   925 D SPL     : QSEECom_send_resp() OK.
02-29 14:21:06.421   856   925 D SPL     : ==== Wait For Request ======
02-29 14:21:06.431  1029  1061 I keystore2: keystore2::authorization: on_lock_screen_event(LockScreenEvent(0), user_id=0, password.is_some()=true, unlocking_sids=None)
02-29 14:21:06.440  3163  3163 D FingerprintManager: Cancel fingerprint authentication requested for: 2
02-29 14:21:06.441  2577  3088 D Fingerprint21: cancelAuthentication, sensorId: 0
02-29 14:21:06.441  2577  2577 D BiometricScheduler/Fingerprint21: cancelAuthenticationOrDetection, requestId: 2
02-29 14:21:06.441  2577  2577 D BiometricScheduler/Fingerprint21: Cancelling auth/detect op: {[9] com.android.server.biometrics.sensors.fingerprint.hidl.FingerprintAuthenticationClient, proto=3, owner=com.android.systemui, cookie=0, requestId=2, userId=0}, State: 2
02-29 14:21:06.441  2577  2577 D BiometricSchedulerOperation: [Cancelling] Current client: {[9] com.android.server.biometrics.sensors.fingerprint.hidl.FingerprintAuthenticationClient, proto=3, owner=com.android.systemui, cookie=0, requestId=2, userId=0}
02-29 14:21:06.444  2577  3088 D ActivityTaskManager: Top Process State changed to PROCESS_STATE_TOP
02-29 14:21:06.447  1029  1061 I keystore2: keystore2::super_key: In unlock_and_get_user_state. Trying to unlock when already unlocked.
02-29 14:21:06.447  2577  3333 I LockSettingsService: Unlocking user 0 with secret only, length 32
02-29 14:21:06.447  2577  3333 D LockSettingsService: unlockUser finished
02-29 14:21:06.447  2577  3333 D SystemServerTiming: finishUserUnlocking-0
02-29 14:21:06.447  2577  3333 W ActivityManager: UserLifecycleEvent 5 received without an active userJourneySession.
02-29 14:21:06.447  2577  3333 D LockSettingsService: unlockUser finished
02-29 14:21:06.447  2577  3333 I LockSettingsService: Disabling escrow token on user 0
02-29 14:21:06.447  2577  2577 D Fingerprint21: handleError, client: FingerprintAuthenticationClient, error: 5, vendorCode: 0
02-29 14:21:06.447  2577  2577 D Biometrics/AcquisitionClient: onErrorInternal code: 5, finish: true
02-29 14:21:06.447  2577  2577 V BiometricLogger: Error latency: -1
02-29 14:21:06.447  2577  2577 W BiometricFrameworkStatsLogger: found a negative latency : -1
02-29 14:21:06.448  2577  2577 D BiometricStateCallback: Client finished, state updated to 0, client {[9] com.android.server.biometrics.sensors.fingerprint.hidl.FingerprintAuthenticationClient, proto=3, owner=com.android.systemui, cookie=0, requestId=2, userId=0}
02-29 14:21:06.448  2577  2577 D BiometricSchedulerOperation: [Finished / destroy]: {[9] com.android.server.biometrics.sensors.fingerprint.hidl.FingerprintAuthenticationClient, proto=3, owner=com.android.systemui, cookie=0, requestId=2, userId=0}
02-29 14:21:06.448  2577  2577 V BiometricCoexCoordinator: no haptic shouldUsuallyVibrate: false, hapticSuppressedByCoex: false
02-29 14:21:06.448  2577  2998 D BiometricDeferredQueue: Processing pending resetLockout for fingerprint
02-29 14:21:06.449  2577  2577 D BiometricScheduler/Fingerprint21: [Finishing] {[9] com.android.server.biometrics.sensors.fingerprint.hidl.FingerprintAuthenticationClient, proto=3, owner=com.android.systemui, cookie=0, requestId=2, userId=0}, success: false
02-29 14:21:06.449  2577  2577 D BiometricCoexCoordinator: removeAuthenticationClient(Udfps), client: {[9] com.android.server.biometrics.sensors.fingerprint.hidl.FingerprintAuthenticationClient, proto=3, owner=com.android.systemui, cookie=0, requestId=2, userId=0}
02-29 14:21:06.449  2577  2577 D GestureAvailabilityTracker: Notifying gesture availability, active=true
02-29 14:21:06.449  2577  2577 D BiometricScheduler/Fingerprint21: No operations, returning to idle
02-29 14:21:06.449  2577  2577 D BiometricScheduler/Fingerprint21: [Added] {[10] com.android.server.biometrics.sensors.fingerprint.hidl.FingerprintResetLockoutClient, proto=12, owner=android, cookie=0, requestId=-1, userId=0}, new queue size: 1
02-29 14:21:06.449  2577  2577 D BiometricScheduler/Fingerprint21: [Polled] {[10] com.android.server.biometrics.sensors.fingerprint.hidl.FingerprintResetLockoutClient, proto=12, owner=android, cookie=0, requestId=-1, userId=0}, State: 0
02-29 14:21:06.449  2577  2577 D BiometricScheduler/Fingerprint21: [Started] {[10] com.android.server.biometrics.sensors.fingerprint.hidl.FingerprintResetLockoutClient, proto=12, owner=android, cookie=0, requestId=-1, userId=0}
02-29 14:21:06.451  2577  2577 D BiometricSchedulerOperation: [Finished / destroy]: {[10] com.android.server.biometrics.sensors.fingerprint.hidl.FingerprintResetLockoutClient, proto=12, owner=android, cookie=0, requestId=-1, userId=0}
02-29 14:21:06.451  2577  2577 V BiometricSchedulerOperation: started: {[10] com.android.server.biometrics.sensors.fingerprint.hidl.FingerprintResetLockoutClient, proto=12, owner=android, cookie=0, requestId=-1, userId=0}, State: 5
02-29 14:21:06.451  2577  2577 D BiometricScheduler/Fingerprint21: [Finishing] {[10] com.android.server.biometrics.sensors.fingerprint.hidl.FingerprintResetLockoutClient, proto=12, owner=android, cookie=0, requestId=-1, userId=0}, success: true
02-29 14:21:06.451  2577  2577 D BiometricScheduler/Fingerprint21: No operations, returning to idle
02-29 14:21:06.454  2577  6285 D CoreBackPreview: Window{55da0db u0 UdfpsControllerOverlay}: Setting back callback null
02-29 14:21:06.820  1029  1061 I keystore2: keystore2::authorization: on_lock_screen_event(LockScreenEvent(0), user_id=0, password.is_some()=false, unlocking_sids=Some([2744201988114659248]))
02-29 14:21:06.850  2577  3088 D SystemServerTiming: getUserSwitchability-0
02-29 14:21:06.850  2577  3088 D SystemServerTiming: TM.isInCall
02-29 14:21:06.850  2577  3088 D SystemServerTiming: hasUserRestriction-DISALLOW_USER_SWITCH
02-29 14:21:06.850  2577  3088 D SystemServerTiming: getInt-ALLOW_USER_SWITCHING_WHEN_SYSTEM_USER_LOCKED
02-29 14:21:06.850  2577  3088 D SystemServerTiming: isUserUnlocked-USER_SYSTEM
02-29 14:21:17.325  1029  6996 I keystore2: keystore2::watchdog: Watchdog thread idle -> terminating. Have a great day.
02-29 14:21:21.657  2577  2577 I PowerManagerService: onFlip(): Face down.
02-29 14:21:21.666  2577  2722 V DisplayPowerController[0]: Brightness [0.05] reason changing to: 'manual [ dim ]', previous reason: 'manual'.
02-29 14:21:21.667  2577  2722 I DisplayPowerController[0]: BrightnessEvent: disp=0, physDisp=local:4630946485866599555, brt=0.05, initBrt=0.39763778, rcmdBrt=NaN, preBrt=NaN, lux=0.0, preLux=0.0, hbmMax=1.0, hbmMode=off, rbcStrength=50, powerFactor=1.0, thrmMax=1.0, wasShortTermModelActive=false, flags=, reason=manual [ dim ], autoBrightness=false
02-29 14:21:22.301  2577  2722 I DisplayPowerController[0]: BrightnessEvent: disp=0, physDisp=local:4630946485866599555, brt=0.05, initBrt=0.05, rcmdBrt=NaN, preBrt=NaN, lux=0.0, preLux=0.0, hbmMax=1.0, hbmMode=off, rbcStrength=50, powerFactor=1.0, thrmMax=1.0, wasShortTermModelActive=false, flags=, reason=manual [ dim ], autoBrightness=false
02-29 14:21:26.375  1224  1245 E NetlinkEvent: NetlinkEvent::FindParam(): Parameter 'INTERFACE' not found
02-29 14:21:26.375  1224  1245 E NetlinkEvent: NetlinkEvent::FindParam(): Parameter 'STATE' not found
02-29 14:21:26.375  1224  1245 E NetlinkEvent: NetlinkEvent::FindParam(): Parameter 'TIME_NS' not found
02-29 14:21:26.375  1224  1245 E NetlinkEvent: NetlinkEvent::FindParam(): Parameter 'UID' not found
02-29 14:21:28.667  2577  2722 I PowerGroup: Powering off display group due to timeout (groupId= 0, uid= 1000, millisSinceLastUserActivity=7008, lastUserActivityEvent=faceDown)...
02-29 14:21:28.668  2577  2722 I PowerManagerService: Going to sleep due to timeout (uid 1000, screenOffTimeout=1800000, activityTimeoutWM=-1, maxDimRatio=0.20000005, maxDimDur=7000)...
02-29 14:21:28.675  2577  2577 D OomAdjuster: Not killing cached processes
02-29 14:21:28.685  2577  3247 D CompatibilityChangeReporter: Compat change id reported: 171306433; UID 10111; state: ENABLED
02-29 14:21:28.685  2577  3247 D CompatibilityChangeReporter: Compat change id reported: 218533173; UID 10111; state: ENABLED
02-29 14:21:28.692  2577  3247 D BiometricUtils: isEncrypted: false isLockdown: false
02-29 14:21:28.692  2577  2577 D BiometricScheduler/Fingerprint21: [Added] {[11] com.android.server.biometrics.sensors.fingerprint.hidl.FingerprintUpdateActiveUserClient, proto=1, owner=android, cookie=0, requestId=-1, userId=0}, new queue size: 1
02-29 14:21:28.692  2577  2577 D BiometricScheduler/Fingerprint21: [Polled] {[11] com.android.server.biometrics.sensors.fingerprint.hidl.FingerprintUpdateActiveUserClient, proto=1, owner=android, cookie=0, requestId=-1, userId=0}, State: 0
02-29 14:21:28.693  2577  2577 D BiometricScheduler/Fingerprint21: [Started] {[11] com.android.server.biometrics.sensors.fingerprint.hidl.FingerprintUpdateActiveUserClient, proto=1, owner=android, cookie=0, requestId=-1, userId=0}
02-29 14:21:28.693  2577  2577 D FingerprintUpdateActiveUserClient: Already user: com.android.server.biometrics.sensors.fingerprint.hidl.Fingerprint21$$ExternalSyntheticLambda20@e0d17, returning
02-29 14:21:28.694  2577  2577 D BiometricSchedulerOperation: [Finished / destroy]: {[11] com.android.server.biometrics.sensors.fingerprint.hidl.FingerprintUpdateActiveUserClient, proto=1, owner=android, cookie=0, requestId=-1, userId=0}
02-29 14:21:28.694  2577  2577 V BiometricSchedulerOperation: started: {[11] com.android.server.biometrics.sensors.fingerprint.hidl.FingerprintUpdateActiveUserClient, proto=1, owner=android, cookie=0, requestId=-1, userId=0}, State: 5
02-29 14:21:28.696  2577  2577 D BiometricScheduler/Fingerprint21: [Added] {[12] com.android.server.biometrics.sensors.fingerprint.hidl.FingerprintAuthenticationClient, proto=3, owner=com.android.systemui, cookie=0, requestId=3, userId=0}, new queue size: 1
02-29 14:21:28.696  2577  2577 V BiometricScheduler/Fingerprint21: Not idle, current operation: {[11] com.android.server.biometrics.sensors.fingerprint.hidl.FingerprintUpdateActiveUserClient, proto=1, owner=android, cookie=0, requestId=-1, userId=0}, State: 5
02-29 14:21:28.699  2577  2577 D BiometricScheduler/Fingerprint21: [Finishing] {[11] com.android.server.biometrics.sensors.fingerprint.hidl.FingerprintUpdateActiveUserClient, proto=1, owner=android, cookie=0, requestId=-1, userId=0}, success: true
02-29 14:21:28.699  2577  2577 D BiometricScheduler/Fingerprint21: [Polled] {[12] com.android.server.biometrics.sensors.fingerprint.hidl.FingerprintAuthenticationClient, proto=3, owner=com.android.systemui, cookie=0, requestId=3, userId=0}, State: 0
02-29 14:21:28.700  2577  2577 D GestureAvailabilityTracker: Notifying gesture availability, active=false
02-29 14:21:28.700  2577  2577 D BiometricScheduler/Fingerprint21: [Started] {[12] com.android.server.biometrics.sensors.fingerprint.hidl.FingerprintAuthenticationClient, proto=3, owner=com.android.systemui, cookie=0, requestId=3, userId=0}
02-29 14:21:28.701  2577  2577 D BiometricCoexCoordinator: addAuthenticationClient(Udfps), client: {[12] com.android.server.biometrics.sensors.fingerprint.hidl.FingerprintAuthenticationClient, proto=3, owner=com.android.systemui, cookie=0, requestId=3, userId=0}
02-29 14:21:28.701  2577  2577 D BiometricStateCallback: State updated from 0 to 2, client {[12] com.android.server.biometrics.sensors.fingerprint.hidl.FingerprintAuthenticationClient, proto=3, owner=com.android.systemui, cookie=0, requestId=3, userId=0}
02-29 14:21:28.702  2577  2577 D Biometrics/AuthenticationClient: Requesting auth for com.android.systemui
02-29 14:21:28.710  2577  2577 V BiometricSchedulerOperation: started: {[12] com.android.server.biometrics.sensors.fingerprint.hidl.FingerprintAuthenticationClient, proto=3, owner=com.android.systemui, cookie=0, requestId=3, userId=0}, State: 2
02-29 14:21:28.711  2577  2577 V Biometrics/AcquisitionClient: Acquired: 6 1, shouldSend: true
02-29 14:21:28.711  2577  2722 V DisplayPowerController[0]: Brightness [0.39763778] reason changing to: 'manual', previous reason: 'manual [ dim ]'.
02-29 14:21:28.711  2577  2722 I DisplayPowerController[0]: BrightnessEvent: disp=0, physDisp=local:4630946485866599555, brt=0.39763778, initBrt=0.05, rcmdBrt=NaN, preBrt=NaN, lux=0.0, preLux=0.0, hbmMax=1.0, hbmMode=off, rbcStrength=50, powerFactor=1.0, thrmMax=1.0, wasShortTermModelActive=false, flags=, reason=manual, autoBrightness=false
02-29 14:21:28.732  3163  3163 W FingerprintManager: Invalid acquired message: 6, 1
02-29 14:21:28.733  2577  3247 D CoreBackPreview: Window{44bb09c u0 UdfpsControllerOverlay}: Setting back callback OnBackInvokedCallbackInfo{mCallback=android.window.IOnBackInvokedCallback$Stub$Proxy@9dd5e7a, mPriority=0}
02-29 14:21:29.121  2577  2722 I DisplayPowerController[0]: Blocking screen off
02-29 14:21:29.122  2577  2722 I DisplayPowerController[0]: Unblocked screen off after 1 ms
02-29 14:21:29.132  2577  2722 D ActivityTaskManager: Top Process State changed to PROCESS_STATE_TOP_SLEEPING
02-29 14:21:29.149  2577  2722 V DisplayPowerController[0]: Brightness [0.0] reason changing to: 'screen_off', previous reason: 'manual'.
02-29 14:21:29.150  2577  2722 I DisplayPowerController[0]: BrightnessEvent: disp=0, physDisp=local:4630946485866599555, brt=0.0, initBrt=0.39763778, rcmdBrt=NaN, preBrt=NaN, lux=0.0, preLux=0.0, hbmMax=1.0, hbmMode=off, rbcStrength=50, powerFactor=1.0, thrmMax=1.0, wasShortTermModelActive=false, flags=, reason=screen_off, autoBrightness=false
02-29 14:21:29.150  2577  2722 I DisplayPowerController[0]: BrightnessEvent: disp=0, physDisp=local:4630946485866599555, brt=0.0, initBrt=0.0, rcmdBrt=NaN, preBrt=NaN, lux=0.0, preLux=0.0, hbmMax=1.0, hbmMode=off, rbcStrength=50, powerFactor=1.0, thrmMax=1.0, wasShortTermModelActive=false, flags=, reason=screen_off, autoBrightness=false
02-29 14:21:29.155  2577  2686 I DisplayDeviceRepository: Display device changed state: "Built-in Screen", OFF
02-29 14:21:29.161  2577  2687 I DisplayDevice: [0] Layerstack set to -1 for local:4630946485866599555
02-29 14:21:29.316  2577  2722 I DisplayPowerController[0]: BrightnessEvent: disp=0, physDisp=local:4630946485866599555, brt=0.0, initBrt=0.0, rcmdBrt=NaN, preBrt=NaN, lux=0.0, preLux=0.0, hbmMax=1.0, hbmMode=off, rbcStrength=50, powerFactor=1.0, thrmMax=1.0, wasShortTermModelActive=false, flags=, reason=screen_off, autoBrightness=false
02-29 14:21:29.317  2577  2686 I DisplayDeviceRepository: Display device changed state: "Built-in Screen", OFF
02-29 14:21:29.322  2577  2722 I DreamManagerService: Entering dreamland.
02-29 14:21:29.324  2577  2722 I PowerManagerService: Dozing...
02-29 14:21:29.326  2577  2683 I DreamController: Starting dream: name=ComponentInfo{com.android.systemui/com.android.systemui.doze.DozeService}, isPreviewMode=false, canDoze=true, userId=0, reason='power manager request'
02-29 14:21:29.366  2577  2722 I DisplayPowerController[0]: BrightnessEvent: disp=0, physDisp=local:4630946485866599555, brt=0.0, initBrt=0.0, rcmdBrt=NaN, preBrt=NaN, lux=0.0, preLux=0.0, hbmMax=1.0, hbmMode=off, rbcStrength=50, powerFactor=1.0, thrmMax=1.0, wasShortTermModelActive=false, flags=, reason=screen_off, autoBrightness=false
02-29 14:21:29.372  2577  2577 I PowerManagerService: onFlip(): Face up.
02-29 14:21:29.420  2577  3083 D SystemServerTiming: getUserSwitchability-0
02-29 14:21:29.420  2577  3083 D SystemServerTiming: TM.isInCall
02-29 14:21:29.420  2577  3083 D SystemServerTiming: hasUserRestriction-DISALLOW_USER_SWITCH
02-29 14:21:29.420  2577  3083 D SystemServerTiming: getInt-ALLOW_USER_SWITCHING_WHEN_SYSTEM_USER_LOCKED
02-29 14:21:29.420  2577  3083 D SystemServerTiming: isUserUnlocked-USER_SYSTEM
02-29 14:21:29.421  2577  6287 D SystemServerTiming: getUserSwitchability-0
02-29 14:21:29.421  2577  6287 D SystemServerTiming: TM.isInCall
02-29 14:21:29.422  2577  6287 D SystemServerTiming: hasUserRestriction-DISALLOW_USER_SWITCH
02-29 14:21:29.422  2577  6287 D SystemServerTiming: getInt-ALLOW_USER_SWITCHING_WHEN_SYSTEM_USER_LOCKED
02-29 14:21:29.422  2577  6287 D SystemServerTiming: isUserUnlocked-USER_SYSTEM
02-29 14:21:30.367  1224  1245 E NetlinkEvent: NetlinkEvent::FindParam(): Parameter 'INTERFACE' not found
02-29 14:21:30.367  1224  1245 E NetlinkEvent: NetlinkEvent::FindParam(): Parameter 'STATE' not found
02-29 14:21:30.367  1224  1245 E NetlinkEvent: NetlinkEvent::FindParam(): Parameter 'TIME_NS' not found
02-29 14:21:30.367  1224  1245 E NetlinkEvent: NetlinkEvent::FindParam(): Parameter 'UID' not found
02-29 14:21:35.031  1024  1072 E spcomlib: [spcom_ioctl] IOCTL failed: ret[-1], error [-4]
02-29 14:21:35.031  1024  1072 E spcomlib: [spcom_check_link_up_state] SPCom check for link up interrupted - ioctl ret[-4], cmd ret[0], wait[1]
02-29 14:21:35.031  1024  1072 D spcomlib: [spcom_check_link_up_state] SPCom check for link up retry interrupted call
02-29 14:21:35.031  1024  1072 D spcomlib: [spcom_ioctl] spcom_ioctl: command ID [3222295528]
02-29 14:21:35.031  1025  1066 E spcomlib: [spcom_ioctl] IOCTL failed: ret[-1], error [-4]
02-29 14:21:35.031  1025  1066 E spcomlib: [spcom_check_link_up_state] SPCom check for link up interrupted - ioctl ret[-4], cmd ret[0], wait[1]
02-29 14:21:35.031  1025  1066 D spcomlib: [spcom_check_link_up_state] SPCom check for link up retry interrupted call
02-29 14:21:35.031  1025  1066 D spcomlib: [spcom_ioctl] spcom_ioctl: command ID [3222295528]
02-29 14:21:35.032  1317  1400 E spcomlib: [spcom_ioctl] IOCTL failed: ret[-1], error [-4]
02-29 14:21:35.033  1318  2868 E spcomlib: [spcom_ioctl] IOCTL failed: ret[-1], error [-4]
02-29 14:21:35.033  1317  1400 E spcomlib: [spcom_check_link_up_state] SPCom check for link up interrupted - ioctl ret[-4], cmd ret[0], wait[1]
02-29 14:21:35.033  1317  1400 D spcomlib: [spcom_check_link_up_state] SPCom check for link up retry interrupted call
02-29 14:21:35.033  1317  1400 D spcomlib: [spcom_ioctl] spcom_ioctl: command ID [3222295528]
02-29 14:21:35.033  1318  2868 E spcomlib: [spcom_check_link_up_state] SPCom check for link up interrupted - ioctl ret[-4], cmd ret[0], wait[1]
02-29 14:21:35.033  1318  2868 D spcomlib: [spcom_check_link_up_state] SPCom check for link up retry interrupted call
02-29 14:21:35.033  1318  2868 D spcomlib: [spcom_ioctl] spcom_ioctl: command ID [3222295528]
02-29 14:21:35.109  1029  1061 I keystore2: keystore2::authorization: on_lock_screen_event(LockScreenEvent(1), user_id=0, password.is_some()=false, unlocking_sids=Some([2744201988114659248]))
02-29 14:21:35.110  1029  1061 I keystore2: keystore2::super_key: Locking screen bound for user 0 sids [2744201988114659248]
02-29 14:21:35.131  2577  6287 D SystemServerTiming: getUserSwitchability-0
02-29 14:21:35.131  2577  6287 D SystemServerTiming: TM.isInCall
02-29 14:21:35.131  2577  6287 D SystemServerTiming: hasUserRestriction-DISALLOW_USER_SWITCH
02-29 14:21:35.132  2577  6287 D SystemServerTiming: getInt-ALLOW_USER_SWITCHING_WHEN_SYSTEM_USER_LOCKED
02-29 14:21:35.132  2577  6287 D SystemServerTiming: isUserUnlocked-USER_SYSTEM
02-29 14:22:00.007  1024  1072 E spcomlib: [spcom_ioctl] IOCTL failed: ret[-1], error [-4]
02-29 14:22:00.007  1024  1072 E spcomlib: [spcom_check_link_up_state] SPCom check for link up interrupted - ioctl ret[-4], cmd ret[0], wait[1]
02-29 14:22:00.007  1024  1072 D spcomlib: [spcom_check_link_up_state] SPCom check for link up retry interrupted call
02-29 14:22:00.007  1025  1066 E spcomlib: [spcom_ioctl] IOCTL failed: ret[-1], error [-4]
02-29 14:22:00.007  1024  1072 D spcomlib: [spcom_ioctl] spcom_ioctl: command ID [3222295528]
02-29 14:22:00.008  1025  1066 E spcomlib: [spcom_check_link_up_state] SPCom check for link up interrupted - ioctl ret[-4], cmd ret[0], wait[1]
02-29 14:22:00.008  1025  1066 D spcomlib: [spcom_check_link_up_state] SPCom check for link up retry interrupted call
02-29 14:22:00.008  1025  1066 D spcomlib: [spcom_ioctl] spcom_ioctl: command ID [3222295528]
02-29 14:22:00.010  1317  1400 E spcomlib: [spcom_ioctl] IOCTL failed: ret[-1], error [-4]
02-29 14:22:00.010  1317  1400 E spcomlib: [spcom_check_link_up_state] SPCom check for link up interrupted - ioctl ret[-4], cmd ret[0], wait[1]
02-29 14:22:00.010  1317  1400 D spcomlib: [spcom_check_link_up_state] SPCom check for link up retry interrupted call
02-29 14:22:00.010  1317  1400 D spcomlib: [spcom_ioctl] spcom_ioctl: command ID [3222295528]
02-29 14:22:00.010  1318  2868 E spcomlib: [spcom_ioctl] IOCTL failed: ret[-1], error [-4]
02-29 14:22:00.010  1318  2868 E spcomlib: [spcom_check_link_up_state] SPCom check for link up interrupted - ioctl ret[-4], cmd ret[0], wait[1]
02-29 14:22:00.010  1318  2868 D spcomlib: [spcom_check_link_up_state] SPCom check for link up retry interrupted call
02-29 14:22:00.010  1318  2868 D spcomlib: [spcom_ioctl] spcom_ioctl: command ID [3222295528]
02-29 14:22:00.285  1024  1072 E spcomlib: [spcom_ioctl] IOCTL failed: ret[-1], error [-4]
02-29 14:22:00.285  1024  1072 E spcomlib: [spcom_check_link_up_state] SPCom check for link up interrupted - ioctl ret[-4], cmd ret[0], wait[1]
02-29 14:22:00.285  1024  1072 D spcomlib: [spcom_check_link_up_state] SPCom check for link up retry interrupted call
02-29 14:22:00.285  1024  1072 D spcomlib: [spcom_ioctl] spcom_ioctl: command ID [3222295528]
02-29 14:22:00.285  1025  1066 E spcomlib: [spcom_ioctl] IOCTL failed: ret[-1], error [-4]
02-29 14:22:00.285  1025  1066 E spcomlib: [spcom_check_link_up_state] SPCom check for link up interrupted - ioctl ret[-4], cmd ret[0], wait[1]
02-29 14:22:00.285  1025  1066 D spcomlib: [spcom_check_link_up_state] SPCom check for link up retry interrupted call
02-29 14:22:00.285  1025  1066 D spcomlib: [spcom_ioctl] spcom_ioctl: command ID [3222295528]
02-29 14:22:00.286  1318  2868 E spcomlib: [spcom_ioctl] IOCTL failed: ret[-1], error [-4]
02-29 14:22:00.286  1318  2868 E spcomlib: [spcom_check_link_up_state] SPCom check for link up interrupted - ioctl ret[-4], cmd ret[0], wait[1]
02-29 14:22:00.286  1318  2868 D spcomlib: [spcom_check_link_up_state] SPCom check for link up retry interrupted call
02-29 14:22:00.286  1318  2868 D spcomlib: [spcom_ioctl] spcom_ioctl: command ID [3222295528]
02-29 14:22:00.292  1317  1400 E spcomlib: [spcom_ioctl] IOCTL failed: ret[-1], error [-4]
