02-29 14:17:24.996  2577  2577 E BootReceiver: 	at com.android.internal.os.RuntimeInit$MethodAndArgsCaller.run(RuntimeInit.java:548)
02-29 14:17:24.996  2577  2577 E BootReceiver: 	at com.android.internal.os.ZygoteInit.main(ZygoteInit.java:920)
02-29 14:17:24.999  2577  2697 I DropBoxManagerService: add tag=system_server_wtf isTagEnabled=true flags=0x2
02-29 14:17:25.001  2577  5422 I DropBoxManagerService: add tag=SYSTEM_BOOT isTagEnabled=true flags=0x2
02-29 14:17:25.002  2577  5422 I BootReceiver: Copying audit failures to DropBox
02-29 14:17:25.004  2577  5422 I BootReceiver: Checking for fsck errors
02-29 14:17:25.005  2577  5422 I BootReceiver: fs_stat, partition:persist stat:0x3
02-29 14:17:25.006  2577  5422 I BootReceiver: fs_stat, partition:dsp_a stat:0x3
02-29 14:17:25.006  2577  5422 I BootReceiver: fs_stat, partition:vm-bootsys_a stat:0x3
02-29 14:17:25.006  2577  5422 I BootReceiver: fs_stat, partition:vm-persist stat:0x3
02-29 14:17:25.014  2577  5422 D CompatibilityChangeReporter: Compat change id reported: 135634846; UID 10024; state: DISABLED
02-29 14:17:25.014  2577  5422 D CompatibilityChangeReporter: Compat change id reported: 177438394; UID 10024; state: DISABLED
02-29 14:17:25.014  2577  5422 D CompatibilityChangeReporter: Compat change id reported: 135772972; UID 10024; state: DISABLED
02-29 14:17:25.014  2577  5422 D CompatibilityChangeReporter: Compat change id reported: 135754954; UID 10024; state: ENABLED
02-29 14:17:25.015  2577  2699 D CompatibilityChangeReporter: Compat change id reported: 143937733; UID 10024; state: ENABLED
02-29 14:17:25.023  2577  2699 I ActivityManager: Start proc 5430:android.process.media/u0a24 for content provider {com.android.providers.downloads/com.android.providers.downloads.DownloadProvider}
02-29 14:17:25.028  5221  5221 W ContextImpl: Calling a method in the system process without a qualified user: android.app.ContextImpl.startService:1863 android.content.ContextWrapper.startService:817 android.content.ContextWrapper.startService:817 com.qualcomm.qti.services.secureui.BootReceiver.onReceive:30 android.app.ActivityThread.handleReceiver:4307 
02-29 14:17:25.031  2577  3247 D CompatibilityChangeReporter: Compat change id reported: 168419799; UID 10099; state: DISABLED
02-29 14:17:25.031  2577  3247 D CompatibilityChangeReporter: Compat change id reported: 273564678; UID 10099; state: DISABLED
02-29 14:17:25.032  2577  3247 D CoreBackPreview: Window{431267b u0 com.android.settings/com.android.settings.FallbackHome}: Setting back callback null
02-29 14:17:25.043  2577  3071 D CompatibilityChangeReporter: Compat change id reported: 168419799; UID 10024; state: DISABLED
02-29 14:17:25.043  2577  3071 D CompatibilityChangeReporter: Compat change id reported: 273564678; UID 10024; state: DISABLED
02-29 14:17:25.047  1224  1245 E NetlinkEvent: NetlinkEvent::FindParam(): Parameter 'INTERFACE' not found
02-29 14:17:25.047  1224  1245 E NetlinkEvent: NetlinkEvent::FindParam(): Parameter 'STATE' not found
02-29 14:17:25.047  1224  1245 E NetlinkEvent: NetlinkEvent::FindParam(): Parameter 'TIME_NS' not found
02-29 14:17:25.047  1224  1245 E NetlinkEvent: NetlinkEvent::FindParam(): Parameter 'UID' not found
02-29 14:17:25.048  2577  3089 D CompatibilityChangeReporter: Compat change id reported: 214016041; UID 10110; state: ENABLED
02-29 14:17:25.050  2577  3089 D CompatibilityChangeReporter: Compat change id reported: 135634846; UID 10096; state: DISABLED
02-29 14:17:25.050  2577  3089 D CompatibilityChangeReporter: Compat change id reported: 177438394; UID 10096; state: DISABLED
02-29 14:17:25.050  2577  3089 D CompatibilityChangeReporter: Compat change id reported: 135772972; UID 10096; state: DISABLED
02-29 14:17:25.050  2577  3089 D CompatibilityChangeReporter: Compat change id reported: 135754954; UID 10096; state: ENABLED
02-29 14:17:25.050  2577  2699 D CompatibilityChangeReporter: Compat change id reported: 143937733; UID 10096; state: ENABLED
02-29 14:17:25.057  2577  2699 I ActivityManager: Start proc 5457:com.android.inputmethod.latin/u0a96 for service {com.android.inputmethod.latin/com.android.inputmethod.latin.LatinIME}
02-29 14:17:25.067  2577  2695 D CompatibilityChangeReporter: Compat change id reported: 171306433; UID 1000; state: ENABLED
02-29 14:17:25.067  2577  2695 D CompatibilityChangeReporter: Compat change id reported: 218533173; UID 1000; state: ENABLED
02-29 14:17:25.078  2577  3070 D CompatibilityChangeReporter: Compat change id reported: 168419799; UID 10096; state: DISABLED
02-29 14:17:25.078  2577  3070 D CompatibilityChangeReporter: Compat change id reported: 273564678; UID 10096; state: DISABLED
02-29 14:17:25.090  2577  3247 D CompatibilityChangeReporter: Compat change id reported: 161145287; UID 10099; state: DISABLED
02-29 14:17:25.095  2577  2577 D CompatibilityChangeReporter: Compat change id reported: 194532703; UID 1000; state: ENABLED
02-29 14:17:25.095  2577  2577 D CompatibilityChangeReporter: Compat change id reported: 194532703; UID 1000; state: DISABLED
02-29 14:17:25.098  2577  2577 I Telecom : DefaultDialerCache: Refreshing default dialer for user 0: now com.android.dialer: DDC.oR@AGw
02-29 14:17:25.099  2577  2577 I Telecom : MissedCallNotifierImpl: reloadAfterBootComplete: user=0: TSBCR.oR@AG0
02-29 14:17:25.111  2577  2577 D CompatibilityChangeReporter: Compat change id reported: 135634846; UID 10094; state: DISABLED
02-29 14:17:25.111  2577  2577 D CompatibilityChangeReporter: Compat change id reported: 177438394; UID 10094; state: DISABLED
02-29 14:17:25.111  2577  2577 D CompatibilityChangeReporter: Compat change id reported: 135772972; UID 10094; state: DISABLED
02-29 14:17:25.111  2577  2577 D CompatibilityChangeReporter: Compat change id reported: 135754954; UID 10094; state: ENABLED
02-29 14:17:25.112  2577  2699 D CompatibilityChangeReporter: Compat change id reported: 143937733; UID 10094; state: ENABLED
02-29 14:17:25.113  2577  3089 D CompatibilityChangeReporter: Compat change id reported: 168419799; UID 10109; state: DISABLED
02-29 14:17:25.113  2577  3089 D CompatibilityChangeReporter: Compat change id reported: 273564678; UID 10109; state: DISABLED
02-29 14:17:25.121  2577  2699 I ActivityManager: Start proc 5478:com.android.camera2/u0a94 for broadcast {com.android.camera2/com.android.camera.SetActivitiesCameraReceiver}
02-29 14:17:25.149  2577  2577 I Telecom : PhoneAccountRegistrar: getSimCallManager: SimCallManager for subId 3 queried, returning: null: TSI.gSCMFU@AHI
02-29 14:17:25.155  2577  3089 D CompatibilityChangeReporter: Compat change id reported: 161145287; UID 10096; state: DISABLED
02-29 14:17:25.157  2577  3083 D CompatibilityChangeReporter: Compat change id reported: 168419799; UID 10094; state: DISABLED
02-29 14:17:25.157  2577  3083 D CompatibilityChangeReporter: Compat change id reported: 273564678; UID 10094; state: DISABLED
02-29 14:17:25.163  2577  3088 D CompatibilityChangeReporter: Compat change id reported: 135634846; UID 10076; state: DISABLED
02-29 14:17:25.163  2577  3088 D CompatibilityChangeReporter: Compat change id reported: 177438394; UID 10076; state: DISABLED
02-29 14:17:25.163  2577  3088 D CompatibilityChangeReporter: Compat change id reported: 135772972; UID 10076; state: DISABLED
02-29 14:17:25.163  2577  3088 D CompatibilityChangeReporter: Compat change id reported: 135754954; UID 10076; state: ENABLED
02-29 14:17:25.163  2577  2699 D CompatibilityChangeReporter: Compat change id reported: 143937733; UID 10076; state: ENABLED
02-29 14:17:25.171  2577  2699 I ActivityManager: Start proc 5496:com.android.imsserviceentitlement/u0a76 for broadcast {com.android.imsserviceentitlement/com.android.imsserviceentitlement.ImsEntitlementReceiver}
02-29 14:17:25.191  2577  3085 D CompatibilityChangeReporter: Compat change id reported: 168419799; UID 10076; state: DISABLED
02-29 14:17:25.191  2577  3085 D CompatibilityChangeReporter: Compat change id reported: 273564678; UID 10076; state: DISABLED
02-29 14:17:25.226  2577  3070 D CoreBackPreview: Window{35fa8f0 u0 InputMethod}: Setting back callback OnBackInvokedCallbackInfo{mCallback=android.window.IOnBackInvokedCallback$Stub$Proxy@a2e641c, mPriority=0}
02-29 14:17:25.244  2577  2577 I Telecom : PhoneAccountRegistrar: getSimCallManager: SimCallManager for subId 3 queried, returning: null: TSI.gSCMFU@AHY
02-29 14:17:25.267  2577  3088 D CompatibilityChangeReporter: Compat change id reported: 135634846; UID 10074; state: DISABLED
02-29 14:17:25.267  2577  3088 D CompatibilityChangeReporter: Compat change id reported: 177438394; UID 10074; state: DISABLED
02-29 14:17:25.267  2577  3088 D CompatibilityChangeReporter: Compat change id reported: 135772972; UID 10074; state: DISABLED
02-29 14:17:25.267  2577  3088 D CompatibilityChangeReporter: Compat change id reported: 135754954; UID 10074; state: ENABLED
02-29 14:17:25.268  2577  2699 D CompatibilityChangeReporter: Compat change id reported: 143937733; UID 10074; state: ENABLED
02-29 14:17:25.278  2577  2699 I ActivityManager: Start proc 5532:com.android.contacts/u0a74 for broadcast {com.android.contacts/com.android.contacts.interactions.OnBootOrUpgradeReceiver}
02-29 14:17:25.282  2577  2697 I ActivityManager: Waited long enough for: ServiceRecord{1803f01 u0 com.qualcomm.qtil.btdsda/.BtDsDaService}
02-29 14:17:25.299  2577  3085 D CompatibilityChangeReporter: Compat change id reported: 168419799; UID 10074; state: DISABLED
02-29 14:17:25.299  2577  3085 D CompatibilityChangeReporter: Compat change id reported: 273564678; UID 10074; state: DISABLED
02-29 14:17:25.380  2577  3085 D CompatibilityChangeReporter: Compat change id reported: 168419799; UID 10093; state: DISABLED
02-29 14:17:25.380  2577  3085 D CompatibilityChangeReporter: Compat change id reported: 273564678; UID 10093; state: DISABLED
02-29 14:17:25.416  2577  3088 D CompatibilityChangeReporter: Compat change id reported: 194532703; UID 10075; state: DISABLED
02-29 14:17:25.420  2577  3088 D CompatibilityChangeReporter: Compat change id reported: 135634846; UID 1000; state: DISABLED
02-29 14:17:25.420  2577  3088 D CompatibilityChangeReporter: Compat change id reported: 177438394; UID 1000; state: DISABLED
02-29 14:17:25.420  2577  3088 D CompatibilityChangeReporter: Compat change id reported: 135772972; UID 1000; state: DISABLED
02-29 14:17:25.420  2577  3088 D CompatibilityChangeReporter: Compat change id reported: 135754954; UID 1000; state: ENABLED
02-29 14:17:25.429  2577  2699 I ActivityManager: Start proc 5557:com.android.dynsystem/1000 for broadcast {com.android.dynsystem/com.android.dynsystem.BootCompletedReceiver}
02-29 14:17:25.496  2577  3088 D CompatibilityChangeReporter: Compat change id reported: 135634846; UID 1000; state: DISABLED
02-29 14:17:25.497  2577  3088 D CompatibilityChangeReporter: Compat change id reported: 177438394; UID 1000; state: DISABLED
02-29 14:17:25.497  2577  3088 D CompatibilityChangeReporter: Compat change id reported: 135772972; UID 1000; state: DISABLED
02-29 14:17:25.497  2577  3088 D CompatibilityChangeReporter: Compat change id reported: 135754954; UID 1000; state: ENABLED
02-29 14:17:25.503  2577  3088 D CompatibilityChangeReporter: Compat change id reported: 194532703; UID 10076; state: ENABLED
02-29 14:17:25.507  2577  3088 D CompatibilityChangeReporter: Compat change id reported: 168419799; UID 10096; state: DISABLED
02-29 14:17:25.507  2577  3088 D CompatibilityChangeReporter: Compat change id reported: 273564678; UID 10096; state: DISABLED
02-29 14:17:25.508  2577  2699 I ActivityManager: Start proc 5578:com.android.dynsystem:dynsystem/1000 for service {com.android.dynsystem/com.android.dynsystem.DynamicSystemInstallationService}
02-29 14:17:25.520  2577  3088 I ActivityManager: com.android.managedprovisioning is exempt from freezer
02-29 14:17:25.520  2577  3088 D CompatibilityChangeReporter: Compat change id reported: 135634846; UID 10035; state: DISABLED
02-29 14:17:25.520  2577  3088 D CompatibilityChangeReporter: Compat change id reported: 177438394; UID 10035; state: DISABLED
02-29 14:17:25.520  2577  3088 D CompatibilityChangeReporter: Compat change id reported: 135772972; UID 10035; state: DISABLED
02-29 14:17:25.520  2577  3088 D CompatibilityChangeReporter: Compat change id reported: 135754954; UID 10035; state: ENABLED
02-29 14:17:25.521  2577  2699 D CompatibilityChangeReporter: Compat change id reported: 143937733; UID 10035; state: ENABLED
02-29 14:17:25.535  2577  2699 I ActivityManager: Start proc 5593:com.android.managedprovisioning/u0a35 for broadcast {com.android.managedprovisioning/com.android.managedprovisioning.BootReminder}
02-29 14:17:25.556  2577  3085 D CompatibilityChangeReporter: Compat change id reported: 168419799; UID 10035; state: DISABLED
02-29 14:17:25.557  2577  3085 D CompatibilityChangeReporter: Compat change id reported: 273564678; UID 10035; state: DISABLED
02-29 14:17:25.590  2577  3085 I DynamicSystemService: isInstalled(): false
02-29 14:17:25.659  2577  3085 D CompatibilityChangeReporter: Compat change id reported: 135634846; UID 10114; state: DISABLED
02-29 14:17:25.659  2577  3085 D CompatibilityChangeReporter: Compat change id reported: 177438394; UID 10114; state: DISABLED
02-29 14:17:25.659  2577  3085 D CompatibilityChangeReporter: Compat change id reported: 135772972; UID 10114; state: DISABLED
02-29 14:17:25.659  2577  3085 D CompatibilityChangeReporter: Compat change id reported: 135754954; UID 10114; state: ENABLED
02-29 14:17:25.660  2577  2699 D CompatibilityChangeReporter: Compat change id reported: 143937733; UID 10114; state: ENABLED
02-29 14:17:25.672  2577  2699 I ActivityManager: Start proc 5616:com.android.mms/u0a114 for broadcast {com.android.mms/com.android.mms.transaction.SmsReceiver}
02-29 14:17:25.699  2577  3085 D CompatibilityChangeReporter: Compat change id reported: 168419799; UID 10114; state: DISABLED
02-29 14:17:25.699  2577  3085 D CompatibilityChangeReporter: Compat change id reported: 273564678; UID 10114; state: DISABLED
02-29 14:17:25.760  2577  3085 W StorageManagerService: Reporting emulated;0 unmounted due to system locked
02-29 14:17:25.762  2577  3088 W StorageManagerService: Reporting emulated;0 unmounted due to system locked
02-29 14:17:25.800  2577  3086 D CompatibilityChangeReporter: Compat change id reported: 161145287; UID 10114; state: DISABLED
02-29 14:17:25.835  2577  3088 D CompatibilityChangeReporter: Compat change id reported: 168419799; UID 10024; state: DISABLED
02-29 14:17:25.835  2577  3088 D CompatibilityChangeReporter: Compat change id reported: 273564678; UID 10024; state: DISABLED
02-29 14:17:25.836  2577  3088 D CompatibilityChangeReporter: Compat change id reported: 161145287; UID 10024; state: DISABLED
02-29 14:17:25.840  2577  3070 D CompatibilityChangeReporter: Compat change id reported: 135634846; UID 10072; state: DISABLED
02-29 14:17:25.840  2577  3070 D CompatibilityChangeReporter: Compat change id reported: 177438394; UID 10072; state: DISABLED
02-29 14:17:25.840  2577  3070 D CompatibilityChangeReporter: Compat change id reported: 135772972; UID 10072; state: DISABLED
02-29 14:17:25.840  2577  3070 D CompatibilityChangeReporter: Compat change id reported: 135754954; UID 10072; state: ENABLED
02-29 14:17:25.841  2577  2699 D CompatibilityChangeReporter: Compat change id reported: 143937733; UID 10072; state: ENABLED
02-29 14:17:25.850  2577  3071 D SystemServerTiming: getUserSwitchability-0
02-29 14:17:25.850  2577  3071 D SystemServerTiming: TM.isInCall
02-29 14:17:25.850  2577  3071 D SystemServerTiming: hasUserRestriction-DISALLOW_USER_SWITCH
02-29 14:17:25.850  2577  3071 D SystemServerTiming: getInt-ALLOW_USER_SWITCHING_WHEN_SYSTEM_USER_LOCKED
02-29 14:17:25.850  2577  3071 D SystemServerTiming: isUserUnlocked-USER_SYSTEM
02-29 14:17:25.850  2577  3070 D SystemServerTiming: getUserSwitchability-0
02-29 14:17:25.850  2577  3070 D SystemServerTiming: TM.isInCall
02-29 14:17:25.850  2577  3070 D SystemServerTiming: hasUserRestriction-DISALLOW_USER_SWITCH
02-29 14:17:25.850  2577  3070 D SystemServerTiming: getInt-ALLOW_USER_SWITCHING_WHEN_SYSTEM_USER_LOCKED
02-29 14:17:25.850  2577  3070 D SystemServerTiming: isUserUnlocked-USER_SYSTEM
02-29 14:17:25.854  2577  2699 I ActivityManager: Start proc 5654:com.android.onetimeinitializer/u0a72 for broadcast {com.android.onetimeinitializer/com.android.onetimeinitializer.OneTimeInitializerReceiver}
02-29 14:17:25.868  2577  3070 D CompatibilityChangeReporter: Compat change id reported: 168419799; UID 10072; state: DISABLED
02-29 14:17:25.868  2577  3070 D CompatibilityChangeReporter: Compat change id reported: 273564678; UID 10072; state: DISABLED
02-29 14:17:25.870  1224  1245 E NetlinkEvent: NetlinkEvent::FindParam(): Parameter 'INTERFACE' not found
02-29 14:17:25.870  1224  1245 E NetlinkEvent: NetlinkEvent::FindParam(): Parameter 'STATE' not found
02-29 14:17:25.870  1224  1245 E NetlinkEvent: NetlinkEvent::FindParam(): Parameter 'TIME_NS' not found
02-29 14:17:25.870  1224  1245 E NetlinkEvent: NetlinkEvent::FindParam(): Parameter 'UID' not found
02-29 14:17:25.912  2577  3071 I ActivityManager: com.android.packageinstaller is exempt from freezer
02-29 14:17:25.912  2577  3071 D CompatibilityChangeReporter: Compat change id reported: 135634846; UID 10027; state: DISABLED
02-29 14:17:25.912  2577  3071 D CompatibilityChangeReporter: Compat change id reported: 177438394; UID 10027; state: DISABLED
02-29 14:17:25.912  2577  3071 D CompatibilityChangeReporter: Compat change id reported: 135772972; UID 10027; state: DISABLED
02-29 14:17:25.912  2577  3071 D CompatibilityChangeReporter: Compat change id reported: 135754954; UID 10027; state: ENABLED
02-29 14:17:25.913  2577  2699 D CompatibilityChangeReporter: Compat change id reported: 143937733; UID 10027; state: ENABLED
02-29 14:17:25.923  2577  2699 I ActivityManager: Start proc 5675:com.android.packageinstaller/u0a27 for broadcast {com.android.packageinstaller/com.android.packageinstaller.TemporaryFileManager}
02-29 14:17:25.940  2577  3071 D CompatibilityChangeReporter: Compat change id reported: 168419799; UID 10027; state: DISABLED
02-29 14:17:25.940  2577  3071 D CompatibilityChangeReporter: Compat change id reported: 273564678; UID 10027; state: DISABLED
02-29 14:17:25.970   859   859 I vold    : Bind mounting //data/media/0/Android/data on /mnt/user/0/emulated/0/Android/data
02-29 14:17:25.971   859   859 I vold    : Bind mounted //data/media/0/Android/data on /mnt/user/0/emulated/0/Android/data
02-29 14:17:25.971   859   859 I vold    : Bind mounting //data/media/0/Android/obb on /mnt/user/0/emulated/0/Android/obb
02-29 14:17:25.972   859   859 I vold    : Bind mounted //data/media/0/Android/obb on /mnt/user/0/emulated/0/Android/obb
02-29 14:17:25.972   859   859 I vold    : Configuring read_ahead of /mnt/user/0/emulated fuse filesystem to 256kb
02-29 14:17:25.972   859   859 I vold    : Writing 256 to /sys/class/bdi/0:157/read_ahead_kb
02-29 14:17:25.972   859   859 I vold    : Configuring max_ratio of /mnt/user/0/emulated fuse filesystem to 40
02-29 14:17:25.973   859   859 I vold    : Writing 40 to /sys/class/bdi/0:157/max_ratio
02-29 14:17:25.973  2577  2989 I StorageManagerService: Mounted volume VolumeInfo{emulated;0}:
02-29 14:17:25.973  2577  2989 I StorageManagerService:     type=EMULATED diskId=null partGuid= mountFlags=PRIMARY|VISIBLE_FOR_WRITE 
02-29 14:17:25.973  2577  2989 I StorageManagerService:     mountUserId=0 state=MOUNTED 
02-29 14:17:25.973  2577  2989 I StorageManagerService:     fsType=null fsUuid=null fsLabel=null 
02-29 14:17:25.973  2577  2989 I StorageManagerService:     path=/storage/emulated internalPath=/data/media 
02-29 14:17:25.975  2577  2989 I StorageSessionController: Notifying volume state changed for session with id: emulated;0
02-29 14:17:25.980  2577  2989 I StorageSessionController: Notifying volume state changed for session with id: emulated;0
02-29 14:17:25.983  2577  2989 I StorageSessionController: Notifying volume state changed for session with id: emulated;0
02-29 14:17:25.986  2577  3071 D CompatibilityChangeReporter: Compat change id reported: 194532703; UID 10139; state: ENABLED
02-29 14:17:25.988  2577  3071 D CompatibilityChangeReporter: Compat change id reported: 168419799; UID 10139; state: DISABLED
02-29 14:17:25.988  2577  3071 D CompatibilityChangeReporter: Compat change id reported: 273564678; UID 10139; state: DISABLED
02-29 14:17:25.991  2577  2989 D StorageManagerService: Volume emulated;0 broadcasting mounted to UserHandle{0}
02-29 14:17:25.992  2577  2989 D StorageManagerService: Volume emulated;0 broadcasting mounted to UserHandle{0}
02-29 14:17:25.992  2577  2697 D CompatibilityChangeReporter: Compat change id reported: 135634846; UID 10034; state: DISABLED
02-29 14:17:25.992  2577  2697 D CompatibilityChangeReporter: Compat change id reported: 177438394; UID 10034; state: DISABLED
02-29 14:17:25.992  2577  2697 D CompatibilityChangeReporter: Compat change id reported: 135772972; UID 10034; state: DISABLED
02-29 14:17:25.992  2577  2697 D CompatibilityChangeReporter: Compat change id reported: 135754954; UID 10034; state: ENABLED
02-29 14:17:25.993  2577  2699 D CompatibilityChangeReporter: Compat change id reported: 143937733; UID 10034; state: ENABLED
02-29 14:17:26.002  2577  3070 D CompatibilityChangeReporter: Compat change id reported: 149924527; UID 10139; state: ENABLED
02-29 14:17:26.002  2577  3071 D CompatibilityChangeReporter: Compat change id reported: 132649864; UID 10139; state: DISABLED
02-29 14:17:26.003  2577  3070 D CompatibilityChangeReporter: Compat change id reported: 182734110; UID 10139; state: ENABLED
02-29 14:17:26.004  2577  2699 I ActivityManager: Start proc 5695:com.android.externalstorage/u0a34 for broadcast {com.android.externalstorage/com.android.externalstorage.MountReceiver}
02-29 14:17:26.008  2577  3070 D CompatibilityChangeReporter: Compat change id reported: 168419799; UID 10137; state: DISABLED
02-29 14:17:26.008  2577  3070 D CompatibilityChangeReporter: Compat change id reported: 273564678; UID 10137; state: DISABLED
02-29 14:17:26.013  2577  3071 D CompatibilityChangeReporter: Compat change id reported: 194532703; UID 10137; state: DISABLED
02-29 14:17:26.020  2577  3071 D CompatibilityChangeReporter: Compat change id reported: 168419799; UID 10034; state: DISABLED
02-29 14:17:26.020  2577  3071 D CompatibilityChangeReporter: Compat change id reported: 273564678; UID 10034; state: DISABLED
02-29 14:17:26.023  2577  3070 D CompatibilityChangeReporter: Compat change id reported: 135634846; UID 10041; state: DISABLED
02-29 14:17:26.023  2577  3070 D CompatibilityChangeReporter: Compat change id reported: 177438394; UID 10041; state: DISABLED
02-29 14:17:26.023  2577  3070 D CompatibilityChangeReporter: Compat change id reported: 135772972; UID 10041; state: DISABLED
02-29 14:17:26.023  2577  3070 D CompatibilityChangeReporter: Compat change id reported: 135754954; UID 10041; state: ENABLED
02-29 14:17:26.023  2577  2699 D CompatibilityChangeReporter: Compat change id reported: 143937733; UID 10041; state: ENABLED
02-29 14:17:26.030  2577  2699 I ActivityManager: Start proc 5712:com.android.providers.calendar/u0a41 for broadcast {com.android.providers.calendar/com.android.providers.calendar.CalendarReceiver}
02-29 14:17:26.043  2577  3070 D CompatibilityChangeReporter: Compat change id reported: 168419799; UID 10041; state: DISABLED
02-29 14:17:26.043  2577  3070 D CompatibilityChangeReporter: Compat change id reported: 273564678; UID 10041; state: DISABLED
02-29 14:17:26.079  2577  3071 D CompatibilityChangeReporter: Compat change id reported: 194532703; UID 10024; state: ENABLED
02-29 14:17:26.082  2577  3070 D CompatibilityChangeReporter: Compat change id reported: 135634846; UID 10098; state: DISABLED
02-29 14:17:26.082  2577  3070 D CompatibilityChangeReporter: Compat change id reported: 177438394; UID 10098; state: DISABLED
02-29 14:17:26.082  2577  3070 D CompatibilityChangeReporter: Compat change id reported: 135772972; UID 10098; state: DISABLED
02-29 14:17:26.082  2577  3070 D CompatibilityChangeReporter: Compat change id reported: 135754954; UID 10098; state: ENABLED
02-29 14:17:26.082  2577  2699 D CompatibilityChangeReporter: Compat change id reported: 143937733; UID 10098; state: ENABLED
02-29 14:17:26.090  2577  2699 I ActivityManager: Start proc 5734:com.qti.ltebc/u0a98 for broadcast {com.qti.ltebc/com.qualcomm.ltebc.LTEBroadcastReceiver}
02-29 14:17:26.091  2577  3071 D CompatibilityChangeReporter: Compat change id reported: 161145287; UID 10041; state: DISABLED
02-29 14:17:26.100  2577  3070 D CompatibilityChangeReporter: Compat change id reported: 143231523; UID 10041; state: DISABLED
02-29 14:17:26.102  2577  3070 D CompatibilityChangeReporter: Compat change id reported: 171306433; UID 10041; state: ENABLED
02-29 14:17:26.102  2577  3070 D CompatibilityChangeReporter: Compat change id reported: 218533173; UID 10041; state: ENABLED
02-29 14:17:26.104  2577  3071 D CompatibilityChangeReporter: Compat change id reported: 168419799; UID 10098; state: DISABLED
02-29 14:17:26.104  2577  3071 D CompatibilityChangeReporter: Compat change id reported: 273564678; UID 10098; state: DISABLED
02-29 14:17:26.107  2577  3088 D CompatibilityChangeReporter: Compat change id reported: 135634846; UID 10106; state: DISABLED
02-29 14:17:26.107  2577  3088 D CompatibilityChangeReporter: Compat change id reported: 177438394; UID 10106; state: DISABLED
02-29 14:17:26.107  2577  3088 D CompatibilityChangeReporter: Compat change id reported: 135772972; UID 10106; state: DISABLED
02-29 14:17:26.107  2577  3088 D CompatibilityChangeReporter: Compat change id reported: 135754954; UID 10106; state: ENABLED
02-29 14:17:26.107  2577  2699 D CompatibilityChangeReporter: Compat change id reported: 143937733; UID 10106; state: ENABLED
02-29 14:17:26.115  2577  2699 I ActivityManager: Start proc 5753:com.android.remoteprovisioner/u0a106 for broadcast {com.android.remoteprovisioner/com.android.remoteprovisioner.BootReceiver}
02-29 14:17:26.128  2577  3088 D CompatibilityChangeReporter: Compat change id reported: 168419799; UID 10106; state: DISABLED
02-29 14:17:26.128  2577  3088 D CompatibilityChangeReporter: Compat change id reported: 273564678; UID 10106; state: DISABLED
02-29 14:17:26.186  2577  3071 I ActivityManager: Process com.qti.ltebc (pid 5734) has died: fg  RCVR
02-29 14:17:26.188  2577  2697 D CompatibilityChangeReporter: Compat change id reported: 168419799; UID 10034; state: DISABLED
02-29 14:17:26.188  2577  2697 D CompatibilityChangeReporter: Compat change id reported: 273564678; UID 10034; state: DISABLED
02-29 14:17:26.196  2577  3088 D CompatibilityChangeReporter: Compat change id reported: 135634846; UID 10098; state: DISABLED
02-29 14:17:26.196  2577  3088 D CompatibilityChangeReporter: Compat change id reported: 177438394; UID 10098; state: DISABLED
02-29 14:17:26.196  2577  3088 D CompatibilityChangeReporter: Compat change id reported: 135772972; UID 10098; state: DISABLED
02-29 14:17:26.196  2577  3088 D CompatibilityChangeReporter: Compat change id reported: 135754954; UID 10098; state: ENABLED
02-29 14:17:26.196  2577  2699 D CompatibilityChangeReporter: Compat change id reported: 143937733; UID 10098; state: ENABLED
02-29 14:17:26.204  2577  2699 I ActivityManager: Start proc 5779:com.qti.ltebc/u0a98 for broadcast {com.qti.ltebc/com.qualcomm.ltebc.LTEBroadcastReceiver}
02-29 14:17:26.216  2577  3088 D CompatibilityChangeReporter: Compat change id reported: 194532703; UID 10106; state: ENABLED
02-29 14:17:26.223  2577  3088 D CompatibilityChangeReporter: Compat change id reported: 168419799; UID 1000; state: DISABLED
02-29 14:17:26.223  2577  3088 D CompatibilityChangeReporter: Compat change id reported: 273564678; UID 1000; state: DISABLED
02-29 14:17:26.235  2577  3086 W JobScheduler: Job didn't exist in JobStore: cd5fd5f #u0a106/9 com.android.remoteprovisioner/androidx.work.impl.background.systemjob.SystemJobService
02-29 14:17:26.243  2577  3086 I ActivityManager: com.android.shell is exempt from freezer
02-29 14:17:26.244  2577  3086 D CompatibilityChangeReporter: Compat change id reported: 135634846; UID 2000; state: DISABLED
02-29 14:17:26.244  2577  3086 D CompatibilityChangeReporter: Compat change id reported: 177438394; UID 2000; state: DISABLED
02-29 14:17:26.244  2577  3086 D CompatibilityChangeReporter: Compat change id reported: 135772972; UID 2000; state: DISABLED
02-29 14:17:26.244  2577  3086 D CompatibilityChangeReporter: Compat change id reported: 135754954; UID 2000; state: ENABLED
02-29 14:17:26.257  2577  2699 I ActivityManager: Start proc 5801:com.android.shell/2000 for broadcast {com.android.shell/com.android.shell.HeapDumpReceiver}
02-29 14:17:26.270  2577  3071 D CompatibilityChangeReporter: Compat change id reported: 168419799; UID 2000; state: DISABLED
02-29 14:17:26.270  2577  3071 D CompatibilityChangeReporter: Compat change id reported: 273564678; UID 2000; state: DISABLED
02-29 14:17:26.299  2577  3071 I ActivityManager: Process com.qti.ltebc (pid 5779) has died: fg  RCVR
02-29 14:17:26.326  2577  3071 D CompatibilityChangeReporter: Compat change id reported: 135634846; UID 10032; state: DISABLED
02-29 14:17:26.326  2577  3071 D CompatibilityChangeReporter: Compat change id reported: 177438394; UID 10032; state: DISABLED
02-29 14:17:26.326  2577  3071 D CompatibilityChangeReporter: Compat change id reported: 135772972; UID 10032; state: DISABLED
02-29 14:17:26.326  2577  3071 D CompatibilityChangeReporter: Compat change id reported: 135754954; UID 10032; state: DISABLED
02-29 14:17:26.326  2577  2699 D CompatibilityChangeReporter: Compat change id reported: 143937733; UID 10032; state: DISABLED
02-29 14:17:26.335  2577  2699 I ActivityManager: Start proc 5832:com.android.statementservice/u0a32 for broadcast {com.android.statementservice/com.android.statementservice.domain.BootCompletedReceiver}
02-29 14:17:26.352  2577  3088 D CompatibilityChangeReporter: Compat change id reported: 168419799; UID 10032; state: DISABLED
02-29 14:17:26.352  2577  3088 D CompatibilityChangeReporter: Compat change id reported: 273564678; UID 10032; state: DISABLED
02-29 14:17:26.447  2577  3071 D CompatibilityChangeReporter: Compat change id reported: 194532703; UID 10032; state: DISABLED
02-29 14:17:26.452  2577  3071 D CompatibilityChangeReporter: Compat change id reported: 135634846; UID 10098; state: DISABLED
02-29 14:17:26.452  2577  3071 D CompatibilityChangeReporter: Compat change id reported: 177438394; UID 10098; state: DISABLED
02-29 14:17:26.452  2577  3071 D CompatibilityChangeReporter: Compat change id reported: 135772972; UID 10098; state: DISABLED
02-29 14:17:26.452  2577  3071 D CompatibilityChangeReporter: Compat change id reported: 135754954; UID 10098; state: ENABLED
02-29 14:17:26.452  2577  2699 D CompatibilityChangeReporter: Compat change id reported: 143937733; UID 10098; state: ENABLED
02-29 14:17:26.462  2577  2699 I ActivityManager: Start proc 5855:com.qti.ltebc/u0a98 for broadcast {com.qti.ltebc/com.qualcomm.ltebc.LTEBroadcastBootReceiver}
02-29 14:17:26.541  2577  3071 D CompatibilityChangeReporter: Compat change id reported: 168419799; UID 10070; state: DISABLED
02-29 14:17:26.541  2577  3071 D CompatibilityChangeReporter: Compat change id reported: 273564678; UID 10070; state: DISABLED
02-29 14:17:26.543  2577  3071 D CompatibilityChangeReporter: Compat change id reported: 171306433; UID 10098; state: ENABLED
02-29 14:17:26.543  2577  3071 D CompatibilityChangeReporter: Compat change id reported: 218533173; UID 10098; state: ENABLED
02-29 14:17:26.543  2577  3071 D CompatibilityChangeReporter: Compat change id reported: 226439802; UID 10098; state: DISABLED
02-29 14:17:26.546  2577  3088 D CompatibilityChangeReporter: Compat change id reported: 168419799; UID 10067; state: DISABLED
02-29 14:17:26.546  2577  3088 D CompatibilityChangeReporter: Compat change id reported: 273564678; UID 10067; state: DISABLED
02-29 14:17:26.546  2577  3086 D CompatibilityChangeReporter: Compat change id reported: 161145287; UID 10070; state: DISABLED
02-29 14:17:26.556  2577  3086 D CompatibilityChangeReporter: Compat change id reported: 161145287; UID 10067; state: DISABLED
02-29 14:17:26.562  2577  3088 I ActivityManager: Process com.qti.ltebc (pid 5855) has died: cch+5 CEM 
02-29 14:17:26.567  2577  3088 D CompatibilityChangeReporter: Compat change id reported: 135634846; UID 10069; state: DISABLED
02-29 14:17:26.567  2577  3088 D CompatibilityChangeReporter: Compat change id reported: 177438394; UID 10069; state: DISABLED
02-29 14:17:26.567  2577  3088 D CompatibilityChangeReporter: Compat change id reported: 135772972; UID 10069; state: DISABLED
02-29 14:17:26.567  2577  3088 D CompatibilityChangeReporter: Compat change id reported: 135754954; UID 10069; state: ENABLED
02-29 14:17:26.567  2577  2699 D CompatibilityChangeReporter: Compat change id reported: 143937733; UID 10069; state: ENABLED
02-29 14:17:26.570  2577  3086 D CompatibilityChangeReporter: Compat change id reported: 157233955; UID 1001; state: ENABLED
02-29 14:17:26.574  2577  2699 I ActivityManager: Start proc 5904:com.qualcomm.qti.qms.service.connectionsecurity/u0a69 for broadcast {com.qualcomm.qti.qms.service.connectionsecurity/com.qualcomm.qti.qms.service.connectionsecurity.ConnSecBroadcastReceiver}
02-29 14:17:26.587  2577  3086 D CompatibilityChangeReporter: Compat change id reported: 168419799; UID 10069; state: DISABLED
02-29 14:17:26.588  2577  3086 D CompatibilityChangeReporter: Compat change id reported: 273564678; UID 10069; state: DISABLED
02-29 14:17:26.668  2577  3086 D CompatibilityChangeReporter: Compat change id reported: 168419799; UID 10125; state: DISABLED
02-29 14:17:26.668  2577  3086 D CompatibilityChangeReporter: Compat change id reported: 273564678; UID 10125; state: DISABLED
02-29 14:17:26.672  2577  3070 D CompatibilityChangeReporter: Compat change id reported: 161145287; UID 10125; state: DISABLED
02-29 14:17:26.681  2577  3070 D CompatibilityChangeReporter: Compat change id reported: 168419799; UID 10121; state: DISABLED
02-29 14:17:26.681  2577  3070 D CompatibilityChangeReporter: Compat change id reported: 273564678; UID 10121; state: DISABLED
02-29 14:17:26.688  2577  3070 D CompatibilityChangeReporter: Compat change id reported: 135634846; UID 10100; state: DISABLED
02-29 14:17:26.689  2577  3070 D CompatibilityChangeReporter: Compat change id reported: 177438394; UID 10100; state: DISABLED
02-29 14:17:26.689  2577  3070 D CompatibilityChangeReporter: Compat change id reported: 135772972; UID 10100; state: DISABLED
02-29 14:17:26.689  2577  3070 D CompatibilityChangeReporter: Compat change id reported: 135754954; UID 10100; state: ENABLED
02-29 14:17:26.689  2577  2699 D CompatibilityChangeReporter: Compat change id reported: 143937733; UID 10100; state: ENABLED
02-29 14:17:26.699  2577  2699 I ActivityManager: Start proc 5926:com.quicinc.voice.activation/u0a100 for broadcast {com.quicinc.voice.activation/com.quicinc.voice.activation.receiver.VoiceAssistReceiver}
02-29 14:17:26.714  2577  3070 D CompatibilityChangeReporter: Compat change id reported: 168419799; UID 10100; state: DISABLED
02-29 14:17:26.714  2577  3070 D CompatibilityChangeReporter: Compat change id reported: 273564678; UID 10100; state: DISABLED
02-29 14:17:26.775  2577  3088 D CompatibilityChangeReporter: Compat change id reported: 161145287; UID 10100; state: DISABLED
02-29 14:17:26.827  2577  3088 D CompatibilityChangeReporter: Compat change id reported: 135634846; UID 10062; state: DISABLED
02-29 14:17:26.827  2577  3088 D CompatibilityChangeReporter: Compat change id reported: 177438394; UID 10062; state: DISABLED
02-29 14:17:26.827  2577  3088 D CompatibilityChangeReporter: Compat change id reported: 135772972; UID 10062; state: DISABLED
02-29 14:17:26.827  2577  3088 D CompatibilityChangeReporter: Compat change id reported: 135754954; UID 10062; state: ENABLED
02-29 14:17:26.828  2577  2699 D CompatibilityChangeReporter: Compat change id reported: 143937733; UID 10062; state: ENABLED
02-29 14:17:26.840  2577  2699 I ActivityManager: Start proc 5962:org.codeaurora.snapcam/u0a62 for broadcast {org.codeaurora.snapcam/com.android.camera.DisableCameraReceiver}
02-29 14:17:26.844  2577  3086 I ActivityManager: Process com.quicinc.voice.activation (pid 5926) has died: fg  SVC 
02-29 14:17:26.858  2577  3085 D CompatibilityChangeReporter: Compat change id reported: 168419799; UID 10062; state: DISABLED
02-29 14:17:26.858  2577  3085 D CompatibilityChangeReporter: Compat change id reported: 273564678; UID 10062; state: DISABLED
02-29 14:17:26.995  2577  3088 D CompatibilityChangeReporter: Compat change id reported: 161145287; UID 10062; state: DISABLED
02-29 14:17:27.008  2577  3088 D OomAdjuster: Not killing cached processes
02-29 14:17:27.016  2577  3088 D CompatibilityChangeReporter: Compat change id reported: 135634846; UID 10144; state: DISABLED
02-29 14:17:27.017  2577  2699 D CompatibilityChangeReporter: Compat change id reported: 143937733; UID 10144; state: DISABLED
02-29 14:17:27.028  2577  2699 I ActivityManager: Start proc 5989:com.baidu.searchbox:bdservice_v1/u0a144 for broadcast {com.baidu.searchbox/com.baidu.android.pushservice.PushServiceReceiver}
02-29 14:17:27.039  2577  3088 D CompatibilityChangeReporter: Compat change id reported: 168419799; UID 10144; state: DISABLED
02-29 14:17:27.039  2577  3088 D CompatibilityChangeReporter: Compat change id reported: 273564678; UID 10144; state: DISABLED
02-29 14:17:27.094  1224  1245 E NetlinkEvent: NetlinkEvent::FindParam(): Parameter 'INTERFACE' not found
02-29 14:17:27.094  1224  1245 E NetlinkEvent: NetlinkEvent::FindParam(): Parameter 'STATE' not found
02-29 14:17:27.094  1224  1245 E NetlinkEvent: NetlinkEvent::FindParam(): Parameter 'TIME_NS' not found
02-29 14:17:27.094  1224  1245 E NetlinkEvent: NetlinkEvent::FindParam(): Parameter 'UID' not found
02-29 14:17:27.260  2577  3088 D CompatibilityChangeReporter: Compat change id reported: 135634846; UID 10144; state: DISABLED
02-29 14:17:27.261  2577  2699 D CompatibilityChangeReporter: Compat change id reported: 143937733; UID 10144; state: DISABLED
02-29 14:17:27.266  2577  2699 I ActivityManager: Start proc 6019:com.baidu.searchbox/u0a144 for broadcast {com.baidu.searchbox/com.baidu.searchbox.fastsearch.FastSearchBootReceiver}
02-29 14:17:27.307  2577  3088 D CompatibilityChangeReporter: Compat change id reported: 149924527; UID 10144; state: ENABLED
02-29 14:17:27.307  2577  3088 D CompatibilityChangeReporter: Compat change id reported: 132649864; UID 10144; state: DISABLED
02-29 14:17:27.316  2577  3088 D CompatibilityChangeReporter: Compat change id reported: 161145287; UID 10144; state: DISABLED
02-29 14:17:27.409  2577  3071 D CompatibilityChangeReporter: Compat change id reported: 135634846; UID 1000; state: DISABLED
02-29 14:17:27.409  2577  3071 D CompatibilityChangeReporter: Compat change id reported: 177438394; UID 1000; state: DISABLED
02-29 14:17:27.409  2577  3071 D CompatibilityChangeReporter: Compat change id reported: 135772972; UID 1000; state: DISABLED
02-29 14:17:27.409  2577  3071 D CompatibilityChangeReporter: Compat change id reported: 135754954; UID 1000; state: ENABLED
02-29 14:17:27.420  2577  2699 I ActivityManager: Start proc 6061:com.evenwell.DbgCfgTool/1000 for broadcast {com.evenwell.DbgCfgTool/com.evenwell.DbgCfgTool.DbgCfgToolBasicReceiver}
02-29 14:17:27.494  6061  6061 W ContextImpl: Calling a method in the system process without a qualified user: android.app.ContextImpl.startService:1863 android.content.ContextWrapper.startService:817 android.content.ContextWrapper.startService:817 com.evenwell.DbgCfgTool.DbgCfgToolBasicReceiver.onReceive:60 android.app.ActivityThread.handleReceiver:4307 
02-29 14:17:27.500  6061  6061 W ActivityThread: ClassLoader.loadClass: The class loader returned by Thread.getContextClassLoader() may fail for processes that host multiple applications. You should explicitly specify a context class loader. For example: Thread.setContextClassLoader(getClass().getClassLoader());
02-29 14:17:27.509  2577  2577 D CompatibilityChangeReporter: Compat change id reported: 161145287; UID 1000; state: DISABLED
02-29 14:17:27.535  6019  6103 E ActivityThread: Failed to find provider info for com.baidu.browser.bubble.search.fileprovider
02-29 14:17:27.540  2577  3085 I ActivityManager: Finished processing BOOT_COMPLETED for u0
02-29 14:17:27.540  2577  3085 I BroadcastQueue: BOOT_COMPLETED_BROADCAST_COMPLETION_LATENCY_REPORTED action:android.intent.action.BOOT_COMPLETED dispatchLatency:28 completeLatency:2866 dispatchRealLatency:28 completeRealLatency:2866 receiversSize:75 userId:0 userType:android.os.usertype.full.SYSTEM
02-29 14:17:27.651  2577  2684 D CompatibilityChangeReporter: Compat change id reported: 173031413; UID 1000; state: ENABLED
02-29 14:17:27.652  2577  2684 D CompatibilityChangeReporter: Compat change id reported: 173031413; UID 1000; state: DISABLED
02-29 14:17:27.679  2577  5134 D CompatibilityChangeReporter: Compat change id reported: 135634846; UID 1000; state: DISABLED
02-29 14:17:27.679  2577  5134 D CompatibilityChangeReporter: Compat change id reported: 177438394; UID 1000; state: DISABLED
02-29 14:17:27.679  2577  5134 D CompatibilityChangeReporter: Compat change id reported: 135772972; UID 1000; state: DISABLED
02-29 14:17:27.679  2577  5134 D CompatibilityChangeReporter: Compat change id reported: 135754954; UID 1000; state: ENABLED
02-29 14:17:27.696  2577  2699 I ActivityManager: Start proc 6117:com.android.localtransport/1000 for service {com.android.localtransport/com.android.localtransport.LocalTransportService}
02-29 14:17:27.729  2577  3071 D CompatibilityChangeReporter: Compat change id reported: 168419799; UID 1000; state: DISABLED
02-29 14:17:27.729  2577  3071 D CompatibilityChangeReporter: Compat change id reported: 273564678; UID 1000; state: DISABLED
02-29 14:17:27.756  2577  2577 I TransportConnection: LocalTransportService#0: Notifying [TransportManager.registerTransport()] transport = BackupTransportClient
02-29 14:17:27.759  2577  5134 D BackupTransportManager: Transport com.android.localtransport/.LocalTransportService registered
02-29 14:17:27.759  2577  5134 D BackupManagerService: [UserID:0] Transport com.android.localtransport/.LocalTransport registered 3098ms after first request (delay = 3000ms)
02-29 14:17:27.762  2577  5134 I BackupManagerService: [UserID:0] Found 7 stale backup journal(s), scheduling.
02-29 14:17:27.765  2577  5134 I BackupManagerService: [UserID:0] Stale backup journals: Scheduled 15 package(s) total
02-29 14:17:27.792  2577  2577 W NotificationHistory: Attempted to add notif for locked/gone/disabled user 0
02-29 14:17:27.919  1224  1245 E NetlinkEvent: NetlinkEvent::FindParam(): Parameter 'INTERFACE' not found
02-29 14:17:27.919  1224  1245 E NetlinkEvent: NetlinkEvent::FindParam(): Parameter 'STATE' not found
02-29 14:17:27.919  1224  1245 E NetlinkEvent: NetlinkEvent::FindParam(): Parameter 'TIME_NS' not found
02-29 14:17:27.919  1224  1245 E NetlinkEvent: NetlinkEvent::FindParam(): Parameter 'UID' not found
02-29 14:17:27.922  2577  2577 I FingerprintManager: onPowerPressed
02-29 14:17:27.922  2577  2577 D WindowManager: powerPress: eventTime=27049 interactive=true count=1 beganFromNonInteractive=false mShortPressOnPowerBehavior=1
02-29 14:17:27.922  2577  2577 I PowerGroup: Powering off display group due to power_button (groupId= 0, uid= 1000, millisSinceLastUserActivity=581, lastUserActivityEvent=touch)...
02-29 14:17:27.922  2577  2577 I PowerManagerService: Going to sleep due to power_button (uid 1000, screenOffTimeout=1800000, activityTimeoutWM=-1, maxDimRatio=0.20000005, maxDimDur=7000)...
02-29 14:17:27.924  2577  2987 D CompatibilityChangeReporter: Compat change id reported: 156215187; UID 10096; state: DISABLED
02-29 14:17:27.924  2577  2577 E Fingerprint21: onPowerPressed not supported for HIDL clients
02-29 14:17:27.933  2577  3088 D BiometricUtils: isEncrypted: false isLockdown: false
02-29 14:17:27.934  2577  2577 D BiometricScheduler/Fingerprint21: [Added] {[5] com.android.server.biometrics.sensors.fingerprint.hidl.FingerprintUpdateActiveUserClient, proto=1, owner=android, cookie=0, requestId=-1, userId=0}, new queue size: 1
02-29 14:17:27.934  2577  2577 D BiometricScheduler/Fingerprint21: [Polled] {[5] com.android.server.biometrics.sensors.fingerprint.hidl.FingerprintUpdateActiveUserClient, proto=1, owner=android, cookie=0, requestId=-1, userId=0}, State: 0
02-29 14:17:27.934  2577  2577 D BiometricScheduler/Fingerprint21: [Started] {[5] com.android.server.biometrics.sensors.fingerprint.hidl.FingerprintUpdateActiveUserClient, proto=1, owner=android, cookie=0, requestId=-1, userId=0}
02-29 14:17:27.934  2577  2577 D FingerprintUpdateActiveUserClient: Already user: com.android.server.biometrics.sensors.fingerprint.hidl.Fingerprint21$$ExternalSyntheticLambda20@3cf588, returning
02-29 14:17:27.934  2577  2577 D BiometricSchedulerOperation: [Finished / destroy]: {[5] com.android.server.biometrics.sensors.fingerprint.hidl.FingerprintUpdateActiveUserClient, proto=1, owner=android, cookie=0, requestId=-1, userId=0}
02-29 14:17:27.934  2577  2577 V BiometricSchedulerOperation: started: {[5] com.android.server.biometrics.sensors.fingerprint.hidl.FingerprintUpdateActiveUserClient, proto=1, owner=android, cookie=0, requestId=-1, userId=0}, State: 5
02-29 14:17:27.935  2577  2577 D BiometricScheduler/Fingerprint21: [Added] {[6] com.android.server.biometrics.sensors.fingerprint.hidl.FingerprintAuthenticationClient, proto=3, owner=com.android.systemui, cookie=0, requestId=1, userId=0}, new queue size: 1
02-29 14:17:27.935  2577  2577 V BiometricScheduler/Fingerprint21: Not idle, current operation: {[5] com.android.server.biometrics.sensors.fingerprint.hidl.FingerprintUpdateActiveUserClient, proto=1, owner=android, cookie=0, requestId=-1, userId=0}, State: 5
02-29 14:17:27.935  2577  2577 D BiometricScheduler/Fingerprint21: [Finishing] {[5] com.android.server.biometrics.sensors.fingerprint.hidl.FingerprintUpdateActiveUserClient, proto=1, owner=android, cookie=0, requestId=-1, userId=0}, success: true
02-29 14:17:27.935  2577  2577 D BiometricScheduler/Fingerprint21: [Polled] {[6] com.android.server.biometrics.sensors.fingerprint.hidl.FingerprintAuthenticationClient, proto=3, owner=com.android.systemui, cookie=0, requestId=1, userId=0}, State: 0
02-29 14:17:27.936  2577  2577 D GestureAvailabilityTracker: Notifying gesture availability, active=false
02-29 14:17:27.936  2577  2577 D BiometricScheduler/Fingerprint21: [Started] {[6] com.android.server.biometrics.sensors.fingerprint.hidl.FingerprintAuthenticationClient, proto=3, owner=com.android.systemui, cookie=0, requestId=1, userId=0}
02-29 14:17:27.936  2577  2577 D BiometricCoexCoordinator: addAuthenticationClient(Udfps), client: {[6] com.android.server.biometrics.sensors.fingerprint.hidl.FingerprintAuthenticationClient, proto=3, owner=com.android.systemui, cookie=0, requestId=1, userId=0}
02-29 14:17:27.936  2577  2577 D BiometricStateCallback: State updated from 0 to 2, client {[6] com.android.server.biometrics.sensors.fingerprint.hidl.FingerprintAuthenticationClient, proto=3, owner=com.android.systemui, cookie=0, requestId=1, userId=0}
02-29 14:17:27.936  2577  2577 D Biometrics/AuthenticationClient: Requesting auth for com.android.systemui
02-29 14:17:27.940  2577  2577 V BiometricSchedulerOperation: started: {[6] com.android.server.biometrics.sensors.fingerprint.hidl.FingerprintAuthenticationClient, proto=3, owner=com.android.systemui, cookie=0, requestId=1, userId=0}, State: 2
02-29 14:17:27.941  2577  2577 V Biometrics/AcquisitionClient: Acquired: 6 1, shouldSend: true
02-29 14:17:27.974  3163  3163 W FingerprintManager: Invalid acquired message: 6, 1
02-29 14:17:27.974  2577  3071 D CoreBackPreview: Window{3a61d59 u0 UdfpsControllerOverlay}: Setting back callback OnBackInvokedCallbackInfo{mCallback=android.window.IOnBackInvokedCallback$Stub$Proxy@4f7a9ff, mPriority=0}
02-29 14:17:27.994  2577  2722 I DisplayPowerController[0]: BrightnessEvent: disp=0, physDisp=local:4630946485866599555, brt=0.39763778, initBrt=0.39763778, rcmdBrt=NaN, preBrt=NaN, lux=0.0, preLux=0.0, hbmMax=1.0, hbmMode=off, rbcStrength=50, powerFactor=1.0, thrmMax=1.0, wasShortTermModelActive=false, flags=, reason=manual, autoBrightness=false
02-29 14:17:28.417  2577  2722 I DisplayPowerController[0]: Blocking screen off
02-29 14:17:28.418  2577  2722 I DisplayPowerController[0]: Unblocked screen off after 1 ms
02-29 14:17:28.428  2577  2722 D ActivityTaskManager: Top Process State changed to PROCESS_STATE_TOP_SLEEPING
02-29 14:17:28.432  2577  2722 V DisplayPowerController[0]: Brightness [0.0] reason changing to: 'screen_off', previous reason: 'manual'.
02-29 14:17:28.433  2577  2722 I DisplayPowerController[0]: BrightnessEvent: disp=0, physDisp=local:4630946485866599555, brt=0.0, initBrt=0.39763778, rcmdBrt=NaN, preBrt=NaN, lux=0.0, preLux=0.0, hbmMax=1.0, hbmMode=off, rbcStrength=50, powerFactor=1.0, thrmMax=1.0, wasShortTermModelActive=false, flags=, reason=screen_off, autoBrightness=false
02-29 14:17:28.433  2577  2722 I DisplayPowerController[0]: BrightnessEvent: disp=0, physDisp=local:4630946485866599555, brt=0.0, initBrt=0.0, rcmdBrt=NaN, preBrt=NaN, lux=0.0, preLux=0.0, hbmMax=1.0, hbmMode=off, rbcStrength=50, powerFactor=1.0, thrmMax=1.0, wasShortTermModelActive=false, flags=, reason=screen_off, autoBrightness=false
02-29 14:17:28.438  2577  2686 I DisplayDeviceRepository: Display device changed state: "Built-in Screen", OFF
02-29 14:17:28.443  2577  2687 I DisplayDevice: [0] Layerstack set to -1 for local:4630946485866599555
02-29 14:17:28.617  2577  2686 I DisplayDeviceRepository: Display device changed state: "Built-in Screen", OFF
