02-29 11:07:33.633  2521  2521 I notification_enqueue: [1000,2521,android,31,NULL,-1,Notification(channel=USB shortcut=null contentView=null vibrate=null sound=null tick defaults=0x0 flags=0x802 color=0x00000000 vis=PUBLIC),0]
02-29 11:07:33.677  2521  2521 I notification_enqueue: [10089,7316,com.android.music,1,NULL,0,Notification(channel=Channel-music shortcut=null contentView=com.android.music/0x7f0c008f vibrate=null sound=null defaults=0x0 flags=0x42 color=0x00000000 vis=PRIVATE),1]
02-29 11:07:33.681  2521  2521 I notification_enqueue: [10089,7316,com.android.music,1,NULL,0,Notification(channel=Channel-music shortcut=null contentView=com.android.music/0x7f0c008f vibrate=null sound=null defaults=0x0 flags=0x42 color=0x00000000 vis=PRIVATE),1]
02-29 11:07:33.682  2521  3230 I am_foreground_service_stop: [0,com.android.music/.MediaPlaybackService,1,ACTIVITY_STARTER,33,33,0,1,2728,6,STOP_FOREGROUND]
02-29 11:07:33.697  2521  2521 I notification_enqueue: [10089,7316,com.android.music,1,NULL,0,Notification(channel=Channel-music shortcut=null contentView=com.android.music/0x7f0c008f vibrate=null sound=null defaults=0x0 flags=0x0 color=0x00000000 vis=PRIVATE),1]
02-29 11:07:33.835  2521  2521 I sysui_multi_action: [757,1501,758,1,793,203,794,0,795,203,796,31,806,android,857,USB,858,1,947,0,1500,0]
02-29 11:07:33.836  2521  2521 I sysui_multi_action: [757,804,799,note_interruptive,801,0,802,1]
02-29 11:07:34.335  2521  2981 I stream_devices_changed: [0,67108864,1]
02-29 11:07:34.339  2521  2981 I stream_devices_changed: [2,67108866,2]
02-29 11:07:34.340  2521  2981 I stream_devices_changed: [3,67108864,2]
02-29 11:07:34.347  2521  2981 I stream_devices_changed: [4,67108866,2]
02-29 11:07:34.350  2521  2981 I stream_devices_changed: [6,67108864,1]
02-29 11:07:34.658  2521  2521 I sysui_multi_action: [757,128,758,5,759,8,793,1026,794,0,795,1026,796,31,806,android,857,USB,858,1,947,0,1500,823,1688,1]
02-29 11:07:34.659  2521  2521 I notification_canceled: [-1|android|31|null|1000,8,1026,1026,0,-1,-1,NULL]
02-29 11:07:34.955  2521  2913 I sysui_multi_action: [757,804,799,power_consecutive_short_tap_count,801,1,802,1]
02-29 11:07:34.955  2521  2913 I sysui_multi_action: [757,804,799,power_double_tap_interval,801,91154,802,1]
02-29 11:07:34.956  2521  2913 I intercept_power: [ACTION_DOWN,0,1]
02-29 11:07:34.967  2521  2666 I sysui_multi_action: [757,1696,758,6,759,3]
02-29 11:07:34.969  2521  2521 I screen_toggled: 1
02-29 11:07:34.971  2521  2521 I power_screen_broadcast_send: 1
02-29 11:07:34.968   990   990 I auditd  : type=1400 audit(0.0:763): avc: denied { read } for comm="binder:990_9" name="wakeup26" dev="sysfs" ino=124287 scontext=u:r:system_suspend:s0 tcontext=u:object_r:sysfs:s0 tclass=dir permissive=0
02-29 11:07:34.976   990   990 I auditd  : type=1400 audit(0.0:764): avc: denied { read } for comm="binder:990_9" name="wakeup5" dev="sysfs" ino=99480 scontext=u:r:system_suspend:s0 tcontext=u:object_r:sysfs:s0 tclass=dir permissive=0
02-29 11:07:34.976   990   990 I auditd  : type=1400 audit(0.0:765): avc: denied { read } for comm="binder:990_9" name="wakeup10" dev="sysfs" ino=103374 scontext=u:r:system_suspend:s0 tcontext=u:object_r:sysfs:s0 tclass=dir permissive=0
02-29 11:07:34.995  2521  3255 I sysui_multi_action: [757,127,758,1]
02-29 11:07:34.995  2521  3255 I sysui_multi_action: [757,804,799,note_load,801,1,802,1]
02-29 11:07:34.995  2521  3255 I notification_panel_revealed: 1
02-29 11:07:34.997  2521  3240 I wm_set_keyguard_shown: [0,1,0,0,0,setKeyguardShown]
02-29 11:07:35.005  2521  2521 I battery_saving_stats: [0,0,0,90887,3617,0,692610,42497,1]
02-29 11:07:35.054  2521  2611 I wm_wallpaper_surface: [0,1,Window{23717bf u0 NotificationShade}]
02-29 11:07:35.059  2521  2521 I power_screen_broadcast_done: [1,87,1]
02-29 11:07:35.123  2521  2913 I intercept_power: [ACTION_UP,0,0]
02-29 11:07:35.158  2521  2521 I sysui_multi_action: [757,198,758,1,759,1,1359,205,1694,1]
02-29 11:07:35.158  2521  2521 I power_screen_state: [1,0,0,0,205]
02-29 11:07:35.211  2521  2892 I commit_sys_config_file: [settings-2-0,9]
02-29 11:07:35.217  2521  2607 I sysui_multi_action: [757,223,758,2]
02-29 11:07:35.217  2521  2607 I sysui_multi_action: [757,804,799,dozing_minutes,801,1,802,1]
02-29 11:07:35.505  2521  5637 I sysui_multi_action: [757,128,758,1,793,5620590,794,0,795,5620590,796,2131755065,798,0,806,com.baidu.searchbox,857,fastsearch_channel,858,3,946,fastsearch_channel,947,0,1395,1,1500,132634,1688,1]
02-29 11:07:35.506  2521  5637 I sysui_multi_action: [757,1501,758,1,793,5620590,794,0,795,5620590,796,2131755065,806,com.baidu.searchbox,857,fastsearch_channel,858,3,946,fastsearch_channel,947,0,1500,0,1688,1]
02-29 11:07:35.506  2521  5637 I sysui_multi_action: [757,804,799,note_interruptive,801,0,802,1]
02-29 11:07:35.506  2521  5637 I sysui_multi_action: [757,804,799,note_freshness,801,5620590,802,1]
02-29 11:07:35.506  2521  5637 I notification_visibility: [0|com.baidu.searchbox|2131755065|null|10144,1,5620590,5620590,0,0]
02-29 11:07:35.522  2521  2912 I input_interaction: Interaction with: 23717bf NotificationShade (server), PointerEventDispatcher0 (server), 
02-29 11:07:35.573  3137  3137 I sysui_multi_action: [757,197,758,1,759,1]
02-29 11:07:35.573  3137  3137 I sysui_status_bar_state: [1,1,0,1,1,0]
02-29 11:07:35.574  3137  3137 I sysui_multi_action: [757,196,758,1,759,1]
02-29 11:07:35.574  3137  3137 I sysui_status_bar_state: [1,1,0,0,1,0]
02-29 11:07:35.648  3137  3137 I sysui_multi_action: [757,186,758,4,826,239,827,4145]
02-29 11:07:35.648  3137  3137 I sysui_lockscreen_gesture: [1,239,4145]
02-29 11:07:35.670  2521  5637 I sysui_multi_action: [757,128,758,2,793,5620755,794,165,795,5620755,796,2131755065,798,0,806,com.baidu.searchbox,857,fastsearch_channel,858,3,946,fastsearch_channel,947,0,1395,1,1500,165,1688,1]
02-29 11:07:35.670  2521  5637 I notification_visibility: [0|com.baidu.searchbox|2131755065|null|10144,0,5620755,5620755,0,0]
02-29 11:07:35.671  3137  3137 I sysui_multi_action: [757,197,758,1,759,1]
02-29 11:07:35.671  3137  3137 I sysui_status_bar_state: [1,1,0,1,1,0]
02-29 11:07:35.688  2521  5637 I sysui_multi_action: [757,127,758,2]
02-29 11:07:35.688  2521  5637 I notification_panel_hidden: 
02-29 11:07:36.538  3137  3137 I sysui_multi_action: [757,197,758,10]
02-29 11:07:36.538  3137  3137 I sysui_multi_action: [757,197,758,5,759,1]
02-29 11:07:36.772  2521  5637 I uc_unlock_user: 0
02-29 11:07:36.772  2521  5637 I uc_finish_user_unlocking: 0
02-29 11:07:36.789  3137  3137 I sysui_multi_action: [757,1697,758,15,759,0,1741,5]
02-29 11:07:36.796  2521  5637 I wm_set_keyguard_shown: [0,1,0,1,0,keyguardGoingAway]
02-29 11:07:36.799  2521  5637 I wm_set_resumed_activity: [0,com.android.music/.MusicBrowserActivity,resumeTopActivity - onActivityStateChanged]
02-29 11:07:36.802  2521  5637 I wm_resume_activity: [0,59972347,169,com.android.music/.MusicBrowserActivity]
02-29 11:07:36.804  7316  7316 I wm_on_restart_called: [59972347,com.android.music.MusicBrowserActivity,performRestartActivity]
02-29 11:07:36.810  7316  7316 I wm_on_start_called: [59972347,com.android.music.MusicBrowserActivity,handleStartActivity]
02-29 11:07:36.811  7316  7316 I wm_on_resume_called: [59972347,com.android.music.MusicBrowserActivity,RESUME_ACTIVITY]
02-29 11:07:36.823  7316  7316 I wm_on_top_resumed_gained_called: [59972347,com.android.music.MusicBrowserActivity,topWhenResuming]
02-29 11:07:36.849  2521  2521 I notification_enqueue: [10089,7316,com.android.music,1,NULL,0,Notification(channel=Channel-music shortcut=null contentView=com.android.music/0x7f0c008f vibrate=null sound=null defaults=0x0 flags=0x0 color=0x00000000 vis=PRIVATE),1]
02-29 11:07:36.850  2521  3240 I am_foreground_service_start: [0,com.android.music/.MediaPlaybackService,1,PROC_STATE_TOP,33,33,0,1,0,7,UNKNOWN]
02-29 11:07:36.851  2521  2521 I notification_enqueue: [10089,7316,com.android.music,1,NULL,0,Notification(channel=Channel-music shortcut=null contentView=com.android.music/0x7f0c008f vibrate=null sound=null defaults=0x0 flags=0x40 color=0x00000000 vis=PRIVATE),1]
02-29 11:07:37.164  3137  3137 I sysui_multi_action: [757,111,758,2]
02-29 11:07:37.169  3137  3137 I sysui_multi_action: [757,196,758,2,759,1]
02-29 11:07:37.169  3137  3137 I sysui_status_bar_state: [0,0,0,0,1,0]
02-29 11:07:37.170  2521  2983 I wm_set_keyguard_shown: [0,0,0,1,0,setKeyguardShown]
02-29 11:07:37.183  2521  2610 I user_activity_timeout_override: -1
02-29 11:07:37.185  2521  2611 I input_focus: [Focus request 91a1178 com.android.music/com.android.music.MusicBrowserActivity,reason=UpdateInputWindows]
02-29 11:07:37.208  2521  2912 I input_focus: [Focus leaving 23717bf NotificationShade (server),reason=NOT_FOCUSABLE]
02-29 11:07:37.208  2521  2912 I input_focus: [Focus entering 91a1178 com.android.music/com.android.music.MusicBrowserActivity (server),reason=setFocusedWindow]
02-29 11:07:37.299  2521  3255 I wm_wallpaper_surface: [0,0,null]
02-29 11:08:30.941  2521  2893 I am_unfreeze: [5901,com.evenwell.DbgCfgTool]
02-29 11:08:30.942  2521  2893 I am_unfreeze: [3510,com.android.settings]
02-29 11:08:30.944  2521  2893 I am_unfreeze: [5969,com.android.localtransport]
02-29 11:11:29.170  2521  2893 I am_freeze: [8696,com.katim.camera2]
02-29 11:11:30.266  3463  3463 I gsm_rat_switched_new: [55741707403,14,20]
02-29 11:11:30.329  2521  2971 I netstats_mobile_sample: [80697,373,69419,577,80697,373,69419,577,78421,319,69419,577,1709176290329]
02-29 11:11:30.329  2521  2971 I netstats_wifi_sample: [0,0,0,0,0,0,0,0,0,0,0,0,1709176290329]
02-29 11:11:31.326  2521  2959 I netstats_mobile_sample: [80697,373,69495,578,80697,373,69495,578,78421,319,69495,578,1709176291325]
02-29 11:11:31.326  2521  2959 I netstats_wifi_sample: [0,0,0,0,0,0,0,0,0,0,0,0,1709176291325]
02-29 11:11:33.195  3463  3463 I gsm_rat_switched_new: [94315309,20,14]
02-29 11:11:33.219  2521  2971 I netstats_mobile_sample: [80697,373,69647,580,80697,373,69647,580,78421,319,69647,580,1709176293219]
02-29 11:11:33.220  2521  2971 I netstats_wifi_sample: [0,0,0,0,0,0,0,0,0,0,0,0,1709176293219]
02-29 11:11:34.224  2521  2959 I netstats_mobile_sample: [80697,373,69723,581,80697,373,69723,581,78421,319,69723,581,1709176294223]
02-29 11:11:34.224  2521  2959 I netstats_wifi_sample: [0,0,0,0,0,0,0,0,0,0,0,0,1709176294223]
02-29 11:11:37.901  3463  3689 I service_manager_stats: [100,60,484731]
02-29 11:11:41.631  3463  3463 I gsm_rat_switched_new: [55741707403,14,20]
02-29 11:11:41.682  2521  2971 I netstats_mobile_sample: [80697,373,69875,583,80697,373,69875,583,78421,319,69875,583,1709176301682]
02-29 11:11:41.682  2521  2971 I netstats_wifi_sample: [0,0,0,0,0,0,0,0,0,0,0,0,1709176301682]
02-29 11:11:42.684  2521  2959 I netstats_mobile_sample: [80697,373,70027,585,80697,373,70027,585,78421,319,70027,585,1709176302683]
02-29 11:11:42.684  2521  2959 I netstats_wifi_sample: [0,0,0,0,0,0,0,0,0,0,0,0,1709176302683]
02-29 11:11:44.149  3463  3463 I gsm_rat_switched_new: [66174011,20,14]
02-29 11:11:44.199  2521  2971 I netstats_mobile_sample: [80697,373,70179,587,80697,373,70179,587,78421,319,70179,587,1709176304199]
02-29 11:11:44.199  2521  2971 I netstats_wifi_sample: [0,0,0,0,0,0,0,0,0,0,0,0,1709176304199]
02-29 11:11:45.200  2521  2959 I netstats_mobile_sample: [80697,373,70255,588,80697,373,70255,588,78421,319,70255,588,1709176305200]
02-29 11:11:45.201  2521  2959 I netstats_wifi_sample: [0,0,0,0,0,0,0,0,0,0,0,0,1709176305200]
02-29 11:13:07.634  2521  2521 I notification_enqueue: [1000,2521,android,31,NULL,-1,Notification(channel=USB shortcut=null contentView=null vibrate=null sound=null tick defaults=0x0 flags=0x802 color=0x00000000 vis=PUBLIC),0]
02-29 11:13:07.837  2521  2521 I sysui_multi_action: [757,1501,758,1,793,205,794,0,795,205,796,31,806,android,857,USB,858,1,947,0,1500,0]
02-29 11:13:07.837  2521  2521 I sysui_multi_action: [757,804,799,note_interruptive,801,0,802,1]
02-29 11:13:09.205  2521  2912 I input_interaction: Interaction with: 91a1178 com.android.music/com.android.music.MusicBrowserActivity (server), PointerEventDispatcher0 (server), 
02-29 11:13:09.244  4941  4954 I force_gc: Binder
02-29 11:13:09.258  2521  2521 I notification_enqueue: [10089,7316,com.android.music,1,NULL,0,Notification(channel=Channel-music shortcut=null contentView=com.android.music/0x7f0c008f vibrate=null sound=null defaults=0x0 flags=0x42 color=0x00000000 vis=PRIVATE),1]
02-29 11:13:09.261  2521  2521 I notification_enqueue: [10089,7316,com.android.music,1,NULL,0,Notification(channel=Channel-music shortcut=null contentView=com.android.music/0x7f0c008f vibrate=null sound=null defaults=0x0 flags=0x42 color=0x00000000 vis=PRIVATE),1]
02-29 11:13:09.508   990   990 I auditd  : type=1400 audit(0.0:766): avc: denied { read } for comm="binder:990_7" name="wakeup26" dev="sysfs" ino=124287 scontext=u:r:system_suspend:s0 tcontext=u:object_r:sysfs:s0 tclass=dir permissive=0
02-29 11:13:09.516   990   990 I auditd  : type=1400 audit(0.0:767): avc: denied { read } for comm="binder:990_7" name="wakeup5" dev="sysfs" ino=99480 scontext=u:r:system_suspend:s0 tcontext=u:object_r:sysfs:s0 tclass=dir permissive=0
02-29 11:13:09.516   990   990 I auditd  : type=1400 audit(0.0:768): avc: denied { read } for comm="binder:990_7" name="wakeup10" dev="sysfs" ino=103374 scontext=u:r:system_suspend:s0 tcontext=u:object_r:sysfs:s0 tclass=dir permissive=0
02-29 11:13:10.214  2521  2981 I stream_devices_changed: [0,1,67108864]
02-29 11:13:10.220  2521  2981 I stream_devices_changed: [2,2,67108866]
02-29 11:13:10.222  2521  2521 I sysui_multi_action: [757,128,758,5,759,8,793,2591,794,0,795,2591,796,31,806,android,857,USB,858,1,947,0,1500,2386,1688,1]
02-29 11:13:10.222  2521  2521 I notification_canceled: [-1|android|31|null|1000,8,2591,2591,0,-1,-1,NULL]
02-29 11:13:10.222  2521  2981 I stream_devices_changed: [3,2,67108864]
02-29 11:13:10.235  2521  2981 I stream_devices_changed: [4,2,67108866]
02-29 11:13:10.236  2521  2981 I stream_devices_changed: [6,1,67108864]
02-29 11:13:12.668  2521  2521 I volume_changed: [3,4,5,15,android]
02-29 11:13:12.671  3137  3775 I sysui_multi_action: [757,210,758,4,759,3]
02-29 11:13:12.679  3137  3775 I sysui_multi_action: [757,211,758,4,759,3]
02-29 11:13:12.692  3137  3137 I sysui_multi_action: [757,207,758,1]
02-29 11:13:12.692  3137  3137 I sysui_multi_action: [757,804,799,volume_from_keyguard,801,0,802,1]
02-29 11:13:13.390  2521  2892 I commit_sys_config_file: [settings-1-0,8]
02-29 11:13:14.228  2521  2521 I volume_changed: [3,5,6,15,android]
02-29 11:13:14.240  3137  3775 I sysui_multi_action: [757,211,758,4,759,3]
02-29 11:13:14.253  3137  3137 I sysui_multi_action: [757,207,758,1]
02-29 11:13:14.253  3137  3137 I sysui_multi_action: [757,804,799,volume_from_keyguard,801,0,802,1]
02-29 11:13:14.535  2521  2521 I volume_changed: [3,6,7,15,android]
02-29 11:13:14.550  3137  3775 I sysui_multi_action: [757,211,758,4,759,3]
02-29 11:13:14.554  3137  3137 I sysui_multi_action: [757,207,758,1]
02-29 11:13:14.554  3137  3137 I sysui_multi_action: [757,804,799,volume_from_keyguard,801,0,802,1]
02-29 11:13:14.960  2521  2521 I volume_changed: [3,7,8,15,android]
02-29 11:13:14.963  2521  2892 I commit_sys_config_file: [settings-1-0,10]
02-29 11:13:14.974  3137  3775 I sysui_multi_action: [757,211,758,4,759,3]
02-29 11:13:14.987  3137  3137 I sysui_multi_action: [757,207,758,1]
02-29 11:13:14.987  3137  3137 I sysui_multi_action: [757,804,799,volume_from_keyguard,801,0,802,1]
02-29 11:13:15.261  2521  2892 I commit_sys_config_file: [settings-1-0,9]
02-29 11:13:15.684  2521  2892 I commit_sys_config_file: [settings-1-0,9]
02-29 11:13:16.687  2521  2521 I volume_changed: [3,8,9,15,android]
02-29 11:13:16.709  3137  3137 I sysui_multi_action: [757,207,758,1]
02-29 11:13:16.709  3137  3137 I sysui_multi_action: [757,804,799,volume_from_keyguard,801,0,802,1]
02-29 11:13:17.028  2521  2521 I volume_changed: [3,9,10,15,android]
02-29 11:13:17.041  3137  3775 I sysui_multi_action: [757,211,758,4,759,3]
02-29 11:13:17.048  3137  3137 I sysui_multi_action: [757,207,758,1]
02-29 11:13:17.048  3137  3137 I sysui_multi_action: [757,804,799,volume_from_keyguard,801,0,802,1]
02-29 11:13:17.410  2521  2892 I commit_sys_config_file: [settings-1-0,8]
02-29 11:13:17.627  2521  2521 I volume_changed: [3,10,11,15,android]
02-29 11:13:17.631  3137  3775 I sysui_multi_action: [757,211,758,4,759,3]
02-29 11:13:17.641  3137  3137 I sysui_multi_action: [757,207,758,1]
02-29 11:13:17.641  3137  3137 I sysui_multi_action: [757,804,799,volume_from_keyguard,801,0,802,1]
02-29 11:13:17.753  2521  2892 I commit_sys_config_file: [settings-1-0,10]
02-29 11:13:17.793  2521  2521 I volume_changed: [3,11,12,15,android]
02-29 11:13:17.801  3137  3775 I sysui_multi_action: [757,211,758,4,759,3]
02-29 11:13:17.810  3137  3137 I sysui_multi_action: [757,207,758,1]
02-29 11:13:17.810  3137  3137 I sysui_multi_action: [757,804,799,volume_from_keyguard,801,0,802,1]
02-29 11:13:18.145  2521  2521 I volume_changed: [3,12,13,15,android]
02-29 11:13:18.154  3137  3775 I sysui_multi_action: [757,211,758,4,759,3]
02-29 11:13:18.161  3137  3137 I sysui_multi_action: [757,207,758,1]
02-29 11:13:18.161  3137  3137 I sysui_multi_action: [757,804,799,volume_from_keyguard,801,0,802,1]
02-29 11:13:18.356  2521  2892 I commit_sys_config_file: [settings-1-0,8]
02-29 11:13:18.485  2521  2521 I volume_changed: [3,13,14,15,android]
02-29 11:13:18.499  3137  3775 I sysui_multi_action: [757,211,758,4,759,3]
02-29 11:13:18.503  3137  3137 I sysui_multi_action: [757,207,758,1]
02-29 11:13:18.503  3137  3137 I sysui_multi_action: [757,804,799,volume_from_keyguard,801,0,802,1]
02-29 11:13:18.864  2521  2892 I commit_sys_config_file: [settings-1-0,7]
02-29 11:13:18.977  2521  2521 I volume_changed: [3,14,15,15,android]
02-29 11:13:18.987  3137  3775 I sysui_multi_action: [757,211,758,4,759,3]
02-29 11:13:18.993  3137  3137 I sysui_multi_action: [757,207,758,1]
02-29 11:13:18.994  3137  3137 I sysui_multi_action: [757,804,799,volume_from_keyguard,801,0,802,1]
02-29 11:13:19.212  2521  2892 I commit_sys_config_file: [settings-1-0,10]
02-29 11:13:19.509  3137  3137 I sysui_multi_action: [757,207,758,1]
02-29 11:13:19.509  3137  3137 I sysui_multi_action: [757,804,799,volume_from_keyguard,801,0,802,1]
02-29 11:13:19.699  2521  2892 I commit_sys_config_file: [settings-1-0,10]
02-29 11:13:20.002  3137  3137 I sysui_multi_action: [757,207,758,1]
02-29 11:13:20.002  3137  3137 I sysui_multi_action: [757,804,799,volume_from_keyguard,801,0,802,1]
02-29 11:13:20.811  3137  3137 I sysui_multi_action: [757,207,758,1]
02-29 11:13:20.812  3137  3137 I sysui_multi_action: [757,804,799,volume_from_keyguard,801,0,802,1]
02-29 11:13:23.811  3137  3137 I sysui_multi_action: [757,207,758,2]
02-29 11:13:24.127  3137  3775 I sysui_multi_action: [757,210,758,4,759,-1]
02-29 11:13:35.037  2521  2521 I volume_changed: [3,15,14,15,android]
02-29 11:13:35.042  3137  3775 I sysui_multi_action: [757,210,758,4,759,3]
02-29 11:13:35.050  3137  3775 I sysui_multi_action: [757,211,758,4,759,3]
02-29 11:13:35.058  3137  3137 I sysui_multi_action: [757,207,758,1]
02-29 11:13:35.058  3137  3137 I sysui_multi_action: [757,804,799,volume_from_keyguard,801,0,802,1]
02-29 11:13:35.590  2521  2912 I input_interaction: Interaction with: 72a34bd VolumeDialogImpl (server), PointerEventDispatcher0 (server), 
02-29 11:13:35.606  2521  5637 I volume_changed: [3,14,4,15,com.android.systemui]
02-29 11:13:35.673  2521  2983 I volume_changed: [3,4,2,15,com.android.systemui]
02-29 11:13:35.687  2521  2983 I volume_changed: [3,2,1,15,com.android.systemui]
02-29 11:13:35.706  2521  5637 I volume_changed: [3,1,0,15,com.android.systemui]
02-29 11:13:35.757  2521  2892 I commit_sys_config_file: [settings-1-0,6]
02-29 11:13:35.764  3137  3137 I sysui_multi_action: [757,209,758,4,759,0]
02-29 11:13:36.205  2521  2912 I input_interaction: Interaction with: 91a1178 com.android.music/com.android.music.MusicBrowserActivity (server), PointerEventDispatcher0 (server), 
02-29 11:13:36.221  2521  2521 I volume_changed: [3,0,1,15,android]
02-29 11:13:36.251  3137  3137 I sysui_multi_action: [757,207,758,1]
02-29 11:13:36.251  3137  3137 I sysui_multi_action: [757,804,799,volume_from_keyguard,801,0,802,1]
02-29 11:13:36.329  2521  2892 I commit_sys_config_file: [settings-1-0,11]
02-29 11:13:36.722  2521  2521 I volume_changed: [3,1,2,15,android]
02-29 11:13:36.731  3137  3775 I sysui_multi_action: [757,211,758,4,759,3]
02-29 11:13:36.737  3137  3137 I sysui_multi_action: [757,207,758,1]
02-29 11:13:36.737  3137  3137 I sysui_multi_action: [757,804,799,volume_from_keyguard,801,0,802,1]
02-29 11:13:36.966  2521  2892 I commit_sys_config_file: [settings-1-0,8]
02-29 11:13:37.233  2521  2521 I volume_changed: [3,2,3,15,android]
02-29 11:13:37.238  3137  3775 I sysui_multi_action: [757,211,758,4,759,3]
02-29 11:13:37.245  3137  3137 I sysui_multi_action: [757,207,758,1]
02-29 11:13:37.245  3137  3137 I sysui_multi_action: [757,804,799,volume_from_keyguard,801,0,802,1]
02-29 11:13:37.450  2521  2892 I commit_sys_config_file: [settings-1-0,10]
02-29 11:13:37.543  2521  2521 I volume_changed: [3,3,4,15,android]
02-29 11:13:37.557  3137  3775 I sysui_multi_action: [757,211,758,4,759,3]
02-29 11:13:37.572  3137  3137 I sysui_multi_action: [757,207,758,1]
02-29 11:13:37.572  3137  3137 I sysui_multi_action: [757,804,799,volume_from_keyguard,801,0,802,1]
02-29 11:13:37.808  2521  2521 I volume_changed: [3,4,5,15,android]
02-29 11:13:37.817  3137  3775 I sysui_multi_action: [757,211,758,4,759,3]
02-29 11:13:37.827  3137  3137 I sysui_multi_action: [757,207,758,1]
02-29 11:13:37.827  3137  3137 I sysui_multi_action: [757,804,799,volume_from_keyguard,801,0,802,1]
02-29 11:13:37.958  2521  2892 I commit_sys_config_file: [settings-1-0,8]
02-29 11:13:38.269  2521  2892 I commit_sys_config_file: [settings-1-0,8]
02-29 11:13:38.528  2521  2892 I commit_sys_config_file: [settings-1-0,7]
02-29 11:13:38.617  2521  2521 I volume_changed: [3,5,6,15,android]
02-29 11:13:38.632  3137  3775 I sysui_multi_action: [757,211,758,4,759,3]
02-29 11:13:38.643  3137  3137 I sysui_multi_action: [757,207,758,1]
02-29 11:13:38.643  3137  3137 I sysui_multi_action: [757,804,799,volume_from_keyguard,801,0,802,1]
02-29 11:13:38.867  2521  2521 I volume_changed: [3,6,7,15,android]
02-29 11:13:38.881  3137  3775 I sysui_multi_action: [757,211,758,4,759,3]
02-29 11:13:38.893  3137  3137 I sysui_multi_action: [757,207,758,1]
02-29 11:13:38.893  3137  3137 I sysui_multi_action: [757,804,799,volume_from_keyguard,801,0,802,1]
02-29 11:13:39.243  2521  2521 I volume_changed: [3,7,8,15,android]
02-29 11:13:39.254  3137  3775 I sysui_multi_action: [757,211,758,4,759,3]
02-29 11:13:39.258  3137  3137 I sysui_multi_action: [757,207,758,1]
02-29 11:13:39.258  3137  3137 I sysui_multi_action: [757,804,799,volume_from_keyguard,801,0,802,1]
02-29 11:13:39.336  2521  2521 I volume_changed: [3,8,9,15,android]
02-29 11:13:39.345  2521  2892 I commit_sys_config_file: [settings-1-0,13]
02-29 11:13:39.349  3137  3775 I sysui_multi_action: [757,211,758,4,759,3]
02-29 11:13:39.353  3137  3137 I sysui_multi_action: [757,207,758,1]
02-29 11:13:39.353  3137  3137 I sysui_multi_action: [757,804,799,volume_from_keyguard,801,0,802,1]
02-29 11:13:39.504  2521  2521 I notification_enqueue: [10089,7316,com.android.music,1,NULL,0,Notification(channel=Channel-music shortcut=null contentView=com.android.music/0x7f0c008f vibrate=null sound=null defaults=0x0 flags=0x42 color=0x00000000 vis=PRIVATE),1]
02-29 11:13:39.509  2521  2521 I notification_enqueue: [10089,7316,com.android.music,1,NULL,0,Notification(channel=Channel-music shortcut=null contentView=com.android.music/0x7f0c008f vibrate=null sound=null defaults=0x0 flags=0x42 color=0x00000000 vis=PRIVATE),1]
02-29 11:13:39.543  2521  2521 I notification_enqueue: [10089,7316,com.android.music,1,NULL,0,Notification(channel=Channel-music shortcut=null contentView=com.android.music/0x7f0c008f vibrate=null sound=null defaults=0x0 flags=0x40 color=0x00000000 vis=PRIVATE),1]
02-29 11:13:39.546  2521  2521 I notification_enqueue: [10089,7316,com.android.music,1,NULL,0,Notification(channel=Channel-music shortcut=null contentView=com.android.music/0x7f0c008f vibrate=null sound=null defaults=0x0 flags=0x40 color=0x00000000 vis=PRIVATE),1]
02-29 11:13:39.586  2521  2892 I commit_sys_config_file: [settings-1-0,4]
02-29 11:13:39.715  2521  2521 I volume_changed: [3,9,10,15,android]
02-29 11:13:39.725  3137  3775 I sysui_multi_action: [757,211,758,4,759,3]
02-29 11:13:39.731  3137  3137 I sysui_multi_action: [757,207,758,1]
02-29 11:13:39.731  3137  3137 I sysui_multi_action: [757,804,799,volume_from_keyguard,801,0,802,1]
02-29 11:13:39.959  2521  2892 I commit_sys_config_file: [settings-1-0,5]
02-29 11:13:39.962  2521  2521 I volume_changed: [3,10,11,15,android]
02-29 11:13:39.973  3137  3775 I sysui_multi_action: [757,211,758,4,759,3]
02-29 11:13:39.982  3137  3137 I sysui_multi_action: [757,207,758,1]
02-29 11:13:39.982  3137  3137 I sysui_multi_action: [757,804,799,volume_from_keyguard,801,0,802,1]
02-29 11:13:40.278  2521  2521 I volume_changed: [3,11,12,15,android]
02-29 11:13:40.298  3137  3137 I sysui_multi_action: [757,207,758,1]
02-29 11:13:40.298  3137  3137 I sysui_multi_action: [757,804,799,volume_from_keyguard,801,0,802,1]
02-29 11:13:40.437  2521  2892 I commit_sys_config_file: [settings-1-0,10]
02-29 11:13:40.682  2521  2892 I commit_sys_config_file: [settings-1-0,7]
02-29 11:13:40.689  2521  2521 I volume_changed: [3,12,11,15,android]
02-29 11:13:40.700  3137  3775 I sysui_multi_action: [757,211,758,4,759,3]
02-29 11:13:40.704  3137  3137 I sysui_multi_action: [757,207,758,1]
02-29 11:13:40.704  3137  3137 I sysui_multi_action: [757,804,799,volume_from_keyguard,801,0,802,1]
02-29 11:13:40.932  2521  2521 I volume_changed: [3,11,12,15,android]
02-29 11:13:40.941  3137  3775 I sysui_multi_action: [757,211,758,4,759,3]
02-29 11:13:40.953  3137  3137 I sysui_multi_action: [757,207,758,1]
02-29 11:13:40.953  3137  3137 I sysui_multi_action: [757,804,799,volume_from_keyguard,801,0,802,1]
02-29 11:13:40.998  2521  2892 I commit_sys_config_file: [settings-1-0,7]
02-29 11:13:41.127  2521  2521 I volume_changed: [3,12,13,15,android]
02-29 11:13:41.138  3137  3775 I sysui_multi_action: [757,211,758,4,759,3]
02-29 11:13:41.145  3137  3137 I sysui_multi_action: [757,207,758,1]
02-29 11:13:41.145  3137  3137 I sysui_multi_action: [757,804,799,volume_from_keyguard,801,0,802,1]
02-29 11:13:41.274  2521  2521 I notification_enqueue: [10089,7316,com.android.music,1,NULL,0,Notification(channel=Channel-music shortcut=null contentView=com.android.music/0x7f0c008f vibrate=null sound=null defaults=0x0 flags=0x40 color=0x00000000 vis=PRIVATE),1]
02-29 11:13:41.279  2521  2521 I notification_enqueue: [10089,7316,com.android.music,1,NULL,0,Notification(channel=Channel-music shortcut=null contentView=com.android.music/0x7f0c008f vibrate=null sound=null defaults=0x0 flags=0x40 color=0x00000000 vis=PRIVATE),1]
02-29 11:13:41.315  2521  2521 I notification_enqueue: [10089,7316,com.android.music,1,NULL,0,Notification(channel=Channel-music shortcut=null contentView=com.android.music/0x7f0c008f vibrate=null sound=null defaults=0x0 flags=0x42 color=0x00000000 vis=PRIVATE),1]
02-29 11:13:41.319  2521  2521 I notification_enqueue: [10089,7316,com.android.music,1,NULL,0,Notification(channel=Channel-music shortcut=null contentView=com.android.music/0x7f0c008f vibrate=null sound=null defaults=0x0 flags=0x42 color=0x00000000 vis=PRIVATE),1]
02-29 11:13:41.406  2521  2892 I commit_sys_config_file: [settings-1-0,5]
02-29 11:13:41.649  2521  2892 I commit_sys_config_file: [settings-1-0,8]
02-29 11:13:41.686  2521  2521 I volume_changed: [3,13,14,15,android]
02-29 11:13:41.702  3137  3775 I sysui_multi_action: [757,211,758,4,759,3]
02-29 11:13:41.717  3137  3137 I sysui_multi_action: [757,207,758,1]
02-29 11:13:41.717  3137  3137 I sysui_multi_action: [757,804,799,volume_from_keyguard,801,0,802,1]
02-29 11:13:42.179  2521  2521 I volume_changed: [3,14,15,15,android]
02-29 11:13:42.191  3137  3775 I sysui_multi_action: [757,211,758,4,759,3]
02-29 11:13:42.198  3137  3137 I sysui_multi_action: [757,207,758,1]
02-29 11:13:42.198  3137  3137 I sysui_multi_action: [757,804,799,volume_from_keyguard,801,0,802,1]
02-29 11:13:42.412  2521  2892 I commit_sys_config_file: [settings-1-0,9]
02-29 11:13:42.689  3137  3137 I sysui_multi_action: [757,207,758,1]
02-29 11:13:42.689  3137  3137 I sysui_multi_action: [757,804,799,volume_from_keyguard,801,0,802,1]
02-29 11:13:42.902  2521  2892 I commit_sys_config_file: [settings-1-0,9]
02-29 11:13:45.093  3137  3137 I sysui_multi_action: [757,207,758,1]
02-29 11:13:45.094  3137  3137 I sysui_multi_action: [757,804,799,volume_from_keyguard,801,0,802,1]
02-29 11:13:45.431  3137  3137 I sysui_multi_action: [757,207,758,1]
02-29 11:13:45.431  3137  3137 I sysui_multi_action: [757,804,799,volume_from_keyguard,801,0,802,1]
02-29 11:13:47.048  2521  2912 I input_interaction: Interaction with: 72a34bd VolumeDialogImpl (server), PointerEventDispatcher0 (server), 
02-29 11:13:47.058  2521  3131 I volume_changed: [3,15,3,15,com.android.systemui]
02-29 11:13:47.120  3137  3137 I sysui_multi_action: [757,209,758,4,759,3]
02-29 11:13:47.777  2521  2892 I commit_sys_config_file: [settings-1-0,6]
02-29 11:13:47.974  2521  2912 I input_interaction: Interaction with: 91a1178 com.android.music/com.android.music.MusicBrowserActivity (server), PointerEventDispatcher0 (server), 
02-29 11:13:47.999  2521  2521 I volume_changed: [3,3,4,15,android]
02-29 11:13:48.017  3137  3775 I sysui_multi_action: [757,211,758,4,759,3]
02-29 11:13:48.032  3137  3137 I sysui_multi_action: [757,207,758,1]
02-29 11:13:48.032  3137  3137 I sysui_multi_action: [757,804,799,volume_from_keyguard,801,0,802,1]
02-29 11:13:48.382  2521  2521 I volume_changed: [3,4,5,15,android]
02-29 11:13:48.390  3137  3775 I sysui_multi_action: [757,211,758,4,759,3]
02-29 11:13:48.399  3137  3137 I sysui_multi_action: [757,207,758,1]
02-29 11:13:48.399  3137  3137 I sysui_multi_action: [757,804,799,volume_from_keyguard,801,0,802,1]
02-29 11:13:48.724  2521  2892 I commit_sys_config_file: [settings-1-0,6]
02-29 11:13:48.809  2521  2521 I volume_changed: [3,5,6,15,android]
02-29 11:13:48.826  3137  3775 I sysui_multi_action: [757,211,758,4,759,3]
02-29 11:13:48.833  3137  3137 I sysui_multi_action: [757,207,758,1]
02-29 11:13:48.833  3137  3137 I sysui_multi_action: [757,804,799,volume_from_keyguard,801,0,802,1]
02-29 11:13:49.102  2521  2892 I commit_sys_config_file: [settings-1-0,12]
02-29 11:13:49.537  2521  2892 I commit_sys_config_file: [settings-1-0,10]
02-29 11:13:50.399  2521  2521 I notification_enqueue: [10089,7316,com.android.music,1,NULL,0,Notification(channel=Channel-music shortcut=null contentView=com.android.music/0x7f0c008f vibrate=null sound=null defaults=0x0 flags=0x42 color=0x00000000 vis=PRIVATE),1]
02-29 11:13:50.405  2521  2521 I notification_enqueue: [10089,7316,com.android.music,1,NULL,0,Notification(channel=Channel-music shortcut=null contentView=com.android.music/0x7f0c008f vibrate=null sound=null defaults=0x0 flags=0x42 color=0x00000000 vis=PRIVATE),1]
02-29 11:13:50.436  2521  2521 I notification_enqueue: [10089,7316,com.android.music,1,NULL,0,Notification(channel=Channel-music shortcut=null contentView=com.android.music/0x7f0c008f vibrate=null sound=null defaults=0x0 flags=0x40 color=0x00000000 vis=PRIVATE),1]
02-29 11:13:50.441  2521  2521 I notification_enqueue: [10089,7316,com.android.music,1,NULL,0,Notification(channel=Channel-music shortcut=null contentView=com.android.music/0x7f0c008f vibrate=null sound=null defaults=0x0 flags=0x40 color=0x00000000 vis=PRIVATE),1]
02-29 11:13:51.834  2521  2521 I volume_changed: [3,6,7,15,android]
02-29 11:13:51.838  3137  3137 I sysui_multi_action: [757,207,758,2]
02-29 11:13:51.848  3137  3775 I sysui_multi_action: [757,211,758,4,759,3]
02-29 11:13:51.857  3137  3137 I sysui_multi_action: [757,207,758,1]
02-29 11:13:51.857  3137  3137 I sysui_multi_action: [757,804,799,volume_from_keyguard,801,0,802,1]
02-29 11:13:52.078  2521  2521 I volume_changed: [3,7,8,15,android]
02-29 11:13:52.085  3137  3775 I sysui_multi_action: [757,211,758,4,759,3]
02-29 11:13:52.094  3137  3137 I sysui_multi_action: [757,207,758,1]
02-29 11:13:52.095  3137  3137 I sysui_multi_action: [757,804,799,volume_from_keyguard,801,0,802,1]
02-29 11:13:52.142  3137  3775 I sysui_multi_action: [757,210,758,4,759,-1]
02-29 11:13:52.261  3137  3775 I sysui_multi_action: [757,210,758,4,759,3]
02-29 11:13:52.263  3137  3775 I sysui_multi_action: [757,211,758,4,759,3]
02-29 11:13:52.273  3137  3137 I sysui_multi_action: [757,207,758,1]
02-29 11:13:52.273  3137  3137 I sysui_multi_action: [757,804,799,volume_from_keyguard,801,0,802,1]
02-29 11:13:52.555  2521  2892 I commit_sys_config_file: [settings-1-0,8]
02-29 11:13:52.791  2521  2892 I commit_sys_config_file: [settings-1-0,5]
02-29 11:13:52.865  2521  2521 I volume_changed: [3,8,9,15,android]
02-29 11:13:52.876  3137  3775 I sysui_multi_action: [757,211,758,4,759,3]
02-29 11:13:52.881  3137  3137 I sysui_multi_action: [757,207,758,1]
02-29 11:13:52.881  3137  3137 I sysui_multi_action: [757,804,799,volume_from_keyguard,801,0,802,1]
02-29 11:13:53.251  2521  2521 I volume_changed: [3,9,10,15,android]
02-29 11:13:53.260  3137  3775 I sysui_multi_action: [757,211,758,4,759,3]
02-29 11:13:53.270  3137  3137 I sysui_multi_action: [757,207,758,1]
02-29 11:13:53.270  3137  3137 I sysui_multi_action: [757,804,799,volume_from_keyguard,801,0,802,1]
02-29 11:13:53.588  2521  2892 I commit_sys_config_file: [settings-1-0,11]
02-29 11:13:53.731  2521  2521 I volume_changed: [3,10,11,15,android]
02-29 11:13:53.739  3137  3775 I sysui_multi_action: [757,211,758,4,759,3]
02-29 11:13:53.746  3137  3137 I sysui_multi_action: [757,207,758,1]
02-29 11:13:53.746  3137  3137 I sysui_multi_action: [757,804,799,volume_from_keyguard,801,0,802,1]
02-29 11:13:53.856  2521  2521 I notification_enqueue: [10089,7316,com.android.music,1,NULL,0,Notification(channel=Channel-music shortcut=null contentView=com.android.music/0x7f0c008f vibrate=null sound=null defaults=0x0 flags=0x40 color=0x00000000 vis=PRIVATE),1]
02-29 11:13:53.860  2521  2521 I notification_enqueue: [10089,7316,com.android.music,1,NULL,0,Notification(channel=Channel-music shortcut=null contentView=com.android.music/0x7f0c008f vibrate=null sound=null defaults=0x0 flags=0x40 color=0x00000000 vis=PRIVATE),1]
02-29 11:13:53.895  2521  2521 I notification_enqueue: [10089,7316,com.android.music,1,NULL,0,Notification(channel=Channel-music shortcut=null contentView=com.android.music/0x7f0c008f vibrate=null sound=null defaults=0x0 flags=0x42 color=0x00000000 vis=PRIVATE),1]
02-29 11:13:53.901  2521  2521 I notification_enqueue: [10089,7316,com.android.music,1,NULL,0,Notification(channel=Channel-music shortcut=null contentView=com.android.music/0x7f0c008f vibrate=null sound=null defaults=0x0 flags=0x42 color=0x00000000 vis=PRIVATE),1]
02-29 11:13:53.971  2521  2892 I commit_sys_config_file: [settings-1-0,6]
02-29 11:13:54.097  2521  2521 I volume_changed: [3,11,12,15,android]
02-29 11:13:54.107  3137  3775 I sysui_multi_action: [757,211,758,4,759,3]
02-29 11:13:54.111  3137  3137 I sysui_multi_action: [757,207,758,1]
02-29 11:13:54.111  3137  3137 I sysui_multi_action: [757,804,799,volume_from_keyguard,801,0,802,1]
02-29 11:13:54.449  2521  2892 I commit_sys_config_file: [settings-1-0,8]
02-29 11:13:54.817  2521  2892 I commit_sys_config_file: [settings-1-0,8]
02-29 11:13:55.671  2521  2521 I volume_changed: [3,12,13,15,android]
02-29 11:13:55.686  3137  3775 I sysui_multi_action: [757,211,758,4,759,3]
02-29 11:13:55.697  3137  3137 I sysui_multi_action: [757,207,758,1]
02-29 11:13:55.697  3137  3137 I sysui_multi_action: [757,804,799,volume_from_keyguard,801,0,802,1]
02-29 11:13:56.396  2521  2892 I commit_sys_config_file: [settings-1-0,9]
02-29 11:13:58.701  3137  3137 I sysui_multi_action: [757,207,758,2]
02-29 11:13:59.024  3137  3775 I sysui_multi_action: [757,210,758,4,759,-1]
02-29 11:13:59.802  2521  2521 I volume_changed: [3,13,14,15,android]
02-29 11:13:59.804  3137  3775 I sysui_multi_action: [757,210,758,4,759,3]
02-29 11:13:59.817  3137  3775 I sysui_multi_action: [757,211,758,4,759,3]
02-29 11:13:59.827  3137  3137 I sysui_multi_action: [757,207,758,1]
02-29 11:13:59.827  3137  3137 I sysui_multi_action: [757,804,799,volume_from_keyguard,801,0,802,1]
02-29 11:14:00.523  2521  2892 I commit_sys_config_file: [settings-1-0,5]
02-29 11:14:00.645  2521  2521 I volume_changed: [3,14,15,15,android]
02-29 11:14:00.664  3137  3775 I sysui_multi_action: [757,211,758,4,759,3]
02-29 11:14:00.667  3137  3137 I sysui_multi_action: [757,207,758,1]
02-29 11:14:00.667  3137  3137 I sysui_multi_action: [757,804,799,volume_from_keyguard,801,0,802,1]
02-29 11:14:00.899  3137  3137 I sysui_multi_action: [757,207,758,1]
02-29 11:14:00.899  3137  3137 I sysui_multi_action: [757,804,799,volume_from_keyguard,801,0,802,1]
02-29 11:14:00.941  3137  3137 I sysui_multi_action: [757,207,758,1]
02-29 11:14:00.942  3137  3137 I sysui_multi_action: [757,804,799,volume_from_keyguard,801,0,802,1]
02-29 11:14:00.989  3137  3137 I sysui_multi_action: [757,207,758,1]
02-29 11:14:00.989  3137  3137 I sysui_multi_action: [757,804,799,volume_from_keyguard,801,0,802,1]
02-29 11:14:01.047  3137  3137 I sysui_multi_action: [757,207,758,1]
02-29 11:14:01.047  3137  3137 I sysui_multi_action: [757,804,799,volume_from_keyguard,801,0,802,1]
02-29 11:14:01.093  3137  3137 I sysui_multi_action: [757,207,758,1]
02-29 11:14:01.093  3137  3137 I sysui_multi_action: [757,804,799,volume_from_keyguard,801,0,802,1]
02-29 11:14:01.148  3137  3137 I sysui_multi_action: [757,207,758,1]
02-29 11:14:01.148  3137  3137 I sysui_multi_action: [757,804,799,volume_from_keyguard,801,0,802,1]
02-29 11:14:01.199  3137  3137 I sysui_multi_action: [757,207,758,1]
02-29 11:14:01.199  3137  3137 I sysui_multi_action: [757,804,799,volume_from_keyguard,801,0,802,1]
02-29 11:14:01.249  3137  3137 I sysui_multi_action: [757,207,758,1]
02-29 11:14:01.250  3137  3137 I sysui_multi_action: [757,804,799,volume_from_keyguard,801,0,802,1]
02-29 11:14:01.302  3137  3137 I sysui_multi_action: [757,207,758,1]
02-29 11:14:01.302  3137  3137 I sysui_multi_action: [757,804,799,volume_from_keyguard,801,0,802,1]
02-29 11:14:01.353  3137  3137 I sysui_multi_action: [757,207,758,1]
02-29 11:14:01.354  3137  3137 I sysui_multi_action: [757,804,799,volume_from_keyguard,801,0,802,1]
02-29 11:14:01.370  2521  2892 I commit_sys_config_file: [settings-1-0,5]
02-29 11:14:01.399  3137  3137 I sysui_multi_action: [757,207,758,1]
02-29 11:14:01.399  3137  3137 I sysui_multi_action: [757,804,799,volume_from_keyguard,801,0,802,1]
02-29 11:14:01.454  3137  3137 I sysui_multi_action: [757,207,758,1]
02-29 11:14:01.455  3137  3137 I sysui_multi_action: [757,804,799,volume_from_keyguard,801,0,802,1]
02-29 11:14:01.499  3137  3137 I sysui_multi_action: [757,207,758,1]
02-29 11:14:01.499  3137  3137 I sysui_multi_action: [757,804,799,volume_from_keyguard,801,0,802,1]
02-29 11:14:01.550  3137  3137 I sysui_multi_action: [757,207,758,1]
02-29 11:14:01.551  3137  3137 I sysui_multi_action: [757,804,799,volume_from_keyguard,801,0,802,1]
02-29 11:14:01.602  3137  3137 I sysui_multi_action: [757,207,758,1]
02-29 11:14:01.602  3137  3137 I sysui_multi_action: [757,804,799,volume_from_keyguard,801,0,802,1]
02-29 11:14:03.055  3137  3137 I sysui_multi_action: [757,207,758,1]
02-29 11:14:03.055  3137  3137 I sysui_multi_action: [757,804,799,volume_from_keyguard,801,0,802,1]
02-29 11:14:03.418  3137  3137 I sysui_multi_action: [757,207,758,1]
02-29 11:14:03.419  3137  3137 I sysui_multi_action: [757,804,799,volume_from_keyguard,801,0,802,1]
02-29 11:14:05.650  3137  3137 I sysui_multi_action: [757,207,758,1]
02-29 11:14:05.651  3137  3137 I sysui_multi_action: [757,804,799,volume_from_keyguard,801,0,802,1]
02-29 11:14:05.909  3137  3137 I sysui_multi_action: [757,207,758,1]
02-29 11:14:05.909  3137  3137 I sysui_multi_action: [757,804,799,volume_from_keyguard,801,0,802,1]
02-29 11:14:05.947  3137  3137 I sysui_multi_action: [757,207,758,1]
02-29 11:14:05.947  3137  3137 I sysui_multi_action: [757,804,799,volume_from_keyguard,801,0,802,1]
02-29 11:14:06.002  3137  3137 I sysui_multi_action: [757,207,758,1]
02-29 11:14:06.003  3137  3137 I sysui_multi_action: [757,804,799,volume_from_keyguard,801,0,802,1]
02-29 11:14:06.048  3137  3137 I sysui_multi_action: [757,207,758,1]
02-29 11:14:06.048  3137  3137 I sysui_multi_action: [757,804,799,volume_from_keyguard,801,0,802,1]
02-29 11:14:06.104  3137  3137 I sysui_multi_action: [757,207,758,1]
02-29 11:14:06.104  3137  3137 I sysui_multi_action: [757,804,799,volume_from_keyguard,801,0,802,1]
02-29 11:14:06.151  3137  3137 I sysui_multi_action: [757,207,758,1]
02-29 11:14:06.151  3137  3137 I sysui_multi_action: [757,804,799,volume_from_keyguard,801,0,802,1]
02-29 11:14:06.213  3137  3137 I sysui_multi_action: [757,207,758,1]
02-29 11:14:06.213  3137  3137 I sysui_multi_action: [757,804,799,volume_from_keyguard,801,0,802,1]
02-29 11:14:06.256  3137  3137 I sysui_multi_action: [757,207,758,1]
02-29 11:14:06.256  3137  3137 I sysui_multi_action: [757,804,799,volume_from_keyguard,801,0,802,1]
02-29 11:14:06.310  3137  3137 I sysui_multi_action: [757,207,758,1]
02-29 11:14:06.310  3137  3137 I sysui_multi_action: [757,804,799,volume_from_keyguard,801,0,802,1]
02-29 11:14:06.356  3137  3137 I sysui_multi_action: [757,207,758,1]
02-29 11:14:06.357  3137  3137 I sysui_multi_action: [757,804,799,volume_from_keyguard,801,0,802,1]
02-29 11:14:06.410  3137  3137 I sysui_multi_action: [757,207,758,1]
02-29 11:14:06.410  3137  3137 I sysui_multi_action: [757,804,799,volume_from_keyguard,801,0,802,1]
02-29 11:14:06.461  3137  3137 I sysui_multi_action: [757,207,758,1]
02-29 11:14:06.461  3137  3137 I sysui_multi_action: [757,804,799,volume_from_keyguard,801,0,802,1]
02-29 11:14:06.512  3137  3137 I sysui_multi_action: [757,207,758,1]
02-29 11:14:06.512  3137  3137 I sysui_multi_action: [757,804,799,volume_from_keyguard,801,0,802,1]
02-29 11:14:06.563  3137  3137 I sysui_multi_action: [757,207,758,1]
02-29 11:14:06.563  3137  3137 I sysui_multi_action: [757,804,799,volume_from_keyguard,801,0,802,1]
02-29 11:14:06.613  3137  3137 I sysui_multi_action: [757,207,758,1]
02-29 11:14:06.613  3137  3137 I sysui_multi_action: [757,804,799,volume_from_keyguard,801,0,802,1]
02-29 11:14:06.661  3137  3137 I sysui_multi_action: [757,207,758,1]
02-29 11:14:06.661  3137  3137 I sysui_multi_action: [757,804,799,volume_from_keyguard,801,0,802,1]
02-29 11:14:06.717  3137  3137 I sysui_multi_action: [757,207,758,1]
02-29 11:14:06.718  3137  3137 I sysui_multi_action: [757,804,799,volume_from_keyguard,801,0,802,1]
02-29 11:14:06.766  3137  3137 I sysui_multi_action: [757,207,758,1]
02-29 11:14:06.767  3137  3137 I sysui_multi_action: [757,804,799,volume_from_keyguard,801,0,802,1]
02-29 11:14:06.813  3137  3137 I sysui_multi_action: [757,207,758,1]
02-29 11:14:06.813  3137  3137 I sysui_multi_action: [757,804,799,volume_from_keyguard,801,0,802,1]
02-29 11:14:06.866  3137  3137 I sysui_multi_action: [757,207,758,1]
02-29 11:14:06.867  3137  3137 I sysui_multi_action: [757,804,799,volume_from_keyguard,801,0,802,1]
02-29 11:14:06.921  3137  3137 I sysui_multi_action: [757,207,758,1]
02-29 11:14:06.921  3137  3137 I sysui_multi_action: [757,804,799,volume_from_keyguard,801,0,802,1]
02-29 11:14:06.964  3137  3137 I sysui_multi_action: [757,207,758,1]
02-29 11:14:06.965  3137  3137 I sysui_multi_action: [757,804,799,volume_from_keyguard,801,0,802,1]
02-29 11:14:07.018  3137  3137 I sysui_multi_action: [757,207,758,1]
02-29 11:14:07.018  3137  3137 I sysui_multi_action: [757,804,799,volume_from_keyguard,801,0,802,1]
02-29 11:14:07.065  3137  3137 I sysui_multi_action: [757,207,758,1]
02-29 11:14:07.066  3137  3137 I sysui_multi_action: [757,804,799,volume_from_keyguard,801,0,802,1]
02-29 11:14:07.123  3137  3137 I sysui_multi_action: [757,207,758,1]
02-29 11:14:07.123  3137  3137 I sysui_multi_action: [757,804,799,volume_from_keyguard,801,0,802,1]
02-29 11:14:08.133  3137  3137 I sysui_multi_action: [757,207,758,1]
02-29 11:14:08.133  3137  3137 I sysui_multi_action: [757,804,799,volume_from_keyguard,801,0,802,1]
02-29 11:14:08.324  2521  2521 I notification_enqueue: [10089,7316,com.android.music,1,NULL,0,Notification(channel=Channel-music shortcut=null contentView=com.android.music/0x7f0c008f vibrate=null sound=null defaults=0x0 flags=0x42 color=0x00000000 vis=PRIVATE),1]
02-29 11:14:08.333  2521  2521 I notification_enqueue: [10089,7316,com.android.music,1,NULL,0,Notification(channel=Channel-music shortcut=null contentView=com.android.music/0x7f0c008f vibrate=null sound=null defaults=0x0 flags=0x42 color=0x00000000 vis=PRIVATE),1]
02-29 11:14:08.361  2521  2521 I notification_enqueue: [10089,7316,com.android.music,1,NULL,0,Notification(channel=Channel-music shortcut=null contentView=com.android.music/0x7f0c008f vibrate=null sound=null defaults=0x0 flags=0x40 color=0x00000000 vis=PRIVATE),1]
02-29 11:14:08.365  2521  2521 I notification_enqueue: [10089,7316,com.android.music,1,NULL,0,Notification(channel=Channel-music shortcut=null contentView=com.android.music/0x7f0c008f vibrate=null sound=null defaults=0x0 flags=0x40 color=0x00000000 vis=PRIVATE),1]
02-29 11:14:09.581  3137  3137 I sysui_multi_action: [757,207,758,1]
02-29 11:14:09.581  3137  3137 I sysui_multi_action: [757,804,799,volume_from_keyguard,801,0,802,1]
02-29 11:14:10.424  3137  3137 I sysui_multi_action: [757,207,758,1]
02-29 11:14:10.424  3137  3137 I sysui_multi_action: [757,804,799,volume_from_keyguard,801,0,802,1]
02-29 11:14:10.739  2521  2521 I notification_enqueue: [10089,7316,com.android.music,1,NULL,0,Notification(channel=Channel-music shortcut=null contentView=com.android.music/0x7f0c008f vibrate=null sound=null defaults=0x0 flags=0x40 color=0x00000000 vis=PRIVATE),1]
02-29 11:14:10.743  2521  2521 I notification_enqueue: [10089,7316,com.android.music,1,NULL,0,Notification(channel=Channel-music shortcut=null contentView=com.android.music/0x7f0c008f vibrate=null sound=null defaults=0x0 flags=0x40 color=0x00000000 vis=PRIVATE),1]
02-29 11:14:10.766  2521  2521 I notification_enqueue: [10089,7316,com.android.music,1,NULL,0,Notification(channel=Channel-music shortcut=null contentView=com.android.music/0x7f0c008f vibrate=null sound=null defaults=0x0 flags=0x42 color=0x00000000 vis=PRIVATE),1]
02-29 11:14:10.768  2521  2521 I notification_enqueue: [10089,7316,com.android.music,1,NULL,0,Notification(channel=Channel-music shortcut=null contentView=com.android.music/0x7f0c008f vibrate=null sound=null defaults=0x0 flags=0x42 color=0x00000000 vis=PRIVATE),1]
02-29 11:14:11.544  3137  3137 I sysui_multi_action: [757,207,758,1]
02-29 11:14:11.544  3137  3137 I sysui_multi_action: [757,804,799,volume_from_keyguard,801,0,802,1]
02-29 11:14:11.974  2521  2521 I notification_enqueue: [10089,7316,com.android.music,1,NULL,0,Notification(channel=Channel-music shortcut=null contentView=com.android.music/0x7f0c008f vibrate=null sound=null defaults=0x0 flags=0x42 color=0x00000000 vis=PRIVATE),1]
02-29 11:14:11.979  2521  2521 I notification_enqueue: [10089,7316,com.android.music,1,NULL,0,Notification(channel=Channel-music shortcut=null contentView=com.android.music/0x7f0c008f vibrate=null sound=null defaults=0x0 flags=0x42 color=0x00000000 vis=PRIVATE),1]
02-29 11:14:12.007  2521  2521 I notification_enqueue: [10089,7316,com.android.music,1,NULL,0,Notification(channel=Channel-music shortcut=null contentView=com.android.music/0x7f0c008f vibrate=null sound=null defaults=0x0 flags=0x40 color=0x00000000 vis=PRIVATE),1]
02-29 11:14:12.012  2521  2521 I notification_enqueue: [10089,7316,com.android.music,1,NULL,0,Notification(channel=Channel-music shortcut=null contentView=com.android.music/0x7f0c008f vibrate=null sound=null defaults=0x0 flags=0x40 color=0x00000000 vis=PRIVATE),1]
02-29 11:14:13.170  3137  3137 I sysui_multi_action: [757,207,758,1]
02-29 11:14:13.171  3137  3137 I sysui_multi_action: [757,804,799,volume_from_keyguard,801,0,802,1]
02-29 11:14:13.788  3137  3137 I sysui_multi_action: [757,207,758,1]
02-29 11:14:13.788  3137  3137 I sysui_multi_action: [757,804,799,volume_from_keyguard,801,0,802,1]
02-29 11:14:15.597  3137  3137 I sysui_multi_action: [757,207,758,1]
02-29 11:14:15.598  3137  3137 I sysui_multi_action: [757,804,799,volume_from_keyguard,801,0,802,1]
02-29 11:14:18.599  3137  3137 I sysui_multi_action: [757,207,758,2]
02-29 11:14:18.921  3137  3775 I sysui_multi_action: [757,210,758,4,759,-1]
02-29 11:14:24.046  3137  3775 I sysui_multi_action: [757,210,758,4,759,3]
02-29 11:14:24.050  3137  3775 I sysui_multi_action: [757,211,758,4,759,3]
02-29 11:14:24.074  3137  3137 I sysui_multi_action: [757,207,758,1]
02-29 11:14:24.074  3137  3137 I sysui_multi_action: [757,804,799,volume_from_keyguard,801,0,802,1]
02-29 11:14:24.411  3137  3137 I sysui_multi_action: [757,207,758,1]
02-29 11:14:24.411  3137  3137 I sysui_multi_action: [757,804,799,volume_from_keyguard,801,0,802,1]
02-29 11:14:27.411  3137  3137 I sysui_multi_action: [757,207,758,2]
02-29 11:14:27.723  3137  3775 I sysui_multi_action: [757,210,758,4,759,-1]
02-29 11:14:42.080  3137  3775 I sysui_multi_action: [757,210,758,4,759,3]
02-29 11:14:42.091  3137  3775 I sysui_multi_action: [757,211,758,4,759,3]
02-29 11:14:42.107  3137  3137 I sysui_multi_action: [757,207,758,1]
02-29 11:14:42.107  3137  3137 I sysui_multi_action: [757,804,799,volume_from_keyguard,801,0,802,1]
02-29 11:14:42.403  3137  3137 I sysui_multi_action: [757,207,758,1]
02-29 11:14:42.403  3137  3137 I sysui_multi_action: [757,804,799,volume_from_keyguard,801,0,802,1]
02-29 11:14:45.403  3137  3137 I sysui_multi_action: [757,207,758,2]
