02-29 13:32:32.577  2521  2611 I wm_task_removed: [209,removeChild:removeChild last r=ActivityRecord{4819965 u0 com.android.nfc/.TechListChooserActivity} t-1 f}} in t=Task{38cb873 #209 type=standard A=1027:com.android.nfc}]
02-29 13:32:32.577  2521  2611 I wm_task_removed: [209,removeChild]
02-29 13:32:33.646  2521  3246 I wm_task_created: [210,-1]
02-29 13:32:33.654  2521  3246 I wm_task_moved: [210,1,6]
02-29 13:32:33.654  2521  3246 I wm_task_to_front: [0,210]
02-29 13:32:33.654  2521  3246 I wm_create_task: [0,210]
02-29 13:32:33.654  2521  3246 I wm_create_activity: [0,204269929,210,com.android.nfc/.NfcRootActivity,NULL,NULL,NULL,276856832]
02-29 13:32:33.655  2521  3246 I wm_task_moved: [210,1,6]
02-29 13:32:33.655  2521  3246 I wm_pause_activity: [0,126596948,com.android.launcher3/.uioverrides.QuickstepLauncher,userLeaving=true,pauseBackTasks]
02-29 13:32:33.655  3697  3697 I wm_on_top_resumed_lost_called: [126596948,com.android.launcher3.uioverrides.QuickstepLauncher,topStateChangedWhenResumed]
02-29 13:32:33.658  3697  3697 I wm_on_paused_called: [126596948,com.android.launcher3.uioverrides.QuickstepLauncher,performPause]
02-29 13:32:33.660  2521  3202 I wm_restart_activity: [0,204269929,210,com.android.nfc/.NfcRootActivity]
02-29 13:32:33.661  2521  3202 I wm_set_resumed_activity: [0,com.android.nfc/.NfcRootActivity,minimalResumeActivityLocked - onActivityStateChanged]
02-29 13:32:33.662  2521  2607 I sysui_multi_action: [757,803,799,window_time_0,802,2]
02-29 13:32:33.663  2521  2611 I input_focus: [Requesting to set focus to null window,reason=UpdateInputWindows]
02-29 13:32:33.667  2521  7537 I wm_task_moved: [210,1,6]
02-29 13:32:33.667  2521  7537 I wm_create_activity: [0,60928805,210,com.android.nfc/.TechListChooserActivity,NULL,NULL,NULL,8388608]
02-29 13:32:33.668  2521  7537 I wm_pause_activity: [0,204269929,com.android.nfc/.NfcRootActivity,userLeaving=true,resumeTopActivity]
02-29 13:32:33.671  2521  3246 I wm_finish_activity: [0,204269929,210,com.android.nfc/.NfcRootActivity,app-request]
02-29 13:32:33.671  4957  4957 I wm_on_create_called: [204269929,com.android.nfc.NfcRootActivity,performCreate]
02-29 13:32:33.672  2521  3246 I wm_add_to_stopping: [0,204269929,com.android.nfc/.NfcRootActivity,completeFinishing]
02-29 13:32:33.673  2521  3246 I wm_restart_activity: [0,60928805,210,com.android.nfc/.TechListChooserActivity]
02-29 13:32:33.673  2521  3246 I wm_set_resumed_activity: [0,com.android.nfc/.TechListChooserActivity,minimalResumeActivityLocked - onActivityStateChanged]
02-29 13:32:33.673  2521  2607 I sysui_multi_action: [757,803,799,window_time_0,802,0]
02-29 13:32:33.680  2521  2912 I input_focus: [Focus leaving 2f678ac com.android.launcher3/com.android.launcher3.uioverrides.QuickstepLauncher (server),reason=Waiting for window because NOT_FOCUSABLE]
02-29 13:32:33.682  4957  4957 I sysui_multi_action: [757,453,758,4,806,android.nfc.action.TECH_DISCOVERED:null:]
02-29 13:32:33.682  4957  4957 I wm_on_create_called: [60928805,com.android.nfc.TechListChooserActivity,performCreate]
02-29 13:32:33.682  4957  4957 I wm_on_start_called: [60928805,com.android.nfc.TechListChooserActivity,handleStartActivity]
02-29 13:32:33.682  4957  4957 I wm_on_resume_called: [60928805,com.android.nfc.TechListChooserActivity,RESUME_ACTIVITY]
02-29 13:32:33.684  4957  4957 I wm_on_top_resumed_gained_called: [60928805,com.android.nfc.TechListChooserActivity,topStateChangedWhenResumed]
02-29 13:32:33.698  2521  2611 I input_focus: [Focus request a676520 com.android.nfc/com.android.nfc.TechListChooserActivity,reason=UpdateInputWindows]
02-29 13:32:33.701  2521  3105 I wm_destroy_activity: [0,204269929,210,com.android.nfc/.NfcRootActivity,finish-imm:idle]
02-29 13:32:33.704  2521  2607 I sysui_multi_action: [319,63,322,63,325,10246,757,761,758,8,759,2,806,com.android.nfc,871,com.android.nfc.TechListChooserActivity,904,com.android.nfc,905,0,1320,4,1321,23]
02-29 13:32:33.704  2521  2607 I wm_activity_launch_time: [0,60928805,com.android.nfc/.TechListChooserActivity,63]
02-29 13:32:33.714  2521  2912 I input_focus: [Focus entering a676520 com.android.nfc/com.android.nfc.TechListChooserActivity (server),reason=setFocusedWindow]
02-29 13:32:33.715  4957  4957 I wm_on_destroy_called: [204269929,com.android.nfc.NfcRootActivity,performDestroy]
02-29 13:32:35.477  2521  2912 I input_interaction: Interaction with: a676520 com.android.nfc/com.android.nfc.TechListChooserActivity (server), PointerEventDispatcher0 (server), 
02-29 13:32:35.578  2521  3105 I wm_finish_activity: [0,60928805,210,com.android.nfc/.TechListChooserActivity,app-request]
02-29 13:32:35.579  2521  3105 I wm_task_moved: [1,1,6]
02-29 13:32:35.581  2521  3105 I wm_task_moved: [141,1,2147483647]
02-29 13:32:35.582  2521  3105 I wm_task_to_front: [0,141]
02-29 13:32:35.582  2521  3105 I wm_focused_root_task: [0,0,1,-1,finish-top adjustFocusToNextFocusableTask]
02-29 13:32:35.591  2521  3105 I wm_pause_activity: [0,60928805,com.android.nfc/.TechListChooserActivity,userLeaving=false,finish]
02-29 13:32:35.598  2521  2611 I input_focus: [Focus request 2f678ac com.android.launcher3/com.android.launcher3.uioverrides.QuickstepLauncher,reason=UpdateInputWindows]
02-29 13:32:35.612  4957  4957 I wm_on_top_resumed_lost_called: [60928805,com.android.nfc.TechListChooserActivity,topStateChangedWhenResumed]
02-29 13:32:35.612  4957  4957 I wm_on_paused_called: [60928805,com.android.nfc.TechListChooserActivity,performPause]
02-29 13:32:35.616  2521  3202 I wm_set_resumed_activity: [0,com.android.launcher3/.uioverrides.QuickstepLauncher,resumeTopActivity - onActivityStateChanged]
02-29 13:32:35.617  2521  3202 I wm_resume_activity: [0,126596948,141,com.android.launcher3/.uioverrides.QuickstepLauncher]
02-29 13:32:35.619  2521  2912 I input_focus: [Focus leaving a676520 com.android.nfc/com.android.nfc.TechListChooserActivity (server),reason=setFocusedWindow]
02-29 13:32:35.619  2521  2912 I input_focus: [Focus entering 2f678ac com.android.launcher3/com.android.launcher3.uioverrides.QuickstepLauncher (server),reason=setFocusedWindow]
02-29 13:32:35.619  2521  2607 I sysui_multi_action: [757,803,799,window_time_0,802,2]
02-29 13:32:35.634  3697  3697 I wm_on_resume_called: [126596948,com.android.launcher3.uioverrides.QuickstepLauncher,RESUME_ACTIVITY]
02-29 13:32:35.634  3697  3697 I wm_on_top_resumed_gained_called: [126596948,com.android.launcher3.uioverrides.QuickstepLauncher,topWhenResuming]
02-29 13:32:35.655  2521  3202 I wm_destroy_activity: [0,60928805,210,com.android.nfc/.TechListChooserActivity,finish-idle]
02-29 13:32:35.657  4957  4957 I wm_on_stop_called: [60928805,com.android.nfc.TechListChooserActivity,LIFECYCLER_STOP_ACTIVITY]
02-29 13:32:35.659  4957  4957 I wm_on_destroy_called: [60928805,com.android.nfc.TechListChooserActivity,performDestroy]
02-29 13:32:35.885  2521  2611 I wm_task_removed: [210,removeChild:removeChild last r=ActivityRecord{3a1b325 u0 com.android.nfc/.TechListChooserActivity} t-1 f}} in t=Task{6699033 #210 type=standard A=1027:com.android.nfc}]
02-29 13:32:35.885  2521  2611 I wm_task_removed: [210,removeChild]
02-29 13:32:36.838  2521  3105 I wm_task_created: [211,-1]
02-29 13:32:36.844  2521  3105 I wm_task_moved: [211,1,6]
02-29 13:32:36.844  2521  3105 I wm_task_to_front: [0,211]
02-29 13:32:36.844  3697  3697 I wm_on_top_resumed_lost_called: [126596948,com.android.launcher3.uioverrides.QuickstepLauncher,topStateChangedWhenResumed]
02-29 13:32:36.844  2521  3105 I wm_create_task: [0,211]
02-29 13:32:36.844  2521  3105 I wm_create_activity: [0,20702509,211,com.android.nfc/.NfcRootActivity,NULL,NULL,NULL,276856832]
02-29 13:32:36.845  2521  3105 I wm_task_moved: [211,1,6]
02-29 13:32:36.846  2521  3105 I wm_pause_activity: [0,126596948,com.android.launcher3/.uioverrides.QuickstepLauncher,userLeaving=true,pauseBackTasks]
02-29 13:32:36.849  3697  3697 I wm_on_paused_called: [126596948,com.android.launcher3.uioverrides.QuickstepLauncher,performPause]
02-29 13:32:36.851  2521  3105 I wm_restart_activity: [0,20702509,211,com.android.nfc/.NfcRootActivity]
02-29 13:32:36.853  2521  3105 I wm_set_resumed_activity: [0,com.android.nfc/.NfcRootActivity,minimalResumeActivityLocked - onActivityStateChanged]
02-29 13:32:36.858  2521  2607 I sysui_multi_action: [757,803,799,window_time_0,802,1]
02-29 13:32:36.859  2521  2611 I input_focus: [Requesting to set focus to null window,reason=UpdateInputWindows]
02-29 13:32:36.860  2521  3202 I wm_task_moved: [211,1,6]
02-29 13:32:36.861  2521  3202 I wm_create_activity: [0,119449385,211,com.android.nfc/.TechListChooserActivity,NULL,NULL,NULL,8388608]
02-29 13:32:36.861  2521  3202 I wm_pause_activity: [0,20702509,com.android.nfc/.NfcRootActivity,userLeaving=true,resumeTopActivity]
02-29 13:32:36.861  2521  3105 I wm_finish_activity: [0,20702509,211,com.android.nfc/.NfcRootActivity,app-request]
02-29 13:32:36.861  4957  4957 I wm_on_create_called: [20702509,com.android.nfc.NfcRootActivity,performCreate]
02-29 13:32:36.862  2521  7537 I wm_add_to_stopping: [0,20702509,com.android.nfc/.NfcRootActivity,completeFinishing]
02-29 13:32:36.863  2521  7537 I wm_restart_activity: [0,119449385,211,com.android.nfc/.TechListChooserActivity]
02-29 13:32:36.863  2521  7537 I wm_set_resumed_activity: [0,com.android.nfc/.TechListChooserActivity,minimalResumeActivityLocked - onActivityStateChanged]
02-29 13:32:36.863  2521  2607 I sysui_multi_action: [757,803,799,window_time_0,802,0]
02-29 13:32:36.871  2521  2912 I input_focus: [Focus leaving 2f678ac com.android.launcher3/com.android.launcher3.uioverrides.QuickstepLauncher (server),reason=Waiting for window because NOT_FOCUSABLE]
02-29 13:32:36.872  4957  4957 I sysui_multi_action: [757,453,758,4,806,android.nfc.action.TECH_DISCOVERED:null:]
02-29 13:32:36.872  4957  4957 I wm_on_create_called: [119449385,com.android.nfc.TechListChooserActivity,performCreate]
02-29 13:32:36.872  4957  4957 I wm_on_start_called: [119449385,com.android.nfc.TechListChooserActivity,handleStartActivity]
02-29 13:32:36.873  4957  4957 I wm_on_resume_called: [119449385,com.android.nfc.TechListChooserActivity,RESUME_ACTIVITY]
02-29 13:32:36.874  4957  4957 I wm_on_top_resumed_gained_called: [119449385,com.android.nfc.TechListChooserActivity,topStateChangedWhenResumed]
02-29 13:32:36.890  2521  2611 I input_focus: [Focus request 45c6274 com.android.nfc/com.android.nfc.TechListChooserActivity,reason=UpdateInputWindows]
02-29 13:32:36.895  2521  2607 I sysui_multi_action: [319,62,322,62,325,10249,757,761,758,8,759,2,806,com.android.nfc,871,com.android.nfc.TechListChooserActivity,904,com.android.nfc,905,0,1320,4,1321,23]
02-29 13:32:36.895  2521  2607 I wm_activity_launch_time: [0,119449385,com.android.nfc/.TechListChooserActivity,62]
02-29 13:32:36.905  2521  2912 I input_focus: [Focus entering 45c6274 com.android.nfc/com.android.nfc.TechListChooserActivity (server),reason=setFocusedWindow]
02-29 13:32:37.192  2521  2610 I wm_destroy_activity: [0,20702509,211,com.android.nfc/.NfcRootActivity,finish-imm:idle]
02-29 13:32:37.192  4957  4957 I wm_on_destroy_called: [20702509,com.android.nfc.NfcRootActivity,performDestroy]
02-29 13:32:37.568  2521  2912 I input_interaction: Interaction with: 34818e7 NavigationBar0 (server), PointerEventDispatcher0 (server), 
02-29 13:32:37.918  2521  2912 I input_interaction: Interaction with: 45c6274 com.android.nfc/com.android.nfc.TechListChooserActivity (server), PointerEventDispatcher0 (server), 
02-29 13:32:38.052  2521  3105 I wm_task_moved: [211,1,6]
02-29 13:32:38.052  2521  3105 I wm_create_activity: [0,188424751,211,com.example.android.apis/.nfc.TechFilter,android.nfc.action.TECH_DISCOVERED,NULL,NULL,54525952]
02-29 13:32:38.053  2521  3105 I wm_pause_activity: [0,119449385,com.android.nfc/.TechListChooserActivity,userLeaving=true,resumeTopActivity]
02-29 13:32:38.055  4957  4957 I sysui_multi_action: [757,457,758,4]
02-29 13:32:38.055  4957  4957 I sysui_multi_action: [757,454,758,4]
02-29 13:32:38.055  2521  3202 I wm_finish_activity: [0,119449385,211,com.android.nfc/.TechListChooserActivity,app-request]
02-29 13:32:38.058  4957  4957 I wm_on_top_resumed_lost_called: [119449385,com.android.nfc.TechListChooserActivity,topStateChangedWhenResumed]
02-29 13:32:38.058  4957  4957 I wm_on_paused_called: [119449385,com.android.nfc.TechListChooserActivity,performPause]
02-29 13:32:38.058  2521  7537 I wm_add_to_stopping: [0,119449385,com.android.nfc/.TechListChooserActivity,completeFinishing]
02-29 13:32:38.059  2521  7537 I wm_add_to_stopping: [0,126596948,com.android.launcher3/.uioverrides.QuickstepLauncher,makeInvisible]
02-29 13:32:38.059  2521  7537 I wm_restart_activity: [0,188424751,211,com.example.android.apis/.nfc.TechFilter]
02-29 13:32:38.060  2521  7537 I wm_set_resumed_activity: [0,com.example.android.apis/.nfc.TechFilter,minimalResumeActivityLocked - onActivityStateChanged]
02-29 13:32:38.060  2521  2607 I sysui_multi_action: [757,803,799,window_time_0,802,1]
02-29 13:32:38.061  2521  2611 I input_focus: [Requesting to set focus to null window,reason=UpdateInputWindows]
02-29 13:32:38.067 17199 17199 I wm_on_create_called: [188424751,com.example.android.apis.nfc.TechFilter,performCreate]
02-29 13:32:38.067 17199 17199 I wm_on_start_called: [188424751,com.example.android.apis.nfc.TechFilter,handleStartActivity]
02-29 13:32:38.068 17199 17199 I wm_on_resume_called: [188424751,com.example.android.apis.nfc.TechFilter,RESUME_ACTIVITY]
02-29 13:32:38.070 17199 17199 I wm_on_top_resumed_gained_called: [188424751,com.example.android.apis.nfc.TechFilter,topStateChangedWhenResumed]
02-29 13:32:38.075  2521  2611 I input_focus: [Focus request 6172827 com.example.android.apis/com.example.android.apis.nfc.TechFilter,reason=UpdateInputWindows]
02-29 13:32:38.087  2521  2607 I sysui_multi_action: [319,40,322,40,325,10250,757,761,758,8,759,2,806,com.example.android.apis,871,com.example.android.apis.nfc.TechFilter,904,com.android.nfc,905,0,1320,4,1321,2]
02-29 13:32:38.088  2521  2607 I wm_activity_launch_time: [0,188424751,com.example.android.apis/.nfc.TechFilter,40]
02-29 13:32:38.093  2521  2912 I input_focus: [Focus leaving 45c6274 com.android.nfc/com.android.nfc.TechListChooserActivity (server),reason=Waiting for window because NOT_FOCUSABLE]
02-29 13:32:38.194  2521  2912 I input_focus: [Focus entering 6172827 com.example.android.apis/com.example.android.apis.nfc.TechFilter (server),reason=Window became focusable. Previous reason: NOT_VISIBLE]
02-29 13:32:38.559  2521  2610 I wm_stop_activity: [0,126596948,com.android.launcher3/.uioverrides.QuickstepLauncher]
02-29 13:32:38.562  2521  2611 I wm_wallpaper_surface: [0,0,null]
02-29 13:32:38.568  2521  2610 I wm_destroy_activity: [0,119449385,211,com.android.nfc/.TechListChooserActivity,finish-imm:idle]
02-29 13:32:38.586  4957  4957 I wm_on_stop_called: [119449385,com.android.nfc.TechListChooserActivity,LIFECYCLER_STOP_ACTIVITY]
02-29 13:32:38.589  4957  4957 I wm_on_destroy_called: [119449385,com.android.nfc.TechListChooserActivity,performDestroy]
02-29 13:32:38.595  3697  3697 I wm_on_stop_called: [126596948,com.android.launcher3.uioverrides.QuickstepLauncher,STOP_ACTIVITY_ITEM]
02-29 13:32:38.622  2521  2912 I input_interaction: Interaction with: 34818e7 NavigationBar0 (server), PointerEventDispatcher0 (server), 
02-29 13:32:38.627  3137  3137 I sysui_multi_action: [757,931,758,4,759,3,932,0,933,0]
02-29 13:32:38.735  3137  3137 I sysui_multi_action: [757,931,758,4,759,3,932,0,933,1]
02-29 13:32:38.757  2521  2608 I wm_task_moved: [1,1,6]
02-29 13:32:38.758  2521  2608 I wm_task_moved: [141,1,2147483647]
02-29 13:32:38.759  2521  2608 I wm_task_to_front: [0,141]
02-29 13:32:38.759  2521  2608 I wm_focused_root_task: [0,0,1,211,bringingFoundTaskToFront]
02-29 13:32:38.761  2521  2608 I wm_set_resumed_activity: [0,com.android.launcher3/.uioverrides.QuickstepLauncher,bringingFoundTaskToFront]
02-29 13:32:38.761 17199 17199 I wm_on_top_resumed_lost_called: [188424751,com.example.android.apis.nfc.TechFilter,topStateChangedWhenResumed]
02-29 13:32:38.761  2521  2608 I wm_new_intent: [0,126596948,141,com.android.launcher3/.uioverrides.QuickstepLauncher,android.intent.action.MAIN,NULL,NULL,268435712]
02-29 13:32:38.762  2521  2608 I wm_pause_activity: [0,188424751,com.example.android.apis/.nfc.TechFilter,userLeaving=true,pauseBackTasks]
02-29 13:32:38.764  2521  2608 I wm_add_to_stopping: [0,188424751,com.example.android.apis/.nfc.TechFilter,makeInvisible]
02-29 13:32:38.764  2521  2607 I sysui_multi_action: [757,803,799,window_time_0,802,1]
02-29 13:32:38.765  2521  2608 I wm_set_resumed_activity: [0,com.android.launcher3/.uioverrides.QuickstepLauncher,resumeTopActivity - onActivityStateChanged]
02-29 13:32:38.766  2521  2608 I wm_resume_activity: [0,126596948,141,com.android.launcher3/.uioverrides.QuickstepLauncher]
02-29 13:32:38.768  3697  3697 I wm_on_restart_called: [126596948,com.android.launcher3.uioverrides.QuickstepLauncher,performRestartActivity]
02-29 13:32:38.769  3697  3697 I wm_on_start_called: [126596948,com.android.launcher3.uioverrides.QuickstepLauncher,handleStartActivity]
02-29 13:32:38.770  2521  2611 I input_focus: [Requesting to set focus to null window,reason=UpdateInputWindows]
02-29 13:32:38.771 17199 17199 I wm_on_paused_called: [188424751,com.example.android.apis.nfc.TechFilter,performPause]
02-29 13:32:38.772  3697  3697 I wm_on_resume_called: [126596948,com.android.launcher3.uioverrides.QuickstepLauncher,RESUME_ACTIVITY]
02-29 13:32:38.779  2521  2912 I input_focus: [Focus leaving 6172827 com.example.android.apis/com.example.android.apis.nfc.TechFilter (server),reason=Waiting for window because NOT_FOCUSABLE]
02-29 13:32:38.785  2521  2611 I input_focus: [Focus request 2f678ac com.android.launcher3/com.android.launcher3.uioverrides.QuickstepLauncher,reason=UpdateInputWindows]
02-29 13:32:38.794  3697  3697 I wm_on_top_resumed_gained_called: [126596948,com.android.launcher3.uioverrides.QuickstepLauncher,topStateChangedWhenResumed]
02-29 13:32:38.795  2521  2611 I wm_wallpaper_surface: [0,1,Window{2f678ac u0 com.android.launcher3/com.android.launcher3.uioverrides.QuickstepLauncher}]
02-29 13:32:38.807  2521  2607 I sysui_multi_action: [319,51,322,46,325,10251,757,761,758,9,759,2,806,com.android.launcher3,871,com.android.launcher3.uioverrides.QuickstepLauncher,905,0,1320,4,1321,23]
02-29 13:32:38.827  2521  2912 I input_focus: [Focus entering 2f678ac com.android.launcher3/com.android.launcher3.uioverrides.QuickstepLauncher (server),reason=Window became focusable. Previous reason: NOT_VISIBLE]
02-29 13:32:39.154  2521  2610 I wm_stop_activity: [0,188424751,com.example.android.apis/.nfc.TechFilter]
02-29 13:32:39.171 17199 17199 I wm_on_stop_called: [188424751,com.example.android.apis.nfc.TechFilter,STOP_ACTIVITY_ITEM]
02-29 13:32:40.651  2521  3083 I wm_task_moved: [211,1,6]
02-29 13:32:40.652  2521  3083 I wm_task_to_front: [0,211]
02-29 13:32:40.653  2521  3083 I wm_focused_root_task: [0,0,211,1,bringingFoundTaskToFront]
02-29 13:32:40.654  2521  3083 I wm_set_resumed_activity: [0,com.example.android.apis/.nfc.TechFilter,bringingFoundTaskToFront]
02-29 13:32:40.655  3697  3697 I wm_on_top_resumed_lost_called: [126596948,com.android.launcher3.uioverrides.QuickstepLauncher,topStateChangedWhenResumed]
02-29 13:32:40.656  2521  3083 I wm_destroy_activity: [0,188424751,211,com.example.android.apis/.nfc.TechFilter,finish-imm:clear-task-all]
02-29 13:32:40.658 17199 17199 I wm_on_destroy_called: [188424751,com.example.android.apis.nfc.TechFilter,performDestroy]
02-29 13:32:40.660  2521  3083 I wm_task_moved: [211,1,6]
02-29 13:32:40.660  2521  3083 I wm_create_activity: [0,39450924,211,com.android.nfc/.NfcRootActivity,NULL,NULL,NULL,281051136]
02-29 13:32:40.662  2521  3083 I wm_pause_activity: [0,126596948,com.android.launcher3/.uioverrides.QuickstepLauncher,userLeaving=true,pauseBackTasks]
02-29 13:32:40.663  2521  2611 I input_focus: [Requesting to set focus to null window,reason=UpdateInputWindows]
02-29 13:32:40.664  3697  3697 I wm_on_paused_called: [126596948,com.android.launcher3.uioverrides.QuickstepLauncher,performPause]
02-29 13:32:40.668  2521  3083 I wm_restart_activity: [0,39450924,211,com.android.nfc/.NfcRootActivity]
02-29 13:32:40.668  2521  3083 I wm_set_resumed_activity: [0,com.android.nfc/.NfcRootActivity,minimalResumeActivityLocked - onActivityStateChanged]
02-29 13:32:40.669  2521  2607 I sysui_multi_action: [757,803,799,window_time_0,802,2]
02-29 13:32:40.674  2521  3083 I wm_task_moved: [211,1,6]
02-29 13:32:40.674  2521  3083 I wm_create_activity: [0,5539031,211,com.android.nfc/.TechListChooserActivity,NULL,NULL,NULL,8388608]
02-29 13:32:40.674  2521  3083 I wm_pause_activity: [0,39450924,com.android.nfc/.NfcRootActivity,userLeaving=true,resumeTopActivity]
02-29 13:32:40.675  2521  3202 I wm_finish_activity: [0,39450924,211,com.android.nfc/.NfcRootActivity,app-request]
02-29 13:32:40.675  4957  4957 I wm_on_create_called: [39450924,com.android.nfc.NfcRootActivity,performCreate]
02-29 13:32:40.676  2521  7537 I wm_add_to_stopping: [0,39450924,com.android.nfc/.NfcRootActivity,completeFinishing]
02-29 13:32:40.676  2521  7537 I wm_restart_activity: [0,5539031,211,com.android.nfc/.TechListChooserActivity]
02-29 13:32:40.677  2521  7537 I wm_set_resumed_activity: [0,com.android.nfc/.TechListChooserActivity,minimalResumeActivityLocked - onActivityStateChanged]
02-29 13:32:40.677  2521  2912 I input_focus: [Focus leaving 2f678ac com.android.launcher3/com.android.launcher3.uioverrides.QuickstepLauncher (server),reason=Waiting for window because NOT_FOCUSABLE]
02-29 13:32:40.678  2521  2607 I sysui_multi_action: [757,803,799,window_time_0,802,0]
02-29 13:32:40.686  4957  4957 I sysui_multi_action: [757,453,758,4,806,android.nfc.action.TECH_DISCOVERED:null:]
02-29 13:32:40.686  4957  4957 I wm_on_create_called: [5539031,com.android.nfc.TechListChooserActivity,performCreate]
02-29 13:32:40.686  4957  4957 I wm_on_start_called: [5539031,com.android.nfc.TechListChooserActivity,handleStartActivity]
02-29 13:32:40.687  4957  4957 I wm_on_resume_called: [5539031,com.android.nfc.TechListChooserActivity,RESUME_ACTIVITY]
02-29 13:32:40.688  4957  4957 I wm_on_top_resumed_gained_called: [5539031,com.android.nfc.TechListChooserActivity,topStateChangedWhenResumed]
02-29 13:32:40.699  2521  2611 I input_focus: [Focus request e53a13a com.android.nfc/com.android.nfc.TechListChooserActivity,reason=UpdateInputWindows]
02-29 13:32:40.710  2521  2607 I sysui_multi_action: [319,62,322,57,325,10253,757,761,758,8,759,2,806,com.android.nfc,871,com.android.nfc.TechListChooserActivity,904,com.android.nfc,905,0,1320,4,1321,23]
02-29 13:32:40.711  2521  2607 I wm_activity_launch_time: [0,5539031,com.android.nfc/.TechListChooserActivity,57]
02-29 13:32:40.715  2521  2912 I input_focus: [Focus entering e53a13a com.android.nfc/com.android.nfc.TechListChooserActivity (server),reason=setFocusedWindow]
02-29 13:32:41.001  2521  2610 I wm_destroy_activity: [0,39450924,211,com.android.nfc/.NfcRootActivity,finish-imm:idle]
02-29 13:32:41.002  4957  4957 I wm_on_destroy_called: [39450924,com.android.nfc.NfcRootActivity,performDestroy]
02-29 13:32:43.017  2521  2912 I input_interaction: Interaction with: e53a13a com.android.nfc/com.android.nfc.TechListChooserActivity (server), PointerEventDispatcher0 (server), 
02-29 13:32:43.144  2521  3202 I wm_task_moved: [211,1,6]
02-29 13:32:43.145  2521  3202 I wm_create_activity: [0,149950274,211,com.example.android.apis/.nfc.TechFilter,android.nfc.action.TECH_DISCOVERED,NULL,NULL,54525952]
02-29 13:32:43.146  2521  3202 I wm_pause_activity: [0,5539031,com.android.nfc/.TechListChooserActivity,userLeaving=true,resumeTopActivity]
02-29 13:32:43.153  4957  4957 I sysui_multi_action: [757,457,758,4]
02-29 13:32:43.153  4957  4957 I sysui_multi_action: [757,454,758,4]
02-29 13:32:43.154  2521  3105 I wm_finish_activity: [0,5539031,211,com.android.nfc/.TechListChooserActivity,app-request]
02-29 13:32:43.157  4957  4957 I wm_on_top_resumed_lost_called: [5539031,com.android.nfc.TechListChooserActivity,topStateChangedWhenResumed]
02-29 13:32:43.157  4957  4957 I wm_on_paused_called: [5539031,com.android.nfc.TechListChooserActivity,performPause]
02-29 13:32:43.158  2521  3105 I wm_add_to_stopping: [0,5539031,com.android.nfc/.TechListChooserActivity,completeFinishing]
02-29 13:32:43.159  2521  3105 I wm_add_to_stopping: [0,126596948,com.android.launcher3/.uioverrides.QuickstepLauncher,makeInvisible]
02-29 13:32:43.159  2521  3105 I wm_restart_activity: [0,149950274,211,com.example.android.apis/.nfc.TechFilter]
02-29 13:32:43.159  2521  3105 I wm_set_resumed_activity: [0,com.example.android.apis/.nfc.TechFilter,minimalResumeActivityLocked - onActivityStateChanged]
02-29 13:32:43.160  2521  2607 I sysui_multi_action: [757,803,799,window_time_0,802,2]
02-29 13:32:43.160  2521  2611 I input_focus: [Requesting to set focus to null window,reason=UpdateInputWindows]
02-29 13:32:43.163 17199 17199 I wm_on_create_called: [149950274,com.example.android.apis.nfc.TechFilter,performCreate]
02-29 13:32:43.163 17199 17199 I wm_on_start_called: [149950274,com.example.android.apis.nfc.TechFilter,handleStartActivity]
02-29 13:32:43.163 17199 17199 I wm_on_resume_called: [149950274,com.example.android.apis.nfc.TechFilter,RESUME_ACTIVITY]
02-29 13:32:43.165 17199 17199 I wm_on_top_resumed_gained_called: [149950274,com.example.android.apis.nfc.TechFilter,topStateChangedWhenResumed]
02-29 13:32:43.173  2521  2611 I input_focus: [Focus request b54449a com.example.android.apis/com.example.android.apis.nfc.TechFilter,reason=UpdateInputWindows]
02-29 13:32:43.184  2521  2607 I sysui_multi_action: [319,54,322,54,325,10255,757,761,758,8,759,2,806,com.example.android.apis,871,com.example.android.apis.nfc.TechFilter,904,com.android.nfc,905,0,1320,4,1321,2]
02-29 13:32:43.185  2521  2607 I wm_activity_launch_time: [0,149950274,com.example.android.apis/.nfc.TechFilter,54]
02-29 13:32:43.189  2521  2912 I input_focus: [Focus leaving e53a13a com.android.nfc/com.android.nfc.TechListChooserActivity (server),reason=Waiting for window because NOT_FOCUSABLE]
02-29 13:32:43.289  2521  2912 I input_focus: [Focus entering b54449a com.example.android.apis/com.example.android.apis.nfc.TechFilter (server),reason=Window became focusable. Previous reason: NOT_VISIBLE]
02-29 13:32:43.657  2521  2610 I wm_stop_activity: [0,126596948,com.android.launcher3/.uioverrides.QuickstepLauncher]
02-29 13:32:43.663  2521  2611 I wm_wallpaper_surface: [0,0,null]
02-29 13:32:43.678  2521  2610 I wm_destroy_activity: [0,5539031,211,com.android.nfc/.TechListChooserActivity,finish-imm:idle]
02-29 13:32:43.687  4957  4957 I wm_on_stop_called: [5539031,com.android.nfc.TechListChooserActivity,LIFECYCLER_STOP_ACTIVITY]
02-29 13:32:43.689  4957  4957 I wm_on_destroy_called: [5539031,com.android.nfc.TechListChooserActivity,performDestroy]
02-29 13:32:43.690  3697  3697 I wm_on_stop_called: [126596948,com.android.launcher3.uioverrides.QuickstepLauncher,STOP_ACTIVITY_ITEM]
02-29 13:32:44.108  2521  2912 I input_interaction: Interaction with: 34818e7 NavigationBar0 (server), PointerEventDispatcher0 (server), 
02-29 13:32:44.113  3137  3137 I sysui_multi_action: [757,931,758,4,759,3,932,0,933,0]
02-29 13:32:44.248  3137  3137 I sysui_multi_action: [757,931,758,4,759,3,932,0,933,1]
02-29 13:32:44.267  2521  2608 I wm_task_moved: [1,1,6]
02-29 13:32:44.268  2521  2608 I wm_task_moved: [141,1,2147483647]
02-29 13:32:44.268  2521  2608 I wm_task_to_front: [0,141]
02-29 13:32:44.268  2521  2608 I wm_focused_root_task: [0,0,1,211,bringingFoundTaskToFront]
02-29 13:32:44.268 17199 17199 I wm_on_top_resumed_lost_called: [149950274,com.example.android.apis.nfc.TechFilter,topStateChangedWhenResumed]
02-29 13:32:44.270  2521  2608 I wm_set_resumed_activity: [0,com.android.launcher3/.uioverrides.QuickstepLauncher,bringingFoundTaskToFront]
02-29 13:32:44.270  2521  2608 I wm_new_intent: [0,126596948,141,com.android.launcher3/.uioverrides.QuickstepLauncher,android.intent.action.MAIN,NULL,NULL,268435712]
02-29 13:32:44.272  2521  2608 I wm_pause_activity: [0,149950274,com.example.android.apis/.nfc.TechFilter,userLeaving=true,pauseBackTasks]
02-29 13:32:44.275  2521  2608 I wm_add_to_stopping: [0,149950274,com.example.android.apis/.nfc.TechFilter,makeInvisible]
02-29 13:32:44.275  2521  2607 I sysui_multi_action: [757,803,799,window_time_0,802,1]
02-29 13:32:44.276  2521  2608 I wm_set_resumed_activity: [0,com.android.launcher3/.uioverrides.QuickstepLauncher,resumeTopActivity - onActivityStateChanged]
02-29 13:32:44.277  2521  2608 I wm_resume_activity: [0,126596948,141,com.android.launcher3/.uioverrides.QuickstepLauncher]
02-29 13:32:44.278  3697  3697 I wm_on_restart_called: [126596948,com.android.launcher3.uioverrides.QuickstepLauncher,performRestartActivity]
02-29 13:32:44.278  3697  3697 I wm_on_start_called: [126596948,com.android.launcher3.uioverrides.QuickstepLauncher,handleStartActivity]
02-29 13:32:44.279  3697  3697 I wm_on_resume_called: [126596948,com.android.launcher3.uioverrides.QuickstepLauncher,RESUME_ACTIVITY]
02-29 13:32:44.281  2521  2611 I input_focus: [Requesting to set focus to null window,reason=UpdateInputWindows]
02-29 13:32:44.286 17199 17199 I wm_on_paused_called: [149950274,com.example.android.apis.nfc.TechFilter,performPause]
02-29 13:32:44.290  2521  2912 I input_focus: [Focus leaving b54449a com.example.android.apis/com.example.android.apis.nfc.TechFilter (server),reason=Waiting for window because NOT_FOCUSABLE]
02-29 13:32:44.292  2521  2611 I input_focus: [Focus request 2f678ac com.android.launcher3/com.android.launcher3.uioverrides.QuickstepLauncher,reason=UpdateInputWindows]
02-29 13:32:44.298  3697  3697 I wm_on_top_resumed_gained_called: [126596948,com.android.launcher3.uioverrides.QuickstepLauncher,topStateChangedWhenResumed]
02-29 13:32:44.298  2521  2611 I wm_wallpaper_surface: [0,1,Window{2f678ac u0 com.android.launcher3/com.android.launcher3.uioverrides.QuickstepLauncher}]
02-29 13:32:44.311  2521  2607 I sysui_multi_action: [319,45,322,39,325,10257,757,761,758,9,759,2,806,com.android.launcher3,871,com.android.launcher3.uioverrides.QuickstepLauncher,905,0,1320,4,1321,23]
02-29 13:32:44.339  2521  2912 I input_focus: [Focus entering 2f678ac com.android.launcher3/com.android.launcher3.uioverrides.QuickstepLauncher (server),reason=Window became focusable. Previous reason: NOT_VISIBLE]
02-29 13:32:44.658  2521  5639 I wm_task_moved: [211,1,6]
02-29 13:32:44.658  2521  5639 I wm_task_to_front: [0,211]
02-29 13:32:44.659  2521  5639 I wm_focused_root_task: [0,0,211,1,bringingFoundTaskToFront]
02-29 13:32:44.659  3697  3697 I wm_on_top_resumed_lost_called: [126596948,com.android.launcher3.uioverrides.QuickstepLauncher,topStateChangedWhenResumed]
02-29 13:32:44.660  2521  5639 I wm_set_resumed_activity: [0,com.example.android.apis/.nfc.TechFilter,bringingFoundTaskToFront]
02-29 13:32:44.662  2521  5639 I wm_destroy_activity: [0,149950274,211,com.example.android.apis/.nfc.TechFilter,finish-imm:clear-task-all]
02-29 13:32:44.667  2521  5639 I wm_task_moved: [211,1,6]
02-29 13:32:44.667  2521  5639 I wm_create_activity: [0,30485116,211,com.android.nfc/.NfcRootActivity,NULL,NULL,NULL,281051136]
02-29 13:32:44.667 17199 17199 I wm_on_stop_called: [149950274,com.example.android.apis.nfc.TechFilter,LIFECYCLER_STOP_ACTIVITY]
02-29 13:32:44.667 17199 17199 I wm_on_destroy_called: [149950274,com.example.android.apis.nfc.TechFilter,performDestroy]
02-29 13:32:44.668  2521  5639 I wm_pause_activity: [0,126596948,com.android.launcher3/.uioverrides.QuickstepLauncher,userLeaving=true,pauseBackTasks]
02-29 13:32:44.671  2521  2611 I input_focus: [Requesting to set focus to null window,reason=UpdateInputWindows]
02-29 13:32:44.674  3697  3697 I wm_on_paused_called: [126596948,com.android.launcher3.uioverrides.QuickstepLauncher,performPause]
02-29 13:32:44.674  2521  2912 I input_focus: [Focus leaving 2f678ac com.android.launcher3/com.android.launcher3.uioverrides.QuickstepLauncher (server),reason=Waiting for window because NOT_FOCUSABLE]
02-29 13:32:44.675  2521  3202 I wm_restart_activity: [0,30485116,211,com.android.nfc/.NfcRootActivity]
02-29 13:32:44.676  2521  3202 I wm_set_resumed_activity: [0,com.android.nfc/.NfcRootActivity,minimalResumeActivityLocked - onActivityStateChanged]
02-29 13:32:44.676  2521  2607 I sysui_multi_action: [757,803,799,window_time_0,802,1]
02-29 13:32:44.683  2521  3105 I wm_task_moved: [211,1,6]
02-29 13:32:44.683  2521  3105 I wm_create_activity: [0,48095486,211,com.android.nfc/.TechListChooserActivity,NULL,NULL,NULL,8388608]
02-29 13:32:44.683  2521  3105 I wm_pause_activity: [0,30485116,com.android.nfc/.NfcRootActivity,userLeaving=true,resumeTopActivity]
02-29 13:32:44.684  2521  3202 I wm_finish_activity: [0,30485116,211,com.android.nfc/.NfcRootActivity,app-request]
02-29 13:32:44.684  4957  4957 I wm_on_create_called: [30485116,com.android.nfc.NfcRootActivity,performCreate]
02-29 13:32:44.685  2521  7537 I wm_add_to_stopping: [0,30485116,com.android.nfc/.NfcRootActivity,completeFinishing]
02-29 13:32:44.686  2521  7537 I wm_restart_activity: [0,48095486,211,com.android.nfc/.TechListChooserActivity]
02-29 13:32:44.687  2521  7537 I wm_set_resumed_activity: [0,com.android.nfc/.TechListChooserActivity,minimalResumeActivityLocked - onActivityStateChanged]
02-29 13:32:44.687  2521  2607 I sysui_multi_action: [757,803,799,window_time_0,802,0]
02-29 13:32:44.696  4957  4957 I sysui_multi_action: [757,453,758,4,806,android.nfc.action.TECH_DISCOVERED:null:]
02-29 13:32:44.696  4957  4957 I wm_on_create_called: [48095486,com.android.nfc.TechListChooserActivity,performCreate]
02-29 13:32:44.696  4957  4957 I wm_on_start_called: [48095486,com.android.nfc.TechListChooserActivity,handleStartActivity]
02-29 13:32:44.696  4957  4957 I wm_on_resume_called: [48095486,com.android.nfc.TechListChooserActivity,RESUME_ACTIVITY]
02-29 13:32:44.698  4957  4957 I wm_on_top_resumed_gained_called: [48095486,com.android.nfc.TechListChooserActivity,topStateChangedWhenResumed]
02-29 13:32:44.708  2521  2611 I input_focus: [Focus request 2ee7562 com.android.nfc/com.android.nfc.TechListChooserActivity,reason=UpdateInputWindows]
02-29 13:32:44.722  2521  2607 I sysui_multi_action: [319,65,322,60,325,10257,757,761,758,8,759,2,806,com.android.nfc,871,com.android.nfc.TechListChooserActivity,904,com.android.nfc,905,0,1320,4,1321,23]
02-29 13:32:44.726  2521  2912 I input_focus: [Focus entering 2ee7562 com.android.nfc/com.android.nfc.TechListChooserActivity (server),reason=setFocusedWindow]
02-29 13:32:44.727  2521  2607 I wm_activity_launch_time: [0,48095486,com.android.nfc/.TechListChooserActivity,60]
02-29 13:32:44.744  2521  2893 I am_compact: [17199,com.example.android.apis,anon,140264,92392,46756,11464,-5700,0,-5700,5700,67,2,10237702,905,19,3444220,-5632]
02-29 13:32:45.012  2521  2610 I wm_destroy_activity: [0,30485116,211,com.android.nfc/.NfcRootActivity,finish-imm:idle]
02-29 13:32:45.012  4957  4957 I wm_on_destroy_called: [30485116,com.android.nfc.NfcRootActivity,performDestroy]
02-29 13:32:45.802  2521  2912 I input_interaction: Interaction with: 2ee7562 com.android.nfc/com.android.nfc.TechListChooserActivity (server), PointerEventDispatcher0 (server), 
02-29 13:32:45.890  2521  5639 I wm_finish_activity: [0,48095486,211,com.android.nfc/.TechListChooserActivity,app-request]
02-29 13:32:45.890  2521  5639 I wm_task_moved: [1,1,6]
02-29 13:32:45.895  2521  5639 I wm_task_moved: [141,1,2147483647]
02-29 13:32:45.895  2521  5639 I wm_task_to_front: [0,141]
02-29 13:32:45.896  2521  5639 I wm_focused_root_task: [0,0,1,-1,finish-top adjustFocusToNextFocusableTask]
02-29 13:32:45.906  2521  5639 I wm_pause_activity: [0,48095486,com.android.nfc/.TechListChooserActivity,userLeaving=false,finish]
02-29 13:32:45.913  2521  2611 I input_focus: [Focus request 2f678ac com.android.launcher3/com.android.launcher3.uioverrides.QuickstepLauncher,reason=UpdateInputWindows]
02-29 13:32:45.913  4957  4957 I wm_on_top_resumed_lost_called: [48095486,com.android.nfc.TechListChooserActivity,topStateChangedWhenResumed]
02-29 13:32:45.915  4957  4957 I wm_on_paused_called: [48095486,com.android.nfc.TechListChooserActivity,performPause]
02-29 13:32:45.918  2521  3105 I wm_set_resumed_activity: [0,com.android.launcher3/.uioverrides.QuickstepLauncher,resumeTopActivity - onActivityStateChanged]
02-29 13:32:45.919  2521  3105 I wm_resume_activity: [0,126596948,141,com.android.launcher3/.uioverrides.QuickstepLauncher]
02-29 13:32:45.920  2521  2607 I sysui_multi_action: [757,803,799,window_time_0,802,1]
02-29 13:32:45.921  3697  3697 I wm_on_resume_called: [126596948,com.android.launcher3.uioverrides.QuickstepLauncher,RESUME_ACTIVITY]
02-29 13:32:45.921  3697  3697 I wm_on_top_resumed_gained_called: [126596948,com.android.launcher3.uioverrides.QuickstepLauncher,topWhenResuming]
02-29 13:32:45.929  2521  5637 I wm_destroy_activity: [0,48095486,211,com.android.nfc/.TechListChooserActivity,finish-idle]
02-29 13:32:45.930  2521  2912 I input_focus: [Focus leaving 2ee7562 com.android.nfc/com.android.nfc.TechListChooserActivity (server),reason=NO_WINDOW]
02-29 13:32:45.930  2521  2912 I input_focus: [Focus entering 2f678ac com.android.launcher3/com.android.launcher3.uioverrides.QuickstepLauncher (server),reason=setFocusedWindow]
02-29 13:32:45.957  4957  4957 I wm_on_stop_called: [48095486,com.android.nfc.TechListChooserActivity,LIFECYCLER_STOP_ACTIVITY]
02-29 13:32:45.965  4957  4957 I wm_on_destroy_called: [48095486,com.android.nfc.TechListChooserActivity,performDestroy]
02-29 13:32:46.177  2521  2611 I wm_task_removed: [211,removeChild:removeChild last r=ActivityRecord{2dde0fe u0 com.android.nfc/.TechListChooserActivity} t-1 f}} in t=Task{f560d57 #211 type=standard A=1027:com.android.nfc}]
02-29 13:32:46.177  2521  2611 I wm_task_removed: [211,removeChild]
02-29 13:32:53.444  2521  2912 I input_interaction: Interaction with: 2f678ac com.android.launcher3/com.android.launcher3.uioverrides.QuickstepLauncher (server), fff67cf com.android.systemui.wallpapers.ImageWallpaper (server), PointerEventDispatcher0 (server), 
02-29 13:32:56.687  2521  5639 I wm_task_created: [212,-1]
02-29 13:32:56.693  2521  5639 I wm_task_moved: [212,1,6]
02-29 13:32:56.693  2521  5639 I wm_task_to_front: [0,212]
02-29 13:32:56.693  3697  3697 I wm_on_top_resumed_lost_called: [126596948,com.android.launcher3.uioverrides.QuickstepLauncher,topStateChangedWhenResumed]
02-29 13:32:56.693  2521  5639 I wm_create_task: [0,212]
02-29 13:32:56.693  2521  5639 I wm_create_activity: [0,42548931,212,com.android.nfc/.NfcRootActivity,NULL,NULL,NULL,276856832]
02-29 13:32:56.693  2521  5639 I wm_task_moved: [212,1,6]
02-29 13:32:56.694  2521  5639 I wm_pause_activity: [0,126596948,com.android.launcher3/.uioverrides.QuickstepLauncher,userLeaving=true,pauseBackTasks]
02-29 13:32:56.696  3697  3697 I wm_on_paused_called: [126596948,com.android.launcher3.uioverrides.QuickstepLauncher,performPause]
02-29 13:32:56.697  2521  5639 I wm_restart_activity: [0,42548931,212,com.android.nfc/.NfcRootActivity]
02-29 13:32:56.697  2521  5639 I wm_set_resumed_activity: [0,com.android.nfc/.NfcRootActivity,minimalResumeActivityLocked - onActivityStateChanged]
02-29 13:32:56.698  2521  2607 I sysui_multi_action: [757,803,799,window_time_0,802,11]
02-29 13:32:56.698  2521  2611 I input_focus: [Requesting to set focus to null window,reason=UpdateInputWindows]
02-29 13:32:56.702  2521  5639 I wm_task_moved: [212,1,6]
02-29 13:32:56.702  2521  5639 I wm_create_activity: [0,171377695,212,com.android.nfc/.TechListChooserActivity,NULL,NULL,NULL,8388608]
02-29 13:32:56.703  2521  5639 I wm_pause_activity: [0,42548931,com.android.nfc/.NfcRootActivity,userLeaving=true,resumeTopActivity]
02-29 13:32:56.704  2521  7537 I wm_finish_activity: [0,42548931,212,com.android.nfc/.NfcRootActivity,app-request]
02-29 13:32:56.704  4957  4957 I wm_on_create_called: [42548931,com.android.nfc.NfcRootActivity,performCreate]
02-29 13:32:56.705  2521  5639 I wm_add_to_stopping: [0,42548931,com.android.nfc/.NfcRootActivity,completeFinishing]
02-29 13:32:56.705  2521  5639 I wm_restart_activity: [0,171377695,212,com.android.nfc/.TechListChooserActivity]
02-29 13:32:56.705  2521  5639 I wm_set_resumed_activity: [0,com.android.nfc/.TechListChooserActivity,minimalResumeActivityLocked - onActivityStateChanged]
02-29 13:32:56.706  2521  2607 I sysui_multi_action: [757,803,799,window_time_0,802,0]
02-29 13:32:56.715  4957  4957 I sysui_multi_action: [757,453,758,4,806,android.nfc.action.TECH_DISCOVERED:null:]
02-29 13:32:56.715  4957  4957 I wm_on_create_called: [171377695,com.android.nfc.TechListChooserActivity,performCreate]
02-29 13:32:56.715  4957  4957 I wm_on_start_called: [171377695,com.android.nfc.TechListChooserActivity,handleStartActivity]
02-29 13:32:56.715  4957  4957 I wm_on_resume_called: [171377695,com.android.nfc.TechListChooserActivity,RESUME_ACTIVITY]
02-29 13:32:56.717  4957  4957 I wm_on_top_resumed_gained_called: [171377695,com.android.nfc.TechListChooserActivity,topStateChangedWhenResumed]
02-29 13:32:56.719  2521  2912 I input_focus: [Focus leaving 2f678ac com.android.launcher3/com.android.launcher3.uioverrides.QuickstepLauncher (server),reason=Waiting for window because NOT_FOCUSABLE]
02-29 13:32:56.720  2521  2611 I input_focus: [Focus request 6495422 com.android.nfc/com.android.nfc.TechListChooserActivity,reason=UpdateInputWindows]
02-29 13:32:56.729  2521  2607 I sysui_multi_action: [319,46,322,41,325,10269,757,761,758,8,759,2,806,com.android.nfc,871,com.android.nfc.TechListChooserActivity,904,com.android.nfc,905,0,1320,4,1321,23]
02-29 13:32:56.729  2521  2607 I wm_activity_launch_time: [0,171377695,com.android.nfc/.TechListChooserActivity,41]
02-29 13:32:56.736  2521  2912 I input_focus: [Focus entering 6495422 com.android.nfc/com.android.nfc.TechListChooserActivity (server),reason=setFocusedWindow]
02-29 13:32:57.023  2521  2610 I wm_destroy_activity: [0,42548931,212,com.android.nfc/.NfcRootActivity,finish-imm:idle]
02-29 13:32:57.024  4957  4957 I wm_on_destroy_called: [42548931,com.android.nfc.NfcRootActivity,performDestroy]
02-29 13:33:02.017  2521  2912 I input_interaction: Interaction with: 6495422 com.android.nfc/com.android.nfc.TechListChooserActivity (server), PointerEventDispatcher0 (server), 
02-29 13:33:02.172  2521  3202 I wm_task_moved: [212,1,6]
02-29 13:33:02.172  2521  3202 I wm_create_activity: [0,7711253,212,com.example.android.apis/.nfc.TechFilter,android.nfc.action.TECH_DISCOVERED,NULL,NULL,54525952]
02-29 13:33:02.173  2521  3202 I wm_pause_activity: [0,171377695,com.android.nfc/.TechListChooserActivity,userLeaving=true,resumeTopActivity]
02-29 13:33:02.181  4957  4957 I sysui_multi_action: [757,457,758,4]
02-29 13:33:02.181  4957  4957 I sysui_multi_action: [757,454,758,4]
02-29 13:33:02.181  2521  7537 I wm_finish_activity: [0,171377695,212,com.android.nfc/.TechListChooserActivity,app-request]
02-29 13:33:02.184  4957  4957 I wm_on_top_resumed_lost_called: [171377695,com.android.nfc.TechListChooserActivity,topStateChangedWhenResumed]
02-29 13:33:02.184  4957  4957 I wm_on_paused_called: [171377695,com.android.nfc.TechListChooserActivity,performPause]
02-29 13:33:02.184  2521  3105 I wm_add_to_stopping: [0,171377695,com.android.nfc/.TechListChooserActivity,completeFinishing]
02-29 13:33:02.185  2521  3105 I wm_add_to_stopping: [0,126596948,com.android.launcher3/.uioverrides.QuickstepLauncher,makeInvisible]
02-29 13:33:02.185  2521  3105 I wm_restart_activity: [0,7711253,212,com.example.android.apis/.nfc.TechFilter]
02-29 13:33:02.186  2521  3105 I wm_set_resumed_activity: [0,com.example.android.apis/.nfc.TechFilter,minimalResumeActivityLocked - onActivityStateChanged]
02-29 13:33:02.186  2521  2607 I sysui_multi_action: [757,803,799,window_time_0,802,5]
02-29 13:33:02.186  2521  2611 I input_focus: [Requesting to set focus to null window,reason=UpdateInputWindows]
02-29 13:33:02.193 17199 17199 I wm_on_create_called: [7711253,com.example.android.apis.nfc.TechFilter,performCreate]
02-29 13:33:02.193 17199 17199 I wm_on_start_called: [7711253,com.example.android.apis.nfc.TechFilter,handleStartActivity]
02-29 13:33:02.194 17199 17199 I wm_on_resume_called: [7711253,com.example.android.apis.nfc.TechFilter,RESUME_ACTIVITY]
02-29 13:33:02.197 17199 17199 I wm_on_top_resumed_gained_called: [7711253,com.example.android.apis.nfc.TechFilter,topStateChangedWhenResumed]
02-29 13:33:02.202  2521  2611 I input_focus: [Focus request a9206cd com.example.android.apis/com.example.android.apis.nfc.TechFilter,reason=UpdateInputWindows]
02-29 13:33:02.216  2521  2607 I sysui_multi_action: [319,53,322,52,325,10274,757,761,758,8,759,2,806,com.example.android.apis,871,com.example.android.apis.nfc.TechFilter,904,com.android.nfc,905,0,1320,4,1321,2]
02-29 13:33:02.216  2521  2607 I wm_activity_launch_time: [0,7711253,com.example.android.apis/.nfc.TechFilter,52]
02-29 13:33:02.217  2521  2912 I input_focus: [Focus leaving 6495422 com.android.nfc/com.android.nfc.TechListChooserActivity (server),reason=NO_WINDOW]
02-29 13:33:02.351  2521  2912 I input_focus: [Focus entering a9206cd com.example.android.apis/com.example.android.apis.nfc.TechFilter (server),reason=Window became focusable. Previous reason: NOT_VISIBLE]
02-29 13:33:02.721  2521  2610 I wm_stop_activity: [0,126596948,com.android.launcher3/.uioverrides.QuickstepLauncher]
02-29 13:33:02.727  2521  2610 I wm_destroy_activity: [0,171377695,212,com.android.nfc/.TechListChooserActivity,finish-imm:idle]
02-29 13:33:02.731  2521  2611 I wm_wallpaper_surface: [0,0,null]
02-29 13:33:02.740  4957  4957 I wm_on_stop_called: [171377695,com.android.nfc.TechListChooserActivity,LIFECYCLER_STOP_ACTIVITY]
02-29 13:33:02.744  4957  4957 I wm_on_destroy_called: [171377695,com.android.nfc.TechListChooserActivity,performDestroy]
02-29 13:33:02.748  3697  3697 I wm_on_stop_called: [126596948,com.android.launcher3.uioverrides.QuickstepLauncher,STOP_ACTIVITY_ITEM]
02-29 13:34:05.611  2521  2912 I input_interaction: Interaction with: 34818e7 NavigationBar0 (server), PointerEventDispatcher0 (server), 
02-29 13:34:05.614  3137  3137 I sysui_multi_action: [757,931,758,4,759,4,932,0,933,0]
02-29 13:34:05.618  2521  2912 I input_interaction: Interaction with: a9206cd com.example.android.apis/com.example.android.apis.nfc.TechFilter (server), PointerEventDispatcher0 (server), 
02-29 13:34:05.646  2521  2912 I input_interaction: Interaction with: 34818e7 NavigationBar0 (server), PointerEventDispatcher0 (server), 
02-29 13:34:05.671  3137  3137 I sysui_multi_action: [757,931,758,4,759,4,932,0,933,1]
02-29 13:34:05.672  2521  3105 I sysui_multi_action: [757,803,799,key_back_press,802,1]
02-29 13:34:05.676  2521  3202 I wm_finish_activity: [0,7711253,212,com.example.android.apis/.nfc.TechFilter,app-request]
02-29 13:34:05.676  2521  3202 I wm_task_moved: [1,1,6]
02-29 13:34:05.677  2521  3202 I wm_task_moved: [141,1,2147483647]
02-29 13:34:05.677  2521  3202 I wm_task_to_front: [0,141]
02-29 13:34:05.677  2521  3202 I wm_focused_root_task: [0,0,1,212,finish-top adjustFocusToNextFocusableTask]
02-29 13:34:05.677  2521  3202 I wm_set_resumed_activity: [0,com.android.launcher3/.uioverrides.QuickstepLauncher,finish-top adjustFocusToNextFocusableTask]
02-29 13:34:05.689  2521  3202 I wm_pause_activity: [0,7711253,com.example.android.apis/.nfc.TechFilter,userLeaving=false,finish]
02-29 13:34:05.691 17199 17199 I wm_on_top_resumed_lost_called: [7711253,com.example.android.apis.nfc.TechFilter,topStateChangedWhenResumed]
02-29 13:34:05.691  2521  2611 I input_focus: [Requesting to set focus to null window,reason=UpdateInputWindows]
02-29 13:34:05.692 17199 17199 I wm_on_paused_called: [7711253,com.example.android.apis.nfc.TechFilter,performPause]
02-29 13:34:05.692  2521  5639 I wm_add_to_stopping: [0,7711253,com.example.android.apis/.nfc.TechFilter,completeFinishing]
02-29 13:34:05.694  2521  5639 I wm_set_resumed_activity: [0,com.android.launcher3/.uioverrides.QuickstepLauncher,resumeTopActivity - onActivityStateChanged]
02-29 13:34:05.694  2521  5639 I wm_resume_activity: [0,126596948,141,com.android.launcher3/.uioverrides.QuickstepLauncher]
02-29 13:34:05.695  2521  2607 I sysui_multi_action: [757,803,799,window_time_0,802,64]
02-29 13:34:05.695  3697  3697 I wm_on_restart_called: [126596948,com.android.launcher3.uioverrides.QuickstepLauncher,performRestartActivity]
02-29 13:34:05.695  3697  3697 I wm_on_start_called: [126596948,com.android.launcher3.uioverrides.QuickstepLauncher,handleStartActivity]
02-29 13:34:05.695  3697  3697 I wm_on_resume_called: [126596948,com.android.launcher3.uioverrides.QuickstepLauncher,RESUME_ACTIVITY]
02-29 13:34:05.696  3697  3697 I wm_on_top_resumed_gained_called: [126596948,com.android.launcher3.uioverrides.QuickstepLauncher,topWhenResuming]
02-29 13:34:05.702  2521  2912 I input_focus: [Focus leaving a9206cd com.example.android.apis/com.example.android.apis.nfc.TechFilter (server),reason=NO_WINDOW]
02-29 13:34:05.703  2521  2611 I input_focus: [Focus request 2f678ac com.android.launcher3/com.android.launcher3.uioverrides.QuickstepLauncher,reason=UpdateInputWindows]
02-29 13:34:05.707  2521  2611 I wm_wallpaper_surface: [0,1,Window{2f678ac u0 com.android.launcher3/com.android.launcher3.uioverrides.QuickstepLauncher}]
02-29 13:34:05.734  2521  2912 I input_focus: [Focus entering 2f678ac com.android.launcher3/com.android.launcher3.uioverrides.QuickstepLauncher (server),reason=Window became focusable. Previous reason: NOT_VISIBLE]
02-29 13:34:06.054  2521  2610 I wm_destroy_activity: [0,7711253,212,com.example.android.apis/.nfc.TechFilter,finish-imm:idle]
02-29 13:34:06.095 17199 17199 I wm_on_stop_called: [7711253,com.example.android.apis.nfc.TechFilter,LIFECYCLER_STOP_ACTIVITY]
02-29 13:34:06.096 17199 17199 I wm_on_destroy_called: [7711253,com.example.android.apis.nfc.TechFilter,performDestroy]
