02-29 14:27:09.035  3601  3601 D SSCtr   : setSignalStrengthReportingCriteria consolidatedSignalThresholdInfos=[SignalThresholdInfo{mRan=1 mSignalMeasurementType=1 mHysteresisMs=3000 mHysteresisDb=2 mThresholds=[-107, -103, -97, -89] mIsEnabled=true}, SignalThresholdInfo{mRan=2 mSignalMeasurementType=2 mHysteresisMs=3000 mHysteresisDb=2 mThresholds=[-115, -105, -95, -85] mIsEnabled=true}, SignalThresholdInfo{mRan=3 mSignalMeasurementType=3 mHysteresisMs=3000 mHysteresisDb=2 mThresholds=[-128, -118, -108, -98] mIsEnabled=true}, SignalThresholdInfo{mRan=3 mSignalMeasurementType=4 mHysteresisMs=3000 mHysteresisDb=2 mThresholds=[] mIsEnabled=false}, SignalThresholdInfo{mRan=3 mSignalMeasurementType=5 mHysteresisMs=3000 mHysteresisDb=2 mThresholds=[] mIsEnabled=false}, SignalThresholdInfo{mRan=6 mSignalMeasurementType=6 mHysteresisMs=3000 mHysteresisDb=2 mThresholds=[-110, -90, -80, -65] mIsEnabled=true}, SignalThresholdInfo{mRan=6 mSignalMeasurementType=7 mHysteresisMs=3000 mHysteresisDb=2 mThresholds=[] mIsEnabled=false}, SignalThresholdInfo{mRan=6 mSignalMeasurementType=8 mHysteresisMs=3000 mHysteresisDb=2 mThresholds=[] mIsEnabled=false}]
02-29 14:27:09.036  3601  3601 D NetworkTypeController: [1] LegacyState: process EVENT_PHYSICAL_CHANNEL_CONFIG_NOTIF_CHANGED
02-29 14:27:09.036  3601  3601 D NetworkTypeController: [1] DefaultState: process EVENT_PHYSICAL_CHANNEL_CONFIG_NOTIF_CHANGED
02-29 14:27:09.036  3601  3601 D NetworkTypeController: [1] mIsPhysicalChannelConfigOn changed to: true
02-29 14:27:09.036  3601  3601 D QtiGsmCdmaPhone: [0 ] handleMessage: Event: 58
02-29 14:27:09.036  3601  3601 D VendorGsmCdmaPhone: handleMessage: Event: 58
02-29 14:27:09.036  3601  3601 D GsmCdmaPhone: [0] Event BarringInfoChanged Received
02-29 14:27:09.036  3601  3601 D QtiGsmCdmaPhone: [1 ] handleMessage: Event: 58
02-29 14:27:09.036  3601  3601 D VendorGsmCdmaPhone: handleMessage: Event: 58
02-29 14:27:09.036  3601  3601 D GsmCdmaPhone: [1] Event BarringInfoChanged Received
02-29 14:27:09.039  3601  3658 D RILJ    : [0617]< SET_SIGNAL_STRENGTH_REPORTING_CRITERIA  [PHONE1]
02-29 14:27:09.052  1762  2800 I qcrilNrd: RIL Response bytes written:4
02-29 14:27:09.052  1762  2800 I qcrilNrd: RIL Response bytes written:8
02-29 14:27:09.052  1283  3755 D RequestManager: [RequestManager.cpp: 341] [Loc_hal_worker(1283,3755)] listenForResponses: record_stream_get_next: recordLen: 8, ret: 0, errno: 0, errStr: Success, socket fd: 35
02-29 14:27:09.052  1283  3755 D RequestManager: [RequestManager.cpp: 358] [Loc_hal_worker(1283,3755)] listenForResponses: Got a response parcel
02-29 14:27:09.052  1283  1397 D RequestManager: [RequestManager.cpp: 483] [Loc_hal_worker(1283,1397)] issueRequest: Pushing a request to the queue.
02-29 14:27:09.052  1283  1397 D RequestManager: [RequestManager.cpp: 495] [Loc_hal_worker(1283,1397)] issueRequest: Pushed a request to the queue.
02-29 14:27:09.052  1283  1397 D RequestManager: [RequestManager.cpp: 483] [Loc_hal_worker(1283,1397)] issueRequest: Pushing a request to the queue.
02-29 14:27:09.052  1283  1397 D RequestManager: [RequestManager.cpp: 495] [Loc_hal_worker(1283,1397)] issueRequest: Pushed a request to the queue.
02-29 14:27:09.052  1283  1397 D RequestManager: [RequestManager.cpp: 483] [Loc_hal_worker(1283,1397)] issueRequest: Pushing a request to the queue.
02-29 14:27:09.052  1283  1397 D RequestManager: [RequestManager.cpp: 495] [Loc_hal_worker(1283,1397)] issueRequest: Pushed a request to the queue.
02-29 14:27:09.052  1283  1397 D RequestManager: [RequestManager.cpp: 483] [Loc_hal_worker(1283,1397)] issueRequest: Pushing a request to the queue.
02-29 14:27:09.052  1283  1397 D RequestManager: [RequestManager.cpp: 495] [Loc_hal_worker(1283,1397)] issueRequest: Pushed a request to the queue.
02-29 14:27:09.052  1283  1397 D RequestManager: [RequestManager.cpp: 483] [Loc_hal_worker(1283,1397)] issueRequest: Pushing a request to the queue.
02-29 14:27:09.052  1283  1397 D RequestManager: [RequestManager.cpp: 495] [Loc_hal_worker(1283,1397)] issueRequest: Pushed a request to the queue.
02-29 14:27:09.052  1283  1397 D RequestManager: [RequestManager.cpp: 483] [Loc_hal_worker(1283,1397)] issueRequest: Pushing a request to the queue.
02-29 14:27:09.052  1283  1397 D RequestManager: [RequestManager.cpp: 495] [Loc_hal_worker(1283,1397)] issueRequest: Pushed a request to the queue.
02-29 14:27:09.052  1283  3754 D RequestManager: [RequestManager.cpp: 135] [Loc_hal_worker(1283,3754)] listenForRequests: Got one or more requests.
02-29 14:27:09.052  1283  3754 D RequestManager: [RequestManager.cpp: 139] [Loc_hal_worker(1283,3754)] listenForRequests: Processing request with ID 108.
02-29 14:27:09.052  1283  3754 D RequestManager: [RequestManager.cpp: 167] [Loc_hal_worker(1283,3754)] listenForRequests: Sending request to the server.
02-29 14:27:09.052  1765  2781 I qcrilNrd: RIL Response bytes written:4
02-29 14:27:09.052  1283  3754 D RequestManager: [RequestManager.cpp: 222] [Loc_hal_worker(1283,3754)] sendRequestToServer: Sending buffer of size 12
02-29 14:27:09.052  1765  2781 I qcrilNrd: RIL Response bytes written:8
02-29 14:27:09.052  1283  3754 D RequestManager: [RequestManager.cpp: 268] [Loc_hal_worker(1283,3754)] writeToSocket: Buffer contents: 00 00 00 0C 
02-29 14:27:09.052  1283  3754 D RequestManager: [RequestManager.cpp: 278] [Loc_hal_worker(1283,3754)] writeToSocket: Wrote 4 bytes to the socket.
02-29 14:27:09.052  1283  3754 D RequestManager: [RequestManager.cpp: 268] [Loc_hal_worker(1283,3754)] writeToSocket: Buffer contents: 6C 00 00 00 
02-29 14:27:09.052  1283  3754 D RequestManager: [RequestManager.cpp: 278] [Loc_hal_worker(1283,3754)] writeToSocket: Wrote 4 bytes to the socket.
02-29 14:27:09.053  1283  3754 D RequestManager: [RequestManager.cpp: 268] [Loc_hal_worker(1283,3754)] writeToSocket: Buffer contents: 90 70 8F 81 70 00 00 B4 
02-29 14:27:09.053  1762  2224 I qcrilNrd: Buffer size: 12
02-29 14:27:09.053  1762  2224 I qcrilNrd: Buffer contents: 6C 00 00 00 90 70 8F 81 70 00 00 B4 
02-29 14:27:09.053  1283  3757 D RequestManager: [RequestManager.cpp: 341] [Loc_hal_worker(1283,3757)] listenForResponses: record_stream_get_next: recordLen: 8, ret: 0, errno: 0, errStr: Success, socket fd: 36
02-29 14:27:09.053  1283  3754 D RequestManager: [RequestManager.cpp: 278] [Loc_hal_worker(1283,3754)] writeToSocket: Wrote 8 bytes to the socket.
02-29 14:27:09.053  1283  3757 D RequestManager: [RequestManager.cpp: 358] [Loc_hal_worker(1283,3757)] listenForResponses: Got a response parcel
02-29 14:27:09.053  1283  3754 D RequestManager: [RequestManager.cpp: 268] [Loc_hal_worker(1283,3754)] writeToSocket: Buffer contents: 
02-29 14:27:09.053  1283  3754 D RequestManager: [RequestManager.cpp: 139] [Loc_hal_worker(1283,3754)] listenForRequests: Processing request with ID 20.
02-29 14:27:09.053  1283  3754 D RequestManager: [RequestManager.cpp: 167] [Loc_hal_worker(1283,3754)] listenForRequests: Sending request to the server.
02-29 14:27:09.053  1283  3754 D RequestManager: [RequestManager.cpp: 222] [Loc_hal_worker(1283,3754)] sendRequestToServer: Sending buffer of size 12
02-29 14:27:09.053  1283  3754 D RequestManager: [RequestManager.cpp: 268] [Loc_hal_worker(1283,3754)] writeToSocket: Buffer contents: 00 00 00 0C 
02-29 14:27:09.053  1283  1397 D RequestManager: [RequestManager.cpp: 483] [Loc_hal_worker(1283,1397)] issueRequest: Pushing a request to the queue.
02-29 14:27:09.053  1283  3754 D RequestManager: [RequestManager.cpp: 278] [Loc_hal_worker(1283,3754)] writeToSocket: Wrote 4 bytes to the socket.
02-29 14:27:09.053  1283  3754 D RequestManager: [RequestManager.cpp: 268] [Loc_hal_worker(1283,3754)] writeToSocket: Buffer contents: 14 00 00 00 
02-29 14:27:09.053  1283  1397 D RequestManager: [RequestManager.cpp: 495] [Loc_hal_worker(1283,1397)] issueRequest: Pushed a request to the queue.
02-29 14:27:09.053  1283  1397 D RequestManager: [RequestManager.cpp: 483] [Loc_hal_worker(1283,1397)] issueRequest: Pushing a request to the queue.
02-29 14:27:09.053  1283  1397 D RequestManager: [RequestManager.cpp: 495] [Loc_hal_worker(1283,1397)] issueRequest: Pushed a request to the queue.
02-29 14:27:09.053  1283  1397 D RequestManager: [RequestManager.cpp: 483] [Loc_hal_worker(1283,1397)] issueRequest: Pushing a request to the queue.
02-29 14:27:09.053  1283  3756 D RequestManager: [RequestManager.cpp: 135] [Loc_hal_worker(1283,3756)] listenForRequests: Got one or more requests.
02-29 14:27:09.053  1283  1397 D RequestManager: [RequestManager.cpp: 495] [Loc_hal_worker(1283,1397)] issueRequest: Pushed a request to the queue.
02-29 14:27:09.053  1283  1397 D RequestManager: [RequestManager.cpp: 483] [Loc_hal_worker(1283,1397)] issueRequest: Pushing a request to the queue.
02-29 14:27:09.053  1283  1397 D RequestManager: [RequestManager.cpp: 495] [Loc_hal_worker(1283,1397)] issueRequest: Pushed a request to the queue.
02-29 14:27:09.053  1283  1397 D RequestManager: [RequestManager.cpp: 483] [Loc_hal_worker(1283,1397)] issueRequest: Pushing a request to the queue.
02-29 14:27:09.053  1283  1397 D RequestManager: [RequestManager.cpp: 495] [Loc_hal_worker(1283,1397)] issueRequest: Pushed a request to the queue.
02-29 14:27:09.053  1283  1397 D RequestManager: [RequestManager.cpp: 483] [Loc_hal_worker(1283,1397)] issueRequest: Pushing a request to the queue.
02-29 14:27:09.053  1283  1397 D RequestManager: [RequestManager.cpp: 495] [Loc_hal_worker(1283,1397)] issueRequest: Pushed a request to the queue.
02-29 14:27:09.053  1283  3756 D RequestManager: [RequestManager.cpp: 139] [Loc_hal_worker(1283,3756)] listenForRequests: Processing request with ID 108.
02-29 14:27:09.053  1283  3756 D RequestManager: [RequestManager.cpp: 167] [Loc_hal_worker(1283,3756)] listenForRequests: Sending request to the server.
02-29 14:27:09.053  1283  3756 D RequestManager: [RequestManager.cpp: 222] [Loc_hal_worker(1283,3756)] sendRequestToServer: Sending buffer of size 12
02-29 14:27:09.053  1283  3756 D RequestManager: [RequestManager.cpp: 268] [Loc_hal_worker(1283,3756)] writeToSocket: Buffer contents: 00 00 00 0C 
02-29 14:27:09.053  1283  3756 D RequestManager: [RequestManager.cpp: 278] [Loc_hal_worker(1283,3756)] writeToSocket: Wrote 4 bytes to the socket.
02-29 14:27:09.053  1283  3756 D RequestManager: [RequestManager.cpp: 268] [Loc_hal_worker(1283,3756)] writeToSocket: Buffer contents: 6C 00 00 00 
02-29 14:27:09.053  1283  3756 D RequestManager: [RequestManager.cpp: 278] [Loc_hal_worker(1283,3756)] writeToSocket: Wrote 4 bytes to the socket.
02-29 14:27:09.053  1283  3756 D RequestManager: [RequestManager.cpp: 268] [Loc_hal_worker(1283,3756)] writeToSocket: Buffer contents: 90 71 8F 81 70 00 00 B4 
02-29 14:27:09.053  1765  2483 I qcrilNrd: Buffer size: 12
02-29 14:27:09.053  1765  2483 I qcrilNrd: Buffer contents: 6C 00 00 00 90 71 8F 81 70 00 00 B4 
02-29 14:27:09.054  1283  3756 D RequestManager: [RequestManager.cpp: 278] [Loc_hal_worker(1283,3756)] writeToSocket: Wrote 8 bytes to the socket.
02-29 14:27:09.054  1283  3756 D RequestManager: [RequestManager.cpp: 268] [Loc_hal_worker(1283,3756)] writeToSocket: Buffer contents: 
02-29 14:27:09.054  1283  3756 D RequestManager: [RequestManager.cpp: 139] [Loc_hal_worker(1283,3756)] listenForRequests: Processing request with ID 20.
02-29 14:27:09.054  1283  3756 D RequestManager: [RequestManager.cpp: 167] [Loc_hal_worker(1283,3756)] listenForRequests: Sending request to the server.
02-29 14:27:09.054  1283  3756 D RequestManager: [RequestManager.cpp: 222] [Loc_hal_worker(1283,3756)] sendRequestToServer: Sending buffer of size 12
02-29 14:27:09.054  1283  3756 D RequestManager: [RequestManager.cpp: 268] [Loc_hal_worker(1283,3756)] writeToSocket: Buffer contents: 00 00 00 0C 
02-29 14:27:09.054  1283  3756 D RequestManager: [RequestManager.cpp: 278] [Loc_hal_worker(1283,3756)] writeToSocket: Wrote 4 bytes to the socket.
02-29 14:27:09.054  1765  2781 I qcrilNrd: RIL Response bytes written:4
02-29 14:27:09.054  1762  2800 I qcrilNrd: RIL Response bytes written:4
02-29 14:27:09.054  1765  2781 I qcrilNrd: RIL Response bytes written:113
02-29 14:27:09.054  1762  2800 I qcrilNrd: RIL Response bytes written:113
02-29 14:27:09.054  1283  3756 D RequestManager: [RequestManager.cpp: 268] [Loc_hal_worker(1283,3756)] writeToSocket: Buffer contents: 14 00 00 00 
02-29 14:27:09.054  1283  3756 D RequestManager: [RequestManager.cpp: 278] [Loc_hal_worker(1283,3756)] writeToSocket: Wrote 4 bytes to the socket.
02-29 14:27:09.054  1283  3756 D RequestManager: [RequestManager.cpp: 268] [Loc_hal_worker(1283,3756)] writeToSocket: Buffer contents: 90 81 8F 81 70 00 00 B4 
02-29 14:27:09.054  1765  2483 I qcrilNrd: Buffer size: 12
02-29 14:27:09.054  1765  2483 I qcrilNrd: Buffer contents: 14 00 00 00 90 81 8F 81 70 00 00 B4 
02-29 14:27:09.054  1765  2483 I qcrilNrd: Dispatching get voice registration state.
02-29 14:27:09.054  1283  3757 D RequestManager: [RequestManager.cpp: 341] [Loc_hal_worker(1283,3757)] listenForResponses: record_stream_get_next: recordLen: 113, ret: 0, errno: 0, errStr: Success, socket fd: 36
02-29 14:27:09.054  1283  3757 D RequestManager: [RequestManager.cpp: 358] [Loc_hal_worker(1283,3757)] listenForResponses: Got a response parcel
02-29 14:27:09.054  1283  3756 D RequestManager: [RequestManager.cpp: 278] [Loc_hal_worker(1283,3756)] writeToSocket: Wrote 8 bytes to the socket.
02-29 14:27:09.054  1283  3756 D RequestManager: [RequestManager.cpp: 268] [Loc_hal_worker(1283,3756)] writeToSocket: Buffer contents: 
02-29 14:27:09.054  1283  3756 D RequestManager: [RequestManager.cpp: 135] [Loc_hal_worker(1283,3756)] listenForRequests: Got one or more requests.
02-29 14:27:09.054  1283  3756 D RequestManager: [RequestManager.cpp: 139] [Loc_hal_worker(1283,3756)] listenForRequests: Processing request with ID 21.
02-29 14:27:09.054  1283  3756 D RequestManager: [RequestManager.cpp: 167] [Loc_hal_worker(1283,3756)] listenForRequests: Sending request to the server.
02-29 14:27:09.054  1283  3756 D RequestManager: [RequestManager.cpp: 222] [Loc_hal_worker(1283,3756)] sendRequestToServer: Sending buffer of size 12
02-29 14:27:09.054  1283  3756 D RequestManager: [RequestManager.cpp: 268] [Loc_hal_worker(1283,3756)] writeToSocket: Buffer contents: 00 00 00 0C 
02-29 14:27:09.054  3601  3658 D RILJ    : Unsol response received; Sending ack to ril.cpp [PHONE0]
02-29 14:27:09.054  1283  3756 D RequestManager: [RequestManager.cpp: 278] [Loc_hal_worker(1283,3756)] writeToSocket: Wrote 4 bytes to the socket.
02-29 14:27:09.054  1283  3756 D RequestManager: [RequestManager.cpp: 268] [Loc_hal_worker(1283,3756)] writeToSocket: Buffer contents: 15 00 00 00 
02-29 14:27:09.054  3601  3658 D RILJ    : [UNSL]< UNSOL_RESPONSE_NETWORK_STATE_CHANGED [PHONE0]
02-29 14:27:09.054  1283  3755 D RequestManager: [RequestManager.cpp: 341] [Loc_hal_worker(1283,3755)] listenForResponses: record_stream_get_next: recordLen: 113, ret: 0, errno: 0, errStr: Success, socket fd: 35
02-29 14:27:09.054  1283  3755 D RequestManager: [RequestManager.cpp: 358] [Loc_hal_worker(1283,3755)] listenForResponses: Got a response parcel
02-29 14:27:09.054  1283  3754 D RequestManager: [RequestManager.cpp: 278] [Loc_hal_worker(1283,3754)] writeToSocket: Wrote 4 bytes to the socket.
02-29 14:27:09.054  1283  3754 D RequestManager: [RequestManager.cpp: 268] [Loc_hal_worker(1283,3754)] writeToSocket: Buffer contents: 50 7B 8F 81 70 00 00 B4 
02-29 14:27:09.054  1283  3756 D RequestManager: [RequestManager.cpp: 278] [Loc_hal_worker(1283,3756)] writeToSocket: Wrote 4 bytes to the socket.
02-29 14:27:09.054  1283  3756 D RequestManager: [RequestManager.cpp: 268] [Loc_hal_worker(1283,3756)] writeToSocket: Buffer contents: D0 82 8F 81 70 00 00 B4 
02-29 14:27:09.054  1765  2483 I qcrilNrd: Buffer size: 12
02-29 14:27:09.054  1762  2224 I qcrilNrd: Buffer size: 12
02-29 14:27:09.054  1765  2483 I qcrilNrd: Buffer contents: 15 00 00 00 D0 82 8F 81 70 00 00 B4 
02-29 14:27:09.054  1762  2224 I qcrilNrd: Buffer contents: 14 00 00 00 50 7B 8F 81 70 00 00 B4 
02-29 14:27:09.054  1762  2224 I qcrilNrd: Dispatching get voice registration state.
02-29 14:27:09.054  1283  3756 D RequestManager: [RequestManager.cpp: 278] [Loc_hal_worker(1283,3756)] writeToSocket: Wrote 8 bytes to the socket.
02-29 14:27:09.054  1283  3754 D RequestManager: [RequestManager.cpp: 278] [Loc_hal_worker(1283,3754)] writeToSocket: Wrote 8 bytes to the socket.
02-29 14:27:09.054  1283  3756 D RequestManager: [RequestManager.cpp: 268] [Loc_hal_worker(1283,3756)] writeToSocket: Buffer contents: 
02-29 14:27:09.054  1283  3754 D RequestManager: [RequestManager.cpp: 268] [Loc_hal_worker(1283,3754)] writeToSocket: Buffer contents: 
02-29 14:27:09.054  1283  3756 D RequestManager: [RequestManager.cpp: 139] [Loc_hal_worker(1283,3756)] listenForRequests: Processing request with ID 28.
02-29 14:27:09.054  1283  3754 D RequestManager: [RequestManager.cpp: 139] [Loc_hal_worker(1283,3754)] listenForRequests: Processing request with ID 21.
02-29 14:27:09.054  1283  3756 D RequestManager: [RequestManager.cpp: 167] [Loc_hal_worker(1283,3756)] listenForRequests: Sending request to the server.
02-29 14:27:09.054  1283  3756 D RequestManager: [RequestManager.cpp: 222] [Loc_hal_worker(1283,3756)] sendRequestToServer: Sending buffer of size 88
02-29 14:27:09.054  1283  3754 D RequestManager: [RequestManager.cpp: 167] [Loc_hal_worker(1283,3754)] listenForRequests: Sending request to the server.
02-29 14:27:09.054  1283  3754 D RequestManager: [RequestManager.cpp: 222] [Loc_hal_worker(1283,3754)] sendRequestToServer: Sending buffer of size 12
02-29 14:27:09.054  1283  3756 D RequestManager: [RequestManager.cpp: 268] [Loc_hal_worker(1283,3756)] writeToSocket: Buffer contents: 00 00 00 58 
02-29 14:27:09.054  1283  3754 D RequestManager: [RequestManager.cpp: 268] [Loc_hal_worker(1283,3754)] writeToSocket: Buffer contents: 00 00 00 0C 
02-29 14:27:09.054  1283  3756 D RequestManager: [RequestManager.cpp: 278] [Loc_hal_worker(1283,3756)] writeToSocket: Wrote 4 bytes to the socket.
02-29 14:27:09.054  1283  3754 D RequestManager: [RequestManager.cpp: 278] [Loc_hal_worker(1283,3754)] writeToSocket: Wrote 4 bytes to the socket.
02-29 14:27:09.055  1283  3754 D RequestManager: [RequestManager.cpp: 268] [Loc_hal_worker(1283,3754)] writeToSocket: Buffer contents: 15 00 00 00 
02-29 14:27:09.055  1283  3756 D RequestManager: [RequestManager.cpp: 268] [Loc_hal_worker(1283,3756)] writeToSocket: Buffer contents: 1C 00 00 00 
02-29 14:27:09.055  1283  3754 D RequestManager: [RequestManager.cpp: 278] [Loc_hal_worker(1283,3754)] writeToSocket: Wrote 4 bytes to the socket.
02-29 14:27:09.055  1283  3756 D RequestManager: [RequestManager.cpp: 278] [Loc_hal_worker(1283,3756)] writeToSocket: Wrote 4 bytes to the socket.
02-29 14:27:09.055  3601  4065 D NRM-C-0 : onNetworkStateChanged
02-29 14:27:09.055  1283  3756 D RequestManager: [RequestManager.cpp: 268] [Loc_hal_worker(1283,3756)] writeToSocket: Buffer contents: 50 6D 8F 81 70 00 00 B4 
02-29 14:27:09.055  1283  3754 D RequestManager: [RequestManager.cpp: 268] [Loc_hal_worker(1283,3754)] writeToSocket: Buffer contents: 10 81 8F 81 70 00 00 B4 
02-29 14:27:09.055  1762  2224 I qcrilNrd: Buffer size: 12
02-29 14:27:09.055  1762  2224 I qcrilNrd: Buffer contents: 15 00 00 00 10 81 8F 81 70 00 00 B4 
02-29 14:27:09.055  1283  3756 D RequestManager: [RequestManager.cpp: 278] [Loc_hal_worker(1283,3756)] writeToSocket: Wrote 8 bytes to the socket.
02-29 14:27:09.055  1283  3756 D RequestManager: [RequestManager.cpp: 268] [Loc_hal_worker(1283,3756)] writeToSocket: Buffer contents: 00 00 00 B0 00 00 6F AD 00 00 00 08 33 46 30 30 37 46 46 46 00 00 00 00 00 00 00 00 00 00 00 00 FF FF FF FF FF FF FF FF 00 00 00 20 61 30 30 30 30 30 30 30 38 37 31 30 30 32 66 66 38 36 66 66 66 66 38 39 66 66 66 66 66 66 66 66 
02-29 14:27:09.055  1283  3754 D RequestManager: [RequestManager.cpp: 278] [Loc_hal_worker(1283,3754)] writeToSocket: Wrote 8 bytes to the socket.
02-29 14:27:09.055  1765  2483 I qcrilNrd: Buffer size: 88
02-29 14:27:09.055  1283  3754 D RequestManager: [RequestManager.cpp: 268] [Loc_hal_worker(1283,3754)] writeToSocket: Buffer contents: 
02-29 14:27:09.055  1765  2483 I qcrilNrd: Buffer contents: 1C 00 00 00 50 6D 8F 81 70 00 00 B4 00 00 00 B0 00 00 6F AD 00 00 00 08 33 46 30 30 37 46 46 46 00 00 00 00 00 00 00 00 00 00 00 00 FF FF FF FF FF FF FF FF 00 00 00 20 61 30 30 30 30 30 30 30 38 37 31 30 30 32 66 66 38 36 66 66 66 66 38 39 66 66 66 66 66 66 66 66 
02-29 14:27:09.055  1283  3754 D RequestManager: [RequestManager.cpp: 139] [Loc_hal_worker(1283,3754)] listenForRequests: Processing request with ID 28.
02-29 14:27:09.055  1283  3754 D RequestManager: [RequestManager.cpp: 167] [Loc_hal_worker(1283,3754)] listenForRequests: Sending request to the server.
02-29 14:27:09.055  1283  3754 D RequestManager: [RequestManager.cpp: 222] [Loc_hal_worker(1283,3754)] sendRequestToServer: Sending buffer of size 88
02-29 14:27:09.055  3601  3781 D RILJ    : Unsol response received; Sending ack to ril.cpp [PHONE1]
02-29 14:27:09.055  1283  3754 D RequestManager: [RequestManager.cpp: 268] [Loc_hal_worker(1283,3754)] writeToSocket: Buffer contents: 00 00 00 58 
02-29 14:27:09.055  3601  3781 D RILJ    : [UNSL]< UNSOL_RESPONSE_NETWORK_STATE_CHANGED [PHONE1]
02-29 14:27:09.055  1283  3754 D RequestManager: [RequestManager.cpp: 278] [Loc_hal_worker(1283,3754)] writeToSocket: Wrote 4 bytes to the socket.
02-29 14:27:09.055  1283  3754 D RequestManager: [RequestManager.cpp: 268] [Loc_hal_worker(1283,3754)] writeToSocket: Buffer contents: 1C 00 00 00 
02-29 14:27:09.055  1283  3756 D RequestManager: [RequestManager.cpp: 278] [Loc_hal_worker(1283,3756)] writeToSocket: Wrote 76 bytes to the socket.
02-29 14:27:09.055  1283  3756 D RequestManager: [RequestManager.cpp: 139] [Loc_hal_worker(1283,3756)] listenForRequests: Processing request with ID 22.
02-29 14:27:09.055  1283  3754 D RequestManager: [RequestManager.cpp: 278] [Loc_hal_worker(1283,3754)] writeToSocket: Wrote 4 bytes to the socket.
02-29 14:27:09.055  1283  3756 D RequestManager: [RequestManager.cpp: 167] [Loc_hal_worker(1283,3756)] listenForRequests: Sending request to the server.
02-29 14:27:09.055  1283  3754 D RequestManager: [RequestManager.cpp: 268] [Loc_hal_worker(1283,3754)] writeToSocket: Buffer contents: 10 7F 8F 81 70 00 00 B4 
02-29 14:27:09.055  1283  3756 D RequestManager: [RequestManager.cpp: 222] [Loc_hal_worker(1283,3756)] sendRequestToServer: Sending buffer of size 12
02-29 14:27:09.055  1283  3756 D RequestManager: [RequestManager.cpp: 268] [Loc_hal_worker(1283,3756)] writeToSocket: Buffer contents: 00 00 00 0C 
02-29 14:27:09.055  1283  3754 D RequestManager: [RequestManager.cpp: 278] [Loc_hal_worker(1283,3754)] writeToSocket: Wrote 8 bytes to the socket.
02-29 14:27:09.055  1283  3756 D RequestManager: [RequestManager.cpp: 278] [Loc_hal_worker(1283,3756)] writeToSocket: Wrote 4 bytes to the socket.
02-29 14:27:09.055  1283  3754 D RequestManager: [RequestManager.cpp: 268] [Loc_hal_worker(1283,3754)] writeToSocket: Buffer contents: 00 00 00 B0 00 00 6F AD 00 00 00 08 33 46 30 30 37 46 46 46 00 00 00 00 00 00 00 00 00 00 00 00 FF FF FF FF FF FF FF FF 00 00 00 20 61 30 30 30 30 30 30 30 38 37 31 30 30 32 66 66 38 36 66 66 66 66 38 39 66 66 66 66 66 66 66 66 
02-29 14:27:09.055  1283  3756 D RequestManager: [RequestManager.cpp: 268] [Loc_hal_worker(1283,3756)] writeToSocket: Buffer contents: 16 00 00 00 
02-29 14:27:09.055  1762  2224 I qcrilNrd: Buffer size: 88
02-29 14:27:09.055  1762  2224 I qcrilNrd: Buffer contents: 1C 00 00 00 10 7F 8F 81 70 00 00 B4 00 00 00 B0 00 00 6F AD 00 00 00 08 33 46 30 30 37 46 46 46 00 00 00 00 00 00 00 00 00 00 00 00 FF FF FF FF FF FF FF FF 00 00 00 20 61 30 30 30 30 30 30 30 38 37 31 30 30 32 66 66 38 36 66 66 66 66 38 39 66 66 66 66 66 66 66 66 
02-29 14:27:09.055  1283  3756 D RequestManager: [RequestManager.cpp: 278] [Loc_hal_worker(1283,3756)] writeToSocket: Wrote 4 bytes to the socket.
02-29 14:27:09.055  3601  4065 D NRM-C-1 : onNetworkStateChanged
02-29 14:27:09.055  1283  3756 D RequestManager: [RequestManager.cpp: 268] [Loc_hal_worker(1283,3756)] writeToSocket: Buffer contents: D0 F5 8E 81 70 00 00 B4 
02-29 14:27:09.055  1765  2483 I qcrilNrd: Buffer size: 12
02-29 14:27:09.055  1765  2483 I qcrilNrd: Buffer contents: 16 00 00 00 D0 F5 8E 81 70 00 00 B4 
02-29 14:27:09.055  1283  3754 D RequestManager: [RequestManager.cpp: 278] [Loc_hal_worker(1283,3754)] writeToSocket: Wrote 76 bytes to the socket.
02-29 14:27:09.055  1283  3754 D RequestManager: [RequestManager.cpp: 139] [Loc_hal_worker(1283,3754)] listenForRequests: Processing request with ID 22.
02-29 14:27:09.055  1283  3754 D RequestManager: [RequestManager.cpp: 167] [Loc_hal_worker(1283,3754)] listenForRequests: Sending request to the server.
02-29 14:27:09.055  1283  3754 D RequestManager: [RequestManager.cpp: 222] [Loc_hal_worker(1283,3754)] sendRequestToServer: Sending buffer of size 12
02-29 14:27:09.055  1283  3754 D RequestManager: [RequestManager.cpp: 268] [Loc_hal_worker(1283,3754)] writeToSocket: Buffer contents: 00 00 00 0C 
02-29 14:27:09.055  1283  3756 D RequestManager: [RequestManager.cpp: 278] [Loc_hal_worker(1283,3756)] writeToSocket: Wrote 8 bytes to the socket.
02-29 14:27:09.055  1283  3756 D RequestManager: [RequestManager.cpp: 268] [Loc_hal_worker(1283,3756)] writeToSocket: Buffer contents: 
02-29 14:27:09.055  1283  3756 D RequestManager: [RequestManager.cpp: 139] [Loc_hal_worker(1283,3756)] listenForRequests: Processing request with ID 109.
02-29 14:27:09.055  1283  3756 D RequestManager: [RequestManager.cpp: 167] [Loc_hal_worker(1283,3756)] listenForRequests: Sending request to the server.
02-29 14:27:09.055  1283  3756 D RequestManager: [RequestManager.cpp: 222] [Loc_hal_worker(1283,3756)] sendRequestToServer: Sending buffer of size 12
02-29 14:27:09.055  1283  3756 D RequestManager: [RequestManager.cpp: 268] [Loc_hal_worker(1283,3756)] writeToSocket: Buffer contents: 00 00 00 0C 
02-29 14:27:09.055  1283  3754 D RequestManager: [RequestManager.cpp: 278] [Loc_hal_worker(1283,3754)] writeToSocket: Wrote 4 bytes to the socket.
02-29 14:27:09.055  1283  3754 D RequestManager: [RequestManager.cpp: 268] [Loc_hal_worker(1283,3754)] writeToSocket: Buffer contents: 16 00 00 00 
02-29 14:27:09.055  1283  3756 D RequestManager: [RequestManager.cpp: 278] [Loc_hal_worker(1283,3756)] writeToSocket: Wrote 4 bytes to the socket.
02-29 14:27:09.055  1283  3756 D RequestManager: [RequestManager.cpp: 268] [Loc_hal_worker(1283,3756)] writeToSocket: Buffer contents: 6D 00 00 00 
02-29 14:27:09.055  1283  3754 D RequestManager: [RequestManager.cpp: 278] [Loc_hal_worker(1283,3754)] writeToSocket: Wrote 4 bytes to the socket.
02-29 14:27:09.055  1283  3754 D RequestManager: [RequestManager.cpp: 268] [Loc_hal_worker(1283,3754)] writeToSocket: Buffer contents: D0 00 8F 81 70 00 00 B4 
02-29 14:27:09.055  1283  3756 D RequestManager: [RequestManager.cpp: 278] [Loc_hal_worker(1283,3756)] writeToSocket: Wrote 4 bytes to the socket.
02-29 14:27:09.055  1762  2224 I qcrilNrd: Buffer size: 12
02-29 14:27:09.055  1283  3756 D RequestManager: [RequestManager.cpp: 268] [Loc_hal_worker(1283,3756)] writeToSocket: Buffer contents: 10 80 8F 81 70 00 00 B4 
02-29 14:27:09.055  1762  2224 I qcrilNrd: Buffer contents: 16 00 00 00 D0 00 8F 81 70 00 00 B4 
02-29 14:27:09.056  1765  2483 I qcrilNrd: Buffer size: 12
02-29 14:27:09.056  1765  2483 I qcrilNrd: Buffer contents: 6D 00 00 00 10 80 8F 81 70 00 00 B4 
02-29 14:27:09.056  1283  3754 D RequestManager: [RequestManager.cpp: 278] [Loc_hal_worker(1283,3754)] writeToSocket: Wrote 8 bytes to the socket.
02-29 14:27:09.056  1283  3754 D RequestManager: [RequestManager.cpp: 268] [Loc_hal_worker(1283,3754)] writeToSocket: Buffer contents: 
02-29 14:27:09.056  1283  3754 D RequestManager: [RequestManager.cpp: 139] [Loc_hal_worker(1283,3754)] listenForRequests: Processing request with ID 109.
02-29 14:27:09.056  1283  3754 D RequestManager: [RequestManager.cpp: 167] [Loc_hal_worker(1283,3754)] listenForRequests: Sending request to the server.
02-29 14:27:09.056  1765  2771 I qcrilNrd: RIL Response bytes written:4
02-29 14:27:09.056  1283  3754 D RequestManager: [RequestManager.cpp: 222] [Loc_hal_worker(1283,3754)] sendRequestToServer: Sending buffer of size 12
02-29 14:27:09.056  1283  3754 D RequestManager: [RequestManager.cpp: 268] [Loc_hal_worker(1283,3754)] writeToSocket: Buffer contents: 00 00 00 0C 
02-29 14:27:09.056  1283  3757 D RequestManager: [RequestManager.cpp: 341] [Loc_hal_worker(1283,3757)] listenForResponses: record_stream_get_next: recordLen: 113, ret: -1, errno: 11, errStr: Try again, socket fd: 36
02-29 14:27:09.056  1765  2771 I qcrilNrd: RIL Response bytes written:28
02-29 14:27:09.056  1283  3757 D RequestManager: [RequestManager.cpp: 341] [Loc_hal_worker(1283,3757)] listenForResponses: record_stream_get_next: recordLen: 28, ret: 0, errno: 0, errStr: Success, socket fd: 36
02-29 14:27:09.056  1283  3757 D RequestManager: [RequestManager.cpp: 358] [Loc_hal_worker(1283,3757)] listenForResponses: Got a response parcel
02-29 14:27:09.056  1283  3757 D RequestManager: [RequestManager.cpp: 483] [Loc_hal_worker(1283,3757)] issueRequest: Pushing a request to the queue.
02-29 14:27:09.056  1283  3754 D RequestManager: [RequestManager.cpp: 278] [Loc_hal_worker(1283,3754)] writeToSocket: Wrote 4 bytes to the socket.
02-29 14:27:09.056  1283  3757 D RequestManager: [RequestManager.cpp: 495] [Loc_hal_worker(1283,3757)] issueRequest: Pushed a request to the queue.
02-29 14:27:09.056  1283  3754 D RequestManager: [RequestManager.cpp: 268] [Loc_hal_worker(1283,3754)] writeToSocket: Buffer contents: 6D 00 00 00 
02-29 14:27:09.056  1283  3756 D RequestManager: [RequestManager.cpp: 278] [Loc_hal_worker(1283,3756)] writeToSocket: Wrote 8 bytes to the socket.
02-29 14:27:09.056  1283  3756 D RequestManager: [RequestManager.cpp: 268] [Loc_hal_worker(1283,3756)] writeToSocket: Buffer contents: 
02-29 14:27:09.056  1283  3756 D RequestManager: [RequestManager.cpp: 135] [Loc_hal_worker(1283,3756)] listenForRequests: Got one or more requests.
02-29 14:27:09.056  1283  3756 D RequestManager: [RequestManager.cpp: 139] [Loc_hal_worker(1283,3756)] listenForRequests: Processing request with ID 11.
02-29 14:27:09.056  1283  3756 D RequestManager: [RequestManager.cpp: 167] [Loc_hal_worker(1283,3756)] listenForRequests: Sending request to the server.
02-29 14:27:09.056  1283  3756 D RequestManager: [RequestManager.cpp: 222] [Loc_hal_worker(1283,3756)] sendRequestToServer: Sending buffer of size 52
02-29 14:27:09.056  1283  3754 D RequestManager: [RequestManager.cpp: 278] [Loc_hal_worker(1283,3754)] writeToSocket: Wrote 4 bytes to the socket.
02-29 14:27:09.056  1283  3756 D RequestManager: [RequestManager.cpp: 268] [Loc_hal_worker(1283,3756)] writeToSocket: Buffer contents: 00 00 00 34 
02-29 14:27:09.056  1283  3754 D RequestManager: [RequestManager.cpp: 268] [Loc_hal_worker(1283,3754)] writeToSocket: Buffer contents: 10 78 8F 81 70 00 00 B4 
02-29 14:27:09.056  1762  2224 I qcrilNrd: Buffer size: 12
02-29 14:27:09.056  1762  2224 I qcrilNrd: Buffer contents: 6D 00 00 00 10 78 8F 81 70 00 00 B4 
02-29 14:27:09.056  1283  3756 D RequestManager: [RequestManager.cpp: 278] [Loc_hal_worker(1283,3756)] writeToSocket: Wrote 4 bytes to the socket.
02-29 14:27:09.056  1283  3756 D RequestManager: [RequestManager.cpp: 268] [Loc_hal_worker(1283,3756)] writeToSocket: Buffer contents: 0B 00 00 00 
02-29 14:27:09.056  1283  3754 D RequestManager: [RequestManager.cpp: 278] [Loc_hal_worker(1283,3754)] writeToSocket: Wrote 8 bytes to the socket.
02-29 14:27:09.056  1283  3756 D RequestManager: [RequestManager.cpp: 278] [Loc_hal_worker(1283,3756)] writeToSocket: Wrote 4 bytes to the socket.
02-29 14:27:09.056  1283  3754 D RequestManager: [RequestManager.cpp: 268] [Loc_hal_worker(1283,3754)] writeToSocket: Buffer contents: 
02-29 14:27:09.056  1283  3756 D RequestManager: [RequestManager.cpp: 268] [Loc_hal_worker(1283,3756)] writeToSocket: Buffer contents: 50 82 8F 81 70 00 00 B4 
02-29 14:27:09.056  1283  3756 D RequestManager: [RequestManager.cpp: 278] [Loc_hal_worker(1283,3756)] writeToSocket: Wrote 8 bytes to the socket.
02-29 14:27:09.056  1283  3756 D RequestManager: [RequestManager.cpp: 268] [Loc_hal_worker(1283,3756)] writeToSocket: Buffer contents: 00 00 00 01 00 00 00 20 61 30 30 30 30 30 30 30 38 37 31 30 30 32 66 66 38 36 66 66 66 66 38 39 66 66 66 66 66 66 66 66 
02-29 14:27:09.056  1283  3756 D RequestManager: [RequestManager.cpp: 278] [Loc_hal_worker(1283,3756)] writeToSocket: Wrote 40 bytes to the socket.
02-29 14:27:09.057  3601  3601 D SST     : [0] handleMessage: received event 2
02-29 14:27:09.057  1765  2483 I qcrilNrd: Buffer size: 52
02-29 14:27:09.057  1765  2483 I qcrilNrd: Buffer contents: 0B 00 00 00 50 82 8F 81 70 00 00 B4 00 00 00 01 00 00 00 20 61 30 30 30 30 30 30 30 38 37 31 30 30 32 66 66 38 36 66 66 66 66 38 39 66 66 66 66 66 66 66 66 
02-29 14:27:09.057  3601  3601 D SST     : [0] pollState: modemTriggered=true, radioState=1
02-29 14:27:09.057  3601  3601 D SST     : [0] issuePollCommands
02-29 14:27:09.057  3601  3601 D RILJ    : [0620]> OPERATOR [PHONE0]
02-29 14:27:09.057  1762  2800 I qcrilNrd: RIL Response bytes written:4
02-29 14:27:09.057  1762  2800 I qcrilNrd: RIL Response bytes written:48
02-29 14:27:09.058  1765  2781 I qcrilNrd: RIL Response bytes written:4
02-29 14:27:09.058  1765  2781 I qcrilNrd: RIL Response bytes written:385
02-29 14:27:09.058  1283  3757 D RequestManager: [RequestManager.cpp: 341] [Loc_hal_worker(1283,3757)] listenForResponses: record_stream_get_next: recordLen: 385, ret: 0, errno: 0, errStr: Success, socket fd: 36
02-29 14:27:09.058  1283  3757 D RequestManager: [RequestManager.cpp: 358] [Loc_hal_worker(1283,3757)] listenForResponses: Got a response parcel
02-29 14:27:09.058  1283  3755 D RequestManager: [RequestManager.cpp: 341] [Loc_hal_worker(1283,3755)] listenForResponses: record_stream_get_next: recordLen: 48, ret: 0, errno: 0, errStr: Success, socket fd: 35
02-29 14:27:09.058  1283  3755 D RequestManager: [RequestManager.cpp: 358] [Loc_hal_worker(1283,3755)] listenForResponses: Got a response parcel
02-29 14:27:09.058  1765  2771 I qcrilNrd: RIL Response bytes written:4
02-29 14:27:09.058  1765  2771 I qcrilNrd: RIL Response bytes written:20
02-29 14:27:09.059  1283  3757 D RequestManager: [RequestManager.cpp: 341] [Loc_hal_worker(1283,3757)] listenForResponses: record_stream_get_next: recordLen: 20, ret: 0, errno: 0, errStr: Success, socket fd: 36
02-29 14:27:09.059  1283  3757 D RequestManager: [RequestManager.cpp: 358] [Loc_hal_worker(1283,3757)] listenForResponses: Got a response parcel
02-29 14:27:09.059  1762  2800 I qcrilNrd: RIL Response bytes written:4
02-29 14:27:09.059  1762  2800 I qcrilNrd: RIL Response bytes written:385
02-29 14:27:09.060  1283  3755 D RequestManager: [RequestManager.cpp: 341] [Loc_hal_worker(1283,3755)] listenForResponses: record_stream_get_next: recordLen: 385, ret: 0, errno: 0, errStr: Success, socket fd: 35
02-29 14:27:09.060  1283  3755 D RequestManager: [RequestManager.cpp: 358] [Loc_hal_worker(1283,3755)] listenForResponses: Got a response parcel
02-29 14:27:09.061  1765  2781 I qcrilNrd: RIL Response bytes written:4
02-29 14:27:09.061  1765  2781 I qcrilNrd: RIL Response bytes written:20
02-29 14:27:09.061  3601  3781 D RILJ    : [UNSL]< UNSOL_EMERGENCY_NUMBER_LIST [EmergencyNumber:Number-112|CountryIso-|Mnc-|ServiceCategories-0|Urns-[]|Sources-10|Routing-0, EmergencyNumber:Number-08|CountryIso-|Mnc-|ServiceCategories-0|Urns-[]|Sources-10|Routing-0, EmergencyNumber:Number-118|CountryIso-|Mnc-|ServiceCategories-0|Urns-[]|Sources-10|Routing-0, EmergencyNumber:Number-119|CountryIso-|Mnc-|ServiceCategories-0|Urns-[]|Sources-10|Routing-0, EmergencyNumber:Number-120|CountryIso-|Mnc-|ServiceCategories-0|Urns-[]|Sources-10|Routing-0, EmergencyNumber:Number-999|CountryIso-|Mnc-|ServiceCategories-0|Urns-[]|Sources-10|Routing-0, EmergencyNumber:Number-122|CountryIso-|Mnc-|ServiceCategories-0|Urns-[]|Sources-10|Routing-0, EmergencyNumber:Number-000|CountryIso-|Mnc-|ServiceCategories-0|Urns-[]|Sources-10|Routing-0, EmergencyNumber:Number-911|CountryIso-|Mnc-|ServiceCategories-0|Urns-[]|Sources-10|Routing-0, EmergencyNumber:Number-*911|CountryIso-|Mnc-|ServiceCategories-0|Urns-[]|Sources-1000|Routing-0, EmergencyNumber:Number-110|CountryIso-|Mnc-|ServiceCategories-0|Urns-[]|Sources-10|Routing-0, EmergencyNumber:Number-#911|CountryIso-|Mnc-|ServiceCategories-0|Urns-[]|Sources-1000|Routing-0] [PHONE1]
02-29 14:27:09.061  1762  2787 I qcrilNrd: RIL Response bytes written:4
02-29 14:27:09.061  1762  2787 I qcrilNrd: RIL Response bytes written:36
02-29 14:27:09.062  3601  4065 D RILJ    : [0621]> DATA_REGISTRATION_STATE [PHONE0]
02-29 14:27:09.062  3601  4065 D RILJ    : getDataRegistrationState: overrideHalVersion=null [PHONE0]
02-29 14:27:09.063  1283  3755 D RequestManager: [RequestManager.cpp: 341] [Loc_hal_worker(1283,3755)] listenForResponses: record_stream_get_next: recordLen: 36, ret: 0, errno: 0, errStr: Success, socket fd: 35
02-29 14:27:09.063  1283  3755 D RequestManager: [RequestManager.cpp: 358] [Loc_hal_worker(1283,3755)] listenForResponses: Got a response parcel
02-29 14:27:09.063  3601  4065 D RILJ    : [0622]> VOICE_REGISTRATION_STATE [PHONE0]
02-29 14:27:09.063  3601  4065 D RILJ    : getVoiceRegistrationState: overrideHalVersion=null [PHONE0]
02-29 14:27:09.063  1283  3755 D RequestManager: [RequestManager.cpp: 483] [Loc_hal_worker(1283,3755)] issueRequest: Pushing a request to the queue.
02-29 14:27:09.063  1283  3755 D RequestManager: [RequestManager.cpp: 495] [Loc_hal_worker(1283,3755)] issueRequest: Pushed a request to the queue.
02-29 14:27:09.063  1283  3754 D RequestManager: [RequestManager.cpp: 135] [Loc_hal_worker(1283,3754)] listenForRequests: Got one or more requests.
02-29 14:27:09.063  1283  3754 D RequestManager: [RequestManager.cpp: 139] [Loc_hal_worker(1283,3754)] listenForRequests: Processing request with ID 11.
02-29 14:27:09.063  1283  3757 D RequestManager: [RequestManager.cpp: 341] [Loc_hal_worker(1283,3757)] listenForResponses: record_stream_get_next: recordLen: 20, ret: 0, errno: 0, errStr: Success, socket fd: 36
02-29 14:27:09.063  1283  3754 D RequestManager: [RequestManager.cpp: 167] [Loc_hal_worker(1283,3754)] listenForRequests: Sending request to the server.
02-29 14:27:09.063  1283  3757 D RequestManager: [RequestManager.cpp: 358] [Loc_hal_worker(1283,3757)] listenForResponses: Got a response parcel
02-29 14:27:09.063  1283  3754 D RequestManager: [RequestManager.cpp: 222] [Loc_hal_worker(1283,3754)] sendRequestToServer: Sending buffer of size 52
02-29 14:27:09.063  1283  3754 D RequestManager: [RequestManager.cpp: 268] [Loc_hal_worker(1283,3754)] writeToSocket: Buffer contents: 00 00 00 34 
02-29 14:27:09.063  1283  3754 D RequestManager: [RequestManager.cpp: 278] [Loc_hal_worker(1283,3754)] writeToSocket: Wrote 4 bytes to the socket.
02-29 14:27:09.063  1283  3754 D RequestManager: [RequestManager.cpp: 268] [Loc_hal_worker(1283,3754)] writeToSocket: Buffer contents: 0B 00 00 00 
02-29 14:27:09.063  1283  3754 D RequestManager: [RequestManager.cpp: 278] [Loc_hal_worker(1283,3754)] writeToSocket: Wrote 4 bytes to the socket.
02-29 14:27:09.063  1283  3754 D RequestManager: [RequestManager.cpp: 268] [Loc_hal_worker(1283,3754)] writeToSocket: Buffer contents: 50 70 8F 81 70 00 00 B4 
02-29 14:27:09.063  1283  3754 D RequestManager: [RequestManager.cpp: 278] [Loc_hal_worker(1283,3754)] writeToSocket: Wrote 8 bytes to the socket.
02-29 14:27:09.063  1283  3754 D RequestManager: [RequestManager.cpp: 268] [Loc_hal_worker(1283,3754)] writeToSocket: Buffer contents: 00 00 00 01 00 00 00 20 61 30 30 30 30 30 30 30 38 37 31 30 30 32 66 66 38 36 66 66 66 66 38 39 66 66 66 66 66 66 66 66 
02-29 14:27:09.063  1762  2224 I qcrilNrd: Buffer size: 52
02-29 14:27:09.063  1762  2224 I qcrilNrd: Buffer contents: 0B 00 00 00 50 70 8F 81 70 00 00 B4 00 00 00 01 00 00 00 20 61 30 30 30 30 30 30 30 38 37 31 30 30 32 66 66 38 36 66 66 66 66 38 39 66 66 66 66 66 66 66 66 
02-29 14:27:09.063  1283  3754 D RequestManager: [RequestManager.cpp: 278] [Loc_hal_worker(1283,3754)] writeToSocket: Wrote 40 bytes to the socket.
02-29 14:27:09.064  1765  7403 I qcrilNrd: RIL Response bytes written:4
02-29 14:27:09.064  1765  7403 I qcrilNrd: RIL Response bytes written:44
02-29 14:27:09.065  3601  4072 D RILJ    : [UNSL]< UNSOL_EMERGENCY_NUMBER_LIST [EmergencyNumber:Number-112|CountryIso-|Mnc-|ServiceCategories-0|Urns-[]|Sources-10|Routing-0, EmergencyNumber:Number-08|CountryIso-|Mnc-|ServiceCategories-0|Urns-[]|Sources-10|Routing-0, EmergencyNumber:Number-118|CountryIso-|Mnc-|ServiceCategories-0|Urns-[]|Sources-10|Routing-0, EmergencyNumber:Number-119|CountryIso-|Mnc-|ServiceCategories-0|Urns-[]|Sources-10|Routing-0, EmergencyNumber:Number-120|CountryIso-|Mnc-|ServiceCategories-0|Urns-[]|Sources-10|Routing-0, EmergencyNumber:Number-999|CountryIso-|Mnc-|ServiceCategories-0|Urns-[]|Sources-10|Routing-0, EmergencyNumber:Number-122|CountryIso-|Mnc-|ServiceCategories-0|Urns-[]|Sources-10|Routing-0, EmergencyNumber:Number-000|CountryIso-|Mnc-|ServiceCategories-0|Urns-[]|Sources-10|Routing-0, EmergencyNumber:Number-911|CountryIso-|Mnc-|ServiceCategories-0|Urns-[]|Sources-10|Routing-0, EmergencyNumber:Number-*911|CountryIso-|Mnc-|ServiceCategories-0|Urns-[]|Sources-1000|Routing-0, EmergencyNumber:Number-110|CountryIso-|Mnc-|ServiceCategories-0|Urns-[]|Sources-10|Routing-0, EmergencyNumber:Number-#911|CountryIso-|Mnc-|ServiceCategories-0|Urns-[]|Sources-1000|Routing-0] [PHONE0]
02-29 14:27:09.065  1762  2800 I qcrilNrd: RIL Response bytes written:4
02-29 14:27:09.065  1762  2800 I qcrilNrd: RIL Response bytes written:385
02-29 14:27:09.065  3601  4072 D RILJ    : [UNSL]< UNSOL_EMERGENCY_NUMBER_LIST [EmergencyNumber:Number-112|CountryIso-|Mnc-|ServiceCategories-0|Urns-[]|Sources-10|Routing-0, EmergencyNumber:Number-08|CountryIso-|Mnc-|ServiceCategories-0|Urns-[]|Sources-10|Routing-0, EmergencyNumber:Number-118|CountryIso-|Mnc-|ServiceCategories-0|Urns-[]|Sources-10|Routing-0, EmergencyNumber:Number-119|CountryIso-|Mnc-|ServiceCategories-0|Urns-[]|Sources-10|Routing-0, EmergencyNumber:Number-120|CountryIso-|Mnc-|ServiceCategories-0|Urns-[]|Sources-10|Routing-0, EmergencyNumber:Number-999|CountryIso-|Mnc-|ServiceCategories-0|Urns-[]|Sources-10|Routing-0, EmergencyNumber:Number-122|CountryIso-|Mnc-|ServiceCategories-0|Urns-[]|Sources-10|Routing-0, EmergencyNumber:Number-000|CountryIso-|Mnc-|ServiceCategories-0|Urns-[]|Sources-10|Routing-0, EmergencyNumber:Number-911|CountryIso-|Mnc-|ServiceCategories-0|Urns-[]|Sources-10|Routing-0, EmergencyNumber:Number-*911|CountryIso-|Mnc-|ServiceCategories-0|Urns-[]|Sources-1000|Routing-0, EmergencyNumber:Number-110|CountryIso-|Mnc-|ServiceCategories-0|Urns-[]|Sources-10|Routing-0, EmergencyNumber:Number-#911|CountryIso-|Mnc-|ServiceCategories-0|Urns-[]|Sources-1000|Routing-0] [PHONE0]
02-29 14:27:09.065  1283  3755 D RequestManager: [RequestManager.cpp: 341] [Loc_hal_worker(1283,3755)] listenForResponses: record_stream_get_next: recordLen: 385, ret: 0, errno: 0, errStr: Success, socket fd: 35
02-29 14:27:09.065  1283  3755 D RequestManager: [RequestManager.cpp: 358] [Loc_hal_worker(1283,3755)] listenForResponses: Got a response parcel
02-29 14:27:09.065  1283  3757 D RequestManager: [RequestManager.cpp: 341] [Loc_hal_worker(1283,3757)] listenForResponses: record_stream_get_next: recordLen: 44, ret: 0, errno: 0, errStr: Success, socket fd: 36
02-29 14:27:09.065  1283  3757 D RequestManager: [RequestManager.cpp: 358] [Loc_hal_worker(1283,3757)] listenForResponses: Got a response parcel
02-29 14:27:09.065  3601  3781 D RILJ    : [0614]< SET_UNSOLICITED_RESPONSE_FILTER  [PHONE1]
02-29 14:27:09.067  1762  2787 I qcrilNrd: RIL Response bytes written:4
02-29 14:27:09.067  1762  2787 I qcrilNrd: RIL Response bytes written:35
02-29 14:27:09.067  3601  4072 D RILJ    : [0611]< SET_UNSOLICITED_RESPONSE_FILTER  [PHONE0]
02-29 14:27:09.068  1283  3755 D RequestManager: [RequestManager.cpp: 341] [Loc_hal_worker(1283,3755)] listenForResponses: record_stream_get_next: recordLen: 35, ret: 0, errno: 0, errStr: Success, socket fd: 35
02-29 14:27:09.068  1283  3755 D RequestManager: [RequestManager.cpp: 358] [Loc_hal_worker(1283,3755)] listenForResponses: Got a response parcel
02-29 14:27:09.068  1765  7441 I qcrilNrd: RIL Response bytes written:4
02-29 14:27:09.068  1765  7441 I qcrilNrd: RIL Response bytes written:28
02-29 14:27:09.068  1762  2800 I qcrilNrd: RIL Response bytes written:4
02-29 14:27:09.068  1762  2800 I qcrilNrd: RIL Response bytes written:20
02-29 14:27:09.068  1283  3757 D RequestManager: [RequestManager.cpp: 341] [Loc_hal_worker(1283,3757)] listenForResponses: record_stream_get_next: recordLen: 28, ret: 0, errno: 0, errStr: Success, socket fd: 36
02-29 14:27:09.068  1283  3757 D RequestManager: [RequestManager.cpp: 358] [Loc_hal_worker(1283,3757)] listenForResponses: Got a response parcel
02-29 14:27:09.069  1762  2800 I qcrilNrd: RIL Response bytes written:4
02-29 14:27:09.069  1762  2800 I qcrilNrd: RIL Response bytes written:12
02-29 14:27:09.069  3601  3658 D RILJ    : Unsol response received; Sending ack to ril.cpp [PHONE0]
02-29 14:27:09.069  1283  3755 D RequestManager: [RequestManager.cpp: 341] [Loc_hal_worker(1283,3755)] listenForResponses: record_stream_get_next: recordLen: 20, ret: 0, errno: 0, errStr: Success, socket fd: 35
02-29 14:27:09.069  1283  3755 D RequestManager: [RequestManager.cpp: 358] [Loc_hal_worker(1283,3755)] listenForResponses: Got a response parcel
02-29 14:27:09.069  1283  3755 D RequestManager: [RequestManager.cpp: 341] [Loc_hal_worker(1283,3755)] listenForResponses: record_stream_get_next: recordLen: 12, ret: 0, errno: 0, errStr: Success, socket fd: 35
02-29 14:27:09.069  1283  3755 D RequestManager: [RequestManager.cpp: 358] [Loc_hal_worker(1283,3755)] listenForResponses: Got a response parcel
02-29 14:27:09.070  3601  4072 D RILJ    : [0616]< SET_SIGNAL_STRENGTH_REPORTING_CRITERIA  [PHONE0]
02-29 14:27:09.070  3601  3658 E RILJ    : Unsupported band type 0 [PHONE0]
02-29 14:27:09.070  1765  7440 I qcrilNrd: RIL Response bytes written:4
02-29 14:27:09.070  1765  7440 I qcrilNrd: RIL Response bytes written:35
02-29 14:27:09.070  3601  3781 D RILJ    : [UNSL]< UNSOL_EMERGENCY_NUMBER_LIST [EmergencyNumber:Number-112|CountryIso-|Mnc-|ServiceCategories-0|Urns-[]|Sources-10|Routing-0, EmergencyNumber:Number-08|CountryIso-|Mnc-|ServiceCategories-0|Urns-[]|Sources-10|Routing-0, EmergencyNumber:Number-118|CountryIso-|Mnc-|ServiceCategories-0|Urns-[]|Sources-10|Routing-0, EmergencyNumber:Number-119|CountryIso-|Mnc-|ServiceCategories-0|Urns-[]|Sources-10|Routing-0, EmergencyNumber:Number-120|CountryIso-|Mnc-|ServiceCategories-0|Urns-[]|Sources-10|Routing-0, EmergencyNumber:Number-999|CountryIso-|Mnc-|ServiceCategories-0|Urns-[]|Sources-10|Routing-0, EmergencyNumber:Number-122|CountryIso-|Mnc-|ServiceCategories-0|Urns-[]|Sources-10|Routing-0, EmergencyNumber:Number-000|CountryIso-|Mnc-|ServiceCategories-0|Urns-[]|Sources-10|Routing-0, EmergencyNumber:Number-911|CountryIso-|Mnc-|ServiceCategories-0|Urns-[]|Sources-10|Routing-0, EmergencyNumber:Number-*911|CountryIso-|Mnc-|ServiceCategories-0|Urns-[]|Sources-1000|Routing-0, EmergencyNumber:Number-110|CountryIso-|Mnc-|ServiceCategories-0|Urns-[]|Sources-10|Routing-0, EmergencyNumber:Number-#911|CountryIso-|Mnc-|ServiceCategories-0|Urns-[]|Sources-1000|Routing-0] [PHONE1]
02-29 14:27:09.071  1765  2781 I qcrilNrd: RIL Response bytes written:4
02-29 14:27:09.071  1765  2781 I qcrilNrd: RIL Response bytes written:385
02-29 14:27:09.071  1283  3757 D RequestManager: [RequestManager.cpp: 341] [Loc_hal_worker(1283,3757)] listenForResponses: record_stream_get_next: recordLen: 35, ret: 0, errno: 0, errStr: Success, socket fd: 36
02-29 14:27:09.071  1283  3757 D RequestManager: [RequestManager.cpp: 358] [Loc_hal_worker(1283,3757)] listenForResponses: Got a response parcel
02-29 14:27:09.071  1283  3757 D RequestManager: [RequestManager.cpp: 341] [Loc_hal_worker(1283,3757)] listenForResponses: record_stream_get_next: recordLen: 385, ret: 0, errno: 0, errStr: Success, socket fd: 36
02-29 14:27:09.071  1283  3757 D RequestManager: [RequestManager.cpp: 358] [Loc_hal_worker(1283,3757)] listenForResponses: Got a response parcel
02-29 14:27:09.071  1765  7442 I qcrilNrd: RIL Response bytes written:4
02-29 14:27:09.071  1765  7442 I qcrilNrd: RIL Response bytes written:16
02-29 14:27:09.071  1283  3757 D RequestManager: [RequestManager.cpp: 341] [Loc_hal_worker(1283,3757)] listenForResponses: record_stream_get_next: recordLen: 16, ret: 0, errno: 0, errStr: Success, socket fd: 36
02-29 14:27:09.071  1283  3757 D RequestManager: [RequestManager.cpp: 358] [Loc_hal_worker(1283,3757)] listenForResponses: Got a response parcel
02-29 14:27:09.072  3601  3658 D RILJ    : [UNSL]< UNSOL_PHYSICAL_CHANNEL_CONFIG [{mConnectionStatus=PrimaryServing,mCellBandwidthDownlinkKhz=0,mCellBandwidthUplinkKhz=0,mNetworkType=NR,mFrequencyRange=UNKNOWN,mDownlinkChannelNumber=0,mUplinkChannelNumber=0,mContextIds=[0, 0],mPhysicalCellId=0,mBand=0,mDownlinkFrequency=0,mUplinkFrequency=0}] [PHONE0]
02-29 14:27:09.072  1762  7397 I qcrilNrd: RIL Response bytes written:4
02-29 14:27:09.072  1762  7397 I qcrilNrd: RIL Response bytes written:122
02-29 14:27:09.072  1283  3755 D RequestManager: [RequestManager.cpp: 341] [Loc_hal_worker(1283,3755)] listenForResponses: record_stream_get_next: recordLen: 122, ret: 0, errno: 0, errStr: Success, socket fd: 35
02-29 14:27:09.072  1283  3755 D RequestManager: [RequestManager.cpp: 358] [Loc_hal_worker(1283,3755)] listenForResponses: Got a response parcel
