02-29 13:30:12.287  2521  3105 I wm_task_removed: [199,removeChild:removeChild last r=ActivityRecord{2f9292a u0 com.android.apps.tag/.TagViewer} t-1 f}} in t=Task{87edf27 #199 type=standard A=1027:com.android.nfc}]
02-29 13:30:12.287  2521  3105 I wm_task_removed: [199,removeChild]
02-29 13:30:12.341  2521  2893 I am_compact: [16303,com.android.apps.tag,anon,151580,94404,56248,9628,-15184,-756,-14428,14492,126,2,9973455,905,19,3339004,-14080]
02-29 13:30:13.913  2521  3246 I wm_task_created: [200,-1]
02-29 13:30:13.920  2521  3246 I wm_task_moved: [200,1,7]
02-29 13:30:13.920  2521  3246 I wm_task_to_front: [0,200]
02-29 13:30:13.920  2521  3246 I wm_create_task: [0,200]
02-29 13:30:13.920  2521  3246 I wm_create_activity: [0,202184872,200,com.android.nfc/.NfcRootActivity,NULL,NULL,NULL,276856832]
02-29 13:30:13.920  2521  3246 I wm_task_moved: [200,1,7]
02-29 13:30:13.921  2521  3246 I wm_pause_activity: [0,126596948,com.android.launcher3/.uioverrides.QuickstepLauncher,userLeaving=true,pauseBackTasks]
02-29 13:30:13.926  3697  3697 I wm_on_top_resumed_lost_called: [126596948,com.android.launcher3.uioverrides.QuickstepLauncher,topStateChangedWhenResumed]
02-29 13:30:13.927  3697  3697 I wm_on_paused_called: [126596948,com.android.launcher3.uioverrides.QuickstepLauncher,performPause]
02-29 13:30:13.928  2521  3246 I wm_restart_activity: [0,202184872,200,com.android.nfc/.NfcRootActivity]
02-29 13:30:13.929  2521  3246 I wm_set_resumed_activity: [0,com.android.nfc/.NfcRootActivity,minimalResumeActivityLocked - onActivityStateChanged]
02-29 13:30:13.930  2521  2607 I sysui_multi_action: [757,803,799,window_time_0,802,2]
02-29 13:30:13.931  2521  2611 I input_focus: [Requesting to set focus to null window,reason=UpdateInputWindows]
02-29 13:30:13.933  2521  3105 I wm_task_moved: [200,1,7]
02-29 13:30:13.933  2521  3105 I wm_create_activity: [0,107943764,200,com.android.nfc/.TechListChooserActivity,NULL,NULL,NULL,8388608]
02-29 13:30:13.934  2521  3105 I wm_pause_activity: [0,202184872,com.android.nfc/.NfcRootActivity,userLeaving=true,resumeTopActivity]
02-29 13:30:13.935  2521  3246 I wm_finish_activity: [0,202184872,200,com.android.nfc/.NfcRootActivity,app-request]
02-29 13:30:13.935  4957  4957 I wm_on_create_called: [202184872,com.android.nfc.NfcRootActivity,performCreate]
02-29 13:30:13.936  2521  3275 I wm_add_to_stopping: [0,202184872,com.android.nfc/.NfcRootActivity,completeFinishing]
02-29 13:30:13.937  2521  3275 I wm_restart_activity: [0,107943764,200,com.android.nfc/.TechListChooserActivity]
02-29 13:30:13.938  2521  3275 I wm_set_resumed_activity: [0,com.android.nfc/.TechListChooserActivity,minimalResumeActivityLocked - onActivityStateChanged]
02-29 13:30:13.938  2521  2607 I sysui_multi_action: [757,803,799,window_time_0,802,0]
02-29 13:30:13.945  2521  2912 I input_focus: [Focus leaving 2f678ac com.android.launcher3/com.android.launcher3.uioverrides.QuickstepLauncher (server),reason=Waiting for window because NOT_FOCUSABLE]
02-29 13:30:13.947  4957  4957 I sysui_multi_action: [757,453,758,4,806,android.nfc.action.TECH_DISCOVERED:null:]
02-29 13:30:13.947  4957  4957 I wm_on_create_called: [107943764,com.android.nfc.TechListChooserActivity,performCreate]
02-29 13:30:13.947  4957  4957 I wm_on_start_called: [107943764,com.android.nfc.TechListChooserActivity,handleStartActivity]
02-29 13:30:13.947  4957  4957 I wm_on_resume_called: [107943764,com.android.nfc.TechListChooserActivity,RESUME_ACTIVITY]
02-29 13:30:13.949  4957  4957 I wm_on_top_resumed_gained_called: [107943764,com.android.nfc.TechListChooserActivity,topStateChangedWhenResumed]
02-29 13:30:13.963  2521  2611 I input_focus: [Focus request b794abb com.android.nfc/com.android.nfc.TechListChooserActivity,reason=UpdateInputWindows]
02-29 13:30:13.969  2521  2607 I sysui_multi_action: [319,60,322,60,325,10106,757,761,758,8,759,2,806,com.android.nfc,871,com.android.nfc.TechListChooserActivity,904,com.android.nfc,905,0,1320,4,1321,23]
02-29 13:30:13.969  2521  2607 I wm_activity_launch_time: [0,107943764,com.android.nfc/.TechListChooserActivity,60]
02-29 13:30:13.980  2521  2912 I input_focus: [Focus entering b794abb com.android.nfc/com.android.nfc.TechListChooserActivity (server),reason=Window became focusable. Previous reason: NO_WINDOW]
02-29 13:30:14.266  2521  2610 I wm_destroy_activity: [0,202184872,200,com.android.nfc/.NfcRootActivity,finish-imm:idle]
02-29 13:30:14.267  4957  4957 I wm_on_destroy_called: [202184872,com.android.nfc.NfcRootActivity,performDestroy]
02-29 13:30:16.060  2521  2912 I input_interaction: Interaction with: b794abb com.android.nfc/com.android.nfc.TechListChooserActivity (server), PointerEventDispatcher0 (server), 
02-29 13:30:16.249  2521  3246 I wm_task_moved: [200,1,7]
02-29 13:30:16.249  2521  3246 I wm_create_activity: [0,21673177,200,com.example.android.apis/.nfc.TechFilter,android.nfc.action.TECH_DISCOVERED,NULL,NULL,54525952]
02-29 13:30:16.252  2521  3246 I wm_pause_activity: [0,107943764,com.android.nfc/.TechListChooserActivity,userLeaving=true,resumeTopActivity]
02-29 13:30:16.255  4957  4957 I sysui_multi_action: [757,457,758,4]
02-29 13:30:16.255  4957  4957 I sysui_multi_action: [757,454,758,4]
02-29 13:30:16.255  2521  3052 I wm_finish_activity: [0,107943764,200,com.android.nfc/.TechListChooserActivity,app-request]
02-29 13:30:16.259  4957  4957 I wm_on_top_resumed_lost_called: [107943764,com.android.nfc.TechListChooserActivity,topStateChangedWhenResumed]
02-29 13:30:16.260  4957  4957 I wm_on_paused_called: [107943764,com.android.nfc.TechListChooserActivity,performPause]
02-29 13:30:16.260  2521  3105 I wm_add_to_stopping: [0,107943764,com.android.nfc/.TechListChooserActivity,completeFinishing]
02-29 13:30:16.261  2521  3105 I wm_add_to_stopping: [0,126596948,com.android.launcher3/.uioverrides.QuickstepLauncher,makeInvisible]
02-29 13:30:16.261  2521  3105 I wm_restart_activity: [0,21673177,200,com.example.android.apis/.nfc.TechFilter]
02-29 13:30:16.262  2521  3105 I wm_set_resumed_activity: [0,com.example.android.apis/.nfc.TechFilter,minimalResumeActivityLocked - onActivityStateChanged]
02-29 13:30:16.262  2521  2607 I sysui_multi_action: [757,803,799,window_time_0,802,2]
02-29 13:30:16.263  2521  2611 I input_focus: [Requesting to set focus to null window,reason=UpdateInputWindows]
02-29 13:30:16.272 17199 17199 I wm_on_create_called: [21673177,com.example.android.apis.nfc.TechFilter,performCreate]
02-29 13:30:16.272 17199 17199 I wm_on_start_called: [21673177,com.example.android.apis.nfc.TechFilter,handleStartActivity]
02-29 13:30:16.273 17199 17199 I wm_on_resume_called: [21673177,com.example.android.apis.nfc.TechFilter,RESUME_ACTIVITY]
02-29 13:30:16.275 17199 17199 I wm_on_top_resumed_gained_called: [21673177,com.example.android.apis.nfc.TechFilter,topStateChangedWhenResumed]
02-29 13:30:16.284  2521  2912 I input_focus: [Focus leaving b794abb com.android.nfc/com.android.nfc.TechListChooserActivity (server),reason=Waiting for window because NOT_FOCUSABLE]
02-29 13:30:16.285  2521  2611 I input_focus: [Focus request 19d2611 com.example.android.apis/com.example.android.apis.nfc.TechFilter,reason=UpdateInputWindows]
02-29 13:30:16.296  2521  2607 I sysui_multi_action: [319,52,322,52,325,10109,757,761,758,8,759,2,806,com.example.android.apis,871,com.example.android.apis.nfc.TechFilter,904,com.android.nfc,905,0,1320,4,1321,2]
02-29 13:30:16.297  2521  2607 I wm_activity_launch_time: [0,21673177,com.example.android.apis/.nfc.TechFilter,52]
02-29 13:30:16.403  2521  2912 I input_focus: [Focus entering 19d2611 com.example.android.apis/com.example.android.apis.nfc.TechFilter (server),reason=Window became focusable. Previous reason: NOT_VISIBLE]
02-29 13:30:16.771  2521  2611 I wm_wallpaper_surface: [0,0,null]
02-29 13:30:16.777  2521  2610 I wm_stop_activity: [0,126596948,com.android.launcher3/.uioverrides.QuickstepLauncher]
02-29 13:30:16.778  2521  2610 I wm_destroy_activity: [0,107943764,200,com.android.nfc/.TechListChooserActivity,finish-imm:idle]
02-29 13:30:16.785  4957  4957 I wm_on_stop_called: [107943764,com.android.nfc.TechListChooserActivity,LIFECYCLER_STOP_ACTIVITY]
02-29 13:30:16.789  4957  4957 I wm_on_destroy_called: [107943764,com.android.nfc.TechListChooserActivity,performDestroy]
02-29 13:30:16.801  3697  3697 I wm_on_stop_called: [126596948,com.android.launcher3.uioverrides.QuickstepLauncher,STOP_ACTIVITY_ITEM]
02-29 13:30:17.230  2521  2912 I input_interaction: Interaction with: 34818e7 NavigationBar0 (server), PointerEventDispatcher0 (server), 
02-29 13:30:17.234  3137  3137 I sysui_multi_action: [757,931,758,4,759,4,932,0,933,0]
02-29 13:30:17.240  2521  2912 I input_interaction: Interaction with: 19d2611 com.example.android.apis/com.example.android.apis.nfc.TechFilter (server), PointerEventDispatcher0 (server), 
02-29 13:30:17.305  3137  3137 I sysui_multi_action: [757,931,758,4,759,4,932,0,933,1]
02-29 13:30:17.307  2521  3105 I sysui_multi_action: [757,803,799,key_back_press,802,1]
02-29 13:30:17.311  2521  3246 I wm_finish_activity: [0,21673177,200,com.example.android.apis/.nfc.TechFilter,app-request]
02-29 13:30:17.311  2521  3246 I wm_task_moved: [1,1,7]
02-29 13:30:17.312  2521  3246 I wm_task_moved: [141,1,2147483647]
02-29 13:30:17.312  2521  3246 I wm_task_to_front: [0,141]
02-29 13:30:17.312  2521  3246 I wm_focused_root_task: [0,0,1,200,finish-top adjustFocusToNextFocusableTask]
02-29 13:30:17.313  2521  3246 I wm_set_resumed_activity: [0,com.android.launcher3/.uioverrides.QuickstepLauncher,finish-top adjustFocusToNextFocusableTask]
02-29 13:30:17.324  2521  3246 I wm_pause_activity: [0,21673177,com.example.android.apis/.nfc.TechFilter,userLeaving=false,finish]
02-29 13:30:17.328 17199 17199 I wm_on_top_resumed_lost_called: [21673177,com.example.android.apis.nfc.TechFilter,topStateChangedWhenResumed]
02-29 13:30:17.328  2521  2611 I input_focus: [Requesting to set focus to null window,reason=UpdateInputWindows]
02-29 13:30:17.329 17199 17199 I wm_on_paused_called: [21673177,com.example.android.apis.nfc.TechFilter,performPause]
02-29 13:30:17.330  2521  3052 I wm_add_to_stopping: [0,21673177,com.example.android.apis/.nfc.TechFilter,completeFinishing]
02-29 13:30:17.335  2521  3052 I wm_set_resumed_activity: [0,com.android.launcher3/.uioverrides.QuickstepLauncher,resumeTopActivity - onActivityStateChanged]
02-29 13:30:17.337  2521  3052 I wm_resume_activity: [0,126596948,141,com.android.launcher3/.uioverrides.QuickstepLauncher]
02-29 13:30:17.337  3697  3697 I wm_on_restart_called: [126596948,com.android.launcher3.uioverrides.QuickstepLauncher,performRestartActivity]
02-29 13:30:17.339  2521  2607 I sysui_multi_action: [757,803,799,window_time_0,802,1]
02-29 13:30:17.340  3697  3697 I wm_on_start_called: [126596948,com.android.launcher3.uioverrides.QuickstepLauncher,handleStartActivity]
02-29 13:30:17.340  3697  3697 I wm_on_resume_called: [126596948,com.android.launcher3.uioverrides.QuickstepLauncher,RESUME_ACTIVITY]
02-29 13:30:17.341  3697  3697 I wm_on_top_resumed_gained_called: [126596948,com.android.launcher3.uioverrides.QuickstepLauncher,topWhenResuming]
02-29 13:30:17.355  2521  2912 I input_focus: [Focus leaving 19d2611 com.example.android.apis/com.example.android.apis.nfc.TechFilter (server),reason=NO_WINDOW]
02-29 13:30:17.361  2521  2611 I input_focus: [Focus request 2f678ac com.android.launcher3/com.android.launcher3.uioverrides.QuickstepLauncher,reason=UpdateInputWindows]
02-29 13:30:17.366  2521  2611 I wm_wallpaper_surface: [0,1,Window{2f678ac u0 com.android.launcher3/com.android.launcher3.uioverrides.QuickstepLauncher}]
02-29 13:30:17.404  2521  2912 I input_focus: [Focus entering 2f678ac com.android.launcher3/com.android.launcher3.uioverrides.QuickstepLauncher (server),reason=Window became focusable. Previous reason: NOT_VISIBLE]
02-29 13:30:17.724  2521  2610 I wm_destroy_activity: [0,21673177,200,com.example.android.apis/.nfc.TechFilter,finish-imm:idle]
02-29 13:30:17.760 17199 17199 I wm_on_stop_called: [21673177,com.example.android.apis.nfc.TechFilter,LIFECYCLER_STOP_ACTIVITY]
02-29 13:30:17.760 17199 17199 I wm_on_destroy_called: [21673177,com.example.android.apis.nfc.TechFilter,performDestroy]
02-29 13:30:17.765  2521  3052 I wm_task_removed: [200,removeChild:removeChild last r=ActivityRecord{14ab4d9 u0 com.example.android.apis/.nfc.TechFilter} t-1 f}} in t=Task{985479a #200 type=standard A=1027:com.android.nfc}]
02-29 13:30:17.765  2521  3052 I wm_task_removed: [200,removeChild]
02-29 13:30:17.807  2521  2893 I am_compact: [17199,com.example.android.apis,anon,141456,91916,48424,4316,-6176,76,-6252,6320,80,2,10088057,905,19,3325436,-6144]
02-29 13:30:18.192  2521  2912 I input_interaction: Interaction with: 34818e7 NavigationBar0 (server), PointerEventDispatcher0 (server), 
02-29 13:30:20.345  2521  3246 I wm_task_created: [201,-1]
02-29 13:30:20.352  2521  3246 I wm_task_moved: [201,1,7]
02-29 13:30:20.352  2521  3246 I wm_task_to_front: [0,201]
02-29 13:30:20.352  2521  3246 I wm_create_task: [0,201]
02-29 13:30:20.352  2521  3246 I wm_create_activity: [0,6375471,201,com.android.nfc/.NfcRootActivity,NULL,NULL,NULL,276856832]
02-29 13:30:20.352  2521  3246 I wm_task_moved: [201,1,7]
02-29 13:30:20.354  2521  3246 I wm_pause_activity: [0,126596948,com.android.launcher3/.uioverrides.QuickstepLauncher,userLeaving=true,pauseBackTasks]
02-29 13:30:20.358  3697  3697 I wm_on_top_resumed_lost_called: [126596948,com.android.launcher3.uioverrides.QuickstepLauncher,topStateChangedWhenResumed]
02-29 13:30:20.359  3697  3697 I wm_on_paused_called: [126596948,com.android.launcher3.uioverrides.QuickstepLauncher,performPause]
02-29 13:30:20.361  2521  3275 I wm_restart_activity: [0,6375471,201,com.android.nfc/.NfcRootActivity]
02-29 13:30:20.362  2521  3275 I wm_set_resumed_activity: [0,com.android.nfc/.NfcRootActivity,minimalResumeActivityLocked - onActivityStateChanged]
02-29 13:30:20.362  2521  2607 I sysui_multi_action: [757,803,799,window_time_0,802,3]
02-29 13:30:20.363  2521  2611 I input_focus: [Requesting to set focus to null window,reason=UpdateInputWindows]
02-29 13:30:20.364  2521  3275 I wm_task_moved: [201,1,7]
02-29 13:30:20.365  2521  3275 I wm_create_activity: [0,46413899,201,com.android.nfc/.TechListChooserActivity,NULL,NULL,NULL,8388608]
02-29 13:30:20.365  2521  3275 I wm_pause_activity: [0,6375471,com.android.nfc/.NfcRootActivity,userLeaving=true,resumeTopActivity]
02-29 13:30:20.365  2521  3246 I wm_finish_activity: [0,6375471,201,com.android.nfc/.NfcRootActivity,app-request]
02-29 13:30:20.365  4957  4957 I wm_on_create_called: [6375471,com.android.nfc.NfcRootActivity,performCreate]
02-29 13:30:20.366  2521  3105 I wm_add_to_stopping: [0,6375471,com.android.nfc/.NfcRootActivity,completeFinishing]
02-29 13:30:20.367  2521  3105 I wm_restart_activity: [0,46413899,201,com.android.nfc/.TechListChooserActivity]
02-29 13:30:20.367  2521  3105 I wm_set_resumed_activity: [0,com.android.nfc/.TechListChooserActivity,minimalResumeActivityLocked - onActivityStateChanged]
02-29 13:30:20.367  2521  2607 I sysui_multi_action: [757,803,799,window_time_0,802,0]
02-29 13:30:20.375  4957  4957 I sysui_multi_action: [757,453,758,4,806,android.nfc.action.TECH_DISCOVERED:null:]
02-29 13:30:20.375  4957  4957 I wm_on_create_called: [46413899,com.android.nfc.TechListChooserActivity,performCreate]
02-29 13:30:20.376  4957  4957 I wm_on_start_called: [46413899,com.android.nfc.TechListChooserActivity,handleStartActivity]
02-29 13:30:20.377  2521  2912 I input_focus: [Focus leaving 2f678ac com.android.launcher3/com.android.launcher3.uioverrides.QuickstepLauncher (server),reason=Waiting for window because NOT_FOCUSABLE]
02-29 13:30:20.378  4957  4957 I wm_on_resume_called: [46413899,com.android.nfc.TechListChooserActivity,RESUME_ACTIVITY]
02-29 13:30:20.380  4957  4957 I wm_on_top_resumed_gained_called: [46413899,com.android.nfc.TechListChooserActivity,topStateChangedWhenResumed]
02-29 13:30:20.395  2521  2611 I input_focus: [Focus request fe34ebe com.android.nfc/com.android.nfc.TechListChooserActivity,reason=UpdateInputWindows]
02-29 13:30:20.401  2521  2607 I sysui_multi_action: [319,60,322,59,325,10113,757,761,758,8,759,2,806,com.android.nfc,871,com.android.nfc.TechListChooserActivity,904,com.android.nfc,905,0,1320,4,1321,23]
02-29 13:30:20.401  2521  2607 I wm_activity_launch_time: [0,46413899,com.android.nfc/.TechListChooserActivity,59]
02-29 13:30:20.411  2521  2912 I input_focus: [Focus entering fe34ebe com.android.nfc/com.android.nfc.TechListChooserActivity (server),reason=setFocusedWindow]
02-29 13:30:20.698  2521  2610 I wm_destroy_activity: [0,6375471,201,com.android.nfc/.NfcRootActivity,finish-imm:idle]
02-29 13:30:20.698  4957  4957 I wm_on_destroy_called: [6375471,com.android.nfc.NfcRootActivity,performDestroy]
02-29 13:30:23.225  2521  2912 I input_interaction: Interaction with: 34818e7 NavigationBar0 (server), fe34ebe com.android.nfc/com.android.nfc.TechListChooserActivity (server), PointerEventDispatcher0 (server), 
02-29 13:30:23.232  2521  2912 I input_interaction: Interaction with: fe34ebe com.android.nfc/com.android.nfc.TechListChooserActivity (server), PointerEventDispatcher0 (server), 
02-29 13:30:23.367  2521  7537 I wm_task_moved: [201,1,7]
02-29 13:30:23.367  2521  7537 I wm_create_activity: [0,74165255,201,com.example.android.apis/.nfc.TechFilter,android.nfc.action.TECH_DISCOVERED,NULL,NULL,54525952]
02-29 13:30:23.369  2521  7537 I wm_pause_activity: [0,46413899,com.android.nfc/.TechListChooserActivity,userLeaving=true,resumeTopActivity]
02-29 13:30:23.371  4957  4957 I sysui_multi_action: [757,457,758,4]
02-29 13:30:23.371  4957  4957 I sysui_multi_action: [757,454,758,4]
02-29 13:30:23.371  2521  3202 I wm_finish_activity: [0,46413899,201,com.android.nfc/.TechListChooserActivity,app-request]
02-29 13:30:23.374  4957  4957 I wm_on_top_resumed_lost_called: [46413899,com.android.nfc.TechListChooserActivity,topStateChangedWhenResumed]
02-29 13:30:23.375  4957  4957 I wm_on_paused_called: [46413899,com.android.nfc.TechListChooserActivity,performPause]
02-29 13:30:23.375  2521  7537 I wm_add_to_stopping: [0,46413899,com.android.nfc/.TechListChooserActivity,completeFinishing]
02-29 13:30:23.376  2521  7537 I wm_add_to_stopping: [0,126596948,com.android.launcher3/.uioverrides.QuickstepLauncher,makeInvisible]
02-29 13:30:23.376  2521  7537 I wm_restart_activity: [0,74165255,201,com.example.android.apis/.nfc.TechFilter]
02-29 13:30:23.377  2521  7537 I wm_set_resumed_activity: [0,com.example.android.apis/.nfc.TechFilter,minimalResumeActivityLocked - onActivityStateChanged]
02-29 13:30:23.377  2521  2607 I sysui_multi_action: [757,803,799,window_time_0,802,3]
02-29 13:30:23.378  2521  2611 I input_focus: [Requesting to set focus to null window,reason=UpdateInputWindows]
02-29 13:30:23.385 17199 17199 I wm_on_create_called: [74165255,com.example.android.apis.nfc.TechFilter,performCreate]
02-29 13:30:23.385 17199 17199 I wm_on_start_called: [74165255,com.example.android.apis.nfc.TechFilter,handleStartActivity]
02-29 13:30:23.386 17199 17199 I wm_on_resume_called: [74165255,com.example.android.apis.nfc.TechFilter,RESUME_ACTIVITY]
02-29 13:30:23.389 17199 17199 I wm_on_top_resumed_gained_called: [74165255,com.example.android.apis.nfc.TechFilter,topStateChangedWhenResumed]
02-29 13:30:23.401  2521  2912 I input_focus: [Focus leaving fe34ebe com.android.nfc/com.android.nfc.TechListChooserActivity (server),reason=NO_WINDOW]
02-29 13:30:23.403  2521  2611 I input_focus: [Focus request 4e414ff com.example.android.apis/com.example.android.apis.nfc.TechFilter,reason=UpdateInputWindows]
02-29 13:30:23.417  2521  2607 I sysui_multi_action: [319,57,322,57,325,10116,757,761,758,8,759,2,806,com.example.android.apis,871,com.example.android.apis.nfc.TechFilter,904,com.android.nfc,905,0,1320,4,1321,2]
02-29 13:30:23.418  2521  2607 I wm_activity_launch_time: [0,74165255,com.example.android.apis/.nfc.TechFilter,57]
02-29 13:30:23.537  2521  2912 I input_focus: [Focus entering 4e414ff com.example.android.apis/com.example.android.apis.nfc.TechFilter (server),reason=Window became focusable. Previous reason: NOT_VISIBLE]
02-29 13:30:23.904  2521  2611 I wm_wallpaper_surface: [0,0,null]
02-29 13:30:23.911  2521  2610 I wm_stop_activity: [0,126596948,com.android.launcher3/.uioverrides.QuickstepLauncher]
02-29 13:30:23.911  2521  2610 I wm_destroy_activity: [0,46413899,201,com.android.nfc/.TechListChooserActivity,finish-imm:idle]
02-29 13:30:23.919  4957  4957 I wm_on_stop_called: [46413899,com.android.nfc.TechListChooserActivity,LIFECYCLER_STOP_ACTIVITY]
02-29 13:30:23.922  4957  4957 I wm_on_destroy_called: [46413899,com.android.nfc.TechListChooserActivity,performDestroy]
02-29 13:30:23.932  3697  3697 I wm_on_stop_called: [126596948,com.android.launcher3.uioverrides.QuickstepLauncher,STOP_ACTIVITY_ITEM]
02-29 13:30:24.559  2521  2912 I input_interaction: Interaction with: 34818e7 NavigationBar0 (server), PointerEventDispatcher0 (server), 
02-29 13:30:24.566  3137  3137 I sysui_multi_action: [757,931,758,4,759,3,932,0,933,0]
02-29 13:30:24.703  3137  3137 I sysui_multi_action: [757,931,758,4,759,3,932,0,933,1]
02-29 13:30:24.722  2521  2608 I wm_task_moved: [1,1,7]
02-29 13:30:24.723  2521  2608 I wm_task_moved: [141,1,2147483647]
02-29 13:30:24.723  2521  2608 I wm_task_to_front: [0,141]
02-29 13:30:24.723  2521  2608 I wm_focused_root_task: [0,0,1,201,bringingFoundTaskToFront]
02-29 13:30:24.723 17199 17199 I wm_on_top_resumed_lost_called: [74165255,com.example.android.apis.nfc.TechFilter,topStateChangedWhenResumed]
02-29 13:30:24.724  2521  2608 I wm_set_resumed_activity: [0,com.android.launcher3/.uioverrides.QuickstepLauncher,bringingFoundTaskToFront]
02-29 13:30:24.724  2521  2608 I wm_new_intent: [0,126596948,141,com.android.launcher3/.uioverrides.QuickstepLauncher,android.intent.action.MAIN,NULL,NULL,268435712]
02-29 13:30:24.725  2521  2608 I wm_pause_activity: [0,74165255,com.example.android.apis/.nfc.TechFilter,userLeaving=true,pauseBackTasks]
02-29 13:30:24.726  2521  2608 I wm_add_to_stopping: [0,74165255,com.example.android.apis/.nfc.TechFilter,makeInvisible]
02-29 13:30:24.727  2521  2608 I wm_set_resumed_activity: [0,com.android.launcher3/.uioverrides.QuickstepLauncher,resumeTopActivity - onActivityStateChanged]
02-29 13:30:24.727  2521  2607 I sysui_multi_action: [757,803,799,window_time_0,802,2]
02-29 13:30:24.728  2521  2608 I wm_resume_activity: [0,126596948,141,com.android.launcher3/.uioverrides.QuickstepLauncher]
02-29 13:30:24.730  3697  3697 I wm_on_restart_called: [126596948,com.android.launcher3.uioverrides.QuickstepLauncher,performRestartActivity]
02-29 13:30:24.731  2521  2611 I input_focus: [Requesting to set focus to null window,reason=UpdateInputWindows]
02-29 13:30:24.731  3697  3697 I wm_on_start_called: [126596948,com.android.launcher3.uioverrides.QuickstepLauncher,handleStartActivity]
02-29 13:30:24.732 17199 17199 I wm_on_paused_called: [74165255,com.example.android.apis.nfc.TechFilter,performPause]
02-29 13:30:24.733  3697  3697 I wm_on_resume_called: [126596948,com.android.launcher3.uioverrides.QuickstepLauncher,RESUME_ACTIVITY]
02-29 13:30:24.743  2521  2611 I input_focus: [Focus request 2f678ac com.android.launcher3/com.android.launcher3.uioverrides.QuickstepLauncher,reason=UpdateInputWindows]
02-29 13:30:24.748  3697  3697 I wm_on_top_resumed_gained_called: [126596948,com.android.launcher3.uioverrides.QuickstepLauncher,topStateChangedWhenResumed]
02-29 13:30:24.749  2521  2611 I wm_wallpaper_surface: [0,1,Window{2f678ac u0 com.android.launcher3/com.android.launcher3.uioverrides.QuickstepLauncher}]
02-29 13:30:24.756  2521  2912 I input_focus: [Focus leaving 4e414ff com.example.android.apis/com.example.android.apis.nfc.TechFilter (server),reason=Waiting for window because NOT_FOCUSABLE]
02-29 13:30:24.766  2521  2607 I sysui_multi_action: [319,47,322,37,325,10117,757,761,758,9,759,2,806,com.android.launcher3,871,com.android.launcher3.uioverrides.QuickstepLauncher,905,0,1320,4,1321,23]
02-29 13:30:24.790  2521  2912 I input_focus: [Focus entering 2f678ac com.android.launcher3/com.android.launcher3.uioverrides.QuickstepLauncher (server),reason=Window became focusable. Previous reason: NOT_VISIBLE]
02-29 13:30:25.113  2521  2610 I wm_stop_activity: [0,74165255,com.example.android.apis/.nfc.TechFilter]
02-29 13:30:25.132 17199 17199 I wm_on_stop_called: [74165255,com.example.android.apis.nfc.TechFilter,STOP_ACTIVITY_ITEM]
02-29 13:30:25.615  2521  2912 I input_interaction: Interaction with: 2f678ac com.android.launcher3/com.android.launcher3.uioverrides.QuickstepLauncher (server), fff67cf com.android.systemui.wallpapers.ImageWallpaper (server), PointerEventDispatcher0 (server), 
02-29 13:30:25.913  2521  7537 I wm_task_moved: [201,1,7]
02-29 13:30:25.913  2521  7537 I wm_task_to_front: [0,201]
02-29 13:30:25.914  2521  7537 I wm_focused_root_task: [0,0,201,1,bringingFoundTaskToFront]
02-29 13:30:25.915  3697  3697 I wm_on_top_resumed_lost_called: [126596948,com.android.launcher3.uioverrides.QuickstepLauncher,topStateChangedWhenResumed]
02-29 13:30:25.915  2521  7537 I wm_set_resumed_activity: [0,com.example.android.apis/.nfc.TechFilter,bringingFoundTaskToFront]
02-29 13:30:25.917  2521  7537 I wm_destroy_activity: [0,74165255,201,com.example.android.apis/.nfc.TechFilter,finish-imm:clear-task-all]
02-29 13:30:25.920 17199 17199 I wm_on_destroy_called: [74165255,com.example.android.apis.nfc.TechFilter,performDestroy]
02-29 13:30:25.921  2521  7537 I wm_task_moved: [201,1,7]
02-29 13:30:25.921  2521  7537 I wm_create_activity: [0,15341453,201,com.android.nfc/.NfcRootActivity,NULL,NULL,NULL,281051136]
02-29 13:30:25.922  2521  7537 I wm_pause_activity: [0,126596948,com.android.launcher3/.uioverrides.QuickstepLauncher,userLeaving=true,pauseBackTasks]
02-29 13:30:25.923  2521  2611 I input_focus: [Requesting to set focus to null window,reason=UpdateInputWindows]
02-29 13:30:25.924  3697  3697 I wm_on_paused_called: [126596948,com.android.launcher3.uioverrides.QuickstepLauncher,performPause]
02-29 13:30:25.927  2521  3275 I wm_restart_activity: [0,15341453,201,com.android.nfc/.NfcRootActivity]
02-29 13:30:25.927  2521  3275 I wm_set_resumed_activity: [0,com.android.nfc/.NfcRootActivity,minimalResumeActivityLocked - onActivityStateChanged]
02-29 13:30:25.928  2521  2607 I sysui_multi_action: [757,803,799,window_time_0,802,1]
02-29 13:30:25.933  2521  3246 I wm_task_moved: [201,1,7]
02-29 13:30:25.933  2521  3246 I wm_create_activity: [0,135499708,201,com.android.nfc/.TechListChooserActivity,NULL,NULL,NULL,8388608]
02-29 13:30:25.933  2521  3246 I wm_pause_activity: [0,15341453,com.android.nfc/.NfcRootActivity,userLeaving=true,resumeTopActivity]
02-29 13:30:25.934  2521  3275 I wm_finish_activity: [0,15341453,201,com.android.nfc/.NfcRootActivity,app-request]
02-29 13:30:25.934  4957  4957 I wm_on_create_called: [15341453,com.android.nfc.NfcRootActivity,performCreate]
02-29 13:30:25.935  2521  3275 I wm_add_to_stopping: [0,15341453,com.android.nfc/.NfcRootActivity,completeFinishing]
02-29 13:30:25.936  2521  3275 I wm_restart_activity: [0,135499708,201,com.android.nfc/.TechListChooserActivity]
02-29 13:30:25.937  2521  3275 I wm_set_resumed_activity: [0,com.android.nfc/.TechListChooserActivity,minimalResumeActivityLocked - onActivityStateChanged]
02-29 13:30:25.937  2521  2607 I sysui_multi_action: [757,803,799,window_time_0,802,0]
02-29 13:30:25.941  2521  2912 I input_focus: [Focus leaving 2f678ac com.android.launcher3/com.android.launcher3.uioverrides.QuickstepLauncher (server),reason=Waiting for window because NOT_FOCUSABLE]
02-29 13:30:25.945  4957  4957 I sysui_multi_action: [757,453,758,4,806,android.nfc.action.TECH_DISCOVERED:null:]
02-29 13:30:25.946  4957  4957 I wm_on_create_called: [135499708,com.android.nfc.TechListChooserActivity,performCreate]
02-29 13:30:25.946  4957  4957 I wm_on_start_called: [135499708,com.android.nfc.TechListChooserActivity,handleStartActivity]
02-29 13:30:25.946  4957  4957 I wm_on_resume_called: [135499708,com.android.nfc.TechListChooserActivity,RESUME_ACTIVITY]
02-29 13:30:25.947  4957  4957 I wm_on_top_resumed_gained_called: [135499708,com.android.nfc.TechListChooserActivity,topStateChangedWhenResumed]
02-29 13:30:25.958  2521  2611 I input_focus: [Focus request 5e47543 com.android.nfc/com.android.nfc.TechListChooserActivity,reason=UpdateInputWindows]
02-29 13:30:25.964  2521  2607 I sysui_multi_action: [319,55,322,54,325,10118,757,761,758,8,759,2,806,com.android.nfc,871,com.android.nfc.TechListChooserActivity,904,com.android.nfc,905,0,1320,4,1321,23]
02-29 13:30:25.964  2521  2607 I wm_activity_launch_time: [0,135499708,com.android.nfc/.TechListChooserActivity,54]
02-29 13:30:25.976  2521  2912 I input_focus: [Focus entering 5e47543 com.android.nfc/com.android.nfc.TechListChooserActivity (server),reason=Window became focusable. Previous reason: NO_WINDOW]
02-29 13:30:26.261  2521  2610 I wm_destroy_activity: [0,15341453,201,com.android.nfc/.NfcRootActivity,finish-imm:idle]
02-29 13:30:26.262  4957  4957 I wm_on_destroy_called: [15341453,com.android.nfc.NfcRootActivity,performDestroy]
02-29 13:30:28.145  2521  2912 I input_interaction: Interaction with: 5e47543 com.android.nfc/com.android.nfc.TechListChooserActivity (server), PointerEventDispatcher0 (server), 
02-29 13:30:28.166  2521  3052 I wm_task_moved: [201,1,7]
02-29 13:30:28.166  2521  3052 I wm_create_activity: [0,253761451,201,com.example.android.apis/.nfc.TechFilter,android.nfc.action.TECH_DISCOVERED,NULL,NULL,54525952]
02-29 13:30:28.167  2521  3052 I wm_pause_activity: [0,135499708,com.android.nfc/.TechListChooserActivity,userLeaving=true,resumeTopActivity]
02-29 13:30:28.169  4957  4957 I sysui_multi_action: [757,457,758,4]
02-29 13:30:28.169  4957  4957 I sysui_multi_action: [757,454,758,4]
02-29 13:30:28.169  2521  7537 I wm_finish_activity: [0,135499708,201,com.android.nfc/.TechListChooserActivity,app-request]
02-29 13:30:28.173  4957  4957 I wm_on_top_resumed_lost_called: [135499708,com.android.nfc.TechListChooserActivity,topStateChangedWhenResumed]
02-29 13:30:28.173  4957  4957 I wm_on_paused_called: [135499708,com.android.nfc.TechListChooserActivity,performPause]
02-29 13:30:28.173  2521  3246 I wm_add_to_stopping: [0,135499708,com.android.nfc/.TechListChooserActivity,completeFinishing]
02-29 13:30:28.175  2521  3246 I wm_add_to_stopping: [0,126596948,com.android.launcher3/.uioverrides.QuickstepLauncher,makeInvisible]
02-29 13:30:28.175  2521  3246 I wm_restart_activity: [0,253761451,201,com.example.android.apis/.nfc.TechFilter]
02-29 13:30:28.176  2521  3246 I wm_set_resumed_activity: [0,com.example.android.apis/.nfc.TechFilter,minimalResumeActivityLocked - onActivityStateChanged]
02-29 13:30:28.181  2521  2607 I sysui_multi_action: [757,803,799,window_time_0,802,2]
02-29 13:30:28.182  2521  2611 I input_focus: [Requesting to set focus to null window,reason=UpdateInputWindows]
02-29 13:30:28.186 17199 17199 I wm_on_create_called: [253761451,com.example.android.apis.nfc.TechFilter,performCreate]
02-29 13:30:28.187 17199 17199 I wm_on_start_called: [253761451,com.example.android.apis.nfc.TechFilter,handleStartActivity]
02-29 13:30:28.187 17199 17199 I wm_on_resume_called: [253761451,com.example.android.apis.nfc.TechFilter,RESUME_ACTIVITY]
02-29 13:30:28.190 17199 17199 I wm_on_top_resumed_gained_called: [253761451,com.example.android.apis.nfc.TechFilter,topStateChangedWhenResumed]
02-29 13:30:28.196  2521  2912 I input_focus: [Focus leaving 5e47543 com.android.nfc/com.android.nfc.TechListChooserActivity (server),reason=NO_WINDOW]
02-29 13:30:28.197  2521  2611 I input_focus: [Focus request 87dd123 com.example.android.apis/com.example.android.apis.nfc.TechFilter,reason=UpdateInputWindows]
02-29 13:30:28.205  2521  2607 I sysui_multi_action: [319,45,322,45,325,10120,757,761,758,8,759,2,806,com.example.android.apis,871,com.example.android.apis.nfc.TechFilter,904,com.android.nfc,905,0,1320,4,1321,2]
02-29 13:30:28.206  2521  2607 I wm_activity_launch_time: [0,253761451,com.example.android.apis/.nfc.TechFilter,45]
02-29 13:30:28.315  2521  2912 I input_focus: [Focus entering 87dd123 com.example.android.apis/com.example.android.apis.nfc.TechFilter (server),reason=Window became focusable. Previous reason: NOT_VISIBLE]
02-29 13:30:28.686  2521  2610 I wm_destroy_activity: [0,135499708,201,com.android.nfc/.TechListChooserActivity,finish-imm:idle]
02-29 13:30:28.687  2521  2610 I wm_stop_activity: [0,126596948,com.android.launcher3/.uioverrides.QuickstepLauncher]
02-29 13:30:28.691  2521  2611 I wm_wallpaper_surface: [0,0,null]
02-29 13:30:28.701  4957  4957 I wm_on_stop_called: [135499708,com.android.nfc.TechListChooserActivity,LIFECYCLER_STOP_ACTIVITY]
02-29 13:30:28.704  4957  4957 I wm_on_destroy_called: [135499708,com.android.nfc.TechListChooserActivity,performDestroy]
02-29 13:30:28.709  3697  3697 I wm_on_stop_called: [126596948,com.android.launcher3.uioverrides.QuickstepLauncher,STOP_ACTIVITY_ITEM]
02-29 13:30:29.419  2521  2912 I input_interaction: Interaction with: 34818e7 NavigationBar0 (server), PointerEventDispatcher0 (server), 
02-29 13:30:29.422  3137  3137 I sysui_multi_action: [757,931,758,4,759,4,932,0,933,0]
02-29 13:30:29.426  2521  2912 I input_interaction: Interaction with: 87dd123 com.example.android.apis/com.example.android.apis.nfc.TechFilter (server), PointerEventDispatcher0 (server), 
02-29 13:30:29.445  2521  2912 I input_interaction: Interaction with: 34818e7 NavigationBar0 (server), PointerEventDispatcher0 (server), 
02-29 13:30:29.536  3137  3137 I sysui_multi_action: [757,931,758,4,759,4,932,0,933,1]
02-29 13:30:29.538  2521  7537 I sysui_multi_action: [757,803,799,key_back_press,802,1]
02-29 13:30:29.546  2521  3246 I wm_finish_activity: [0,253761451,201,com.example.android.apis/.nfc.TechFilter,app-request]
02-29 13:30:29.547  2521  3246 I wm_task_moved: [1,1,7]
02-29 13:30:29.549  2521  3246 I wm_task_moved: [141,1,2147483647]
02-29 13:30:29.549  2521  3246 I wm_task_to_front: [0,141]
02-29 13:30:29.549  2521  3246 I wm_focused_root_task: [0,0,1,201,finish-top adjustFocusToNextFocusableTask]
02-29 13:30:29.550  2521  3246 I wm_set_resumed_activity: [0,com.android.launcher3/.uioverrides.QuickstepLauncher,finish-top adjustFocusToNextFocusableTask]
02-29 13:30:29.565  2521  3246 I wm_pause_activity: [0,253761451,com.example.android.apis/.nfc.TechFilter,userLeaving=false,finish]
02-29 13:30:29.570 17199 17199 I wm_on_top_resumed_lost_called: [253761451,com.example.android.apis.nfc.TechFilter,topStateChangedWhenResumed]
02-29 13:30:29.570  2521  2611 I input_focus: [Requesting to set focus to null window,reason=UpdateInputWindows]
02-29 13:30:29.571 17199 17199 I wm_on_paused_called: [253761451,com.example.android.apis.nfc.TechFilter,performPause]
02-29 13:30:29.572  2521  3275 I wm_add_to_stopping: [0,253761451,com.example.android.apis/.nfc.TechFilter,completeFinishing]
02-29 13:30:29.578  2521  3275 I wm_set_resumed_activity: [0,com.android.launcher3/.uioverrides.QuickstepLauncher,resumeTopActivity - onActivityStateChanged]
02-29 13:30:29.579  2521  3275 I wm_resume_activity: [0,126596948,141,com.android.launcher3/.uioverrides.QuickstepLauncher]
02-29 13:30:29.580  3697  3697 I wm_on_restart_called: [126596948,com.android.launcher3.uioverrides.QuickstepLauncher,performRestartActivity]
02-29 13:30:29.581  2521  2607 I sysui_multi_action: [757,803,799,window_time_0,802,2]
02-29 13:30:29.581  3697  3697 I wm_on_start_called: [126596948,com.android.launcher3.uioverrides.QuickstepLauncher,handleStartActivity]
02-29 13:30:29.582  3697  3697 I wm_on_resume_called: [126596948,com.android.launcher3.uioverrides.QuickstepLauncher,RESUME_ACTIVITY]
02-29 13:30:29.582  3697  3697 I wm_on_top_resumed_gained_called: [126596948,com.android.launcher3.uioverrides.QuickstepLauncher,topWhenResuming]
02-29 13:30:29.597  2521  2611 I input_focus: [Focus request 2f678ac com.android.launcher3/com.android.launcher3.uioverrides.QuickstepLauncher,reason=UpdateInputWindows]
02-29 13:30:29.600  2521  2912 I input_focus: [Focus leaving 87dd123 com.example.android.apis/com.example.android.apis.nfc.TechFilter (server),reason=Waiting for window because NOT_FOCUSABLE]
02-29 13:30:29.602  2521  2611 I wm_wallpaper_surface: [0,1,Window{2f678ac u0 com.android.launcher3/com.android.launcher3.uioverrides.QuickstepLauncher}]
02-29 13:30:29.633  2521  2912 I input_focus: [Focus entering 2f678ac com.android.launcher3/com.android.launcher3.uioverrides.QuickstepLauncher (server),reason=Window became focusable. Previous reason: NOT_VISIBLE]
02-29 13:30:29.954  2521  2610 I wm_destroy_activity: [0,253761451,201,com.example.android.apis/.nfc.TechFilter,finish-imm:idle]
02-29 13:30:29.975 17199 17199 I wm_on_stop_called: [253761451,com.example.android.apis.nfc.TechFilter,LIFECYCLER_STOP_ACTIVITY]
02-29 13:30:29.976 17199 17199 I wm_on_destroy_called: [253761451,com.example.android.apis.nfc.TechFilter,performDestroy]
02-29 13:30:29.979  2521  3202 I wm_task_removed: [201,removeChild:removeChild last r=ActivityRecord{f2017ab u0 com.example.android.apis/.nfc.TechFilter} t-1 f}} in t=Task{57f2409 #201 type=standard A=1027:com.android.nfc}]
02-29 13:30:29.979  2521  3202 I wm_task_removed: [201,removeChild]
02-29 13:30:31.096  2521  3275 I wm_task_created: [202,-1]
02-29 13:30:31.105  2521  3275 I wm_task_moved: [202,1,7]
02-29 13:30:31.105  2521  3275 I wm_task_to_front: [0,202]
02-29 13:30:31.105  3697  3697 I wm_on_top_resumed_lost_called: [126596948,com.android.launcher3.uioverrides.QuickstepLauncher,topStateChangedWhenResumed]
02-29 13:30:31.106  2521  3275 I wm_create_task: [0,202]
02-29 13:30:31.106  2521  3275 I wm_create_activity: [0,34595537,202,com.android.nfc/.NfcRootActivity,NULL,NULL,NULL,276856832]
02-29 13:30:31.106  2521  3275 I wm_task_moved: [202,1,7]
02-29 13:30:31.108  2521  3275 I wm_pause_activity: [0,126596948,com.android.launcher3/.uioverrides.QuickstepLauncher,userLeaving=true,pauseBackTasks]
02-29 13:30:31.110  3697  3697 I wm_on_paused_called: [126596948,com.android.launcher3.uioverrides.QuickstepLauncher,performPause]
02-29 13:30:31.112  2521  3052 I wm_restart_activity: [0,34595537,202,com.android.nfc/.NfcRootActivity]
02-29 13:30:31.113  2521  3052 I wm_set_resumed_activity: [0,com.android.nfc/.NfcRootActivity,minimalResumeActivityLocked - onActivityStateChanged]
02-29 13:30:31.113  2521  2607 I sysui_multi_action: [757,803,799,window_time_0,802,1]
02-29 13:30:31.114  2521  2611 I input_focus: [Requesting to set focus to null window,reason=UpdateInputWindows]
02-29 13:30:31.116  2521  3246 I wm_task_moved: [202,1,7]
02-29 13:30:31.117  2521  3246 I wm_create_activity: [0,165600013,202,com.android.nfc/.TechListChooserActivity,NULL,NULL,NULL,8388608]
02-29 13:30:31.117  2521  3246 I wm_pause_activity: [0,34595537,com.android.nfc/.NfcRootActivity,userLeaving=true,resumeTopActivity]
02-29 13:30:31.118  2521  3275 I wm_finish_activity: [0,34595537,202,com.android.nfc/.NfcRootActivity,app-request]
02-29 13:30:31.118  4957  4957 I wm_on_create_called: [34595537,com.android.nfc.NfcRootActivity,performCreate]
02-29 13:30:31.119  2521  3246 I wm_add_to_stopping: [0,34595537,com.android.nfc/.NfcRootActivity,completeFinishing]
02-29 13:30:31.120  2521  2912 I input_focus: [Focus leaving 2f678ac com.android.launcher3/com.android.launcher3.uioverrides.QuickstepLauncher (server),reason=Waiting for window because NOT_FOCUSABLE]
02-29 13:30:31.120  2521  3246 I wm_restart_activity: [0,165600013,202,com.android.nfc/.TechListChooserActivity]
02-29 13:30:31.121  2521  3246 I wm_set_resumed_activity: [0,com.android.nfc/.TechListChooserActivity,minimalResumeActivityLocked - onActivityStateChanged]
02-29 13:30:31.121  2521  2607 I sysui_multi_action: [757,803,799,window_time_0,802,0]
02-29 13:30:31.130  4957  4957 I sysui_multi_action: [757,453,758,4,806,android.nfc.action.TECH_DISCOVERED:null:]
02-29 13:30:31.130  4957  4957 I wm_on_create_called: [165600013,com.android.nfc.TechListChooserActivity,performCreate]
02-29 13:30:31.130  4957  4957 I wm_on_start_called: [165600013,com.android.nfc.TechListChooserActivity,handleStartActivity]
02-29 13:30:31.130  4957  4957 I wm_on_resume_called: [165600013,com.android.nfc.TechListChooserActivity,RESUME_ACTIVITY]
02-29 13:30:31.132  4957  4957 I wm_on_top_resumed_gained_called: [165600013,com.android.nfc.TechListChooserActivity,topStateChangedWhenResumed]
02-29 13:30:31.138  2521  2611 I input_focus: [Focus request e25d528 com.android.nfc/com.android.nfc.TechListChooserActivity,reason=UpdateInputWindows]
02-29 13:30:31.141  2521  3202 I wm_destroy_activity: [0,34595537,202,com.android.nfc/.NfcRootActivity,finish-imm:idle]
02-29 13:30:31.143  2521  2607 I sysui_multi_action: [319,53,322,52,325,10123,757,761,758,8,759,2,806,com.android.nfc,871,com.android.nfc.TechListChooserActivity,904,com.android.nfc,905,0,1320,4,1321,23]
02-29 13:30:31.144  2521  2607 I wm_activity_launch_time: [0,165600013,com.android.nfc/.TechListChooserActivity,52]
02-29 13:30:31.154  2521  2912 I input_focus: [Focus entering e25d528 com.android.nfc/com.android.nfc.TechListChooserActivity (server),reason=Window became focusable. Previous reason: NO_WINDOW]
02-29 13:30:31.155  4957  4957 I wm_on_destroy_called: [34595537,com.android.nfc.NfcRootActivity,performDestroy]
02-29 13:30:32.489  2521  2912 I input_interaction: Interaction with: e25d528 com.android.nfc/com.android.nfc.TechListChooserActivity (server), PointerEventDispatcher0 (server), 
02-29 13:30:32.507  2521  3052 I wm_task_moved: [202,1,7]
02-29 13:30:32.507  2521  3052 I wm_create_activity: [0,194957801,202,com.example.android.apis/.nfc.TechFilter,android.nfc.action.TECH_DISCOVERED,NULL,NULL,54525952]
02-29 13:30:32.509  2521  3052 I wm_pause_activity: [0,165600013,com.android.nfc/.TechListChooserActivity,userLeaving=true,resumeTopActivity]
02-29 13:30:32.516  4957  4957 I sysui_multi_action: [757,457,758,4]
02-29 13:30:32.516  4957  4957 I sysui_multi_action: [757,454,758,4]
02-29 13:30:32.516  2521  3202 I wm_finish_activity: [0,165600013,202,com.android.nfc/.TechListChooserActivity,app-request]
02-29 13:30:32.520  4957  4957 I wm_on_top_resumed_lost_called: [165600013,com.android.nfc.TechListChooserActivity,topStateChangedWhenResumed]
02-29 13:30:32.520  4957  4957 I wm_on_paused_called: [165600013,com.android.nfc.TechListChooserActivity,performPause]
02-29 13:30:32.520  2521  3246 I wm_add_to_stopping: [0,165600013,com.android.nfc/.TechListChooserActivity,completeFinishing]
02-29 13:30:32.521  2521  3246 I wm_add_to_stopping: [0,126596948,com.android.launcher3/.uioverrides.QuickstepLauncher,makeInvisible]
02-29 13:30:32.521  2521  3246 I wm_restart_activity: [0,194957801,202,com.example.android.apis/.nfc.TechFilter]
02-29 13:30:32.522  2521  3246 I wm_set_resumed_activity: [0,com.example.android.apis/.nfc.TechFilter,minimalResumeActivityLocked - onActivityStateChanged]
02-29 13:30:32.522  2521  2607 I sysui_multi_action: [757,803,799,window_time_0,802,2]
02-29 13:30:32.523  2521  2611 I input_focus: [Requesting to set focus to null window,reason=UpdateInputWindows]
02-29 13:30:32.527 17199 17199 I wm_on_create_called: [194957801,com.example.android.apis.nfc.TechFilter,performCreate]
02-29 13:30:32.527 17199 17199 I wm_on_start_called: [194957801,com.example.android.apis.nfc.TechFilter,handleStartActivity]
02-29 13:30:32.528 17199 17199 I wm_on_resume_called: [194957801,com.example.android.apis.nfc.TechFilter,RESUME_ACTIVITY]
02-29 13:30:32.530 17199 17199 I wm_on_top_resumed_gained_called: [194957801,com.example.android.apis.nfc.TechFilter,topStateChangedWhenResumed]
02-29 13:30:32.543  2521  2611 I input_focus: [Focus request 295d521 com.example.android.apis/com.example.android.apis.nfc.TechFilter,reason=UpdateInputWindows]
02-29 13:30:32.550  2521  2607 I sysui_multi_action: [319,50,322,49,325,10125,757,761,758,8,759,2,806,com.example.android.apis,871,com.example.android.apis.nfc.TechFilter,904,com.android.nfc,905,0,1320,4,1321,2]
02-29 13:30:32.551  2521  2607 I wm_activity_launch_time: [0,194957801,com.example.android.apis/.nfc.TechFilter,49]
02-29 13:30:32.559  2521  2912 I input_focus: [Focus leaving e25d528 com.android.nfc/com.android.nfc.TechListChooserActivity (server),reason=NO_WINDOW]
02-29 13:30:32.659  2521  2912 I input_focus: [Focus entering 295d521 com.example.android.apis/com.example.android.apis.nfc.TechFilter (server),reason=Window became focusable. Previous reason: NOT_VISIBLE]
02-29 13:30:32.736  2521  2912 I input_interaction: Interaction with: Letterbox_bottom_ActivityRecord{b9ed1e9 u0 com.example.android.apis/.nfc.TechFilter} t202} (server), PointerEventDispatcher0 (server), 
02-29 13:30:33.026  2521  2610 I wm_stop_activity: [0,126596948,com.android.launcher3/.uioverrides.QuickstepLauncher]
02-29 13:30:33.030  2521  2610 I wm_destroy_activity: [0,165600013,202,com.android.nfc/.TechListChooserActivity,finish-imm:idle]
02-29 13:30:33.032  2521  2611 I wm_wallpaper_surface: [0,0,null]
02-29 13:30:33.043  4957  4957 I wm_on_stop_called: [165600013,com.android.nfc.TechListChooserActivity,LIFECYCLER_STOP_ACTIVITY]
02-29 13:30:33.047  4957  4957 I wm_on_destroy_called: [165600013,com.android.nfc.TechListChooserActivity,performDestroy]
02-29 13:30:33.053  3697  3697 I wm_on_stop_called: [126596948,com.android.launcher3.uioverrides.QuickstepLauncher,STOP_ACTIVITY_ITEM]
02-29 13:30:34.331  2521  2912 I input_interaction: Interaction with: 34818e7 NavigationBar0 (server), PointerEventDispatcher0 (server), 
02-29 13:30:34.346  2521  2893 I am_freeze: [5224,android.process.media]
02-29 13:30:34.934  3137  3137 I sysui_multi_action: [757,931,758,4,759,4,932,0,933,0]
02-29 13:30:34.941  2521  2912 I input_interaction: Interaction with: 295d521 com.example.android.apis/com.example.android.apis.nfc.TechFilter (server), PointerEventDispatcher0 (server), 
02-29 13:30:34.994  2521  2912 I input_interaction: Interaction with: 34818e7 NavigationBar0 (server), PointerEventDispatcher0 (server), 
02-29 13:30:35.028  3137  3137 I sysui_multi_action: [757,931,758,4,759,4,932,0,933,1]
02-29 13:30:35.028  2521  3202 I sysui_multi_action: [757,803,799,key_back_press,802,1]
02-29 13:30:35.031  2521  3202 I wm_finish_activity: [0,194957801,202,com.example.android.apis/.nfc.TechFilter,app-request]
02-29 13:30:35.032  2521  3202 I wm_task_moved: [1,1,7]
02-29 13:30:35.033  2521  3202 I wm_task_moved: [141,1,2147483647]
02-29 13:30:35.033  2521  3202 I wm_task_to_front: [0,141]
02-29 13:30:35.033  2521  3202 I wm_focused_root_task: [0,0,1,202,finish-top adjustFocusToNextFocusableTask]
02-29 13:30:35.033  2521  3202 I wm_set_resumed_activity: [0,com.android.launcher3/.uioverrides.QuickstepLauncher,finish-top adjustFocusToNextFocusableTask]
02-29 13:30:35.044  2521  3202 I wm_pause_activity: [0,194957801,com.example.android.apis/.nfc.TechFilter,userLeaving=false,finish]
02-29 13:30:35.047 17199 17199 I wm_on_top_resumed_lost_called: [194957801,com.example.android.apis.nfc.TechFilter,topStateChangedWhenResumed]
02-29 13:30:35.047  2521  2611 I input_focus: [Requesting to set focus to null window,reason=UpdateInputWindows]
02-29 13:30:35.048 17199 17199 I wm_on_paused_called: [194957801,com.example.android.apis.nfc.TechFilter,performPause]
02-29 13:30:35.049  2521  3202 I wm_add_to_stopping: [0,194957801,com.example.android.apis/.nfc.TechFilter,completeFinishing]
02-29 13:30:35.050  2521  3202 I wm_set_resumed_activity: [0,com.android.launcher3/.uioverrides.QuickstepLauncher,resumeTopActivity - onActivityStateChanged]
02-29 13:30:35.051  2521  3202 I wm_resume_activity: [0,126596948,141,com.android.launcher3/.uioverrides.QuickstepLauncher]
02-29 13:30:35.051  2521  2607 I sysui_multi_action: [757,803,799,window_time_0,802,2]
02-29 13:30:35.052  3697  3697 I wm_on_restart_called: [126596948,com.android.launcher3.uioverrides.QuickstepLauncher,performRestartActivity]
02-29 13:30:35.052  3697  3697 I wm_on_start_called: [126596948,com.android.launcher3.uioverrides.QuickstepLauncher,handleStartActivity]
02-29 13:30:35.052  3697  3697 I wm_on_resume_called: [126596948,com.android.launcher3.uioverrides.QuickstepLauncher,RESUME_ACTIVITY]
02-29 13:30:35.052  3697  3697 I wm_on_top_resumed_gained_called: [126596948,com.android.launcher3.uioverrides.QuickstepLauncher,topWhenResuming]
02-29 13:30:35.065  2521  2912 I input_focus: [Focus leaving 295d521 com.example.android.apis/com.example.android.apis.nfc.TechFilter (server),reason=NO_WINDOW]
02-29 13:30:35.070  2521  2611 I input_focus: [Focus request 2f678ac com.android.launcher3/com.android.launcher3.uioverrides.QuickstepLauncher,reason=UpdateInputWindows]
02-29 13:30:35.074  2521  2611 I wm_wallpaper_surface: [0,1,Window{2f678ac u0 com.android.launcher3/com.android.launcher3.uioverrides.QuickstepLauncher}]
02-29 13:30:35.097  2521  2912 I input_focus: [Focus entering 2f678ac com.android.launcher3/com.android.launcher3.uioverrides.QuickstepLauncher (server),reason=Window became focusable. Previous reason: NOT_VISIBLE]
02-29 13:30:35.417  2521  2610 I wm_destroy_activity: [0,194957801,202,com.example.android.apis/.nfc.TechFilter,finish-imm:idle]
02-29 13:30:35.448  2521  2912 I input_interaction: Interaction with: 2f678ac com.android.launcher3/com.android.launcher3.uioverrides.QuickstepLauncher (server), fff67cf com.android.systemui.wallpapers.ImageWallpaper (server), PointerEventDispatcher0 (server), 
02-29 13:30:35.467 17199 17199 I wm_on_stop_called: [194957801,com.example.android.apis.nfc.TechFilter,LIFECYCLER_STOP_ACTIVITY]
02-29 13:30:35.468 17199 17199 I wm_on_destroy_called: [194957801,com.example.android.apis.nfc.TechFilter,performDestroy]
02-29 13:30:35.473  2521  3246 I wm_task_removed: [202,removeChild:removeChild last r=ActivityRecord{b9ed1e9 u0 com.example.android.apis/.nfc.TechFilter} t-1 f}} in t=Task{6d8815b #202 type=standard A=1027:com.android.nfc}]
02-29 13:30:35.473  2521  3246 I wm_task_removed: [202,removeChild]
