02-29 11:02:27.039  2521  5635 I wm_add_to_stopping: [0,126596948,com.android.launcher3/.uioverrides.QuickstepLauncher,makeInvisible]
02-29 11:02:27.039  2521  2611 I input_focus: [Requesting to set focus to null window,reason=UpdateInputWindows]
02-29 11:02:27.040  3697  3697 I wm_on_paused_called: [126596948,com.android.launcher3.uioverrides.QuickstepLauncher,performPause]
02-29 11:02:27.040  2521  5635 I sysui_multi_action: [757,127,758,1]
02-29 11:02:27.040  2521  5635 I sysui_multi_action: [757,804,799,note_load,801,3,802,1]
02-29 11:02:27.040  2521  5635 I notification_panel_revealed: 3
02-29 11:02:27.040  2521  5635 I sysui_multi_action: [757,127,758,2]
02-29 11:02:27.040  2521  5635 I notification_panel_hidden: 
02-29 11:02:27.041  2521  5635 I sysui_multi_action: [757,127,758,1]
02-29 11:02:27.041  2521  5635 I sysui_multi_action: [757,804,799,note_load,801,3,802,1]
02-29 11:02:27.041  2521  5635 I notification_panel_revealed: 3
02-29 11:02:27.044  2521  2983 I wm_wallpaper_surface: [0,0,null]
02-29 11:02:27.047  2521  2610 I wm_stop_activity: [0,126596948,com.android.launcher3/.uioverrides.QuickstepLauncher]
02-29 11:02:27.047  2521  2607 I sysui_multi_action: [757,803,799,window_time_0,802,1]
02-29 11:02:27.048  2521  2611 I input_focus: [Focus request 23717bf NotificationShade,reason=UpdateInputWindows]
02-29 11:02:27.048  2521  2610 I user_activity_timeout_override: 10000
02-29 11:02:27.052  2521  2912 I input_focus: [Focus leaving 2f678ac com.android.launcher3/com.android.launcher3.uioverrides.QuickstepLauncher (server),reason=Waiting for window because NOT_FOCUSABLE]
02-29 11:02:27.063  3697  3697 I wm_on_stop_called: [126596948,com.android.launcher3.uioverrides.QuickstepLauncher,STOP_ACTIVITY_ITEM]
02-29 11:02:27.087  2521  2611 I wm_wallpaper_surface: [0,1,Window{23717bf u0 NotificationShade}]
02-29 11:02:27.104  2521  2912 I input_focus: [Focus entering 23717bf NotificationShade (server),reason=Window became focusable. Previous reason: NOT_VISIBLE]
02-29 11:02:27.127  2521  2521 I power_screen_broadcast_done: [0,138,1]
02-29 11:02:27.127  2521  2521 I power_screen_broadcast_send: 1
02-29 11:02:27.128  2521  2913 I intercept_power: [ACTION_UP,0,0]
02-29 11:02:27.185  2521  2521 I power_screen_broadcast_done: [1,57,1]
02-29 11:02:27.364  2521  2617 I am_meminfo: [3155935232,7234592768,199933952,654237696,1005888512]
02-29 11:02:27.373  2521  2617 I am_pss  : [6576,10036,com.android.documentsui,83270656,15147008,61419520,150691840,1,16,8]
02-29 11:02:27.380  2521  2617 I am_pss  : [5901,1000,com.evenwell.DbgCfgTool,25932800,6828032,14946304,131723264,1,16,6]
02-29 11:02:27.388  2521  2617 I am_pss  : [4232,10075,com.android.dialer,47223808,14471168,27901952,146644992,1,16,6]
02-29 11:02:27.393  2521  2617 I am_pss  : [3914,10141,com.android.cellbroadcastreceiver.module,16879616,11448320,3727360,105054208,1,19,5]
02-29 11:02:27.399  2521  2617 I am_pss  : [4941,10139,com.android.providers.media.module,43614208,6385664,33181696,120553472,1,0,5]
02-29 11:02:27.405  2521  2617 I am_pss  : [5224,10024,android.process.media,20825088,5382144,13090816,108085248,1,19,4]
02-29 11:02:27.410  2521  2617 I am_pss  : [7367,10030,com.android.musicfx,5439488,3858432,0,93016064,1,19,3]
02-29 11:02:27.414  2521  2617 I am_pss  : [5532,10041,com.android.providers.calendar,7002112,2605056,2646016,96755712,1,19,3]
02-29 11:02:27.423  2521  2617 I am_pss  : [9471,10066,com.qualcomm.timeservice,5018624,3506176,0,91197440,1,19,5]
02-29 11:02:27.429  2521  2617 I am_pss  : [5691,10032,com.android.statementservice,9046016,4980736,2306048,99409920,1,19,5]
02-29 11:02:27.434  2521  2617 I am_pss  : [5580,10106,com.android.remoteprovisioner,9582592,1929216,5251072,101502976,1,19,5]
02-29 11:02:27.440  2521  2617 I am_pss  : [4658,10137,com.android.permissioncontroller,15512576,11689984,2183168,103837696,1,19,5]
02-29 11:02:27.445  2521  2617 I am_pss  : [4080,10093,com.android.deskclock,12357632,8261632,1798144,108863488,1,19,4]
02-29 11:02:27.450  2521  2617 I am_pss  : [5507,10034,com.android.externalstorage,6462464,2686976,2056192,96366592,1,19,4]
02-29 11:02:27.457  2521  2617 I am_pss  : [3510,1000,com.android.settings,55886848,37294080,14614528,161452032,1,19,6]
02-29 11:02:27.463  2521  2617 I am_pss  : [5822,10144,com.baidu.searchbox:bdservice_v1,31264768,2490368,4498432,102830080,1,19,5]
02-29 11:02:27.471  2521  2617 I am_pss  : [4412,10031,android.process.acore,13300736,4861952,5947392,106598400,1,19,5]
02-29 11:02:27.476  2521  2617 I am_pss  : [5672,2000,com.android.shell,5601280,581632,3471360,90025984,1,19,4]
02-29 11:02:27.480  2521  2617 I am_pss  : [5073,10061,com.android.traceur,9922560,3043328,3883008,97239040,1,19,4]
02-29 11:02:27.485  2521  2617 I am_pss  : [4397,10122,com.qualcomm.qtil.btdsda,5538816,487424,3301376,93413376,1,19,3]
02-29 11:02:27.489  2521  2617 I am_pss  : [6145,10064,com.qualcomm.qti.qms.service.trustzoneaccess,5435392,2342912,1474560,91852800,1,19,4]
02-29 11:02:27.493  2521  2617 I am_pss  : [5200,10052,com.android.printspooler,6046720,2793472,1720320,91209728,1,19,4]
02-29 11:02:27.497  2521  2617 I am_pss  : [5291,10076,com.android.imsserviceentitlement,8878080,5627904,1720320,94564352,1,19,4]
02-29 11:02:27.501  2521  2617 I am_pss  : [5969,1000,com.android.localtransport,5152768,2318336,1302528,90611712,1,19,3]
02-29 11:02:27.507  2521  2617 I am_pss  : [5853,10144,com.baidu.searchbox,53339136,26886144,1024,138543104,1,19,6]
02-29 11:02:27.512  2521  2617 I am_pss  : [5800,10062,org.codeaurora.snapcam,11370496,9551872,0,102649856,1,19,4]
02-29 11:02:27.517  2521  2617 I am_pss  : [4360,10121,com.qualcomm.qtil.aptxui,6407168,3190784,1667072,92770304,1,19,5]
02-29 11:02:27.518  2521  3275 I sysui_multi_action: [757,128,758,1,793,5312603,794,0,795,5312603,796,2131755065,798,0,806,com.baidu.searchbox,857,fastsearch_channel,858,3,946,fastsearch_channel,947,0,1395,1,1500,59939,1688,1]
02-29 11:02:27.518  2521  3275 I sysui_multi_action: [757,1501,758,1,793,5312603,794,0,795,5312603,796,2131755065,806,com.baidu.searchbox,857,fastsearch_channel,858,3,946,fastsearch_channel,947,0,1500,0,1688,1]
02-29 11:02:27.518  2521  3275 I sysui_multi_action: [757,804,799,note_interruptive,801,0,802,1]
02-29 11:02:27.518  2521  3275 I sysui_multi_action: [757,804,799,note_freshness,801,5312603,802,1]
02-29 11:02:27.518  2521  3275 I notification_visibility: [0|com.baidu.searchbox|2131755065|null|10144,1,5312603,5312603,0,0]
02-29 11:02:27.522  2521  2617 I am_pss  : [5745,10069,com.qualcomm.qti.qms.service.connectionsecurity,7334912,5853184,0,93134848,1,19,4]
02-29 11:02:27.529  2521  2617 I am_pss  : [5255,10096,com.android.inputmethod.latin,14714880,9494528,2625536,116678656,1,7,5]
02-29 11:02:27.534  2521  2617 I am_pss  : [5031,10067,.powermodule,5891072,1560576,2629632,92909568,1,0,4]
02-29 11:02:27.539  2521  2617 I am_pss  : [5039,1000,com.qualcomm.qti.services.secureui:sui_service,5532672,450560,3457024,90841088,1,0,3]
02-29 11:02:27.544  2521  2617 I am_pss  : [5017,1027,com.android.nfcstm,12328960,6516736,3850240,97013760,1,0,4]
02-29 11:02:27.549  2521  2617 I am_pss  : [5003,10125,com.qualcomm.qti.workloadclassifier,8761344,4272128,2846720,95166464,1,0,4]
02-29 11:02:27.555  2521  2617 I am_pss  : [5001,10099,com.qualcomm.qti.services.systemhelper:systemhelper_service,5797888,1363968,2824192,91381760,1,0,5]
02-29 11:02:27.560  2521  2617 I am_pss  : [4978,10070,.pasr,5662720,1769472,2416640,88567808,1,0,5]
02-29 11:02:27.565  2521  2617 I am_pss  : [4957,1027,com.android.nfc,15412224,8089600,4460544,111673344,1,0,4]
02-29 11:02:27.570  2521  2617 I am_pss  : [3519,10140,android.ext.services,9900032,1323008,6377472,99471360,1,5,4]
02-29 11:02:27.576  2521  2617 I am_pss  : [3315,1002,com.android.bluetooth,37793792,18878464,14299136,139509760,1,0,6]
02-29 11:02:27.582  2521  2617 I am_pss  : [4292,10115,com.qualcomm.location.XT,7333888,2441216,3121152,96534528,1,0,5]
02-29 11:02:27.589  2521  2617 I am_pss  : [4255,10113,com.qualcomm.location,8705024,3846144,3055616,97628160,1,0,6]
02-29 11:02:27.596  2521  2617 I am_pss  : [3757,10126,com.android.smspush,4941824,1716224,1703936,89657344,1,6,4]
02-29 11:02:27.601  2521  2617 I am_pss  : [3491,10128,com.qti.qcc,13544448,9297920,1175552,115728384,1,0,5]
02-29 11:02:27.606  2521  2617 I am_pss  : [3448,1068,com.android.se,5536768,249856,3698688,90628096,1,0,3]
02-29 11:02:27.613  2521  2617 I am_pss  : [3463,1001,com.android.phone,41680896,25538560,9576448,151535616,1,0,6]
02-29 11:02:27.617  2521  2959 I netstats_mobile_sample: [80597,371,68128,560,80597,371,68128,560,78421,319,68128,560,1709175747617]
02-29 11:02:27.618  2521  2959 I netstats_wifi_sample: [0,0,0,0,0,0,0,0,0,0,0,0,1709175747617]
02-29 11:02:27.619  2521  2617 I am_pss  : [3410,10107,com.qualcomm.qtil.aptxals,22877184,18657280,2367488,114020352,1,0,5]
02-29 11:02:27.625  2521  2617 I am_pss  : [3439,10101,org.codeaurora.ims,11776000,4853760,4321280,106729472,1,0,4]
02-29 11:02:27.630  2521  2617 I am_pss  : [3424,1000,vendor.qti.qesdk.sysservice,5178368,102400,3518464,89497600,1,0,3]
02-29 11:02:27.634  2521  2617 I am_pss  : [3391,10129,com.qualcomm.qtil.aptxacu,5871616,864256,3510272,89120768,1,0,4]
02-29 11:02:27.639  2521  2617 I am_pss  : [3372,10065,.qms,5906432,1101824,3129344,93442048,1,0,4]
02-29 11:02:27.645  2521  2617 I am_pss  : [3357,10063,.qtidataservices,17507328,5132288,10330112,103690240,1,0,4]
02-29 11:02:27.651  2521  2617 I am_pss  : [3368,10088,com.qti.phone,11750400,4993024,4620288,102268928,1,0,5]
02-29 11:02:27.657  2521  2617 I am_pss  : [3322,1001,.dataservices,11972608,6139904,4022272,98836480,1,0,4]
02-29 11:02:27.663  2521  2617 I am_pss  : [3309,1073,com.android.networkstack.process,18373632,8204288,7507968,114049024,1,0,5]
02-29 11:02:27.682  2521  2617 I am_pss  : [3137,10111,com.android.systemui,203367424,163340288,17920000,355426304,1,1,17]
02-29 11:02:27.704  2521  2617 I am_pss  : [2521,1000,system,283531264,181735424,11460608,563630080,1,0,21]
02-29 11:02:28.860  3463  3463 I gsm_rat_switched_new: [66174011,20,14]
02-29 11:02:28.917  2521  2971 I netstats_mobile_sample: [80597,371,68432,564,80597,371,68432,564,78421,319,68432,564,1709175748917]
02-29 11:02:28.917  2521  2971 I netstats_wifi_sample: [0,0,0,0,0,0,0,0,0,0,0,0,1709175748917]
02-29 11:02:29.920  2521  2959 I netstats_mobile_sample: [80597,371,68508,565,80597,371,68508,565,78421,319,68508,565,1709175749919]
02-29 11:02:29.921  2521  2959 I netstats_wifi_sample: [0,0,0,0,0,0,0,0,0,0,0,0,1709175749919]
02-29 11:02:34.300  2521  2912 I input_interaction: Interaction with: 23717bf NotificationShade (server), PointerEventDispatcher0 (server), 
02-29 11:02:34.392  3137  3137 I sysui_multi_action: [757,188,758,4,826,0,827,0]
02-29 11:02:34.393  3137  3137 I sysui_lockscreen_gesture: [3,0,0]
02-29 11:02:39.345  3137  3137 I sysui_multi_action: [757,197,758,1,759,1]
02-29 11:02:39.345  3137  3137 I sysui_status_bar_state: [1,1,0,1,1,0]
02-29 11:02:39.345  3137  3137 I sysui_multi_action: [757,196,758,1,759,1]
02-29 11:02:39.345  3137  3137 I sysui_status_bar_state: [1,1,0,0,1,0]
02-29 11:02:39.374  3137  3137 I sysui_multi_action: [757,186,758,4,826,106,827,3480]
02-29 11:02:39.374  3137  3137 I sysui_lockscreen_gesture: [1,106,3480]
02-29 11:02:39.488  2521  3105 I sysui_multi_action: [757,128,758,2,793,5324572,794,11969,795,5324572,796,2131755065,798,0,806,com.baidu.searchbox,857,fastsearch_channel,858,3,946,fastsearch_channel,947,0,1395,1,1500,11969,1688,1]
02-29 11:02:39.488  2521  3105 I notification_visibility: [0|com.baidu.searchbox|2131755065|null|10144,0,5324572,5324572,0,0]
02-29 11:02:39.489  3137  3137 I sysui_multi_action: [757,197,758,1,759,1]
02-29 11:02:39.490  3137  3137 I sysui_status_bar_state: [1,1,0,1,1,0]
02-29 11:02:39.503  2521  3105 I sysui_multi_action: [757,127,758,2]
02-29 11:02:39.503  2521  3105 I notification_panel_hidden: 
02-29 11:02:41.111  3137  3137 I sysui_multi_action: [757,197,758,10]
02-29 11:02:41.111  3137  3137 I sysui_multi_action: [757,197,758,5,759,1]
02-29 11:02:41.358  2521  2546 I wm_set_keyguard_shown: [0,1,0,1,0,keyguardGoingAway]
02-29 11:02:41.364  2521  2546 I wm_set_resumed_activity: [0,com.android.launcher3/.uioverrides.QuickstepLauncher,resumeTopActivity - onActivityStateChanged]
02-29 11:02:41.366  2521  3105 I uc_unlock_user: 0
02-29 11:02:41.366  2521  3105 I uc_finish_user_unlocking: 0
02-29 11:02:41.367  2521  2546 I wm_resume_activity: [0,126596948,141,com.android.launcher3/.uioverrides.QuickstepLauncher]
02-29 11:02:41.367  3137  3137 I sysui_multi_action: [757,1697,758,15,759,0,1741,5]
02-29 11:02:41.369  3697  3697 I wm_on_restart_called: [126596948,com.android.launcher3.uioverrides.QuickstepLauncher,performRestartActivity]
02-29 11:02:41.371  3697  3697 I wm_on_start_called: [126596948,com.android.launcher3.uioverrides.QuickstepLauncher,handleStartActivity]
02-29 11:02:41.373  3697  3697 I wm_on_resume_called: [126596948,com.android.launcher3.uioverrides.QuickstepLauncher,RESUME_ACTIVITY]
02-29 11:02:41.373  3697  3697 I wm_on_top_resumed_gained_called: [126596948,com.android.launcher3.uioverrides.QuickstepLauncher,topWhenResuming]
02-29 11:02:41.741  3137  3137 I sysui_multi_action: [757,111,758,2]
02-29 11:02:41.747  3137  3137 I sysui_multi_action: [757,196,758,2,759,1]
02-29 11:02:41.747  3137  3137 I sysui_status_bar_state: [0,0,0,0,1,0]
02-29 11:02:41.765  2521  2610 I user_activity_timeout_override: -1
02-29 11:02:41.767  2521  2611 I input_focus: [Focus request 2f678ac com.android.launcher3/com.android.launcher3.uioverrides.QuickstepLauncher,reason=UpdateInputWindows]
02-29 11:02:41.794  2521  2912 I input_focus: [Focus leaving 23717bf NotificationShade (server),reason=NOT_FOCUSABLE]
02-29 11:02:41.795  2521  2912 I input_focus: [Focus entering 2f678ac com.android.launcher3/com.android.launcher3.uioverrides.QuickstepLauncher (server),reason=setFocusedWindow]
02-29 11:02:41.810  2521  5635 I wm_set_keyguard_shown: [0,0,0,1,0,setKeyguardShown]
02-29 11:02:42.085  2521  2912 I input_interaction: Interaction with: 2f678ac com.android.launcher3/com.android.launcher3.uioverrides.QuickstepLauncher (server), fff67cf com.android.systemui.wallpapers.ImageWallpaper (server), PointerEventDispatcher0 (server), 
02-29 11:02:42.145  2521  5635 I wm_task_moved: [165,1,7]
02-29 11:02:42.145  2521  5635 I wm_task_to_front: [0,165]
02-29 11:02:42.145  2521  5635 I wm_focused_root_task: [0,0,165,1,bringingFoundTaskToFront]
02-29 11:02:42.147  2521  5635 I wm_set_resumed_activity: [0,com.android.music/.MusicBrowserActivity,bringingFoundTaskToFront]
02-29 11:02:42.148  2521  5635 I wm_new_intent: [0,265544472,165,com.android.music/.MusicBrowserActivity,android.intent.action.MAIN,NULL,NULL,270532608]
02-29 11:02:42.151  2521  5635 I wm_pause_activity: [0,126596948,com.android.launcher3/.uioverrides.QuickstepLauncher,userLeaving=true,pauseBackTasks]
02-29 11:02:42.156  2521  2611 I input_focus: [Requesting to set focus to null window,reason=UpdateInputWindows]
02-29 11:02:42.158  3697  3697 I wm_on_top_resumed_lost_called: [126596948,com.android.launcher3.uioverrides.QuickstepLauncher,topStateChangedWhenResumed]
02-29 11:02:42.163  3697  3697 I wm_on_paused_called: [126596948,com.android.launcher3.uioverrides.QuickstepLauncher,performPause]
02-29 11:02:42.168  2521  2983 I wm_set_resumed_activity: [0,com.android.music/.MusicBrowserActivity,resumeTopActivity - onActivityStateChanged]
02-29 11:02:42.171  2521  2983 I wm_add_to_stopping: [0,126596948,com.android.launcher3/.uioverrides.QuickstepLauncher,makeInvisible]
02-29 11:02:42.172  2521  2983 I wm_resume_activity: [0,265544472,165,com.android.music/.MusicBrowserActivity]
02-29 11:02:42.174  2521  2607 I sysui_multi_action: [757,803,799,window_time_0,802,15]
02-29 11:02:42.175  7316  7316 I wm_on_restart_called: [265544472,com.android.music.MusicBrowserActivity,performRestartActivity]
02-29 11:02:42.180  7316  7316 I wm_on_start_called: [265544472,com.android.music.MusicBrowserActivity,handleStartActivity]
02-29 11:02:42.181  7316  7316 I wm_on_resume_called: [265544472,com.android.music.MusicBrowserActivity,RESUME_ACTIVITY]
02-29 11:02:42.176  2521  2912 I input_focus: [Focus leaving 2f678ac com.android.launcher3/com.android.launcher3.uioverrides.QuickstepLauncher (server),reason=Waiting for window because NOT_FOCUSABLE]
02-29 11:02:42.190  7316  7316 I wm_on_top_resumed_gained_called: [265544472,com.android.music.MusicBrowserActivity,topWhenResuming]
02-29 11:02:42.193  2521  2611 I input_focus: [Focus request 2a78db7 com.android.music/com.android.music.MusicBrowserActivity,reason=UpdateInputWindows]
02-29 11:02:42.203  2521  2607 I sysui_multi_action: [319,44,321,39,322,62,325,5304,757,761,758,9,759,4,806,com.android.music,871,com.android.music.MusicBrowserActivity,904,com.android.launcher3,905,0,1320,4,1321,23]
02-29 11:02:42.215  2521  2521 I notification_enqueue: [10089,7316,com.android.music,1,NULL,0,Notification(channel=Channel-music shortcut=null contentView=com.android.music/0x7f0c008f vibrate=null sound=null defaults=0x0 flags=0x40 color=0x00000000 vis=PRIVATE),1]
02-29 11:02:42.217  2521  2521 I notification_enqueue: [10089,7316,com.android.music,1,NULL,0,Notification(channel=Channel-music shortcut=null contentView=com.android.music/0x7f0c008f vibrate=null sound=null defaults=0x0 flags=0x40 color=0x00000000 vis=PRIVATE),1]
02-29 11:02:42.256  2521  2912 I input_focus: [Focus entering 2a78db7 com.android.music/com.android.music.MusicBrowserActivity (server),reason=Window became focusable. Previous reason: NOT_VISIBLE]
02-29 11:02:42.714  2521  2610 I wm_stop_activity: [0,126596948,com.android.launcher3/.uioverrides.QuickstepLauncher]
02-29 11:02:42.716  2521  2611 I wm_wallpaper_surface: [0,0,null]
02-29 11:02:42.742  3697  3697 I wm_on_stop_called: [126596948,com.android.launcher3.uioverrides.QuickstepLauncher,STOP_ACTIVITY_ITEM]
02-29 11:02:42.829  2521  2912 I input_interaction: Interaction with: 2a78db7 com.android.music/com.android.music.MusicBrowserActivity (server), PointerEventDispatcher0 (server), 
02-29 11:02:43.568  2521  2521 I notification_enqueue: [10089,7316,com.android.music,1,NULL,0,Notification(channel=Channel-music shortcut=null contentView=com.android.music/0x7f0c008f vibrate=null sound=null defaults=0x0 flags=0x42 color=0x00000000 vis=PRIVATE),1]
02-29 11:02:43.574  2521  2521 I notification_enqueue: [10089,7316,com.android.music,1,NULL,0,Notification(channel=Channel-music shortcut=null contentView=com.android.music/0x7f0c008f vibrate=null sound=null defaults=0x0 flags=0x42 color=0x00000000 vis=PRIVATE),1]
02-29 11:02:43.954  2521  3202 I am_foreground_service_stop: [0,com.android.music/.MediaPlaybackService,1,PROC_STATE_TOP,33,33,0,1,18876,2,STOP_FOREGROUND]
02-29 11:02:43.966  2521  2521 I notification_enqueue: [10089,7316,com.android.music,1,NULL,0,Notification(channel=Channel-music shortcut=null contentView=com.android.music/0x7f0c008f vibrate=null sound=null defaults=0x0 flags=0x0 color=0x00000000 vis=PRIVATE),1]
02-29 11:02:45.138  2521  2913 I sysui_multi_action: [757,804,799,power_consecutive_short_tap_count,801,1,802,1]
02-29 11:02:45.139  2521  2913 I sysui_multi_action: [757,804,799,power_double_tap_interval,801,18161,802,1]
02-29 11:02:45.139  2521  2913 I intercept_power: [ACTION_DOWN,0,1]
02-29 11:02:45.363  2521  2913 I intercept_power: [ACTION_UP,0,0]
02-29 11:02:45.368  2521  2521 I power_sleep_requested: 0
02-29 11:02:45.402  2521  2666 I sysui_multi_action: [757,1696,758,6,759,0]
02-29 11:02:45.448  2521  2893 I am_compact: [3491,com.qti.qcc,anon,110116,62448,46844,1308,-6704,0,-6704,6704,65,2,261857,-800,0,3424764,-6656]
02-29 11:02:45.608  2521  2893 I am_compact: [3463,com.android.phone,anon,148064,90088,55476,9492,-20064,0,-20064,20064,159,2,3321105,-800,0,3418108,-19968]
02-29 11:02:45.736  2521  2893 I am_compact: [3410,com.qualcomm.qtil.aptxals,anon,110996,52076,58124,2448,-16504,0,-16504,16504,127,2,3321214,-800,0,3398140,-16384]
02-29 11:02:45.779  2521  2893 I am_compact: [3322,.dataservices,anon,95656,50240,44584,3984,-4372,0,-4372,4372,42,2,262430,-800,0,3381756,-4608]
02-29 11:02:45.825   990   990 I auditd  : type=1400 audit(0.0:726): avc: denied { read } for comm="binder:990_A" name="wakeup26" dev="sysfs" ino=124287 scontext=u:r:system_suspend:s0 tcontext=u:object_r:sysfs:s0 tclass=dir permissive=0
02-29 11:02:45.828  2521  2893 I am_compact: [3309,com.android.networkstack.process,anon,110112,63572,45628,7484,-5932,0,-5932,5932,48,2,3605783,-800,0,3377148,-5888]
02-29 11:02:45.837  2521  2666 I wm_pause_activity: [0,265544472,com.android.music/.MusicBrowserActivity,userLeaving=false,sleep]
02-29 11:02:45.833   990   990 I auditd  : type=1400 audit(0.0:727): avc: denied { read } for comm="binder:990_A" name="wakeup5" dev="sysfs" ino=99480 scontext=u:r:system_suspend:s0 tcontext=u:object_r:sysfs:s0 tclass=dir permissive=0
02-29 11:02:45.833   990   990 I auditd  : type=1400 audit(0.0:728): avc: denied { read } for comm="binder:990_A" name="wakeup10" dev="sysfs" ino=103374 scontext=u:r:system_suspend:s0 tcontext=u:object_r:sysfs:s0 tclass=dir permissive=0
02-29 11:02:45.858  7316  7316 I wm_on_top_resumed_lost_called: [265544472,com.android.music.MusicBrowserActivity,topStateChangedWhenResumed]
02-29 11:02:45.957  7316  7316 I wm_on_paused_called: [265544472,com.android.music.MusicBrowserActivity,performPause]
02-29 11:02:45.959  2521  5637 I wm_add_to_stopping: [0,265544472,com.android.music/.MusicBrowserActivity,completePauseLocked]
02-29 11:02:45.964  2521  2607 I sysui_multi_action: [757,803,799,window_time_0,802,4]
02-29 11:02:45.968  2521  2521 I battery_saving_stats: [0,1,0,1487962,155522,3,4552299,426783,8]
02-29 11:02:45.972  2521  2610 I wm_stop_activity: [0,265544472,com.android.music/.MusicBrowserActivity]
02-29 11:02:45.973  2521  2611 I input_focus: [Requesting to set focus to null window,reason=UpdateInputWindows]
02-29 11:02:46.016  2521  2912 I input_focus: [Focus leaving 2a78db7 com.android.music/com.android.music.MusicBrowserActivity (server),reason=Waiting for window because NOT_FOCUSABLE]
02-29 11:02:46.023  2521  2607 I sysui_multi_action: [757,223,758,1]
02-29 11:02:46.033  7316  7316 I wm_on_stop_called: [265544472,com.android.music.MusicBrowserActivity,STOP_ACTIVITY_ITEM]
02-29 11:02:46.040  3137  3137 I sysui_multi_action: [757,111,758,1]
02-29 11:02:46.040  3137  3137 I sysui_multi_action: [757,126,758,1,759,126,927,0,928,1,1593,0]
02-29 11:02:46.040  3137  3137 I sysui_multi_action: [757,113,758,1,759,113,927,1,928,1,1593,0]
02-29 11:02:46.040  3137  3137 I sysui_multi_action: [757,119,758,1,759,119,927,2,928,0,1593,0]
02-29 11:02:46.040  3137  3137 I sysui_multi_action: [757,118,758,1,759,118,927,3,928,0,1593,0]
02-29 11:02:46.042  2521  3275 I wm_set_keyguard_shown: [0,0,1,0,0,setKeyguardShown]
02-29 11:02:46.048  3137  3137 I sysui_multi_action: [757,196,758,2,759,1]
02-29 11:02:46.048  3137  3137 I sysui_status_bar_state: [1,0,0,0,1,0]
02-29 11:02:46.053  2521  3275 I sysui_multi_action: [757,127,758,1]
02-29 11:02:46.053  2521  3275 I sysui_multi_action: [757,804,799,note_load,801,3,802,1]
02-29 11:02:46.054  2521  3275 I notification_panel_revealed: 3
02-29 11:02:46.058  2521  2666 I sysui_multi_action: [757,1696,758,6,759,1]
02-29 11:02:46.058  2521  2521 I sysui_multi_action: [757,198,758,2,759,2,1359,921,1695,4]
02-29 11:02:46.058  2521  2521 I power_screen_state: [0,2,0,0,921]
02-29 11:02:46.058  2521  2521 I screen_toggled: 0
02-29 11:02:46.058  2521  2521 I sysui_multi_action: [757,804,799,screen_timeout,801,1800,802,1]
02-29 11:02:46.059  2521  2521 I sysui_multi_action: [757,1594,758,4,759,-2147483648,1359,19022]
02-29 11:02:46.060  2521  2521 I power_screen_broadcast_send: 1
02-29 11:02:46.090  3137  3137 I sysui_multi_action: [757,196,758,1,759,1]
02-29 11:02:46.090  3137  3137 I sysui_status_bar_state: [1,1,0,0,1,0]
02-29 11:02:46.102  2521  2610 I user_activity_timeout_override: 10000
02-29 11:02:46.104  2521  2611 I input_focus: [Focus request 23717bf NotificationShade,reason=UpdateInputWindows]
02-29 11:02:46.108  2521  2983 I wm_set_keyguard_shown: [0,1,1,0,0,setKeyguardShown]
02-29 11:02:46.118  2521  2983 I sysui_multi_action: [757,127,758,2]
02-29 11:02:46.118  2521  2983 I notification_panel_hidden: 
02-29 11:02:46.124  2521  2912 I input_focus: [Focus entering 23717bf NotificationShade (server),reason=Window became focusable. Previous reason: NOT_FOCUSABLE]
02-29 11:02:46.139  2521  2521 I power_screen_broadcast_done: [0,79,1]
02-29 11:02:46.257  2521  2892 I commit_sys_config_file: [settings-2-0,4]
02-29 11:02:46.290  2521  2893 I am_compact: [2521,system,anon,497940,400760,93960,12768,-52840,20,-52864,55552,461,2,3321631,-900,0,3371260,-50432]
02-29 11:02:46.533  2521  2913 I sysui_multi_action: [757,804,799,power_consecutive_short_tap_count,801,1,802,1]
02-29 11:02:46.533  2521  2913 I sysui_multi_action: [757,804,799,power_double_tap_interval,801,1394,802,1]
02-29 11:02:46.533  2521  2913 I intercept_power: [ACTION_DOWN,0,1]
02-29 11:02:46.545  2521  2666 I sysui_multi_action: [757,1696,758,6,759,3]
02-29 11:02:46.549   990   990 I auditd  : type=1400 audit(0.0:729): avc: denied { read } for comm="binder:990_A" name="wakeup26" dev="sysfs" ino=124287 scontext=u:r:system_suspend:s0 tcontext=u:object_r:sysfs:s0 tclass=dir permissive=0
02-29 11:02:46.557   990   990 I auditd  : type=1400 audit(0.0:730): avc: denied { read } for comm="binder:990_A" name="wakeup5" dev="sysfs" ino=99480 scontext=u:r:system_suspend:s0 tcontext=u:object_r:sysfs:s0 tclass=dir permissive=0
02-29 11:02:46.557   990   990 I auditd  : type=1400 audit(0.0:731): avc: denied { read } for comm="binder:990_A" name="wakeup10" dev="sysfs" ino=103374 scontext=u:r:system_suspend:s0 tcontext=u:object_r:sysfs:s0 tclass=dir permissive=0
02-29 11:02:46.557  2521  2521 I screen_toggled: 1
02-29 11:02:46.558  2521  2521 I power_screen_broadcast_send: 1
02-29 11:02:46.585  2521  2521 I battery_saving_stats: [0,0,0,617,0,0,601723,38880,1]
02-29 11:02:46.596  2521  7353 I sysui_multi_action: [757,127,758,1]
02-29 11:02:46.596  2521  7353 I sysui_multi_action: [757,804,799,note_load,801,1,802,1]
02-29 11:02:46.596  2521  7353 I notification_panel_revealed: 1
02-29 11:02:46.597  2521  7353 I wm_set_keyguard_shown: [0,1,0,0,0,setKeyguardShown]
02-29 11:02:46.615  2521  2611 I wm_wallpaper_surface: [0,1,Window{23717bf u0 NotificationShade}]
02-29 11:02:46.642  2521  2521 I power_screen_broadcast_done: [1,85,1]
02-29 11:02:46.737  2521  2913 I intercept_power: [ACTION_UP,0,0]
02-29 11:02:46.739  2521  2521 I sysui_multi_action: [757,198,758,1,759,1,1359,207,1694,1]
02-29 11:02:46.739  2521  2521 I power_screen_state: [1,0,0,0,207]
02-29 11:02:46.794  2521  2607 I sysui_multi_action: [757,223,758,2]
02-29 11:02:46.794  2521  2607 I sysui_multi_action: [757,804,799,dozing_minutes,801,0,802,1]
02-29 11:02:46.809  2521  2892 I commit_sys_config_file: [settings-2-0,5]
02-29 11:02:47.105  2521  3275 I sysui_multi_action: [757,128,758,1,793,5332189,794,0,795,5332189,796,2131755065,798,0,806,com.baidu.searchbox,857,fastsearch_channel,858,3,946,fastsearch_channel,947,0,1395,1,1500,19586,1688,1]
02-29 11:02:47.105  2521  3275 I sysui_multi_action: [757,1501,758,1,793,5332190,794,1,795,5332190,796,2131755065,806,com.baidu.searchbox,857,fastsearch_channel,858,3,946,fastsearch_channel,947,0,1500,0,1688,1]
02-29 11:02:47.105  2521  3275 I sysui_multi_action: [757,804,799,note_interruptive,801,0,802,1]
02-29 11:02:47.105  2521  3275 I sysui_multi_action: [757,804,799,note_freshness,801,5332189,802,1]
02-29 11:02:47.105  2521  3275 I notification_visibility: [0|com.baidu.searchbox|2131755065|null|10144,1,5332189,5332189,0,0]
02-29 11:02:48.080  2521  2912 I input_interaction: Interaction with: 23717bf NotificationShade (server), PointerEventDispatcher0 (server), 
02-29 11:02:48.098  3137  3775 I sysui_multi_action: [757,210,758,4,759,3]
02-29 11:02:48.103  3137  3775 I sysui_multi_action: [757,211,758,4,759,3]
02-29 11:02:48.126  3137  3137 I sysui_multi_action: [757,207,758,1]
02-29 11:02:48.126  3137  3137 I sysui_multi_action: [757,804,799,volume_from_keyguard,801,1,802,1]
02-29 11:02:51.121  3137  3137 I sysui_multi_action: [757,207,758,2]
02-29 11:02:51.444  3137  3775 I sysui_multi_action: [757,210,758,4,759,-1]
02-29 11:02:52.834  3137  3137 I sysui_multi_action: [757,197,758,1,759,1]
02-29 11:02:52.834  3137  3137 I sysui_status_bar_state: [1,1,0,1,1,0]
02-29 11:02:52.835  3137  3137 I sysui_multi_action: [757,196,758,1,759,1]
02-29 11:02:52.835  3137  3137 I sysui_status_bar_state: [1,1,0,0,1,0]
02-29 11:02:55.865  2521  2521 I notification_enqueue: [10089,7316,com.android.music,1,NULL,0,Notification(channel=Channel-music shortcut=null contentView=com.android.music/0x7f0c008f vibrate=null sound=null defaults=0x0 flags=0x0 color=0x00000000 vis=PRIVATE),1]
02-29 11:02:55.869  2521  2546 I am_foreground_service_start: [0,com.android.music/.MediaPlaybackService,1,ACTIVITY_STARTER,33,33,0,1,0,3,UNKNOWN]
02-29 11:02:55.873  2521  2521 I notification_enqueue: [10089,7316,com.android.music,1,NULL,0,Notification(channel=Channel-music shortcut=null contentView=com.android.music/0x7f0c008f vibrate=null sound=null defaults=0x0 flags=0x40 color=0x00000000 vis=PRIVATE),1]
02-29 11:02:55.920  2521  2521 I notification_enqueue: [10089,7316,com.android.music,1,NULL,0,Notification(channel=Channel-music shortcut=null contentView=com.android.music/0x7f0c008f vibrate=null sound=null defaults=0x0 flags=0x42 color=0x00000000 vis=PRIVATE),1]
02-29 11:02:55.926  2521  2521 I notification_enqueue: [10089,7316,com.android.music,1,NULL,0,Notification(channel=Channel-music shortcut=null contentView=com.android.music/0x7f0c008f vibrate=null sound=null defaults=0x0 flags=0x42 color=0x00000000 vis=PRIVATE),1]
02-29 11:02:56.351  2521  2521 I notification_enqueue: [10089,7316,com.android.music,1,NULL,0,Notification(channel=Channel-music shortcut=null contentView=com.android.music/0x7f0c008f vibrate=null sound=null defaults=0x0 flags=0x42 color=0x00000000 vis=PRIVATE),1]
02-29 11:02:56.355  2521  2521 I notification_enqueue: [10089,7316,com.android.music,1,NULL,0,Notification(channel=Channel-music shortcut=null contentView=com.android.music/0x7f0c008f vibrate=null sound=null defaults=0x0 flags=0x42 color=0x00000000 vis=PRIVATE),1]
02-29 11:02:56.387  2521  2521 I notification_enqueue: [10089,7316,com.android.music,1,NULL,0,Notification(channel=Channel-music shortcut=null contentView=com.android.music/0x7f0c008f vibrate=null sound=null defaults=0x0 flags=0x40 color=0x00000000 vis=PRIVATE),1]
02-29 11:02:56.392  2521  2521 I notification_enqueue: [10089,7316,com.android.music,1,NULL,0,Notification(channel=Channel-music shortcut=null contentView=com.android.music/0x7f0c008f vibrate=null sound=null defaults=0x0 flags=0x40 color=0x00000000 vis=PRIVATE),1]
02-29 11:02:57.310  2521  2521 I notification_enqueue: [10089,7316,com.android.music,1,NULL,0,Notification(channel=Channel-music shortcut=null contentView=com.android.music/0x7f0c008f vibrate=null sound=null defaults=0x0 flags=0x40 color=0x00000000 vis=PRIVATE),1]
02-29 11:02:57.314  2521  2521 I notification_enqueue: [10089,7316,com.android.music,1,NULL,0,Notification(channel=Channel-music shortcut=null contentView=com.android.music/0x7f0c008f vibrate=null sound=null defaults=0x0 flags=0x40 color=0x00000000 vis=PRIVATE),1]
02-29 11:02:57.349  2521  2521 I notification_enqueue: [10089,7316,com.android.music,1,NULL,0,Notification(channel=Channel-music shortcut=null contentView=com.android.music/0x7f0c008f vibrate=null sound=null defaults=0x0 flags=0x42 color=0x00000000 vis=PRIVATE),1]
02-29 11:02:57.353  2521  2521 I notification_enqueue: [10089,7316,com.android.music,1,NULL,0,Notification(channel=Channel-music shortcut=null contentView=com.android.music/0x7f0c008f vibrate=null sound=null defaults=0x0 flags=0x42 color=0x00000000 vis=PRIVATE),1]
02-29 11:03:00.761  2521  2666 I sysui_multi_action: [757,1696,758,6,759,2]
02-29 11:03:00.951  2521  2521 I notification_enqueue: [10089,7316,com.android.music,1,NULL,0,Notification(channel=Channel-music shortcut=null contentView=com.android.music/0x7f0c008f vibrate=null sound=null defaults=0x0 flags=0x42 color=0x00000000 vis=PRIVATE),1]
02-29 11:03:00.956  2521  2521 I notification_enqueue: [10089,7316,com.android.music,1,NULL,0,Notification(channel=Channel-music shortcut=null contentView=com.android.music/0x7f0c008f vibrate=null sound=null defaults=0x0 flags=0x42 color=0x00000000 vis=PRIVATE),1]
02-29 11:03:00.984  2521  2521 I notification_enqueue: [10089,7316,com.android.music,1,NULL,0,Notification(channel=Channel-music shortcut=null contentView=com.android.music/0x7f0c008f vibrate=null sound=null defaults=0x0 flags=0x40 color=0x00000000 vis=PRIVATE),1]
02-29 11:03:00.991  2521  2521 I notification_enqueue: [10089,7316,com.android.music,1,NULL,0,Notification(channel=Channel-music shortcut=null contentView=com.android.music/0x7f0c008f vibrate=null sound=null defaults=0x0 flags=0x40 color=0x00000000 vis=PRIVATE),1]
02-29 11:03:01.601  2521  2666 I sysui_multi_action: [757,1696,758,6,759,3]
02-29 11:03:01.716  3137  3137 I sysui_multi_action: [757,188,758,4,826,0,827,0]
02-29 11:03:01.716  3137  3137 I sysui_lockscreen_gesture: [3,0,0]
02-29 11:03:02.264  2521  2521 I notification_enqueue: [10089,7316,com.android.music,1,NULL,0,Notification(channel=Channel-music shortcut=null contentView=com.android.music/0x7f0c008f vibrate=null sound=null defaults=0x0 flags=0x40 color=0x00000000 vis=PRIVATE),1]
02-29 11:03:02.270  2521  2521 I notification_enqueue: [10089,7316,com.android.music,1,NULL,0,Notification(channel=Channel-music shortcut=null contentView=com.android.music/0x7f0c008f vibrate=null sound=null defaults=0x0 flags=0x40 color=0x00000000 vis=PRIVATE),1]
02-29 11:03:02.310  2521  2521 I notification_enqueue: [10089,7316,com.android.music,1,NULL,0,Notification(channel=Channel-music shortcut=null contentView=com.android.music/0x7f0c008f vibrate=null sound=null defaults=0x0 flags=0x42 color=0x00000000 vis=PRIVATE),1]
02-29 11:03:02.315  2521  2521 I notification_enqueue: [10089,7316,com.android.music,1,NULL,0,Notification(channel=Channel-music shortcut=null contentView=com.android.music/0x7f0c008f vibrate=null sound=null defaults=0x0 flags=0x42 color=0x00000000 vis=PRIVATE),1]
02-29 11:03:03.437  2521  2521 I notification_enqueue: [10089,7316,com.android.music,1,NULL,0,Notification(channel=Channel-music shortcut=null contentView=com.android.music/0x7f0c008f vibrate=null sound=null defaults=0x0 flags=0x42 color=0x00000000 vis=PRIVATE),1]
02-29 11:03:03.442  2521  2521 I notification_enqueue: [10089,7316,com.android.music,1,NULL,0,Notification(channel=Channel-music shortcut=null contentView=com.android.music/0x7f0c008f vibrate=null sound=null defaults=0x0 flags=0x42 color=0x00000000 vis=PRIVATE),1]
02-29 11:03:03.473  2521  2521 I notification_enqueue: [10089,7316,com.android.music,1,NULL,0,Notification(channel=Channel-music shortcut=null contentView=com.android.music/0x7f0c008f vibrate=null sound=null defaults=0x0 flags=0x40 color=0x00000000 vis=PRIVATE),1]
02-29 11:03:03.479  2521  2521 I notification_enqueue: [10089,7316,com.android.music,1,NULL,0,Notification(channel=Channel-music shortcut=null contentView=com.android.music/0x7f0c008f vibrate=null sound=null defaults=0x0 flags=0x40 color=0x00000000 vis=PRIVATE),1]
02-29 11:03:04.303  2521  2521 I notification_enqueue: [10089,7316,com.android.music,1,NULL,0,Notification(channel=Channel-music shortcut=null contentView=com.android.music/0x7f0c008f vibrate=null sound=null defaults=0x0 flags=0x40 color=0x00000000 vis=PRIVATE),1]
02-29 11:03:04.308  2521  2521 I notification_enqueue: [10089,7316,com.android.music,1,NULL,0,Notification(channel=Channel-music shortcut=null contentView=com.android.music/0x7f0c008f vibrate=null sound=null defaults=0x0 flags=0x40 color=0x00000000 vis=PRIVATE),1]
02-29 11:03:04.340  2521  2521 I notification_enqueue: [10089,7316,com.android.music,1,NULL,0,Notification(channel=Channel-music shortcut=null contentView=com.android.music/0x7f0c008f vibrate=null sound=null defaults=0x0 flags=0x42 color=0x00000000 vis=PRIVATE),1]
02-29 11:03:04.346  2521  2521 I notification_enqueue: [10089,7316,com.android.music,1,NULL,0,Notification(channel=Channel-music shortcut=null contentView=com.android.music/0x7f0c008f vibrate=null sound=null defaults=0x0 flags=0x42 color=0x00000000 vis=PRIVATE),1]
02-29 11:03:05.028  3137  3137 I sysui_multi_action: [757,186,758,4,826,185,827,4578]
02-29 11:03:05.028  3137  3137 I sysui_lockscreen_gesture: [1,185,4578]
02-29 11:03:05.076  2521  3275 I sysui_multi_action: [757,128,758,2,793,5350161,794,17972,795,5350161,796,2131755065,798,0,806,com.baidu.searchbox,857,fastsearch_channel,858,3,946,fastsearch_channel,947,0,1395,1,1500,17971,1688,1]
02-29 11:03:05.076  2521  3275 I notification_visibility: [0|com.baidu.searchbox|2131755065|null|10144,0,5350161,5350161,0,0]
02-29 11:03:05.077  3137  3137 I sysui_multi_action: [757,197,758,1,759,1]
02-29 11:03:05.077  3137  3137 I sysui_status_bar_state: [1,1,0,1,1,0]
02-29 11:03:05.093  2521  2983 I sysui_multi_action: [757,127,758,2]
02-29 11:03:05.093  2521  2983 I notification_panel_hidden: 
02-29 11:03:05.802  3137  3137 I sysui_multi_action: [757,197,758,10]
02-29 11:03:05.803  3137  3137 I sysui_multi_action: [757,197,758,5,759,1]
02-29 11:03:06.037  2521  2983 I uc_unlock_user: 0
02-29 11:03:06.037  2521  2983 I uc_finish_user_unlocking: 0
02-29 11:03:06.039  2521  2983 I wm_set_keyguard_shown: [0,1,0,1,0,keyguardGoingAway]
02-29 11:03:06.043  2521  2983 I wm_set_resumed_activity: [0,com.android.music/.MusicBrowserActivity,resumeTopActivity - onActivityStateChanged]
02-29 11:03:06.045  2521  2983 I wm_resume_activity: [0,265544472,165,com.android.music/.MusicBrowserActivity]
02-29 11:03:06.046  7316  7316 I wm_on_restart_called: [265544472,com.android.music.MusicBrowserActivity,performRestartActivity]
02-29 11:03:06.054  7316  7316 I wm_on_start_called: [265544472,com.android.music.MusicBrowserActivity,handleStartActivity]
02-29 11:03:06.054  7316  7316 I wm_on_resume_called: [265544472,com.android.music.MusicBrowserActivity,RESUME_ACTIVITY]
02-29 11:03:06.061  7316  7316 I wm_on_top_resumed_gained_called: [265544472,com.android.music.MusicBrowserActivity,topWhenResuming]
02-29 11:03:06.062  3137  3137 I sysui_multi_action: [757,1697,758,15,759,0,1741,5]
02-29 11:03:06.084  2521  2521 I notification_enqueue: [10089,7316,com.android.music,1,NULL,0,Notification(channel=Channel-music shortcut=null contentView=com.android.music/0x7f0c008f vibrate=null sound=null defaults=0x0 flags=0x42 color=0x00000000 vis=PRIVATE),1]
02-29 11:03:06.085  2521  2521 I notification_enqueue: [10089,7316,com.android.music,1,NULL,0,Notification(channel=Channel-music shortcut=null contentView=com.android.music/0x7f0c008f vibrate=null sound=null defaults=0x0 flags=0x42 color=0x00000000 vis=PRIVATE),1]
02-29 11:03:06.395  3137  3137 I sysui_multi_action: [757,111,758,2]
02-29 11:03:06.399  3137  3137 I sysui_multi_action: [757,196,758,2,759,1]
02-29 11:03:06.399  3137  3137 I sysui_status_bar_state: [0,0,0,0,1,0]
02-29 11:03:06.416  2521  2610 I user_activity_timeout_override: -1
02-29 11:03:06.419  2521  2611 I input_focus: [Focus request 2a78db7 com.android.music/com.android.music.MusicBrowserActivity,reason=UpdateInputWindows]
02-29 11:03:06.447  2521  2912 I input_focus: [Focus leaving 23717bf NotificationShade (server),reason=setFocusedWindow]
02-29 11:03:06.447  2521  2912 I input_focus: [Focus entering 2a78db7 com.android.music/com.android.music.MusicBrowserActivity (server),reason=setFocusedWindow]
02-29 11:03:06.456  2521  3246 I wm_set_keyguard_shown: [0,0,0,1,0,setKeyguardShown]
02-29 11:03:06.542  2521  5637 I wm_wallpaper_surface: [0,0,null]
02-29 11:03:06.779  2521  2912 I input_interaction: Interaction with: 34818e7 NavigationBar0 (server), PointerEventDispatcher0 (server), 
02-29 11:03:06.785  3137  3137 I sysui_multi_action: [757,931,758,4,759,3,932,0,933,0]
02-29 11:03:06.860  3137  3137 I sysui_multi_action: [757,931,758,4,759,3,932,0,933,1]
02-29 11:03:06.874  2521  2608 I wm_task_moved: [1,1,7]
02-29 11:03:06.875  2521  2608 I wm_task_moved: [141,1,2147483647]
02-29 11:03:06.875  2521  2608 I wm_task_to_front: [0,141]
02-29 11:03:06.875  2521  2608 I wm_focused_root_task: [0,0,1,165,bringingFoundTaskToFront]
02-29 11:03:06.876  2521  2608 I wm_set_resumed_activity: [0,com.android.launcher3/.uioverrides.QuickstepLauncher,bringingFoundTaskToFront]
02-29 11:03:06.876  2521  2608 I wm_new_intent: [0,126596948,141,com.android.launcher3/.uioverrides.QuickstepLauncher,android.intent.action.MAIN,NULL,NULL,268435712]
02-29 11:03:06.877  2521  2608 I wm_pause_activity: [0,265544472,com.android.music/.MusicBrowserActivity,userLeaving=true,pauseBackTasks]
02-29 11:03:06.879  7316  7316 I wm_on_top_resumed_lost_called: [265544472,com.android.music.MusicBrowserActivity,topStateChangedWhenResumed]
02-29 11:03:06.879  2521  2608 I wm_add_to_stopping: [0,265544472,com.android.music/.MusicBrowserActivity,makeInvisible]
02-29 11:03:06.880  2521  2607 I sysui_multi_action: [757,803,799,window_time_0,802,21]
02-29 11:03:06.882  2521  2608 I wm_set_resumed_activity: [0,com.android.launcher3/.uioverrides.QuickstepLauncher,resumeTopActivity - onActivityStateChanged]
02-29 11:03:06.882  2521  2608 I wm_resume_activity: [0,126596948,141,com.android.launcher3/.uioverrides.QuickstepLauncher]
02-29 11:03:06.884  3697  3697 I wm_on_restart_called: [126596948,com.android.launcher3.uioverrides.QuickstepLauncher,performRestartActivity]
02-29 11:03:06.884  3697  3697 I wm_on_start_called: [126596948,com.android.launcher3.uioverrides.QuickstepLauncher,handleStartActivity]
02-29 11:03:06.885  2521  2611 I input_focus: [Requesting to set focus to null window,reason=UpdateInputWindows]
02-29 11:03:06.886  3697  3697 I wm_on_resume_called: [126596948,com.android.launcher3.uioverrides.QuickstepLauncher,RESUME_ACTIVITY]
02-29 11:03:06.886  7316  7316 I wm_on_paused_called: [265544472,com.android.music.MusicBrowserActivity,performPause]
02-29 11:03:06.896  2521  2912 I input_focus: [Focus leaving 2a78db7 com.android.music/com.android.music.MusicBrowserActivity (server),reason=Waiting for window because NOT_FOCUSABLE]
02-29 11:03:06.899  2521  2611 I input_focus: [Focus request 2f678ac com.android.launcher3/com.android.launcher3.uioverrides.QuickstepLauncher,reason=UpdateInputWindows]
02-29 11:03:06.906  3697  3697 I wm_on_top_resumed_gained_called: [126596948,com.android.launcher3.uioverrides.QuickstepLauncher,topStateChangedWhenResumed]
02-29 11:03:06.907  2521  2611 I wm_wallpaper_surface: [0,1,Window{2f678ac u0 com.android.launcher3/com.android.launcher3.uioverrides.QuickstepLauncher}]
02-29 11:03:06.926  2521  2607 I sysui_multi_action: [319,50,322,41,325,5328,757,761,758,9,759,2,806,com.android.launcher3,871,com.android.launcher3.uioverrides.QuickstepLauncher,905,0,1320,4,1321,23]
02-29 11:03:06.948  2521  2912 I input_focus: [Focus entering 2f678ac com.android.launcher3/com.android.launcher3.uioverrides.QuickstepLauncher (server),reason=Window became focusable. Previous reason: NOT_VISIBLE]
02-29 11:03:07.547  2521  2610 I wm_stop_activity: [0,265544472,com.android.music/.MusicBrowserActivity]
02-29 11:03:07.553  2521  2912 I input_interaction: Interaction with: 2f678ac com.android.launcher3/com.android.launcher3.uioverrides.QuickstepLauncher (server), fff67cf com.android.systemui.wallpapers.ImageWallpaper (server), PointerEventDispatcher0 (server), 
02-29 11:03:07.575  7316  7316 I wm_on_stop_called: [265544472,com.android.music.MusicBrowserActivity,STOP_ACTIVITY_ITEM]
02-29 11:03:07.624  2521  3246 I wm_task_moved: [168,1,7]
02-29 11:03:07.624  2521  3246 I wm_task_to_front: [0,168]
02-29 11:03:07.625  2521  3246 I wm_focused_root_task: [0,0,168,1,bringingFoundTaskToFront]
02-29 11:03:07.626  2521  3246 I wm_set_resumed_activity: [0,com.android.gallery3d/.app.MovieActivity,bringingFoundTaskToFront]
02-29 11:03:07.629  2521  3246 I wm_pause_activity: [0,126596948,com.android.launcher3/.uioverrides.QuickstepLauncher,userLeaving=true,pauseBackTasks]
02-29 11:03:07.633  3697  3697 I wm_on_top_resumed_lost_called: [126596948,com.android.launcher3.uioverrides.QuickstepLauncher,topStateChangedWhenResumed]
02-29 11:03:07.634  2521  2611 I input_focus: [Requesting to set focus to null window,reason=UpdateInputWindows]
02-29 11:03:07.638  3697  3697 I wm_on_paused_called: [126596948,com.android.launcher3.uioverrides.QuickstepLauncher,performPause]
02-29 11:03:07.644  2521  3275 I wm_set_resumed_activity: [0,com.android.gallery3d/.app.MovieActivity,resumeTopActivity - onActivityStateChanged]
02-29 11:03:07.645  2521  3275 I wm_add_to_stopping: [0,126596948,com.android.launcher3/.uioverrides.QuickstepLauncher,makeInvisible]
02-29 11:03:07.647  2521  3275 I wm_resume_activity: [0,35422506,168,com.android.gallery3d/.app.MovieActivity]
02-29 11:03:07.648  5586  5586 I wm_on_restart_called: [35422506,com.android.gallery3d.app.MovieActivity,performRestartActivity]
02-29 11:03:07.650  2521  2912 I input_focus: [Focus leaving 2f678ac com.android.launcher3/com.android.launcher3.uioverrides.QuickstepLauncher (server),reason=Waiting for window because NOT_FOCUSABLE]
02-29 11:03:07.651  2521  2607 I sysui_multi_action: [757,803,799,window_time_0,802,1]
02-29 11:03:07.654  5586  5586 I wm_on_start_called: [35422506,com.android.gallery3d.app.MovieActivity,handleStartActivity]
02-29 11:03:07.654  5586  5586 I wm_on_resume_called: [35422506,com.android.gallery3d.app.MovieActivity,RESUME_ACTIVITY]
02-29 11:03:07.654  5586  5586 I wm_on_top_resumed_gained_called: [35422506,com.android.gallery3d.app.MovieActivity,topWhenResuming]
02-29 11:03:07.666  2521  2611 I input_focus: [Focus request 2ce86cd com.android.gallery3d/com.android.gallery3d.app.MovieActivity,reason=UpdateInputWindows]
02-29 11:03:07.676  2521  2521 I notification_enqueue: [10089,7316,com.android.music,1,NULL,0,Notification(channel=Channel-music shortcut=null contentView=com.android.music/0x7f0c008f vibrate=null sound=null defaults=0x0 flags=0x40 color=0x00000000 vis=PRIVATE),1]
02-29 11:03:07.678  2521  2521 I notification_enqueue: [10089,7316,com.android.music,1,NULL,0,Notification(channel=Channel-music shortcut=null contentView=com.android.music/0x7f0c008f vibrate=null sound=null defaults=0x0 flags=0x40 color=0x00000000 vis=PRIVATE),1]
02-29 11:03:07.805  2521  2607 I sysui_multi_action: [319,36,321,34,322,184,325,5329,757,761,758,9,759,4,806,com.android.gallery3d,871,com.android.gallery3d.app.MovieActivity,904,com.android.gallery3d,905,0,1320,4,1321,23]
02-29 11:03:07.815  2521  2912 I input_focus: [Focus entering 2ce86cd com.android.gallery3d/com.android.gallery3d.app.MovieActivity (server),reason=Window became focusable. Previous reason: NOT_VISIBLE]
02-29 11:03:07.881  1699  1699 I auditd  : type=1400 audit(0.0:732): avc: denied { read } for comm="NPDecoder" name="u:object_r:audio_config_prop:s0" dev="tmpfs" ino=113 scontext=u:r:mediaserver:s0 tcontext=u:object_r:audio_config_prop:s0 tclass=file permissive=0
02-29 11:03:08.186  2521  2610 I wm_stop_activity: [0,126596948,com.android.launcher3/.uioverrides.QuickstepLauncher]
02-29 11:03:08.187  2521  2611 I wm_wallpaper_surface: [0,0,null]
02-29 11:03:08.206  3697  3697 I wm_on_stop_called: [126596948,com.android.launcher3.uioverrides.QuickstepLauncher,STOP_ACTIVITY_ITEM]
02-29 11:03:08.320  2521  2912 I input_interaction: Interaction with: 2ce86cd com.android.gallery3d/com.android.gallery3d.app.MovieActivity (server), PointerEventDispatcher0 (server), 
02-29 11:03:30.004  3463  3463 I gsm_rat_switched_new: [55741707403,14,20]
02-29 11:03:30.032  2521  2971 I netstats_mobile_sample: [80697,373,68887,570,80697,373,68887,570,78421,319,68887,570,1709175810031]
02-29 11:03:30.032  2521  2971 I netstats_wifi_sample: [0,0,0,0,0,0,0,0,0,0,0,0,1709175810031]
02-29 11:03:31.023  2521  2959 I netstats_mobile_sample: [80697,373,69039,572,80697,373,69039,572,78421,319,69039,572,1709175811023]
02-29 11:03:31.023  2521  2959 I netstats_wifi_sample: [0,0,0,0,0,0,0,0,0,0,0,0,1709175811023]
02-29 11:03:31.768  2521  2912 I input_interaction: Interaction with: 34818e7 NavigationBar0 (server), PointerEventDispatcher0 (server), 
02-29 11:03:31.775  3137  3137 I sysui_multi_action: [757,931,758,4,759,3,932,0,933,0]
02-29 11:03:31.836  3137  3137 I sysui_multi_action: [757,931,758,4,759,3,932,0,933,1]
02-29 11:03:31.845  2521  2608 I wm_task_moved: [1,1,7]
02-29 11:03:31.845  2521  2608 I wm_task_moved: [141,1,2147483647]
02-29 11:03:31.845  2521  2608 I wm_task_to_front: [0,141]
02-29 11:03:31.845  2521  2608 I wm_focused_root_task: [0,0,1,168,bringingFoundTaskToFront]
02-29 11:03:31.845  5586  5586 I wm_on_top_resumed_lost_called: [35422506,com.android.gallery3d.app.MovieActivity,topStateChangedWhenResumed]
02-29 11:03:31.845  2521  2608 I wm_set_resumed_activity: [0,com.android.launcher3/.uioverrides.QuickstepLauncher,bringingFoundTaskToFront]
02-29 11:03:31.845  2521  2608 I wm_new_intent: [0,126596948,141,com.android.launcher3/.uioverrides.QuickstepLauncher,android.intent.action.MAIN,NULL,NULL,268435712]
02-29 11:03:31.846  2521  2608 I wm_pause_activity: [0,35422506,com.android.gallery3d/.app.MovieActivity,userLeaving=true,pauseBackTasks]
02-29 11:03:31.846  2521  2608 I wm_add_to_stopping: [0,35422506,com.android.gallery3d/.app.MovieActivity,makeInvisible]
02-29 11:03:31.846  2521  2607 I sysui_multi_action: [757,803,799,window_time_0,802,24]
02-29 11:03:31.847  2521  2608 I wm_set_resumed_activity: [0,com.android.launcher3/.uioverrides.QuickstepLauncher,resumeTopActivity - onActivityStateChanged]
02-29 11:03:31.848  2521  2608 I wm_resume_activity: [0,126596948,141,com.android.launcher3/.uioverrides.QuickstepLauncher]
