02-29 14:26:46.080  3601  3601 D EmergencyNumberTracker: updateRadioEmergencyNumberListAndNotify(): receiving [EmergencyNumber:Number-000|CountryIso-|Mnc-|ServiceCategories-0|Urns-[]|Sources-10|Routing-0, EmergencyNumber:Number-08|CountryIso-|Mnc-|ServiceCategories-0|Urns-[]|Sources-10|Routing-0, EmergencyNumber:Number-110|CountryIso-|Mnc-|ServiceCategories-0|Urns-[]|Sources-10|Routing-0, EmergencyNumber:Number-112|CountryIso-|Mnc-|ServiceCategories-0|Urns-[]|Sources-10|Routing-0, EmergencyNumber:Number-118|CountryIso-|Mnc-|ServiceCategories-0|Urns-[]|Sources-10|Routing-0, EmergencyNumber:Number-119|CountryIso-|Mnc-|ServiceCategories-0|Urns-[]|Sources-10|Routing-0, EmergencyNumber:Number-120|CountryIso-|Mnc-|ServiceCategories-0|Urns-[]|Sources-10|Routing-0, EmergencyNumber:Number-122|CountryIso-|Mnc-|ServiceCategories-0|Urns-[]|Sources-10|Routing-0, EmergencyNumber:Number-911|CountryIso-|Mnc-|ServiceCategories-0|Urns-[]|Sources-10|Routing-0, EmergencyNumber:Number-999|CountryIso-|Mnc-|ServiceCategories-0|Urns-[]|Sources-10|Routing-0, EmergencyNumber:Number-#911|CountryIso-|Mnc-|ServiceCategories-0|Urns-[]|Sources-1000|Routing-0, EmergencyNumber:Number-*911|CountryIso-|Mnc-|ServiceCategories-0|Urns-[]|Sources-1000|Routing-0]
02-29 14:26:46.081  1765  2781 I qcrilNrd: RIL Response bytes written:4
02-29 14:26:46.081  1765  2781 I qcrilNrd: RIL Response bytes written:385
02-29 14:26:46.081  1283  3757 D RequestManager: [RequestManager.cpp: 341] [Loc_hal_worker(1283,3757)] listenForResponses: record_stream_get_next: recordLen: 385, ret: 0, errno: 0, errStr: Success, socket fd: 36
02-29 14:26:46.081  1283  3757 D RequestManager: [RequestManager.cpp: 358] [Loc_hal_worker(1283,3757)] listenForResponses: Got a response parcel
02-29 14:26:46.081  1762  2800 I qcrilNrd: RIL Response bytes written:4
02-29 14:26:46.081  1762  2800 I qcrilNrd: RIL Response bytes written:20
02-29 14:26:46.081  1283  3755 D RequestManager: [RequestManager.cpp: 341] [Loc_hal_worker(1283,3755)] listenForResponses: record_stream_get_next: recordLen: 20, ret: 0, errno: 0, errStr: Success, socket fd: 35
02-29 14:26:46.081  1283  3755 D RequestManager: [RequestManager.cpp: 358] [Loc_hal_worker(1283,3755)] listenForResponses: Got a response parcel
02-29 14:26:46.082  1762  2800 I qcrilNrd: RIL Response bytes written:4
02-29 14:26:46.082  1762  2800 I qcrilNrd: RIL Response bytes written:12
02-29 14:26:46.082  1283  3755 D RequestManager: [RequestManager.cpp: 341] [Loc_hal_worker(1283,3755)] listenForResponses: record_stream_get_next: recordLen: 12, ret: 0, errno: 0, errStr: Success, socket fd: 35
02-29 14:26:46.082  1283  3755 D RequestManager: [RequestManager.cpp: 358] [Loc_hal_worker(1283,3755)] listenForResponses: Got a response parcel
02-29 14:26:46.082  3601  4072 D RILJ    : [0590]< QUERY_NETWORK_SELECTION_MODE {0} [PHONE0]
02-29 14:26:46.082  3601  3601 D SST     : [0] handleMessage: received event 14
02-29 14:26:46.082  3601  3601 D SST     : [0] EVENT_POLL_STATE_NETWORK_SELECTION_MODE
02-29 14:26:46.082  3601  3601 D SST     : [0] QTISST: handlePollStateResultMessage processing 14
02-29 14:26:46.083  3601  4795 D RILJ    : [0586]< SET_SIGNAL_STRENGTH_REPORTING_CRITERIA  [PHONE0]
02-29 14:26:46.083  1283  1397 D RequestManager: [RequestManager.cpp: 483] [Loc_hal_worker(1283,1397)] issueRequest: Pushing a request to the queue.
02-29 14:26:46.083  1283  1397 D RequestManager: [RequestManager.cpp: 495] [Loc_hal_worker(1283,1397)] issueRequest: Pushed a request to the queue.
02-29 14:26:46.084  1283  1397 D RequestManager: [RequestManager.cpp: 483] [Loc_hal_worker(1283,1397)] issueRequest: Pushing a request to the queue.
02-29 14:26:46.084  1283  1397 D RequestManager: [RequestManager.cpp: 495] [Loc_hal_worker(1283,1397)] issueRequest: Pushed a request to the queue.
02-29 14:26:46.084  1283  1397 D RequestManager: [RequestManager.cpp: 483] [Loc_hal_worker(1283,1397)] issueRequest: Pushing a request to the queue.
02-29 14:26:46.084  1283  1397 D RequestManager: [RequestManager.cpp: 495] [Loc_hal_worker(1283,1397)] issueRequest: Pushed a request to the queue.
02-29 14:26:46.084  1283  1397 D RequestManager: [RequestManager.cpp: 483] [Loc_hal_worker(1283,1397)] issueRequest: Pushing a request to the queue.
02-29 14:26:46.084  1283  1397 D RequestManager: [RequestManager.cpp: 495] [Loc_hal_worker(1283,1397)] issueRequest: Pushed a request to the queue.
02-29 14:26:46.084  1283  1397 D RequestManager: [RequestManager.cpp: 483] [Loc_hal_worker(1283,1397)] issueRequest: Pushing a request to the queue.
02-29 14:26:46.084  1283  3756 D RequestManager: [RequestManager.cpp: 135] [Loc_hal_worker(1283,3756)] listenForRequests: Got one or more requests.
02-29 14:26:46.084  1283  3756 D RequestManager: [RequestManager.cpp: 139] [Loc_hal_worker(1283,3756)] listenForRequests: Processing request with ID 108.
02-29 14:26:46.084  1283  3756 D RequestManager: [RequestManager.cpp: 167] [Loc_hal_worker(1283,3756)] listenForRequests: Sending request to the server.
02-29 14:26:46.084  1283  3756 D RequestManager: [RequestManager.cpp: 222] [Loc_hal_worker(1283,3756)] sendRequestToServer: Sending buffer of size 12
02-29 14:26:46.084  1283  3756 D RequestManager: [RequestManager.cpp: 268] [Loc_hal_worker(1283,3756)] writeToSocket: Buffer contents: 00 00 00 0C 
02-29 14:26:46.084  1283  3756 D RequestManager: [RequestManager.cpp: 278] [Loc_hal_worker(1283,3756)] writeToSocket: Wrote 4 bytes to the socket.
02-29 14:26:46.084  1283  3756 D RequestManager: [RequestManager.cpp: 268] [Loc_hal_worker(1283,3756)] writeToSocket: Buffer contents: 6C 00 00 00 
02-29 14:26:46.084  1283  3756 D RequestManager: [RequestManager.cpp: 278] [Loc_hal_worker(1283,3756)] writeToSocket: Wrote 4 bytes to the socket.
02-29 14:26:46.084  1283  3756 D RequestManager: [RequestManager.cpp: 268] [Loc_hal_worker(1283,3756)] writeToSocket: Buffer contents: D0 7B 8F 81 70 00 00 B4 
02-29 14:26:46.084  1765  2483 I qcrilNrd: Buffer size: 12
02-29 14:26:46.084  1765  2483 I qcrilNrd: Buffer contents: 6C 00 00 00 D0 7B 8F 81 70 00 00 B4 
02-29 14:26:46.084  1283  3756 D RequestManager: [RequestManager.cpp: 278] [Loc_hal_worker(1283,3756)] writeToSocket: Wrote 8 bytes to the socket.
02-29 14:26:46.084  1283  3756 D RequestManager: [RequestManager.cpp: 268] [Loc_hal_worker(1283,3756)] writeToSocket: Buffer contents: 
02-29 14:26:46.084  1283  3756 D RequestManager: [RequestManager.cpp: 139] [Loc_hal_worker(1283,3756)] listenForRequests: Processing request with ID 20.
02-29 14:26:46.084  1283  3756 D RequestManager: [RequestManager.cpp: 167] [Loc_hal_worker(1283,3756)] listenForRequests: Sending request to the server.
02-29 14:26:46.084  1283  3756 D RequestManager: [RequestManager.cpp: 222] [Loc_hal_worker(1283,3756)] sendRequestToServer: Sending buffer of size 12
02-29 14:26:46.084  1283  3756 D RequestManager: [RequestManager.cpp: 268] [Loc_hal_worker(1283,3756)] writeToSocket: Buffer contents: 00 00 00 0C 
02-29 14:26:46.085  1283  1397 D RequestManager: [RequestManager.cpp: 495] [Loc_hal_worker(1283,1397)] issueRequest: Pushed a request to the queue.
02-29 14:26:46.085  1283  1397 D RequestManager: [RequestManager.cpp: 483] [Loc_hal_worker(1283,1397)] issueRequest: Pushing a request to the queue.
02-29 14:26:46.085  1283  1397 D RequestManager: [RequestManager.cpp: 495] [Loc_hal_worker(1283,1397)] issueRequest: Pushed a request to the queue.
02-29 14:26:46.085  1762  7398 I qcrilNrd: RIL Response bytes written:4
02-29 14:26:46.085  1762  7398 I qcrilNrd: RIL Response bytes written:122
02-29 14:26:46.085  1765  2781 I qcrilNrd: RIL Response bytes written:4
02-29 14:26:46.085  1765  2781 I qcrilNrd: RIL Response bytes written:385
02-29 14:26:46.085  1283  3757 D RequestManager: [RequestManager.cpp: 341] [Loc_hal_worker(1283,3757)] listenForResponses: record_stream_get_next: recordLen: 385, ret: 0, errno: 0, errStr: Success, socket fd: 36
02-29 14:26:46.085  1283  3757 D RequestManager: [RequestManager.cpp: 358] [Loc_hal_worker(1283,3757)] listenForResponses: Got a response parcel
02-29 14:26:46.085  1283  3756 D RequestManager: [RequestManager.cpp: 278] [Loc_hal_worker(1283,3756)] writeToSocket: Wrote 4 bytes to the socket.
02-29 14:26:46.085  1283  3756 D RequestManager: [RequestManager.cpp: 268] [Loc_hal_worker(1283,3756)] writeToSocket: Buffer contents: 14 00 00 00 
02-29 14:26:46.086  3601  4795 D RILJ    : [0594]< VOICE_REGISTRATION_STATE android.hardware.radio.network.RegStateResult{regState: REG_HOME, rat: NR, reasonForDenial: NONE, cellIdentity: android.hardware.radio.network.CellIdentity.nr(android.hardware.radio.network.CellIdentityNr{mcc: 460, mnc: 00, nci: 43218477057, pci: 23, tac: 1048617, nrarfcn: 504990, operatorNames: android.hardware.radio.network.OperatorInfo{alphaLong: CMCC, alphaShort: CMCC, operatorNumeric: 46000, status: 2}, additionalPlmns: [], bands: [BAND_41]}), registeredPlmn: 46000, accessTechnologySpecificInfo: android.hardware.radio.network.AccessTechnologySpecificInfo.noinit(false)} [PHONE0]
02-29 14:26:46.086  1283  3756 D RequestManager: [RequestManager.cpp: 278] [Loc_hal_worker(1283,3756)] writeToSocket: Wrote 4 bytes to the socket.
02-29 14:26:46.086  1283  3756 D RequestManager: [RequestManager.cpp: 268] [Loc_hal_worker(1283,3756)] writeToSocket: Buffer contents: 50 7B 8F 81 70 00 00 B4 
02-29 14:26:46.086  1765  2483 I qcrilNrd: Buffer size: 12
02-29 14:26:46.086  1765  2483 I qcrilNrd: Buffer contents: 14 00 00 00 50 7B 8F 81 70 00 00 B4 
02-29 14:26:46.086  1765  2483 I qcrilNrd: Dispatching get voice registration state.
02-29 14:26:46.086  1283  3755 D RequestManager: [RequestManager.cpp: 341] [Loc_hal_worker(1283,3755)] listenForResponses: record_stream_get_next: recordLen: 122, ret: 0, errno: 0, errStr: Success, socket fd: 35
02-29 14:26:46.086  1283  3755 D RequestManager: [RequestManager.cpp: 358] [Loc_hal_worker(1283,3755)] listenForResponses: Got a response parcel
02-29 14:26:46.086  1283  3756 D RequestManager: [RequestManager.cpp: 278] [Loc_hal_worker(1283,3756)] writeToSocket: Wrote 8 bytes to the socket.
02-29 14:26:46.086  1283  3756 D RequestManager: [RequestManager.cpp: 268] [Loc_hal_worker(1283,3756)] writeToSocket: Buffer contents: 
02-29 14:26:46.086  1283  3756 D RequestManager: [RequestManager.cpp: 139] [Loc_hal_worker(1283,3756)] listenForRequests: Processing request with ID 21.
02-29 14:26:46.086  1283  3756 D RequestManager: [RequestManager.cpp: 167] [Loc_hal_worker(1283,3756)] listenForRequests: Sending request to the server.
02-29 14:26:46.086  1283  3756 D RequestManager: [RequestManager.cpp: 222] [Loc_hal_worker(1283,3756)] sendRequestToServer: Sending buffer of size 12
02-29 14:26:46.086  3601  4072 D NRM-I-0 : onRequestNetworkRegistrationInfoComplete result: 0, info: NetworkRegistrationInfo{ domain=PS transportType=WLAN registrationState=NOT_REG_OR_SEARCHING mInitialRegistrationState=NOT_REG_OR_SEARCHING roamingType=NOT_ROAMING accessNetworkTechnology=UNKNOWN rejectCause=0 emergencyEnabled=false availableServices=[] cellIdentity=null voiceSpecificInfo=null dataSpecificInfo=null nrState=**** rRplmn= isUsingCarrierAggregation=false}
02-29 14:26:46.086  1283  3756 D RequestManager: [RequestManager.cpp: 268] [Loc_hal_worker(1283,3756)] writeToSocket: Buffer contents: 00 00 00 0C 
02-29 14:26:46.086  1283  3756 D RequestManager: [RequestManager.cpp: 278] [Loc_hal_worker(1283,3756)] writeToSocket: Wrote 4 bytes to the socket.
02-29 14:26:46.086  1283  3756 D RequestManager: [RequestManager.cpp: 268] [Loc_hal_worker(1283,3756)] writeToSocket: Buffer contents: 15 00 00 00 
02-29 14:26:46.086  1283  3756 D RequestManager: [RequestManager.cpp: 278] [Loc_hal_worker(1283,3756)] writeToSocket: Wrote 4 bytes to the socket.
02-29 14:26:46.086  1283  3756 D RequestManager: [RequestManager.cpp: 268] [Loc_hal_worker(1283,3756)] writeToSocket: Buffer contents: 10 7F 8F 81 70 00 00 B4 
02-29 14:26:46.086  1765  2483 I qcrilNrd: Buffer size: 12
02-29 14:26:46.086  1765  2483 I qcrilNrd: Buffer contents: 15 00 00 00 10 7F 8F 81 70 00 00 B4 
02-29 14:26:46.086  1283  3756 D RequestManager: [RequestManager.cpp: 278] [Loc_hal_worker(1283,3756)] writeToSocket: Wrote 8 bytes to the socket.
02-29 14:26:46.086  1283  3756 D RequestManager: [RequestManager.cpp: 268] [Loc_hal_worker(1283,3756)] writeToSocket: Buffer contents: 
02-29 14:26:46.086  1283  3756 D RequestManager: [RequestManager.cpp: 139] [Loc_hal_worker(1283,3756)] listenForRequests: Processing request with ID 28.
02-29 14:26:46.086  1283  3756 D RequestManager: [RequestManager.cpp: 167] [Loc_hal_worker(1283,3756)] listenForRequests: Sending request to the server.
02-29 14:26:46.086  1283  3756 D RequestManager: [RequestManager.cpp: 222] [Loc_hal_worker(1283,3756)] sendRequestToServer: Sending buffer of size 88
02-29 14:26:46.086  1283  3756 D RequestManager: [RequestManager.cpp: 268] [Loc_hal_worker(1283,3756)] writeToSocket: Buffer contents: 00 00 00 58 
02-29 14:26:46.087  1765  2781 I qcrilNrd: RIL Response bytes written:4
02-29 14:26:46.087  1765  2781 I qcrilNrd: RIL Response bytes written:12
02-29 14:26:46.087  1283  3756 D RequestManager: [RequestManager.cpp: 278] [Loc_hal_worker(1283,3756)] writeToSocket: Wrote 4 bytes to the socket.
02-29 14:26:46.087  1283  3756 D RequestManager: [RequestManager.cpp: 268] [Loc_hal_worker(1283,3756)] writeToSocket: Buffer contents: 1C 00 00 00 
02-29 14:26:46.087  3601  3601 D SST     : [0] handleMessage: received event 6
02-29 14:26:46.087  3601  3601 D SST     : [0] QTISST: handlePollStateResultMessage processing 6
02-29 14:26:46.087  3601  3601 D SST     : [0] handlePollStateResultMessage: PS IWLAN. NetworkRegistrationInfo{ domain=PS transportType=WLAN registrationState=NOT_REG_OR_SEARCHING mInitialRegistrationState=NOT_REG_OR_SEARCHING roamingType=NOT_ROAMING accessNetworkTechnology=UNKNOWN rejectCause=0 emergencyEnabled=false availableServices=[] cellIdentity=null voiceSpecificInfo=null dataSpecificInfo=null nrState=**** rRplmn= isUsingCarrierAggregation=false}
02-29 14:26:46.087  1283  3756 D RequestManager: [RequestManager.cpp: 278] [Loc_hal_worker(1283,3756)] writeToSocket: Wrote 4 bytes to the socket.
02-29 14:26:46.087  1283  3756 D RequestManager: [RequestManager.cpp: 268] [Loc_hal_worker(1283,3756)] writeToSocket: Buffer contents: 90 7C 8F 81 70 00 00 B4 
02-29 14:26:46.088  1762  7399 I qcrilNrd: RIL Response bytes written:4
02-29 14:26:46.088  1762  7399 I qcrilNrd: RIL Response bytes written:122
02-29 14:26:46.088  3601  4065 D RILJ    : [0597]> DATA_REGISTRATION_STATE [PHONE1]
02-29 14:26:46.088  3601  4065 D RILJ    : getDataRegistrationState: overrideHalVersion=null [PHONE1]
02-29 14:26:46.088  3601  4072 D NRM-I-1 : onRequestNetworkRegistrationInfoComplete result: 0, info: NetworkRegistrationInfo{ domain=PS transportType=WLAN registrationState=NOT_REG_OR_SEARCHING mInitialRegistrationState=NOT_REG_OR_SEARCHING roamingType=NOT_ROAMING accessNetworkTechnology=UNKNOWN rejectCause=0 emergencyEnabled=false availableServices=[] cellIdentity=null voiceSpecificInfo=null dataSpecificInfo=null nrState=**** rRplmn= isUsingCarrierAggregation=false}
02-29 14:26:46.088  1765  2781 I qcrilNrd: RIL Response bytes written:4
02-29 14:26:46.088  1765  2781 I qcrilNrd: RIL Response bytes written:20
02-29 14:26:46.088  1762  7400 I qcrilNrd: RIL Response bytes written:4
02-29 14:26:46.088  1762  7400 I qcrilNrd: RIL Response bytes written:145
02-29 14:26:46.089  1283  3755 D RequestManager: [RequestManager.cpp: 341] [Loc_hal_worker(1283,3755)] listenForResponses: record_stream_get_next: recordLen: 122, ret: 0, errno: 0, errStr: Success, socket fd: 35
02-29 14:26:46.089  1283  3755 D RequestManager: [RequestManager.cpp: 358] [Loc_hal_worker(1283,3755)] listenForResponses: Got a response parcel
02-29 14:26:46.089  1283  3755 D RequestManager: [RequestManager.cpp: 341] [Loc_hal_worker(1283,3755)] listenForResponses: record_stream_get_next: recordLen: 145, ret: 0, errno: 0, errStr: Success, socket fd: 35
02-29 14:26:46.089  1283  3755 D RequestManager: [RequestManager.cpp: 358] [Loc_hal_worker(1283,3755)] listenForResponses: Got a response parcel
02-29 14:26:46.089  1283  3756 D RequestManager: [RequestManager.cpp: 278] [Loc_hal_worker(1283,3756)] writeToSocket: Wrote 8 bytes to the socket.
02-29 14:26:46.089  1283  3756 D RequestManager: [RequestManager.cpp: 268] [Loc_hal_worker(1283,3756)] writeToSocket: Buffer contents: 00 00 00 B0 00 00 6F AD 00 00 00 08 33 46 30 30 37 46 46 46 00 00 00 00 00 00 00 00 00 00 00 00 FF FF FF FF FF FF FF FF 00 00 00 20 61 30 30 30 30 30 30 30 38 37 31 30 30 32 66 66 38 36 66 66 66 66 38 39 66 66 66 66 66 66 66 66 
02-29 14:26:46.089  1765  2483 I qcrilNrd: Buffer size: 88
02-29 14:26:46.089  1765  2483 I qcrilNrd: Buffer contents: 1C 00 00 00 90 7C 8F 81 70 00 00 B4 00 00 00 B0 00 00 6F AD 00 00 00 08 33 46 30 30 37 46 46 46 00 00 00 00 00 00 00 00 00 00 00 00 FF FF FF FF FF FF FF FF 00 00 00 20 61 30 30 30 30 30 30 30 38 37 31 30 30 32 66 66 38 36 66 66 66 66 38 39 66 66 66 66 66 66 66 66 
02-29 14:26:46.089  1765  2771 I qcrilNrd: RIL Response bytes written:4
02-29 14:26:46.089  1765  2771 I qcrilNrd: RIL Response bytes written:28
02-29 14:26:46.090  1283  3757 D RequestManager: [RequestManager.cpp: 341] [Loc_hal_worker(1283,3757)] listenForResponses: record_stream_get_next: recordLen: 12, ret: 0, errno: 0, errStr: Success, socket fd: 36
02-29 14:26:46.090  1283  3757 D RequestManager: [RequestManager.cpp: 358] [Loc_hal_worker(1283,3757)] listenForResponses: Got a response parcel
02-29 14:26:46.090  3601  3781 D RILJ    : [0591]< DATA_REGISTRATION_STATE android.hardware.radio.network.RegStateResult{regState: REG_HOME, rat: NR, reasonForDenial: NONE, cellIdentity: android.hardware.radio.network.CellIdentity.nr(android.hardware.radio.network.CellIdentityNr{mcc: 460, mnc: 00, nci: 43218477057, pci: 23, tac: 1048617, nrarfcn: 504990, operatorNames: android.hardware.radio.network.OperatorInfo{alphaLong: CMCC, alphaShort: CMCC, operatorNumeric: 46000, status: 2}, additionalPlmns: [], bands: [BAND_41]}), registeredPlmn: 46000, accessTechnologySpecificInfo: android.hardware.radio.network.AccessTechnologySpecificInfo.ngranNrVopsInfo(android.hardware.radio.network.NrVopsInfo{vopsSupported: 1, emcSupported: 0, emfSupported: 0})} [PHONE0]
02-29 14:26:46.090  1765  7288 I qcrilNrd: RIL Response bytes written:4
02-29 14:26:46.090  1765  7288 I qcrilNrd: RIL Response bytes written:44
02-29 14:26:46.090  1283  3757 D RequestManager: [RequestManager.cpp: 341] [Loc_hal_worker(1283,3757)] listenForResponses: record_stream_get_next: recordLen: 20, ret: 0, errno: 0, errStr: Success, socket fd: 36
02-29 14:26:46.090  1283  3757 D RequestManager: [RequestManager.cpp: 358] [Loc_hal_worker(1283,3757)] listenForResponses: Got a response parcel
02-29 14:26:46.090  1283  3757 D RequestManager: [RequestManager.cpp: 341] [Loc_hal_worker(1283,3757)] listenForResponses: record_stream_get_next: recordLen: 28, ret: 0, errno: 0, errStr: Success, socket fd: 36
02-29 14:26:46.090  1283  3757 D RequestManager: [RequestManager.cpp: 358] [Loc_hal_worker(1283,3757)] listenForResponses: Got a response parcel
02-29 14:26:46.090  1283  3757 D RequestManager: [RequestManager.cpp: 483] [Loc_hal_worker(1283,3757)] issueRequest: Pushing a request to the queue.
02-29 14:26:46.091  1283  3757 D RequestManager: [RequestManager.cpp: 495] [Loc_hal_worker(1283,3757)] issueRequest: Pushed a request to the queue.
02-29 14:26:46.091  1283  3757 D RequestManager: [RequestManager.cpp: 341] [Loc_hal_worker(1283,3757)] listenForResponses: record_stream_get_next: recordLen: 44, ret: 0, errno: 0, errStr: Success, socket fd: 36
02-29 14:26:46.091  1762  7123 I qcrilNrd: RIL Response bytes written:4
02-29 14:26:46.091  3601  3781 D RILJ    : [0589]< OPERATOR {CMCC, CMCC, 46000} [PHONE0]
02-29 14:26:46.091  1762  7123 I qcrilNrd: RIL Response bytes written:41
02-29 14:26:46.091  1283  3757 D RequestManager: [RequestManager.cpp: 358] [Loc_hal_worker(1283,3757)] listenForResponses: Got a response parcel
02-29 14:26:46.091  1283  3756 D RequestManager: [RequestManager.cpp: 278] [Loc_hal_worker(1283,3756)] writeToSocket: Wrote 76 bytes to the socket.
02-29 14:26:46.091  1283  3756 D RequestManager: [RequestManager.cpp: 135] [Loc_hal_worker(1283,3756)] listenForRequests: Got one or more requests.
02-29 14:26:46.091  1283  3756 D RequestManager: [RequestManager.cpp: 139] [Loc_hal_worker(1283,3756)] listenForRequests: Processing request with ID 22.
02-29 14:26:46.091  1283  3756 D RequestManager: [RequestManager.cpp: 167] [Loc_hal_worker(1283,3756)] listenForRequests: Sending request to the server.
02-29 14:26:46.091  1283  3756 D RequestManager: [RequestManager.cpp: 222] [Loc_hal_worker(1283,3756)] sendRequestToServer: Sending buffer of size 12
02-29 14:26:46.091  1283  3756 D RequestManager: [RequestManager.cpp: 268] [Loc_hal_worker(1283,3756)] writeToSocket: Buffer contents: 00 00 00 0C 
02-29 14:26:46.091  3601  4058 D RILJ    : [0584]< SET_UNSOLICITED_RESPONSE_FILTER  [PHONE1]
02-29 14:26:46.092  1762  7123 I qcrilNrd: RIL Response bytes written:4
02-29 14:26:46.092  1762  7123 I qcrilNrd: RIL Response bytes written:8
02-29 14:26:46.092  1283  3756 D RequestManager: [RequestManager.cpp: 278] [Loc_hal_worker(1283,3756)] writeToSocket: Wrote 4 bytes to the socket.
02-29 14:26:46.092  1283  3756 D RequestManager: [RequestManager.cpp: 268] [Loc_hal_worker(1283,3756)] writeToSocket: Buffer contents: 16 00 00 00 
02-29 14:26:46.092  1283  3756 D RequestManager: [RequestManager.cpp: 278] [Loc_hal_worker(1283,3756)] writeToSocket: Wrote 4 bytes to the socket.
02-29 14:26:46.092  1283  3756 D RequestManager: [RequestManager.cpp: 268] [Loc_hal_worker(1283,3756)] writeToSocket: Buffer contents: 90 71 8F 81 70 00 00 B4 
02-29 14:26:46.092  1765  2483 I qcrilNrd: Buffer size: 12
02-29 14:26:46.092  1765  2483 I qcrilNrd: Buffer contents: 16 00 00 00 90 71 8F 81 70 00 00 B4 
02-29 14:26:46.092  3601  4072 D RILJ    : Unsol response received; Sending ack to ril.cpp [PHONE0]
02-29 14:26:46.092  1283  3756 D RequestManager: [RequestManager.cpp: 278] [Loc_hal_worker(1283,3756)] writeToSocket: Wrote 8 bytes to the socket.
02-29 14:26:46.092  3601  4072 D RILJ    : [UNSL]< UNSOL_RESPONSE_NETWORK_STATE_CHANGED [PHONE0]
02-29 14:26:46.092  1283  3756 D RequestManager: [RequestManager.cpp: 268] [Loc_hal_worker(1283,3756)] writeToSocket: Buffer contents: 
02-29 14:26:46.092  1283  3756 D RequestManager: [RequestManager.cpp: 139] [Loc_hal_worker(1283,3756)] listenForRequests: Processing request with ID 109.
02-29 14:26:46.092  1283  3756 D RequestManager: [RequestManager.cpp: 167] [Loc_hal_worker(1283,3756)] listenForRequests: Sending request to the server.
02-29 14:26:46.092  1283  3756 D RequestManager: [RequestManager.cpp: 222] [Loc_hal_worker(1283,3756)] sendRequestToServer: Sending buffer of size 12
02-29 14:26:46.092  1283  3756 D RequestManager: [RequestManager.cpp: 268] [Loc_hal_worker(1283,3756)] writeToSocket: Buffer contents: 00 00 00 0C 
02-29 14:26:46.092  1283  3756 D RequestManager: [RequestManager.cpp: 278] [Loc_hal_worker(1283,3756)] writeToSocket: Wrote 4 bytes to the socket.
02-29 14:26:46.092  1283  3756 D RequestManager: [RequestManager.cpp: 268] [Loc_hal_worker(1283,3756)] writeToSocket: Buffer contents: 6D 00 00 00 
02-29 14:26:46.092  1283  3756 D RequestManager: [RequestManager.cpp: 278] [Loc_hal_worker(1283,3756)] writeToSocket: Wrote 4 bytes to the socket.
02-29 14:26:46.092  1283  3756 D RequestManager: [RequestManager.cpp: 268] [Loc_hal_worker(1283,3756)] writeToSocket: Buffer contents: 10 81 8F 81 70 00 00 B4 
02-29 14:26:46.092  1765  2483 I qcrilNrd: Buffer size: 12
02-29 14:26:46.092  1765  2483 I qcrilNrd: Buffer contents: 6D 00 00 00 10 81 8F 81 70 00 00 B4 
02-29 14:26:46.092  1283  3756 D RequestManager: [RequestManager.cpp: 278] [Loc_hal_worker(1283,3756)] writeToSocket: Wrote 8 bytes to the socket.
02-29 14:26:46.092  1283  3756 D RequestManager: [RequestManager.cpp: 268] [Loc_hal_worker(1283,3756)] writeToSocket: Buffer contents: 
02-29 14:26:46.092  1283  3756 D RequestManager: [RequestManager.cpp: 139] [Loc_hal_worker(1283,3756)] listenForRequests: Processing request with ID 11.
02-29 14:26:46.092  1283  3756 D RequestManager: [RequestManager.cpp: 167] [Loc_hal_worker(1283,3756)] listenForRequests: Sending request to the server.
02-29 14:26:46.092  1283  3756 D RequestManager: [RequestManager.cpp: 222] [Loc_hal_worker(1283,3756)] sendRequestToServer: Sending buffer of size 52
02-29 14:26:46.092  1283  3756 D RequestManager: [RequestManager.cpp: 268] [Loc_hal_worker(1283,3756)] writeToSocket: Buffer contents: 00 00 00 34 
02-29 14:26:46.092  1283  3756 D RequestManager: [RequestManager.cpp: 278] [Loc_hal_worker(1283,3756)] writeToSocket: Wrote 4 bytes to the socket.
02-29 14:26:46.092  1283  3756 D RequestManager: [RequestManager.cpp: 268] [Loc_hal_worker(1283,3756)] writeToSocket: Buffer contents: 0B 00 00 00 
02-29 14:26:46.092  1283  3756 D RequestManager: [RequestManager.cpp: 278] [Loc_hal_worker(1283,3756)] writeToSocket: Wrote 4 bytes to the socket.
02-29 14:26:46.092  1283  3756 D RequestManager: [RequestManager.cpp: 268] [Loc_hal_worker(1283,3756)] writeToSocket: Buffer contents: D0 00 8F 81 70 00 00 B4 
02-29 14:26:46.092  1283  3756 D RequestManager: [RequestManager.cpp: 278] [Loc_hal_worker(1283,3756)] writeToSocket: Wrote 8 bytes to the socket.
02-29 14:26:46.092  1283  3755 D RequestManager: [RequestManager.cpp: 341] [Loc_hal_worker(1283,3755)] listenForResponses: record_stream_get_next: recordLen: 41, ret: 0, errno: 0, errStr: Success, socket fd: 35
02-29 14:26:46.092  1283  3756 D RequestManager: [RequestManager.cpp: 268] [Loc_hal_worker(1283,3756)] writeToSocket: Buffer contents: 00 00 00 01 00 00 00 20 61 30 30 30 30 30 30 30 38 37 31 30 30 32 66 66 38 36 66 66 66 66 38 39 66 66 66 66 66 66 66 66 
02-29 14:26:46.092  1283  3755 D RequestManager: [RequestManager.cpp: 358] [Loc_hal_worker(1283,3755)] listenForResponses: Got a response parcel
02-29 14:26:46.092  1765  2483 I qcrilNrd: Buffer size: 52
02-29 14:26:46.092  1765  2483 I qcrilNrd: Buffer contents: 0B 00 00 00 D0 00 8F 81 70 00 00 B4 00 00 00 01 00 00 00 20 61 30 30 30 30 30 30 30 38 37 31 30 30 32 66 66 38 36 66 66 66 66 38 39 66 66 66 66 66 66 66 66 
02-29 14:26:46.092  1283  3755 D RequestManager: [RequestManager.cpp: 341] [Loc_hal_worker(1283,3755)] listenForResponses: record_stream_get_next: recordLen: 8, ret: 0, errno: 0, errStr: Success, socket fd: 35
02-29 14:26:46.092  1283  3755 D RequestManager: [RequestManager.cpp: 358] [Loc_hal_worker(1283,3755)] listenForResponses: Got a response parcel
02-29 14:26:46.092  1283  3756 D RequestManager: [RequestManager.cpp: 278] [Loc_hal_worker(1283,3756)] writeToSocket: Wrote 40 bytes to the socket.
02-29 14:26:46.092  3601  3601 D SST     : [1] handleMessage: received event 6
02-29 14:26:46.092  1283  1397 D RequestManager: [RequestManager.cpp: 483] [Loc_hal_worker(1283,1397)] issueRequest: Pushing a request to the queue.
02-29 14:26:46.092  3601  3601 D SST     : [1] QTISST: handlePollStateResultMessage processing 6
02-29 14:26:46.092  1283  1397 D RequestManager: [RequestManager.cpp: 495] [Loc_hal_worker(1283,1397)] issueRequest: Pushed a request to the queue.
02-29 14:26:46.092  1283  1397 D RequestManager: [RequestManager.cpp: 483] [Loc_hal_worker(1283,1397)] issueRequest: Pushing a request to the queue.
02-29 14:26:46.092  1283  1397 D RequestManager: [RequestManager.cpp: 495] [Loc_hal_worker(1283,1397)] issueRequest: Pushed a request to the queue.
02-29 14:26:46.092  1283  1397 D RequestManager: [RequestManager.cpp: 483] [Loc_hal_worker(1283,1397)] issueRequest: Pushing a request to the queue.
02-29 14:26:46.092  3601  3601 D SST     : [1] handlePollStateResultMessage: PS IWLAN. NetworkRegistrationInfo{ domain=PS transportType=WLAN registrationState=NOT_REG_OR_SEARCHING mInitialRegistrationState=NOT_REG_OR_SEARCHING roamingType=NOT_ROAMING accessNetworkTechnology=UNKNOWN rejectCause=0 emergencyEnabled=false availableServices=[] cellIdentity=null voiceSpecificInfo=null dataSpecificInfo=null nrState=**** rRplmn= isUsingCarrierAggregation=false}
02-29 14:26:46.092  1283  1397 D RequestManager: [RequestManager.cpp: 495] [Loc_hal_worker(1283,1397)] issueRequest: Pushed a request to the queue.
02-29 14:26:46.092  1283  1397 D RequestManager: [RequestManager.cpp: 483] [Loc_hal_worker(1283,1397)] issueRequest: Pushing a request to the queue.
02-29 14:26:46.092  3601  4065 D RILJ    : [0598]> VOICE_REGISTRATION_STATE [PHONE1]
02-29 14:26:46.092  1283  1397 D RequestManager: [RequestManager.cpp: 495] [Loc_hal_worker(1283,1397)] issueRequest: Pushed a request to the queue.
02-29 14:26:46.092  1283  1397 D RequestManager: [RequestManager.cpp: 483] [Loc_hal_worker(1283,1397)] issueRequest: Pushing a request to the queue.
02-29 14:26:46.092  1283  1397 D RequestManager: [RequestManager.cpp: 495] [Loc_hal_worker(1283,1397)] issueRequest: Pushed a request to the queue.
02-29 14:26:46.092  1283  1397 D RequestManager: [RequestManager.cpp: 483] [Loc_hal_worker(1283,1397)] issueRequest: Pushing a request to the queue.
02-29 14:26:46.092  1283  1397 D RequestManager: [RequestManager.cpp: 495] [Loc_hal_worker(1283,1397)] issueRequest: Pushed a request to the queue.
02-29 14:26:46.093  3601  4058 D RILJ    : [0588]< SET_SIGNAL_STRENGTH_REPORTING_CRITERIA  [PHONE1]
02-29 14:26:46.093  1765  7288 I qcrilNrd: RIL Response bytes written:4
02-29 14:26:46.093  1765  7288 I qcrilNrd: RIL Response bytes written:28
02-29 14:26:46.093  3601  3601 D SST     : [0] handleMessage: received event 7
02-29 14:26:46.093  3601  4065 D RILJ    : getVoiceRegistrationState: overrideHalVersion=null [PHONE1]
02-29 14:26:46.093  3601  4058 D RILJ    : [0595]< OPERATOR {, , } [PHONE1]
02-29 14:26:46.093  3601  3601 D SST     : [0] QTISST: handlePollStateResultMessage processing 7
02-29 14:26:46.093  3601  4074 D RILJ    : [0596]< QUERY_NETWORK_SELECTION_MODE {0} [PHONE1]
02-29 14:26:46.093  1765  2771 I qcrilNrd: RIL Response bytes written:4
02-29 14:26:46.093  1765  2771 I qcrilNrd: RIL Response bytes written:20
02-29 14:26:46.093  3601  4065 D CellularNetworkService: No access tech specific info passes for RegStateResult
02-29 14:26:46.093  1283  3754 D RequestManager: [RequestManager.cpp: 135] [Loc_hal_worker(1283,3754)] listenForRequests: Got one or more requests.
02-29 14:26:46.093  1283  3754 D RequestManager: [RequestManager.cpp: 139] [Loc_hal_worker(1283,3754)] listenForRequests: Processing request with ID 108.
02-29 14:26:46.093  1283  3754 D RequestManager: [RequestManager.cpp: 167] [Loc_hal_worker(1283,3754)] listenForRequests: Sending request to the server.
02-29 14:26:46.093  1283  3754 D RequestManager: [RequestManager.cpp: 222] [Loc_hal_worker(1283,3754)] sendRequestToServer: Sending buffer of size 12
02-29 14:26:46.093  1283  3754 D RequestManager: [RequestManager.cpp: 268] [Loc_hal_worker(1283,3754)] writeToSocket: Buffer contents: 00 00 00 0C 
02-29 14:26:46.093  3601  3601 D SST     : [1] handleMessage: received event 7
02-29 14:26:46.093  3601  3601 D SST     : [1] QTISST: handlePollStateResultMessage processing 7
02-29 14:26:46.093  3601  4065 D NRM-C-0 : onRequestNetworkRegistrationInfoComplete result: 0, info: NetworkRegistrationInfo{ domain=CS transportType=WWAN registrationState=HOME mInitialRegistrationState=HOME roamingType=NOT_ROAMING accessNetworkTechnology=NR rejectCause=0 emergencyEnabled=false availableServices=[VOICE,SMS,VIDEO] cellIdentity=CellIdentityNr:{ mPci = 23 mTac = 1048617 mNrArfcn = 504990 mBands = [41] mMcc = 460 mMnc = 00 mNci = 43218477057 mAlphaLong = CMCC mAlphaShort = CMCC mAdditionalPlmns = {} mSnpnInfo = null mCagInfo = null } voiceSpecificInfo=VoiceSpecificRegistrationInfo { mCssSupported=false mRoamingIndicator=0 mSystemIsInPrl=0 mDefaultRoamingIndicator=0} dataSpecificInfo=null nrState=**** rRplmn=46000 isUsingCarrierAggregation=false}
02-29 14:26:46.093  3601  3601 D SST     : [1] handleMessage: received event 14
02-29 14:26:46.093  3601  3601 D SST     : [1] EVENT_POLL_STATE_NETWORK_SELECTION_MODE
02-29 14:26:46.093  3601  3601 D SST     : [1] QTISST: handlePollStateResultMessage processing 14
02-29 14:26:46.093  3601  3601 D SST     : [0] handleMessage: received event 4
02-29 14:26:46.093  3601  3601 D SST     : [0] QTISST: handlePollStateResultMessage processing 4
02-29 14:26:46.093  1283  3754 D RequestManager: [RequestManager.cpp: 278] [Loc_hal_worker(1283,3754)] writeToSocket: Wrote 4 bytes to the socket.
02-29 14:26:46.093  1283  3757 D RequestManager: [RequestManager.cpp: 341] [Loc_hal_worker(1283,3757)] listenForResponses: record_stream_get_next: recordLen: 28, ret: 0, errno: 0, errStr: Success, socket fd: 36
02-29 14:26:46.093  1283  3754 D RequestManager: [RequestManager.cpp: 268] [Loc_hal_worker(1283,3754)] writeToSocket: Buffer contents: 6C 00 00 00 
02-29 14:26:46.093  1283  3757 D RequestManager: [RequestManager.cpp: 358] [Loc_hal_worker(1283,3757)] listenForResponses: Got a response parcel
02-29 14:26:46.093  3601  4065 D NRM-C-0 : onRequestNetworkRegistrationInfoComplete result: 0, info: NetworkRegistrationInfo{ domain=PS transportType=WWAN registrationState=HOME mInitialRegistrationState=HOME roamingType=NOT_ROAMING accessNetworkTechnology=NR rejectCause=0 emergencyEnabled=false availableServices=[DATA] cellIdentity=CellIdentityNr:{ mPci = 23 mTac = 1048617 mNrArfcn = 504990 mBands = [41] mMcc = 460 mMnc = 00 mNci = 43218477057 mAlphaLong = CMCC mAlphaShort = CMCC mAdditionalPlmns = {} mSnpnInfo = null mCagInfo = null } voiceSpecificInfo=null dataSpecificInfo=android.telephony.DataSpecificRegistrationInfo :{ maxDataCalls = 16 isDcNrRestricted = false isNrAvailable = false isEnDcAvailable = false NrVopsSupportInfo :  mVopsSupport = 1 mEmcSupport = 0 mEmfSupport = 0 } nrState=**** rRplmn=46000 isUsingCarrierAggregation=false}
02-29 14:26:46.093  1283  3757 D RequestManager: [RequestManager.cpp: 341] [Loc_hal_worker(1283,3757)] listenForResponses: record_stream_get_next: recordLen: 20, ret: 0, errno: 0, errStr: Success, socket fd: 36
02-29 14:26:46.093  1283  3757 D RequestManager: [RequestManager.cpp: 358] [Loc_hal_worker(1283,3757)] listenForResponses: Got a response parcel
02-29 14:26:46.093  3601  4065 D NRM-C-0 : onNetworkStateChanged
02-29 14:26:46.093  1283  3754 D RequestManager: [RequestManager.cpp: 278] [Loc_hal_worker(1283,3754)] writeToSocket: Wrote 4 bytes to the socket.
02-29 14:26:46.093  1283  3754 D RequestManager: [RequestManager.cpp: 268] [Loc_hal_worker(1283,3754)] writeToSocket: Buffer contents: 90 7C 8F 81 70 00 00 B4 
02-29 14:26:46.093  3601  3601 D SST     : [0] handlePollStateResultMessage: CS cellular. NetworkRegistrationInfo{ domain=CS transportType=WWAN registrationState=HOME mInitialRegistrationState=HOME roamingType=NOT_ROAMING accessNetworkTechnology=NR rejectCause=0 emergencyEnabled=false availableServices=[VOICE,SMS,VIDEO] cellIdentity=CellIdentityNr:{ mPci = 23 mTac = 1048617 mNrArfcn = 504990 mBands = [41] mMcc = 460 mMnc = 00 mNci = 43218477057 mAlphaLong = CMCC mAlphaShort = CMCC mAdditionalPlmns = {} mSnpnInfo = null mCagInfo = null } voiceSpecificInfo=VoiceSpecificRegistrationInfo { mCssSupported=false mRoamingIndicator=0 mSystemIsInPrl=0 mDefaultRoamingIndicator=0} dataSpecificInfo=null nrState=**** rRplmn=46000 isUsingCarrierAggregation=false}
02-29 14:26:46.093  3601  3601 D SST     : [0] handleMessage: received event 5
02-29 14:26:46.093  1762  2224 I qcrilNrd: Buffer size: 12
02-29 14:26:46.093  1762  2224 I qcrilNrd: Buffer contents: 6C 00 00 00 90 7C 8F 81 70 00 00 B4 
02-29 14:26:46.093  3601  3601 D SST     : [0] QTISST: handlePollStateResultMessage processing 5
02-29 14:26:46.093  3601  3601 D SST     : [0] handlePollStateResultMessage: PS cellular. NetworkRegistrationInfo{ domain=PS transportType=WWAN registrationState=HOME mInitialRegistrationState=HOME roamingType=NOT_ROAMING accessNetworkTechnology=NR rejectCause=0 emergencyEnabled=false availableServices=[DATA] cellIdentity=CellIdentityNr:{ mPci = 23 mTac = 1048617 mNrArfcn = 504990 mBands = [41] mMcc = 460 mMnc = 00 mNci = 43218477057 mAlphaLong = CMCC mAlphaShort = CMCC mAdditionalPlmns = {} mSnpnInfo = null mCagInfo = null } voiceSpecificInfo=null dataSpecificInfo=android.telephony.DataSpecificRegistrationInfo :{ maxDataCalls = 16 isDcNrRestricted = false isNrAvailable = false isEnDcAvailable = false NrVopsSupportInfo :  mVopsSupport = 1 mEmcSupport = 0 mEmfSupport = 0 } nrState=**** rRplmn=46000 isUsingCarrierAggregation=false}
02-29 14:26:46.093  1283  3754 D RequestManager: [RequestManager.cpp: 278] [Loc_hal_worker(1283,3754)] writeToSocket: Wrote 8 bytes to the socket.
02-29 14:26:46.093  1283  3754 D RequestManager: [RequestManager.cpp: 268] [Loc_hal_worker(1283,3754)] writeToSocket: Buffer contents: 
02-29 14:26:46.093  1283  3754 D RequestManager: [RequestManager.cpp: 139] [Loc_hal_worker(1283,3754)] listenForRequests: Processing request with ID 20.
02-29 14:26:46.093  1283  3754 D RequestManager: [RequestManager.cpp: 167] [Loc_hal_worker(1283,3754)] listenForRequests: Sending request to the server.
02-29 14:26:46.093  1283  3754 D RequestManager: [RequestManager.cpp: 222] [Loc_hal_worker(1283,3754)] sendRequestToServer: Sending buffer of size 12
02-29 14:26:46.093  1283  3754 D RequestManager: [RequestManager.cpp: 268] [Loc_hal_worker(1283,3754)] writeToSocket: Buffer contents: 00 00 00 0C 
02-29 14:26:46.093  1283  3754 D RequestManager: [RequestManager.cpp: 278] [Loc_hal_worker(1283,3754)] writeToSocket: Wrote 4 bytes to the socket.
02-29 14:26:46.093  1283  3754 D RequestManager: [RequestManager.cpp: 268] [Loc_hal_worker(1283,3754)] writeToSocket: Buffer contents: 14 00 00 00 
02-29 14:26:46.093  1283  3754 D RequestManager: [RequestManager.cpp: 278] [Loc_hal_worker(1283,3754)] writeToSocket: Wrote 4 bytes to the socket.
02-29 14:26:46.093  3601  3601 D SST     : [0] combinePsRegistrationStates: {mVoiceRegState=0(IN_SERVICE), mDataRegState=0(IN_SERVICE), mChannelNumber=504990, duplexMode()=0, mCellBandwidths=[], mOperatorAlphaLong=CMCC, mOperatorAlphaShort=CMCC, isManualNetworkSelection=false(automatic), getRilVoiceRadioTechnology=20(NR_SA), getRilDataRadioTechnology=20(NR_SA), mCssIndicator=unsupported, mNetworkId=-1, mSystemId=-1, mCdmaRoamingIndicator=-1, mCdmaDefaultRoamingIndicator=-1, mIsEmergencyOnly=false, isUsingCarrierAggregation=false, mArfcnRsrpBoost=0, mNetworkRegistrationInfos=[NetworkRegistrationInfo{ domain=PS transportType=WLAN registrationState=NOT_REG_OR_SEARCHING mInitialRegistrationState=NOT_REG_OR_SEARCHING roamingType=NOT_ROAMING accessNetworkTechnology=UNKNOWN rejectCause=0 emergencyEnabled=false availableServices=[] cellIdentity=null voiceSpecificInfo=null dataSpecificInfo=null nrState=**** rRplmn= isUsingCarrierAggregation=false}, NetworkRegistrationInfo{ domain=CS transportType=WWAN registrationState=HOME mInitialRegistrationState=HOME roamingType=NOT_ROAMING accessNetworkTechnology=NR rejectCause=0 emergencyEnabled=false availableServices=[VOICE,SMS,VIDEO] cellIdentity=CellIdentityNr:{ mPci = 23 mTac = 1048617 mNrArfcn = 504990 mBands = [41] mMcc = 460 mMnc = 00 mNci = 43218477057 mAlphaLong = CMCC mAlphaShort = CMCC mAdditionalPlmns = {} mSnpnInfo = null mCagInfo = null } voiceSpecificInfo=VoiceSpecificRegistrationInfo { mCssSupported=false mRoamingIndicator=0 mSystemIsInPrl=0 mDefaultRoamingIndicator=0} dataSpecificInfo=null nrState=**** rRplmn=46000 isUsingCarrierAggregation=false}, NetworkRegistrationInfo{ domain=PS transportType=WWAN registrationState=HOME mInitialRegistrationState=HOME roamingType=NOT_ROAMING accessNetworkTechnology=NR rejectCause=0 emergencyEnabled=false availableServices=[DATA] cellIdentity=CellIdentityNr:{ mPci = 23 mTac = 1048617 mNrArfcn = 504990 mBands = [41] mMcc = 460 mMnc = 00 mNci = 43218477057 mAlphaLong = CMCC mAlphaShort = CMCC mAdditionalPlmns = {} mSnpnInfo = null mCagInfo = null } voiceSpecificInfo=null dataSpecificInfo=android.telephony.DataSpecificRegistrationInfo :{ maxDataCalls = 16 isDcNrRestricted = false isNrAvailable = false isEnDcAvailable = false NrVopsSupportInfo :  mVopsSupport = 1 mEmcSupport = 0 mEmfSupport = 0 } nrState=**** rRplmn=46000 isUsingCarrierAggregation=false}], mNrFrequencyRange=0, mOperatorAlphaLongRaw=CMCC, mOperatorAlphaShortRaw=CMCC, mIsDataRoamingFromRegistration=false, mIsIwlanPreferred=false}
02-29 14:26:46.093  1283  3754 D RequestManager: [RequestManager.cpp: 268] [Loc_hal_worker(1283,3754)] writeToSocket: Buffer contents: 50 7B 8F 81 70 00 00 B4 
02-29 14:26:46.093  1762  2224 I qcrilNrd: Buffer size: 12
02-29 14:26:46.093  1762  2224 I qcrilNrd: Buffer contents: 14 00 00 00 50 7B 8F 81 70 00 00 B4 
02-29 14:26:46.093  1762  2224 I qcrilNrd: Dispatching get voice registration state.
02-29 14:26:46.093  1283  3754 D RequestManager: [RequestManager.cpp: 278] [Loc_hal_worker(1283,3754)] writeToSocket: Wrote 8 bytes to the socket.
02-29 14:26:46.093  1283  3754 D RequestManager: [RequestManager.cpp: 268] [Loc_hal_worker(1283,3754)] writeToSocket: Buffer contents: 
02-29 14:26:46.093  1283  3754 D RequestManager: [RequestManager.cpp: 139] [Loc_hal_worker(1283,3754)] listenForRequests: Processing request with ID 21.
02-29 14:26:46.093  1283  3754 D RequestManager: [RequestManager.cpp: 167] [Loc_hal_worker(1283,3754)] listenForRequests: Sending request to the server.
02-29 14:26:46.093  1283  3754 D RequestManager: [RequestManager.cpp: 222] [Loc_hal_worker(1283,3754)] sendRequestToServer: Sending buffer of size 12
02-29 14:26:46.093  1283  3754 D RequestManager: [RequestManager.cpp: 268] [Loc_hal_worker(1283,3754)] writeToSocket: Buffer contents: 00 00 00 0C 
02-29 14:26:46.093  1283  3754 D RequestManager: [RequestManager.cpp: 278] [Loc_hal_worker(1283,3754)] writeToSocket: Wrote 4 bytes to the socket.
02-29 14:26:46.093  1283  3754 D RequestManager: [RequestManager.cpp: 268] [Loc_hal_worker(1283,3754)] writeToSocket: Buffer contents: 15 00 00 00 
02-29 14:26:46.093  1762  2800 I qcrilNrd: RIL Response bytes written:4
02-29 14:26:46.093  1762  2800 I qcrilNrd: RIL Response bytes written:20
02-29 14:26:46.093  1283  3755 D RequestManager: [RequestManager.cpp: 341] [Loc_hal_worker(1283,3755)] listenForResponses: record_stream_get_next: recordLen: 8, ret: -1, errno: 11, errStr: Try again, socket fd: 35
02-29 14:26:46.093  1283  3755 D RequestManager: [RequestManager.cpp: 341] [Loc_hal_worker(1283,3755)] listenForResponses: record_stream_get_next: recordLen: 20, ret: 0, errno: 0, errStr: Success, socket fd: 35
02-29 14:26:46.093  1283  3755 D RequestManager: [RequestManager.cpp: 358] [Loc_hal_worker(1283,3755)] listenForResponses: Got a response parcel
02-29 14:26:46.093  1765  7403 I qcrilNrd: RIL Response bytes written:4
02-29 14:26:46.093  1283  3754 D RequestManager: [RequestManager.cpp: 278] [Loc_hal_worker(1283,3754)] writeToSocket: Wrote 4 bytes to the socket.
02-29 14:26:46.093  1283  3754 D RequestManager: [RequestManager.cpp: 268] [Loc_hal_worker(1283,3754)] writeToSocket: Buffer contents: D0 7B 8F 81 70 00 00 B4 
02-29 14:26:46.093  1762  2224 I qcrilNrd: Buffer size: 12
02-29 14:26:46.093  1762  2224 I qcrilNrd: Buffer contents: 15 00 00 00 D0 7B 8F 81 70 00 00 B4 
02-29 14:26:46.093  1283  3757 D RequestManager: [RequestManager.cpp: 341] [Loc_hal_worker(1283,3757)] listenForResponses: record_stream_get_next: recordLen: 20, ret: -1, errno: 11, errStr: Try again, socket fd: 36
02-29 14:26:46.093  1765  7403 I qcrilNrd: RIL Response bytes written:16
02-29 14:26:46.093  1283  3754 D RequestManager: [RequestManager.cpp: 278] [Loc_hal_worker(1283,3754)] writeToSocket: Wrote 8 bytes to the socket.
02-29 14:26:46.093  1283  3754 D RequestManager: [RequestManager.cpp: 268] [Loc_hal_worker(1283,3754)] writeToSocket: Buffer contents: 
02-29 14:26:46.093  1283  3754 D RequestManager: [RequestManager.cpp: 139] [Loc_hal_worker(1283,3754)] listenForRequests: Processing request with ID 28.
02-29 14:26:46.093  1283  3754 D RequestManager: [RequestManager.cpp: 167] [Loc_hal_worker(1283,3754)] listenForRequests: Sending request to the server.
02-29 14:26:46.093  1283  3754 D RequestManager: [RequestManager.cpp: 222] [Loc_hal_worker(1283,3754)] sendRequestToServer: Sending buffer of size 88
02-29 14:26:46.093  1283  3754 D RequestManager: [RequestManager.cpp: 268] [Loc_hal_worker(1283,3754)] writeToSocket: Buffer contents: 00 00 00 58 
02-29 14:26:46.094  1283  3754 D RequestManager: [RequestManager.cpp: 278] [Loc_hal_worker(1283,3754)] writeToSocket: Wrote 4 bytes to the socket.
02-29 14:26:46.094  1283  3757 D RequestManager: [RequestManager.cpp: 341] [Loc_hal_worker(1283,3757)] listenForResponses: record_stream_get_next: recordLen: 16, ret: 0, errno: 0, errStr: Success, socket fd: 36
02-29 14:26:46.094  1283  3757 D RequestManager: [RequestManager.cpp: 358] [Loc_hal_worker(1283,3757)] listenForResponses: Got a response parcel
02-29 14:26:46.094  1283  3754 D RequestManager: [RequestManager.cpp: 268] [Loc_hal_worker(1283,3754)] writeToSocket: Buffer contents: 1C 00 00 00 
02-29 14:26:46.094  1283  3754 D RequestManager: [RequestManager.cpp: 278] [Loc_hal_worker(1283,3754)] writeToSocket: Wrote 4 bytes to the socket.
02-29 14:26:46.094  1283  3754 D RequestManager: [RequestManager.cpp: 268] [Loc_hal_worker(1283,3754)] writeToSocket: Buffer contents: D0 76 8F 81 70 00 00 B4 
02-29 14:26:46.094  3601  3601 D SST     : [0] Poll ServiceState done:  oldSS=[{mVoiceRegState=0(IN_SERVICE), mDataRegState=0(IN_SERVICE), mChannelNumber=504990, duplexMode()=0, mCellBandwidths=[], mOperatorAlphaLong=CMCC, mOperatorAlphaShort=CMCC, isManualNetworkSelection=false(automatic), getRilVoiceRadioTechnology=20(NR_SA), getRilDataRadioTechnology=20(NR_SA), mCssIndicator=unsupported, mNetworkId=-1, mSystemId=-1, mCdmaRoamingIndicator=-1, mCdmaDefaultRoamingIndicator=-1, mIsEmergencyOnly=false, isUsingCarrierAggregation=false, mArfcnRsrpBoost=0, mNetworkRegistrationInfos=[NetworkRegistrationInfo{ domain=PS transportType=WLAN registrationState=NOT_REG_OR_SEARCHING mInitialRegistrationState=NOT_REG_OR_SEARCHING roamingType=NOT_ROAMING accessNetworkTechnology=UNKNOWN rejectCause=0 emergencyEnabled=false availableServices=[] cellIdentity=null voiceSpecificInfo=null dataSpecificInfo=null nrState=**** rRplmn= isUsingCarrierAggregation=false}, NetworkRegistrationInfo{ domain=CS transportType=WWAN registrationState=HOME mInitialRegistrationState=HOME roamingType=NOT_ROAMING accessNetworkTechnology=NR rejectCause=0 emergencyEnabled=false availableServices=[VOICE,SMS,VIDEO] cellIdentity=CellIdentityNr:{ mPci = 23 mTac = 1048617 mNrArfcn = 504990 mBands = [41] mMcc = 460 mMnc = 00 mNci = 43218477057 mAlphaLong = CMCC mAlphaShort = CMCC mAdditionalPlmns = {} mSnpnInfo = null mCagInfo = null } voiceSpecificInfo=VoiceSpecificRegistrationInfo { mCssSupported=false mRoamingIndicator=0 mSystemIsInPrl=0 mDefaultRoamingIndicator=0} dataSpecificInfo=null nrState=**** rRplmn=46000 isUsingCarrierAggregation=false}, NetworkRegistrationInfo{ domain=PS transportType=WWAN registrationState=HOME mInitialRegistrationState=HOME roamingType=NOT_ROAMING accessNetworkTechnology=NR rejectCause=0 emergencyEnabled=false availableServices=[DATA] cellIdentity=CellIdentityNr:{ mPci = 23 mTac = 1048617 mNrArfcn = 504990 mBands = [41] mMcc = 460 mMnc = 00 mNci = 43218477057 mAlphaLong = CMCC mAlphaShort = CMCC mAdditionalPlmns = {} mSnpnInfo = null mCagInfo = null } voiceSpecificInfo=null dataSpecificInfo=android.telephony.DataSpecificRegistrationInfo :{ maxDataCalls = 16 isDcNrRestricted = false isNrAvailable = false isEnDcAvailable = false NrVopsSupportInfo :  mVopsSupport = 1 mEmcSupport = 0 mEmfSupport = 0 } nrState=**** rRplmn=46000 isUsingCarrierAggregation=false}], mNrFrequencyRange=0, mOperatorAlphaLongRaw=CMCC, mOperatorAlphaShortRaw=CMCC, mIsDataRoamingFromRegistration=false, mIsIwlanPreferred=false}] newSS=[{mVoiceRegState=0(IN_SERVICE), mDataRegState=0(IN_SERVICE), mChannelNumber=504990, duplexMode()=0, mCellBandwidths=[], mOperatorAlphaLong=CMCC, mOperatorAlphaShort=CMCC, isManualNetworkSelection=false(automatic), getRilVoiceRadioTechnology=20(NR_SA), getRilDataRadioTechnology=20(NR_SA), mCssIndicator=unsupported, mNetworkId=-1, mSystemId=-1, mCdmaRoamingIndicator=-1, mCdmaDefaultRoamingIndicator=-1, mIsEmergencyOnly=false, isUsingCarrierAggregation=false, mArfcnRsrpBoost=0, mNetworkRegistrationInfos=[NetworkRegistrationInfo{ domain=PS transportType=WLAN registrationState=NOT_REG_OR_SEARCHING mInitialRegistrationState=NOT_REG_OR_SEARCHING roamingType=NOT_ROAMING accessNetworkTechnology=UNKNOWN rejectCause=0 emergencyEnabled=false availableServices=[] cellIdentity=null voiceSpecificInfo=null dataSpecificInfo=null nrState=**** rRplmn= isUsingCarrierAggregation=false}, NetworkRegistrationInfo{ domain=CS transportType=WWAN registrationState=HOME mInitialRegistrationState=HOME roamingType=NOT_ROAMING accessNetworkTechnology=NR rejectCause=0 emergencyEnabled=false availableServices=[VOICE,SMS,VIDEO] cellIdentity=CellIdentityNr:{ mPci = 23 mTac = 1048617 mNrArfcn = 504990 mBands = [41] mMcc = 460 mMnc = 00 mNci = 43218477057 mAlphaLong = CMCC mAlphaShort = CMCC mAdditionalPlmns = {} mSnpnInfo = null mCagInfo = null } voiceSpecificInfo=VoiceSpecificRegistrationInfo { mCssSupported=false mRoamingIndicator=0 mSystemIsInPrl=0 mDefaultRoamingIndicator=0} dataSpecificInfo=null nrState=**** rRplmn=46000 isUsingCarrierAggregation=false}, NetworkRegistrationInfo{ do
02-29 14:26:46.094  1283  3754 D RequestManager: [RequestManager.cpp: 278] [Loc_hal_worker(1283,3754)] writeToSocket: Wrote 8 bytes to the socket.
02-29 14:26:46.094  1283  3754 D RequestManager: [RequestManager.cpp: 268] [Loc_hal_worker(1283,3754)] writeToSocket: Buffer contents: 00 00 00 B0 00 00 6F AD 00 00 00 08 33 46 30 30 37 46 46 46 00 00 00 00 00 00 00 00 00 00 00 00 FF FF FF FF FF FF FF FF 00 00 00 20 61 30 30 30 30 30 30 30 38 37 31 30 30 32 66 66 38 36 66 66 66 66 38 39 66 66 66 66 66 66 66 66 
