02-29 14:19:05.992  2577  6288 D CompatibilityChangeReporter: Compat change id reported: 264304459; UID 1000; state: DISABLED
02-29 14:19:05.992  2577  6288 D CompatibilityChangeReporter: Compat change id reported: 264301586; UID 1000; state: DISABLED
02-29 14:19:05.993  2577  6288 D CompatibilityChangeReporter: Compat change id reported: 254631730; UID 1000; state: DISABLED
02-29 14:19:05.993  2577  6288 D CompatibilityChangeReporter: Compat change id reported: 273509367; UID 1000; state: DISABLED
02-29 14:19:05.994  2577  6288 D CompatibilityChangeReporter: Compat change id reported: 263259275; UID 1000; state: DISABLED
02-29 14:19:05.996  2577  6288 D CompatibilityChangeReporter: Compat change id reported: 194480991; UID 1000; state: ENABLED
02-29 14:19:06.002  2577  6288 D CompatibilityChangeReporter: Compat change id reported: 174042980; UID 1000; state: DISABLED
02-29 14:19:06.006  2577  6288 D CompatibilityChangeReporter: Compat change id reported: 197654537; UID 1000; state: ENABLED
02-29 14:19:06.007  2577  6288 D CompatibilityChangeReporter: Compat change id reported: 205907456; UID 1000; state: ENABLED
02-29 14:19:06.008  2577  6288 D CompatibilityChangeReporter: Compat change id reported: 194833441; UID 1000; state: ENABLED
02-29 14:19:06.012  2577  6288 I ActivityTaskManager: The Process com.android.settings Already Exists in BG. So sending its PID: 3634
02-29 14:19:06.012  2577  6288 W ActivityTaskManager: Tried to set launchTime (0) < mLastActivityLaunchTime (7204)
02-29 14:19:06.013  2577  6288 D CompatibilityChangeReporter: Compat change id reported: 168419799; UID 1000; state: DISABLED
02-29 14:19:06.013  2577  6288 D CompatibilityChangeReporter: Compat change id reported: 273564678; UID 1000; state: DISABLED
02-29 14:19:06.014  2577  6288 D CompatibilityChangeReporter: Compat change id reported: 181136395; UID 1000; state: DISABLED
02-29 14:19:06.014  2577  6288 D CompatibilityChangeReporter: Compat change id reported: 174042936; UID 1000; state: DISABLED
02-29 14:19:06.048  2577  6288 E UserRestrictionsUtils: Unknown restriction queried by uid 1000 (com.android.server.telecom et al): null
02-29 14:19:06.063  2577  6285 D CompatibilityChangeReporter: Compat change id reported: 161145287; UID 1000; state: DISABLED
02-29 14:19:06.103  2577  3333 D CoreBackPreview: Window{91eba61 u0 com.android.settings/com.android.settings.Settings}: Setting back callback OnBackInvokedCallbackInfo{mCallback=android.window.IOnBackInvokedCallback$Stub$Proxy@b55be3, mPriority=-1}
02-29 14:19:06.144  2577  3090 D CompatibilityChangeReporter: Compat change id reported: 214016041; UID 1000; state: ENABLED
02-29 14:19:06.144  2577  3090 D CompatibilityChangeReporter: Compat change id reported: 214016041; UID 1000; state: DISABLED
02-29 14:19:07.639  2577  6288 I ActivityTaskManager: START u0 {act=android.intent.action.MAIN cmp=com.android.settings/.SubSettings (has extras)} from uid 1000
02-29 14:19:07.651  2577  3086 I ActivityTaskManager: The Process com.android.settings Already Exists in BG. So sending its PID: 3634
02-29 14:19:07.651  2577  3086 W ActivityTaskManager: Tried to set launchTime (0) < mLastActivityLaunchTime (112854)
02-29 14:19:07.666  3634  3634 W ContextImpl: Calling a method in the system process without a qualified user: android.app.ContextImpl.bindService:1950 android.content.ContextWrapper.bindService:853 com.qti.extphone.ExtTelephonyManager.connectService:187 com.android.settings.network.telephony.TelephonyUtils.connectExtTelephonyService:206 com.android.settings.deviceinfo.imei.ImeiInfoPreferenceController.<init>:66 
02-29 14:19:07.684  2577  2697 W BroadcastQueue: Permission Denial: broadcasting Intent { act=android.net.conn.CONNECTIVITY_CHANGE flg=0x4200010 (has extras) } from null (pid=-1, uid=-1) requires android.permission.CHANGE_NETWORK_STATE due to registered receiver BroadcastFilter{b7b77b0 1000/u0 ReceiverList{93c6ef3 3634 com.android.settings/1000/u0 remote:2c37d62}}
02-29 14:19:07.684  2577  2697 W BroadcastQueue: Permission Denial: broadcasting Intent { act=android.net.conn.CONNECTIVITY_CHANGE flg=0x4200010 (has extras) } from null (pid=-1, uid=-1) requires android.permission.CHANGE_NETWORK_STATE due to registered receiver BroadcastFilter{225074f 1000/u0 ReceiverList{ce00dae 3634 com.android.settings/1000/u0 remote:429c629}}
02-29 14:19:07.698  2577  6285 D CoreBackPreview: Window{5c13e5e u0 com.android.settings/com.android.settings.SubSettings}: Setting back callback OnBackInvokedCallbackInfo{mCallback=android.window.IOnBackInvokedCallback$Stub$Proxy@31f370c, mPriority=-1}
02-29 14:19:08.255  2577  3083 D OomAdjuster: Not killing cached processes
02-29 14:19:09.524  2577  5148 E TaskPersister: File error accessing recents directory (directory doesn't exist?).
02-29 14:19:13.673  2577  3083 D SystemServerTiming: getUserSwitchability-0
02-29 14:19:13.673  2577  3083 D SystemServerTiming: TM.isInCall
02-29 14:19:13.673  2577  6288 D SystemServerTiming: getUserSwitchability-0
02-29 14:19:13.673  2577  6288 D SystemServerTiming: TM.isInCall
02-29 14:19:13.674  2577  3083 D SystemServerTiming: hasUserRestriction-DISALLOW_USER_SWITCH
02-29 14:19:13.674  2577  6288 D SystemServerTiming: hasUserRestriction-DISALLOW_USER_SWITCH
02-29 14:19:13.674  2577  3083 D SystemServerTiming: getInt-ALLOW_USER_SWITCHING_WHEN_SYSTEM_USER_LOCKED
02-29 14:19:13.674  2577  3083 D SystemServerTiming: isUserUnlocked-USER_SYSTEM
02-29 14:19:13.674  2577  6288 D SystemServerTiming: getInt-ALLOW_USER_SWITCHING_WHEN_SYSTEM_USER_LOCKED
02-29 14:19:13.674  2577  6288 D SystemServerTiming: isUserUnlocked-USER_SYSTEM
02-29 14:19:14.111  1029  6438 I keystore2: keystore2::watchdog: Watchdog thread idle -> terminating. Have a great day.
02-29 14:19:16.157  2577  6287 D OomAdjuster: Not killing cached processes
02-29 14:19:17.659  2577  6285 I ActivityTaskManager: START u0 {act=android.settings.SETTINGS flg=0x14000000 cmp=com.android.settings/.homepage.SettingsHomepageActivity} from uid 10111
02-29 14:19:18.181  2577  3088 D CoreBackPreview: Window{5c13e5e u0 com.android.settings/com.android.settings.SubSettings}: Setting back callback null
02-29 14:19:19.647  2577  3088 I ActivityTaskManager: START u0 {act=android.intent.action.MAIN cmp=com.android.settings/.SubSettings (has extras)} from uid 1000
02-29 14:19:19.659  2577  3086 I ActivityTaskManager: The Process com.android.settings Already Exists in BG. So sending its PID: 3634
02-29 14:19:19.659  2577  3086 W ActivityTaskManager: Tried to set launchTime (0) < mLastActivityLaunchTime (114492)
02-29 14:19:19.726  3634  3634 E ActivityThread: Failed to find provider info for com.google.android.gms.nearby.fastpair
02-29 14:19:19.726  3634  3748 E ActivityThread: Failed to find provider info for com.google.android.gms.nearby.fastpair
02-29 14:19:19.741  2577  3088 D CoreBackPreview: Window{d66bd73 u0 com.android.settings/com.android.settings.SubSettings}: Setting back callback OnBackInvokedCallbackInfo{mCallback=android.window.IOnBackInvokedCallback$Stub$Proxy@9bcf8a9, mPriority=-1}
02-29 14:19:20.669  2577  3088 I ActivityTaskManager: START u0 {act=android.intent.action.MAIN cmp=com.android.settings/.SubSettings (has extras)} from uid 1000
02-29 14:19:20.685  2577  3247 I ActivityTaskManager: The Process com.android.settings Already Exists in BG. So sending its PID: 3634
02-29 14:19:20.685  2577  3247 W ActivityTaskManager: Tried to set launchTime (0) < mLastActivityLaunchTime (126500)
02-29 14:19:20.702  2577  3247 E UserRestrictionsUtils: Unknown restriction queried by uid 1000 (com.android.server.telecom et al): null
02-29 14:19:20.702  2577  3247 E UserRestrictionsUtils: Unknown restriction queried by uid 1000 (com.android.server.telecom et al): null
02-29 14:19:20.709  2577  3247 D CompatibilityChangeReporter: Compat change id reported: 168419799; UID 10052; state: DISABLED
02-29 14:19:20.709  2577  3247 D CompatibilityChangeReporter: Compat change id reported: 273564678; UID 10052; state: DISABLED
02-29 14:19:20.715  2577  3247 D CoreBackPreview: Window{43d32b4 u0 com.android.settings/com.android.settings.SubSettings}: Setting back callback OnBackInvokedCallbackInfo{mCallback=android.window.IOnBackInvokedCallback$Stub$Proxy@f5e2a52, mPriority=-1}
02-29 14:19:21.218  2577  2686 D OomAdjuster: Not killing cached processes
02-29 14:19:21.712  2577  5148 E TaskPersister: File error accessing recents directory (directory doesn't exist?).
02-29 14:19:21.805  2577  3247 I ActivityTaskManager: START u0 {act=android.intent.action.MAIN cmp=com.android.settings/.SubSettings (has extras)} from uid 1000
02-29 14:19:21.823  2577  3247 I ActivityTaskManager: The Process com.android.settings Already Exists in BG. So sending its PID: 3634
02-29 14:19:21.824  2577  3247 W ActivityTaskManager: Tried to set launchTime (0) < mLastActivityLaunchTime (127526)
02-29 14:19:21.845  2577  3247 D CoreBackPreview: Window{dd1f7f1 u0 com.android.settings/com.android.settings.SubSettings}: Setting back callback OnBackInvokedCallbackInfo{mCallback=android.window.IOnBackInvokedCallback$Stub$Proxy@6a3c257, mPriority=-1}
02-29 14:19:24.827  2577  5148 E TaskPersister: File error accessing recents directory (directory doesn't exist?).
02-29 14:19:25.099  2577  3333 D CoreBackPreview: Window{dd1f7f1 u0 com.android.settings/com.android.settings.SubSettings}: Setting back callback null
02-29 14:19:26.838  2577  2684 I ActivityTaskManager: START u0 {act=android.intent.action.MAIN cat=[android.intent.category.HOME] flg=0x10000100 cmp=com.android.launcher3/.uioverrides.QuickstepLauncher (has extras)} from uid 0
02-29 14:19:26.862  2577  2686 D OomAdjuster: Not killing cached processes
02-29 14:19:28.119  2577  5148 E TaskPersister: File error accessing recents directory (directory doesn't exist?).
02-29 14:19:39.740  2577  2945 D OomAdjuster: Not killing cached processes
02-29 14:19:43.081  2577  3247 D SystemServerTiming: getUserSwitchability-0
02-29 14:19:43.081  2577  3247 D SystemServerTiming: TM.isInCall
02-29 14:19:43.081  2577  6287 D SystemServerTiming: getUserSwitchability-0
02-29 14:19:43.081  2577  6287 D SystemServerTiming: TM.isInCall
02-29 14:19:43.081  2577  6287 D SystemServerTiming: hasUserRestriction-DISALLOW_USER_SWITCH
02-29 14:19:43.081  2577  6287 D SystemServerTiming: getInt-ALLOW_USER_SWITCHING_WHEN_SYSTEM_USER_LOCKED
02-29 14:19:43.081  2577  6287 D SystemServerTiming: isUserUnlocked-USER_SYSTEM
02-29 14:19:43.082  2577  3247 D SystemServerTiming: hasUserRestriction-DISALLOW_USER_SWITCH
02-29 14:19:43.082  2577  3247 D SystemServerTiming: getInt-ALLOW_USER_SWITCHING_WHEN_SYSTEM_USER_LOCKED
02-29 14:19:43.082  2577  3247 D SystemServerTiming: isUserUnlocked-USER_SYSTEM
02-29 14:20:06.018  2577  2697 W ActivityManager: Stopping service due to app idle: u0a144 -2m38s754ms com.baidu.searchbox/com.baidu.android.pushservice.PushService
02-29 14:20:06.020  2577  2697 D OomAdjuster: Not killing cached processes
02-29 14:20:32.332  1224  1245 E NetlinkEvent: NetlinkEvent::FindParam(): Parameter 'INTERFACE' not found
02-29 14:20:32.332  1224  1245 E NetlinkEvent: NetlinkEvent::FindParam(): Parameter 'STATE' not found
02-29 14:20:32.332  1224  1245 E NetlinkEvent: NetlinkEvent::FindParam(): Parameter 'TIME_NS' not found
02-29 14:20:32.332  1224  1245 E NetlinkEvent: NetlinkEvent::FindParam(): Parameter 'UID' not found
02-29 14:20:38.102  1224  1245 E NetlinkEvent: NetlinkEvent::FindParam(): Parameter 'INTERFACE' not found
02-29 14:20:38.102  1224  1245 E NetlinkEvent: NetlinkEvent::FindParam(): Parameter 'STATE' not found
02-29 14:20:38.102  1224  1245 E NetlinkEvent: NetlinkEvent::FindParam(): Parameter 'TIME_NS' not found
02-29 14:20:38.102  1224  1245 E NetlinkEvent: NetlinkEvent::FindParam(): Parameter 'UID' not found
02-29 14:20:47.417  2577  2577 I FingerprintManager: onPowerPressed
02-29 14:20:47.417  2577  2577 D WindowManager: powerPress: eventTime=214075 interactive=true count=1 beganFromNonInteractive=false mShortPressOnPowerBehavior=1
02-29 14:20:47.419  2577  2577 I PowerGroup: Powering off display group due to power_button (groupId= 0, uid= 1000, millisSinceLastUserActivity=3923, lastUserActivityEvent=touch)...
02-29 14:20:47.419  2577  2577 I PowerManagerService: Going to sleep due to power_button (uid 1000, screenOffTimeout=1800000, activityTimeoutWM=-1, maxDimRatio=0.20000005, maxDimDur=7000)...
02-29 14:20:47.422  2577  2577 E Fingerprint21: onPowerPressed not supported for HIDL clients
02-29 14:20:47.424  2577  2577 D OomAdjuster: Not killing cached processes
02-29 14:20:47.446  2577  3247 D BiometricUtils: isEncrypted: false isLockdown: false
02-29 14:20:47.451  2577  2577 D BiometricScheduler/Fingerprint21: [Added] {[8] com.android.server.biometrics.sensors.fingerprint.hidl.FingerprintUpdateActiveUserClient, proto=1, owner=android, cookie=0, requestId=-1, userId=0}, new queue size: 1
02-29 14:20:47.451  2577  2577 D BiometricScheduler/Fingerprint21: [Polled] {[8] com.android.server.biometrics.sensors.fingerprint.hidl.FingerprintUpdateActiveUserClient, proto=1, owner=android, cookie=0, requestId=-1, userId=0}, State: 0
02-29 14:20:47.451  2577  2577 D BiometricScheduler/Fingerprint21: [Started] {[8] com.android.server.biometrics.sensors.fingerprint.hidl.FingerprintUpdateActiveUserClient, proto=1, owner=android, cookie=0, requestId=-1, userId=0}
02-29 14:20:47.451  2577  2577 D FingerprintUpdateActiveUserClient: Already user: com.android.server.biometrics.sensors.fingerprint.hidl.Fingerprint21$$ExternalSyntheticLambda20@6c98863, returning
02-29 14:20:47.451  2577  2577 D BiometricSchedulerOperation: [Finished / destroy]: {[8] com.android.server.biometrics.sensors.fingerprint.hidl.FingerprintUpdateActiveUserClient, proto=1, owner=android, cookie=0, requestId=-1, userId=0}
02-29 14:20:47.451  2577  2577 V BiometricSchedulerOperation: started: {[8] com.android.server.biometrics.sensors.fingerprint.hidl.FingerprintUpdateActiveUserClient, proto=1, owner=android, cookie=0, requestId=-1, userId=0}, State: 5
02-29 14:20:47.452  2577  2577 D BiometricScheduler/Fingerprint21: [Added] {[9] com.android.server.biometrics.sensors.fingerprint.hidl.FingerprintAuthenticationClient, proto=3, owner=com.android.systemui, cookie=0, requestId=2, userId=0}, new queue size: 1
02-29 14:20:47.452  2577  2577 V BiometricScheduler/Fingerprint21: Not idle, current operation: {[8] com.android.server.biometrics.sensors.fingerprint.hidl.FingerprintUpdateActiveUserClient, proto=1, owner=android, cookie=0, requestId=-1, userId=0}, State: 5
02-29 14:20:47.452  2577  2577 D BiometricScheduler/Fingerprint21: [Finishing] {[8] com.android.server.biometrics.sensors.fingerprint.hidl.FingerprintUpdateActiveUserClient, proto=1, owner=android, cookie=0, requestId=-1, userId=0}, success: true
02-29 14:20:47.452  2577  2577 D BiometricScheduler/Fingerprint21: [Polled] {[9] com.android.server.biometrics.sensors.fingerprint.hidl.FingerprintAuthenticationClient, proto=3, owner=com.android.systemui, cookie=0, requestId=2, userId=0}, State: 0
02-29 14:20:47.452  2577  2577 D GestureAvailabilityTracker: Notifying gesture availability, active=false
02-29 14:20:47.453  2577  2577 D BiometricScheduler/Fingerprint21: [Started] {[9] com.android.server.biometrics.sensors.fingerprint.hidl.FingerprintAuthenticationClient, proto=3, owner=com.android.systemui, cookie=0, requestId=2, userId=0}
02-29 14:20:47.453  2577  2577 D BiometricCoexCoordinator: addAuthenticationClient(Udfps), client: {[9] com.android.server.biometrics.sensors.fingerprint.hidl.FingerprintAuthenticationClient, proto=3, owner=com.android.systemui, cookie=0, requestId=2, userId=0}
02-29 14:20:47.453  2577  2577 D BiometricStateCallback: State updated from 0 to 2, client {[9] com.android.server.biometrics.sensors.fingerprint.hidl.FingerprintAuthenticationClient, proto=3, owner=com.android.systemui, cookie=0, requestId=2, userId=0}
02-29 14:20:47.453  2577  2577 D Biometrics/AuthenticationClient: Requesting auth for com.android.systemui
02-29 14:20:47.458  2577  2577 V BiometricSchedulerOperation: started: {[9] com.android.server.biometrics.sensors.fingerprint.hidl.FingerprintAuthenticationClient, proto=3, owner=com.android.systemui, cookie=0, requestId=2, userId=0}, State: 2
02-29 14:20:47.458  2577  2577 V Biometrics/AcquisitionClient: Acquired: 6 1, shouldSend: true
02-29 14:20:47.469  2577  2722 I DisplayPowerController[0]: BrightnessEvent: disp=0, physDisp=local:4630946485866599555, brt=0.39763778, initBrt=0.39763778, rcmdBrt=NaN, preBrt=NaN, lux=0.0, preLux=0.0, hbmMax=1.0, hbmMode=off, rbcStrength=50, powerFactor=1.0, thrmMax=1.0, wasShortTermModelActive=false, flags=, reason=manual, autoBrightness=false
02-29 14:20:47.481  2577  3333 D CoreBackPreview: Window{55da0db u0 UdfpsControllerOverlay}: Setting back callback OnBackInvokedCallbackInfo{mCallback=android.window.IOnBackInvokedCallback$Stub$Proxy@a9cce51, mPriority=0}
02-29 14:20:47.481  3163  3163 W FingerprintManager: Invalid acquired message: 6, 1
02-29 14:20:47.907  2577  2722 I DisplayPowerController[0]: Blocking screen off
02-29 14:20:47.908  2577  2722 I DisplayPowerController[0]: Unblocked screen off after 1 ms
02-29 14:20:47.928  2577  2722 D ActivityTaskManager: Top Process State changed to PROCESS_STATE_TOP_SLEEPING
02-29 14:20:47.947  2577  2722 V DisplayPowerController[0]: Brightness [0.0] reason changing to: 'screen_off', previous reason: 'manual'.
02-29 14:20:47.947  2577  2722 I DisplayPowerController[0]: BrightnessEvent: disp=0, physDisp=local:4630946485866599555, brt=0.0, initBrt=0.39763778, rcmdBrt=NaN, preBrt=NaN, lux=0.0, preLux=0.0, hbmMax=1.0, hbmMode=off, rbcStrength=50, powerFactor=1.0, thrmMax=1.0, wasShortTermModelActive=false, flags=, reason=screen_off, autoBrightness=false
02-29 14:20:47.948  2577  2686 I DisplayDeviceRepository: Display device changed state: "Built-in Screen", OFF
02-29 14:20:47.949  2577  2722 I DisplayPowerController[0]: BrightnessEvent: disp=0, physDisp=local:4630946485866599555, brt=0.0, initBrt=0.0, rcmdBrt=NaN, preBrt=NaN, lux=0.0, preLux=0.0, hbmMax=1.0, hbmMode=off, rbcStrength=50, powerFactor=1.0, thrmMax=1.0, wasShortTermModelActive=false, flags=, reason=screen_off, autoBrightness=false
02-29 14:20:47.957  2577  2687 I DisplayDevice: [0] Layerstack set to -1 for local:4630946485866599555
02-29 14:20:48.107  2577  2686 I DisplayDeviceRepository: Display device changed state: "Built-in Screen", OFF
02-29 14:20:48.110  2577  2722 I DisplayPowerController[0]: BrightnessEvent: disp=0, physDisp=local:4630946485866599555, brt=0.0, initBrt=0.0, rcmdBrt=NaN, preBrt=NaN, lux=0.0, preLux=0.0, hbmMax=1.0, hbmMode=off, rbcStrength=50, powerFactor=1.0, thrmMax=1.0, wasShortTermModelActive=false, flags=, reason=screen_off, autoBrightness=false
02-29 14:20:48.110  2577  2722 I DreamManagerService: Entering dreamland.
02-29 14:20:48.111  2577  2722 I PowerManagerService: Dozing...
02-29 14:20:48.116  2577  2683 I DreamController: Starting dream: name=ComponentInfo{com.android.systemui/com.android.systemui.doze.DozeService}, isPreviewMode=false, canDoze=true, userId=0, reason='power manager request'
02-29 14:20:48.161  2577  2722 I DisplayPowerController[0]: BrightnessEvent: disp=0, physDisp=local:4630946485866599555, brt=0.0, initBrt=0.0, rcmdBrt=NaN, preBrt=NaN, lux=0.0, preLux=0.0, hbmMax=1.0, hbmMode=off, rbcStrength=50, powerFactor=1.0, thrmMax=1.0, wasShortTermModelActive=false, flags=, reason=screen_off, autoBrightness=false
02-29 14:20:48.169  2577  2577 I PowerManagerService: onFlip(): Face up.
02-29 14:20:48.214  1029  1061 I keystore2: keystore2::authorization: on_lock_screen_event(LockScreenEvent(1), user_id=0, password.is_some()=false, unlocking_sids=Some([2744201988114659248]))
02-29 14:20:48.215  1029  1061 I keystore2: keystore2::super_key: Locking screen bound for user 0 sids [2744201988114659248]
02-29 14:20:48.256  2577  6287 D SystemServerTiming: getUserSwitchability-0
02-29 14:20:48.256  2577  6287 D SystemServerTiming: TM.isInCall
02-29 14:20:48.256  2577  6287 D SystemServerTiming: hasUserRestriction-DISALLOW_USER_SWITCH
02-29 14:20:48.256  2577  6287 D SystemServerTiming: getInt-ALLOW_USER_SWITCHING_WHEN_SYSTEM_USER_LOCKED
02-29 14:20:48.256  2577  6287 D SystemServerTiming: isUserUnlocked-USER_SYSTEM
02-29 14:20:48.261  2577  6287 D SystemServerTiming: getUserSwitchability-0
02-29 14:20:48.261  2577  6287 D SystemServerTiming: TM.isInCall
02-29 14:20:48.261  2577  6287 D SystemServerTiming: hasUserRestriction-DISALLOW_USER_SWITCH
02-29 14:20:48.261  2577  6287 D SystemServerTiming: getInt-ALLOW_USER_SWITCHING_WHEN_SYSTEM_USER_LOCKED
02-29 14:20:48.261  2577  6287 D SystemServerTiming: isUserUnlocked-USER_SYSTEM
02-29 14:20:48.261  2577  3333 D SystemServerTiming: getUserSwitchability-0
02-29 14:20:48.261  2577  3333 D SystemServerTiming: TM.isInCall
02-29 14:20:48.261  2577  3333 D SystemServerTiming: hasUserRestriction-DISALLOW_USER_SWITCH
02-29 14:20:48.261  2577  3333 D SystemServerTiming: getInt-ALLOW_USER_SWITCHING_WHEN_SYSTEM_USER_LOCKED
02-29 14:20:48.261  2577  3333 D SystemServerTiming: isUserUnlocked-USER_SYSTEM
02-29 14:20:50.594  1024  1072 E spcomlib: [spcom_ioctl] IOCTL failed: ret[-1], error [-4]
02-29 14:20:50.594  1025  1066 E spcomlib: [spcom_ioctl] IOCTL failed: ret[-1], error [-4]
02-29 14:20:50.594  1024  1072 E spcomlib: [spcom_check_link_up_state] SPCom check for link up interrupted - ioctl ret[-4], cmd ret[0], wait[1]
02-29 14:20:50.594  1025  1066 E spcomlib: [spcom_check_link_up_state] SPCom check for link up interrupted - ioctl ret[-4], cmd ret[0], wait[1]
02-29 14:20:50.594  1024  1072 D spcomlib: [spcom_check_link_up_state] SPCom check for link up retry interrupted call
02-29 14:20:50.594  1025  1066 D spcomlib: [spcom_check_link_up_state] SPCom check for link up retry interrupted call
02-29 14:20:50.594  1025  1066 D spcomlib: [spcom_ioctl] spcom_ioctl: command ID [3222295528]
02-29 14:20:50.594  1024  1072 D spcomlib: [spcom_ioctl] spcom_ioctl: command ID [3222295528]
02-29 14:20:50.596  1317  1400 E spcomlib: [spcom_ioctl] IOCTL failed: ret[-1], error [-4]
02-29 14:20:50.596  1318  2868 E spcomlib: [spcom_ioctl] IOCTL failed: ret[-1], error [-4]
02-29 14:20:50.596  1318  2868 E spcomlib: [spcom_check_link_up_state] SPCom check for link up interrupted - ioctl ret[-4], cmd ret[0], wait[1]
02-29 14:20:50.596  1317  1400 E spcomlib: [spcom_check_link_up_state] SPCom check for link up interrupted - ioctl ret[-4], cmd ret[0], wait[1]
02-29 14:20:50.596  1317  1400 D spcomlib: [spcom_check_link_up_state] SPCom check for link up retry interrupted call
02-29 14:20:50.596  1318  2868 D spcomlib: [spcom_check_link_up_state] SPCom check for link up retry interrupted call
02-29 14:20:50.596  1317  1400 D spcomlib: [spcom_ioctl] spcom_ioctl: command ID [3222295528]
02-29 14:20:50.596  1318  2868 D spcomlib: [spcom_ioctl] spcom_ioctl: command ID [3222295528]
02-29 14:20:50.679  2577  2978 I PowerGroup: Waking up power group from Dozing (groupId=0, uid=1000, reason=WAKE_REASON_POWER_BUTTON, details=android.policy:POWER)...
02-29 14:20:50.680  2577  2978 I PowerManagerService: Waking up from Dozing (uid=1000, reason=WAKE_REASON_POWER_BUTTON, details=android.policy:POWER)...
02-29 14:20:50.681  2577  2577 E ActivityManager: Cancel pending or running compactions as system is awake
02-29 14:20:50.686  2577  2722 I DisplayPowerController[0]: Blocking screen on until initial contents have been drawn.
02-29 14:20:50.688  2577  2722 V DisplayPowerController[0]: Brightness [0.39763778] reason changing to: 'manual', previous reason: 'screen_off'.
02-29 14:20:50.688  2577  2722 I DisplayPowerController[0]: BrightnessEvent: disp=0, physDisp=local:4630946485866599555, brt=0.39763778, initBrt=0.0, rcmdBrt=NaN, preBrt=NaN, lux=0.0, preLux=0.0, hbmMax=1.0, hbmMode=off, rbcStrength=50, powerFactor=1.0, thrmMax=1.0, wasShortTermModelActive=false, flags=, reason=manual, autoBrightness=false
02-29 14:20:50.688  2577  2722 I DisplayPowerController[0]: BrightnessEvent: disp=0, physDisp=local:4630946485866599555, brt=0.39763778, initBrt=0.39763778, rcmdBrt=NaN, preBrt=NaN, lux=0.0, preLux=0.0, hbmMax=1.0, hbmMode=off, rbcStrength=50, powerFactor=1.0, thrmMax=1.0, wasShortTermModelActive=false, flags=, reason=manual, autoBrightness=false
02-29 14:20:50.693  2577  2686 I DisplayDeviceRepository: Display device changed state: "Built-in Screen", ON
02-29 14:20:50.697  2577  2687 I DisplayDevice: [0] Layerstack set to 0 for local:4630946485866599555
02-29 14:20:50.764  2577  2722 I DisplayPowerController[0]: Unblocked screen on after 77 ms
02-29 14:20:50.766  2577  2722 I DisplayPowerController[0]: BrightnessEvent: disp=0, physDisp=local:4630946485866599555, brt=0.39763778, initBrt=0.39763778, rcmdBrt=NaN, preBrt=NaN, lux=0.0, preLux=0.0, hbmMax=1.0, hbmMode=off, rbcStrength=50, powerFactor=1.0, thrmMax=1.0, wasShortTermModelActive=false, flags=, reason=manual, autoBrightness=false
02-29 14:20:50.874  2577  2686 I DisplayDeviceRepository: Display device changed state: "Built-in Screen", ON
02-29 14:20:50.876  2577  2722 I DisplayPowerController[0]: BrightnessEvent: disp=0, physDisp=local:4630946485866599555, brt=0.39763778, initBrt=0.39763778, rcmdBrt=NaN, preBrt=NaN, lux=0.0, preLux=0.0, hbmMax=1.0, hbmMode=off, rbcStrength=50, powerFactor=1.0, thrmMax=1.0, wasShortTermModelActive=false, flags=, reason=manual, autoBrightness=false
02-29 14:20:50.878  2577  2722 W PowerManagerService: Screen on took 310 ms
02-29 14:20:50.880  2577  2722 I DreamManagerService: Gently waking up from dream.
02-29 14:20:50.946  2577  3247 I DreamManagerService: Leaving dreamland.
02-29 14:20:50.946  2577  2683 I DreamController: Stopping dream: name=ComponentInfo{com.android.systemui/com.android.systemui.doze.DozeService}, isPreviewMode=false, canDoze=true, userId=0, reason='finished self'(from 'power manager request')
02-29 14:20:51.202  1224  1245 E NetlinkEvent: NetlinkEvent::FindParam(): Parameter 'INTERFACE' not found
02-29 14:20:51.202  1224  1245 E NetlinkEvent: NetlinkEvent::FindParam(): Parameter 'STATE' not found
02-29 14:20:51.202  1224  1245 E NetlinkEvent: NetlinkEvent::FindParam(): Parameter 'TIME_NS' not found
02-29 14:20:51.202  1224  1245 E NetlinkEvent: NetlinkEvent::FindParam(): Parameter 'UID' not found
02-29 14:20:51.683  2577  2577 I FingerprintManager: onPowerPressed
02-29 14:20:51.685  2577  2577 D WindowManager: powerPress: eventTime=218327 interactive=true count=1 beganFromNonInteractive=false mShortPressOnPowerBehavior=1
02-29 14:20:51.686  2577  2577 I PowerGroup: Powering off display group due to power_button (groupId= 0, uid= 1000, millisSinceLastUserActivity=968, lastUserActivityEvent=other)...
02-29 14:20:51.686  2577  2577 I PowerManagerService: Going to sleep due to power_button (uid 1000, screenOffTimeout=1800000, activityTimeoutWM=10000, maxDimRatio=0.20000005, maxDimDur=7000)...
02-29 14:20:51.689  2577  2577 E Fingerprint21: onPowerPressed not supported for HIDL clients
02-29 14:20:51.736  2577  2722 I DisplayPowerController[0]: BrightnessEvent: disp=0, physDisp=local:4630946485866599555, brt=0.39763778, initBrt=0.39763778, rcmdBrt=NaN, preBrt=NaN, lux=0.0, preLux=0.0, hbmMax=1.0, hbmMode=off, rbcStrength=50, powerFactor=1.0, thrmMax=1.0, wasShortTermModelActive=false, flags=, reason=manual, autoBrightness=false
02-29 14:20:52.169  2577  2722 I DisplayPowerController[0]: Blocking screen off
02-29 14:20:52.170  2577  2722 I DisplayPowerController[0]: Unblocked screen off after 1 ms
02-29 14:20:52.196  2577  2722 V DisplayPowerController[0]: Brightness [0.0] reason changing to: 'screen_off', previous reason: 'manual'.
02-29 14:20:52.196  2577  2722 I DisplayPowerController[0]: BrightnessEvent: disp=0, physDisp=local:4630946485866599555, brt=0.0, initBrt=0.39763778, rcmdBrt=NaN, preBrt=NaN, lux=0.0, preLux=0.0, hbmMax=1.0, hbmMode=off, rbcStrength=50, powerFactor=1.0, thrmMax=1.0, wasShortTermModelActive=false, flags=, reason=screen_off, autoBrightness=false
02-29 14:20:52.196  2577  2722 I DisplayPowerController[0]: BrightnessEvent: disp=0, physDisp=local:4630946485866599555, brt=0.0, initBrt=0.0, rcmdBrt=NaN, preBrt=NaN, lux=0.0, preLux=0.0, hbmMax=1.0, hbmMode=off, rbcStrength=50, powerFactor=1.0, thrmMax=1.0, wasShortTermModelActive=false, flags=, reason=screen_off, autoBrightness=false
02-29 14:20:52.199  2577  2686 I DisplayDeviceRepository: Display device changed state: "Built-in Screen", OFF
02-29 14:20:52.205  2577  2687 I DisplayDevice: [0] Layerstack set to -1 for local:4630946485866599555
02-29 14:20:52.365  2577  2686 I DisplayDeviceRepository: Display device changed state: "Built-in Screen", OFF
02-29 14:20:52.370  2577  2722 I DisplayPowerController[0]: BrightnessEvent: disp=0, physDisp=local:4630946485866599555, brt=0.0, initBrt=0.0, rcmdBrt=NaN, preBrt=NaN, lux=0.0, preLux=0.0, hbmMax=1.0, hbmMode=off, rbcStrength=50, powerFactor=1.0, thrmMax=1.0, wasShortTermModelActive=false, flags=, reason=screen_off, autoBrightness=false
02-29 14:20:52.373  2577  2722 I DreamManagerService: Entering dreamland.
02-29 14:20:52.375  2577  2722 I PowerManagerService: Dozing...
02-29 14:20:52.376  2577  2683 I DreamController: Starting dream: name=ComponentInfo{com.android.systemui/com.android.systemui.doze.DozeService}, isPreviewMode=false, canDoze=true, userId=0, reason='power manager request'
02-29 14:20:52.406  2577  2722 I DisplayPowerController[0]: BrightnessEvent: disp=0, physDisp=local:4630946485866599555, brt=0.0, initBrt=0.0, rcmdBrt=NaN, preBrt=NaN, lux=0.0, preLux=0.0, hbmMax=1.0, hbmMode=off, rbcStrength=50, powerFactor=1.0, thrmMax=1.0, wasShortTermModelActive=false, flags=, reason=screen_off, autoBrightness=false
02-29 14:20:52.414  2577  2577 I PowerManagerService: onFlip(): Face up.
02-29 14:21:02.483  1024  1072 E spcomlib: [spcom_ioctl] IOCTL failed: ret[-1], error [-4]
02-29 14:21:02.483  1025  1066 E spcomlib: [spcom_ioctl] IOCTL failed: ret[-1], error [-4]
02-29 14:21:02.483  1025  1066 E spcomlib: [spcom_check_link_up_state] SPCom check for link up interrupted - ioctl ret[-4], cmd ret[0], wait[1]
02-29 14:21:02.483  1024  1072 E spcomlib: [spcom_check_link_up_state] SPCom check for link up interrupted - ioctl ret[-4], cmd ret[0], wait[1]
02-29 14:21:02.483  1025  1066 D spcomlib: [spcom_check_link_up_state] SPCom check for link up retry interrupted call
02-29 14:21:02.483  1024  1072 D spcomlib: [spcom_check_link_up_state] SPCom check for link up retry interrupted call
02-29 14:21:02.483  1025  1066 D spcomlib: [spcom_ioctl] spcom_ioctl: command ID [3222295528]
02-29 14:21:02.483  1024  1072 D spcomlib: [spcom_ioctl] spcom_ioctl: command ID [3222295528]
02-29 14:21:02.484  1317  1400 E spcomlib: [spcom_ioctl] IOCTL failed: ret[-1], error [-4]
02-29 14:21:02.485  1317  1400 E spcomlib: [spcom_check_link_up_state] SPCom check for link up interrupted - ioctl ret[-4], cmd ret[0], wait[1]
02-29 14:21:02.485  1317  1400 D spcomlib: [spcom_check_link_up_state] SPCom check for link up retry interrupted call
02-29 14:21:02.485  1317  1400 D spcomlib: [spcom_ioctl] spcom_ioctl: command ID [3222295528]
02-29 14:21:02.485  1318  2868 E spcomlib: [spcom_ioctl] IOCTL failed: ret[-1], error [-4]
02-29 14:21:02.485  1318  2868 E spcomlib: [spcom_check_link_up_state] SPCom check for link up interrupted - ioctl ret[-4], cmd ret[0], wait[1]
02-29 14:21:02.485  1318  2868 D spcomlib: [spcom_check_link_up_state] SPCom check for link up retry interrupted call
02-29 14:21:02.485  1318  2868 D spcomlib: [spcom_ioctl] spcom_ioctl: command ID [3222295528]
02-29 14:21:02.559  2577  2978 I PowerGroup: Waking up power group from Dozing (groupId=0, uid=1000, reason=WAKE_REASON_POWER_BUTTON, details=android.policy:POWER)...
02-29 14:21:02.559  2577  2978 I PowerManagerService: Waking up from Dozing (uid=1000, reason=WAKE_REASON_POWER_BUTTON, details=android.policy:POWER)...
02-29 14:21:02.561  2577  2577 E ActivityManager: Cancel pending or running compactions as system is awake
02-29 14:21:02.561  2577  2577 D OomAdjuster: Not killing cached processes
02-29 14:21:02.564  2577  2722 I DreamManagerService: Gently waking up from dream.
02-29 14:21:02.568  2577  2722 I DisplayPowerController[0]: Blocking screen on until initial contents have been drawn.
02-29 14:21:02.570  2577  2722 V DisplayPowerController[0]: Brightness [0.39763778] reason changing to: 'manual', previous reason: 'screen_off'.
02-29 14:21:02.570  2577  2722 I DisplayPowerController[0]: BrightnessEvent: disp=0, physDisp=local:4630946485866599555, brt=0.39763778, initBrt=0.0, rcmdBrt=NaN, preBrt=NaN, lux=0.0, preLux=0.0, hbmMax=1.0, hbmMode=off, rbcStrength=50, powerFactor=1.0, thrmMax=1.0, wasShortTermModelActive=false, flags=, reason=manual, autoBrightness=false
02-29 14:21:02.570  2577  2722 I DisplayPowerController[0]: BrightnessEvent: disp=0, physDisp=local:4630946485866599555, brt=0.39763778, initBrt=0.39763778, rcmdBrt=NaN, preBrt=NaN, lux=0.0, preLux=0.0, hbmMax=1.0, hbmMode=off, rbcStrength=50, powerFactor=1.0, thrmMax=1.0, wasShortTermModelActive=false, flags=, reason=manual, autoBrightness=false
02-29 14:21:02.571  2577  2686 I DisplayDeviceRepository: Display device changed state: "Built-in Screen", ON
02-29 14:21:02.579  2577  3333 I DisplayDevice: [0] Layerstack set to 0 for local:4630946485866599555
02-29 14:21:02.627  2577  6287 I DreamManagerService: Leaving dreamland.
02-29 14:21:02.627  2577  2683 I DreamController: Stopping dream: name=ComponentInfo{com.android.systemui/com.android.systemui.doze.DozeService}, isPreviewMode=false, canDoze=true, userId=0, reason='finished self'(from 'power manager request')
02-29 14:21:02.697  1029  6891 I keystore2: keystore2::watchdog: Watchdog thread idle -> terminating. Have a great day.
02-29 14:21:02.757  2577  2686 I DisplayDeviceRepository: Display device changed state: "Built-in Screen", ON
02-29 14:21:02.799  2577  2722 I DisplayPowerController[0]: Unblocked screen on after 232 ms
02-29 14:21:02.800  2577  2722 I DisplayPowerController[0]: BrightnessEvent: disp=0, physDisp=local:4630946485866599555, brt=0.39763778, initBrt=0.39763778, rcmdBrt=NaN, preBrt=NaN, lux=0.0, preLux=0.0, hbmMax=1.0, hbmMode=off, rbcStrength=50, powerFactor=1.0, thrmMax=1.0, wasShortTermModelActive=false, flags=, reason=manual, autoBrightness=false
02-29 14:21:02.800  2577  2722 I DisplayPowerController[0]: BrightnessEvent: disp=0, physDisp=local:4630946485866599555, brt=0.39763778, initBrt=0.39763778, rcmdBrt=NaN, preBrt=NaN, lux=0.0, preLux=0.0, hbmMax=1.0, hbmMode=off, rbcStrength=50, powerFactor=1.0, thrmMax=1.0, wasShortTermModelActive=false, flags=, reason=manual, autoBrightness=false
02-29 14:21:02.801  2577  2722 W PowerManagerService: Screen on took 341 ms
02-29 14:21:03.071  1224  1245 E NetlinkEvent: NetlinkEvent::FindParam(): Parameter 'INTERFACE' not found
02-29 14:21:03.071  1224  1245 E NetlinkEvent: NetlinkEvent::FindParam(): Parameter 'STATE' not found
02-29 14:21:03.071  1224  1245 E NetlinkEvent: NetlinkEvent::FindParam(): Parameter 'TIME_NS' not found
02-29 14:21:03.071  1224  1245 E NetlinkEvent: NetlinkEvent::FindParam(): Parameter 'UID' not found
02-29 14:21:03.900  1224  1245 E NetlinkEvent: NetlinkEvent::FindParam(): Parameter 'INTERFACE' not found
02-29 14:21:03.900  1224  1245 E NetlinkEvent: NetlinkEvent::FindParam(): Parameter 'STATE' not found
02-29 14:21:03.900  1224  1245 E NetlinkEvent: NetlinkEvent::FindParam(): Parameter 'TIME_NS' not found
02-29 14:21:03.900  1224  1245 E NetlinkEvent: NetlinkEvent::FindParam(): Parameter 'UID' not found
02-29 14:21:06.085  2577  3333 D LockSettingsService: spBasedDoVerifyCredential: user=0 hasEnrolledBiometrics=true
02-29 14:21:06.122   856   925 D SPL     : Handle Request
02-29 14:21:06.122   856   925 E SPL     : unknown cmd id [57005]
02-29 14:21:06.122   856   925 D SPL     : Send Response
02-29 14:21:06.122   856   925 D SPL     : QSEECom_send_resp() OK.
02-29 14:21:06.122   856   925 D SPL     : ==== Wait For Request ======
02-29 14:21:06.134   856   925 D SPL     : Handle Request
02-29 14:21:06.134   856   925 D SPL     : Dev node [/dev/qsee_ipc_irq_spss] opened OK.
02-29 14:21:06.134   856   925 D SPL     : timeout_msec [4000]
02-29 14:21:06.134   856   925 D SPL     : pfd[0].fd [51].
02-29 14:21:06.134   856   925 D SPL     : pfd[1].fd [44].
02-29 14:21:06.134   856   925 D SPL     : Call poll()
02-29 14:21:06.135   856   925 D SPL     : poll() ret [1].
02-29 14:21:06.135   856   925 D SPL     : pfd[0].revents [0x1].
02-29 14:21:06.135   856   925 D SPL     : pfd[1].revents [0x0].
02-29 14:21:06.135   856   925 D SPL     : IRQ Detected OK.
02-29 14:21:06.135   856   925 D SPL     : Send Response
02-29 14:21:06.135   856   925 D SPL     : QSEECom_send_resp() OK.
02-29 14:21:06.135   856   925 D SPL     : ==== Wait For Request ======
02-29 14:21:06.136   856   925 D SPL     : Handle Request
02-29 14:21:06.136   856   925 D SPL     : Dev node [/dev/qsee_ipc_irq_spss] opened OK.
02-29 14:21:06.136   856   925 D SPL     : timeout_msec [4000]
02-29 14:21:06.136   856   925 D SPL     : pfd[0].fd [51].
02-29 14:21:06.136   856   925 D SPL     : pfd[1].fd [44].
02-29 14:21:06.137   856   925 D SPL     : Call poll()
02-29 14:21:06.139  1025  1037 D spcomlib: [spcom_server_get_next_request_size] SPCom get next request size done: Channel name [sec_nvm_sp_keymaster], next_req_size [135]
02-29 14:21:06.139  1025  1037 D spcomlib: [spcom_get_message] SPCom get message cmd: ch_name [sec_nvm_sp_keymaster], buffer_size [135], timeout_ms [0]
02-29 14:21:06.139  1025  1037 D spcomlib: [spcom_ioctl] spcom_ioctl: command ID [3223868400]
02-29 14:21:06.139  1025  1037 D spcomlib: [spcom_get_message] SPCom get message cmd done: ch_name[sec_nvm_sp_keymaster], message size[135]
02-29 14:21:06.139  1025  1037 D spcomlib: [spcom_server_wait_for_request] SPCom server wait for request: Channel name: [sec_nvm_sp_keymaster], actual request size:[135]
02-29 14:21:06.139  1025  1037 D secnvm  : ch [sec_nvm_sp_keymaster] create new request: reqId = 2
02-29 14:21:06.139  1025  1037 D secnvm  : CommitOp::execute() start, m_is_skp [0]
02-29 14:21:06.139  1025  1037 D secnvm  : ch [sec_nvm_sp_keymaster] update segment#0 out of 1
02-29 14:21:06.139  1025  1037 D secnvm  : ch [sec_nvm_sp_keymaster] ari, no-skp: marker points to req CMAC
02-29 14:21:06.139  1025  1037 D secnvm  : file_marker=cf836e3863e16f0b0ed5c6b76a782a9a
02-29 14:21:06.139  1025  1037 D secnvm  : marker=6c921ef73c6850485a07df90a6019bd6
02-29 14:21:06.139  1025  1037 D secnvm  : found marker for file
02-29 14:21:06.139  1025  1037 D secnvm  : m_is_ari: 1, m_is_ari_bypass: 0
02-29 14:21:06.139  1025  1037 D secnvm  : match marker of /mnt/vendor/persist/secnvm/471480361391619214618258156162147168243172_0_1
02-29 14:21:06.142  1025  1037 D secnvm  : commit 1 blocks starting from 0
02-29 14:21:06.142  1025  1037 D secnvm  : commit 1 hash blocks starting from 32768
02-29 14:21:06.143  1025  1037 D secnvm  : successfully updated DDR->flash (transaction counter: 506)
02-29 14:21:06.143  1025  1037 D secnvm  : successfully commited to the backup file, save bytemap for the next time
02-29 14:21:06.143  1025  1037 D secnvm  : CommitOp::execute: m_is_skp [0] t_avg usec [4523] t_min [494] t_max [8058] count [27]
02-29 14:21:06.143  1025  1037 D secnvm  : CommitOp::execute: sync [2] write [0] read [0]
02-29 14:21:06.143  1025  1037 D spcomlib: [spcom_send_message] SPCom send message cmd: ch_name [sec_nvm_sp_keymaster], buffer_size [50], timeout_ms [0]
02-29 14:21:06.143  1025  1037 D spcomlib: [spcom_ioctl] spcom_ioctl: command ID [1076384749]
02-29 14:21:06.143  1025  1037 D spcomlib: [spcom_send_message] SPCom send message cmd done: ch_name[sec_nvm_sp_keymaster], ret[50]
02-29 14:21:06.143  1025  1037 D secnvm  : setNvmManagerState: is_skp:0, reqId:2, m_state=4
02-29 14:21:06.143  1025  1037 D spcomlib: [spcom_server_get_next_request_size] SPCom server get next request cmd: ch_name[sec_nvm_sp_keymaster], next_req_size[135]
02-29 14:21:06.143  1025  1037 D spcomlib: [spcom_ioctl] spcom_ioctl: command ID [3223868399]
02-29 14:21:06.155  1025  1035 D spcomlib: [spcom_server_get_next_request_size] SPCom get next request size done: Channel name [sec_nvm_sp_nvm], next_req_size [135]
02-29 14:21:06.156  1025  1035 D spcomlib: [spcom_get_message] SPCom get message cmd: ch_name [sec_nvm_sp_nvm], buffer_size [135], timeout_ms [0]
02-29 14:21:06.156  1025  1035 D spcomlib: [spcom_ioctl] spcom_ioctl: command ID [3223868400]
02-29 14:21:06.156  1025  1035 D spcomlib: [spcom_get_message] SPCom get message cmd done: ch_name[sec_nvm_sp_nvm], message size[135]
02-29 14:21:06.156  1025  1035 D spcomlib: [spcom_server_wait_for_request] SPCom server wait for request: Channel name: [sec_nvm_sp_nvm], actual request size:[135]
02-29 14:21:06.156  1025  1035 D secnvm  : ch [sec_nvm_sp_nvm] create new request: reqId = 8
02-29 14:21:06.156  1025  1035 D secnvm  : CommitOp::execute() start, m_is_skp [1]
02-29 14:21:06.156  1025  1035 D secnvm  : ch [sec_nvm_sp_nvm] update segment#0 out of 1
02-29 14:21:06.156  1025  1035 D secnvm  : ch [sec_nvm_sp_nvm] ari, skp: marker points to req ARC
02-29 14:21:06.156  1025  1035 D secnvm  : found marker for file
02-29 14:21:06.156  1025  1035 D secnvm  : found marker for file
02-29 14:21:06.156  1025  1035 D secnvm  : m_is_ari: 1, m_is_ari_bypass: 1
02-29 14:21:06.156  1025  1035 D secnvm  : ari bypass: check counters
02-29 14:21:06.156  1025  1035 D secnvm  : counters: cnt0: 2498, cnt1: 2499
02-29 14:21:06.156  1025  1035 D secnvm  : match counter 2499 of /mnt/vendor/persist/secnvm/552412310573718226167662182032189844128_0_1
02-29 14:21:06.158  1025  1035 D secnvm  : commit 1 blocks starting from 0
02-29 14:21:06.158  1025  1035 D secnvm  : commit 1 hash blocks starting from 32768
02-29 14:21:06.158  1025  1035 D secnvm  : commit 1 blocks starting from 18432
02-29 14:21:06.159  1025  1035 D secnvm  : commit 1 hash blocks starting from 33632
02-29 14:21:06.159  1025  1035 D secnvm  : updated active file with transaction counter: 2500, m_is_ari_bypass: 1
02-29 14:21:06.159  1025  1035 D secnvm  : successfully updated DDR->flash (transaction counter: 2500)
02-29 14:21:06.159  1025  1035 D secnvm  : successfully commited to the backup file, save bytemap for the next time
02-29 14:21:06.159  1025  1035 D secnvm  : CommitOp::execute: m_is_skp [1] t_avg usec [4490] t_min [494] t_max [8058] count [28]
02-29 14:21:06.159  1025  1035 D secnvm  : CommitOp::execute: sync [2] write [0] read [0]
02-29 14:21:06.159  1025  1035 D spcomlib: [spcom_send_message] SPCom send message cmd: ch_name [sec_nvm_sp_nvm], buffer_size [50], timeout_ms [0]
02-29 14:21:06.159  1025  1035 D spcomlib: [spcom_ioctl] spcom_ioctl: command ID [1076384749]
02-29 14:21:06.159  1025  1035 D spcomlib: [spcom_send_message] SPCom send message cmd done: ch_name[sec_nvm_sp_nvm], ret[50]
02-29 14:21:06.159  1025  1035 D secnvm  : setNvmManagerState: is_skp:1, reqId:8, m_state=4
02-29 14:21:06.159  1025  1035 D spcomlib: [spcom_server_get_next_request_size] SPCom server get next request cmd: ch_name[sec_nvm_sp_nvm], next_req_size[135]
02-29 14:21:06.160  1025  1035 D spcomlib: [spcom_ioctl] spcom_ioctl: command ID [3223868399]
02-29 14:21:06.173  1025  1037 D spcomlib: [spcom_server_get_next_request_size] SPCom get next request size done: Channel name [sec_nvm_sp_keymaster], next_req_size [135]
02-29 14:21:06.173  1025  1037 D spcomlib: [spcom_get_message] SPCom get message cmd: ch_name [sec_nvm_sp_keymaster], buffer_size [135], timeout_ms [0]
02-29 14:21:06.173  1025  1037 D spcomlib: [spcom_ioctl] spcom_ioctl: command ID [3223868400]
02-29 14:21:06.173  1025  1037 D spcomlib: [spcom_get_message] SPCom get message cmd done: ch_name[sec_nvm_sp_keymaster], message size[135]
02-29 14:21:06.173  1025  1037 D spcomlib: [spcom_server_wait_for_request] SPCom server wait for request: Channel name: [sec_nvm_sp_keymaster], actual request size:[135]
02-29 14:21:06.173  1025  1037 D secnvm  : ch [sec_nvm_sp_keymaster] create new request: reqId = 2
02-29 14:21:06.173  1025  1037 D secnvm  : CommitOp::execute() start, m_is_skp [0]
02-29 14:21:06.173  1025  1037 D secnvm  : ch [sec_nvm_sp_keymaster] update segment#0 out of 1
02-29 14:21:06.173  1025  1037 D secnvm  : ch [sec_nvm_sp_keymaster] ari, no-skp: marker points to req CMAC
02-29 14:21:06.173  1025  1037 D secnvm  : found marker for file
02-29 14:21:06.173  1025  1037 D secnvm  : file_marker=6c921ef73c6850485a07df90a6019bd6
02-29 14:21:06.173  1025  1037 D secnvm  : marker=17ff7facd1ccc0445bdcdd806b064b35
02-29 14:21:06.173  1025  1037 D secnvm  : m_is_ari: 1, m_is_ari_bypass: 0
02-29 14:21:06.173  1025  1037 D secnvm  : match marker of /mnt/vendor/persist/secnvm/471480361391619214618258156162147168243172_0_0
02-29 14:21:06.176  1025  1037 D secnvm  : commit 1 blocks starting from 0
02-29 14:21:06.176  1025  1037 D secnvm  : commit 1 hash blocks starting from 32768
02-29 14:21:06.176  1025  1037 D secnvm  : successfully updated DDR->flash (transaction counter: 507)
02-29 14:21:06.176  1025  1037 D secnvm  : successfully commited to the backup file, save bytemap for the next time
02-29 14:21:06.176  1025  1037 D secnvm  : CommitOp::execute: m_is_skp [0] t_avg usec [4458] t_min [494] t_max [8058] count [29]
02-29 14:21:06.176  1025  1037 D secnvm  : CommitOp::execute: sync [2] write [0] read [0]
02-29 14:21:06.177  1025  1037 D spcomlib: [spcom_send_message] SPCom send message cmd: ch_name [sec_nvm_sp_keymaster], buffer_size [50], timeout_ms [0]
02-29 14:21:06.177  1025  1037 D spcomlib: [spcom_ioctl] spcom_ioctl: command ID [1076384749]
02-29 14:21:06.177  1025  1037 D spcomlib: [spcom_send_message] SPCom send message cmd done: ch_name[sec_nvm_sp_keymaster], ret[50]
02-29 14:21:06.177  1025  1037 D secnvm  : setNvmManagerState: is_skp:0, reqId:2, m_state=4
02-29 14:21:06.177  1025  1037 D spcomlib: [spcom_server_get_next_request_size] SPCom server get next request cmd: ch_name[sec_nvm_sp_keymaster], next_req_size[135]
02-29 14:21:06.177  1025  1037 D spcomlib: [spcom_ioctl] spcom_ioctl: command ID [3223868399]
02-29 14:21:06.188  1025  1035 D spcomlib: [spcom_server_get_next_request_size] SPCom get next request size done: Channel name [sec_nvm_sp_nvm], next_req_size [135]
02-29 14:21:06.188  1025  1035 D spcomlib: [spcom_get_message] SPCom get message cmd: ch_name [sec_nvm_sp_nvm], buffer_size [135], timeout_ms [0]
02-29 14:21:06.188  1025  1035 D spcomlib: [spcom_ioctl] spcom_ioctl: command ID [3223868400]
02-29 14:21:06.188  1025  1035 D spcomlib: [spcom_get_message] SPCom get message cmd done: ch_name[sec_nvm_sp_nvm], message size[135]
02-29 14:21:06.188  1025  1035 D spcomlib: [spcom_server_wait_for_request] SPCom server wait for request: Channel name: [sec_nvm_sp_nvm], actual request size:[135]
02-29 14:21:06.188  1025  1035 D secnvm  : ch [sec_nvm_sp_nvm] create new request: reqId = 8
02-29 14:21:06.188  1025  1035 D secnvm  : CommitOp::execute() start, m_is_skp [1]
02-29 14:21:06.188  1025  1035 D secnvm  : ch [sec_nvm_sp_nvm] update segment#0 out of 1
02-29 14:21:06.188  1025  1035 D secnvm  : ch [sec_nvm_sp_nvm] ari, skp: marker points to req ARC
02-29 14:21:06.188  1025  1035 D secnvm  : found marker for file
02-29 14:21:06.188  1025  1035 D secnvm  : found marker for file
02-29 14:21:06.188  1025  1035 D secnvm  : m_is_ari: 1, m_is_ari_bypass: 1
02-29 14:21:06.188  1025  1035 D secnvm  : ari bypass: check counters
02-29 14:21:06.188  1025  1035 D secnvm  : counters: cnt0: 2500, cnt1: 2499
02-29 14:21:06.188  1025  1035 D secnvm  : match counter 2500 of /mnt/vendor/persist/secnvm/552412310573718226167662182032189844128_0_0
02-29 14:21:06.191  1025  1035 D secnvm  : commit 1 blocks starting from 0
02-29 14:21:06.191  1025  1035 D secnvm  : commit 1 hash blocks starting from 32768
02-29 14:21:06.191  1025  1035 D secnvm  : commit 1 blocks starting from 18432
02-29 14:21:06.191  1025  1035 D secnvm  : commit 1 hash blocks starting from 33632
02-29 14:21:06.191  1025  1035 D secnvm  : updated active file with transaction counter: 2501, m_is_ari_bypass: 1
02-29 14:21:06.191  1025  1035 D secnvm  : successfully updated DDR->flash (transaction counter: 2501)
02-29 14:21:06.191  1025  1035 D secnvm  : successfully commited to the backup file, save bytemap for the next time
02-29 14:21:06.191  1025  1035 D secnvm  : CommitOp::execute: m_is_skp [1] t_avg usec [4423] t_min [494] t_max [8058] count [30]
02-29 14:21:06.191  1025  1035 D secnvm  : CommitOp::execute: sync [2] write [0] read [0]
02-29 14:21:06.191  1025  1035 D spcomlib: [spcom_send_message] SPCom send message cmd: ch_name [sec_nvm_sp_nvm], buffer_size [50], timeout_ms [0]
02-29 14:21:06.191  1025  1035 D spcomlib: [spcom_ioctl] spcom_ioctl: command ID [1076384749]
02-29 14:21:06.191  1025  1035 D spcomlib: [spcom_send_message] SPCom send message cmd done: ch_name[sec_nvm_sp_nvm], ret[50]
02-29 14:21:06.191  1025  1035 D secnvm  : setNvmManagerState: is_skp:1, reqId:8, m_state=4
02-29 14:21:06.191  1025  1035 D spcomlib: [spcom_server_get_next_request_size] SPCom server get next request cmd: ch_name[sec_nvm_sp_nvm], next_req_size[135]
02-29 14:21:06.191  1025  1035 D spcomlib: [spcom_ioctl] spcom_ioctl: command ID [3223868399]
02-29 14:21:06.200   856   925 D SPL     : poll() ret [1].
02-29 14:21:06.200   856   925 D SPL     : pfd[0].revents [0x1].
02-29 14:21:06.200   856   925 D SPL     : pfd[1].revents [0x0].
02-29 14:21:06.200   856   925 D SPL     : IRQ Detected OK.
02-29 14:21:06.200   856   925 D SPL     : Send Response
02-29 14:21:06.200   856   925 D SPL     : QSEECom_send_resp() OK.
02-29 14:21:06.200   856   925 D SPL     : ==== Wait For Request ======
02-29 14:21:06.230   856   925 D SPL     : Handle Request
02-29 14:21:06.230   856   925 E SPL     : unknown cmd id [57005]
02-29 14:21:06.230   856   925 D SPL     : Send Response
02-29 14:21:06.230   856   925 D SPL     : QSEECom_send_resp() OK.
02-29 14:21:06.230   856   925 D SPL     : ==== Wait For Request ======
