02-29 14:16:19.275  5651  5651 I auditd  : type=1400 audit(0.0:305): avc: denied { write } for comm="TcmReceiver" name="tcmd" dev="tmpfs" ino=1351 scontext=u:r:remote_prov_app:s0:c106,c256,c512,c768 tcontext=u:object_r:vendor_dpmtcm_socket:s0 tclass=sock_file permissive=0 app=com.android.remoteprovisioner
02-29 14:16:19.952  2624  2737 I am_uid_idle: 10052
02-29 14:16:20.279  5651  5651 I auditd  : type=1400 audit(0.0:306): avc: denied { write } for comm="TcmReceiver" name="tcmd" dev="tmpfs" ino=1351 scontext=u:r:remote_prov_app:s0:c106,c256,c512,c768 tcontext=u:object_r:vendor_dpmtcm_socket:s0 tclass=sock_file permissive=0 app=com.android.remoteprovisioner
02-29 14:16:20.596  3659  3659 I sysui_multi_action: [757,830,758,4,833,0,854,top_level_connected_devices,1089,0]
02-29 14:16:20.605  2624  5245 I wm_task_moved: [267,1,2]
02-29 14:16:20.605  2624  5245 I wm_create_activity: [0,27764187,267,com.android.settings/.SubSettings,android.intent.action.MAIN,NULL,NULL,0]
02-29 14:16:20.606  2624  5245 I wm_pause_activity: [0,180885238,com.android.settings/.Settings,userLeaving=true,resumeTopActivity]
02-29 14:16:20.610  3659  3659 I wm_on_top_resumed_lost_called: [180885238,com.android.settings.Settings,topStateChangedWhenResumed]
02-29 14:16:20.611  3659  3659 I sysui_multi_action: [757,35,758,2,1089,1909]
02-29 14:16:20.611  3659  3659 I wm_on_paused_called: [180885238,com.android.settings.Settings,performPause]
02-29 14:16:20.612  2624  5245 I wm_add_to_stopping: [0,180885238,com.android.settings/.Settings,makeInvisible]
02-29 14:16:20.612  2624  5245 I wm_restart_activity: [0,27764187,267,com.android.settings/.SubSettings]
02-29 14:16:20.613  2624  5245 I wm_set_resumed_activity: [0,com.android.settings/.SubSettings,minimalResumeActivityLocked - onActivityStateChanged]
02-29 14:16:20.613  2624  2728 I sysui_multi_action: [757,803,799,window_time_0,802,2]
02-29 14:16:20.614  2624  2732 I input_focus: [Requesting to set focus to null window,reason=UpdateInputWindows]
02-29 14:16:20.642  2624  3006 I input_focus: [Focus leaving cf7dd8a com.android.settings/com.android.settings.Settings (server),reason=NO_WINDOW]
02-29 14:16:20.659  3659  3659 I wm_on_create_called: [27764187,com.android.settings.SubSettings,performCreate]
02-29 14:16:20.672  3659  3659 I wm_on_start_called: [27764187,com.android.settings.SubSettings,handleStartActivity]
02-29 14:16:20.672  3659  3659 I snet_event_log: [120484087,-1,]
02-29 14:16:20.673  3659  3659 I wm_on_resume_called: [27764187,com.android.settings.SubSettings,RESUME_ACTIVITY]
02-29 14:16:20.673  3659  3659 I sysui_multi_action: [757,747,758,1,833,35,1089,53]
02-29 14:16:20.675  3659  3659 I sysui_multi_action: [757,1729,758,4,854,isParalleledControllers:false,1089,55]
02-29 14:16:20.678  3659  3659 I wm_on_top_resumed_gained_called: [27764187,com.android.settings.SubSettings,topStateChangedWhenResumed]
02-29 14:16:20.687  2624  2732 I input_focus: [Focus request 89702dd com.android.settings/com.android.settings.SubSettings,reason=UpdateInputWindows]
02-29 14:16:20.697  2624  2728 I wm_activity_launch_time: [0,27764187,com.android.settings/.SubSettings,98]
02-29 14:16:20.811  2624  3006 I input_focus: [Focus entering 89702dd com.android.settings/com.android.settings.SubSettings (server),reason=Window became focusable. Previous reason: NOT_VISIBLE]
02-29 14:16:20.949  2624  6221 I ntp_failure: [time.android.com/2001:4860:4806:8::,java.net.SocketTimeoutException: Poll timed out]
02-29 14:16:21.185  2624  2731 I wm_stop_activity: [0,180885238,com.android.settings/.Settings]
02-29 14:16:21.207  3659  3659 I wm_on_stop_called: [180885238,com.android.settings.Settings,STOP_ACTIVITY_ITEM]
02-29 14:16:21.279  5651  5651 I auditd  : type=1400 audit(0.0:307): avc: denied { write } for comm="TcmReceiver" name="tcmd" dev="tmpfs" ino=1351 scontext=u:r:remote_prov_app:s0:c106,c256,c512,c768 tcontext=u:object_r:vendor_dpmtcm_socket:s0 tclass=sock_file permissive=0 app=com.android.remoteprovisioner
02-29 14:16:21.757  2624  3006 I input_interaction: Interaction with: 89702dd com.android.settings/com.android.settings.SubSettings (server), PointerEventDispatcher0 (server), 
02-29 14:16:21.854  3659  3659 I sysui_multi_action: [757,830,758,4,833,0,854,connection_preferences,1089,0]
02-29 14:16:21.869  2624  5245 I wm_task_moved: [267,1,2]
02-29 14:16:21.869  2624  5245 I wm_create_activity: [0,225614044,267,com.android.settings/.SubSettings,android.intent.action.MAIN,NULL,NULL,0]
02-29 14:16:21.870  2624  5245 I wm_pause_activity: [0,27764187,com.android.settings/.SubSettings,userLeaving=true,resumeTopActivity]
02-29 14:16:21.872  3659  3659 I wm_on_top_resumed_lost_called: [27764187,com.android.settings.SubSettings,topStateChangedWhenResumed]
02-29 14:16:21.873  3659  3659 I sysui_multi_action: [757,747,758,2,1089,1199]
02-29 14:16:21.873  3659  3659 I wm_on_paused_called: [27764187,com.android.settings.SubSettings,performPause]
02-29 14:16:21.874  2624  5245 I wm_add_to_stopping: [0,27764187,com.android.settings/.SubSettings,makeInvisible]
02-29 14:16:21.874  2624  5245 I wm_restart_activity: [0,225614044,267,com.android.settings/.SubSettings]
02-29 14:16:21.874  2624  5245 I wm_set_resumed_activity: [0,com.android.settings/.SubSettings,minimalResumeActivityLocked - onActivityStateChanged]
02-29 14:16:21.875  2624  2728 I sysui_multi_action: [757,803,799,window_time_0,802,1]
02-29 14:16:21.875  2624  2732 I input_focus: [Requesting to set focus to null window,reason=UpdateInputWindows]
02-29 14:16:21.888  3659  3659 I wm_on_create_called: [225614044,com.android.settings.SubSettings,performCreate]
02-29 14:16:21.891  3659  3659 I wm_on_start_called: [225614044,com.android.settings.SubSettings,handleStartActivity]
02-29 14:16:21.891  3659  3659 I snet_event_log: [120484087,-1,]
02-29 14:16:21.892  3659  3659 I wm_on_resume_called: [225614044,com.android.settings.SubSettings,RESUME_ACTIVITY]
02-29 14:16:21.892  3659  3659 I sysui_multi_action: [757,1264,758,1,833,747,1089,10]
02-29 14:16:21.893  2624  5245 I am_uid_active: 10052
02-29 14:16:21.895  2624  3006 I input_focus: [Focus leaving 89702dd com.android.settings/com.android.settings.SubSettings (server),reason=NO_WINDOW]
02-29 14:16:21.897  3659  3659 I sysui_multi_action: [757,1729,758,4,854,isParalleledControllers:false,1089,15]
02-29 14:16:21.900  3659  3659 I wm_on_top_resumed_gained_called: [225614044,com.android.settings.SubSettings,topStateChangedWhenResumed]
02-29 14:16:21.905  2624  2732 I input_focus: [Focus request f00dec2 com.android.settings/com.android.settings.SubSettings,reason=UpdateInputWindows]
02-29 14:16:21.912  2624  2728 I wm_activity_launch_time: [0,225614044,com.android.settings/.SubSettings,56]
02-29 14:16:22.030  2624  3006 I input_focus: [Focus entering f00dec2 com.android.settings/com.android.settings.SubSettings (server),reason=Window became focusable. Previous reason: NOT_VISIBLE]
02-29 14:16:22.279  5651  5651 I auditd  : type=1400 audit(0.0:308): avc: denied { write } for comm="TcmReceiver" name="tcmd" dev="tmpfs" ino=1351 scontext=u:r:remote_prov_app:s0:c106,c256,c512,c768 tcontext=u:object_r:vendor_dpmtcm_socket:s0 tclass=sock_file permissive=0 app=com.android.remoteprovisioner
02-29 14:16:22.402  2624  2731 I wm_stop_activity: [0,27764187,com.android.settings/.SubSettings]
02-29 14:16:22.416  2624  2736 I am_pss  : [5696,10032,com.android.statementservice,9158656,2408448,5066752,98123776,0,19,9]
02-29 14:16:22.424  3659  3659 I wm_on_stop_called: [27764187,com.android.settings.SubSettings,STOP_ACTIVITY_ITEM]
02-29 14:16:22.428  2624  2736 I am_pss  : [5651,10106,com.android.remoteprovisioner,8768512,6443008,0,105807872,0,8,8]
02-29 14:16:22.437  2624  2736 I am_pss  : [4122,10141,com.android.cellbroadcastreceiver.module,15742976,8663040,5386240,104296448,0,19,6]
02-29 14:16:22.444  2624  2736 I am_pss  : [4719,10075,com.android.dialer,13365248,9003008,2646016,105037824,0,19,5]
02-29 14:16:22.451  2624  2736 I am_pss  : [4738,10031,android.process.acore,12418048,3088384,6909952,104275968,0,19,6]
02-29 14:16:22.455  2624  2736 I am_pss  : [5458,10114,com.android.mms,10316800,3072000,5099520,102674432,0,19,4]
02-29 14:16:22.617  2624  3006 I input_interaction: Interaction with: f00dec2 com.android.settings/com.android.settings.SubSettings (server), PointerEventDispatcher0 (server), 
02-29 14:16:22.687  3659  3659 I sysui_multi_action: [757,830,758,4,833,0,854,nfc_and_payment_settings,1089,0]
02-29 14:16:22.701  2624  5245 I wm_task_moved: [267,1,2]
02-29 14:16:22.701  2624  5245 I wm_create_activity: [0,31385122,267,com.android.settings/.SubSettings,android.intent.action.MAIN,NULL,NULL,0]
02-29 14:16:22.702  2624  5245 I wm_pause_activity: [0,225614044,com.android.settings/.SubSettings,userLeaving=true,resumeTopActivity]
02-29 14:16:22.704  3659  3659 I wm_on_top_resumed_lost_called: [225614044,com.android.settings.SubSettings,topStateChangedWhenResumed]
02-29 14:16:22.705  3659  3659 I sysui_multi_action: [757,1264,758,2,1089,813]
02-29 14:16:22.705  3659  3659 I wm_on_paused_called: [225614044,com.android.settings.SubSettings,performPause]
02-29 14:16:22.705  2624  5245 I wm_add_to_stopping: [0,225614044,com.android.settings/.SubSettings,makeInvisible]
02-29 14:16:22.706  2624  5245 I wm_restart_activity: [0,31385122,267,com.android.settings/.SubSettings]
02-29 14:16:22.706  2624  5245 I wm_set_resumed_activity: [0,com.android.settings/.SubSettings,minimalResumeActivityLocked - onActivityStateChanged]
02-29 14:16:22.707  2624  2728 I sysui_multi_action: [757,803,799,window_time_0,802,1]
02-29 14:16:22.707  2624  2732 I input_focus: [Requesting to set focus to null window,reason=UpdateInputWindows]
02-29 14:16:22.718  3659  3659 I wm_on_create_called: [31385122,com.android.settings.SubSettings,performCreate]
02-29 14:16:22.718  2624  2736 I am_pss  : [3715,10110,com.android.launcher3,60658688,24051712,22917120,175276032,0,5,6]
02-29 14:16:22.720  3659  3659 I wm_on_start_called: [31385122,com.android.settings.SubSettings,handleStartActivity]
02-29 14:16:22.720  3659  3659 I snet_event_log: [120484087,-1,]
02-29 14:16:22.721  3659  3659 I wm_on_resume_called: [31385122,com.android.settings.SubSettings,RESUME_ACTIVITY]
02-29 14:16:22.723  3659  3659 I sysui_multi_action: [757,1828,758,1,833,1264,1089,10]
02-29 14:16:22.724  3659  3659 I sysui_multi_action: [757,1729,758,4,854,isParalleledControllers:false,1089,10]
02-29 14:16:22.726  3659  3659 I wm_on_top_resumed_gained_called: [31385122,com.android.settings.SubSettings,topStateChangedWhenResumed]
02-29 14:16:22.730  2624  3006 I input_focus: [Focus leaving f00dec2 com.android.settings/com.android.settings.SubSettings (server),reason=NO_WINDOW]
02-29 14:16:22.731  2624  2732 I input_focus: [Focus request 78f04a3 com.android.settings/com.android.settings.SubSettings,reason=UpdateInputWindows]
02-29 14:16:22.736  2624  2728 I wm_activity_launch_time: [0,31385122,com.android.settings/.SubSettings,46]
02-29 14:16:22.833  2624  3006 I input_focus: [Focus entering 78f04a3 com.android.settings/com.android.settings.SubSettings (server),reason=Window became focusable. Previous reason: NOT_VISIBLE]
02-29 14:16:23.205  2624  2731 I wm_stop_activity: [0,225614044,com.android.settings/.SubSettings]
02-29 14:16:23.227  3659  3659 I wm_on_stop_called: [225614044,com.android.settings.SubSettings,STOP_ACTIVITY_ITEM]
02-29 14:16:23.283  5651  5651 I auditd  : type=1400 audit(0.0:309): avc: denied { write } for comm="TcmReceiver" name="tcmd" dev="tmpfs" ino=1351 scontext=u:r:remote_prov_app:s0:c106,c256,c512,c768 tcontext=u:object_r:vendor_dpmtcm_socket:s0 tclass=sock_file permissive=0 app=com.android.remoteprovisioner
02-29 14:16:24.098  2624  3006 I input_interaction: Interaction with: 78f04a3 com.android.settings/com.android.settings.SubSettings (server), PointerEventDispatcher0 (server), 
02-29 14:16:24.182  3659  3659 I sysui_multi_action: [757,853,758,4,854,connecteddevice.NfcAndPaymentFragment/toggle_nfc,1089,0]
02-29 14:16:24.283  5651  5651 I auditd  : type=1400 audit(0.0:310): avc: denied { write } for comm="TcmReceiver" name="tcmd" dev="tmpfs" ino=1351 scontext=u:r:remote_prov_app:s0:c106,c256,c512,c768 tcontext=u:object_r:vendor_dpmtcm_socket:s0 tclass=sock_file permissive=0 app=com.android.remoteprovisioner
02-29 14:16:24.830  3659  3659 I sysui_multi_action: [757,853,758,4,854,connecteddevice.NfcAndPaymentFragment/toggle_nfc,1089,1]
02-29 14:16:25.287  5651  5651 I auditd  : type=1400 audit(0.0:311): avc: denied { write } for comm="TcmReceiver" name="tcmd" dev="tmpfs" ino=1351 scontext=u:r:remote_prov_app:s0:c106,c256,c512,c768 tcontext=u:object_r:vendor_dpmtcm_socket:s0 tclass=sock_file permissive=0 app=com.android.remoteprovisioner
02-29 14:16:25.959  2624  6221 I ntp_failure: [time.android.com/2001:4860:4806::,java.net.SocketTimeoutException: Poll timed out]
02-29 14:16:26.081  2624  6221 I ntp_success: [time.android.com/2001:4860:4806:c::,119,27648]
02-29 14:16:26.291  5651  5651 I auditd  : type=1400 audit(0.0:312): avc: denied { write } for comm="TcmReceiver" name="tcmd" dev="tmpfs" ino=1351 scontext=u:r:remote_prov_app:s0:c106,c256,c512,c768 tcontext=u:object_r:vendor_dpmtcm_socket:s0 tclass=sock_file permissive=0 app=com.android.remoteprovisioner
02-29 14:16:27.291  5651  5651 I auditd  : type=1400 audit(0.0:313): avc: denied { write } for comm="TcmReceiver" name="tcmd" dev="tmpfs" ino=1351 scontext=u:r:remote_prov_app:s0:c106,c256,c512,c768 tcontext=u:object_r:vendor_dpmtcm_socket:s0 tclass=sock_file permissive=0 app=com.android.remoteprovisioner
02-29 14:16:28.295  5651  5651 I auditd  : type=1400 audit(0.0:314): avc: denied { write } for comm="TcmReceiver" name="tcmd" dev="tmpfs" ino=1351 scontext=u:r:remote_prov_app:s0:c106,c256,c512,c768 tcontext=u:object_r:vendor_dpmtcm_socket:s0 tclass=sock_file permissive=0 app=com.android.remoteprovisioner
02-29 14:16:28.787  2624  2986 I am_compact: [3381,com.android.permissioncontroller,anon,106208,60304,45040,3212,-4140,16,-4156,4148,40,2,34748,905,19,3659772,-4096]
02-29 14:16:28.968  2624  3007 I sysui_multi_action: [757,804,799,power_consecutive_short_tap_count,801,1,802,1]
02-29 14:16:28.970  2624  3007 I sysui_multi_action: [757,804,799,power_double_tap_interval,801,13664,802,1]
02-29 14:16:28.970  2624  3007 I intercept_power: [ACTION_DOWN,0,1]
02-29 14:16:29.209  2624  3007 I intercept_power: [ACTION_UP,0,0]
02-29 14:16:29.214  2624  2624 I power_sleep_requested: 0
02-29 14:16:29.242  2624  2848 I sysui_multi_action: [757,1696,758,6,759,0]
02-29 14:16:29.295  5651  5651 I auditd  : type=1400 audit(0.0:315): avc: denied { write } for comm="TcmReceiver" name="tcmd" dev="tmpfs" ino=1351 scontext=u:r:remote_prov_app:s0:c106,c256,c512,c768 tcontext=u:object_r:vendor_dpmtcm_socket:s0 tclass=sock_file permissive=0 app=com.android.remoteprovisioner
02-29 14:16:29.675  1076  1076 I auditd  : type=1400 audit(0.0:316): avc: denied { read } for comm="binder:1076_1" name="wakeup9" dev="sysfs" ino=103821 scontext=u:r:system_suspend:s0 tcontext=u:object_r:sysfs:s0 tclass=dir permissive=0
02-29 14:16:29.686  3659  3659 I wm_on_top_resumed_lost_called: [31385122,com.android.settings.SubSettings,topStateChangedWhenResumed]
02-29 14:16:29.686  2624  2848 I wm_pause_activity: [0,31385122,com.android.settings/.SubSettings,userLeaving=false,sleep]
02-29 14:16:29.691  1076  1076 I auditd  : type=1400 audit(0.0:317): avc: denied { read } for comm="binder:1076_1" name="wakeup15" dev="sysfs" ino=115351 scontext=u:r:system_suspend:s0 tcontext=u:object_r:sysfs:s0 tclass=dir permissive=0
02-29 14:16:29.693  3659  3659 I sysui_multi_action: [757,1828,758,2,1089,6968]
02-29 14:16:29.708  3659  3659 I wm_on_paused_called: [31385122,com.android.settings.SubSettings,performPause]
02-29 14:16:29.717  2624  3148 I wm_add_to_stopping: [0,31385122,com.android.settings/.SubSettings,completePauseLocked]
02-29 14:16:29.719  2624  2728 I sysui_multi_action: [757,803,799,window_time_0,802,7]
02-29 14:16:29.720  2624  2731 I wm_stop_activity: [0,31385122,com.android.settings/.SubSettings]
02-29 14:16:29.721  2624  2732 I input_focus: [Requesting to set focus to null window,reason=UpdateInputWindows]
02-29 14:16:29.727  3659  3659 I wm_on_stop_called: [31385122,com.android.settings.SubSettings,STOP_ACTIVITY_ITEM]
02-29 14:16:29.765  2624  2624 I battery_saving_stats: [0,1,0,14422,0,0,71419,9949,0]
02-29 14:16:29.874  2624  2728 I sysui_multi_action: [757,223,758,1]
02-29 14:16:29.874  2624  3006 I input_focus: [Focus leaving 78f04a3 com.android.settings/com.android.settings.SubSettings (server),reason=NO_WINDOW]
02-29 14:16:29.895  3225  3225 I sysui_multi_action: [757,111,758,1]
02-29 14:16:29.896  3225  3225 I sysui_multi_action: [757,126,758,1,759,126,927,0,928,1,1593,0]
02-29 14:16:29.896  3225  3225 I sysui_multi_action: [757,113,758,1,759,113,927,1,928,1,1593,0]
02-29 14:16:29.896  3225  3225 I sysui_multi_action: [757,119,758,1,759,119,927,2,928,0,1593,0]
02-29 14:16:29.896  3225  3225 I sysui_multi_action: [757,118,758,1,759,118,927,3,928,0,1593,0]
02-29 14:16:29.900  2624  3148 I wm_set_keyguard_shown: [0,0,1,0,0,setKeyguardShown]
02-29 14:16:29.912  3225  3225 I sysui_multi_action: [757,196,758,2,759,1]
02-29 14:16:29.912  3225  3225 I sysui_status_bar_state: [1,0,0,0,1,0]
02-29 14:16:29.918  2624  2686 I sysui_multi_action: [757,127,758,1]
02-29 14:16:29.918  2624  2686 I sysui_multi_action: [757,804,799,note_load,801,2,802,1]
02-29 14:16:29.918  2624  2686 I notification_panel_revealed: 2
02-29 14:16:29.923  2624  2848 I sysui_multi_action: [757,1696,758,6,759,1]
02-29 14:16:29.924  2624  2624 I sysui_multi_action: [757,198,758,2,759,2,1359,957,1695,4]
02-29 14:16:29.924  2624  2624 I power_screen_state: [0,2,0,0,957]
02-29 14:16:29.924  2624  2624 I screen_toggled: 0
02-29 14:16:29.924  2624  2624 I sysui_multi_action: [757,804,799,screen_timeout,801,1800,802,1]
02-29 14:16:29.924  2624  2624 I sysui_multi_action: [757,1594,758,4,759,-2147483648,1359,14425]
02-29 14:16:29.925  2624  2624 I power_screen_broadcast_send: 1
02-29 14:16:29.973  3225  3225 I sysui_multi_action: [757,196,758,1,759,1]
02-29 14:16:29.973  3225  3225 I sysui_status_bar_state: [1,1,0,0,1,0]
02-29 14:16:29.987  2624  2686 I wm_set_keyguard_shown: [0,1,1,0,0,setKeyguardShown]
02-29 14:16:29.988  2624  2686 I sysui_multi_action: [757,127,758,2]
02-29 14:16:29.988  2624  2686 I notification_panel_hidden: 
02-29 14:16:29.994  2624  2731 I user_activity_timeout_override: 10000
02-29 14:16:29.998  2624  2732 I input_focus: [Focus request c9b7b28 NotificationShade,reason=UpdateInputWindows]
02-29 14:16:30.018  2624  3006 I input_focus: [Focus entering c9b7b28 NotificationShade (server),reason=Window became focusable. Previous reason: NOT_FOCUSABLE]
02-29 14:16:30.024  2624  2624 I power_screen_broadcast_done: [0,99,1]
02-29 14:16:30.123  2624  2985 I commit_sys_config_file: [settings-2-0,8]
02-29 14:16:30.295  5651  5651 I auditd  : type=1400 audit(0.0:318): avc: denied { write } for comm="TcmReceiver" name="tcmd" dev="tmpfs" ino=1351 scontext=u:r:remote_prov_app:s0:c106,c256,c512,c768 tcontext=u:object_r:vendor_dpmtcm_socket:s0 tclass=sock_file permissive=0 app=com.android.remoteprovisioner
02-29 14:16:31.299  5651  5651 I auditd  : type=1400 audit(0.0:319): avc: denied { write } for comm="TcmReceiver" name="tcmd" dev="tmpfs" ino=1351 scontext=u:r:remote_prov_app:s0:c106,c256,c512,c768 tcontext=u:object_r:vendor_dpmtcm_socket:s0 tclass=sock_file permissive=0 app=com.android.remoteprovisioner
02-29 14:16:32.021  2624  2737 I am_uid_idle: 10120
02-29 14:16:32.197  2624  2737 I am_uid_idle: 10122
02-29 14:16:32.198  2624  2737 I am_stop_idle_service: [10122,com.qualcomm.qtil.btdsda/.BtDsDaService]
02-29 14:16:32.257  2624  2986 I am_compact: [4460,com.qualcomm.qtil.btdsda,anon,90580,45604,44188,1676,-2236,0,-2236,2236,42,0,0,905,19,3656956,-2048]
02-29 14:16:32.299  5651  5651 I auditd  : type=1400 audit(0.0:320): avc: denied { write } for comm="TcmReceiver" name="tcmd" dev="tmpfs" ino=1351 scontext=u:r:remote_prov_app:s0:c106,c256,c512,c768 tcontext=u:object_r:vendor_dpmtcm_socket:s0 tclass=sock_file permissive=0 app=com.android.remoteprovisioner
02-29 14:16:33.307  5651  5651 I auditd  : type=1400 audit(0.0:321): avc: denied { write } for comm="TcmReceiver" name="tcmd" dev="tmpfs" ino=1351 scontext=u:r:remote_prov_app:s0:c106,c256,c512,c768 tcontext=u:object_r:vendor_dpmtcm_socket:s0 tclass=sock_file permissive=0 app=com.android.remoteprovisioner
02-29 14:16:34.311  5651  5651 I auditd  : type=1400 audit(0.0:322): avc: denied { write } for comm="TcmReceiver" name="tcmd" dev="tmpfs" ino=1351 scontext=u:r:remote_prov_app:s0:c106,c256,c512,c768 tcontext=u:object_r:vendor_dpmtcm_socket:s0 tclass=sock_file permissive=0 app=com.android.remoteprovisioner
02-29 14:16:34.680  2624  2737 I am_uid_idle: 10061
02-29 14:16:35.040  2624  2737 I am_uid_idle: 10094
02-29 14:16:35.235  2624  2737 I am_uid_idle: 10141
02-29 14:16:35.235  2624  2737 I am_uid_idle: 10074
02-29 14:16:35.311  5651  5651 I auditd  : type=1400 audit(0.0:323): avc: denied { write } for comm="TcmReceiver" name="tcmd" dev="tmpfs" ino=1351 scontext=u:r:remote_prov_app:s0:c106,c256,c512,c768 tcontext=u:object_r:vendor_dpmtcm_socket:s0 tclass=sock_file permissive=0 app=com.android.remoteprovisioner
02-29 14:16:35.353  2624  2737 I am_uid_idle: 10093
02-29 14:16:35.486  2624  2737 I am_uid_idle: 10076
02-29 14:16:35.501  2624  2737 I am_uid_idle: 10035
02-29 14:16:35.641  2624  2737 I am_uid_idle: 10114
02-29 14:16:36.315  5651  5651 I auditd  : type=1400 audit(0.0:324): avc: denied { write } for comm="TcmReceiver" name="tcmd" dev="tmpfs" ino=1351 scontext=u:r:remote_prov_app:s0:c106,c256,c512,c768 tcontext=u:object_r:vendor_dpmtcm_socket:s0 tclass=sock_file permissive=0 app=com.android.remoteprovisioner
02-29 14:16:36.865  2624  2737 I am_uid_idle: 10031
02-29 14:16:37.013  2624  2737 I am_uid_idle: 10072
02-29 14:16:37.103  2624  2737 I am_uid_idle: 10027
02-29 14:16:37.270  2624  2737 I am_uid_idle: 10041
02-29 14:16:37.319  5651  5651 I auditd  : type=1400 audit(0.0:325): avc: denied { write } for comm="TcmReceiver" name="tcmd" dev="tmpfs" ino=1351 scontext=u:r:remote_prov_app:s0:c106,c256,c512,c768 tcontext=u:object_r:vendor_dpmtcm_socket:s0 tclass=sock_file permissive=0 app=com.android.remoteprovisioner
02-29 14:16:37.374  2624  2737 I am_uid_idle: 10024
02-29 14:16:37.505  2624  2737 I am_uid_idle: 10106
02-29 14:16:37.535  2624  2737 I am_uid_idle: 2000
02-29 14:16:37.724  2624  2737 I am_uid_idle: 10032
02-29 14:16:37.884  2624  2737 I am_uid_idle: 10069
02-29 14:16:38.010  2624  2737 I am_uid_idle: 10121
02-29 14:16:38.161  2624  2737 I am_uid_idle: 10062
02-29 14:16:38.327  5651  5651 I auditd  : type=1400 audit(0.0:326): avc: denied { write } for comm="TcmReceiver" name="tcmd" dev="tmpfs" ino=1351 scontext=u:r:remote_prov_app:s0:c106,c256,c512,c768 tcontext=u:object_r:vendor_dpmtcm_socket:s0 tclass=sock_file permissive=0 app=com.android.remoteprovisioner
02-29 14:16:38.586  2624  2737 I am_uid_idle: 10144
02-29 14:16:38.588  2624  2737 I am_stop_idle_service: [10144,com.baidu.searchbox/com.baidu.android.pushservice.PushService]
02-29 14:16:38.668  2624  2986 I am_compact: [5829,com.baidu.searchbox:bdservice_v1,anon,103088,63312,38932,68,-6504,0,-6504,6504,57,0,0,905,19,3656700,-6656]
02-29 14:16:39.331  5651  5651 I auditd  : type=1400 audit(0.0:327): avc: denied { write } for comm="TcmReceiver" name="tcmd" dev="tmpfs" ino=1351 scontext=u:r:remote_prov_app:s0:c106,c256,c512,c768 tcontext=u:object_r:vendor_dpmtcm_socket:s0 tclass=sock_file permissive=0 app=com.android.remoteprovisioner
02-29 14:16:39.390  2624  3007 I sysui_multi_action: [757,804,799,power_consecutive_short_tap_count,801,1,802,1]
02-29 14:16:39.390  2624  3007 I sysui_multi_action: [757,804,799,power_double_tap_interval,801,10422,802,1]
02-29 14:16:39.391  2624  3007 I intercept_power: [ACTION_DOWN,0,1]
02-29 14:16:39.411  1076  1076 I auditd  : type=1400 audit(0.0:328): avc: denied { read } for comm="binder:1076_2" name="wakeup9" dev="sysfs" ino=103821 scontext=u:r:system_suspend:s0 tcontext=u:object_r:sysfs:s0 tclass=dir permissive=0
02-29 14:16:39.402  2624  2848 I sysui_multi_action: [757,1696,758,6,759,3]
02-29 14:16:39.419  2624  2624 I screen_toggled: 1
02-29 14:16:39.419  2624  2624 I power_screen_broadcast_send: 1
02-29 14:16:39.419  1076  1076 I auditd  : type=1400 audit(0.0:329): avc: denied { read } for comm="binder:1076_2" name="wakeup15" dev="sysfs" ino=115351 scontext=u:r:system_suspend:s0 tcontext=u:object_r:sysfs:s0 tclass=dir permissive=0
02-29 14:16:39.429  2624  2736 I am_pss  : [3659,1000,com.android.settings,62929920,48173056,2375680,198565888,0,12,8]
02-29 14:16:39.442  2624  2624 I battery_saving_stats: [0,0,0,9677,3617,0,17174,3617,0]
02-29 14:16:39.454  2624  3151 I sysui_multi_action: [757,127,758,1]
02-29 14:16:39.454  2624  3151 I sysui_multi_action: [757,804,799,note_load,801,1,802,1]
02-29 14:16:39.454  2624  3151 I notification_panel_revealed: 1
02-29 14:16:39.457  2624  3151 I wm_set_keyguard_shown: [0,1,0,0,0,setKeyguardShown]
02-29 14:16:39.471  2624  2732 I wm_wallpaper_surface: [0,1,Window{c9b7b28 u0 NotificationShade}]
02-29 14:16:39.483  2624  2624 I power_screen_broadcast_done: [1,63,1]
02-29 14:16:39.594  2624  2624 I sysui_multi_action: [757,198,758,1,759,1,1359,204,1694,1]
02-29 14:16:39.594  2624  2624 I power_screen_state: [1,0,0,0,204]
02-29 14:16:39.665  2624  2728 I sysui_multi_action: [757,223,758,2]
02-29 14:16:39.665  2624  2728 I sysui_multi_action: [757,804,799,dozing_minutes,801,0,802,1]
02-29 14:16:39.676  2624  2985 I commit_sys_config_file: [settings-2-0,7]
02-29 14:16:39.963  2624  3151 I sysui_multi_action: [757,128,758,1,793,81109,794,0,795,81109,796,2131755065,798,0,806,com.baidu.searchbox,857,fastsearch_channel,858,3,946,fastsearch_channel,947,0,1395,1,1500,24094,1688,1]
02-29 14:16:39.963  2624  3151 I sysui_multi_action: [757,1501,758,1,793,81109,794,0,795,81109,796,2131755065,806,com.baidu.searchbox,857,fastsearch_channel,858,3,946,fastsearch_channel,947,0,1500,0,1688,1]
02-29 14:16:39.963  2624  3151 I sysui_multi_action: [757,804,799,note_interruptive,801,0,802,1]
02-29 14:16:39.964  2624  3151 I sysui_multi_action: [757,804,799,note_freshness,801,81109,802,1]
02-29 14:16:39.964  2624  3151 I notification_visibility: [0|com.baidu.searchbox|2131755065|null|10144,1,81109,81109,0,0]
02-29 14:16:40.173  2624  3006 I input_interaction: Interaction with: c9b7b28 NotificationShade (server), PointerEventDispatcher0 (server), 
02-29 14:16:40.270  3225  3225 I sysui_multi_action: [757,188,758,4,826,0,827,0]
02-29 14:16:40.271  3225  3225 I sysui_lockscreen_gesture: [3,0,0]
02-29 14:16:40.335  5651  5651 I auditd  : type=1400 audit(0.0:330): avc: denied { write } for comm="TcmReceiver" name="tcmd" dev="tmpfs" ino=1351 scontext=u:r:remote_prov_app:s0:c106,c256,c512,c768 tcontext=u:object_r:vendor_dpmtcm_socket:s0 tclass=sock_file permissive=0 app=com.android.remoteprovisioner
02-29 14:16:40.954  2624  2737 I am_uid_idle: 10075
02-29 14:16:41.008  2624  3007 I intercept_power: [ACTION_UP,0,0]
02-29 14:16:41.339  5651  5651 I auditd  : type=1400 audit(0.0:331): avc: denied { write } for comm="TcmReceiver" name="tcmd" dev="tmpfs" ino=1351 scontext=u:r:remote_prov_app:s0:c106,c256,c512,c768 tcontext=u:object_r:vendor_dpmtcm_socket:s0 tclass=sock_file permissive=0 app=com.android.remoteprovisioner
02-29 14:16:41.464  2624  3007 I sysui_multi_action: [757,804,799,power_consecutive_short_tap_count,801,1,802,1]
02-29 14:16:41.464  2624  3007 I sysui_multi_action: [757,804,799,power_double_tap_interval,801,2074,802,1]
02-29 14:16:41.465  2624  3007 I intercept_power: [ACTION_DOWN,0,1]
02-29 14:16:42.339  5651  5651 I auditd  : type=1400 audit(0.0:332): avc: denied { write } for comm="TcmReceiver" name="tcmd" dev="tmpfs" ino=1351 scontext=u:r:remote_prov_app:s0:c106,c256,c512,c768 tcontext=u:object_r:vendor_dpmtcm_socket:s0 tclass=sock_file permissive=0 app=com.android.remoteprovisioner
02-29 14:16:43.049  2624  3007 I intercept_power: [ACTION_UP,1,0]
02-29 14:16:43.165  3225  3225 I sysui_multi_action: [757,111,758,2]
02-29 14:16:43.339  5651  5651 I auditd  : type=1400 audit(0.0:333): avc: denied { write } for comm="TcmReceiver" name="tcmd" dev="tmpfs" ino=1351 scontext=u:r:remote_prov_app:s0:c106,c256,c512,c768 tcontext=u:object_r:vendor_dpmtcm_socket:s0 tclass=sock_file permissive=0 app=com.android.remoteprovisioner
02-29 14:16:43.633  3225  3225 I sysui_multi_action: [757,111,758,1]
02-29 14:16:43.633  3225  3225 I sysui_multi_action: [757,126,758,1,759,126,927,0,928,1,1593,0]
02-29 14:16:43.633  3225  3225 I sysui_multi_action: [757,113,758,1,759,113,927,1,928,1,1593,0]
02-29 14:16:43.633  3225  3225 I sysui_multi_action: [757,119,758,1,759,119,927,2,928,0,1593,0]
02-29 14:16:43.633  3225  3225 I sysui_multi_action: [757,118,758,1,759,118,927,3,928,0,1593,0]
02-29 14:16:43.847  3225  3225 I sysui_multi_action: [757,188,758,4,826,0,827,0]
02-29 14:16:43.847  3225  3225 I sysui_lockscreen_gesture: [3,0,0]
02-29 14:16:44.343  5651  5651 I auditd  : type=1400 audit(0.0:334): avc: denied { write } for comm="TcmReceiver" name="tcmd" dev="tmpfs" ino=1351 scontext=u:r:remote_prov_app:s0:c106,c256,c512,c768 tcontext=u:object_r:vendor_dpmtcm_socket:s0 tclass=sock_file permissive=0 app=com.android.remoteprovisioner
02-29 14:16:45.343  5651  5651 I auditd  : type=1400 audit(0.0:335): avc: denied { write } for comm="TcmReceiver" name="tcmd" dev="tmpfs" ino=1351 scontext=u:r:remote_prov_app:s0:c106,c256,c512,c768 tcontext=u:object_r:vendor_dpmtcm_socket:s0 tclass=sock_file permissive=0 app=com.android.remoteprovisioner
02-29 14:16:46.343  5651  5651 I auditd  : type=1400 audit(0.0:336): avc: denied { write } for comm="TcmReceiver" name="tcmd" dev="tmpfs" ino=1351 scontext=u:r:remote_prov_app:s0:c106,c256,c512,c768 tcontext=u:object_r:vendor_dpmtcm_socket:s0 tclass=sock_file permissive=0 app=com.android.remoteprovisioner
02-29 14:16:47.173  3225  3225 I sysui_multi_action: [757,111,758,1]
02-29 14:16:47.174  3225  3225 I sysui_multi_action: [757,126,758,1,759,126,927,0,928,1,1593,0]
02-29 14:16:47.174  3225  3225 I sysui_multi_action: [757,113,758,1,759,113,927,1,928,1,1593,0]
02-29 14:16:47.174  3225  3225 I sysui_multi_action: [757,119,758,1,759,119,927,2,928,0,1593,0]
02-29 14:16:47.174  3225  3225 I sysui_multi_action: [757,118,758,1,759,118,927,3,928,0,1593,0]
02-29 14:16:47.174  3225  3225 I sysui_multi_action: [757,0,758,1,759,0,927,4,1593,0]
02-29 14:16:47.174  3225  3225 I sysui_multi_action: [757,112,758,1,759,112,927,5,928,0,1593,0]
02-29 14:16:47.174  3225  3225 I sysui_multi_action: [757,0,758,1,759,0,927,6,1593,0]
02-29 14:16:47.174  3225  3225 I sysui_multi_action: [757,123,758,1,759,123,927,7,928,0,1593,0]
02-29 14:16:47.174  3225  3225 I sysui_multi_action: [757,261,758,1,759,261,927,8,928,0,1593,0]
02-29 14:16:47.174  3225  3225 I sysui_multi_action: [757,114,758,1,759,114,927,9,928,0,1593,0]
02-29 14:16:47.174  3225  3225 I sysui_multi_action: [757,0,758,1,759,0,927,10,928,0,1593,0]
02-29 14:16:47.187  2624  2731 I user_activity_timeout_override: -1
02-29 14:16:47.275  3225  3225 I sysui_multi_action: [757,193,758,4,826,231,827,3589]
02-29 14:16:47.275  3225  3225 I sysui_lockscreen_gesture: [8,231,3589]
02-29 14:16:47.347  5651  5651 I auditd  : type=1400 audit(0.0:337): avc: denied { write } for comm="TcmReceiver" name="tcmd" dev="tmpfs" ino=1351 scontext=u:r:remote_prov_app:s0:c106,c256,c512,c768 tcontext=u:object_r:vendor_dpmtcm_socket:s0 tclass=sock_file permissive=0 app=com.android.remoteprovisioner
02-29 14:16:47.756  3225  3225 I sysui_multi_action: [757,193,758,4,826,303,827,3160]
02-29 14:16:47.756  3225  3225 I sysui_lockscreen_gesture: [8,303,3160]
02-29 14:16:48.347  5651  5651 I auditd  : type=1400 audit(0.0:338): avc: denied { write } for comm="TcmReceiver" name="tcmd" dev="tmpfs" ino=1351 scontext=u:r:remote_prov_app:s0:c106,c256,c512,c768 tcontext=u:object_r:vendor_dpmtcm_socket:s0 tclass=sock_file permissive=0 app=com.android.remoteprovisioner
02-29 14:16:48.409  2624  2732 I input_focus: [Focus request a5a7abd ActionsDialog,reason=UpdateInputWindows]
02-29 14:16:48.414  3225  3225 I sysui_multi_action: [757,1568,758,1]
02-29 14:16:48.428  2624  3006 I input_focus: [Focus leaving c9b7b28 NotificationShade (server),reason=setFocusedWindow]
02-29 14:16:48.428  2624  3006 I input_focus: [Focus entering a5a7abd ActionsDialog (server),reason=setFocusedWindow]
02-29 14:16:49.347  5651  5651 I auditd  : type=1400 audit(0.0:339): avc: denied { write } for comm="TcmReceiver" name="tcmd" dev="tmpfs" ino=1351 scontext=u:r:remote_prov_app:s0:c106,c256,c512,c768 tcontext=u:object_r:vendor_dpmtcm_socket:s0 tclass=sock_file permissive=0 app=com.android.remoteprovisioner
02-29 14:16:49.836  2624  3006 I input_interaction: Interaction with: a5a7abd ActionsDialog (server), PointerEventDispatcher0 (server), 
02-29 14:16:49.951  2624  2732 I input_focus: [Focus request c9b7b28 NotificationShade,reason=UpdateInputWindows]
02-29 14:16:49.964  2624  3006 I input_focus: [Focus entering c9b7b28 NotificationShade (server),reason=setFocusedWindow]
02-29 14:16:49.990  2624  2736 I am_pss  : [3715,10110,com.android.launcher3,60688384,24367104,22634496,175591424,0,5,8]
02-29 14:16:49.998  2624  2736 I am_pss  : [4983,10139,com.android.providers.media.module,29167616,6578176,19140608,116633600,0,0,6]
02-29 14:16:50.007  2624  2736 I am_pss  : [5092,1000,com.qualcomm.qti.services.secureui:sui_service,5492736,708608,3301376,91443200,0,0,5]
02-29 14:16:50.014  2624  2736 I am_pss  : [5067,1027,com.android.nfcstm,12735488,7626752,3706880,97923072,0,0,5]
02-29 14:16:50.017  2624  2732 I input_focus: [Focus request 742535e com.android.systemui,reason=UpdateInputWindows]
02-29 14:16:50.020  2624  2736 I am_pss  : [5083,10067,.powermodule,5426176,1114112,2740224,93229056,0,0,5]
02-29 14:16:50.024  2624  3392 I am_uid_active: 10122
02-29 14:16:50.026  2624  2624 I notification_cancel_all: [1002,3500,com.android.bluetooth,0,0,64,9,NULL]
02-29 14:16:50.031  2624  3006 I input_focus: [Focus leaving c9b7b28 NotificationShade (server),reason=Waiting for window because NOT_VISIBLE]
02-29 14:16:50.034  2624  2736 I am_pss  : [5047,10099,com.qualcomm.qti.services.systemhelper:systemhelper_service,5681152,2719744,1499136,92889088,0,0,5]
02-29 14:16:50.040 --------- beginning of events
02-29 14:17:03.463     1     1 I auditd  : type=1107 audit(0.0:21): uid=0 auid=4294967295 ses=4294967295 subj=u:r:init:s0 msg='avc: denied { set } for property=debug.sf.disable_client_composition_cache pid=1213 uid=1000 gid=1000 scontext=u:r:qti_display_boot:s0 tcontext=u:object_r:debug_prop:s0 tclass=property_service permissive=0'
02-29 14:17:03.687     1     1 I auditd  : type=1400 audit(0.0:22): avc: denied { write } for comm="init" name="discard_max_bytes" dev="sysfs" ino=88812 scontext=u:r:init:s0 tcontext=u:object_r:sysfs:s0 tclass=file permissive=0
02-29 14:17:03.775  1360  1360 I auditd  : type=1400 audit(0.0:23): avc: denied { getattr } for comm="vendor.qti.hard" path="/dev/__properties__/u:object_r:vendor_cap_configstore_dbg_prop:s0" dev="tmpfs" ino=354 scontext=u:r:vendor_hal_capabilityconfigstore_qti_default:s0 tcontext=u:object_r:vendor_cap_configstore_dbg_prop:s0 tclass=file permissive=0
02-29 14:17:03.935  1461  1461 I auditd  : type=1400 audit(0.0:24): avc: denied { dac_override } for comm="rmt_storage" capability=1 scontext=u:r:vendor_rmt_storage:s0 tcontext=u:r:vendor_rmt_storage:s0 tclass=capability permissive=0
02-29 14:17:04.031     1     1 I auditd  : type=1107 audit(0.0:25): uid=0 auid=4294967295 ses=4294967295 subj=u:r:init:s0 msg='avc: denied { set } for property=persist.vendor.ssr.restart_level pid=262 uid=0 gid=0 scontext=u:r:vendor_init:s0 tcontext=u:object_r:vendor_ssr_prop:s0 tclass=property_service permissive=0'
02-29 14:17:04.059  1419  1419 I auditd  : type=1400 audit(0.0:26): avc: denied { read } for comm="vendor.qti.secu" name="u:object_r:init_service_status_private_prop:s0" dev="tmpfs" ino=239 scontext=u:r:hal_secure_element_default:s0 tcontext=u:object_r:init_service_status_private_prop:s0 tclass=file permissive=0
02-29 14:17:04.097  1349  1349 I liblog  : 18
02-29 14:17:04.097  1349  1349 I liblog  : 1
02-29 14:17:04.132  1225  1225 I boot_progress_start: 3535
02-29 14:17:04.211  1349  1349 I liblog  : 157
02-29 14:17:04.247     1     1 I auditd  : type=1107 audit(0.0:27): uid=0 auid=4294967295 ses=4294967295 subj=u:r:init:s0 msg='avc: denied { set } for property=persist.vendor.ssr.restart_level pid=262 uid=0 gid=0 scontext=u:r:vendor_init:s0 tcontext=u:object_r:vendor_ssr_prop:s0 tclass=property_service permissive=0'
02-29 14:17:04.386  1226  1226 I snet_event_log: [200284993,-1,]
02-29 14:17:04.420  1225  1225 I snet_event_log: [200284993,-1,]
02-29 14:17:04.491  1962  1962 I auditd  : type=1400 audit(0.0:28): avc: denied { write } for comm="atrace" name="enable" dev="tracefs" ino=6033 scontext=u:r:atrace:s0 tcontext=u:object_r:debugfs_tracing_debug:s0 tclass=file permissive=0
02-29 14:17:04.733  1225  1225 I boot_progress_preload_start: 4136
02-29 14:17:04.780  2022  2022 I [1000004]: [-1492644086,26586087,-525029872,537139253,167973377,12545]
02-29 14:17:04.789  2022  2022 I [1000004]: [-1492643830,26586087,-1987539696,68682659,51511584,3145994]
02-29 14:17:05.003     1     1 I auditd  : type=1107 audit(0.0:29): uid=0 auid=4294967295 ses=4294967295 subj=u:r:init:s0 msg='avc: denied { set } for property=gf.debug.fp_vendor pid=2079 uid=1000 gid=1000 scontext=u:r:hal_fingerprint_default:s0 tcontext=u:object_r:default_prop:s0 tclass=property_service permissive=0'
02-29 14:17:05.003     1     1 I auditd  : type=1107 audit(0.0:30): uid=0 auid=4294967295 ses=4294967295 subj=u:r:init:s0 msg='avc: denied { set } for property=gf.debug.fp_model pid=2079 uid=1000 gid=1000 scontext=u:r:hal_fingerprint_default:s0 tcontext=u:object_r:default_prop:s0 tclass=property_service permissive=0'
02-29 14:17:05.003     1     1 I auditd  : type=1107 audit(0.0:31): uid=0 auid=4294967295 ses=4294967295 subj=u:r:init:s0 msg='avc: denied { set } for property=gf.debug.fp_serial pid=2079 uid=1000 gid=1000 scontext=u:r:hal_fingerprint_default:s0 tcontext=u:object_r:default_prop:s0 tclass=property_service permissive=0'
02-29 14:17:05.087  1276  1276 I auditd  : type=1400 audit(0.0:32): avc: denied { read } for comm="binder:1276_2" name="u:object_r:vendor_pd_locater_dbg_prop:s0" dev="tmpfs" ino=416 scontext=u:r:hal_audio_default:s0 tcontext=u:object_r:vendor_pd_locater_dbg_prop:s0 tclass=file permissive=0
02-29 14:17:05.087  1276  1276 I auditd  : type=1400 audit(0.0:33): avc: denied { read } for comm="binder:1276_2" name="u:object_r:vendor_pd_locater_dbg_prop:s0" dev="tmpfs" ino=416 scontext=u:r:hal_audio_default:s0 tcontext=u:object_r:vendor_pd_locater_dbg_prop:s0 tclass=file permissive=0
02-29 14:17:05.135  2079  2079 I auditd  : type=1400 audit(0.0:34): avc: denied { read } for comm="android.hardwar" name="u:object_r:vendor_system_prop:s0" dev="tmpfs" ino=452 scontext=u:r:hal_fingerprint_default:s0 tcontext=u:object_r:vendor_system_prop:s0 tclass=file permissive=0
02-29 14:17:05.151  2079  2079 I auditd  : type=1400 audit(0.0:35): avc: denied { read } for comm="android.hardwar" name="input" dev="tmpfs" ino=1089 scontext=u:r:hal_fingerprint_default:s0 tcontext=u:object_r:input_device:s0 tclass=dir permissive=0
02-29 14:17:05.315  1225  1225 I boot_progress_preload_end: 4718
02-29 14:17:05.648  2577  2577 I system_server_start: [1,5047,5047]
02-29 14:17:05.648  2577  2577 I boot_progress_system_run: 5051
02-29 14:17:05.995  1027  1027 I auditd  : type=1400 audit(0.0:36): avc: denied { read } for comm="binder:1027_6" name="wakeup14" dev="sysfs" ino=116038 scontext=u:r:system_suspend:s0 tcontext=u:object_r:sysfs:s0 tclass=dir permissive=0
02-29 14:17:05.995  1027  1027 I auditd  : type=1400 audit(0.0:37): avc: denied { read } for comm="binder:1027_6" name="wakeup49" dev="sysfs" ino=137880 scontext=u:r:system_suspend:s0 tcontext=u:object_r:sysfs:s0 tclass=dir permissive=0
02-29 14:17:05.999  1027  1027 I auditd  : type=1400 audit(0.0:38): avc: denied { read } for comm="binder:1027_6" name="wakeup3" dev="sysfs" ino=97528 scontext=u:r:system_suspend:s0 tcontext=u:object_r:sysfs:s0 tclass=dir permissive=0
02-29 14:17:06.008  2577  2695 I commit_sys_config_file: [batterystats,1]
02-29 14:17:06.009  2577  2695 I commit_sys_config_file: [batterystats,1]
02-29 14:17:06.015  2577  2577 I service_manager_stats: [100,4,5418]
02-29 14:17:06.039  2577  2577 I rescue_note: [0,1,5441]
02-29 14:17:06.061  2577  2577 I boot_progress_pms_start: 5464
02-29 14:17:06.100  2577  2577 I pm_critical_info: Package com.android.providers.telephony was user id 0 but is now user SharedUserSetting{26cfd58 android.uid.phone/1001} with id 1001; I am not changing its files so it will probably fail!
02-29 14:17:06.101  2577  2577 I pm_critical_info: Package com.android.dynsystem was user id 0 but is now user SharedUserSetting{c17e717 android.uid.system/1000} with id 1000; I am not changing its files so it will probably fail!
02-29 14:17:06.101  2577  2577 I pm_critical_info: Package com.android.providers.calendar was user id 0 but is now user SharedUserSetting{7da6f22 android.uid.calendar/10041} with id 10041; I am not changing its files so it will probably fail!
02-29 14:17:06.101  2577  2577 I pm_critical_info: Package com.android.providers.media was user id 0 but is now user SharedUserSetting{1abb2e9 android.media/10024} with id 10024; I am not changing its files so it will probably fail!
02-29 14:17:06.101  2577  2577 I pm_critical_info: Package com.qualcomm.qti.uceShimService was user id 0 but is now user SharedUserSetting{26cfd58 android.uid.phone/1001} with id 1001; I am not changing its files so it will probably fail!
02-29 14:17:06.101  2577  2577 I pm_critical_info: Package com.android.mms.service was user id 0 but is now user SharedUserSetting{26cfd58 android.uid.phone/1001} with id 1001; I am not changing its files so it will probably fail!
02-29 14:17:06.102  2577  2577 I pm_critical_info: Package com.android.providers.downloads was user id 0 but is now user SharedUserSetting{1abb2e9 android.media/10024} with id 10024; I am not changing its files so it will probably fail!
02-29 14:17:06.102  2577  2577 I pm_critical_info: Package vendor.qti.hardware.cacert.server was user id 0 but is now user SharedUserSetting{3186a46 com.qualcomm.qti.qtidataservices/10063} with id 10063; I am not changing its files so it will probably fail!
02-29 14:17:06.102  2577  2577 I pm_critical_info: Package com.qualcomm.qti.telephonyservice was user id 0 but is now user SharedUserSetting{980b35d android.uid.qtiphone/10088} with id 10088; I am not changing its files so it will probably fail!
02-29 14:17:06.102  2577  2577 I pm_critical_info: Package vendor.qti.iwlan was user id 0 but is now user SharedUserSetting{3186a46 com.qualcomm.qti.qtidataservices/10063} with id 10063; I am not changing its files so it will probably fail!
02-29 14:17:06.102  2577  2577 I pm_critical_info: Package vendor.qti.data.txpwradmin was user id 0 but is now user SharedUserSetting{447c1e com.qualcomm.qti.qmsdataservices/10065} with id 10065; I am not changing its files so it will probably fail!
02-29 14:17:06.102  2577  2577 I pm_critical_info: Package com.android.providers.downloads.ui was user id 0 but is now user SharedUserSetting{1abb2e9 android.media/10024} with id 10024; I am not changing its files so it will probably fail!
02-29 14:17:06.102  2577  2577 I pm_critical_info: Package com.android.networkstack was user id 0 but is now user SharedUserSetting{9c29a1b android.uid.networkstack/1073} with id 1073; I am not changing its files so it will probably fail!
02-29 14:17:06.103  2577  2577 I pm_critical_info: Package com.qti.qualcomm.datastatusnotification was user id 0 but is now user SharedUserSetting{26cfd58 android.uid.phone/1001} with id 1001; I am not changing its files so it will probably fail!
02-29 14:17:06.103  2577  2577 I pm_critical_info: Package android was user id 0 but is now user SharedUserSetting{c17e717 android.uid.system/1000} with id 1000; I am not changing its files so it will probably fail!
02-29 14:17:06.103  2577  2577 I pm_critical_info: Package com.android.mtp was user id 0 but is now user SharedUserSetting{1abb2e9 android.media/10024} with id 10024; I am not changing its files so it will probably fail!
02-29 14:17:06.103  2577  2577 I pm_critical_info: Package com.android.nfc was user id 0 but is now user SharedUserSetting{8a215d0 android.uid.nfc/1027} with id 1027; I am not changing its files so it will probably fail!
02-29 14:17:06.103  2577  2577 I pm_critical_info: Package com.android.ons was user id 0 but is now user SharedUserSetting{26cfd58 android.uid.phone/1001} with id 1001; I am not changing its files so it will probably fail!
02-29 14:17:06.103  2577  2577 I pm_critical_info: Package com.android.stk was user id 0 but is now user SharedUserSetting{26cfd58 android.uid.phone/1001} with id 1001; I am not changing its files so it will probably fail!
02-29 14:17:06.104  2577  2577 I pm_critical_info: Package vendor.qti.qesdk.sysservice was user id 0 but is now user SharedUserSetting{c17e717 android.uid.system/1000} with id 1000; I am not changing its files so it will probably fail!
02-29 14:17:06.104  2577  2577 I pm_critical_info: Package com.qualcomm.qti.dynamicddsservice was user id 0 but is now user SharedUserSetting{26cfd58 android.uid.phone/1001} with id 1001; I am not changing its files so it will probably fail!
02-29 14:17:06.104  2577  2577 I pm_critical_info: Package com.qualcomm.qti.xrvd.service was user id 0 but is now user SharedUserSetting{c17e717 android.uid.system/1000} with id 1000; I am not changing its files so it will probably fail!
02-29 14:17:06.104  2577  2577 I pm_critical_info: Package com.qualcomm.qcrilmsgtunnel was user id 0 but is now user SharedUserSetting{980b35d android.uid.qtiphone/10088} with id 10088; I am not changing its files so it will probably fail!
02-29 14:17:06.104  2577  2577 I pm_critical_info: Package com.android.providers.settings was user id 0 but is now user SharedUserSetting{c17e717 android.uid.system/1000} with id 1000; I am not changing its files so it will probably fail!
02-29 14:17:06.104  2577  2577 I pm_critical_info: Package com.android.se was user id 0 but is now user SharedUserSetting{a7ec739 android.uid.se/1068} with id 1068; I am not changing its files so it will probably fail!
02-29 14:17:06.104  2577  2577 I pm_critical_info: Package com.android.inputdevices was user id 0 but is now user SharedUserSetting{c17e717 android.uid.system/1000} with id 1000; I am not changing its files so it will probably fail!
02-29 14:17:06.105  2577  2577 I pm_critical_info: Package com.qti.dpmserviceapp was user id 0 but is now user SharedUserSetting{26cfd58 android.uid.phone/1001} with id 1001; I am not changing its files so it will probably fail!
02-29 14:17:06.105  2577  2577 I pm_critical_info: Package com.evenwell.DbgCfgTool was user id 0 but is now user SharedUserSetting{c17e717 android.uid.system/1000} with id 1000; I am not changing its files so it will probably fail!
02-29 14:17:06.105  2577  2577 I pm_critical_info: Package com.qti.xdivert was user id 0 but is now user SharedUserSetting{980b35d android.uid.qtiphone/10088} with id 10088; I am not changing its files so it will probably fail!
02-29 14:17:06.105  2577  2577 I pm_critical_info: Package com.android.server.telecom was user id 0 but is now user SharedUserSetting{c17e717 android.uid.system/1000} with id 1000; I am not changing its files so it will probably fail!
02-29 14:17:06.105  2577  2577 I pm_critical_info: Package com.android.cellbroadcastservice was user id 0 but is now user SharedUserSetting{9c29a1b android.uid.networkstack/1073} with id 1073; I am not changing its files so it will probably fail!
02-29 14:17:06.105  2577  2577 I pm_critical_info: Package com.android.keychain was user id 0 but is now user SharedUserSetting{c17e717 android.uid.system/1000} with id 1000; I am not changing its files so it will probably fail!
02-29 14:17:06.105  2577  2577 I pm_critical_info: Package com.android.calllogbackup was user id 0 but is now user SharedUserSetting{68a262e android.uid.shared/10031} with id 10031; I am not changing its files so it will probably fail!
02-29 14:17:06.106  2577  2577 I pm_critical_info: Package com.android.localtransport was user id 0 but is now user SharedUserSetting{c17e717 android.uid.system/1000} with id 1000; I am not changing its files so it will probably fail!
02-29 14:17:06.106  2577  2577 I pm_critical_info: Package com.qualcomm.qti.devicestatisticsservice was user id 0 but is now user SharedUserSetting{980b35d android.uid.qtiphone/10088} with id 10088; I am not changing its files so it will probably fail!
02-29 14:17:06.106  2577  2577 I pm_critical_info: Package com.android.nfcstm was user id 0 but is now user SharedUserSetting{8a215d0 android.uid.nfc/1027} with id 1027; I am not changing its files so it will probably fail!
02-29 14:17:06.106  2577  2577 I pm_critical_info: Package com.android.networkstack.tethering was user id 0 but is now user SharedUserSetting{9c29a1b android.uid.networkstack/1073} with id 1073; I am not changing its files so it will probably fail!
02-29 14:17:06.106  2577  2577 I pm_critical_info: Package com.android.soundpicker was user id 0 but is now user SharedUserSetting{1abb2e9 android.media/10024} with id 10024; I am not changing its files so it will probably fail!
02-29 14:17:06.106  2577  2577 I pm_critical_info: Package com.android.settings was user id 0 but is now user SharedUserSetting{c17e717 android.uid.system/1000} with id 1000; I am not changing its files so it will probably fail!
