02-29 13:23:45.960  3697  3697 I wm_on_top_resumed_gained_called: [126596948,com.android.launcher3.uioverrides.QuickstepLauncher,topWhenResuming]
02-29 13:23:45.969  2521  2912 I input_focus: [Focus leaving 9a6c062 com.android.apps.tag/com.android.apps.tag.TagViewer (server),reason=NO_WINDOW]
02-29 13:23:45.975  2521  2611 I input_focus: [Focus request 2f678ac com.android.launcher3/com.android.launcher3.uioverrides.QuickstepLauncher,reason=UpdateInputWindows]
02-29 13:23:45.980  2521  2611 I wm_wallpaper_surface: [0,1,Window{2f678ac u0 com.android.launcher3/com.android.launcher3.uioverrides.QuickstepLauncher}]
02-29 13:23:46.019  2521  2912 I input_focus: [Focus entering 2f678ac com.android.launcher3/com.android.launcher3.uioverrides.QuickstepLauncher (server),reason=Window became focusable. Previous reason: NOT_VISIBLE]
02-29 13:23:46.337  2521  2610 I wm_destroy_activity: [0,146319512,176,com.android.apps.tag/.TagViewer,finish-imm:idle]
02-29 13:23:46.355 16303 16303 I wm_on_stop_called: [146319512,com.android.apps.tag.TagViewer,LIFECYCLER_STOP_ACTIVITY]
02-29 13:23:46.355 16303 16303 I wm_on_destroy_called: [146319512,com.android.apps.tag.TagViewer,performDestroy]
02-29 13:23:46.360  2521  3275 I wm_task_removed: [176,removeChild:removeChild last r=ActivityRecord{8b8a898 u0 com.android.apps.tag/.TagViewer} t-1 f}} in t=Task{50b1bfe #176 type=standard A=1027:com.android.nfc}]
02-29 13:23:46.360  2521  3275 I wm_task_removed: [176,removeChild]
02-29 13:23:47.486  2521  3275 I wm_task_created: [177,-1]
02-29 13:23:47.495  2521  3275 I wm_task_moved: [177,1,7]
02-29 13:23:47.495  2521  3275 I wm_task_to_front: [0,177]
02-29 13:23:47.495  3697  3697 I wm_on_top_resumed_lost_called: [126596948,com.android.launcher3.uioverrides.QuickstepLauncher,topStateChangedWhenResumed]
02-29 13:23:47.496  2521  3275 I wm_create_task: [0,177]
02-29 13:23:47.496  2521  3275 I wm_create_activity: [0,73921906,177,com.android.nfc/.NfcRootActivity,NULL,NULL,NULL,276856832]
02-29 13:23:47.496  2521  3275 I wm_task_moved: [177,1,7]
02-29 13:23:47.498  2521  3275 I wm_pause_activity: [0,126596948,com.android.launcher3/.uioverrides.QuickstepLauncher,userLeaving=true,pauseBackTasks]
02-29 13:23:47.501  3697  3697 I wm_on_paused_called: [126596948,com.android.launcher3.uioverrides.QuickstepLauncher,performPause]
02-29 13:23:47.502  2521  3105 I wm_restart_activity: [0,73921906,177,com.android.nfc/.NfcRootActivity]
02-29 13:23:47.502  2521  3105 I wm_set_resumed_activity: [0,com.android.nfc/.NfcRootActivity,minimalResumeActivityLocked - onActivityStateChanged]
02-29 13:23:47.503  2521  2607 I sysui_multi_action: [757,803,799,window_time_0,802,2]
02-29 13:23:47.503  2521  2611 I input_focus: [Requesting to set focus to null window,reason=UpdateInputWindows]
02-29 13:23:47.508  2521  3105 I wm_task_moved: [177,1,7]
02-29 13:23:47.508  2521  3105 I wm_create_activity: [0,12318398,177,com.android.apps.tag/.TagViewer,android.nfc.action.TECH_DISCOVERED,NULL,NULL,0]
02-29 13:23:47.509  2521  3105 I wm_pause_activity: [0,73921906,com.android.nfc/.NfcRootActivity,userLeaving=true,resumeTopActivity]
02-29 13:23:47.510  2521  3275 I wm_finish_activity: [0,73921906,177,com.android.nfc/.NfcRootActivity,app-request]
02-29 13:23:47.510  4957  4957 I wm_on_create_called: [73921906,com.android.nfc.NfcRootActivity,performCreate]
02-29 13:23:47.511  2521  3105 I wm_add_to_stopping: [0,73921906,com.android.nfc/.NfcRootActivity,completeFinishing]
02-29 13:23:47.511  2521  3105 I wm_add_to_stopping: [0,126596948,com.android.launcher3/.uioverrides.QuickstepLauncher,makeInvisible]
02-29 13:23:47.511  2521  3105 I wm_restart_activity: [0,12318398,177,com.android.apps.tag/.TagViewer]
02-29 13:23:47.512  2521  3105 I wm_set_resumed_activity: [0,com.android.apps.tag/.TagViewer,minimalResumeActivityLocked - onActivityStateChanged]
02-29 13:23:47.512  2521  2607 I sysui_multi_action: [757,803,799,window_time_0,802,0]
02-29 13:23:47.512  2521  2610 I wm_destroy_activity: [0,73921906,177,com.android.nfc/.NfcRootActivity,finish-imm:idle]
02-29 13:23:47.512  4957  4957 I wm_on_destroy_called: [73921906,com.android.nfc.NfcRootActivity,performDestroy]
02-29 13:23:47.516 16303 16303 I wm_on_create_called: [12318398,com.android.apps.tag.TagViewer,performCreate]
02-29 13:23:47.516 16303 16303 I wm_on_start_called: [12318398,com.android.apps.tag.TagViewer,handleStartActivity]
02-29 13:23:47.516 16303 16303 I wm_on_resume_called: [12318398,com.android.apps.tag.TagViewer,RESUME_ACTIVITY]
02-29 13:23:47.518 16303 16303 I wm_on_top_resumed_gained_called: [12318398,com.android.apps.tag.TagViewer,topStateChangedWhenResumed]
02-29 13:23:47.519  2521  2912 I input_focus: [Focus leaving 2f678ac com.android.launcher3/com.android.launcher3.uioverrides.QuickstepLauncher (server),reason=NO_WINDOW]
02-29 13:23:47.520  2521  2611 I input_focus: [Focus request f14ad58 com.android.apps.tag/com.android.apps.tag.TagViewer,reason=UpdateInputWindows]
02-29 13:23:47.530  2521  2607 I sysui_multi_action: [319,49,322,49,325,9720,757,761,758,8,759,2,806,com.android.apps.tag,871,com.android.apps.tag.TagViewer,904,com.android.nfc,905,0,1320,4,1321,23]
02-29 13:23:47.531  2521  2607 I wm_activity_launch_time: [0,12318398,com.android.apps.tag/.TagViewer,49]
02-29 13:23:47.553  2521  2912 I input_focus: [Focus entering f14ad58 com.android.apps.tag/com.android.apps.tag.TagViewer (server),reason=Window became focusable. Previous reason: NOT_VISIBLE]
02-29 13:23:47.805  2521  2611 I wm_wallpaper_surface: [0,0,null]
02-29 13:23:47.807  2521  2610 I wm_stop_activity: [0,126596948,com.android.launcher3/.uioverrides.QuickstepLauncher]
02-29 13:23:47.828  3697  3697 I wm_on_stop_called: [126596948,com.android.launcher3.uioverrides.QuickstepLauncher,STOP_ACTIVITY_ITEM]
02-29 13:23:50.272  3137  3137 I sysui_multi_action: [757,931,758,4,759,4,932,0,933,0]
02-29 13:23:50.279  2521  2912 I input_interaction: Interaction with: f14ad58 com.android.apps.tag/com.android.apps.tag.TagViewer (server), PointerEventDispatcher0 (server), 
02-29 13:23:50.283  2521  2912 I input_interaction: Interaction with: 34818e7 NavigationBar0 (server), PointerEventDispatcher0 (server), 
02-29 13:23:50.480  3137  3137 I sysui_multi_action: [757,931,758,4,759,4,932,0,933,1]
02-29 13:23:50.480  2521  3275 I sysui_multi_action: [757,803,799,key_back_press,802,1]
02-29 13:23:50.484  2521  3275 I wm_finish_activity: [0,12318398,177,com.android.apps.tag/.TagViewer,app-request]
02-29 13:23:50.484  2521  3275 I wm_task_moved: [1,1,7]
02-29 13:23:50.484  2521  3275 I wm_task_moved: [141,1,2147483647]
02-29 13:23:50.484  2521  3275 I wm_task_to_front: [0,141]
02-29 13:23:50.484  2521  3275 I wm_focused_root_task: [0,0,1,177,finish-top adjustFocusToNextFocusableTask]
02-29 13:23:50.485  2521  3275 I wm_set_resumed_activity: [0,com.android.launcher3/.uioverrides.QuickstepLauncher,finish-top adjustFocusToNextFocusableTask]
02-29 13:23:50.492  2521  3275 I wm_pause_activity: [0,12318398,com.android.apps.tag/.TagViewer,userLeaving=false,finish]
02-29 13:23:50.493 16303 16303 I wm_on_top_resumed_lost_called: [12318398,com.android.apps.tag.TagViewer,topStateChangedWhenResumed]
02-29 13:23:50.493  2521  2611 I input_focus: [Requesting to set focus to null window,reason=UpdateInputWindows]
02-29 13:23:50.494 16303 16303 I wm_on_paused_called: [12318398,com.android.apps.tag.TagViewer,performPause]
02-29 13:23:50.494  2521  3052 I wm_add_to_stopping: [0,12318398,com.android.apps.tag/.TagViewer,completeFinishing]
02-29 13:23:50.495  2521  3052 I wm_set_resumed_activity: [0,com.android.launcher3/.uioverrides.QuickstepLauncher,resumeTopActivity - onActivityStateChanged]
02-29 13:23:50.496  2521  3052 I wm_resume_activity: [0,126596948,141,com.android.launcher3/.uioverrides.QuickstepLauncher]
02-29 13:23:50.496  2521  2607 I sysui_multi_action: [757,803,799,window_time_0,802,3]
02-29 13:23:50.499  3697  3697 I wm_on_restart_called: [126596948,com.android.launcher3.uioverrides.QuickstepLauncher,performRestartActivity]
02-29 13:23:50.499  3697  3697 I wm_on_start_called: [126596948,com.android.launcher3.uioverrides.QuickstepLauncher,handleStartActivity]
02-29 13:23:50.499  3697  3697 I wm_on_resume_called: [126596948,com.android.launcher3.uioverrides.QuickstepLauncher,RESUME_ACTIVITY]
02-29 13:23:50.499  3697  3697 I wm_on_top_resumed_gained_called: [126596948,com.android.launcher3.uioverrides.QuickstepLauncher,topWhenResuming]
02-29 13:23:50.510  2521  2912 I input_focus: [Focus leaving f14ad58 com.android.apps.tag/com.android.apps.tag.TagViewer (server),reason=NO_WINDOW]
02-29 13:23:50.513  2521  2611 I input_focus: [Focus request 2f678ac com.android.launcher3/com.android.launcher3.uioverrides.QuickstepLauncher,reason=UpdateInputWindows]
02-29 13:23:50.517  2521  2611 I wm_wallpaper_surface: [0,1,Window{2f678ac u0 com.android.launcher3/com.android.launcher3.uioverrides.QuickstepLauncher}]
02-29 13:23:50.543  2521  2912 I input_focus: [Focus entering 2f678ac com.android.launcher3/com.android.launcher3.uioverrides.QuickstepLauncher (server),reason=Window became focusable. Previous reason: NOT_VISIBLE]
02-29 13:23:50.864  2521  2610 I wm_destroy_activity: [0,12318398,177,com.android.apps.tag/.TagViewer,finish-imm:idle]
02-29 13:23:50.881 16303 16303 I wm_on_stop_called: [12318398,com.android.apps.tag.TagViewer,LIFECYCLER_STOP_ACTIVITY]
02-29 13:23:50.882 16303 16303 I wm_on_destroy_called: [12318398,com.android.apps.tag.TagViewer,performDestroy]
02-29 13:23:50.884  2521  3105 I wm_task_removed: [177,removeChild:removeChild last r=ActivityRecord{bbf6be u0 com.android.apps.tag/.TagViewer} t-1 f}} in t=Task{e4400d4 #177 type=standard A=1027:com.android.nfc}]
02-29 13:23:50.884  2521  3105 I wm_task_removed: [177,removeChild]
02-29 13:23:51.418  2521  3202 I wm_task_created: [178,-1]
02-29 13:23:51.426  2521  3202 I wm_task_moved: [178,1,7]
02-29 13:23:51.426  2521  3202 I wm_task_to_front: [0,178]
02-29 13:23:51.427  3697  3697 I wm_on_top_resumed_lost_called: [126596948,com.android.launcher3.uioverrides.QuickstepLauncher,topStateChangedWhenResumed]
02-29 13:23:51.427  2521  3202 I wm_create_task: [0,178]
02-29 13:23:51.427  2521  3202 I wm_create_activity: [0,18775784,178,com.android.nfc/.NfcRootActivity,NULL,NULL,NULL,276856832]
02-29 13:23:51.427  2521  3202 I wm_task_moved: [178,1,7]
02-29 13:23:51.429  2521  3202 I wm_pause_activity: [0,126596948,com.android.launcher3/.uioverrides.QuickstepLauncher,userLeaving=true,pauseBackTasks]
02-29 13:23:51.432  3697  3697 I wm_on_paused_called: [126596948,com.android.launcher3.uioverrides.QuickstepLauncher,performPause]
02-29 13:23:51.434  2521  3202 I wm_restart_activity: [0,18775784,178,com.android.nfc/.NfcRootActivity]
02-29 13:23:51.435  2521  3202 I wm_set_resumed_activity: [0,com.android.nfc/.NfcRootActivity,minimalResumeActivityLocked - onActivityStateChanged]
02-29 13:23:51.435  2521  2607 I sysui_multi_action: [757,803,799,window_time_0,802,0]
02-29 13:23:51.436  2521  2611 I input_focus: [Requesting to set focus to null window,reason=UpdateInputWindows]
02-29 13:23:51.440  2521  7537 I wm_task_moved: [178,1,7]
02-29 13:23:51.440  2521  7537 I wm_create_activity: [0,64004500,178,com.android.apps.tag/.TagViewer,android.nfc.action.TECH_DISCOVERED,NULL,NULL,0]
02-29 13:23:51.441  2521  7537 I wm_pause_activity: [0,18775784,com.android.nfc/.NfcRootActivity,userLeaving=true,resumeTopActivity]
02-29 13:23:51.442  2521  3202 I wm_finish_activity: [0,18775784,178,com.android.nfc/.NfcRootActivity,app-request]
02-29 13:23:51.442  4957  4957 I wm_on_create_called: [18775784,com.android.nfc.NfcRootActivity,performCreate]
02-29 13:23:51.442  2521  7537 I wm_add_to_stopping: [0,18775784,com.android.nfc/.NfcRootActivity,completeFinishing]
02-29 13:23:51.443  2521  7537 I wm_add_to_stopping: [0,126596948,com.android.launcher3/.uioverrides.QuickstepLauncher,makeInvisible]
02-29 13:23:51.443  2521  7537 I wm_restart_activity: [0,64004500,178,com.android.apps.tag/.TagViewer]
02-29 13:23:51.444  2521  7537 I wm_set_resumed_activity: [0,com.android.apps.tag/.TagViewer,minimalResumeActivityLocked - onActivityStateChanged]
02-29 13:23:51.444  2521  2607 I sysui_multi_action: [757,803,799,window_time_0,802,0]
02-29 13:23:51.444  2521  2610 I wm_destroy_activity: [0,18775784,178,com.android.nfc/.NfcRootActivity,finish-imm:idle]
02-29 13:23:51.444  4957  4957 I wm_on_destroy_called: [18775784,com.android.nfc.NfcRootActivity,performDestroy]
02-29 13:23:51.446  2521  2912 I input_focus: [Focus leaving 2f678ac com.android.launcher3/com.android.launcher3.uioverrides.QuickstepLauncher (server),reason=Waiting for window because NOT_FOCUSABLE]
02-29 13:23:51.449 16303 16303 I wm_on_create_called: [64004500,com.android.apps.tag.TagViewer,performCreate]
02-29 13:23:51.449 16303 16303 I wm_on_start_called: [64004500,com.android.apps.tag.TagViewer,handleStartActivity]
02-29 13:23:51.450 16303 16303 I wm_on_resume_called: [64004500,com.android.apps.tag.TagViewer,RESUME_ACTIVITY]
02-29 13:23:51.452 16303 16303 I wm_on_top_resumed_gained_called: [64004500,com.android.apps.tag.TagViewer,topStateChangedWhenResumed]
02-29 13:23:51.462  2521  2611 I input_focus: [Focus request 625917e com.android.apps.tag/com.android.apps.tag.TagViewer,reason=UpdateInputWindows]
02-29 13:23:51.467  2521  2607 I sysui_multi_action: [319,55,322,55,325,9724,757,761,758,8,759,2,806,com.android.apps.tag,871,com.android.apps.tag.TagViewer,904,com.android.nfc,905,0,1320,4,1321,23]
02-29 13:23:51.467  2521  2607 I wm_activity_launch_time: [0,64004500,com.android.apps.tag/.TagViewer,55]
02-29 13:23:51.495  2521  2912 I input_focus: [Focus entering 625917e com.android.apps.tag/com.android.apps.tag.TagViewer (server),reason=Window became focusable. Previous reason: NOT_VISIBLE]
02-29 13:23:51.747  2521  2611 I wm_wallpaper_surface: [0,0,null]
02-29 13:23:51.749  2521  2610 I wm_stop_activity: [0,126596948,com.android.launcher3/.uioverrides.QuickstepLauncher]
02-29 13:23:51.771  3697  3697 I wm_on_stop_called: [126596948,com.android.launcher3.uioverrides.QuickstepLauncher,STOP_ACTIVITY_ITEM]
02-29 13:23:52.392  2521  2912 I input_interaction: Interaction with: 625917e com.android.apps.tag/com.android.apps.tag.TagViewer (server), PointerEventDispatcher0 (server), 
02-29 13:23:52.735  2521  2912 I input_interaction: Interaction with: 34818e7 NavigationBar0 (server), PointerEventDispatcher0 (server), 
02-29 13:23:52.738  3137  3137 I sysui_multi_action: [757,931,758,4,759,4,932,0,933,0]
02-29 13:23:52.742  2521  2912 I input_interaction: Interaction with: 625917e com.android.apps.tag/com.android.apps.tag.TagViewer (server), PointerEventDispatcher0 (server), 
02-29 13:23:52.743  2521  2912 I input_interaction: Interaction with: 34818e7 NavigationBar0 (server), PointerEventDispatcher0 (server), 
02-29 13:23:52.869  3137  3137 I sysui_multi_action: [757,931,758,4,759,4,932,0,933,1]
02-29 13:23:52.872  2521  3202 I sysui_multi_action: [757,803,799,key_back_press,802,1]
02-29 13:23:52.880  2521  7537 I wm_finish_activity: [0,64004500,178,com.android.apps.tag/.TagViewer,app-request]
02-29 13:23:52.881  2521  7537 I wm_task_moved: [1,1,7]
02-29 13:23:52.883  2521  7537 I wm_task_moved: [141,1,2147483647]
02-29 13:23:52.883  2521  7537 I wm_task_to_front: [0,141]
02-29 13:23:52.883  2521  7537 I wm_focused_root_task: [0,0,1,178,finish-top adjustFocusToNextFocusableTask]
02-29 13:23:52.885  2521  7537 I wm_set_resumed_activity: [0,com.android.launcher3/.uioverrides.QuickstepLauncher,finish-top adjustFocusToNextFocusableTask]
02-29 13:23:52.895  2521  7537 I wm_pause_activity: [0,64004500,com.android.apps.tag/.TagViewer,userLeaving=false,finish]
02-29 13:23:52.901 16303 16303 I wm_on_top_resumed_lost_called: [64004500,com.android.apps.tag.TagViewer,topStateChangedWhenResumed]
02-29 13:23:52.901  2521  2611 I input_focus: [Requesting to set focus to null window,reason=UpdateInputWindows]
02-29 13:23:52.901 16303 16303 I wm_on_paused_called: [64004500,com.android.apps.tag.TagViewer,performPause]
02-29 13:23:52.903  2521  7537 I wm_add_to_stopping: [0,64004500,com.android.apps.tag/.TagViewer,completeFinishing]
02-29 13:23:52.906  2521  7537 I wm_set_resumed_activity: [0,com.android.launcher3/.uioverrides.QuickstepLauncher,resumeTopActivity - onActivityStateChanged]
02-29 13:23:52.906  2521  7537 I wm_resume_activity: [0,126596948,141,com.android.launcher3/.uioverrides.QuickstepLauncher]
02-29 13:23:52.907  2521  2607 I sysui_multi_action: [757,803,799,window_time_0,802,2]
02-29 13:23:52.911  3697  3697 I wm_on_restart_called: [126596948,com.android.launcher3.uioverrides.QuickstepLauncher,performRestartActivity]
02-29 13:23:52.912  3697  3697 I wm_on_start_called: [126596948,com.android.launcher3.uioverrides.QuickstepLauncher,handleStartActivity]
02-29 13:23:52.912  3697  3697 I wm_on_resume_called: [126596948,com.android.launcher3.uioverrides.QuickstepLauncher,RESUME_ACTIVITY]
02-29 13:23:52.913  3697  3697 I wm_on_top_resumed_gained_called: [126596948,com.android.launcher3.uioverrides.QuickstepLauncher,topWhenResuming]
02-29 13:23:52.916  2521  2912 I input_focus: [Focus leaving 625917e com.android.apps.tag/com.android.apps.tag.TagViewer (server),reason=Waiting for window because NOT_FOCUSABLE]
02-29 13:23:52.919  2521  2611 I input_focus: [Focus request 2f678ac com.android.launcher3/com.android.launcher3.uioverrides.QuickstepLauncher,reason=UpdateInputWindows]
02-29 13:23:52.925  2521  2611 I wm_wallpaper_surface: [0,1,Window{2f678ac u0 com.android.launcher3/com.android.launcher3.uioverrides.QuickstepLauncher}]
02-29 13:23:52.950  2521  2912 I input_focus: [Focus entering 2f678ac com.android.launcher3/com.android.launcher3.uioverrides.QuickstepLauncher (server),reason=Window became focusable. Previous reason: NOT_VISIBLE]
02-29 13:23:53.269  2521  2610 I wm_destroy_activity: [0,64004500,178,com.android.apps.tag/.TagViewer,finish-imm:idle]
02-29 13:23:53.285 16303 16303 I wm_on_stop_called: [64004500,com.android.apps.tag.TagViewer,LIFECYCLER_STOP_ACTIVITY]
02-29 13:23:53.286 16303 16303 I wm_on_destroy_called: [64004500,com.android.apps.tag.TagViewer,performDestroy]
02-29 13:23:53.291  2521  3052 I wm_task_removed: [178,removeChild:removeChild last r=ActivityRecord{3d0a194 u0 com.android.apps.tag/.TagViewer} t-1 f}} in t=Task{8c833da #178 type=standard A=1027:com.android.nfc}]
02-29 13:23:53.291  2521  3052 I wm_task_removed: [178,removeChild]
02-29 13:23:54.943  2521  2912 I input_interaction: Interaction with: 2f678ac com.android.launcher3/com.android.launcher3.uioverrides.QuickstepLauncher (server), fff67cf com.android.systemui.wallpapers.ImageWallpaper (server), PointerEventDispatcher0 (server), 
02-29 13:23:56.667  2521  3202 I wm_task_created: [179,-1]
02-29 13:23:56.673  2521  3202 I wm_task_moved: [179,1,7]
02-29 13:23:56.673  2521  3202 I wm_task_to_front: [0,179]
02-29 13:23:56.674  3697  3697 I wm_on_top_resumed_lost_called: [126596948,com.android.launcher3.uioverrides.QuickstepLauncher,topStateChangedWhenResumed]
02-29 13:23:56.674  2521  3202 I wm_create_task: [0,179]
02-29 13:23:56.674  2521  3202 I wm_create_activity: [0,7177102,179,com.android.nfc/.NfcRootActivity,NULL,NULL,NULL,276856832]
02-29 13:23:56.675  2521  3202 I wm_task_moved: [179,1,7]
02-29 13:23:56.676  2521  3202 I wm_pause_activity: [0,126596948,com.android.launcher3/.uioverrides.QuickstepLauncher,userLeaving=true,pauseBackTasks]
02-29 13:23:56.679  3697  3697 I wm_on_paused_called: [126596948,com.android.launcher3.uioverrides.QuickstepLauncher,performPause]
02-29 13:23:56.680  2521  3052 I wm_restart_activity: [0,7177102,179,com.android.nfc/.NfcRootActivity]
02-29 13:23:56.681  2521  3052 I wm_set_resumed_activity: [0,com.android.nfc/.NfcRootActivity,minimalResumeActivityLocked - onActivityStateChanged]
02-29 13:23:56.681  2521  2607 I sysui_multi_action: [757,803,799,window_time_0,802,4]
02-29 13:23:56.682  2521  2611 I input_focus: [Requesting to set focus to null window,reason=UpdateInputWindows]
02-29 13:23:56.685  2521  3052 I wm_task_moved: [179,1,7]
02-29 13:23:56.685  2521  3052 I wm_create_activity: [0,188893850,179,com.android.apps.tag/.TagViewer,android.nfc.action.TECH_DISCOVERED,NULL,NULL,0]
02-29 13:23:56.687  2521  3052 I wm_pause_activity: [0,7177102,com.android.nfc/.NfcRootActivity,userLeaving=true,resumeTopActivity]
02-29 13:23:56.689  2521  3202 I wm_finish_activity: [0,7177102,179,com.android.nfc/.NfcRootActivity,app-request]
02-29 13:23:56.689  4957  4957 I wm_on_create_called: [7177102,com.android.nfc.NfcRootActivity,performCreate]
02-29 13:23:56.690  2521  3052 I wm_add_to_stopping: [0,7177102,com.android.nfc/.NfcRootActivity,completeFinishing]
02-29 13:23:56.690  2521  3052 I wm_add_to_stopping: [0,126596948,com.android.launcher3/.uioverrides.QuickstepLauncher,makeInvisible]
02-29 13:23:56.690  2521  3052 I wm_restart_activity: [0,188893850,179,com.android.apps.tag/.TagViewer]
02-29 13:23:56.691  2521  2912 I input_focus: [Focus leaving 2f678ac com.android.launcher3/com.android.launcher3.uioverrides.QuickstepLauncher (server),reason=Waiting for window because NOT_FOCUSABLE]
02-29 13:23:56.691  2521  3052 I wm_set_resumed_activity: [0,com.android.apps.tag/.TagViewer,minimalResumeActivityLocked - onActivityStateChanged]
02-29 13:23:56.691  2521  2607 I sysui_multi_action: [757,803,799,window_time_0,802,0]
02-29 13:23:56.692  2521  2610 I wm_destroy_activity: [0,7177102,179,com.android.nfc/.NfcRootActivity,finish-imm:idle]
02-29 13:23:56.692  4957  4957 I wm_on_destroy_called: [7177102,com.android.nfc.NfcRootActivity,performDestroy]
02-29 13:23:56.696 16303 16303 I wm_on_create_called: [188893850,com.android.apps.tag.TagViewer,performCreate]
02-29 13:23:56.696 16303 16303 I wm_on_start_called: [188893850,com.android.apps.tag.TagViewer,handleStartActivity]
02-29 13:23:56.696 16303 16303 I wm_on_resume_called: [188893850,com.android.apps.tag.TagViewer,RESUME_ACTIVITY]
02-29 13:23:56.698 16303 16303 I wm_on_top_resumed_gained_called: [188893850,com.android.apps.tag.TagViewer,topStateChangedWhenResumed]
02-29 13:23:56.708  2521  2611 I input_focus: [Focus request 74c0254 com.android.apps.tag/com.android.apps.tag.TagViewer,reason=UpdateInputWindows]
02-29 13:23:56.718  2521  2607 I sysui_multi_action: [319,55,322,55,325,9729,757,761,758,8,759,2,806,com.android.apps.tag,871,com.android.apps.tag.TagViewer,904,com.android.nfc,905,0,1320,4,1321,23]
02-29 13:23:56.718  2521  2607 I wm_activity_launch_time: [0,188893850,com.android.apps.tag/.TagViewer,55]
02-29 13:23:56.741  2521  2912 I input_focus: [Focus entering 74c0254 com.android.apps.tag/com.android.apps.tag.TagViewer (server),reason=Window became focusable. Previous reason: NOT_VISIBLE]
02-29 13:23:56.994  2521  2611 I wm_wallpaper_surface: [0,0,null]
02-29 13:23:56.997  2521  2610 I wm_stop_activity: [0,126596948,com.android.launcher3/.uioverrides.QuickstepLauncher]
02-29 13:23:57.016  3697  3697 I wm_on_stop_called: [126596948,com.android.launcher3.uioverrides.QuickstepLauncher,STOP_ACTIVITY_ITEM]
02-29 13:23:57.764  2521  2912 I input_interaction: Interaction with: PointerEventDispatcher0 (server), 
02-29 13:23:57.767  2521  2912 I input_interaction: Interaction with: 34818e7 NavigationBar0 (server), PointerEventDispatcher0 (server), 
02-29 13:23:57.768  3137  3137 I sysui_multi_action: [757,931,758,4,759,4,932,0,933,0]
02-29 13:23:57.777  2521  2912 I input_interaction: Interaction with: 74c0254 com.android.apps.tag/com.android.apps.tag.TagViewer (server), PointerEventDispatcher0 (server), 
02-29 13:23:57.778  2521  2912 I input_interaction: Interaction with: 34818e7 NavigationBar0 (server), PointerEventDispatcher0 (server), 
02-29 13:23:57.899  3137  3137 I sysui_multi_action: [757,931,758,4,759,4,932,0,933,1]
02-29 13:23:57.902  2521  3202 I sysui_multi_action: [757,803,799,key_back_press,802,1]
02-29 13:23:57.913  2521  3105 I wm_finish_activity: [0,188893850,179,com.android.apps.tag/.TagViewer,app-request]
02-29 13:23:57.913  2521  3105 I wm_task_moved: [1,1,7]
02-29 13:23:57.914  2521  3105 I wm_task_moved: [141,1,2147483647]
02-29 13:23:57.914  2521  3105 I wm_task_to_front: [0,141]
02-29 13:23:57.915  2521  3105 I wm_focused_root_task: [0,0,1,179,finish-top adjustFocusToNextFocusableTask]
02-29 13:23:57.916  2521  3105 I wm_set_resumed_activity: [0,com.android.launcher3/.uioverrides.QuickstepLauncher,finish-top adjustFocusToNextFocusableTask]
02-29 13:23:57.928  2521  3105 I wm_pause_activity: [0,188893850,com.android.apps.tag/.TagViewer,userLeaving=false,finish]
02-29 13:23:57.931 16303 16303 I wm_on_top_resumed_lost_called: [188893850,com.android.apps.tag.TagViewer,topStateChangedWhenResumed]
02-29 13:23:57.931  2521  2611 I input_focus: [Requesting to set focus to null window,reason=UpdateInputWindows]
02-29 13:23:57.931 16303 16303 I wm_on_paused_called: [188893850,com.android.apps.tag.TagViewer,performPause]
02-29 13:23:57.932  2521  3202 I wm_add_to_stopping: [0,188893850,com.android.apps.tag/.TagViewer,completeFinishing]
02-29 13:23:57.934  2521  3202 I wm_set_resumed_activity: [0,com.android.launcher3/.uioverrides.QuickstepLauncher,resumeTopActivity - onActivityStateChanged]
02-29 13:23:57.935  2521  3202 I wm_resume_activity: [0,126596948,141,com.android.launcher3/.uioverrides.QuickstepLauncher]
02-29 13:23:57.940  3697  3697 I wm_on_restart_called: [126596948,com.android.launcher3.uioverrides.QuickstepLauncher,performRestartActivity]
02-29 13:23:57.941  3697  3697 I wm_on_start_called: [126596948,com.android.launcher3.uioverrides.QuickstepLauncher,handleStartActivity]
02-29 13:23:57.941  3697  3697 I wm_on_resume_called: [126596948,com.android.launcher3.uioverrides.QuickstepLauncher,RESUME_ACTIVITY]
02-29 13:23:57.941  3697  3697 I wm_on_top_resumed_gained_called: [126596948,com.android.launcher3.uioverrides.QuickstepLauncher,topWhenResuming]
02-29 13:23:57.944  2521  2607 I sysui_multi_action: [757,803,799,window_time_0,802,1]
02-29 13:23:57.945  2521  2912 I input_focus: [Focus leaving 74c0254 com.android.apps.tag/com.android.apps.tag.TagViewer (server),reason=NO_WINDOW]
02-29 13:23:57.953  2521  2611 I input_focus: [Focus request 2f678ac com.android.launcher3/com.android.launcher3.uioverrides.QuickstepLauncher,reason=UpdateInputWindows]
02-29 13:23:57.958  2521  2611 I wm_wallpaper_surface: [0,1,Window{2f678ac u0 com.android.launcher3/com.android.launcher3.uioverrides.QuickstepLauncher}]
02-29 13:23:57.995  2521  2912 I input_focus: [Focus entering 2f678ac com.android.launcher3/com.android.launcher3.uioverrides.QuickstepLauncher (server),reason=Window became focusable. Previous reason: NOT_VISIBLE]
02-29 13:23:58.315  2521  2610 I wm_destroy_activity: [0,188893850,179,com.android.apps.tag/.TagViewer,finish-imm:idle]
02-29 13:23:58.330 16303 16303 I wm_on_stop_called: [188893850,com.android.apps.tag.TagViewer,LIFECYCLER_STOP_ACTIVITY]
02-29 13:23:58.331 16303 16303 I wm_on_destroy_called: [188893850,com.android.apps.tag.TagViewer,performDestroy]
02-29 13:23:58.336  2521  3052 I wm_task_removed: [179,removeChild:removeChild last r=ActivityRecord{b424a9a u0 com.android.apps.tag/.TagViewer} t-1 f}} in t=Task{e7fc290 #179 type=standard A=1027:com.android.nfc}]
02-29 13:23:58.336  2521  3052 I wm_task_removed: [179,removeChild]
02-29 13:24:54.527  2521  3246 I wm_task_created: [180,-1]
02-29 13:24:54.535  2521  3246 I wm_task_moved: [180,1,7]
02-29 13:24:54.535  2521  3246 I wm_task_to_front: [0,180]
02-29 13:24:54.535  3697  3697 I wm_on_top_resumed_lost_called: [126596948,com.android.launcher3.uioverrides.QuickstepLauncher,topStateChangedWhenResumed]
02-29 13:24:54.536  2521  3246 I wm_create_task: [0,180]
02-29 13:24:54.536  2521  3246 I wm_create_activity: [0,268198221,180,com.android.nfc/.NfcRootActivity,NULL,NULL,NULL,276856832]
02-29 13:24:54.536  2521  3246 I wm_task_moved: [180,1,7]
02-29 13:24:54.538  2521  3246 I wm_pause_activity: [0,126596948,com.android.launcher3/.uioverrides.QuickstepLauncher,userLeaving=true,pauseBackTasks]
02-29 13:24:54.541  3697  3697 I wm_on_paused_called: [126596948,com.android.launcher3.uioverrides.QuickstepLauncher,performPause]
02-29 13:24:54.542  2521  3202 I wm_restart_activity: [0,268198221,180,com.android.nfc/.NfcRootActivity]
02-29 13:24:54.543  2521  3202 I wm_set_resumed_activity: [0,com.android.nfc/.NfcRootActivity,minimalResumeActivityLocked - onActivityStateChanged]
02-29 13:24:54.543  2521  2607 I sysui_multi_action: [757,803,799,window_time_0,802,57]
02-29 13:24:54.544  2521  2611 I input_focus: [Requesting to set focus to null window,reason=UpdateInputWindows]
02-29 13:24:54.548  2521  3105 I wm_task_moved: [180,1,7]
02-29 13:24:54.548  2521  3105 I wm_create_activity: [0,138069321,180,com.android.apps.tag/.TagViewer,android.nfc.action.TECH_DISCOVERED,NULL,NULL,0]
02-29 13:24:54.549  2521  3105 I wm_pause_activity: [0,268198221,com.android.nfc/.NfcRootActivity,userLeaving=true,resumeTopActivity]
02-29 13:24:54.550  2521  3246 I wm_finish_activity: [0,268198221,180,com.android.nfc/.NfcRootActivity,app-request]
02-29 13:24:54.550  4957  4957 I wm_on_create_called: [268198221,com.android.nfc.NfcRootActivity,performCreate]
02-29 13:24:54.551  2521  3202 I wm_add_to_stopping: [0,268198221,com.android.nfc/.NfcRootActivity,completeFinishing]
02-29 13:24:54.551  2521  3202 I wm_add_to_stopping: [0,126596948,com.android.launcher3/.uioverrides.QuickstepLauncher,makeInvisible]
02-29 13:24:54.551  2521  3202 I wm_restart_activity: [0,138069321,180,com.android.apps.tag/.TagViewer]
02-29 13:24:54.551  2521  3202 I wm_set_resumed_activity: [0,com.android.apps.tag/.TagViewer,minimalResumeActivityLocked - onActivityStateChanged]
02-29 13:24:54.552  2521  2607 I sysui_multi_action: [757,803,799,window_time_0,802,0]
02-29 13:24:54.552  2521  2610 I wm_destroy_activity: [0,268198221,180,com.android.nfc/.NfcRootActivity,finish-imm:idle]
02-29 13:24:54.552  4957  4957 I wm_on_destroy_called: [268198221,com.android.nfc.NfcRootActivity,performDestroy]
02-29 13:24:54.552  2521  2912 I input_focus: [Focus leaving 2f678ac com.android.launcher3/com.android.launcher3.uioverrides.QuickstepLauncher (server),reason=Waiting for window because NOT_FOCUSABLE]
02-29 13:24:54.557 16303 16303 I wm_on_create_called: [138069321,com.android.apps.tag.TagViewer,performCreate]
02-29 13:24:54.557 16303 16303 I wm_on_start_called: [138069321,com.android.apps.tag.TagViewer,handleStartActivity]
02-29 13:24:54.557 16303 16303 I wm_on_resume_called: [138069321,com.android.apps.tag.TagViewer,RESUME_ACTIVITY]
02-29 13:24:54.559 16303 16303 I wm_on_top_resumed_gained_called: [138069321,com.android.apps.tag.TagViewer,topStateChangedWhenResumed]
02-29 13:24:54.564  2521  2611 I input_focus: [Focus request 210cf8b com.android.apps.tag/com.android.apps.tag.TagViewer,reason=UpdateInputWindows]
02-29 13:24:54.569  2521  2607 I sysui_multi_action: [319,46,322,46,325,9787,757,761,758,8,759,2,806,com.android.apps.tag,871,com.android.apps.tag.TagViewer,904,com.android.nfc,905,0,1320,4,1321,23]
02-29 13:24:54.569  2521  2607 I wm_activity_launch_time: [0,138069321,com.android.apps.tag/.TagViewer,46]
02-29 13:24:54.597  2521  2912 I input_focus: [Focus entering 210cf8b com.android.apps.tag/com.android.apps.tag.TagViewer (server),reason=Window became focusable. Previous reason: NOT_VISIBLE]
02-29 13:24:54.850  2521  2610 I wm_stop_activity: [0,126596948,com.android.launcher3/.uioverrides.QuickstepLauncher]
02-29 13:24:54.851  2521  2611 I wm_wallpaper_surface: [0,0,null]
02-29 13:24:54.873  3697  3697 I wm_on_stop_called: [126596948,com.android.launcher3.uioverrides.QuickstepLauncher,STOP_ACTIVITY_ITEM]
02-29 13:24:58.352  3137  3137 I sysui_multi_action: [757,931,758,4,759,4,932,0,933,0]
02-29 13:24:58.358  2521  2912 I input_interaction: Interaction with: 210cf8b com.android.apps.tag/com.android.apps.tag.TagViewer (server), PointerEventDispatcher0 (server), 
02-29 13:24:58.478  2521  2912 I input_interaction: Interaction with: 34818e7 NavigationBar0 (server), PointerEventDispatcher0 (server), 
02-29 13:24:58.520  3137  3137 I sysui_multi_action: [757,931,758,4,759,4,932,0,933,1]
02-29 13:24:58.521  2521  3202 I sysui_multi_action: [757,803,799,key_back_press,802,1]
02-29 13:24:58.525  2521  3202 I wm_finish_activity: [0,138069321,180,com.android.apps.tag/.TagViewer,app-request]
02-29 13:24:58.525  2521  3202 I wm_task_moved: [1,1,7]
02-29 13:24:58.525  2521  3202 I wm_task_moved: [141,1,2147483647]
02-29 13:24:58.526  2521  3202 I wm_task_to_front: [0,141]
02-29 13:24:58.526  2521  3202 I wm_focused_root_task: [0,0,1,180,finish-top adjustFocusToNextFocusableTask]
02-29 13:24:58.526  2521  3202 I wm_set_resumed_activity: [0,com.android.launcher3/.uioverrides.QuickstepLauncher,finish-top adjustFocusToNextFocusableTask]
02-29 13:24:58.534  2521  3202 I wm_pause_activity: [0,138069321,com.android.apps.tag/.TagViewer,userLeaving=false,finish]
02-29 13:24:58.535 16303 16303 I wm_on_top_resumed_lost_called: [138069321,com.android.apps.tag.TagViewer,topStateChangedWhenResumed]
02-29 13:24:58.535  2521  2611 I input_focus: [Requesting to set focus to null window,reason=UpdateInputWindows]
02-29 13:24:58.536 16303 16303 I wm_on_paused_called: [138069321,com.android.apps.tag.TagViewer,performPause]
02-29 13:24:58.536  2521  3246 I wm_add_to_stopping: [0,138069321,com.android.apps.tag/.TagViewer,completeFinishing]
02-29 13:24:58.539  2521  3246 I wm_set_resumed_activity: [0,com.android.launcher3/.uioverrides.QuickstepLauncher,resumeTopActivity - onActivityStateChanged]
02-29 13:24:58.540  2521  3246 I wm_resume_activity: [0,126596948,141,com.android.launcher3/.uioverrides.QuickstepLauncher]
02-29 13:24:58.540  3697  3697 I wm_on_restart_called: [126596948,com.android.launcher3.uioverrides.QuickstepLauncher,performRestartActivity]
02-29 13:24:58.540  2521  2607 I sysui_multi_action: [757,803,799,window_time_0,802,4]
02-29 13:24:58.541  3697  3697 I wm_on_start_called: [126596948,com.android.launcher3.uioverrides.QuickstepLauncher,handleStartActivity]
02-29 13:24:58.541  3697  3697 I wm_on_resume_called: [126596948,com.android.launcher3.uioverrides.QuickstepLauncher,RESUME_ACTIVITY]
02-29 13:24:58.541  3697  3697 I wm_on_top_resumed_gained_called: [126596948,com.android.launcher3.uioverrides.QuickstepLauncher,topWhenResuming]
02-29 13:24:58.557  2521  2912 I input_focus: [Focus leaving 210cf8b com.android.apps.tag/com.android.apps.tag.TagViewer (server),reason=NO_WINDOW]
02-29 13:24:58.558  2521  2611 I input_focus: [Focus request 2f678ac com.android.launcher3/com.android.launcher3.uioverrides.QuickstepLauncher,reason=UpdateInputWindows]
02-29 13:24:58.561  2521  2611 I wm_wallpaper_surface: [0,1,Window{2f678ac u0 com.android.launcher3/com.android.launcher3.uioverrides.QuickstepLauncher}]
02-29 13:24:58.590  2521  2912 I input_focus: [Focus entering 2f678ac com.android.launcher3/com.android.launcher3.uioverrides.QuickstepLauncher (server),reason=Window became focusable. Previous reason: NOT_VISIBLE]
02-29 13:24:58.907  2521  2610 I wm_destroy_activity: [0,138069321,180,com.android.apps.tag/.TagViewer,finish-imm:idle]
02-29 13:24:58.962 16303 16303 I wm_on_stop_called: [138069321,com.android.apps.tag.TagViewer,LIFECYCLER_STOP_ACTIVITY]
02-29 13:24:58.963 16303 16303 I wm_on_destroy_called: [138069321,com.android.apps.tag.TagViewer,performDestroy]
02-29 13:24:58.968  2521  3105 I wm_task_removed: [180,removeChild:removeChild last r=ActivityRecord{83ac549 u0 com.android.apps.tag/.TagViewer} t-1 f}} in t=Task{63de477 #180 type=standard A=1027:com.android.nfc}]
02-29 13:24:58.969  2521  3105 I wm_task_removed: [180,removeChild]
02-29 13:24:59.002  2521  2893 I am_compact: [16303,com.android.apps.tag,anon,139824,86936,52020,4912,-10536,-752,-9784,9844,92,2,9697178,905,19,3341820,-9472]
02-29 13:24:59.881  2521  3202 I wm_task_created: [181,-1]
02-29 13:24:59.887  2521  3202 I wm_task_moved: [181,1,7]
02-29 13:24:59.887  2521  3202 I wm_task_to_front: [0,181]
02-29 13:24:59.887  3697  3697 I wm_on_top_resumed_lost_called: [126596948,com.android.launcher3.uioverrides.QuickstepLauncher,topStateChangedWhenResumed]
02-29 13:24:59.887  2521  3202 I wm_create_task: [0,181]
02-29 13:24:59.887  2521  3202 I wm_create_activity: [0,3443035,181,com.android.nfc/.NfcRootActivity,NULL,NULL,NULL,276856832]
02-29 13:24:59.887  2521  3202 I wm_task_moved: [181,1,7]
02-29 13:24:59.889  2521  3202 I wm_pause_activity: [0,126596948,com.android.launcher3/.uioverrides.QuickstepLauncher,userLeaving=true,pauseBackTasks]
02-29 13:24:59.895  3697  3697 I wm_on_paused_called: [126596948,com.android.launcher3.uioverrides.QuickstepLauncher,performPause]
02-29 13:24:59.896  2521  3202 I wm_restart_activity: [0,3443035,181,com.android.nfc/.NfcRootActivity]
02-29 13:24:59.896  2521  3202 I wm_set_resumed_activity: [0,com.android.nfc/.NfcRootActivity,minimalResumeActivityLocked - onActivityStateChanged]
02-29 13:24:59.896  2521  2607 I sysui_multi_action: [757,803,799,window_time_0,802,1]
02-29 13:24:59.897  2521  2611 I input_focus: [Requesting to set focus to null window,reason=UpdateInputWindows]
02-29 13:24:59.900  2521  3246 I wm_task_moved: [181,1,7]
02-29 13:24:59.900  2521  3246 I wm_create_activity: [0,202107300,181,com.android.apps.tag/.TagViewer,android.nfc.action.TECH_DISCOVERED,NULL,NULL,0]
02-29 13:24:59.900  2521  3246 I wm_pause_activity: [0,3443035,com.android.nfc/.NfcRootActivity,userLeaving=true,resumeTopActivity]
02-29 13:24:59.901  2521  3105 I wm_finish_activity: [0,3443035,181,com.android.nfc/.NfcRootActivity,app-request]
02-29 13:24:59.901  4957  4957 I wm_on_create_called: [3443035,com.android.nfc.NfcRootActivity,performCreate]
02-29 13:24:59.901  2521  3246 I wm_add_to_stopping: [0,3443035,com.android.nfc/.NfcRootActivity,completeFinishing]
02-29 13:24:59.902  2521  3246 I wm_add_to_stopping: [0,126596948,com.android.launcher3/.uioverrides.QuickstepLauncher,makeInvisible]
02-29 13:24:59.902  2521  3246 I wm_restart_activity: [0,202107300,181,com.android.apps.tag/.TagViewer]
02-29 13:24:59.902  2521  3246 I wm_set_resumed_activity: [0,com.android.apps.tag/.TagViewer,minimalResumeActivityLocked - onActivityStateChanged]
02-29 13:24:59.902  2521  2607 I sysui_multi_action: [757,803,799,window_time_0,802,0]
02-29 13:24:59.903  2521  2610 I wm_destroy_activity: [0,3443035,181,com.android.nfc/.NfcRootActivity,finish-imm:idle]
02-29 13:24:59.903  4957  4957 I wm_on_destroy_called: [3443035,com.android.nfc.NfcRootActivity,performDestroy]
02-29 13:24:59.909 16303 16303 I wm_on_create_called: [202107300,com.android.apps.tag.TagViewer,performCreate]
02-29 13:24:59.909  2521  2912 I input_focus: [Focus leaving 2f678ac com.android.launcher3/com.android.launcher3.uioverrides.QuickstepLauncher (server),reason=NO_WINDOW]
02-29 13:24:59.909 16303 16303 I wm_on_start_called: [202107300,com.android.apps.tag.TagViewer,handleStartActivity]
02-29 13:24:59.910 16303 16303 I wm_on_resume_called: [202107300,com.android.apps.tag.TagViewer,RESUME_ACTIVITY]
02-29 13:24:59.912 16303 16303 I wm_on_top_resumed_gained_called: [202107300,com.android.apps.tag.TagViewer,topStateChangedWhenResumed]
02-29 13:24:59.927  2521  2611 I input_focus: [Focus request 29d1f2f com.android.apps.tag/com.android.apps.tag.TagViewer,reason=UpdateInputWindows]
02-29 13:24:59.939  2521  2607 I sysui_multi_action: [319,62,322,56,325,9792,757,761,758,8,759,2,806,com.android.apps.tag,871,com.android.apps.tag.TagViewer,904,com.android.nfc,905,0,1320,4,1321,23]
02-29 13:24:59.940  2521  2607 I wm_activity_launch_time: [0,202107300,com.android.apps.tag/.TagViewer,56]
02-29 13:24:59.959  2521  2912 I input_focus: [Focus entering 29d1f2f com.android.apps.tag/com.android.apps.tag.TagViewer (server),reason=Window became focusable. Previous reason: NOT_VISIBLE]
02-29 13:25:00.209  2521  2611 I wm_wallpaper_surface: [0,0,null]
02-29 13:25:00.210  2521  2610 I wm_stop_activity: [0,126596948,com.android.launcher3/.uioverrides.QuickstepLauncher]
02-29 13:25:00.237  3697  3697 I wm_on_stop_called: [126596948,com.android.launcher3.uioverrides.QuickstepLauncher,STOP_ACTIVITY_ITEM]
02-29 13:25:02.740  3137  3137 I sysui_multi_action: [757,931,758,4,759,4,932,0,933,0]
02-29 13:25:02.749  2521  2912 I input_interaction: Interaction with: 29d1f2f com.android.apps.tag/com.android.apps.tag.TagViewer (server), PointerEventDispatcher0 (server), 
02-29 13:25:02.751  2521  2912 I input_interaction: Interaction with: 34818e7 NavigationBar0 (server), PointerEventDispatcher0 (server), 
02-29 13:25:02.905  3137  3137 I sysui_multi_action: [757,931,758,4,759,4,932,0,933,1]
02-29 13:25:02.907  2521  3105 I sysui_multi_action: [757,803,799,key_back_press,802,1]
02-29 13:25:02.913  2521  3105 I wm_finish_activity: [0,202107300,181,com.android.apps.tag/.TagViewer,app-request]
02-29 13:25:02.914  2521  3105 I wm_task_moved: [1,1,7]
02-29 13:25:02.915  2521  3105 I wm_task_moved: [141,1,2147483647]
02-29 13:25:02.915  2521  3105 I wm_task_to_front: [0,141]
02-29 13:25:02.915  2521  3105 I wm_focused_root_task: [0,0,1,181,finish-top adjustFocusToNextFocusableTask]
02-29 13:25:02.917  2521  3105 I wm_set_resumed_activity: [0,com.android.launcher3/.uioverrides.QuickstepLauncher,finish-top adjustFocusToNextFocusableTask]
02-29 13:25:02.926  2521  3105 I wm_pause_activity: [0,202107300,com.android.apps.tag/.TagViewer,userLeaving=false,finish]
02-29 13:25:02.929 16303 16303 I wm_on_top_resumed_lost_called: [202107300,com.android.apps.tag.TagViewer,topStateChangedWhenResumed]
02-29 13:25:02.929  2521  2611 I input_focus: [Requesting to set focus to null window,reason=UpdateInputWindows]
02-29 13:25:02.930 16303 16303 I wm_on_paused_called: [202107300,com.android.apps.tag.TagViewer,performPause]
02-29 13:25:02.930  2521  3246 I wm_add_to_stopping: [0,202107300,com.android.apps.tag/.TagViewer,completeFinishing]
02-29 13:25:02.932  2521  3246 I wm_set_resumed_activity: [0,com.android.launcher3/.uioverrides.QuickstepLauncher,resumeTopActivity - onActivityStateChanged]
02-29 13:25:02.933  2521  3246 I wm_resume_activity: [0,126596948,141,com.android.launcher3/.uioverrides.QuickstepLauncher]
02-29 13:25:02.934  2521  2607 I sysui_multi_action: [757,803,799,window_time_0,802,3]
02-29 13:25:02.938  3697  3697 I wm_on_restart_called: [126596948,com.android.launcher3.uioverrides.QuickstepLauncher,performRestartActivity]
02-29 13:25:02.939  3697  3697 I wm_on_start_called: [126596948,com.android.launcher3.uioverrides.QuickstepLauncher,handleStartActivity]
02-29 13:25:02.939  3697  3697 I wm_on_resume_called: [126596948,com.android.launcher3.uioverrides.QuickstepLauncher,RESUME_ACTIVITY]
02-29 13:25:02.940  3697  3697 I wm_on_top_resumed_gained_called: [126596948,com.android.launcher3.uioverrides.QuickstepLauncher,topWhenResuming]
02-29 13:25:02.950  2521  2912 I input_focus: [Focus leaving 29d1f2f com.android.apps.tag/com.android.apps.tag.TagViewer (server),reason=Waiting for window because NOT_FOCUSABLE]
02-29 13:25:02.951  2521  2611 I input_focus: [Focus request 2f678ac com.android.launcher3/com.android.launcher3.uioverrides.QuickstepLauncher,reason=UpdateInputWindows]
02-29 13:25:02.955  2521  2611 I wm_wallpaper_surface: [0,1,Window{2f678ac u0 com.android.launcher3/com.android.launcher3.uioverrides.QuickstepLauncher}]
02-29 13:25:03.001  2521  2912 I input_focus: [Focus entering 2f678ac com.android.launcher3/com.android.launcher3.uioverrides.QuickstepLauncher (server),reason=Window became focusable. Previous reason: NOT_VISIBLE]
02-29 13:25:03.239  2521  2912 I input_interaction: Interaction with: 2f678ac com.android.launcher3/com.android.launcher3.uioverrides.QuickstepLauncher (server), fff67cf com.android.systemui.wallpapers.ImageWallpaper (server), PointerEventDispatcher0 (server), 
02-29 13:25:03.304  2521  2610 I wm_destroy_activity: [0,202107300,181,com.android.apps.tag/.TagViewer,finish-imm:idle]
02-29 13:25:03.312  2521  3052 I wm_task_created: [182,-1]
02-29 13:25:03.316  2521  3052 I wm_task_moved: [182,1,8]
02-29 13:25:03.316  2521  3052 I wm_task_to_front: [0,182]
02-29 13:25:03.316  2521  3052 I wm_create_task: [0,182]
02-29 13:25:03.316  3697  3697 I wm_on_top_resumed_lost_called: [126596948,com.android.launcher3.uioverrides.QuickstepLauncher,topStateChangedWhenResumed]
02-29 13:25:03.316  2521  3052 I wm_create_activity: [0,249244671,182,com.android.nfc/.NfcRootActivity,NULL,NULL,NULL,276856832]
02-29 13:25:03.316  2521  3052 I wm_task_moved: [182,1,8]
02-29 13:25:03.317  2521  3052 I wm_pause_activity: [0,126596948,com.android.launcher3/.uioverrides.QuickstepLauncher,userLeaving=true,pauseBackTasks]
02-29 13:25:03.320  3697  3697 I wm_on_paused_called: [126596948,com.android.launcher3.uioverrides.QuickstepLauncher,performPause]
02-29 13:25:03.321  2521  3052 I wm_restart_activity: [0,249244671,182,com.android.nfc/.NfcRootActivity]
02-29 13:25:03.321  2521  3052 I wm_set_resumed_activity: [0,com.android.nfc/.NfcRootActivity,minimalResumeActivityLocked - onActivityStateChanged]
02-29 13:25:03.322  2521  2607 I sysui_multi_action: [757,803,799,window_time_0,802,0]
02-29 13:25:03.322  2521  2611 I input_focus: [Requesting to set focus to null window,reason=UpdateInputWindows]
02-29 13:25:03.324 16303 16303 I wm_on_stop_called: [202107300,com.android.apps.tag.TagViewer,LIFECYCLER_STOP_ACTIVITY]
02-29 13:25:03.325 16303 16303 I wm_on_destroy_called: [202107300,com.android.apps.tag.TagViewer,performDestroy]
02-29 13:25:03.325  2521  3202 I wm_task_moved: [182,1,8]
02-29 13:25:03.325  2521  3202 I wm_create_activity: [0,130058523,182,com.android.apps.tag/.TagViewer,android.nfc.action.TECH_DISCOVERED,NULL,NULL,0]
02-29 13:25:03.325  2521  3202 I wm_pause_activity: [0,249244671,com.android.nfc/.NfcRootActivity,userLeaving=true,resumeTopActivity]
02-29 13:25:03.326  2521  3105 I wm_finish_activity: [0,249244671,182,com.android.nfc/.NfcRootActivity,app-request]
02-29 13:25:03.326  4957  4957 I wm_on_create_called: [249244671,com.android.nfc.NfcRootActivity,performCreate]
02-29 13:25:03.327  2521  3105 I wm_task_removed: [181,removeChild:removeChild last r=ActivityRecord{c0be9a4 u0 com.android.apps.tag/.TagViewer} t-1 f}} in t=Task{30ffe55 #181 type=standard A=1027:com.android.nfc}]
02-29 13:25:03.327  2521  3105 I wm_task_removed: [181,removeChild]
02-29 13:25:03.328  2521  3246 I wm_add_to_stopping: [0,249244671,com.android.nfc/.NfcRootActivity,completeFinishing]
02-29 13:25:03.329  2521  3246 I wm_add_to_stopping: [0,126596948,com.android.launcher3/.uioverrides.QuickstepLauncher,makeInvisible]
02-29 13:25:03.329  2521  3246 I wm_restart_activity: [0,130058523,182,com.android.apps.tag/.TagViewer]
02-29 13:25:03.329  2521  3246 I wm_set_resumed_activity: [0,com.android.apps.tag/.TagViewer,minimalResumeActivityLocked - onActivityStateChanged]
02-29 13:25:03.329  2521  2607 I sysui_multi_action: [757,803,799,window_time_0,802,0]
02-29 13:25:03.330  2521  2610 I wm_destroy_activity: [0,249244671,182,com.android.nfc/.NfcRootActivity,finish-imm:idle]
02-29 13:25:03.330  4957  4957 I wm_on_destroy_called: [249244671,com.android.nfc.NfcRootActivity,performDestroy]
02-29 13:25:03.333 16303 16303 I wm_on_create_called: [130058523,com.android.apps.tag.TagViewer,performCreate]
02-29 13:25:03.333 16303 16303 I wm_on_start_called: [130058523,com.android.apps.tag.TagViewer,handleStartActivity]
02-29 13:25:03.334 16303 16303 I wm_on_resume_called: [130058523,com.android.apps.tag.TagViewer,RESUME_ACTIVITY]
02-29 13:25:03.335  2521  3052 I input_cancel: [2f678ac com.android.launcher3/com.android.launcher3.uioverrides.QuickstepLauncher (server),reason=touched window was removed]
02-29 13:25:03.335  2521  3052 I input_cancel: [fff67cf com.android.systemui.wallpapers.ImageWallpaper (server),reason=touched window was removed]
02-29 13:25:03.335  2521  2912 I input_focus: [Focus leaving 2f678ac com.android.launcher3/com.android.launcher3.uioverrides.QuickstepLauncher (server),reason=NO_WINDOW]
02-29 13:25:03.335 16303 16303 I wm_on_top_resumed_gained_called: [130058523,com.android.apps.tag.TagViewer,topStateChangedWhenResumed]
02-29 13:25:03.336  3697  3697 I view_enqueue_input_event: [Motion - Cancel,com.android.launcher3/com.android.launcher3.uioverrides.QuickstepLauncher]
02-29 13:25:03.337  2521  2611 I input_focus: [Focus request d2fc0c9 com.android.apps.tag/com.android.apps.tag.TagViewer,reason=UpdateInputWindows]
02-29 13:25:03.342  2521  2607 I sysui_multi_action: [319,31,322,31,325,9796,757,761,758,8,759,2,806,com.android.apps.tag,871,com.android.apps.tag.TagViewer,904,com.android.nfc,905,0,1320,4,1321,23]
02-29 13:25:03.342  2521  2607 I wm_activity_launch_time: [0,130058523,com.android.apps.tag/.TagViewer,31]
02-29 13:25:03.346  2521  2912 I input_interaction: Interaction with: fff67cf com.android.systemui.wallpapers.ImageWallpaper (server), PointerEventDispatcher0 (server), 
02-29 13:25:03.368  2521  2912 I input_focus: [Focus entering d2fc0c9 com.android.apps.tag/com.android.apps.tag.TagViewer (server),reason=Window became focusable. Previous reason: NOT_VISIBLE]
02-29 13:25:03.620  2521  2611 I wm_wallpaper_surface: [0,0,null]
02-29 13:25:03.622  2521  2610 I wm_stop_activity: [0,126596948,com.android.launcher3/.uioverrides.QuickstepLauncher]
02-29 13:25:03.643  3697  3697 I wm_on_stop_called: [126596948,com.android.launcher3.uioverrides.QuickstepLauncher,STOP_ACTIVITY_ITEM]
02-29 13:25:04.535  2521  2912 I input_interaction: Interaction with: 34818e7 NavigationBar0 (server), PointerEventDispatcher0 (server), 
02-29 13:25:04.538  3137  3137 I sysui_multi_action: [757,931,758,4,759,4,932,0,933,0]
02-29 13:25:04.543  2521  2912 I input_interaction: Interaction with: d2fc0c9 com.android.apps.tag/com.android.apps.tag.TagViewer (server), PointerEventDispatcher0 (server), 
02-29 13:25:04.544  2521  2912 I input_interaction: Interaction with: 34818e7 NavigationBar0 (server), PointerEventDispatcher0 (server), 
02-29 13:25:04.686  3137  3137 I sysui_multi_action: [757,931,758,4,759,4,932,0,933,1]
02-29 13:25:04.688  2521  3105 I sysui_multi_action: [757,803,799,key_back_press,802,1]
