02-29 14:17:14.168  3429  4985 W ActivityThread: Failed to find provider info for com.android.contacts (user not unlocked)
02-29 14:17:16.397  2577  3293 W OverlayManager: service 'idmap' died
02-29 14:17:16.540  2577  2695 D OomAdjuster: Not killing cached processes
02-29 14:17:16.581  2577  3024 W ContextImpl: Calling a method in the system process without a qualified user: android.app.ContextImpl.sendStickyBroadcast:1586 com.android.server.ConnectivityService.sendStickyBroadcast:3074 com.android.server.ConnectivityService.sendGeneralBroadcast:3047 com.android.server.ConnectivityService.sendInetConditionBroadcast:3024 com.android.server.ConnectivityService.updateInetCondition:9169 
02-29 14:17:18.175  3429  5041 W ActivityThread: Failed to find provider info for com.android.contacts (user not unlocked)
02-29 14:17:18.554  1029  1058 I keystore2: keystore2::watchdog: Watchdog thread idle -> terminating. Have a great day.
02-29 14:17:20.146  2577  2577 I Telecom : DefaultDialerCache: Refreshing default dialer for user 0: now com.android.dialer: DDC.oR@AFc
02-29 14:17:20.161  2577  2577 I Telecom : DefaultDialerCache: Refreshing default dialer for user 0: now com.android.dialer: DDC.oR@AFg
02-29 14:17:20.169  2577  2577 I Telecom : DefaultDialerCache: Refreshing default dialer for user 0: now com.android.dialer: DDC.oR@AFk
02-29 14:17:20.177  2577  2695 W VoiceInteractionManager: no available voice recognition services found for user 0
02-29 14:17:20.177  2577  2683 D CompatibilityChangeReporter: Compat change id reported: 135634846; UID 10137; state: DISABLED
02-29 14:17:20.177  2577  2683 D CompatibilityChangeReporter: Compat change id reported: 177438394; UID 10137; state: DISABLED
02-29 14:17:20.178  2577  2683 D CompatibilityChangeReporter: Compat change id reported: 135772972; UID 10137; state: DISABLED
02-29 14:17:20.178  2577  2683 D CompatibilityChangeReporter: Compat change id reported: 135754954; UID 10137; state: ENABLED
02-29 14:17:20.179  2577  2699 D CompatibilityChangeReporter: Compat change id reported: 143937733; UID 10137; state: ENABLED
02-29 14:17:20.182  2577  2695 W VoiceInteractionManager: no available voice recognition services found for user 0
02-29 14:17:20.183  2577  2695 W VoiceInteractionManager: no available voice recognition services found for user 0
02-29 14:17:20.194  2577  2699 I ActivityManager: Start proc 5067:com.android.permissioncontroller/u0a137 for service {com.android.permissioncontroller/com.android.permissioncontroller.permission.service.PermissionControllerServiceImpl}
02-29 14:17:20.220  2577  3083 D CompatibilityChangeReporter: Compat change id reported: 168419799; UID 10137; state: DISABLED
02-29 14:17:20.220  2577  3083 D CompatibilityChangeReporter: Compat change id reported: 273564678; UID 10137; state: DISABLED
02-29 14:17:20.394  2577  3089 D CompatibilityChangeReporter: Compat change id reported: 161145287; UID 10137; state: DISABLED
02-29 14:17:21.974  2577  2945 D OomAdjuster: Not killing cached processes
02-29 14:17:22.186  3429  5102 W ActivityThread: Failed to find provider info for com.android.contacts (user not unlocked)
02-29 14:17:22.721  2577  3355 D Fingerprint21: Daemon was null, reconnecting, current operation: null
02-29 14:17:22.724  2577  3355 D Fingerprint21: Fingerprint HAL ready, HAL ID: -5476376647378248880
02-29 14:17:22.726  2577  2577 D BiometricScheduler/Fingerprint21: [Added] {[0] com.android.server.biometrics.sensors.fingerprint.hidl.FingerprintUpdateActiveUserClient, proto=1, owner=android, cookie=0, requestId=-1, userId=0}, new queue size: 1
02-29 14:17:22.726  2577  2577 D BiometricScheduler/Fingerprint21: [Polled] {[0] com.android.server.biometrics.sensors.fingerprint.hidl.FingerprintUpdateActiveUserClient, proto=1, owner=android, cookie=0, requestId=-1, userId=0}, State: 0
02-29 14:17:22.727  2577  2577 D BiometricScheduler/Fingerprint21: [Started] {[0] com.android.server.biometrics.sensors.fingerprint.hidl.FingerprintUpdateActiveUserClient, proto=1, owner=android, cookie=0, requestId=-1, userId=0}
02-29 14:17:22.727  2577  2577 D FingerprintUpdateActiveUserClient: Setting active user: 0
02-29 14:17:23.062  2577  2577 D BiometricSchedulerOperation: [Finished / destroy]: {[0] com.android.server.biometrics.sensors.fingerprint.hidl.FingerprintUpdateActiveUserClient, proto=1, owner=android, cookie=0, requestId=-1, userId=0}
02-29 14:17:23.062  2577  2577 V BiometricSchedulerOperation: started: {[0] com.android.server.biometrics.sensors.fingerprint.hidl.FingerprintUpdateActiveUserClient, proto=1, owner=android, cookie=0, requestId=-1, userId=0}, State: 5
02-29 14:17:23.062  2577  2577 W Looper  : Slow dispatch took 338ms main h=android.os.Handler c=com.android.server.biometrics.sensors.fingerprint.hidl.Fingerprint21$$ExternalSyntheticLambda18@84409cf m=0
02-29 14:17:23.062  2577  2577 D BiometricScheduler/Fingerprint21: [Added] {[1] com.android.server.biometrics.sensors.fingerprint.hidl.FingerprintUpdateActiveUserClient, proto=1, owner=android, cookie=0, requestId=-1, userId=0}, new queue size: 1
02-29 14:17:23.062  2577  2577 V BiometricScheduler/Fingerprint21: Not idle, current operation: {[0] com.android.server.biometrics.sensors.fingerprint.hidl.FingerprintUpdateActiveUserClient, proto=1, owner=android, cookie=0, requestId=-1, userId=0}, State: 5
02-29 14:17:23.063  2577  2577 D BiometricScheduler/Fingerprint21: [Added] {[2] com.android.server.biometrics.sensors.fingerprint.hidl.FingerprintInternalCleanupClient, proto=7, owner=android, cookie=0, requestId=-1, userId=0}, new queue size: 2
02-29 14:17:23.063  2577  2577 V BiometricScheduler/Fingerprint21: Not idle, current operation: {[0] com.android.server.biometrics.sensors.fingerprint.hidl.FingerprintUpdateActiveUserClient, proto=1, owner=android, cookie=0, requestId=-1, userId=0}, State: 5
02-29 14:17:23.063  2577  2577 W Looper  : Slow delivery took 338ms main h=android.os.Handler c=com.android.server.biometrics.sensors.fingerprint.hidl.Fingerprint21$$ExternalSyntheticLambda17@8a8a265 m=0
02-29 14:17:23.063  2577  2577 D BiometricScheduler/Fingerprint21: [Finishing] {[0] com.android.server.biometrics.sensors.fingerprint.hidl.FingerprintUpdateActiveUserClient, proto=1, owner=android, cookie=0, requestId=-1, userId=0}, success: true
02-29 14:17:23.063  2577  2577 D BiometricScheduler/Fingerprint21: [Polled] {[1] com.android.server.biometrics.sensors.fingerprint.hidl.FingerprintUpdateActiveUserClient, proto=1, owner=android, cookie=0, requestId=-1, userId=0}, State: 0
02-29 14:17:23.063  2577  2577 D BiometricScheduler/Fingerprint21: [Started] {[1] com.android.server.biometrics.sensors.fingerprint.hidl.FingerprintUpdateActiveUserClient, proto=1, owner=android, cookie=0, requestId=-1, userId=0}
02-29 14:17:23.063  2577  2577 D FingerprintUpdateActiveUserClient: Already user: com.android.server.biometrics.sensors.fingerprint.hidl.Fingerprint21$$ExternalSyntheticLambda20@661b3a, returning
02-29 14:17:23.063  2577  2577 D BiometricSchedulerOperation: [Finished / destroy]: {[1] com.android.server.biometrics.sensors.fingerprint.hidl.FingerprintUpdateActiveUserClient, proto=1, owner=android, cookie=0, requestId=-1, userId=0}
02-29 14:17:23.063  2577  2577 V BiometricSchedulerOperation: started: {[1] com.android.server.biometrics.sensors.fingerprint.hidl.FingerprintUpdateActiveUserClient, proto=1, owner=android, cookie=0, requestId=-1, userId=0}, State: 5
02-29 14:17:23.063  2577  2577 W Looper  : Drained
02-29 14:17:23.063  2577  2577 D BiometricScheduler/Fingerprint21: [Finishing] {[1] com.android.server.biometrics.sensors.fingerprint.hidl.FingerprintUpdateActiveUserClient, proto=1, owner=android, cookie=0, requestId=-1, userId=0}, success: true
02-29 14:17:23.063  2577  2577 D BiometricScheduler/Fingerprint21: [Polled] {[2] com.android.server.biometrics.sensors.fingerprint.hidl.FingerprintInternalCleanupClient, proto=7, owner=android, cookie=0, requestId=-1, userId=0}, State: 0
02-29 14:17:23.063  2577  2577 D BiometricScheduler/Fingerprint21: [Started] {[2] com.android.server.biometrics.sensors.fingerprint.hidl.FingerprintInternalCleanupClient, proto=7, owner=android, cookie=0, requestId=-1, userId=0}
02-29 14:17:23.063  2577  2577 D Biometrics/InternalCleanupClient: Starting enumerate: {[3] com.android.server.biometrics.sensors.fingerprint.hidl.FingerprintInternalEnumerateClient, proto=6, owner=android, cookie=0, requestId=-1, userId=0}
02-29 14:17:23.156  2577  2577 V BiometricSchedulerOperation: started: {[2] com.android.server.biometrics.sensors.fingerprint.hidl.FingerprintInternalCleanupClient, proto=7, owner=android, cookie=0, requestId=-1, userId=0}, State: 2
02-29 14:17:23.157  2577  2577 D Biometrics/InternalCleanupClient: onEnumerated, remaining: 1
02-29 14:17:23.157  2577  2577 V Biometrics/InternalEnumerateClient: handleEnumeratedTemplate: 2134695607
02-29 14:17:23.157  2577  2577 V Biometrics/InternalEnumerateClient: Matched: true
02-29 14:17:23.157  2577  2577 D Biometrics/InternalCleanupClient: onEnumerated, remaining: 0
02-29 14:17:23.157  2577  2577 V Biometrics/InternalEnumerateClient: handleEnumeratedTemplate: 949930989
02-29 14:17:23.157  2577  2577 V Biometrics/InternalEnumerateClient: Matched: true
02-29 14:17:23.157  2577  2577 D Biometrics/InternalCleanupClient: Enumerate onClientFinished: {[3] com.android.server.biometrics.sensors.fingerprint.hidl.FingerprintInternalEnumerateClient, proto=6, owner=android, cookie=0, requestId=-1, userId=0}, success: true
02-29 14:17:23.157  2577  2577 D BiometricSchedulerOperation: [Finished / destroy]: {[2] com.android.server.biometrics.sensors.fingerprint.hidl.FingerprintInternalCleanupClient, proto=7, owner=android, cookie=0, requestId=-1, userId=0}
02-29 14:17:23.157  2577  2577 D BiometricScheduler/Fingerprint21: [Finishing] {[2] com.android.server.biometrics.sensors.fingerprint.hidl.FingerprintInternalCleanupClient, proto=7, owner=android, cookie=0, requestId=-1, userId=0}, success: true
02-29 14:17:23.157  2577  2577 D BiometricScheduler/Fingerprint21: No operations, returning to idle
02-29 14:17:23.820  2577  3355 D LockSettingsService: spBasedDoVerifyCredential: user=0 hasEnrolledBiometrics=true
02-29 14:17:23.860  1744  1744 D spcomlib: [spcom_ion_alloc_ex] Allocated dma_buf: fd [11] size [0x5000] OK.
02-29 14:17:23.881  1744  1744 D spcomlib: [spcom_register_client] SPCom register client: ch_name[sp_keymaster], PID[0xf6eec4f8]
02-29 14:17:23.881  1744  1744 D spcomlib: [spcom_ch_register] SPCom channel register cmd: ch_name[sp_keymaster], PID [0xf6eec4f8]
02-29 14:17:23.881  1744  1744 D spcomlib: [open_control_ch] Control channel opened successfully
02-29 14:17:23.881  1744  1744 D spcomlib: [spcom_ioctl] spcom_ioctl: command ID [1075860458]
02-29 14:17:23.892  1744  1744 D spcomlib: [spcom_ch_register] SPCom register cmd done: ch_name[sp_keymaster]
02-29 14:17:23.892  1744  1744 D spcomlib: [add_ch] add ch [sp_keymaster].
02-29 14:17:23.892  1744  1744 D spcomlib: [spcom_register_client] SPCom register done: ch_name[sp_keymaster]
02-29 14:17:23.892  1744  1744 D spcomlib: [spcom_client_is_server_connected] SPCom client is sever connected cmd: ch_name[sp_keymaster]
02-29 14:17:23.892  1744  1744 D spcomlib: [spcom_ioctl] spcom_ioctl: command ID [1075860460]
02-29 14:17:23.892  1744  1744 D spcomlib: [spcom_manage_dma_buffer_lock] SPCom manage DMA buffer lock cmd: ch_name[sp_keymaster], fd[11], PID[0xf6eec4f8]
02-29 14:17:23.892  1744  1744 D spcomlib: [spcom_ioctl] spcom_ioctl: command ID [1076384753]
02-29 14:17:23.892  1744  1744 D spcomlib: [spcom_manage_dma_buffer_lock] SPCom manage DMA buffer lock cmd done: ch_name[sp_keymaster], ret[0]
02-29 14:17:23.894  1744  1744 D spcomlib: [spcom_unregister_client] SPCom unregister client
02-29 14:17:23.894  1744  1744 D spcomlib: [spcom_unregister] SPCom unregister cmd: ch_name[sp_keymaster], PID[0xf6eec4f8]
02-29 14:17:23.894  1744  1744 D spcomlib: [spcom_ioctl] spcom_ioctl: command ID [1075860459]
02-29 14:17:23.894  1744  1744 D spcomlib: [del_ch] del ch [sp_keymaster].
02-29 14:17:23.894  1744  1744 D spcomlib: [stop_ssr_thread] SSR thread not started, nothing left do
02-29 14:17:23.894  1744  1744 D spcomlib: [spcom_unregister] SPCom unregister cmd done: ch_name[sp_keymaster], ret[0]
02-29 14:17:23.928   856   925 D SPL     : Handle Request
02-29 14:17:23.928   856   925 E SPL     : unknown cmd id [57005]
02-29 14:17:23.928   856   925 D SPL     : Send Response
02-29 14:17:23.928   856   925 D SPL     : QSEECom_send_resp() OK.
02-29 14:17:23.928   856   925 D SPL     : ==== Wait For Request ======
02-29 14:17:23.936   856   925 D SPL     : Handle Request
02-29 14:17:23.936   856   925 D SPL     : Dev node [/dev/qsee_ipc_irq_spss] opened OK.
02-29 14:17:23.936   856   925 D SPL     : timeout_msec [4000]
02-29 14:17:23.936   856   925 D SPL     : pfd[0].fd [50].
02-29 14:17:23.936   856   925 D SPL     : pfd[1].fd [44].
02-29 14:17:23.936   856   925 D SPL     : Call poll()
02-29 14:17:23.936   856   925 D SPL     : poll() ret [1].
02-29 14:17:23.936   856   925 D SPL     : pfd[0].revents [0x1].
02-29 14:17:23.936   856   925 D SPL     : pfd[1].revents [0x0].
02-29 14:17:23.936   856   925 D SPL     : IRQ Detected OK.
02-29 14:17:23.936   856   925 D SPL     : Send Response
02-29 14:17:23.936   856   925 D SPL     : QSEECom_send_resp() OK.
02-29 14:17:23.936   856   925 D SPL     : ==== Wait For Request ======
02-29 14:17:23.938   856   925 D SPL     : Handle Request
02-29 14:17:23.938   856   925 D SPL     : Dev node [/dev/qsee_ipc_irq_spss] opened OK.
02-29 14:17:23.938   856   925 D SPL     : timeout_msec [4000]
02-29 14:17:23.938   856   925 D SPL     : pfd[0].fd [50].
02-29 14:17:23.938   856   925 D SPL     : pfd[1].fd [44].
02-29 14:17:23.938   856   925 D SPL     : Call poll()
02-29 14:17:23.938   856   925 D SPL     : poll() ret [1].
02-29 14:17:23.938   856   925 D SPL     : pfd[0].revents [0x1].
02-29 14:17:23.938   856   925 D SPL     : pfd[1].revents [0x0].
02-29 14:17:23.939   856   925 D SPL     : IRQ Detected OK.
02-29 14:17:23.939   856   925 D SPL     : Send Response
02-29 14:17:23.939   856   925 D SPL     : QSEECom_send_resp() OK.
02-29 14:17:23.939   856   925 D SPL     : ==== Wait For Request ======
02-29 14:17:23.939   856   925 D SPL     : Handle Request
02-29 14:17:23.939   856   925 E SPL     : unknown cmd id [57005]
02-29 14:17:23.939   856   925 D SPL     : Send Response
02-29 14:17:23.940   856   925 D SPL     : QSEECom_send_resp() OK.
02-29 14:17:23.940   856   925 D SPL     : ==== Wait For Request ======
02-29 14:17:23.949   856   925 D SPL     : Handle Request
02-29 14:17:23.949   856   925 D SPL     : Dev node [/dev/qsee_ipc_irq_spss] opened OK.
02-29 14:17:23.949   856   925 D SPL     : timeout_msec [4000]
02-29 14:17:23.949   856   925 D SPL     : pfd[0].fd [50].
02-29 14:17:23.949   856   925 D SPL     : pfd[1].fd [44].
02-29 14:17:23.949   856   925 D SPL     : Call poll()
02-29 14:17:23.949   856   925 D SPL     : poll() ret [1].
02-29 14:17:23.949   856   925 D SPL     : pfd[0].revents [0x1].
02-29 14:17:23.949   856   925 D SPL     : pfd[1].revents [0x0].
02-29 14:17:23.949   856   925 D SPL     : IRQ Detected OK.
02-29 14:17:23.949   856   925 D SPL     : Send Response
02-29 14:17:23.949   856   925 D SPL     : QSEECom_send_resp() OK.
02-29 14:17:23.949   856   925 D SPL     : ==== Wait For Request ======
02-29 14:17:23.950   856   925 D SPL     : Handle Request
02-29 14:17:23.950   856   925 D SPL     : Dev node [/dev/qsee_ipc_irq_spss] opened OK.
02-29 14:17:23.950   856   925 D SPL     : timeout_msec [4000]
02-29 14:17:23.950   856   925 D SPL     : pfd[0].fd [50].
02-29 14:17:23.950   856   925 D SPL     : pfd[1].fd [44].
02-29 14:17:23.950   856   925 D SPL     : Call poll()
02-29 14:17:23.950   856   925 D SPL     : poll() ret [1].
02-29 14:17:23.951   856   925 D SPL     : pfd[0].revents [0x1].
02-29 14:17:23.951   856   925 D SPL     : pfd[1].revents [0x0].
02-29 14:17:23.951   856   925 D SPL     : IRQ Detected OK.
02-29 14:17:23.951   856   925 D SPL     : Send Response
02-29 14:17:23.951   856   925 D SPL     : QSEECom_send_resp() OK.
02-29 14:17:23.951   856   925 D SPL     : ==== Wait For Request ======
02-29 14:17:23.951   856   925 D SPL     : Handle Request
02-29 14:17:23.951   856   925 E SPL     : unknown cmd id [57005]
02-29 14:17:23.951   856   925 D SPL     : Send Response
02-29 14:17:23.951   856   925 D SPL     : QSEECom_send_resp() OK.
02-29 14:17:23.951   856   925 D SPL     : ==== Wait For Request ======
02-29 14:17:23.961   856   925 D SPL     : Handle Request
02-29 14:17:23.961   856   925 D SPL     : Dev node [/dev/qsee_ipc_irq_spss] opened OK.
02-29 14:17:23.961   856   925 D SPL     : timeout_msec [4000]
02-29 14:17:23.961   856   925 D SPL     : pfd[0].fd [50].
02-29 14:17:23.961   856   925 D SPL     : pfd[1].fd [44].
02-29 14:17:23.961   856   925 D SPL     : Call poll()
02-29 14:17:23.961   856   925 D SPL     : poll() ret [1].
02-29 14:17:23.961   856   925 D SPL     : pfd[0].revents [0x1].
02-29 14:17:23.961   856   925 D SPL     : pfd[1].revents [0x0].
02-29 14:17:23.961   856   925 D SPL     : IRQ Detected OK.
02-29 14:17:23.961   856   925 D SPL     : Send Response
02-29 14:17:23.961   856   925 D SPL     : QSEECom_send_resp() OK.
02-29 14:17:23.961   856   925 D SPL     : ==== Wait For Request ======
02-29 14:17:23.962   856   925 D SPL     : Handle Request
02-29 14:17:23.962   856   925 D SPL     : Dev node [/dev/qsee_ipc_irq_spss] opened OK.
02-29 14:17:23.962   856   925 D SPL     : timeout_msec [4000]
02-29 14:17:23.962   856   925 D SPL     : pfd[0].fd [50].
02-29 14:17:23.962   856   925 D SPL     : pfd[1].fd [44].
02-29 14:17:23.962   856   925 D SPL     : Call poll()
02-29 14:17:23.963   856   925 D SPL     : poll() ret [1].
02-29 14:17:23.963   856   925 D SPL     : pfd[0].revents [0x1].
02-29 14:17:23.963   856   925 D SPL     : pfd[1].revents [0x0].
02-29 14:17:23.963   856   925 D SPL     : IRQ Detected OK.
02-29 14:17:23.963   856   925 D SPL     : Send Response
02-29 14:17:23.963   856   925 D SPL     : QSEECom_send_resp() OK.
02-29 14:17:23.963   856   925 D SPL     : ==== Wait For Request ======
02-29 14:17:23.963   856   925 D SPL     : Handle Request
02-29 14:17:23.963   856   925 E SPL     : unknown cmd id [57005]
02-29 14:17:23.963   856   925 D SPL     : Send Response
02-29 14:17:23.963   856   925 D SPL     : QSEECom_send_resp() OK.
02-29 14:17:23.963   856   925 D SPL     : ==== Wait For Request ======
02-29 14:17:23.973   856   925 D SPL     : Handle Request
02-29 14:17:23.973   856   925 D SPL     : Dev node [/dev/qsee_ipc_irq_spss] opened OK.
02-29 14:17:23.973   856   925 D SPL     : timeout_msec [4000]
02-29 14:17:23.973   856   925 D SPL     : pfd[0].fd [50].
02-29 14:17:23.973   856   925 D SPL     : pfd[1].fd [44].
02-29 14:17:23.973   856   925 D SPL     : Call poll()
02-29 14:17:23.973   856   925 D SPL     : poll() ret [1].
02-29 14:17:23.973   856   925 D SPL     : pfd[0].revents [0x1].
02-29 14:17:23.973   856   925 D SPL     : pfd[1].revents [0x0].
02-29 14:17:23.973   856   925 D SPL     : IRQ Detected OK.
02-29 14:17:23.973   856   925 D SPL     : Send Response
02-29 14:17:23.973   856   925 D SPL     : QSEECom_send_resp() OK.
02-29 14:17:23.973   856   925 D SPL     : ==== Wait For Request ======
02-29 14:17:23.974   856   925 D SPL     : Handle Request
02-29 14:17:23.974   856   925 D SPL     : Dev node [/dev/qsee_ipc_irq_spss] opened OK.
02-29 14:17:23.974   856   925 D SPL     : timeout_msec [4000]
02-29 14:17:23.974   856   925 D SPL     : pfd[0].fd [50].
02-29 14:17:23.974   856   925 D SPL     : pfd[1].fd [44].
02-29 14:17:23.974   856   925 D SPL     : Call poll()
02-29 14:17:23.974   856   925 D SPL     : poll() ret [1].
02-29 14:17:23.974   856   925 D SPL     : pfd[0].revents [0x1].
02-29 14:17:23.974   856   925 D SPL     : pfd[1].revents [0x0].
02-29 14:17:23.974   856   925 D SPL     : IRQ Detected OK.
02-29 14:17:23.974   856   925 D SPL     : Send Response
02-29 14:17:23.974   856   925 D SPL     : QSEECom_send_resp() OK.
02-29 14:17:23.974   856   925 D SPL     : ==== Wait For Request ======
02-29 14:17:23.975   856   925 D SPL     : Handle Request
02-29 14:17:23.975   856   925 E SPL     : unknown cmd id [57005]
02-29 14:17:23.975   856   925 D SPL     : Send Response
02-29 14:17:23.975   856   925 D SPL     : QSEECom_send_resp() OK.
02-29 14:17:23.975   856   925 D SPL     : ==== Wait For Request ======
02-29 14:17:23.984   856   925 D SPL     : Handle Request
02-29 14:17:23.984   856   925 D SPL     : Dev node [/dev/qsee_ipc_irq_spss] opened OK.
02-29 14:17:23.984   856   925 D SPL     : timeout_msec [4000]
02-29 14:17:23.984   856   925 D SPL     : pfd[0].fd [50].
02-29 14:17:23.984   856   925 D SPL     : pfd[1].fd [44].
02-29 14:17:23.984   856   925 D SPL     : Call poll()
02-29 14:17:23.984   856   925 D SPL     : poll() ret [1].
02-29 14:17:23.984   856   925 D SPL     : pfd[0].revents [0x1].
02-29 14:17:23.984   856   925 D SPL     : pfd[1].revents [0x0].
02-29 14:17:23.984   856   925 D SPL     : IRQ Detected OK.
02-29 14:17:23.984   856   925 D SPL     : Send Response
02-29 14:17:23.984   856   925 D SPL     : QSEECom_send_resp() OK.
02-29 14:17:23.984   856   925 D SPL     : ==== Wait For Request ======
02-29 14:17:23.986   856   925 D SPL     : Handle Request
02-29 14:17:23.986   856   925 D SPL     : Dev node [/dev/qsee_ipc_irq_spss] opened OK.
02-29 14:17:23.986   856   925 D SPL     : timeout_msec [4000]
02-29 14:17:23.986   856   925 D SPL     : pfd[0].fd [50].
02-29 14:17:23.986   856   925 D SPL     : pfd[1].fd [44].
02-29 14:17:23.986   856   925 D SPL     : Call poll()
02-29 14:17:23.986   856   925 D SPL     : poll() ret [1].
02-29 14:17:23.986   856   925 D SPL     : pfd[0].revents [0x1].
02-29 14:17:23.986   856   925 D SPL     : pfd[1].revents [0x0].
02-29 14:17:23.986   856   925 D SPL     : IRQ Detected OK.
02-29 14:17:23.986   856   925 D SPL     : Send Response
02-29 14:17:23.986   856   925 D SPL     : QSEECom_send_resp() OK.
02-29 14:17:23.986   856   925 D SPL     : ==== Wait For Request ======
02-29 14:17:23.987   856   925 D SPL     : Handle Request
02-29 14:17:23.987   856   925 E SPL     : unknown cmd id [57005]
02-29 14:17:23.987   856   925 D SPL     : Send Response
02-29 14:17:23.987   856   925 D SPL     : QSEECom_send_resp() OK.
02-29 14:17:23.987   856   925 D SPL     : ==== Wait For Request ======
02-29 14:17:23.995   856   925 D SPL     : Handle Request
02-29 14:17:23.995   856   925 D SPL     : Dev node [/dev/qsee_ipc_irq_spss] opened OK.
02-29 14:17:23.995   856   925 D SPL     : timeout_msec [4000]
02-29 14:17:23.995   856   925 D SPL     : pfd[0].fd [50].
02-29 14:17:23.995   856   925 D SPL     : pfd[1].fd [44].
02-29 14:17:23.995   856   925 D SPL     : Call poll()
02-29 14:17:23.995   856   925 D SPL     : poll() ret [1].
02-29 14:17:23.995   856   925 D SPL     : pfd[0].revents [0x1].
02-29 14:17:23.995   856   925 D SPL     : pfd[1].revents [0x0].
02-29 14:17:23.995   856   925 D SPL     : IRQ Detected OK.
02-29 14:17:23.995   856   925 D SPL     : Send Response
02-29 14:17:23.995   856   925 D SPL     : QSEECom_send_resp() OK.
02-29 14:17:23.995   856   925 D SPL     : ==== Wait For Request ======
02-29 14:17:23.997   856   925 D SPL     : Handle Request
02-29 14:17:23.997   856   925 D SPL     : Dev node [/dev/qsee_ipc_irq_spss] opened OK.
02-29 14:17:23.997   856   925 D SPL     : timeout_msec [4000]
02-29 14:17:23.997   856   925 D SPL     : pfd[0].fd [50].
02-29 14:17:23.997   856   925 D SPL     : pfd[1].fd [44].
02-29 14:17:23.997   856   925 D SPL     : Call poll()
02-29 14:17:24.028  1025  1037 D spcomlib: [spcom_server_get_next_request_size] SPCom get next request size done: Channel name [sec_nvm_sp_keymaster], next_req_size [2]
02-29 14:17:24.032  1025  1037 D spcomlib: [spcom_get_message] SPCom get message cmd: ch_name [sec_nvm_sp_keymaster], buffer_size [2], timeout_ms [0]
02-29 14:17:24.033  1025  1037 D spcomlib: [spcom_ioctl] spcom_ioctl: command ID [3223868400]
02-29 14:17:24.033  1025  1037 D spcomlib: [spcom_get_message] SPCom get message cmd done: ch_name[sec_nvm_sp_keymaster], message size[2]
02-29 14:17:24.033  1025  1037 D spcomlib: [spcom_server_wait_for_request] SPCom server wait for request: Channel name: [sec_nvm_sp_keymaster], actual request size:[2]
02-29 14:17:24.033  1025  1037 D secnvm  : ch [sec_nvm_sp_keymaster] create new request: reqId = 5
02-29 14:17:24.033  1025  1037 D secnvm  : ch [sec_nvm_sp_keymaster] Invalid m_ionHandle.fd [-1] for reqId [5]
02-29 14:17:24.033  1025  1037 D secnvm  : IsCommitOp
02-29 14:17:24.033  1025  1037 D secnvm  : NVM version is supported: 5
02-29 14:17:24.033  1025  1037 D spcomlib: [spcom_send_message] SPCom send message cmd: ch_name [sec_nvm_sp_keymaster], buffer_size [53], timeout_ms [0]
02-29 14:17:24.033  1025  1037 D spcomlib: [spcom_ioctl] spcom_ioctl: command ID [1076384749]
02-29 14:17:24.033  1025  1037 D spcomlib: [spcom_send_message] SPCom send message cmd done: ch_name[sec_nvm_sp_keymaster], ret[53]
02-29 14:17:24.034  1025  1037 D secnvm  : setNvmManagerState: is_skp:0, reqId:5, m_state=4
02-29 14:17:24.034  1025  1037 D spcomlib: [spcom_server_get_next_request_size] SPCom server get next request cmd: ch_name[sec_nvm_sp_keymaster], next_req_size[2]
02-29 14:17:24.034  1025  1037 D spcomlib: [spcom_ioctl] spcom_ioctl: command ID [3223868399]
02-29 14:17:24.035  1025  1037 D spcomlib: [spcom_server_get_next_request_size] SPCom get next request size done: Channel name [sec_nvm_sp_keymaster], next_req_size [150]
02-29 14:17:24.036  1025  1037 D spcomlib: [spcom_get_message] SPCom get message cmd: ch_name [sec_nvm_sp_keymaster], buffer_size [150], timeout_ms [0]
02-29 14:17:24.036  1025  1037 D spcomlib: [spcom_ioctl] spcom_ioctl: command ID [3223868400]
02-29 14:17:24.036  1025  1037 D spcomlib: [spcom_get_message] SPCom get message cmd done: ch_name[sec_nvm_sp_keymaster], message size[150]
02-29 14:17:24.036  1025  1037 D spcomlib: [spcom_server_wait_for_request] SPCom server wait for request: Channel name: [sec_nvm_sp_keymaster], actual request size:[150]
02-29 14:17:24.036  1025  1037 D secnvm  : ch [sec_nvm_sp_keymaster] create new request: reqId = 10
02-29 14:17:24.036  1025  1037 D secnvm  : ch [sec_nvm_sp_keymaster] Invalid m_ionHandle.fd [-1] for reqId [10]
02-29 14:17:24.036  1025  1037 D secnvm  : OpenPartitionOp
02-29 14:17:24.036  1025  1037 D secnvm  : ch [sec_nvm_sp_keymaster] allocate segment#0 out of 1
02-29 14:17:24.036  1025  1037 D secnvm  : Log file exists, dump to memory buffer
02-29 14:17:24.037  1025  1037 E secnvm  : !@ sec_nvm error log content (515 bytes of 515):2023-12-16 05:12:22@!@ NvmSegment::createSegment() for uuid=471480361391619214618258156162147168243172
02-29 14:17:24.037  1025  1037 E secnvm  : 2024-01-30 08:15:21@!@ NvmSegment::createSegment() for uuid=471480361391619214618258156162147168243172
02-29 14:17:24.037  1025  1037 E secnvm  : 2024-02-17 13:34:28@!@ NvmSegment::createSegment() for uuid=471480361391619214618258156162147168243172
02-29 14:17:24.037  1025  1037 E secnvm  : 2024-02-17 13:34:13@!@ NvmSegment::createSegment() for uuid=471480361391619214618258156162147168243172
02-29 14:17:24.037  1025  1037 E secnvm  : 2024-02-27 15:24:52@!@ NvmSegment::createSegment() for uuid=471480361391619214618258156162147168243172
02-29 14:17:24.038  1025  1037 D spcomlib: [spcom_ion_alloc_ex] Allocated dma_buf: fd [8] size [0x9000] OK.
02-29 14:17:24.038  1025  1037 D spcomlib: [spcom_ion_alloc_ex] call hyp_assign() for fd [8].
02-29 14:17:24.039  1025  1037 D spcomlib: [spcom_ion_alloc_ex] FindVmByName() ret vm_sp [10].
02-29 14:17:24.039  1025  1037 D spcomlib: [spcom_ion_alloc_ex] FindVmByName() ret vm_hlos [11].
02-29 14:17:24.039  1025  1037 D secnvm  : ch [sec_nvm_sp_keymaster] openPartition() m_ionHandle.fd [8]
02-29 14:17:24.039  1025  1037 D secnvm  : ch [sec_nvm_sp_keymaster] ari, no-skp: marker points to req CMAC
02-29 14:17:24.040  1025  1037 D secnvm  : file_marker=4e454c6b5d5ea509aadcea71f9fbb36a
02-29 14:17:24.040  1025  1037 D secnvm  : marker=bed72b3d0a71facbbcc83d10e92d3917
02-29 14:17:24.040  1025  1037 D secnvm  : found marker for file
02-29 14:17:24.040  1025  1037 D secnvm  : m_is_ari: 1, m_is_ari_bypass: 0
02-29 14:17:24.040  1025  1037 D secnvm  : match marker of /mnt/vendor/persist/secnvm/471480361391619214618258156162147168243172_0_1
02-29 14:17:24.040  1025  1037 D secnvm  : load 32 blocks starting from 0
02-29 14:17:24.041  1025  1037 D secnvm  : load 32 hash blocks starting from 32768
02-29 14:17:24.041  1025  1037 D secnvm  : actual transaction counter: 493
02-29 14:17:24.041  1025  1037 D secnvm  : successfully uploaded segment to DDR
02-29 14:17:24.041  1025  1037 D spcomlib: [spcom_manage_dma_buffer_lock] SPCom manage DMA buffer lock cmd: ch_name[sec_nvm_sp_keymaster], fd[8], PID[0x53bbecb0]
02-29 14:17:24.041  1025  1037 D spcomlib: [spcom_ioctl] spcom_ioctl: command ID [1076384753]
02-29 14:17:24.041  1025  1037 D spcomlib: [spcom_manage_dma_buffer_lock] SPCom manage DMA buffer lock cmd done: ch_name[sec_nvm_sp_keymaster], ret[0]
02-29 14:17:24.041  1025  1037 D spcomlib: [spcom_send_modified_message] SPCom send modified message cmd: ch_name [sec_nvm_sp_keymaster], buffer_size [47], timeout_ms [0]
02-29 14:17:24.041  1025  1037 D spcomlib: [spcom_send_modified_message] DMA info table [8]: fd[18] - offset[2139062143]
02-29 14:17:24.041  1025  1037 D spcomlib: [spcom_send_modified_message] DMA info table [-1]: fd[0] - offset[2139062143]
02-29 14:17:24.041  1025  1037 D spcomlib: [spcom_send_modified_message] DMA info table [-1]: fd[0] - offset[2139062143]
02-29 14:17:24.041  1025  1037 D spcomlib: [spcom_send_modified_message] DMA info table [-1]: fd[0] - offset[2139062143]
02-29 14:17:24.041  1025  1037 D spcomlib: [spcom_ioctl] spcom_ioctl: command ID [1078481902]
02-29 14:17:24.041  1025  1037 D spcomlib: [spcom_send_modified_message] SPCom send modified message cmd done: ch_name[sec_nvm_sp_keymaster], ret[47]
02-29 14:17:24.041  1025  1037 D secnvm  : setNvmManagerState: is_skp:0, reqId:10, m_state=4
02-29 14:17:24.041  1025  1037 D spcomlib: [spcom_server_get_next_request_size] SPCom server get next request cmd: ch_name[sec_nvm_sp_keymaster], next_req_size[150]
02-29 14:17:24.041  1025  1037 D spcomlib: [spcom_ioctl] spcom_ioctl: command ID [3223868399]
02-29 14:17:24.057  1025  1037 D spcomlib: [spcom_server_get_next_request_size] SPCom get next request size done: Channel name [sec_nvm_sp_keymaster], next_req_size [135]
02-29 14:17:24.057  1025  1037 D spcomlib: [spcom_get_message] SPCom get message cmd: ch_name [sec_nvm_sp_keymaster], buffer_size [135], timeout_ms [0]
02-29 14:17:24.057  1025  1037 D spcomlib: [spcom_ioctl] spcom_ioctl: command ID [3223868400]
02-29 14:17:24.057  1025  1037 D spcomlib: [spcom_get_message] SPCom get message cmd done: ch_name[sec_nvm_sp_keymaster], message size[135]
02-29 14:17:24.057  1025  1037 D spcomlib: [spcom_server_wait_for_request] SPCom server wait for request: Channel name: [sec_nvm_sp_keymaster], actual request size:[135]
02-29 14:17:24.057  1025  1037 D secnvm  : ch [sec_nvm_sp_keymaster] create new request: reqId = 2
02-29 14:17:24.057  1025  1037 D secnvm  : CommitOp::execute() start, m_is_skp [0]
02-29 14:17:24.057  1025  1037 D secnvm  : ch [sec_nvm_sp_keymaster] update segment#0 out of 1
02-29 14:17:24.057  1025  1037 D secnvm  : ch [sec_nvm_sp_keymaster] ari, no-skp: marker points to req CMAC
02-29 14:17:24.057  1025  1037 D secnvm  : file_marker=4e454c6b5d5ea509aadcea71f9fbb36a
02-29 14:17:24.057  1025  1037 D secnvm  : marker=bed72b3d0a71facbbcc83d10e92d3917
02-29 14:17:24.057  1025  1037 D secnvm  : found marker for file
02-29 14:17:24.057  1025  1037 D secnvm  : m_is_ari: 1, m_is_ari_bypass: 0
02-29 14:17:24.057  1025  1037 D secnvm  : match marker of /mnt/vendor/persist/secnvm/471480361391619214618258156162147168243172_0_1
02-29 14:17:24.060  1025  1037 D secnvm  : commit 1 blocks starting from 0
02-29 14:17:24.060  1025  1037 D secnvm  : commit 1 hash blocks starting from 32768
02-29 14:17:24.061  1025  1037 D secnvm  : successfully updated DDR->flash (transaction counter: 494)
02-29 14:17:24.061  1025  1037 D secnvm  : successfully commited to the backup file, save bytemap for the next time
02-29 14:17:24.061  1025  1037 D secnvm  : CommitOp::execute: m_is_skp [0] t_avg usec [1734] t_min [494] t_max [3620] count [3]
02-29 14:17:24.061  1025  1037 D secnvm  : CommitOp::execute: sync [2] write [0] read [0]
02-29 14:17:24.061  1025  1037 D spcomlib: [spcom_send_message] SPCom send message cmd: ch_name [sec_nvm_sp_keymaster], buffer_size [50], timeout_ms [0]
02-29 14:17:24.061  1025  1037 D spcomlib: [spcom_ioctl] spcom_ioctl: command ID [1076384749]
02-29 14:17:24.061  1025  1037 D spcomlib: [spcom_send_message] SPCom send message cmd done: ch_name[sec_nvm_sp_keymaster], ret[50]
02-29 14:17:24.061  1025  1037 D secnvm  : setNvmManagerState: is_skp:0, reqId:2, m_state=4
02-29 14:17:24.061  1025  1037 D spcomlib: [spcom_server_get_next_request_size] SPCom server get next request cmd: ch_name[sec_nvm_sp_keymaster], next_req_size[135]
02-29 14:17:24.061  1025  1037 D spcomlib: [spcom_ioctl] spcom_ioctl: command ID [3223868399]
02-29 14:17:24.074  1025  1035 D spcomlib: [spcom_server_get_next_request_size] SPCom get next request size done: Channel name [sec_nvm_sp_nvm], next_req_size [135]
02-29 14:17:24.074  1025  1035 D spcomlib: [spcom_get_message] SPCom get message cmd: ch_name [sec_nvm_sp_nvm], buffer_size [135], timeout_ms [0]
02-29 14:17:24.074  1025  1035 D spcomlib: [spcom_ioctl] spcom_ioctl: command ID [3223868400]
02-29 14:17:24.074  1025  1035 D spcomlib: [spcom_get_message] SPCom get message cmd done: ch_name[sec_nvm_sp_nvm], message size[135]
02-29 14:17:24.074  1025  1035 D spcomlib: [spcom_server_wait_for_request] SPCom server wait for request: Channel name: [sec_nvm_sp_nvm], actual request size:[135]
02-29 14:17:24.074  1025  1035 D secnvm  : ch [sec_nvm_sp_nvm] create new request: reqId = 8
02-29 14:17:24.074  1025  1035 D secnvm  : CommitOp::execute() start, m_is_skp [1]
02-29 14:17:24.074  1025  1035 D secnvm  : ch [sec_nvm_sp_nvm] update segment#0 out of 1
02-29 14:17:24.074  1025  1035 D secnvm  : ch [sec_nvm_sp_nvm] ari, skp: marker points to req ARC
02-29 14:17:24.076  1025  1035 D secnvm  : found marker for file
02-29 14:17:24.076  1025  1035 D secnvm  : found marker for file
02-29 14:17:24.076  1025  1035 D secnvm  : m_is_ari: 1, m_is_ari_bypass: 1
02-29 14:17:24.076  1025  1035 D secnvm  : ari bypass: check counters
02-29 14:17:24.076  1025  1035 D secnvm  : counters: cnt0: 2486, cnt1: 2487
02-29 14:17:24.076  1025  1035 D secnvm  : match counter 2487 of /mnt/vendor/persist/secnvm/552412310573718226167662182032189844128_0_1
02-29 14:17:24.077  1025  1035 D secnvm  : commit 1 blocks starting from 0
02-29 14:17:24.077  1025  1035 D secnvm  : commit 1 hash blocks starting from 32768
02-29 14:17:24.077  1025  1035 D secnvm  : commit 1 blocks starting from 18432
02-29 14:17:24.078  1025  1035 D secnvm  : commit 1 hash blocks starting from 33632
02-29 14:17:24.078  1025  1035 D secnvm  : updated active file with transaction counter: 2488, m_is_ari_bypass: 1
02-29 14:17:24.078  1025  1035 D secnvm  : successfully updated DDR->flash (transaction counter: 2488)
02-29 14:17:24.078  1025  1035 D secnvm  : successfully commited to the backup file, save bytemap for the next time
02-29 14:17:24.078  1025  1035 D secnvm  : CommitOp::execute: m_is_skp [1] t_avg usec [2475] t_min [494] t_max [4700] count [4]
02-29 14:17:24.078  1025  1035 D secnvm  : CommitOp::execute: sync [2] write [0] read [0]
02-29 14:17:24.078  1025  1035 D spcomlib: [spcom_send_message] SPCom send message cmd: ch_name [sec_nvm_sp_nvm], buffer_size [50], timeout_ms [0]
02-29 14:17:24.079  1025  1035 D spcomlib: [spcom_ioctl] spcom_ioctl: command ID [1076384749]
02-29 14:17:24.079  1025  1035 D spcomlib: [spcom_send_message] SPCom send message cmd done: ch_name[sec_nvm_sp_nvm], ret[50]
02-29 14:17:24.079  1025  1035 D secnvm  : setNvmManagerState: is_skp:1, reqId:8, m_state=4
02-29 14:17:24.079  1025  1035 D spcomlib: [spcom_server_get_next_request_size] SPCom server get next request cmd: ch_name[sec_nvm_sp_nvm], next_req_size[135]
02-29 14:17:24.079  1025  1035 D spcomlib: [spcom_ioctl] spcom_ioctl: command ID [3223868399]
02-29 14:17:24.092  1025  1037 D spcomlib: [spcom_server_get_next_request_size] SPCom get next request size done: Channel name [sec_nvm_sp_keymaster], next_req_size [135]
02-29 14:17:24.092  1025  1037 D spcomlib: [spcom_get_message] SPCom get message cmd: ch_name [sec_nvm_sp_keymaster], buffer_size [135], timeout_ms [0]
02-29 14:17:24.092  1025  1037 D spcomlib: [spcom_ioctl] spcom_ioctl: command ID [3223868400]
02-29 14:17:24.092  1025  1037 D spcomlib: [spcom_get_message] SPCom get message cmd done: ch_name[sec_nvm_sp_keymaster], message size[135]
02-29 14:17:24.092  1025  1037 D spcomlib: [spcom_server_wait_for_request] SPCom server wait for request: Channel name: [sec_nvm_sp_keymaster], actual request size:[135]
02-29 14:17:24.092  1025  1037 D secnvm  : ch [sec_nvm_sp_keymaster] create new request: reqId = 2
02-29 14:17:24.092  1025  1037 D secnvm  : CommitOp::execute() start, m_is_skp [0]
02-29 14:17:24.092  1025  1037 D secnvm  : ch [sec_nvm_sp_keymaster] update segment#0 out of 1
02-29 14:17:24.092  1025  1037 D secnvm  : ch [sec_nvm_sp_keymaster] ari, no-skp: marker points to req CMAC
02-29 14:17:24.092  1025  1037 D secnvm  : found marker for file
02-29 14:17:24.092  1025  1037 D secnvm  : file_marker=bed72b3d0a71facbbcc83d10e92d3917
02-29 14:17:24.092  1025  1037 D secnvm  : marker=3e5ecbc60a8230e13e14ace53445ecb9
02-29 14:17:24.092  1025  1037 D secnvm  : m_is_ari: 1, m_is_ari_bypass: 0
02-29 14:17:24.092  1025  1037 D secnvm  : match marker of /mnt/vendor/persist/secnvm/471480361391619214618258156162147168243172_0_0
02-29 14:17:24.094  1025  1037 D secnvm  : commit 1 blocks starting from 0
02-29 14:17:24.094  1025  1037 D secnvm  : commit 1 hash blocks starting from 32768
02-29 14:17:24.095  1025  1037 D secnvm  : successfully updated DDR->flash (transaction counter: 495)
02-29 14:17:24.095  1025  1037 D secnvm  : successfully commited to the backup file, save bytemap for the next time
02-29 14:17:24.095  1025  1037 D secnvm  : CommitOp::execute: m_is_skp [0] t_avg usec [2588] t_min [494] t_max [4700] count [5]
02-29 14:17:24.095  1025  1037 D secnvm  : CommitOp::execute: sync [2] write [0] read [0]
02-29 14:17:24.095  1025  1037 D spcomlib: [spcom_send_message] SPCom send message cmd: ch_name [sec_nvm_sp_keymaster], buffer_size [50], timeout_ms [0]
02-29 14:17:24.095  1025  1037 D spcomlib: [spcom_ioctl] spcom_ioctl: command ID [1076384749]
02-29 14:17:24.095  1025  1037 D spcomlib: [spcom_send_message] SPCom send message cmd done: ch_name[sec_nvm_sp_keymaster], ret[50]
02-29 14:17:24.095  1025  1037 D secnvm  : setNvmManagerState: is_skp:0, reqId:2, m_state=4
02-29 14:17:24.095  1025  1037 D spcomlib: [spcom_server_get_next_request_size] SPCom server get next request cmd: ch_name[sec_nvm_sp_keymaster], next_req_size[135]
02-29 14:17:24.095  1025  1037 D spcomlib: [spcom_ioctl] spcom_ioctl: command ID [3223868399]
02-29 14:17:24.106  1025  1035 D spcomlib: [spcom_server_get_next_request_size] SPCom get next request size done: Channel name [sec_nvm_sp_nvm], next_req_size [135]
02-29 14:17:24.106  1025  1035 D spcomlib: [spcom_get_message] SPCom get message cmd: ch_name [sec_nvm_sp_nvm], buffer_size [135], timeout_ms [0]
02-29 14:17:24.106  1025  1035 D spcomlib: [spcom_ioctl] spcom_ioctl: command ID [3223868400]
02-29 14:17:24.106  1025  1035 D spcomlib: [spcom_get_message] SPCom get message cmd done: ch_name[sec_nvm_sp_nvm], message size[135]
02-29 14:17:24.106  1025  1035 D spcomlib: [spcom_server_wait_for_request] SPCom server wait for request: Channel name: [sec_nvm_sp_nvm], actual request size:[135]
02-29 14:17:24.106  1025  1035 D secnvm  : ch [sec_nvm_sp_nvm] create new request: reqId = 8
02-29 14:17:24.106  1025  1035 D secnvm  : CommitOp::execute() start, m_is_skp [1]
02-29 14:17:24.106  1025  1035 D secnvm  : ch [sec_nvm_sp_nvm] update segment#0 out of 1
02-29 14:17:24.106  1025  1035 D secnvm  : ch [sec_nvm_sp_nvm] ari, skp: marker points to req ARC
02-29 14:17:24.106  1025  1035 D secnvm  : found marker for file
02-29 14:17:24.106  1025  1035 D secnvm  : found marker for file
02-29 14:17:24.106  1025  1035 D secnvm  : m_is_ari: 1, m_is_ari_bypass: 1
02-29 14:17:24.106  1025  1035 D secnvm  : ari bypass: check counters
02-29 14:17:24.106  1025  1035 D secnvm  : counters: cnt0: 2488, cnt1: 2487
02-29 14:17:24.106  1025  1035 D secnvm  : match counter 2488 of /mnt/vendor/persist/secnvm/552412310573718226167662182032189844128_0_0
02-29 14:17:24.109  1025  1035 D secnvm  : commit 1 blocks starting from 0
02-29 14:17:24.109  1025  1035 D secnvm  : commit 1 hash blocks starting from 32768
02-29 14:17:24.109  1025  1035 D secnvm  : commit 1 blocks starting from 18432
02-29 14:17:24.110  1025  1035 D secnvm  : commit 1 hash blocks starting from 33632
02-29 14:17:24.111  1025  1035 D secnvm  : updated active file with transaction counter: 2489, m_is_ari_bypass: 1
02-29 14:17:24.111  1025  1035 D secnvm  : successfully updated DDR->flash (transaction counter: 2489)
02-29 14:17:24.111  1025  1035 D secnvm  : successfully commited to the backup file, save bytemap for the next time
02-29 14:17:24.111  1025  1035 D secnvm  : CommitOp::execute: m_is_skp [1] t_avg usec [2910] t_min [494] t_max [4700] count [6]
02-29 14:17:24.111  1025  1035 D secnvm  : CommitOp::execute: sync [2] write [0] read [0]
02-29 14:17:24.111  1025  1035 D spcomlib: [spcom_send_message] SPCom send message cmd: ch_name [sec_nvm_sp_nvm], buffer_size [50], timeout_ms [0]
02-29 14:17:24.111  1025  1035 D spcomlib: [spcom_ioctl] spcom_ioctl: command ID [1076384749]
02-29 14:17:24.111  1025  1035 D spcomlib: [spcom_send_message] SPCom send message cmd done: ch_name[sec_nvm_sp_nvm], ret[50]
02-29 14:17:24.111  1025  1035 D secnvm  : setNvmManagerState: is_skp:1, reqId:8, m_state=4
02-29 14:17:24.111  1025  1035 D spcomlib: [spcom_server_get_next_request_size] SPCom server get next request cmd: ch_name[sec_nvm_sp_nvm], next_req_size[135]
02-29 14:17:24.111  1025  1035 D spcomlib: [spcom_ioctl] spcom_ioctl: command ID [3223868399]
02-29 14:17:24.119   856   925 D SPL     : poll() ret [1].
02-29 14:17:24.119   856   925 D SPL     : pfd[0].revents [0x1].
02-29 14:17:24.119   856   925 D SPL     : pfd[1].revents [0x0].
02-29 14:17:24.119   856   925 D SPL     : IRQ Detected OK.
02-29 14:17:24.119   856   925 D SPL     : Send Response
02-29 14:17:24.119   856   925 D SPL     : QSEECom_send_resp() OK.
02-29 14:17:24.119   856   925 D SPL     : ==== Wait For Request ======
02-29 14:17:24.169   856   925 D SPL     : Handle Request
02-29 14:17:24.169   856   925 E SPL     : unknown cmd id [57005]
02-29 14:17:24.169   856   925 D SPL     : Send Response
02-29 14:17:24.169   856   925 D SPL     : QSEECom_send_resp() OK.
02-29 14:17:24.169   856   925 D SPL     : ==== Wait For Request ======
02-29 14:17:24.181   856   925 D SPL     : Handle Request
02-29 14:17:24.181   856   925 D SPL     : Dev node [/dev/qsee_ipc_irq_spss] opened OK.
02-29 14:17:24.182   856   925 D SPL     : timeout_msec [4000]
02-29 14:17:24.182   856   925 D SPL     : pfd[0].fd [50].
02-29 14:17:24.182   856   925 D SPL     : pfd[1].fd [44].
02-29 14:17:24.182   856   925 D SPL     : Call poll()
02-29 14:17:24.182   856   925 D SPL     : poll() ret [1].
02-29 14:17:24.182   856   925 D SPL     : pfd[0].revents [0x1].
02-29 14:17:24.182   856   925 D SPL     : pfd[1].revents [0x0].
02-29 14:17:24.182   856   925 D SPL     : IRQ Detected OK.
02-29 14:17:24.182   856   925 D SPL     : Send Response
02-29 14:17:24.182   856   925 D SPL     : QSEECom_send_resp() OK.
02-29 14:17:24.182   856   925 D SPL     : ==== Wait For Request ======
02-29 14:17:24.184   856   925 D SPL     : Handle Request
02-29 14:17:24.184   856   925 D SPL     : Dev node [/dev/qsee_ipc_irq_spss] opened OK.
02-29 14:17:24.184   856   925 D SPL     : timeout_msec [4000]
02-29 14:17:24.184   856   925 D SPL     : pfd[0].fd [50].
02-29 14:17:24.184   856   925 D SPL     : pfd[1].fd [44].
02-29 14:17:24.184   856   925 D SPL     : Call poll()
02-29 14:17:24.186  1025  1037 D spcomlib: [spcom_server_get_next_request_size] SPCom get next request size done: Channel name [sec_nvm_sp_keymaster], next_req_size [135]
02-29 14:17:24.186  1025  1037 D spcomlib: [spcom_get_message] SPCom get message cmd: ch_name [sec_nvm_sp_keymaster], buffer_size [135], timeout_ms [0]
02-29 14:17:24.186  1025  1037 D spcomlib: [spcom_ioctl] spcom_ioctl: command ID [3223868400]
02-29 14:17:24.186  1025  1037 D spcomlib: [spcom_get_message] SPCom get message cmd done: ch_name[sec_nvm_sp_keymaster], message size[135]
02-29 14:17:24.186  1025  1037 D spcomlib: [spcom_server_wait_for_request] SPCom server wait for request: Channel name: [sec_nvm_sp_keymaster], actual request size:[135]
02-29 14:17:24.186  1025  1037 D secnvm  : ch [sec_nvm_sp_keymaster] create new request: reqId = 2
02-29 14:17:24.186  1025  1037 D secnvm  : CommitOp::execute() start, m_is_skp [0]
02-29 14:17:24.186  1025  1037 D secnvm  : ch [sec_nvm_sp_keymaster] update segment#0 out of 1
02-29 14:17:24.186  1025  1037 D secnvm  : ch [sec_nvm_sp_keymaster] ari, no-skp: marker points to req CMAC
02-29 14:17:24.186  1025  1037 D secnvm  : file_marker=3e5ecbc60a8230e13e14ace53445ecb9
02-29 14:17:24.186  1025  1037 D secnvm  : marker=109e6b91d76c5528be4d247edc6a5209
02-29 14:17:24.186  1025  1037 D secnvm  : found marker for file
02-29 14:17:24.186  1025  1037 D secnvm  : m_is_ari: 1, m_is_ari_bypass: 0
02-29 14:17:24.186  1025  1037 D secnvm  : match marker of /mnt/vendor/persist/secnvm/471480361391619214618258156162147168243172_0_1
02-29 14:17:24.189  1025  1037 D secnvm  : commit 1 blocks starting from 0
02-29 14:17:24.189  1025  1037 D secnvm  : commit 1 hash blocks starting from 32768
02-29 14:17:24.190  1025  1037 D secnvm  : successfully updated DDR->flash (transaction counter: 496)
02-29 14:17:24.190  1025  1037 D secnvm  : successfully commited to the backup file, save bytemap for the next time
02-29 14:17:24.190  1025  1037 D secnvm  : CommitOp::execute: m_is_skp [0] t_avg usec [3114] t_min [494] t_max [4700] count [7]
02-29 14:17:24.190  1025  1037 D secnvm  : CommitOp::execute: sync [2] write [0] read [0]
02-29 14:17:24.190  1025  1037 D spcomlib: [spcom_send_message] SPCom send message cmd: ch_name [sec_nvm_sp_keymaster], buffer_size [50], timeout_ms [0]
02-29 14:17:24.190  1025  1037 D spcomlib: [spcom_ioctl] spcom_ioctl: command ID [1076384749]
02-29 14:17:24.190  1025  1037 D spcomlib: [spcom_send_message] SPCom send message cmd done: ch_name[sec_nvm_sp_keymaster], ret[50]
02-29 14:17:24.190  1025  1037 D secnvm  : setNvmManagerState: is_skp:0, reqId:2, m_state=4
02-29 14:17:24.190  1025  1037 D spcomlib: [spcom_server_get_next_request_size] SPCom server get next request cmd: ch_name[sec_nvm_sp_keymaster], next_req_size[135]
02-29 14:17:24.190  1025  1037 D spcomlib: [spcom_ioctl] spcom_ioctl: command ID [3223868399]
02-29 14:17:24.202  1025  1035 D spcomlib: [spcom_server_get_next_request_size] SPCom get next request size done: Channel name [sec_nvm_sp_nvm], next_req_size [135]
02-29 14:17:24.202  1025  1035 D spcomlib: [spcom_get_message] SPCom get message cmd: ch_name [sec_nvm_sp_nvm], buffer_size [135], timeout_ms [0]
02-29 14:17:24.202  1025  1035 D spcomlib: [spcom_ioctl] spcom_ioctl: command ID [3223868400]
02-29 14:17:24.202  1025  1035 D spcomlib: [spcom_get_message] SPCom get message cmd done: ch_name[sec_nvm_sp_nvm], message size[135]
02-29 14:17:24.202  1025  1035 D spcomlib: [spcom_server_wait_for_request] SPCom server wait for request: Channel name: [sec_nvm_sp_nvm], actual request size:[135]
02-29 14:17:24.202  1025  1035 D secnvm  : ch [sec_nvm_sp_nvm] create new request: reqId = 8
02-29 14:17:24.203  1025  1035 D secnvm  : CommitOp::execute() start, m_is_skp [1]
02-29 14:17:24.203  1025  1035 D secnvm  : ch [sec_nvm_sp_nvm] update segment#0 out of 1
02-29 14:17:24.203  1025  1035 D secnvm  : ch [sec_nvm_sp_nvm] ari, skp: marker points to req ARC
02-29 14:17:24.203  1025  1035 D secnvm  : found marker for file
02-29 14:17:24.203  1025  1035 D secnvm  : found marker for file
02-29 14:17:24.203  1025  1035 D secnvm  : m_is_ari: 1, m_is_ari_bypass: 1
02-29 14:17:24.203  1025  1035 D secnvm  : ari bypass: check counters
02-29 14:17:24.203  1025  1035 D secnvm  : counters: cnt0: 2488, cnt1: 2489
02-29 14:17:24.203  1025  1035 D secnvm  : match counter 2489 of /mnt/vendor/persist/secnvm/552412310573718226167662182032189844128_0_1
02-29 14:17:24.207  1025  1035 D secnvm  : commit 1 blocks starting from 0
02-29 14:17:24.207  1025  1035 D secnvm  : commit 1 hash blocks starting from 32768
02-29 14:17:24.207  1025  1035 D secnvm  : commit 1 blocks starting from 18432
02-29 14:17:24.207  1025  1035 D secnvm  : commit 1 hash blocks starting from 33632
02-29 14:17:24.208  1025  1035 D secnvm  : updated active file with transaction counter: 2490, m_is_ari_bypass: 1
02-29 14:17:24.208  1025  1035 D secnvm  : successfully updated DDR->flash (transaction counter: 2490)
02-29 14:17:24.208  1025  1035 D secnvm  : successfully commited to the backup file, save bytemap for the next time
02-29 14:17:24.208  1025  1035 D secnvm  : CommitOp::execute: m_is_skp [1] t_avg usec [3431] t_min [494] t_max [5647] count [8]
02-29 14:17:24.208  1025  1035 D secnvm  : CommitOp::execute: sync [2] write [0] read [0]
02-29 14:17:24.208  1025  1035 D spcomlib: [spcom_send_message] SPCom send message cmd: ch_name [sec_nvm_sp_nvm], buffer_size [50], timeout_ms [0]
02-29 14:17:24.208  1025  1035 D spcomlib: [spcom_ioctl] spcom_ioctl: command ID [1076384749]
