02-29 14:24:20.170  1283  3755 D RequestManager: [RequestManager.cpp: 358] [Loc_hal_worker(1283,3755)] listenForResponses: Got a response parcel
02-29 14:24:20.170  3601  3601 D SST     : [0] pollState: modemTriggered=true, radioState=1
02-29 14:24:20.170  3601  3601 D SST     : [0] issuePollCommands
02-29 14:24:20.170  1283  3756 D RequestManager: [RequestManager.cpp: 268] [Loc_hal_worker(1283,3756)] writeToSocket: Buffer contents: 15 00 00 00 
02-29 14:24:20.171  1283  3756 D RequestManager: [RequestManager.cpp: 278] [Loc_hal_worker(1283,3756)] writeToSocket: Wrote 4 bytes to the socket.
02-29 14:24:20.171  3601  3601 D RILJ    : [0569]> OPERATOR [PHONE0]
02-29 14:24:20.171  1283  3756 D RequestManager: [RequestManager.cpp: 268] [Loc_hal_worker(1283,3756)] writeToSocket: Buffer contents: D0 6C 8F 81 70 00 00 B4 
02-29 14:24:20.171  1765  2483 I qcrilNrd: Buffer size: 12
02-29 14:24:20.171  1765  2483 I qcrilNrd: Buffer contents: 15 00 00 00 D0 6C 8F 81 70 00 00 B4 
02-29 14:24:20.171  1283  3756 D RequestManager: [RequestManager.cpp: 278] [Loc_hal_worker(1283,3756)] writeToSocket: Wrote 8 bytes to the socket.
02-29 14:24:20.171  1283  3756 D RequestManager: [RequestManager.cpp: 268] [Loc_hal_worker(1283,3756)] writeToSocket: Buffer contents: 
02-29 14:24:20.171  1283  3756 D RequestManager: [RequestManager.cpp: 139] [Loc_hal_worker(1283,3756)] listenForRequests: Processing request with ID 28.
02-29 14:24:20.171  1283  3756 D RequestManager: [RequestManager.cpp: 167] [Loc_hal_worker(1283,3756)] listenForRequests: Sending request to the server.
02-29 14:24:20.171  1283  3756 D RequestManager: [RequestManager.cpp: 222] [Loc_hal_worker(1283,3756)] sendRequestToServer: Sending buffer of size 88
02-29 14:24:20.171  1283  3756 D RequestManager: [RequestManager.cpp: 268] [Loc_hal_worker(1283,3756)] writeToSocket: Buffer contents: 00 00 00 58 
02-29 14:24:20.171  1762  7282 I qcrilNrd: RIL Response bytes written:4
02-29 14:24:20.171  3601  3601 D RILJ    : [0570]> QUERY_NETWORK_SELECTION_MODE [PHONE0]
02-29 14:24:20.171  1762  7282 I qcrilNrd: RIL Response bytes written:145
02-29 14:24:20.172  1283  3755 D RequestManager: [RequestManager.cpp: 341] [Loc_hal_worker(1283,3755)] listenForResponses: record_stream_get_next: recordLen: 145, ret: 0, errno: 0, errStr: Success, socket fd: 35
02-29 14:24:20.172  1283  3755 D RequestManager: [RequestManager.cpp: 358] [Loc_hal_worker(1283,3755)] listenForResponses: Got a response parcel
02-29 14:24:20.172  3601  4065 D RILJ    : [0571]> DATA_REGISTRATION_STATE [PHONE0]
02-29 14:24:20.172  3601  4065 D RILJ    : getDataRegistrationState: overrideHalVersion=null [PHONE0]
02-29 14:24:20.172  3601  4065 D RILJ    : [0572]> VOICE_REGISTRATION_STATE [PHONE0]
02-29 14:24:20.172  3601  4065 D RILJ    : getVoiceRegistrationState: overrideHalVersion=null [PHONE0]
02-29 14:24:20.173  1283  3756 D RequestManager: [RequestManager.cpp: 278] [Loc_hal_worker(1283,3756)] writeToSocket: Wrote 4 bytes to the socket.
02-29 14:24:20.173  1283  3756 D RequestManager: [RequestManager.cpp: 268] [Loc_hal_worker(1283,3756)] writeToSocket: Buffer contents: 1C 00 00 00 
02-29 14:24:20.173  1283  3756 D RequestManager: [RequestManager.cpp: 278] [Loc_hal_worker(1283,3756)] writeToSocket: Wrote 4 bytes to the socket.
02-29 14:24:20.173  1283  3756 D RequestManager: [RequestManager.cpp: 268] [Loc_hal_worker(1283,3756)] writeToSocket: Buffer contents: D0 63 8F 81 70 00 00 B4 
02-29 14:24:20.173  1283  3756 D RequestManager: [RequestManager.cpp: 278] [Loc_hal_worker(1283,3756)] writeToSocket: Wrote 8 bytes to the socket.
02-29 14:24:20.173  1283  3756 D RequestManager: [RequestManager.cpp: 268] [Loc_hal_worker(1283,3756)] writeToSocket: Buffer contents: 00 00 00 B0 00 00 6F AD 00 00 00 08 33 46 30 30 37 46 46 46 00 00 00 00 00 00 00 00 00 00 00 00 FF FF FF FF FF FF FF FF 00 00 00 20 61 30 30 30 30 30 30 30 38 37 31 30 30 32 66 66 38 36 66 66 66 66 38 39 66 66 66 66 66 66 66 66 
02-29 14:24:20.173  1765  2483 I qcrilNrd: Buffer size: 88
02-29 14:24:20.174  1765  2483 I qcrilNrd: Buffer contents: 1C 00 00 00 D0 63 8F 81 70 00 00 B4 00 00 00 B0 00 00 6F AD 00 00 00 08 33 46 30 30 37 46 46 46 00 00 00 00 00 00 00 00 00 00 00 00 FF FF FF FF FF FF FF FF 00 00 00 20 61 30 30 30 30 30 30 30 38 37 31 30 30 32 66 66 38 36 66 66 66 66 38 39 66 66 66 66 66 66 66 66 
02-29 14:24:20.174  3601  3658 D RILJ    : [0565]< DATA_REGISTRATION_STATE android.hardware.radio.network.RegStateResult{regState: NOT_REG_MT_SEARCHING_OP, rat: UNKNOWN, reasonForDenial: NONE, cellIdentity: android.hardware.radio.network.CellIdentity.noinit(false), registeredPlmn: , accessTechnologySpecificInfo: android.hardware.radio.network.AccessTechnologySpecificInfo.noinit(false)} [PHONE1]
02-29 14:24:20.174  1283  3756 D RequestManager: [RequestManager.cpp: 278] [Loc_hal_worker(1283,3756)] writeToSocket: Wrote 76 bytes to the socket.
02-29 14:24:20.174  1283  3756 D RequestManager: [RequestManager.cpp: 139] [Loc_hal_worker(1283,3756)] listenForRequests: Processing request with ID 22.
02-29 14:24:20.174  1283  3756 D RequestManager: [RequestManager.cpp: 167] [Loc_hal_worker(1283,3756)] listenForRequests: Sending request to the server.
02-29 14:24:20.174  1283  3756 D RequestManager: [RequestManager.cpp: 222] [Loc_hal_worker(1283,3756)] sendRequestToServer: Sending buffer of size 12
02-29 14:24:20.174  1283  3756 D RequestManager: [RequestManager.cpp: 268] [Loc_hal_worker(1283,3756)] writeToSocket: Buffer contents: 00 00 00 0C 
02-29 14:24:20.174  3601  4065 D CellularNetworkService: No access tech specific info passes for RegStateResult
02-29 14:24:20.174  1283  3756 D RequestManager: [RequestManager.cpp: 278] [Loc_hal_worker(1283,3756)] writeToSocket: Wrote 4 bytes to the socket.
02-29 14:24:20.174  1283  3756 D RequestManager: [RequestManager.cpp: 268] [Loc_hal_worker(1283,3756)] writeToSocket: Buffer contents: 16 00 00 00 
02-29 14:24:20.174  3601  4795 D NRM-I-1 : onRequestNetworkRegistrationInfoComplete result: 0, info: NetworkRegistrationInfo{ domain=PS transportType=WLAN registrationState=NOT_REG_OR_SEARCHING mInitialRegistrationState=NOT_REG_OR_SEARCHING roamingType=NOT_ROAMING accessNetworkTechnology=UNKNOWN rejectCause=0 emergencyEnabled=false availableServices=[] cellIdentity=null voiceSpecificInfo=null dataSpecificInfo=null nrState=**** rRplmn= isUsingCarrierAggregation=false}
02-29 14:24:20.174  3601  4065 D NRM-C-1 : onRequestNetworkRegistrationInfoComplete result: 0, info: NetworkRegistrationInfo{ domain=PS transportType=WWAN registrationState=NOT_REG_SEARCHING mInitialRegistrationState=NOT_REG_SEARCHING roamingType=NOT_ROAMING accessNetworkTechnology=UNKNOWN rejectCause=0 emergencyEnabled=false availableServices=[] cellIdentity=null voiceSpecificInfo=null dataSpecificInfo=android.telephony.DataSpecificRegistrationInfo :{ maxDataCalls = 16 isDcNrRestricted = false isNrAvailable = false isEnDcAvailable = false null } nrState=**** rRplmn= isUsingCarrierAggregation=false}
02-29 14:24:20.174  1283  3756 D RequestManager: [RequestManager.cpp: 278] [Loc_hal_worker(1283,3756)] writeToSocket: Wrote 4 bytes to the socket.
02-29 14:24:20.174  3601  4072 D RILJ    : [0558]< OPERATOR {CMCC, CMCC, 46000} [PHONE0]
02-29 14:24:20.174  1283  3756 D RequestManager: [RequestManager.cpp: 268] [Loc_hal_worker(1283,3756)] writeToSocket: Buffer contents: 50 70 8F 81 70 00 00 B4 
02-29 14:24:20.174  1765  2483 I qcrilNrd: Buffer size: 12
02-29 14:24:20.174  1765  2483 I qcrilNrd: Buffer contents: 16 00 00 00 50 70 8F 81 70 00 00 B4 
02-29 14:24:20.174  1765  7284 I qcrilNrd: RIL Response bytes written:4
02-29 14:24:20.174  1765  7284 I qcrilNrd: RIL Response bytes written:35
02-29 14:24:20.174  3601  4072 D RILJ    : [0560]< QUERY_NETWORK_SELECTION_MODE {0} [PHONE0]
02-29 14:24:20.174  3601  3601 D SST     : [1] handleMessage: received event 6
02-29 14:24:20.174  1283  3757 D RequestManager: [RequestManager.cpp: 341] [Loc_hal_worker(1283,3757)] listenForResponses: record_stream_get_next: recordLen: 35, ret: 0, errno: 0, errStr: Success, socket fd: 36
02-29 14:24:20.174  1283  3757 D RequestManager: [RequestManager.cpp: 358] [Loc_hal_worker(1283,3757)] listenForResponses: Got a response parcel
02-29 14:24:20.174  3601  3658 D RILJ    : [0566]< VOICE_REGISTRATION_STATE android.hardware.radio.network.RegStateResult{regState: NOT_REG_MT_SEARCHING_OP, rat: UNKNOWN, reasonForDenial: NONE, cellIdentity: android.hardware.radio.network.CellIdentity.noinit(false), registeredPlmn: , accessTechnologySpecificInfo: android.hardware.radio.network.AccessTechnologySpecificInfo.noinit(false)} [PHONE1]
02-29 14:24:20.174  3601  3601 D SST     : [1] QTISST: handlePollStateResultMessage processing 6
02-29 14:24:20.174  3601  4072 D RILJ    : [0550]< SET_UNSOLICITED_RESPONSE_FILTER  [PHONE0]
02-29 14:24:20.174  1283  3756 D RequestManager: [RequestManager.cpp: 278] [Loc_hal_worker(1283,3756)] writeToSocket: Wrote 8 bytes to the socket.
02-29 14:24:20.174  1283  3756 D RequestManager: [RequestManager.cpp: 268] [Loc_hal_worker(1283,3756)] writeToSocket: Buffer contents: 
02-29 14:24:20.174  1283  3756 D RequestManager: [RequestManager.cpp: 139] [Loc_hal_worker(1283,3756)] listenForRequests: Processing request with ID 109.
02-29 14:24:20.174  3601  3601 D SST     : [1] handlePollStateResultMessage: PS IWLAN. NetworkRegistrationInfo{ domain=PS transportType=WLAN registrationState=NOT_REG_OR_SEARCHING mInitialRegistrationState=NOT_REG_OR_SEARCHING roamingType=NOT_ROAMING accessNetworkTechnology=UNKNOWN rejectCause=0 emergencyEnabled=false availableServices=[] cellIdentity=null voiceSpecificInfo=null dataSpecificInfo=null nrState=**** rRplmn= isUsingCarrierAggregation=false}
02-29 14:24:20.174  1283  3756 D RequestManager: [RequestManager.cpp: 167] [Loc_hal_worker(1283,3756)] listenForRequests: Sending request to the server.
02-29 14:24:20.174  3601  3601 D SST     : [1] handleMessage: received event 5
02-29 14:24:20.174  1283  3756 D RequestManager: [RequestManager.cpp: 222] [Loc_hal_worker(1283,3756)] sendRequestToServer: Sending buffer of size 12
02-29 14:24:20.174  3601  3601 D SST     : [1] QTISST: handlePollStateResultMessage processing 5
02-29 14:24:20.174  1283  3756 D RequestManager: [RequestManager.cpp: 268] [Loc_hal_worker(1283,3756)] writeToSocket: Buffer contents: 00 00 00 0C 
02-29 14:24:20.174  3601  3601 D SST     : [1] handlePollStateResultMessage: PS cellular. NetworkRegistrationInfo{ domain=PS transportType=WWAN registrationState=NOT_REG_SEARCHING mInitialRegistrationState=NOT_REG_SEARCHING roamingType=NOT_ROAMING accessNetworkTechnology=UNKNOWN rejectCause=0 emergencyEnabled=false availableServices=[] cellIdentity=null voiceSpecificInfo=null dataSpecificInfo=android.telephony.DataSpecificRegistrationInfo :{ maxDataCalls = 16 isDcNrRestricted = false isNrAvailable = false isEnDcAvailable = false null } nrState=**** rRplmn= isUsingCarrierAggregation=false}
02-29 14:24:20.174  3601  3601 D SST     : [0] handleMessage: received event 7
02-29 14:24:20.175  3601  3601 D SST     : [0] handleMessage: received event 14
02-29 14:24:20.175  3601  3601 D SST     : [0] EVENT_POLL_STATE_NETWORK_SELECTION_MODE
02-29 14:24:20.175  1283  3756 D RequestManager: [RequestManager.cpp: 278] [Loc_hal_worker(1283,3756)] writeToSocket: Wrote 4 bytes to the socket.
02-29 14:24:20.175  1283  3756 D RequestManager: [RequestManager.cpp: 268] [Loc_hal_worker(1283,3756)] writeToSocket: Buffer contents: 6D 00 00 00 
02-29 14:24:20.175  1283  3756 D RequestManager: [RequestManager.cpp: 278] [Loc_hal_worker(1283,3756)] writeToSocket: Wrote 4 bytes to the socket.
02-29 14:24:20.175  1283  3756 D RequestManager: [RequestManager.cpp: 268] [Loc_hal_worker(1283,3756)] writeToSocket: Buffer contents: 50 7B 8F 81 70 00 00 B4 
02-29 14:24:20.175  1765  2483 I qcrilNrd: Buffer size: 12
02-29 14:24:20.175  1765  2483 I qcrilNrd: Buffer contents: 6D 00 00 00 50 7B 8F 81 70 00 00 B4 
02-29 14:24:20.175  1765  7067 I qcrilNrd: RIL Response bytes written:4
02-29 14:24:20.175  1765  7067 I qcrilNrd: RIL Response bytes written:28
02-29 14:24:20.175  1283  3757 D RequestManager: [RequestManager.cpp: 341] [Loc_hal_worker(1283,3757)] listenForResponses: record_stream_get_next: recordLen: 28, ret: 0, errno: 0, errStr: Success, socket fd: 36
02-29 14:24:20.175  1283  3757 D RequestManager: [RequestManager.cpp: 358] [Loc_hal_worker(1283,3757)] listenForResponses: Got a response parcel
02-29 14:24:20.175  1283  3756 D RequestManager: [RequestManager.cpp: 278] [Loc_hal_worker(1283,3756)] writeToSocket: Wrote 8 bytes to the socket.
02-29 14:24:20.175  1283  3756 D RequestManager: [RequestManager.cpp: 268] [Loc_hal_worker(1283,3756)] writeToSocket: Buffer contents: 
02-29 14:24:20.175  3601  4065 D CellularNetworkService: No access tech specific info passes for RegStateResult
02-29 14:24:20.176  3601  4065 D NRM-C-1 : onRequestNetworkRegistrationInfoComplete result: 0, info: NetworkRegistrationInfo{ domain=CS transportType=WWAN registrationState=NOT_REG_SEARCHING mInitialRegistrationState=NOT_REG_SEARCHING roamingType=NOT_ROAMING accessNetworkTechnology=UNKNOWN rejectCause=0 emergencyEnabled=false availableServices=[] cellIdentity=null voiceSpecificInfo=VoiceSpecificRegistrationInfo { mCssSupported=false mRoamingIndicator=0 mSystemIsInPrl=0 mDefaultRoamingIndicator=0} dataSpecificInfo=null nrState=**** rRplmn= isUsingCarrierAggregation=false}
02-29 14:24:20.176  3601  3601 D SST     : [1] handleMessage: received event 4
02-29 14:24:20.176  3601  3601 D SST     : [1] QTISST: handlePollStateResultMessage processing 4
02-29 14:24:20.176  3601  3601 D SST     : [1] Could not set ServiceState channel number. CellIdentity null
02-29 14:24:20.176  3601  4065 D NRM-C-0 : onRequestNetworkRegistrationInfoComplete result: 0, info: NetworkRegistrationInfo{ domain=PS transportType=WWAN registrationState=HOME mInitialRegistrationState=HOME roamingType=NOT_ROAMING accessNetworkTechnology=NR rejectCause=0 emergencyEnabled=false availableServices=[DATA] cellIdentity=CellIdentityNr:{ mPci = 23 mTac = 1048617 mNrArfcn = 504990 mBands = [41] mMcc = 460 mMnc = 00 mNci = 43218477057 mAlphaLong = CMCC mAlphaShort = CMCC mAdditionalPlmns = {} mSnpnInfo = null mCagInfo = null } voiceSpecificInfo=null dataSpecificInfo=android.telephony.DataSpecificRegistrationInfo :{ maxDataCalls = 16 isDcNrRestricted = false isNrAvailable = false isEnDcAvailable = false NrVopsSupportInfo :  mVopsSupport = 1 mEmcSupport = 0 mEmfSupport = 0 } nrState=**** rRplmn=46000 isUsingCarrierAggregation=false}
02-29 14:24:20.176  3601  3601 D SST     : [1] handlePollStateResultMessage: CS cellular. NetworkRegistrationInfo{ domain=CS transportType=WWAN registrationState=NOT_REG_SEARCHING mInitialRegistrationState=NOT_REG_SEARCHING roamingType=NOT_ROAMING accessNetworkTechnology=UNKNOWN rejectCause=0 emergencyEnabled=false availableServices=[] cellIdentity=null voiceSpecificInfo=VoiceSpecificRegistrationInfo { mCssSupported=false mRoamingIndicator=0 mSystemIsInPrl=0 mDefaultRoamingIndicator=0} dataSpecificInfo=null nrState=**** rRplmn= isUsingCarrierAggregation=false}
02-29 14:24:20.176  3601  4072 D RILJ    : [0559]< DATA_REGISTRATION_STATE android.hardware.radio.network.RegStateResult{regState: REG_HOME, rat: NR, reasonForDenial: NONE, cellIdentity: android.hardware.radio.network.CellIdentity.nr(android.hardware.radio.network.CellIdentityNr{mcc: 460, mnc: 00, nci: 43218477057, pci: 23, tac: 1048617, nrarfcn: 504990, operatorNames: android.hardware.radio.network.OperatorInfo{alphaLong: CMCC, alphaShort: CMCC, operatorNumeric: 46000, status: 2}, additionalPlmns: [], bands: [BAND_41]}), registeredPlmn: 46000, accessTechnologySpecificInfo: android.hardware.radio.network.AccessTechnologySpecificInfo.ngranNrVopsInfo(android.hardware.radio.network.NrVopsInfo{vopsSupported: 1, emcSupported: 0, emfSupported: 0})} [PHONE0]
02-29 14:24:20.176  3601  3601 D SST     : [1] combinePsRegistrationStates: {mVoiceRegState=1(OUT_OF_SERVICE), mDataRegState=1(OUT_OF_SERVICE), mChannelNumber=-1, duplexMode()=0, mCellBandwidths=[], mOperatorAlphaLong=, mOperatorAlphaShort=, isManualNetworkSelection=false(automatic), getRilVoiceRadioTechnology=0(Unknown), getRilDataRadioTechnology=0(Unknown), mCssIndicator=unsupported, mNetworkId=-1, mSystemId=-1, mCdmaRoamingIndicator=-1, mCdmaDefaultRoamingIndicator=-1, mIsEmergencyOnly=false, isUsingCarrierAggregation=false, mArfcnRsrpBoost=0, mNetworkRegistrationInfos=[NetworkRegistrationInfo{ domain=PS transportType=WLAN registrationState=NOT_REG_OR_SEARCHING mInitialRegistrationState=NOT_REG_OR_SEARCHING roamingType=NOT_ROAMING accessNetworkTechnology=UNKNOWN rejectCause=0 emergencyEnabled=false availableServices=[] cellIdentity=null voiceSpecificInfo=null dataSpecificInfo=null nrState=**** rRplmn= isUsingCarrierAggregation=false}, NetworkRegistrationInfo{ domain=PS transportType=WWAN registrationState=NOT_REG_SEARCHING mInitialRegistrationState=NOT_REG_SEARCHING roamingType=NOT_ROAMING accessNetworkTechnology=UNKNOWN rejectCause=0 emergencyEnabled=false availableServices=[] cellIdentity=null voiceSpecificInfo=null dataSpecificInfo=android.telephony.DataSpecificRegistrationInfo :{ maxDataCalls = 16 isDcNrRestricted = false isNrAvailable = false isEnDcAvailable = false null } nrState=**** rRplmn= isUsingCarrierAggregation=false}, NetworkRegistrationInfo{ domain=CS transportType=WWAN registrationState=NOT_REG_SEARCHING mInitialRegistrationState=NOT_REG_SEARCHING roamingType=NOT_ROAMING accessNetworkTechnology=UNKNOWN rejectCause=0 emergencyEnabled=false availableServices=[] cellIdentity=null voiceSpecificInfo=VoiceSpecificRegistrationInfo { mCssSupported=false mRoamingIndicator=0 mSystemIsInPrl=0 mDefaultRoamingIndicator=0} dataSpecificInfo=null nrState=**** rRplmn= isUsingCarrierAggregation=false}], mNrFrequencyRange=0, mOperatorAlphaLongRaw=, mOperatorAlphaShortRaw=, mIsDataRoamingFromRegistration=false, mIsIwlanPreferred=false}
02-29 14:24:20.176  3601  4072 D RILJ    : [0563]< VOICE_REGISTRATION_STATE android.hardware.radio.network.RegStateResult{regState: REG_HOME, rat: NR, reasonForDenial: NONE, cellIdentity: android.hardware.radio.network.CellIdentity.nr(android.hardware.radio.network.CellIdentityNr{mcc: 460, mnc: 00, nci: 43218477057, pci: 23, tac: 1048617, nrarfcn: 504990, operatorNames: android.hardware.radio.network.OperatorInfo{alphaLong: CMCC, alphaShort: CMCC, operatorNumeric: 46000, status: 2}, additionalPlmns: [], bands: [BAND_41]}), registeredPlmn: 46000, accessTechnologySpecificInfo: android.hardware.radio.network.AccessTechnologySpecificInfo.noinit(false)} [PHONE0]
02-29 14:24:20.176  1765  7285 I qcrilNrd: RIL Response bytes written:4
02-29 14:24:20.176  1765  7285 I qcrilNrd: RIL Response bytes written:44
02-29 14:24:20.176  3601  4072 D RILJ    : [0569]< OPERATOR {CMCC, CMCC, 46000} [PHONE0]
02-29 14:24:20.176  1283  3757 D RequestManager: [RequestManager.cpp: 341] [Loc_hal_worker(1283,3757)] listenForResponses: record_stream_get_next: recordLen: 44, ret: 0, errno: 0, errStr: Success, socket fd: 36
02-29 14:24:20.176  1283  3757 D RequestManager: [RequestManager.cpp: 358] [Loc_hal_worker(1283,3757)] listenForResponses: Got a response parcel
02-29 14:24:20.176  3601  4065 D CellularNetworkService: No access tech specific info passes for RegStateResult
02-29 14:24:20.176  3601  4065 D NRM-C-0 : onRequestNetworkRegistrationInfoComplete result: 0, info: NetworkRegistrationInfo{ domain=CS transportType=WWAN registrationState=HOME mInitialRegistrationState=HOME roamingType=NOT_ROAMING accessNetworkTechnology=NR rejectCause=0 emergencyEnabled=false availableServices=[VOICE,SMS,VIDEO] cellIdentity=CellIdentityNr:{ mPci = 23 mTac = 1048617 mNrArfcn = 504990 mBands = [41] mMcc = 460 mMnc = 00 mNci = 43218477057 mAlphaLong = CMCC mAlphaShort = CMCC mAdditionalPlmns = {} mSnpnInfo = null mCagInfo = null } voiceSpecificInfo=VoiceSpecificRegistrationInfo { mCssSupported=false mRoamingIndicator=0 mSystemIsInPrl=0 mDefaultRoamingIndicator=0} dataSpecificInfo=null nrState=**** rRplmn=46000 isUsingCarrierAggregation=false}
02-29 14:24:20.176  3601  4072 D RILJ    : [0570]< QUERY_NETWORK_SELECTION_MODE {0} [PHONE0]
02-29 14:24:20.176  3601  4795 D RILJ    : [0571]< DATA_REGISTRATION_STATE android.hardware.radio.network.RegStateResult{regState: REG_HOME, rat: NR, reasonForDenial: NONE, cellIdentity: android.hardware.radio.network.CellIdentity.nr(android.hardware.radio.network.CellIdentityNr{mcc: 460, mnc: 00, nci: 43218477057, pci: 23, tac: 1048617, nrarfcn: 504990, operatorNames: android.hardware.radio.network.OperatorInfo{alphaLong: CMCC, alphaShort: CMCC, operatorNumeric: 46000, status: 2}, additionalPlmns: [], bands: [BAND_41]}), registeredPlmn: 46000, accessTechnologySpecificInfo: android.hardware.radio.network.AccessTechnologySpecificInfo.ngranNrVopsInfo(android.hardware.radio.network.NrVopsInfo{vopsSupported: 1, emcSupported: 0, emfSupported: 0})} [PHONE0]
02-29 14:24:20.177  3601  4065 D NRM-C-0 : onRequestNetworkRegistrationInfoComplete result: 0, info: NetworkRegistrationInfo{ domain=PS transportType=WWAN registrationState=HOME mInitialRegistrationState=HOME roamingType=NOT_ROAMING accessNetworkTechnology=NR rejectCause=0 emergencyEnabled=false availableServices=[DATA] cellIdentity=CellIdentityNr:{ mPci = 23 mTac = 1048617 mNrArfcn = 504990 mBands = [41] mMcc = 460 mMnc = 00 mNci = 43218477057 mAlphaLong = CMCC mAlphaShort = CMCC mAdditionalPlmns = {} mSnpnInfo = null mCagInfo = null } voiceSpecificInfo=null dataSpecificInfo=android.telephony.DataSpecificRegistrationInfo :{ maxDataCalls = 16 isDcNrRestricted = false isNrAvailable = false isEnDcAvailable = false NrVopsSupportInfo :  mVopsSupport = 1 mEmcSupport = 0 mEmfSupport = 0 } nrState=**** rRplmn=46000 isUsingCarrierAggregation=false}
02-29 14:24:20.177  3601  3601 D SST     : [1] Could not set ServiceState channel number. CellIdentity null
02-29 14:24:20.177  1765  2771 I qcrilNrd: RIL Response bytes written:4
02-29 14:24:20.177  1765  2771 I qcrilNrd: RIL Response bytes written:28
02-29 14:24:20.178  1283  3757 D RequestManager: [RequestManager.cpp: 341] [Loc_hal_worker(1283,3757)] listenForResponses: record_stream_get_next: recordLen: 28, ret: 0, errno: 0, errStr: Success, socket fd: 36
02-29 14:24:20.178  1765  7284 I qcrilNrd: RIL Response bytes written:4
02-29 14:24:20.178  1765  7284 I qcrilNrd: RIL Response bytes written:16
02-29 14:24:20.178  1283  3757 D RequestManager: [RequestManager.cpp: 358] [Loc_hal_worker(1283,3757)] listenForResponses: Got a response parcel
02-29 14:24:20.178  1283  3757 D RequestManager: [RequestManager.cpp: 483] [Loc_hal_worker(1283,3757)] issueRequest: Pushing a request to the queue.
02-29 14:24:20.178  1283  3757 D RequestManager: [RequestManager.cpp: 495] [Loc_hal_worker(1283,3757)] issueRequest: Pushed a request to the queue.
02-29 14:24:20.178  1283  3757 D RequestManager: [RequestManager.cpp: 341] [Loc_hal_worker(1283,3757)] listenForResponses: record_stream_get_next: recordLen: 16, ret: 0, errno: 0, errStr: Success, socket fd: 36
02-29 14:24:20.178  3601  3601 D SST     : [1] Poll ServiceState done:  oldSS=[{mVoiceRegState=1(OUT_OF_SERVICE), mDataRegState=1(OUT_OF_SERVICE), mChannelNumber=-1, duplexMode()=0, mCellBandwidths=[], mOperatorAlphaLong=, mOperatorAlphaShort=, isManualNetworkSelection=false(automatic), getRilVoiceRadioTechnology=0(Unknown), getRilDataRadioTechnology=0(Unknown), mCssIndicator=unsupported, mNetworkId=-1, mSystemId=-1, mCdmaRoamingIndicator=-1, mCdmaDefaultRoamingIndicator=-1, mIsEmergencyOnly=false, isUsingCarrierAggregation=false, mArfcnRsrpBoost=0, mNetworkRegistrationInfos=[NetworkRegistrationInfo{ domain=PS transportType=WLAN registrationState=NOT_REG_OR_SEARCHING mInitialRegistrationState=NOT_REG_OR_SEARCHING roamingType=NOT_ROAMING accessNetworkTechnology=UNKNOWN rejectCause=0 emergencyEnabled=false availableServices=[] cellIdentity=null voiceSpecificInfo=null dataSpecificInfo=null nrState=**** rRplmn= isUsingCarrierAggregation=false}, NetworkRegistrationInfo{ domain=CS transportType=WWAN registrationState=NOT_REG_SEARCHING mInitialRegistrationState=NOT_REG_SEARCHING roamingType=NOT_ROAMING accessNetworkTechnology=UNKNOWN rejectCause=0 emergencyEnabled=false availableServices=[] cellIdentity=null voiceSpecificInfo=VoiceSpecificRegistrationInfo { mCssSupported=false mRoamingIndicator=0 mSystemIsInPrl=0 mDefaultRoamingIndicator=0} dataSpecificInfo=null nrState=**** rRplmn= isUsingCarrierAggregation=false}, NetworkRegistrationInfo{ domain=PS transportType=WWAN registrationState=NOT_REG_SEARCHING mInitialRegistrationState=NOT_REG_SEARCHING roamingType=NOT_ROAMING accessNetworkTechnology=UNKNOWN rejectCause=0 emergencyEnabled=false availableServices=[] cellIdentity=null voiceSpecificInfo=null dataSpecificInfo=android.telephony.DataSpecificRegistrationInfo :{ maxDataCalls = 16 isDcNrRestricted = false isNrAvailable = false isEnDcAvailable = false null } nrState=**** rRplmn= isUsingCarrierAggregation=false}], mNrFrequencyRange=0, mOperatorAlphaLongRaw=, mOperatorAlphaShortRaw=, mIsDataRoamingFromRegistration=false, mIsIwlanPreferred=false}] newSS=[{mVoiceRegState=1(OUT_OF_SERVICE), mDataRegState=1(OUT_OF_SERVICE), mChannelNumber=-1, duplexMode()=0, mCellBandwidths=[], mOperatorAlphaLong=, mOperatorAlphaShort=, isManualNetworkSelection=false(automatic), getRilVoiceRadioTechnology=0(Unknown), getRilDataRadioTechnology=0(Unknown), mCssIndicator=unsupported, mNetworkId=-1, mSystemId=-1, mCdmaRoamingIndicator=-1, mCdmaDefaultRoamingIndicator=-1, mIsEmergencyOnly=false, isUsingCarrierAggregation=false, mArfcnRsrpBoost=0, mNetworkRegistrationInfos=[NetworkRegistrationInfo{ domain=PS transportType=WLAN registrationState=NOT_REG_OR_SEARCHING mInitialRegistrationState=NOT_REG_OR_SEARCHING roamingType=NOT_ROAMING accessNetworkTechnology=UNKNOWN rejectCause=0 emergencyEnabled=false availableServices=[] cellIdentity=null voiceSpecificInfo=null dataSpecificInfo=null nrState=**** rRplmn= isUsingCarrierAggregation=false}, NetworkRegistrationInfo{ domain=CS transportType=WWAN registrationState=NOT_REG_SEARCHING mInitialRegistrationState=NOT_REG_SEARCHING roamingType=NOT_ROAMING accessNetworkTechnology=UNKNOWN rejectCause=0 emergencyEnabled=false availableServices=[] cellIdentity=null voiceSpecificInfo=VoiceSpecificRegistrationInfo { mCssSupported=false mRoamingIndicator=0 mSystemIsInPrl=0 mDefaultRoamingIndicator=0} dataSpecificInfo=null nrState=**** rRplmn= isUsingCarrierAggregation=false}, NetworkRegistrationInfo{ domain=PS transportType=WWAN registrationState=NOT_REG_SEARCHING mInitialRegistrationState=NOT_REG_SEARCHING roamingType=NOT_ROAMING accessNetworkTechnology=UNKNOWN rejectCause=0 emergencyEnabled=false availableServices=[] cellIdentity=null voiceSpecificInfo=null dataSpecificInfo=android.telephony.DataSpecificRegistrationInfo :{ maxDataCalls = 16 isDcNrRestricted = false isNrAvailable = false isEnDcAvailable = false null } nrState=**** rRplmn= isUsingCarrierAggregation=false}], mNrFrequencyRange=0, mOperatorAlphaLongRaw=, mOperatorAlphaShortRaw=, mIsDataRoamingFromRegistration=false, mIsIwlanPreferred=false}] oldMaxDataCalls=16 mNewMaxD
02-29 14:24:20.178  1283  3757 D RequestManager: [RequestManager.cpp: 358] [Loc_hal_worker(1283,3757)] listenForResponses: Got a response parcel
02-29 14:24:20.178  3601  3658 D RILJ    : [0572]< VOICE_REGISTRATION_STATE android.hardware.radio.network.RegStateResult{regState: REG_HOME, rat: NR, reasonForDenial: NONE, cellIdentity: android.hardware.radio.network.CellIdentity.nr(android.hardware.radio.network.CellIdentityNr{mcc: 460, mnc: 00, nci: 43218477057, pci: 23, tac: 1048617, nrarfcn: 504990, operatorNames: android.hardware.radio.network.OperatorInfo{alphaLong: CMCC, alphaShort: CMCC, operatorNumeric: 46000, status: 2}, additionalPlmns: [], bands: [BAND_41]}), registeredPlmn: 46000, accessTechnologySpecificInfo: android.hardware.radio.network.AccessTechnologySpecificInfo.noinit(false)} [PHONE0]
02-29 14:24:20.178  3601  4065 D CellularNetworkService: No access tech specific info passes for RegStateResult
02-29 14:24:20.178  3601  4795 D NRM-I-0 : onRequestNetworkRegistrationInfoComplete result: 0, info: NetworkRegistrationInfo{ domain=PS transportType=WLAN registrationState=NOT_REG_OR_SEARCHING mInitialRegistrationState=NOT_REG_OR_SEARCHING roamingType=NOT_ROAMING accessNetworkTechnology=UNKNOWN rejectCause=0 emergencyEnabled=false availableServices=[] cellIdentity=null voiceSpecificInfo=null dataSpecificInfo=null nrState=**** rRplmn= isUsingCarrierAggregation=false}
02-29 14:24:20.178  3601  4072 D NRM-I-0 : onRequestNetworkRegistrationInfoComplete result: 0, info: NetworkRegistrationInfo{ domain=PS transportType=WLAN registrationState=NOT_REG_OR_SEARCHING mInitialRegistrationState=NOT_REG_OR_SEARCHING roamingType=NOT_ROAMING accessNetworkTechnology=UNKNOWN rejectCause=0 emergencyEnabled=false availableServices=[] cellIdentity=null voiceSpecificInfo=null dataSpecificInfo=null nrState=**** rRplmn= isUsingCarrierAggregation=false}
02-29 14:24:20.178  3601  4065 D NRM-C-0 : onRequestNetworkRegistrationInfoComplete result: 0, info: NetworkRegistrationInfo{ domain=CS transportType=WWAN registrationState=HOME mInitialRegistrationState=HOME roamingType=NOT_ROAMING accessNetworkTechnology=NR rejectCause=0 emergencyEnabled=false availableServices=[VOICE,SMS,VIDEO] cellIdentity=CellIdentityNr:{ mPci = 23 mTac = 1048617 mNrArfcn = 504990 mBands = [41] mMcc = 460 mMnc = 00 mNci = 43218477057 mAlphaLong = CMCC mAlphaShort = CMCC mAdditionalPlmns = {} mSnpnInfo = null mCagInfo = null } voiceSpecificInfo=VoiceSpecificRegistrationInfo { mCssSupported=false mRoamingIndicator=0 mSystemIsInPrl=0 mDefaultRoamingIndicator=0} dataSpecificInfo=null nrState=**** rRplmn=46000 isUsingCarrierAggregation=false}
02-29 14:24:20.178  1283  3756 D RequestManager: [RequestManager.cpp: 135] [Loc_hal_worker(1283,3756)] listenForRequests: Got one or more requests.
02-29 14:24:20.178  1283  1397 D RequestManager: [RequestManager.cpp: 483] [Loc_hal_worker(1283,1397)] issueRequest: Pushing a request to the queue.
02-29 14:24:20.178  1283  3756 D RequestManager: [RequestManager.cpp: 139] [Loc_hal_worker(1283,3756)] listenForRequests: Processing request with ID 11.
02-29 14:24:20.178  1283  3756 D RequestManager: [RequestManager.cpp: 167] [Loc_hal_worker(1283,3756)] listenForRequests: Sending request to the server.
02-29 14:24:20.178  1283  1397 D RequestManager: [RequestManager.cpp: 495] [Loc_hal_worker(1283,1397)] issueRequest: Pushed a request to the queue.
02-29 14:24:20.178  1283  3756 D RequestManager: [RequestManager.cpp: 222] [Loc_hal_worker(1283,3756)] sendRequestToServer: Sending buffer of size 52
02-29 14:24:20.178  1283  1397 D RequestManager: [RequestManager.cpp: 483] [Loc_hal_worker(1283,1397)] issueRequest: Pushing a request to the queue.
02-29 14:24:20.178  1283  3756 D RequestManager: [RequestManager.cpp: 268] [Loc_hal_worker(1283,3756)] writeToSocket: Buffer contents: 00 00 00 34 
02-29 14:24:20.178  1283  1397 D RequestManager: [RequestManager.cpp: 495] [Loc_hal_worker(1283,1397)] issueRequest: Pushed a request to the queue.
02-29 14:24:20.178  1283  1397 D RequestManager: [RequestManager.cpp: 483] [Loc_hal_worker(1283,1397)] issueRequest: Pushing a request to the queue.
02-29 14:24:20.178  1283  1397 D RequestManager: [RequestManager.cpp: 495] [Loc_hal_worker(1283,1397)] issueRequest: Pushed a request to the queue.
02-29 14:24:20.178  1283  1397 D RequestManager: [RequestManager.cpp: 483] [Loc_hal_worker(1283,1397)] issueRequest: Pushing a request to the queue.
02-29 14:24:20.178  1283  1397 D RequestManager: [RequestManager.cpp: 495] [Loc_hal_worker(1283,1397)] issueRequest: Pushed a request to the queue.
02-29 14:24:20.178  1283  1397 D RequestManager: [RequestManager.cpp: 483] [Loc_hal_worker(1283,1397)] issueRequest: Pushing a request to the queue.
02-29 14:24:20.178  1283  1397 D RequestManager: [RequestManager.cpp: 495] [Loc_hal_worker(1283,1397)] issueRequest: Pushed a request to the queue.
02-29 14:24:20.178  1283  1397 D RequestManager: [RequestManager.cpp: 483] [Loc_hal_worker(1283,1397)] issueRequest: Pushing a request to the queue.
02-29 14:24:20.178  1283  1397 D RequestManager: [RequestManager.cpp: 495] [Loc_hal_worker(1283,1397)] issueRequest: Pushed a request to the queue.
02-29 14:24:20.178  1283  3756 D RequestManager: [RequestManager.cpp: 278] [Loc_hal_worker(1283,3756)] writeToSocket: Wrote 4 bytes to the socket.
02-29 14:24:20.178  1283  3756 D RequestManager: [RequestManager.cpp: 268] [Loc_hal_worker(1283,3756)] writeToSocket: Buffer contents: 0B 00 00 00 
02-29 14:24:20.178  1283  3756 D RequestManager: [RequestManager.cpp: 278] [Loc_hal_worker(1283,3756)] writeToSocket: Wrote 4 bytes to the socket.
02-29 14:24:20.178  1283  3756 D RequestManager: [RequestManager.cpp: 268] [Loc_hal_worker(1283,3756)] writeToSocket: Buffer contents: D0 7B 8F 81 70 00 00 B4 
02-29 14:24:20.178  1283  3756 D RequestManager: [RequestManager.cpp: 278] [Loc_hal_worker(1283,3756)] writeToSocket: Wrote 8 bytes to the socket.
02-29 14:24:20.178  1283  3756 D RequestManager: [RequestManager.cpp: 268] [Loc_hal_worker(1283,3756)] writeToSocket: Buffer contents: 00 00 00 01 00 00 00 20 61 30 30 30 30 30 30 30 38 37 31 30 30 32 66 66 38 36 66 66 66 66 38 39 66 66 66 66 66 66 66 66 
02-29 14:24:20.178  1765  2483 I qcrilNrd: Buffer size: 52
02-29 14:24:20.178  1765  2483 I qcrilNrd: Buffer contents: 0B 00 00 00 D0 7B 8F 81 70 00 00 B4 00 00 00 01 00 00 00 20 61 30 30 30 30 30 30 30 38 37 31 30 30 32 66 66 38 36 66 66 66 66 38 39 66 66 66 66 66 66 66 66 
02-29 14:24:20.178  1283  3756 D RequestManager: [RequestManager.cpp: 278] [Loc_hal_worker(1283,3756)] writeToSocket: Wrote 40 bytes to the socket.
02-29 14:24:20.178  1283  3756 D RequestManager: [RequestManager.cpp: 135] [Loc_hal_worker(1283,3756)] listenForRequests: Got one or more requests.
02-29 14:24:20.178  1283  3756 D RequestManager: [RequestManager.cpp: 139] [Loc_hal_worker(1283,3756)] listenForRequests: Processing request with ID 108.
02-29 14:24:20.178  1283  3756 D RequestManager: [RequestManager.cpp: 167] [Loc_hal_worker(1283,3756)] listenForRequests: Sending request to the server.
02-29 14:24:20.178  1283  3756 D RequestManager: [RequestManager.cpp: 222] [Loc_hal_worker(1283,3756)] sendRequestToServer: Sending buffer of size 12
02-29 14:24:20.178  1283  3756 D RequestManager: [RequestManager.cpp: 268] [Loc_hal_worker(1283,3756)] writeToSocket: Buffer contents: 00 00 00 0C 
02-29 14:24:20.178  1283  3756 D RequestManager: [RequestManager.cpp: 278] [Loc_hal_worker(1283,3756)] writeToSocket: Wrote 4 bytes to the socket.
02-29 14:24:20.178  1283  3756 D RequestManager: [RequestManager.cpp: 268] [Loc_hal_worker(1283,3756)] writeToSocket: Buffer contents: 6C 00 00 00 
02-29 14:24:20.178  1283  3756 D RequestManager: [RequestManager.cpp: 278] [Loc_hal_worker(1283,3756)] writeToSocket: Wrote 4 bytes to the socket.
02-29 14:24:20.178  1283  3756 D RequestManager: [RequestManager.cpp: 268] [Loc_hal_worker(1283,3756)] writeToSocket: Buffer contents: 50 7B 8F 81 70 00 00 B4 
02-29 14:24:20.178  1283  3756 D RequestManager: [RequestManager.cpp: 278] [Loc_hal_worker(1283,3756)] writeToSocket: Wrote 8 bytes to the socket.
02-29 14:24:20.179  1283  3756 D RequestManager: [RequestManager.cpp: 268] [Loc_hal_worker(1283,3756)] writeToSocket: Buffer contents: 
02-29 14:24:20.179  1283  3756 D RequestManager: [RequestManager.cpp: 139] [Loc_hal_worker(1283,3756)] listenForRequests: Processing request with ID 20.
02-29 14:24:20.179  1283  3756 D RequestManager: [RequestManager.cpp: 167] [Loc_hal_worker(1283,3756)] listenForRequests: Sending request to the server.
02-29 14:24:20.179  1283  3756 D RequestManager: [RequestManager.cpp: 222] [Loc_hal_worker(1283,3756)] sendRequestToServer: Sending buffer of size 12
02-29 14:24:20.179  1283  3756 D RequestManager: [RequestManager.cpp: 268] [Loc_hal_worker(1283,3756)] writeToSocket: Buffer contents: 00 00 00 0C 
02-29 14:24:20.179  1283  3756 D RequestManager: [RequestManager.cpp: 278] [Loc_hal_worker(1283,3756)] writeToSocket: Wrote 4 bytes to the socket.
02-29 14:24:20.179  1283  3756 D RequestManager: [RequestManager.cpp: 268] [Loc_hal_worker(1283,3756)] writeToSocket: Buffer contents: 14 00 00 00 
02-29 14:24:20.179  1283  3756 D RequestManager: [RequestManager.cpp: 278] [Loc_hal_worker(1283,3756)] writeToSocket: Wrote 4 bytes to the socket.
02-29 14:24:20.179  1283  3756 D RequestManager: [RequestManager.cpp: 268] [Loc_hal_worker(1283,3756)] writeToSocket: Buffer contents: 50 70 8F 81 70 00 00 B4 
02-29 14:24:20.179  1283  3756 D RequestManager: [RequestManager.cpp: 278] [Loc_hal_worker(1283,3756)] writeToSocket: Wrote 8 bytes to the socket.
02-29 14:24:20.179  1283  3756 D RequestManager: [RequestManager.cpp: 268] [Loc_hal_worker(1283,3756)] writeToSocket: Buffer contents: 
02-29 14:24:20.179  1283  3756 D RequestManager: [RequestManager.cpp: 139] [Loc_hal_worker(1283,3756)] listenForRequests: Processing request with ID 21.
02-29 14:24:20.179  1283  3756 D RequestManager: [RequestManager.cpp: 167] [Loc_hal_worker(1283,3756)] listenForRequests: Sending request to the server.
02-29 14:24:20.179  1283  3756 D RequestManager: [RequestManager.cpp: 222] [Loc_hal_worker(1283,3756)] sendRequestToServer: Sending buffer of size 12
02-29 14:24:20.179  1283  3756 D RequestManager: [RequestManager.cpp: 268] [Loc_hal_worker(1283,3756)] writeToSocket: Buffer contents: 00 00 00 0C 
02-29 14:24:20.179  1283  3756 D RequestManager: [RequestManager.cpp: 278] [Loc_hal_worker(1283,3756)] writeToSocket: Wrote 4 bytes to the socket.
02-29 14:24:20.179  1283  3756 D RequestManager: [RequestManager.cpp: 268] [Loc_hal_worker(1283,3756)] writeToSocket: Buffer contents: 15 00 00 00 
02-29 14:24:20.179  1283  3756 D RequestManager: [RequestManager.cpp: 278] [Loc_hal_worker(1283,3756)] writeToSocket: Wrote 4 bytes to the socket.
02-29 14:24:20.179  1283  3756 D RequestManager: [RequestManager.cpp: 268] [Loc_hal_worker(1283,3756)] writeToSocket: Buffer contents: D0 63 8F 81 70 00 00 B4 
02-29 14:24:20.179  1283  3756 D RequestManager: [RequestManager.cpp: 278] [Loc_hal_worker(1283,3756)] writeToSocket: Wrote 8 bytes to the socket.
02-29 14:24:20.179  1283  3756 D RequestManager: [RequestManager.cpp: 268] [Loc_hal_worker(1283,3756)] writeToSocket: Buffer contents: 
02-29 14:24:20.179  1283  3756 D RequestManager: [RequestManager.cpp: 139] [Loc_hal_worker(1283,3756)] listenForRequests: Processing request with ID 28.
02-29 14:24:20.179  1283  3756 D RequestManager: [RequestManager.cpp: 167] [Loc_hal_worker(1283,3756)] listenForRequests: Sending request to the server.
02-29 14:24:20.179  1283  3756 D RequestManager: [RequestManager.cpp: 222] [Loc_hal_worker(1283,3756)] sendRequestToServer: Sending buffer of size 88
02-29 14:24:20.179  1283  3756 D RequestManager: [RequestManager.cpp: 268] [Loc_hal_worker(1283,3756)] writeToSocket: Buffer contents: 00 00 00 58 
02-29 14:24:20.179  1283  3756 D RequestManager: [RequestManager.cpp: 278] [Loc_hal_worker(1283,3756)] writeToSocket: Wrote 4 bytes to the socket.
02-29 14:24:20.179  1283  3756 D RequestManager: [RequestManager.cpp: 268] [Loc_hal_worker(1283,3756)] writeToSocket: Buffer contents: 1C 00 00 00 
02-29 14:24:20.179  1283  3756 D RequestManager: [RequestManager.cpp: 278] [Loc_hal_worker(1283,3756)] writeToSocket: Wrote 4 bytes to the socket.
02-29 14:24:20.179  1765  2483 I qcrilNrd: Buffer size: 12
02-29 14:24:20.179  1283  3756 D RequestManager: [RequestManager.cpp: 268] [Loc_hal_worker(1283,3756)] writeToSocket: Buffer contents: D0 6C 8F 81 70 00 00 B4 
02-29 14:24:20.179  1765  2483 I qcrilNrd: Buffer contents: 6C 00 00 00 50 7B 8F 81 70 00 00 B4 
02-29 14:24:20.179  1283  3756 D RequestManager: [RequestManager.cpp: 278] [Loc_hal_worker(1283,3756)] writeToSocket: Wrote 8 bytes to the socket.
02-29 14:24:20.179  1283  3756 D RequestManager: [RequestManager.cpp: 268] [Loc_hal_worker(1283,3756)] writeToSocket: Buffer contents: 00 00 00 B0 00 00 6F AD 00 00 00 08 33 46 30 30 37 46 46 46 00 00 00 00 00 00 00 00 00 00 00 00 FF FF FF FF FF FF FF FF 00 00 00 20 61 30 30 30 30 30 30 30 38 37 31 30 30 32 66 66 38 36 66 66 66 66 38 39 66 66 66 66 66 66 66 66 
02-29 14:24:20.179  1283  3756 D RequestManager: [RequestManager.cpp: 278] [Loc_hal_worker(1283,3756)] writeToSocket: Wrote 76 bytes to the socket.
02-29 14:24:20.179  1283  3756 D RequestManager: [RequestManager.cpp: 139] [Loc_hal_worker(1283,3756)] listenForRequests: Processing request with ID 22.
02-29 14:24:20.179  1283  3756 D RequestManager: [RequestManager.cpp: 167] [Loc_hal_worker(1283,3756)] listenForRequests: Sending request to the server.
02-29 14:24:20.179  1283  3756 D RequestManager: [RequestManager.cpp: 222] [Loc_hal_worker(1283,3756)] sendRequestToServer: Sending buffer of size 12
02-29 14:24:20.179  1283  3756 D RequestManager: [RequestManager.cpp: 268] [Loc_hal_worker(1283,3756)] writeToSocket: Buffer contents: 00 00 00 0C 
02-29 14:24:20.179  1283  3756 D RequestManager: [RequestManager.cpp: 278] [Loc_hal_worker(1283,3756)] writeToSocket: Wrote 4 bytes to the socket.
02-29 14:24:20.179  1283  3756 D RequestManager: [RequestManager.cpp: 268] [Loc_hal_worker(1283,3756)] writeToSocket: Buffer contents: 16 00 00 00 
02-29 14:24:20.179  1283  3756 D RequestManager: [RequestManager.cpp: 278] [Loc_hal_worker(1283,3756)] writeToSocket: Wrote 4 bytes to the socket.
02-29 14:24:20.179  1283  3756 D RequestManager: [RequestManager.cpp: 268] [Loc_hal_worker(1283,3756)] writeToSocket: Buffer contents: 90 79 8F 81 70 00 00 B4 
02-29 14:24:20.179  1283  3756 D RequestManager: [RequestManager.cpp: 278] [Loc_hal_worker(1283,3756)] writeToSocket: Wrote 8 bytes to the socket.
02-29 14:24:20.179  1283  3756 D RequestManager: [RequestManager.cpp: 268] [Loc_hal_worker(1283,3756)] writeToSocket: Buffer contents: 
02-29 14:24:20.179  1283  3756 D RequestManager: [RequestManager.cpp: 139] [Loc_hal_worker(1283,3756)] listenForRequests: Processing request with ID 109.
02-29 14:24:20.179  1283  3756 D RequestManager: [RequestManager.cpp: 167] [Loc_hal_worker(1283,3756)] listenForRequests: Sending request to the server.
02-29 14:24:20.179  1283  3756 D RequestManager: [RequestManager.cpp: 222] [Loc_hal_worker(1283,3756)] sendRequestToServer: Sending buffer of size 12
02-29 14:24:20.179  1765  2483 I qcrilNrd: Buffer size: 12
02-29 14:24:20.179  1283  3756 D RequestManager: [RequestManager.cpp: 268] [Loc_hal_worker(1283,3756)] writeToSocket: Buffer contents: 00 00 00 0C 
02-29 14:24:20.179  1765  2483 I qcrilNrd: Buffer contents: 14 00 00 00 50 70 8F 81 70 00 00 B4 
02-29 14:24:20.179  1283  3756 D RequestManager: [RequestManager.cpp: 278] [Loc_hal_worker(1283,3756)] writeToSocket: Wrote 4 bytes to the socket.
02-29 14:24:20.179  1765  2483 I qcrilNrd: Dispatching get voice registration state.
02-29 14:24:20.179  1283  3756 D RequestManager: [RequestManager.cpp: 268] [Loc_hal_worker(1283,3756)] writeToSocket: Buffer contents: 6D 00 00 00 
02-29 14:24:20.179  1283  3756 D RequestManager: [RequestManager.cpp: 278] [Loc_hal_worker(1283,3756)] writeToSocket: Wrote 4 bytes to the socket.
02-29 14:24:20.179  1283  3756 D RequestManager: [RequestManager.cpp: 268] [Loc_hal_worker(1283,3756)] writeToSocket: Buffer contents: 10 74 8F 81 70 00 00 B4 
02-29 14:24:20.179  1283  3756 D RequestManager: [RequestManager.cpp: 278] [Loc_hal_worker(1283,3756)] writeToSocket: Wrote 8 bytes to the socket.
02-29 14:24:20.179  1283  3756 D RequestManager: [RequestManager.cpp: 268] [Loc_hal_worker(1283,3756)] writeToSocket: Buffer contents: 
02-29 14:24:20.179  1765  2483 I qcrilNrd: Buffer size: 12
02-29 14:24:20.179  1765  2483 I qcrilNrd: Buffer contents: 15 00 00 00 D0 63 8F 81 70 00 00 B4 
02-29 14:24:20.179  3601  3601 D SST     : [1] pollStateDone: hasRegistered = false hasDeregistered = false hasDataAttached = {1=false, 2=false} hasDataDetached = {1=false, 2=false} hasDataRegStateChanged = {1=false, 2=false} hasRilVoiceRadioTechnologyChanged = false hasRilDataRadioTechnologyChanged = {1=false, 2=false} hasDataTransportPreferenceChanged = false hasChanged = false hasVoiceRoamingOn = false hasVoiceRoamingOff = false hasDataRoamingOn =false hasDataRoamingOff = false hasLocationChanged = false has4gHandoff = false hasMultiApnSupport = false hasLostMultiApnSupport = false hasCssIndicatorChanged = false hasNrFrequencyRangeChanged = false hasNrStateChanged = false hasBandwidthChanged = true hasAirplaneModeOnlChanged = false
02-29 14:24:20.179  1765  2483 I qcrilNrd: Buffer size: 88
02-29 14:24:20.179  1765  2483 I qcrilNrd: Buffer contents: 1C 00 00 00 D0 6C 8F 81 70 00 00 B4 00 00 00 B0 00 00 6F AD 00 00 00 08 33 46 30 30 37 46 46 46 00 00 00 00 00 00 00 00 00 00 00 00 FF FF FF FF FF FF FF FF 00 00 00 20 61 30 30 30 30 30 30 30 38 37 31 30 30 32 66 66 38 36 66 66 66 66 38 39 66 66 66 66 66 66 66 66 
02-29 14:24:20.179  1765  2483 I qcrilNrd: Buffer size: 12
02-29 14:24:20.179  1765  2483 I qcrilNrd: Buffer contents: 16 00 00 00 90 79 8F 81 70 00 00 B4 
02-29 14:24:20.179  1765  2483 I qcrilNrd: Buffer size: 12
02-29 14:24:20.179  1765  2483 I qcrilNrd: Buffer contents: 6D 00 00 00 10 74 8F 81 70 00 00 B4 
02-29 14:24:20.179  3601  3601 D SST     : [0] handleMessage: received event 5
02-29 14:24:20.179  3601  3601 D SST     : [0] handleMessage: received event 7
02-29 14:24:20.179  3601  3601 D SST     : [0] QTISST: handlePollStateResultMessage processing 7
02-29 14:24:20.179  1765  2771 I qcrilNrd: RIL Response bytes written:4
02-29 14:24:20.179  1765  2771 I qcrilNrd: RIL Response bytes written:20
02-29 14:24:20.179  1283  3757 D RequestManager: [RequestManager.cpp: 341] [Loc_hal_worker(1283,3757)] listenForResponses: record_stream_get_next: recordLen: 20, ret: 0, errno: 0, errStr: Success, socket fd: 36
02-29 14:24:20.179  1283  3757 D RequestManager: [RequestManager.cpp: 358] [Loc_hal_worker(1283,3757)] listenForResponses: Got a response parcel
02-29 14:24:20.179  1765  2781 I qcrilNrd: RIL Response bytes written:4
02-29 14:24:20.179  1765  2781 I qcrilNrd: RIL Response bytes written:20
02-29 14:24:20.179  1283  3757 D RequestManager: [RequestManager.cpp: 341] [Loc_hal_worker(1283,3757)] listenForResponses: record_stream_get_next: recordLen: 20, ret: 0, errno: 0, errStr: Success, socket fd: 36
02-29 14:24:20.179  1283  3757 D RequestManager: [RequestManager.cpp: 358] [Loc_hal_worker(1283,3757)] listenForResponses: Got a response parcel
02-29 14:24:20.179  3601  3601 D SST     : [0] handleMessage: received event 14
02-29 14:24:20.180  3601  3601 D SST     : [0] EVENT_POLL_STATE_NETWORK_SELECTION_MODE
02-29 14:24:20.180  3601  3601 D SST     : [0] QTISST: handlePollStateResultMessage processing 14
02-29 14:24:20.180  3601  3601 D SST     : [0] handleMessage: received event 4
02-29 14:24:20.180  3601  3601 D SST     : [0] handleMessage: received event 5
02-29 14:24:20.180  3601  3601 D SST     : [0] QTISST: handlePollStateResultMessage processing 5
02-29 14:24:20.180  1765  2771 I qcrilNrd: RIL Response bytes written:4
02-29 14:24:20.180  1765  2771 I qcrilNrd: RIL Response bytes written:28
02-29 14:24:20.180  3601  3601 D SST     : [0] handlePollStateResultMessage: PS cellular. NetworkRegistrationInfo{ domain=PS transportType=WWAN registrationState=HOME mInitialRegistrationState=HOME roamingType=NOT_ROAMING accessNetworkTechnology=NR rejectCause=0 emergencyEnabled=false availableServices=[DATA] cellIdentity=CellIdentityNr:{ mPci = 23 mTac = 1048617 mNrArfcn = 504990 mBands = [41] mMcc = 460 mMnc = 00 mNci = 43218477057 mAlphaLong = CMCC mAlphaShort = CMCC mAdditionalPlmns = {} mSnpnInfo = null mCagInfo = null } voiceSpecificInfo=null dataSpecificInfo=android.telephony.DataSpecificRegistrationInfo :{ maxDataCalls = 16 isDcNrRestricted = false isNrAvailable = false isEnDcAvailable = false NrVopsSupportInfo :  mVopsSupport = 1 mEmcSupport = 0 mEmfSupport = 0 } nrState=**** rRplmn=46000 isUsingCarrierAggregation=false}
02-29 14:24:20.180  3601  3601 D SST     : [0] handleMessage: received event 6
02-29 14:24:20.180  3601  3601 D SST     : [0] handleMessage: received event 6
02-29 14:24:20.180  3601  3601 D SST     : [0] QTISST: handlePollStateResultMessage processing 6
02-29 14:24:20.180  3601  3601 D SST     : [0] handlePollStateResultMessage: PS IWLAN. NetworkRegistrationInfo{ domain=PS transportType=WLAN registrationState=NOT_REG_OR_SEARCHING mInitialRegistrationState=NOT_REG_OR_SEARCHING roamingType=NOT_ROAMING accessNetworkTechnology=UNKNOWN rejectCause=0 emergencyEnabled=false availableServices=[] cellIdentity=null voiceSpecificInfo=null dataSpecificInfo=null nrState=**** rRplmn= isUsingCarrierAggregation=false}
02-29 14:24:20.180  3601  3601 D SST     : [0] handleMessage: received event 4
02-29 14:24:20.180  3601  3601 D SST     : [0] QTISST: handlePollStateResultMessage processing 4
02-29 14:24:20.180  3601  3601 D SST     : [0] handlePollStateResultMessage: CS cellular. NetworkRegistrationInfo{ domain=CS transportType=WWAN registrationState=HOME mInitialRegistrationState=HOME roamingType=NOT_ROAMING accessNetworkTechnology=NR rejectCause=0 emergencyEnabled=false availableServices=[VOICE,SMS,VIDEO] cellIdentity=CellIdentityNr:{ mPci = 23 mTac = 1048617 mNrArfcn = 504990 mBands = [41] mMcc = 460 mMnc = 00 mNci = 43218477057 mAlphaLong = CMCC mAlphaShort = CMCC mAdditionalPlmns = {} mSnpnInfo = null mCagInfo = null } voiceSpecificInfo=VoiceSpecificRegistrationInfo { mCssSupported=false mRoamingIndicator=0 mSystemIsInPrl=0 mDefaultRoamingIndicator=0} dataSpecificInfo=null nrState=**** rRplmn=46000 isUsingCarrierAggregation=false}
02-29 14:24:20.180  1283  3757 D RequestManager: [RequestManager.cpp: 341] [Loc_hal_worker(1283,3757)] listenForResponses: record_stream_get_next: recordLen: 28, ret: 0, errno: 0, errStr: Success, socket fd: 36
02-29 14:24:20.180  1283  3757 D RequestManager: [RequestManager.cpp: 358] [Loc_hal_worker(1283,3757)] listenForResponses: Got a response parcel
