02-29 13:29:44.947  3697  3697 I wm_on_restart_called: [126596948,com.android.launcher3.uioverrides.QuickstepLauncher,performRestartActivity]
02-29 13:29:44.947  3697  3697 I wm_on_start_called: [126596948,com.android.launcher3.uioverrides.QuickstepLauncher,handleStartActivity]
02-29 13:29:44.953  2521  3275 I wm_task_moved: [196,1,7]
02-29 13:29:44.953  2521  3275 I wm_create_activity: [0,198931112,196,com.android.nfc/.TechListChooserActivity,NULL,NULL,NULL,8388608]
02-29 13:29:44.954  2521  3275 I wm_pause_activity: [0,80108174,com.android.nfc/.NfcRootActivity,userLeaving=true,resumeTopActivity]
02-29 13:29:44.954  2521  3105 I wm_finish_activity: [0,80108174,196,com.android.nfc/.NfcRootActivity,app-request]
02-29 13:29:44.954  4957  4957 I wm_on_create_called: [80108174,com.android.nfc.NfcRootActivity,performCreate]
02-29 13:29:44.955  2521  3275 I wm_add_to_stopping: [0,80108174,com.android.nfc/.NfcRootActivity,completeFinishing]
02-29 13:29:44.956  2521  3275 I wm_restart_activity: [0,198931112,196,com.android.nfc/.TechListChooserActivity]
02-29 13:29:44.956  2521  3275 I wm_set_resumed_activity: [0,com.android.nfc/.TechListChooserActivity,minimalResumeActivityLocked - onActivityStateChanged]
02-29 13:29:44.956  2521  2607 I sysui_multi_action: [757,803,799,window_time_0,802,0]
02-29 13:29:44.959  2521  2912 I input_focus: [Focus leaving e8d2ac7 com.android.apps.tag/com.android.apps.tag.TagViewer (server),reason=NO_WINDOW]
02-29 13:29:44.972  4957  4957 I sysui_multi_action: [757,453,758,4,806,android.nfc.action.TECH_DISCOVERED:null:]
02-29 13:29:44.972  4957  4957 I wm_on_create_called: [198931112,com.android.nfc.TechListChooserActivity,performCreate]
02-29 13:29:44.972  4957  4957 I wm_on_start_called: [198931112,com.android.nfc.TechListChooserActivity,handleStartActivity]
02-29 13:29:44.973  4957  4957 I wm_on_resume_called: [198931112,com.android.nfc.TechListChooserActivity,RESUME_ACTIVITY]
02-29 13:29:44.978  4957  4957 I wm_on_top_resumed_gained_called: [198931112,com.android.nfc.TechListChooserActivity,topStateChangedWhenResumed]
02-29 13:29:44.980  2521  2611 I wm_wallpaper_surface: [0,1,Window{2f678ac u0 com.android.launcher3/com.android.launcher3.uioverrides.QuickstepLauncher}]
02-29 13:29:44.995  2521  2611 I input_focus: [Focus request 5fd7784 com.android.nfc/com.android.nfc.TechListChooserActivity,reason=UpdateInputWindows]
02-29 13:29:45.013  2521  2607 I sysui_multi_action: [319,107,322,102,325,10077,757,761,758,8,759,2,806,com.android.nfc,871,com.android.nfc.TechListChooserActivity,904,com.android.nfc,905,0,1320,4,1321,23]
02-29 13:29:45.014  2521  2607 I wm_activity_launch_time: [0,198931112,com.android.nfc/.TechListChooserActivity,102]
02-29 13:29:45.016  2521  3105 I wm_destroy_activity: [0,80108174,196,com.android.nfc/.NfcRootActivity,finish-imm:idle]
02-29 13:29:45.027  2521  2912 I input_focus: [Focus entering 5fd7784 com.android.nfc/com.android.nfc.TechListChooserActivity (server),reason=Window became focusable. Previous reason: NOT_VISIBLE]
02-29 13:29:45.029  4957  4957 I wm_on_destroy_called: [80108174,com.android.nfc.NfcRootActivity,performDestroy]
02-29 13:29:45.514  2521  2610 I wm_destroy_activity: [0,16408933,196,com.android.apps.tag/.TagViewer,finish-imm:idle]
02-29 13:29:45.537 16303 16303 I wm_on_stop_called: [16408933,com.android.apps.tag.TagViewer,LIFECYCLER_STOP_ACTIVITY]
02-29 13:29:45.538 16303 16303 I wm_on_destroy_called: [16408933,com.android.apps.tag.TagViewer,performDestroy]
02-29 13:29:45.944  2521  2912 I input_interaction: Interaction with: 34818e7 NavigationBar0 (server), PointerEventDispatcher0 (server), 
02-29 13:29:45.948  3137  3137 I sysui_multi_action: [757,931,758,4,759,4,932,0,933,0]
02-29 13:29:45.955  2521  2912 I input_interaction: Interaction with: 5fd7784 com.android.nfc/com.android.nfc.TechListChooserActivity (server), PointerEventDispatcher0 (server), 
02-29 13:29:45.956  2521  2912 I input_interaction: Interaction with: 34818e7 NavigationBar0 (server), PointerEventDispatcher0 (server), 
02-29 13:29:46.016  3137  3137 I sysui_multi_action: [757,931,758,4,759,4,932,0,933,1]
02-29 13:29:46.017  2521  3105 I sysui_multi_action: [757,803,799,key_back_press,802,1]
02-29 13:29:46.022  2521  3275 I wm_finish_activity: [0,198931112,196,com.android.nfc/.TechListChooserActivity,app-request]
02-29 13:29:46.022  2521  3275 I wm_task_moved: [1,1,7]
02-29 13:29:46.025  2521  3275 I wm_task_moved: [141,1,2147483647]
02-29 13:29:46.025  2521  3275 I wm_task_to_front: [0,141]
02-29 13:29:46.025  2521  3275 I wm_focused_root_task: [0,0,1,-1,finish-top adjustFocusToNextFocusableTask]
02-29 13:29:46.036  2521  3275 I wm_pause_activity: [0,198931112,com.android.nfc/.TechListChooserActivity,userLeaving=false,finish]
02-29 13:29:46.044  4957  4957 I wm_on_top_resumed_lost_called: [198931112,com.android.nfc.TechListChooserActivity,topStateChangedWhenResumed]
02-29 13:29:46.044  2521  2611 I input_focus: [Focus request 2f678ac com.android.launcher3/com.android.launcher3.uioverrides.QuickstepLauncher,reason=UpdateInputWindows]
02-29 13:29:46.046  4957  4957 I wm_on_paused_called: [198931112,com.android.nfc.TechListChooserActivity,performPause]
02-29 13:29:46.052  2521  3246 I wm_set_resumed_activity: [0,com.android.launcher3/.uioverrides.QuickstepLauncher,resumeTopActivity - onActivityStateChanged]
02-29 13:29:46.054  2521  3246 I wm_resume_activity: [0,126596948,141,com.android.launcher3/.uioverrides.QuickstepLauncher]
02-29 13:29:46.055  3697  3697 I wm_on_resume_called: [126596948,com.android.launcher3.uioverrides.QuickstepLauncher,RESUME_ACTIVITY]
02-29 13:29:46.055  3697  3697 I wm_on_top_resumed_gained_called: [126596948,com.android.launcher3.uioverrides.QuickstepLauncher,topWhenResuming]
02-29 13:29:46.056  2521  2607 I sysui_multi_action: [757,803,799,window_time_0,802,1]
02-29 13:29:46.062  2521  2912 I input_focus: [Focus leaving 5fd7784 com.android.nfc/com.android.nfc.TechListChooserActivity (server),reason=setFocusedWindow]
02-29 13:29:46.063  2521  2912 I input_focus: [Focus entering 2f678ac com.android.launcher3/com.android.launcher3.uioverrides.QuickstepLauncher (server),reason=setFocusedWindow]
02-29 13:29:46.068  2521  3275 I wm_destroy_activity: [0,198931112,196,com.android.nfc/.TechListChooserActivity,finish-idle]
02-29 13:29:46.091  4957  4957 I wm_on_stop_called: [198931112,com.android.nfc.TechListChooserActivity,LIFECYCLER_STOP_ACTIVITY]
02-29 13:29:46.094  4957  4957 I wm_on_destroy_called: [198931112,com.android.nfc.TechListChooserActivity,performDestroy]
02-29 13:29:46.329  2521  2611 I wm_task_removed: [196,removeChild:removeChild last r=ActivityRecord{bdb72a8 u0 com.android.nfc/.TechListChooserActivity} t-1 f}} in t=Task{963e26e #196 type=standard A=1027:com.android.nfc}]
02-29 13:29:46.329  2521  2611 I wm_task_removed: [196,removeChild]
02-29 13:29:47.384  2521  2912 I input_interaction: Interaction with: 2f678ac com.android.launcher3/com.android.launcher3.uioverrides.QuickstepLauncher (server), fff67cf com.android.systemui.wallpapers.ImageWallpaper (server), PointerEventDispatcher0 (server), 
02-29 13:29:51.288  2521  3202 I wm_task_created: [197,-1]
02-29 13:29:51.295  2521  3202 I wm_task_moved: [197,1,7]
02-29 13:29:51.295  2521  3202 I wm_task_to_front: [0,197]
02-29 13:29:51.296  2521  3202 I wm_create_task: [0,197]
02-29 13:29:51.296  2521  3202 I wm_create_activity: [0,254186839,197,com.android.nfc/.NfcRootActivity,NULL,NULL,NULL,276856832]
02-29 13:29:51.296  2521  3202 I wm_task_moved: [197,1,7]
02-29 13:29:51.297  2521  3202 I wm_pause_activity: [0,126596948,com.android.launcher3/.uioverrides.QuickstepLauncher,userLeaving=true,pauseBackTasks]
02-29 13:29:51.302  3697  3697 I wm_on_top_resumed_lost_called: [126596948,com.android.launcher3.uioverrides.QuickstepLauncher,topStateChangedWhenResumed]
02-29 13:29:51.304  3697  3697 I wm_on_paused_called: [126596948,com.android.launcher3.uioverrides.QuickstepLauncher,performPause]
02-29 13:29:51.305  2521  3052 I wm_restart_activity: [0,254186839,197,com.android.nfc/.NfcRootActivity]
02-29 13:29:51.305  2521  3052 I wm_set_resumed_activity: [0,com.android.nfc/.NfcRootActivity,minimalResumeActivityLocked - onActivityStateChanged]
02-29 13:29:51.306  2521  2607 I sysui_multi_action: [757,803,799,window_time_0,802,5]
02-29 13:29:51.307  2521  2611 I input_focus: [Requesting to set focus to null window,reason=UpdateInputWindows]
02-29 13:29:51.312  2521  3105 I wm_task_moved: [197,1,7]
02-29 13:29:51.312  2521  3105 I wm_create_activity: [0,93731206,197,com.example.android.apis/.nfc.TechFilter,android.nfc.action.TECH_DISCOVERED,NULL,NULL,0]
02-29 13:29:51.313  2521  3105 I wm_pause_activity: [0,254186839,com.android.nfc/.NfcRootActivity,userLeaving=true,resumeTopActivity]
02-29 13:29:51.313  2521  2610 I am_uid_running: 10060
02-29 13:29:51.314  2521  3105 I wm_finish_activity: [0,254186839,197,com.android.nfc/.NfcRootActivity,app-request]
02-29 13:29:51.314  4957  4957 I wm_on_create_called: [254186839,com.android.nfc.NfcRootActivity,performCreate]
02-29 13:29:51.315  2521  3052 I wm_add_to_stopping: [0,254186839,com.android.nfc/.NfcRootActivity,completeFinishing]
02-29 13:29:51.315  2521  3052 I wm_add_to_stopping: [0,126596948,com.android.launcher3/.uioverrides.QuickstepLauncher,makeInvisible]
02-29 13:29:51.316  2521  2607 I sysui_multi_action: [757,803,799,window_time_0,802,0]
02-29 13:29:51.316  2521  2610 I wm_destroy_activity: [0,254186839,197,com.android.nfc/.NfcRootActivity,finish-imm:idle]
02-29 13:29:51.316  4957  4957 I wm_on_destroy_called: [254186839,com.android.nfc.NfcRootActivity,performDestroy]
02-29 13:29:51.320  2521  2619 I am_proc_start: [0,17199,10060,com.example.android.apis,next-top-activity,{com.example.android.apis/com.example.android.apis.nfc.TechFilter}]
02-29 13:29:51.324  2521  2912 I input_focus: [Focus leaving 2f678ac com.android.launcher3/com.android.launcher3.uioverrides.QuickstepLauncher (server),reason=Waiting for window because NOT_FOCUSABLE]
02-29 13:29:51.332  2521  3052 I am_proc_bound: [0,17199,com.example.android.apis]
02-29 13:29:51.337  2521  3052 I wm_restart_activity: [0,93731206,197,com.example.android.apis/.nfc.TechFilter]
02-29 13:29:51.337  2521  3052 I wm_set_resumed_activity: [0,com.example.android.apis/.nfc.TechFilter,minimalResumeActivityLocked - onActivityStateChanged]
02-29 13:29:51.337  2521  2610 I am_uid_active: 10060
02-29 13:29:51.347  2521  2618 I am_wtf  : [0,17199,com.example.android.apis,952680005,SystemConfig,SystemConfig is being accessed by a process other than system_server.]
02-29 13:29:51.346 17199 17199 I auditd  : type=1400 audit(0.0:870): avc: denied { read } for comm="le.android.apis" name="u:object_r:incremental_prop:s0" dev="tmpfs" ino=237 scontext=u:r:untrusted_app_25:s0:c512,c768 tcontext=u:object_r:incremental_prop:s0 tclass=file permissive=0 app=com.example.android.apis
02-29 13:29:51.346 17199 17199 I auditd  : type=1400 audit(0.0:871): avc: denied { read } for comm="le.android.apis" name="filesystems" dev="proc" ino=4026532067 scontext=u:r:untrusted_app_25:s0:c512,c768 tcontext=u:object_r:proc_filesystems:s0 tclass=file permissive=0 app=com.example.android.apis
02-29 13:29:51.377 17199 17199 I wm_on_create_called: [93731206,com.example.android.apis.nfc.TechFilter,performCreate]
02-29 13:29:51.377 17199 17199 I wm_on_start_called: [93731206,com.example.android.apis.nfc.TechFilter,handleStartActivity]
02-29 13:29:51.378 17199 17199 I wm_on_resume_called: [93731206,com.example.android.apis.nfc.TechFilter,RESUME_ACTIVITY]
02-29 13:29:51.384 17199 17199 I wm_on_top_resumed_gained_called: [93731206,com.example.android.apis.nfc.TechFilter,topStateChangedWhenResumed]
02-29 13:29:51.394  2521  2611 I input_focus: [Focus request 51e196 com.example.android.apis/com.example.android.apis.nfc.TechFilter,reason=UpdateInputWindows]
02-29 13:29:51.429  2521  2607 I sysui_multi_action: [319,56,321,53,322,150,325,10084,757,761,758,8,759,1,806,com.example.android.apis,871,com.example.android.apis.nfc.TechFilter,904,com.android.nfc,905,0,945,57,1320,4,1321,2]
02-29 13:29:51.430  2521  2607 I wm_activity_launch_time: [0,93731206,com.example.android.apis/.nfc.TechFilter,150]
02-29 13:29:51.442  2521  2912 I input_focus: [Focus entering 51e196 com.example.android.apis/com.example.android.apis.nfc.TechFilter (server),reason=Window became focusable. Previous reason: NOT_VISIBLE]
02-29 13:29:51.610  2521  2611 I wm_wallpaper_surface: [0,0,null]
02-29 13:29:51.612  2521  2610 I wm_stop_activity: [0,126596948,com.android.launcher3/.uioverrides.QuickstepLauncher]
02-29 13:29:51.632  3697  3697 I wm_on_stop_called: [126596948,com.android.launcher3.uioverrides.QuickstepLauncher,STOP_ACTIVITY_ITEM]
02-29 13:29:54.063  2521  2912 I input_interaction: Interaction with: Letterbox_bottom_ActivityRecord{5963986 u0 com.example.android.apis/.nfc.TechFilter} t197} (server), PointerEventDispatcher0 (server), 
02-29 13:29:54.161  2521  2912 I input_interaction: Interaction with: Letterbox_bottom_ActivityRecord{5963986 u0 com.example.android.apis/.nfc.TechFilter} t197} (server), 34818e7 NavigationBar0 (server), PointerEventDispatcher0 (server), 
02-29 13:29:54.166  2521  2912 I input_interaction: Interaction with: 34818e7 NavigationBar0 (server), PointerEventDispatcher0 (server), 
02-29 13:29:54.532  3137  3137 I sysui_multi_action: [757,931,758,4,759,4,932,0,933,0]
02-29 13:29:54.534  2521  2912 I input_interaction: Interaction with: 51e196 com.example.android.apis/com.example.android.apis.nfc.TechFilter (server), PointerEventDispatcher0 (server), 
02-29 13:29:54.534  2521  2912 I input_interaction: Interaction with: 34818e7 NavigationBar0 (server), PointerEventDispatcher0 (server), 
02-29 13:29:54.749  3137  3137 I sysui_multi_action: [757,931,758,4,759,4,932,0,933,1]
02-29 13:29:54.751  2521  3105 I sysui_multi_action: [757,803,799,key_back_press,802,1]
02-29 13:29:54.759  2521  3202 I wm_finish_activity: [0,93731206,197,com.example.android.apis/.nfc.TechFilter,app-request]
02-29 13:29:54.760  2521  3202 I wm_task_moved: [1,1,7]
02-29 13:29:54.762  2521  3202 I wm_task_moved: [141,1,2147483647]
02-29 13:29:54.762  2521  3202 I wm_task_to_front: [0,141]
02-29 13:29:54.762  2521  3202 I wm_focused_root_task: [0,0,1,197,finish-top adjustFocusToNextFocusableTask]
02-29 13:29:54.764  2521  3202 I wm_set_resumed_activity: [0,com.android.launcher3/.uioverrides.QuickstepLauncher,finish-top adjustFocusToNextFocusableTask]
02-29 13:29:54.775  2521  3202 I wm_pause_activity: [0,93731206,com.example.android.apis/.nfc.TechFilter,userLeaving=false,finish]
02-29 13:29:54.779  2521  2611 I input_focus: [Requesting to set focus to null window,reason=UpdateInputWindows]
02-29 13:29:54.779 17199 17199 I wm_on_top_resumed_lost_called: [93731206,com.example.android.apis.nfc.TechFilter,topStateChangedWhenResumed]
02-29 13:29:54.780 17199 17199 I wm_on_paused_called: [93731206,com.example.android.apis.nfc.TechFilter,performPause]
02-29 13:29:54.781  2521  3052 I wm_add_to_stopping: [0,93731206,com.example.android.apis/.nfc.TechFilter,completeFinishing]
02-29 13:29:54.785  2521  3052 I wm_set_resumed_activity: [0,com.android.launcher3/.uioverrides.QuickstepLauncher,resumeTopActivity - onActivityStateChanged]
02-29 13:29:54.786  2521  3052 I wm_resume_activity: [0,126596948,141,com.android.launcher3/.uioverrides.QuickstepLauncher]
02-29 13:29:54.787  2521  2607 I sysui_multi_action: [757,803,799,window_time_0,802,4]
02-29 13:29:54.790  2521  2610 I am_kill : [0,4360,com.qualcomm.qtil.aptxui,985,empty for 10074s]
02-29 13:29:54.791  3697  3697 I wm_on_restart_called: [126596948,com.android.launcher3.uioverrides.QuickstepLauncher,performRestartActivity]
02-29 13:29:54.791  3697  3697 I wm_on_start_called: [126596948,com.android.launcher3.uioverrides.QuickstepLauncher,handleStartActivity]
02-29 13:29:54.792  3697  3697 I wm_on_resume_called: [126596948,com.android.launcher3.uioverrides.QuickstepLauncher,RESUME_ACTIVITY]
02-29 13:29:54.792  3697  3697 I wm_on_top_resumed_gained_called: [126596948,com.android.launcher3.uioverrides.QuickstepLauncher,topWhenResuming]
02-29 13:29:54.800  2521  2912 I input_focus: [Focus leaving 51e196 com.example.android.apis/com.example.android.apis.nfc.TechFilter (server),reason=Waiting for window because NOT_FOCUSABLE]
02-29 13:29:54.808  2521  2611 I input_focus: [Focus request 2f678ac com.android.launcher3/com.android.launcher3.uioverrides.QuickstepLauncher,reason=UpdateInputWindows]
02-29 13:29:54.811  2521  2611 I wm_wallpaper_surface: [0,1,Window{2f678ac u0 com.android.launcher3/com.android.launcher3.uioverrides.QuickstepLauncher}]
02-29 13:29:54.812  2521  3275 I am_proc_died: [0,4360,com.qualcomm.qtil.aptxui,985,19]
02-29 13:29:54.817  2521  3275 I am_uid_stopped: 10121
02-29 13:29:54.850  2521  2912 I input_focus: [Focus entering 2f678ac com.android.launcher3/com.android.launcher3.uioverrides.QuickstepLauncher (server),reason=Window became focusable. Previous reason: NOT_VISIBLE]
02-29 13:29:55.168  2521  2610 I wm_destroy_activity: [0,93731206,197,com.example.android.apis/.nfc.TechFilter,finish-imm:idle]
02-29 13:29:55.207 17199 17199 I wm_on_stop_called: [93731206,com.example.android.apis.nfc.TechFilter,LIFECYCLER_STOP_ACTIVITY]
02-29 13:29:55.233 17199 17199 I wm_on_destroy_called: [93731206,com.example.android.apis.nfc.TechFilter,performDestroy]
02-29 13:29:55.241  2521  3275 I wm_task_removed: [197,removeChild:removeChild last r=ActivityRecord{5963986 u0 com.example.android.apis/.nfc.TechFilter} t-1 f}} in t=Task{d85d2f1 #197 type=standard A=1027:com.android.nfc}]
02-29 13:29:55.241  2521  3275 I wm_task_removed: [197,removeChild]
02-29 13:29:55.250  2521  2893 I am_compact: [17199,com.example.android.apis,anon,144188,88944,54196,108,-10188,916,-11108,10824,80,0,0,905,19,3342332,-10752]
02-29 13:29:56.471  2521  3246 I wm_task_created: [198,-1]
02-29 13:29:56.477  2521  3246 I wm_task_moved: [198,1,7]
02-29 13:29:56.477  2521  3246 I wm_task_to_front: [0,198]
02-29 13:29:56.478  3697  3697 I wm_on_top_resumed_lost_called: [126596948,com.android.launcher3.uioverrides.QuickstepLauncher,topStateChangedWhenResumed]
02-29 13:29:56.478  2521  3246 I wm_create_task: [0,198]
02-29 13:29:56.478  2521  3246 I wm_create_activity: [0,189232384,198,com.android.nfc/.NfcRootActivity,NULL,NULL,NULL,276856832]
02-29 13:29:56.478  2521  3246 I wm_task_moved: [198,1,7]
02-29 13:29:56.480  2521  3246 I wm_pause_activity: [0,126596948,com.android.launcher3/.uioverrides.QuickstepLauncher,userLeaving=true,pauseBackTasks]
02-29 13:29:56.483  3697  3697 I wm_on_paused_called: [126596948,com.android.launcher3.uioverrides.QuickstepLauncher,performPause]
02-29 13:29:56.484  2521  3052 I wm_restart_activity: [0,189232384,198,com.android.nfc/.NfcRootActivity]
02-29 13:29:56.485  2521  3052 I wm_set_resumed_activity: [0,com.android.nfc/.NfcRootActivity,minimalResumeActivityLocked - onActivityStateChanged]
02-29 13:29:56.485  2521  2607 I sysui_multi_action: [757,803,799,window_time_0,802,2]
02-29 13:29:56.486  2521  2611 I input_focus: [Requesting to set focus to null window,reason=UpdateInputWindows]
02-29 13:29:56.490  2521  3202 I wm_task_moved: [198,1,7]
02-29 13:29:56.491  2521  3202 I wm_create_activity: [0,120512812,198,com.android.nfc/.TechListChooserActivity,NULL,NULL,NULL,8388608]
02-29 13:29:56.491  2521  3202 I wm_pause_activity: [0,189232384,com.android.nfc/.NfcRootActivity,userLeaving=true,resumeTopActivity]
02-29 13:29:56.492  2521  3246 I wm_finish_activity: [0,189232384,198,com.android.nfc/.NfcRootActivity,app-request]
02-29 13:29:56.492  4957  4957 I wm_on_create_called: [189232384,com.android.nfc.NfcRootActivity,performCreate]
02-29 13:29:56.493  2521  3202 I wm_add_to_stopping: [0,189232384,com.android.nfc/.NfcRootActivity,completeFinishing]
02-29 13:29:56.494  2521  3202 I wm_restart_activity: [0,120512812,198,com.android.nfc/.TechListChooserActivity]
02-29 13:29:56.494  2521  3202 I wm_set_resumed_activity: [0,com.android.nfc/.TechListChooserActivity,minimalResumeActivityLocked - onActivityStateChanged]
02-29 13:29:56.495  2521  2607 I sysui_multi_action: [757,803,799,window_time_0,802,0]
02-29 13:29:56.503  4957  4957 I sysui_multi_action: [757,453,758,4,806,android.nfc.action.TECH_DISCOVERED:null:]
02-29 13:29:56.503  4957  4957 I wm_on_create_called: [120512812,com.android.nfc.TechListChooserActivity,performCreate]
02-29 13:29:56.503  4957  4957 I wm_on_start_called: [120512812,com.android.nfc.TechListChooserActivity,handleStartActivity]
02-29 13:29:56.503  2521  2912 I input_focus: [Focus leaving 2f678ac com.android.launcher3/com.android.launcher3.uioverrides.QuickstepLauncher (server),reason=Waiting for window because NOT_FOCUSABLE]
02-29 13:29:56.504  4957  4957 I wm_on_resume_called: [120512812,com.android.nfc.TechListChooserActivity,RESUME_ACTIVITY]
02-29 13:29:56.505  4957  4957 I wm_on_top_resumed_gained_called: [120512812,com.android.nfc.TechListChooserActivity,topStateChangedWhenResumed]
02-29 13:29:56.522  2521  2611 I input_focus: [Focus request 9d39f73 com.android.nfc/com.android.nfc.TechListChooserActivity,reason=UpdateInputWindows]
02-29 13:29:56.533  2521  2607 I sysui_multi_action: [319,68,322,63,325,10089,757,761,758,8,759,2,806,com.android.nfc,871,com.android.nfc.TechListChooserActivity,904,com.android.nfc,905,0,1320,4,1321,23]
02-29 13:29:56.533  2521  2607 I wm_activity_launch_time: [0,120512812,com.android.nfc/.TechListChooserActivity,63]
02-29 13:29:56.538  2521  2912 I input_focus: [Focus entering 9d39f73 com.android.nfc/com.android.nfc.TechListChooserActivity (server),reason=setFocusedWindow]
02-29 13:29:56.824  2521  2610 I wm_destroy_activity: [0,189232384,198,com.android.nfc/.NfcRootActivity,finish-imm:idle]
02-29 13:29:56.825  4957  4957 I wm_on_destroy_called: [189232384,com.android.nfc.NfcRootActivity,performDestroy]
02-29 13:29:57.633  2521  2912 I input_interaction: Interaction with: 9d39f73 com.android.nfc/com.android.nfc.TechListChooserActivity (server), PointerEventDispatcher0 (server), 
02-29 13:29:57.721  2521  3275 I wm_task_moved: [198,1,7]
02-29 13:29:57.721  2521  3275 I wm_create_activity: [0,26002395,198,com.example.android.apis/.nfc.TechFilter,android.nfc.action.TECH_DISCOVERED,NULL,NULL,54525952]
02-29 13:29:57.721  2521  3275 I wm_pause_activity: [0,120512812,com.android.nfc/.TechListChooserActivity,userLeaving=true,resumeTopActivity]
02-29 13:29:57.723  4957  4957 I sysui_multi_action: [757,457,758,4]
02-29 13:29:57.723  4957  4957 I sysui_multi_action: [757,454,758,4]
02-29 13:29:57.723  2521  3202 I wm_finish_activity: [0,120512812,198,com.android.nfc/.TechListChooserActivity,app-request]
02-29 13:29:57.727  4957  4957 I wm_on_top_resumed_lost_called: [120512812,com.android.nfc.TechListChooserActivity,topStateChangedWhenResumed]
02-29 13:29:57.727  4957  4957 I wm_on_paused_called: [120512812,com.android.nfc.TechListChooserActivity,performPause]
02-29 13:29:57.727  2521  3052 I wm_add_to_stopping: [0,120512812,com.android.nfc/.TechListChooserActivity,completeFinishing]
02-29 13:29:57.729  2521  3052 I wm_add_to_stopping: [0,126596948,com.android.launcher3/.uioverrides.QuickstepLauncher,makeInvisible]
02-29 13:29:57.729  2521  3052 I wm_restart_activity: [0,26002395,198,com.example.android.apis/.nfc.TechFilter]
02-29 13:29:57.730  2521  3052 I wm_set_resumed_activity: [0,com.example.android.apis/.nfc.TechFilter,minimalResumeActivityLocked - onActivityStateChanged]
02-29 13:29:57.730  2521  2607 I sysui_multi_action: [757,803,799,window_time_0,802,1]
02-29 13:29:57.730  2521  2611 I input_focus: [Requesting to set focus to null window,reason=UpdateInputWindows]
02-29 13:29:57.735 17199 17199 I wm_on_create_called: [26002395,com.example.android.apis.nfc.TechFilter,performCreate]
02-29 13:29:57.735 17199 17199 I wm_on_start_called: [26002395,com.example.android.apis.nfc.TechFilter,handleStartActivity]
02-29 13:29:57.736 17199 17199 I wm_on_resume_called: [26002395,com.example.android.apis.nfc.TechFilter,RESUME_ACTIVITY]
02-29 13:29:57.738 17199 17199 I wm_on_top_resumed_gained_called: [26002395,com.example.android.apis.nfc.TechFilter,topStateChangedWhenResumed]
02-29 13:29:57.741  2521  2611 I input_focus: [Focus request 7edd353 com.example.android.apis/com.example.android.apis.nfc.TechFilter,reason=UpdateInputWindows]
02-29 13:29:57.756  2521  3052 I input_cancel: [9d39f73 com.android.nfc/com.android.nfc.TechListChooserActivity (server),reason=touched window was removed]
02-29 13:29:57.757  2521  2912 I input_focus: [Focus leaving 9d39f73 com.android.nfc/com.android.nfc.TechListChooserActivity (server),reason=Waiting for window because NOT_FOCUSABLE]
02-29 13:29:57.757  2521  2912 I input_cancel: [PointerEventDispatcher0 (server),reason=input event injection failed]
02-29 13:29:57.758  4957  4957 I view_enqueue_input_event: [Motion - Cancel,com.android.nfc/com.android.nfc.TechListChooserActivity]
02-29 13:29:57.775  2521  2607 I sysui_multi_action: [319,72,322,71,325,10090,757,761,758,8,759,2,806,com.example.android.apis,871,com.example.android.apis.nfc.TechFilter,904,com.android.nfc,905,0,1320,4,1321,2]
02-29 13:29:57.776  2521  2607 I wm_activity_launch_time: [0,26002395,com.example.android.apis/.nfc.TechFilter,71]
02-29 13:29:57.891  2521  2912 I input_focus: [Focus entering 7edd353 com.example.android.apis/com.example.android.apis.nfc.TechFilter (server),reason=Window became focusable. Previous reason: NOT_VISIBLE]
02-29 13:29:58.259  2521  2610 I wm_destroy_activity: [0,120512812,198,com.android.nfc/.TechListChooserActivity,finish-imm:idle]
02-29 13:29:58.262  2521  2611 I wm_wallpaper_surface: [0,0,null]
02-29 13:29:58.268  2521  2610 I wm_stop_activity: [0,126596948,com.android.launcher3/.uioverrides.QuickstepLauncher]
02-29 13:29:58.274  4957  4957 I wm_on_stop_called: [120512812,com.android.nfc.TechListChooserActivity,LIFECYCLER_STOP_ACTIVITY]
02-29 13:29:58.277  4957  4957 I wm_on_destroy_called: [120512812,com.android.nfc.TechListChooserActivity,performDestroy]
02-29 13:29:58.290  3697  3697 I wm_on_stop_called: [126596948,com.android.launcher3.uioverrides.QuickstepLauncher,STOP_ACTIVITY_ITEM]
02-29 13:29:58.441  2521  2912 I input_interaction: Interaction with: 34818e7 NavigationBar0 (server), PointerEventDispatcher0 (server), 
02-29 13:29:58.904  3137  3137 I sysui_multi_action: [757,931,758,4,759,3,932,0,933,0]
02-29 13:29:59.136  3137  3137 I sysui_multi_action: [757,931,758,4,759,3,932,0,933,1]
02-29 13:29:59.153  2521  2608 I wm_task_moved: [1,1,7]
02-29 13:29:59.154  2521  2608 I wm_task_moved: [141,1,2147483647]
02-29 13:29:59.154  2521  2608 I wm_task_to_front: [0,141]
02-29 13:29:59.154  2521  2608 I wm_focused_root_task: [0,0,1,198,bringingFoundTaskToFront]
02-29 13:29:59.154 17199 17199 I wm_on_top_resumed_lost_called: [26002395,com.example.android.apis.nfc.TechFilter,topStateChangedWhenResumed]
02-29 13:29:59.155  2521  2608 I wm_set_resumed_activity: [0,com.android.launcher3/.uioverrides.QuickstepLauncher,bringingFoundTaskToFront]
02-29 13:29:59.155  2521  2608 I wm_new_intent: [0,126596948,141,com.android.launcher3/.uioverrides.QuickstepLauncher,android.intent.action.MAIN,NULL,NULL,268435712]
02-29 13:29:59.156  2521  2608 I wm_pause_activity: [0,26002395,com.example.android.apis/.nfc.TechFilter,userLeaving=true,pauseBackTasks]
02-29 13:29:59.158  2521  2608 I wm_add_to_stopping: [0,26002395,com.example.android.apis/.nfc.TechFilter,makeInvisible]
02-29 13:29:59.159  2521  2607 I sysui_multi_action: [757,803,799,window_time_0,802,1]
02-29 13:29:59.160  2521  2608 I wm_set_resumed_activity: [0,com.android.launcher3/.uioverrides.QuickstepLauncher,resumeTopActivity - onActivityStateChanged]
02-29 13:29:59.160  2521  2608 I wm_resume_activity: [0,126596948,141,com.android.launcher3/.uioverrides.QuickstepLauncher]
02-29 13:29:59.162  3697  3697 I wm_on_restart_called: [126596948,com.android.launcher3.uioverrides.QuickstepLauncher,performRestartActivity]
02-29 13:29:59.162  3697  3697 I wm_on_start_called: [126596948,com.android.launcher3.uioverrides.QuickstepLauncher,handleStartActivity]
02-29 13:29:59.163  2521  2611 I input_focus: [Requesting to set focus to null window,reason=UpdateInputWindows]
02-29 13:29:59.166  3697  3697 I wm_on_resume_called: [126596948,com.android.launcher3.uioverrides.QuickstepLauncher,RESUME_ACTIVITY]
02-29 13:29:59.171 17199 17199 I wm_on_paused_called: [26002395,com.example.android.apis.nfc.TechFilter,performPause]
02-29 13:29:59.177  2521  2912 I input_focus: [Focus leaving 7edd353 com.example.android.apis/com.example.android.apis.nfc.TechFilter (server),reason=Waiting for window because NOT_FOCUSABLE]
02-29 13:29:59.183  2521  2611 I input_focus: [Focus request 2f678ac com.android.launcher3/com.android.launcher3.uioverrides.QuickstepLauncher,reason=UpdateInputWindows]
02-29 13:29:59.190  3697  3697 I wm_on_top_resumed_gained_called: [126596948,com.android.launcher3.uioverrides.QuickstepLauncher,topStateChangedWhenResumed]
02-29 13:29:59.191  2521  2611 I wm_wallpaper_surface: [0,1,Window{2f678ac u0 com.android.launcher3/com.android.launcher3.uioverrides.QuickstepLauncher}]
02-29 13:29:59.211  2521  2607 I sysui_multi_action: [319,58,322,49,325,10091,757,761,758,9,759,2,806,com.android.launcher3,871,com.android.launcher3.uioverrides.QuickstepLauncher,905,0,1320,4,1321,23]
02-29 13:29:59.227  2521  2912 I input_focus: [Focus entering 2f678ac com.android.launcher3/com.android.launcher3.uioverrides.QuickstepLauncher (server),reason=Window became focusable. Previous reason: NOT_VISIBLE]
02-29 13:29:59.302  3137  3137 I sysui_multi_action: [757,931,758,4,759,3,932,0,933,0]
02-29 13:29:59.455  3137  3137 I sysui_multi_action: [757,931,758,4,759,3,932,0,933,1]
02-29 13:29:59.467  2521  2608 I wm_new_intent: [0,126596948,141,com.android.launcher3/.uioverrides.QuickstepLauncher,android.intent.action.MAIN,NULL,NULL,268435712]
02-29 13:29:59.468  2521  2608 I wm_task_moved: [1,1,7]
02-29 13:29:59.468  3697  3697 I wm_on_top_resumed_lost_called: [126596948,com.android.launcher3.uioverrides.QuickstepLauncher,pausing]
02-29 13:29:59.469  3697  3697 I wm_on_paused_called: [126596948,com.android.launcher3.uioverrides.QuickstepLauncher,performPause]
02-29 13:29:59.469  3697  3697 I wm_on_resume_called: [126596948,com.android.launcher3.uioverrides.QuickstepLauncher,LIFECYCLER_RESUME_ACTIVITY]
02-29 13:29:59.469  3697  3697 I wm_on_top_resumed_gained_called: [126596948,com.android.launcher3.uioverrides.QuickstepLauncher,topWhenResuming]
02-29 13:29:59.549  2521  2610 I wm_stop_activity: [0,26002395,com.example.android.apis/.nfc.TechFilter]
02-29 13:29:59.561 17199 17199 I wm_on_stop_called: [26002395,com.example.android.apis.nfc.TechFilter,STOP_ACTIVITY_ITEM]
02-29 13:30:00.812  2521  3246 I wm_task_moved: [198,1,7]
02-29 13:30:00.812  2521  3246 I wm_task_to_front: [0,198]
02-29 13:30:00.814  3697  3697 I wm_on_top_resumed_lost_called: [126596948,com.android.launcher3.uioverrides.QuickstepLauncher,topStateChangedWhenResumed]
02-29 13:30:00.814  2521  3246 I wm_focused_root_task: [0,0,198,1,bringingFoundTaskToFront]
02-29 13:30:00.815  2521  3246 I wm_set_resumed_activity: [0,com.example.android.apis/.nfc.TechFilter,bringingFoundTaskToFront]
02-29 13:30:00.816  2521  3246 I wm_destroy_activity: [0,26002395,198,com.example.android.apis/.nfc.TechFilter,finish-imm:clear-task-all]
02-29 13:30:00.820 17199 17199 I wm_on_destroy_called: [26002395,com.example.android.apis.nfc.TechFilter,performDestroy]
02-29 13:30:00.821  2521  3246 I wm_task_moved: [198,1,7]
02-29 13:30:00.821  2521  3246 I wm_create_activity: [0,1391398,198,com.android.nfc/.NfcRootActivity,NULL,NULL,NULL,281051136]
02-29 13:30:00.822  2521  3246 I wm_pause_activity: [0,126596948,com.android.launcher3/.uioverrides.QuickstepLauncher,userLeaving=true,pauseBackTasks]
02-29 13:30:00.824  2521  2611 I input_focus: [Requesting to set focus to null window,reason=UpdateInputWindows]
02-29 13:30:00.824  3697  3697 I wm_on_paused_called: [126596948,com.android.launcher3.uioverrides.QuickstepLauncher,performPause]
02-29 13:30:00.827  2521  3275 I wm_restart_activity: [0,1391398,198,com.android.nfc/.NfcRootActivity]
02-29 13:30:00.827  2521  3275 I wm_set_resumed_activity: [0,com.android.nfc/.NfcRootActivity,minimalResumeActivityLocked - onActivityStateChanged]
02-29 13:30:00.828  2521  2607 I sysui_multi_action: [757,803,799,window_time_0,802,2]
02-29 13:30:00.829  2521  2912 I input_focus: [Focus leaving 2f678ac com.android.launcher3/com.android.launcher3.uioverrides.QuickstepLauncher (server),reason=Waiting for window because NOT_FOCUSABLE]
02-29 13:30:00.833  2521  3052 I wm_task_moved: [198,1,7]
02-29 13:30:00.833  2521  3052 I wm_create_activity: [0,35839161,198,com.android.nfc/.TechListChooserActivity,NULL,NULL,NULL,8388608]
02-29 13:30:00.834  2521  3052 I wm_pause_activity: [0,1391398,com.android.nfc/.NfcRootActivity,userLeaving=true,resumeTopActivity]
02-29 13:30:00.835  2521  3105 I wm_finish_activity: [0,1391398,198,com.android.nfc/.NfcRootActivity,app-request]
02-29 13:30:00.835  4957  4957 I wm_on_create_called: [1391398,com.android.nfc.NfcRootActivity,performCreate]
02-29 13:30:00.836  2521  3105 I wm_add_to_stopping: [0,1391398,com.android.nfc/.NfcRootActivity,completeFinishing]
02-29 13:30:00.837  2521  3105 I wm_restart_activity: [0,35839161,198,com.android.nfc/.TechListChooserActivity]
02-29 13:30:00.837  2521  3105 I wm_set_resumed_activity: [0,com.android.nfc/.TechListChooserActivity,minimalResumeActivityLocked - onActivityStateChanged]
02-29 13:30:00.838  2521  2607 I sysui_multi_action: [757,803,799,window_time_0,802,0]
02-29 13:30:00.846  4957  4957 I sysui_multi_action: [757,453,758,4,806,android.nfc.action.TECH_DISCOVERED:null:]
02-29 13:30:00.846  4957  4957 I wm_on_create_called: [35839161,com.android.nfc.TechListChooserActivity,performCreate]
02-29 13:30:00.846  4957  4957 I wm_on_start_called: [35839161,com.android.nfc.TechListChooserActivity,handleStartActivity]
02-29 13:30:00.847  4957  4957 I wm_on_resume_called: [35839161,com.android.nfc.TechListChooserActivity,RESUME_ACTIVITY]
02-29 13:30:00.848  4957  4957 I wm_on_top_resumed_gained_called: [35839161,com.android.nfc.TechListChooserActivity,topStateChangedWhenResumed]
02-29 13:30:00.865  2521  2611 I input_focus: [Focus request 5d70b44 com.android.nfc/com.android.nfc.TechListChooserActivity,reason=UpdateInputWindows]
02-29 13:30:00.872  2521  2607 I sysui_multi_action: [319,62,322,61,325,10093,757,761,758,8,759,2,806,com.android.nfc,871,com.android.nfc.TechListChooserActivity,904,com.android.nfc,905,0,1320,4,1321,23]
02-29 13:30:00.873  2521  2607 I wm_activity_launch_time: [0,35839161,com.android.nfc/.TechListChooserActivity,61]
02-29 13:30:00.881  2521  2912 I input_focus: [Focus entering 5d70b44 com.android.nfc/com.android.nfc.TechListChooserActivity (server),reason=Window became focusable. Previous reason: NO_WINDOW]
02-29 13:30:00.986  2521  2912 I input_interaction: Interaction with: 5d70b44 com.android.nfc/com.android.nfc.TechListChooserActivity (server), PointerEventDispatcher0 (server), 
02-29 13:30:01.167  2521  2610 I wm_destroy_activity: [0,1391398,198,com.android.nfc/.NfcRootActivity,finish-imm:idle]
02-29 13:30:01.168  4957  4957 I wm_on_destroy_called: [1391398,com.android.nfc.NfcRootActivity,performDestroy]
02-29 13:30:03.172  2521  3202 I wm_finish_activity: [0,35839161,198,com.android.nfc/.TechListChooserActivity,app-request]
02-29 13:30:03.173  2521  3202 I wm_task_moved: [1,1,7]
02-29 13:30:03.179  2521  3202 I wm_task_moved: [141,1,2147483647]
02-29 13:30:03.180  2521  3202 I wm_task_to_front: [0,141]
02-29 13:30:03.180  2521  3202 I wm_focused_root_task: [0,0,1,-1,finish-top adjustFocusToNextFocusableTask]
02-29 13:30:03.202  2521  3202 I wm_pause_activity: [0,35839161,com.android.nfc/.TechListChooserActivity,userLeaving=false,finish]
02-29 13:30:03.209  4957  4957 I wm_on_top_resumed_lost_called: [35839161,com.android.nfc.TechListChooserActivity,topStateChangedWhenResumed]
02-29 13:30:03.209  2521  2611 I input_focus: [Focus request 2f678ac com.android.launcher3/com.android.launcher3.uioverrides.QuickstepLauncher,reason=UpdateInputWindows]
02-29 13:30:03.212  4957  4957 I wm_on_paused_called: [35839161,com.android.nfc.TechListChooserActivity,performPause]
02-29 13:30:03.218  2521  3202 I wm_set_resumed_activity: [0,com.android.launcher3/.uioverrides.QuickstepLauncher,resumeTopActivity - onActivityStateChanged]
02-29 13:30:03.219  2521  3202 I wm_resume_activity: [0,126596948,141,com.android.launcher3/.uioverrides.QuickstepLauncher]
02-29 13:30:03.220  2521  2607 I sysui_multi_action: [757,803,799,window_time_0,802,2]
02-29 13:30:03.224  3697  3697 I wm_on_resume_called: [126596948,com.android.launcher3.uioverrides.QuickstepLauncher,RESUME_ACTIVITY]
02-29 13:30:03.224  3697  3697 I wm_on_top_resumed_gained_called: [126596948,com.android.launcher3.uioverrides.QuickstepLauncher,topWhenResuming]
02-29 13:30:03.231  2521  3275 I wm_destroy_activity: [0,35839161,198,com.android.nfc/.TechListChooserActivity,finish-idle]
02-29 13:30:03.242  2521  2912 I input_focus: [Focus leaving 5d70b44 com.android.nfc/com.android.nfc.TechListChooserActivity (server),reason=setFocusedWindow]
02-29 13:30:03.242  2521  2912 I input_focus: [Focus entering 2f678ac com.android.launcher3/com.android.launcher3.uioverrides.QuickstepLauncher (server),reason=setFocusedWindow]
02-29 13:30:03.243  4957  4957 I wm_on_stop_called: [35839161,com.android.nfc.TechListChooserActivity,LIFECYCLER_STOP_ACTIVITY]
02-29 13:30:03.246  4957  4957 I wm_on_destroy_called: [35839161,com.android.nfc.TechListChooserActivity,performDestroy]
02-29 13:30:03.486  2521  2611 I wm_task_removed: [198,removeChild:removeChild last r=ActivityRecord{222dcb9 u0 com.android.nfc/.TechListChooserActivity} t-1 f}} in t=Task{edcc632 #198 type=standard A=1027:com.android.nfc}]
02-29 13:30:03.486  2521  2611 I wm_task_removed: [198,removeChild]
02-29 13:30:05.697  2521  3202 I wm_task_created: [199,-1]
02-29 13:30:05.702  2521  3202 I wm_task_moved: [199,1,7]
02-29 13:30:05.702  2521  3202 I wm_task_to_front: [0,199]
02-29 13:30:05.702  2521  3202 I wm_create_task: [0,199]
02-29 13:30:05.702  2521  3202 I wm_create_activity: [0,114365309,199,com.android.nfc/.NfcRootActivity,NULL,NULL,NULL,276856832]
02-29 13:30:05.702  2521  3202 I wm_task_moved: [199,1,7]
02-29 13:30:05.703  2521  3202 I wm_pause_activity: [0,126596948,com.android.launcher3/.uioverrides.QuickstepLauncher,userLeaving=true,pauseBackTasks]
02-29 13:30:05.703  3697  3697 I wm_on_top_resumed_lost_called: [126596948,com.android.launcher3.uioverrides.QuickstepLauncher,topStateChangedWhenResumed]
02-29 13:30:05.707  3697  3697 I wm_on_paused_called: [126596948,com.android.launcher3.uioverrides.QuickstepLauncher,performPause]
02-29 13:30:05.708  2521  3275 I wm_restart_activity: [0,114365309,199,com.android.nfc/.NfcRootActivity]
02-29 13:30:05.709  2521  3275 I wm_set_resumed_activity: [0,com.android.nfc/.NfcRootActivity,minimalResumeActivityLocked - onActivityStateChanged]
02-29 13:30:05.709  2521  2607 I sysui_multi_action: [757,803,799,window_time_0,802,3]
02-29 13:30:05.710  2521  2611 I input_focus: [Requesting to set focus to null window,reason=UpdateInputWindows]
02-29 13:30:05.714  2521  3275 I wm_task_moved: [199,1,7]
02-29 13:30:05.714  2521  3275 I wm_create_activity: [0,232811129,199,com.android.nfc/.TechListChooserActivity,NULL,NULL,NULL,8388608]
02-29 13:30:05.715  2521  3275 I wm_pause_activity: [0,114365309,com.android.nfc/.NfcRootActivity,userLeaving=true,resumeTopActivity]
02-29 13:30:05.716  2521  3202 I wm_finish_activity: [0,114365309,199,com.android.nfc/.NfcRootActivity,app-request]
02-29 13:30:05.716  4957  4957 I wm_on_create_called: [114365309,com.android.nfc.NfcRootActivity,performCreate]
02-29 13:30:05.716  2521  3275 I wm_add_to_stopping: [0,114365309,com.android.nfc/.NfcRootActivity,completeFinishing]
02-29 13:30:05.717  2521  3275 I wm_restart_activity: [0,232811129,199,com.android.nfc/.TechListChooserActivity]
02-29 13:30:05.718  2521  3275 I wm_set_resumed_activity: [0,com.android.nfc/.TechListChooserActivity,minimalResumeActivityLocked - onActivityStateChanged]
02-29 13:30:05.718  2521  2607 I sysui_multi_action: [757,803,799,window_time_0,802,0]
02-29 13:30:05.725  2521  2912 I input_focus: [Focus leaving 2f678ac com.android.launcher3/com.android.launcher3.uioverrides.QuickstepLauncher (server),reason=Waiting for window because NOT_FOCUSABLE]
02-29 13:30:05.727  4957  4957 I sysui_multi_action: [757,453,758,4,806,android.nfc.action.TECH_DISCOVERED:null:]
02-29 13:30:05.727  4957  4957 I wm_on_create_called: [232811129,com.android.nfc.TechListChooserActivity,performCreate]
02-29 13:30:05.727  4957  4957 I wm_on_start_called: [232811129,com.android.nfc.TechListChooserActivity,handleStartActivity]
02-29 13:30:05.727  4957  4957 I wm_on_resume_called: [232811129,com.android.nfc.TechListChooserActivity,RESUME_ACTIVITY]
02-29 13:30:05.728  4957  4957 I wm_on_top_resumed_gained_called: [232811129,com.android.nfc.TechListChooserActivity,topStateChangedWhenResumed]
02-29 13:30:05.744  2521  2611 I input_focus: [Focus request aab9c04 com.android.nfc/com.android.nfc.TechListChooserActivity,reason=UpdateInputWindows]
02-29 13:30:05.753  2521  2607 I sysui_multi_action: [319,60,322,55,325,10098,757,761,758,8,759,2,806,com.android.nfc,871,com.android.nfc.TechListChooserActivity,904,com.android.nfc,905,0,1320,4,1321,23]
02-29 13:30:05.753  2521  2607 I wm_activity_launch_time: [0,232811129,com.android.nfc/.TechListChooserActivity,55]
02-29 13:30:05.759  2521  2912 I input_focus: [Focus entering aab9c04 com.android.nfc/com.android.nfc.TechListChooserActivity (server),reason=setFocusedWindow]
02-29 13:30:05.765  2521  2617 I am_pss  : [16303,10033,com.android.apps.tag,31662080,16560128,10301440,150401024,0,19,7]
02-29 13:30:06.047  2521  2610 I wm_destroy_activity: [0,114365309,199,com.android.nfc/.NfcRootActivity,finish-imm:idle]
02-29 13:30:06.048  4957  4957 I wm_on_destroy_called: [114365309,com.android.nfc.NfcRootActivity,performDestroy]
02-29 13:30:10.165  2521  2912 I input_interaction: Interaction with: aab9c04 com.android.nfc/com.android.nfc.TechListChooserActivity (server), PointerEventDispatcher0 (server), 
02-29 13:30:10.267  2521  3246 I wm_task_moved: [199,1,7]
02-29 13:30:10.267  2521  3246 I wm_create_activity: [0,49883434,199,com.android.apps.tag/.TagViewer,android.nfc.action.TECH_DISCOVERED,NULL,NULL,54525952]
02-29 13:30:10.267  2521  3246 I wm_pause_activity: [0,232811129,com.android.nfc/.TechListChooserActivity,userLeaving=true,resumeTopActivity]
02-29 13:30:10.271  4957  4957 I sysui_multi_action: [757,457,758,4]
02-29 13:30:10.271  4957  4957 I sysui_multi_action: [757,454,758,4]
02-29 13:30:10.271  2521  3275 I wm_finish_activity: [0,232811129,199,com.android.nfc/.TechListChooserActivity,app-request]
02-29 13:30:10.275  4957  4957 I wm_on_top_resumed_lost_called: [232811129,com.android.nfc.TechListChooserActivity,topStateChangedWhenResumed]
02-29 13:30:10.275  4957  4957 I wm_on_paused_called: [232811129,com.android.nfc.TechListChooserActivity,performPause]
02-29 13:30:10.275  2521  3275 I wm_add_to_stopping: [0,232811129,com.android.nfc/.TechListChooserActivity,completeFinishing]
02-29 13:30:10.276  2521  3275 I wm_add_to_stopping: [0,126596948,com.android.launcher3/.uioverrides.QuickstepLauncher,makeInvisible]
02-29 13:30:10.276  2521  3275 I wm_restart_activity: [0,49883434,199,com.android.apps.tag/.TagViewer]
02-29 13:30:10.277  2521  3275 I wm_set_resumed_activity: [0,com.android.apps.tag/.TagViewer,minimalResumeActivityLocked - onActivityStateChanged]
02-29 13:30:10.277  2521  2607 I sysui_multi_action: [757,803,799,window_time_0,802,4]
02-29 13:30:10.278  2521  2611 I input_focus: [Requesting to set focus to null window,reason=UpdateInputWindows]
02-29 13:30:10.286 16303 16303 I wm_on_create_called: [49883434,com.android.apps.tag.TagViewer,performCreate]
02-29 13:30:10.286 16303 16303 I wm_on_start_called: [49883434,com.android.apps.tag.TagViewer,handleStartActivity]
02-29 13:30:10.287 16303 16303 I wm_on_resume_called: [49883434,com.android.apps.tag.TagViewer,RESUME_ACTIVITY]
02-29 13:30:10.290 16303 16303 I wm_on_top_resumed_gained_called: [49883434,com.android.apps.tag.TagViewer,topStateChangedWhenResumed]
02-29 13:30:10.290  2521  2617 I am_pss  : [7316,10089,com.android.music,79606784,9981952,63864832,144158720,0,19,7]
02-29 13:30:10.304  2521  2912 I input_focus: [Focus leaving aab9c04 com.android.nfc/com.android.nfc.TechListChooserActivity (server),reason=Waiting for window because NOT_FOCUSABLE]
02-29 13:30:10.306  2521  2611 I input_focus: [Focus request 86f3a93 com.android.apps.tag/com.android.apps.tag.TagViewer,reason=UpdateInputWindows]
02-29 13:30:10.324  2521  2607 I sysui_multi_action: [319,70,322,70,325,10103,757,761,758,8,759,2,806,com.android.apps.tag,871,com.android.apps.tag.TagViewer,904,com.android.nfc,905,0,1320,4,1321,23]
02-29 13:30:10.324  2521  2607 I wm_activity_launch_time: [0,49883434,com.android.apps.tag/.TagViewer,70]
02-29 13:30:10.440  2521  2912 I input_focus: [Focus entering 86f3a93 com.android.apps.tag/com.android.apps.tag.TagViewer (server),reason=Window became focusable. Previous reason: NOT_VISIBLE]
02-29 13:30:10.682  2521  2912 I input_interaction: Interaction with: 34818e7 NavigationBar0 (server), PointerEventDispatcher0 (server), 
02-29 13:30:10.806  2521  2610 I wm_stop_activity: [0,126596948,com.android.launcher3/.uioverrides.QuickstepLauncher]
02-29 13:30:10.806  2521  2610 I wm_destroy_activity: [0,232811129,199,com.android.nfc/.TechListChooserActivity,finish-imm:idle]
02-29 13:30:10.808  2521  2611 I wm_wallpaper_surface: [0,0,null]
02-29 13:30:10.818  4957  4957 I wm_on_stop_called: [232811129,com.android.nfc.TechListChooserActivity,LIFECYCLER_STOP_ACTIVITY]
02-29 13:30:10.825  4957  4957 I wm_on_destroy_called: [232811129,com.android.nfc.TechListChooserActivity,performDestroy]
02-29 13:30:10.832  3697  3697 I wm_on_stop_called: [126596948,com.android.launcher3.uioverrides.QuickstepLauncher,STOP_ACTIVITY_ITEM]
02-29 13:30:11.661  3137  3137 I sysui_multi_action: [757,931,758,4,759,4,932,0,933,0]
02-29 13:30:11.666  2521  2912 I input_interaction: Interaction with: 86f3a93 com.android.apps.tag/com.android.apps.tag.TagViewer (server), PointerEventDispatcher0 (server), 
02-29 13:30:11.666  2521  2912 I input_interaction: Interaction with: 34818e7 NavigationBar0 (server), PointerEventDispatcher0 (server), 
02-29 13:30:11.802  3137  3137 I sysui_multi_action: [757,931,758,4,759,4,932,0,933,1]
02-29 13:30:11.804  2521  3052 I sysui_multi_action: [757,803,799,key_back_press,802,1]
02-29 13:30:11.814  2521  3275 I wm_finish_activity: [0,49883434,199,com.android.apps.tag/.TagViewer,app-request]
02-29 13:30:11.815  2521  3275 I wm_task_moved: [1,1,7]
02-29 13:30:11.816  2521  3275 I wm_task_moved: [141,1,2147483647]
02-29 13:30:11.816  2521  3275 I wm_task_to_front: [0,141]
02-29 13:30:11.816  2521  3275 I wm_focused_root_task: [0,0,1,199,finish-top adjustFocusToNextFocusableTask]
02-29 13:30:11.817  2521  3275 I wm_set_resumed_activity: [0,com.android.launcher3/.uioverrides.QuickstepLauncher,finish-top adjustFocusToNextFocusableTask]
02-29 13:30:11.826  2521  3275 I wm_pause_activity: [0,49883434,com.android.apps.tag/.TagViewer,userLeaving=false,finish]
02-29 13:30:11.831 16303 16303 I wm_on_top_resumed_lost_called: [49883434,com.android.apps.tag.TagViewer,topStateChangedWhenResumed]
02-29 13:30:11.832  2521  2611 I input_focus: [Requesting to set focus to null window,reason=UpdateInputWindows]
02-29 13:30:11.832 16303 16303 I wm_on_paused_called: [49883434,com.android.apps.tag.TagViewer,performPause]
02-29 13:30:11.833  2521  3275 I wm_add_to_stopping: [0,49883434,com.android.apps.tag/.TagViewer,completeFinishing]
02-29 13:30:11.835  2521  3275 I wm_set_resumed_activity: [0,com.android.launcher3/.uioverrides.QuickstepLauncher,resumeTopActivity - onActivityStateChanged]
02-29 13:30:11.836  2521  3275 I wm_resume_activity: [0,126596948,141,com.android.launcher3/.uioverrides.QuickstepLauncher]
02-29 13:30:11.843  2521  2607 I sysui_multi_action: [757,803,799,window_time_0,802,2]
02-29 13:30:11.844  2521  2912 I input_focus: [Focus leaving 86f3a93 com.android.apps.tag/com.android.apps.tag.TagViewer (server),reason=NO_WINDOW]
02-29 13:30:11.846  3697  3697 I wm_on_restart_called: [126596948,com.android.launcher3.uioverrides.QuickstepLauncher,performRestartActivity]
02-29 13:30:11.847  3697  3697 I wm_on_start_called: [126596948,com.android.launcher3.uioverrides.QuickstepLauncher,handleStartActivity]
02-29 13:30:11.847  3697  3697 I wm_on_resume_called: [126596948,com.android.launcher3.uioverrides.QuickstepLauncher,RESUME_ACTIVITY]
02-29 13:30:11.847  3697  3697 I wm_on_top_resumed_gained_called: [126596948,com.android.launcher3.uioverrides.QuickstepLauncher,topWhenResuming]
02-29 13:30:11.858  2521  2611 I input_focus: [Focus request 2f678ac com.android.launcher3/com.android.launcher3.uioverrides.QuickstepLauncher,reason=UpdateInputWindows]
02-29 13:30:11.862  2521  2611 I wm_wallpaper_surface: [0,1,Window{2f678ac u0 com.android.launcher3/com.android.launcher3.uioverrides.QuickstepLauncher}]
02-29 13:30:11.891  2521  2912 I input_focus: [Focus entering 2f678ac com.android.launcher3/com.android.launcher3.uioverrides.QuickstepLauncher (server),reason=Window became focusable. Previous reason: NOT_VISIBLE]
02-29 13:30:12.212  2521  2610 I wm_destroy_activity: [0,49883434,199,com.android.apps.tag/.TagViewer,finish-imm:idle]
02-29 13:30:12.280 16303 16303 I wm_on_stop_called: [49883434,com.android.apps.tag.TagViewer,LIFECYCLER_STOP_ACTIVITY]
02-29 13:30:12.281 16303 16303 I wm_on_destroy_called: [49883434,com.android.apps.tag.TagViewer,performDestroy]
