02-29 14:03:11.472  3510  3510 I wm_on_start_called: [17646831,com.android.settings.SubSettings,handleStartActivity]
02-29 14:03:11.473  3510  3510 I snet_event_log: [120484087,-1,]
02-29 14:03:11.473  3510  3510 I wm_on_resume_called: [17646831,com.android.settings.SubSettings,RESUME_ACTIVITY]
02-29 14:03:11.473  3510  3510 I sysui_multi_action: [757,747,758,1,833,35,1089,14]
02-29 14:03:11.474  3510  3510 I sysui_multi_action: [757,1729,758,4,854,isParalleledControllers:false,1089,15]
02-29 14:03:11.476  3510  3510 I wm_on_top_resumed_gained_called: [17646831,com.android.settings.SubSettings,topStateChangedWhenResumed]
02-29 14:03:11.477  2521  2912 I input_focus: [Focus leaving 3b7ba3b com.android.settings/com.android.settings.Settings (server),reason=NO_WINDOW]
02-29 14:03:11.482  2521  2611 I input_focus: [Focus request 60d64c4 com.android.settings/com.android.settings.SubSettings,reason=UpdateInputWindows]
02-29 14:03:11.491  2521  2607 I wm_activity_launch_time: [0,17646831,com.android.settings/.SubSettings,56]
02-29 14:03:11.581  2521  2912 I input_focus: [Focus entering 60d64c4 com.android.settings/com.android.settings.SubSettings (server),reason=Window became focusable. Previous reason: NOT_VISIBLE]
02-29 14:03:11.958  2521  2610 I wm_stop_activity: [0,89519630,com.android.settings/.Settings]
02-29 14:03:11.977  3510  3510 I wm_on_stop_called: [89519630,com.android.settings.Settings,STOP_ACTIVITY_ITEM]
02-29 14:03:13.636  2521  2912 I input_interaction: Interaction with: 34818e7 NavigationBar0 (server), PointerEventDispatcher0 (server), 
02-29 14:03:13.641  3137  3137 I sysui_multi_action: [757,931,758,4,759,4,932,0,933,0]
02-29 14:03:13.646  2521  2912 I input_interaction: Interaction with: 60d64c4 com.android.settings/com.android.settings.SubSettings (server), PointerEventDispatcher0 (server), 
02-29 14:03:13.694  2521  2912 I input_interaction: Interaction with: 34818e7 NavigationBar0 (server), PointerEventDispatcher0 (server), 
02-29 14:03:13.723  3137  3137 I sysui_multi_action: [757,931,758,4,759,4,932,0,933,1]
02-29 14:03:13.724  2521  2547 I sysui_multi_action: [757,803,799,key_back_press,802,1]
02-29 14:03:13.728  2521  2547 I wm_finish_activity: [0,17646831,227,com.android.settings/.SubSettings,app-request]
02-29 14:03:13.738  2521  2547 I wm_pause_activity: [0,17646831,com.android.settings/.SubSettings,userLeaving=false,finish]
02-29 14:03:13.742  3510  3510 I wm_on_top_resumed_lost_called: [17646831,com.android.settings.SubSettings,topStateChangedWhenResumed]
02-29 14:03:13.745  3510  3510 I sysui_multi_action: [757,747,758,2,1089,2272]
02-29 14:03:13.747  3510  3510 I wm_on_paused_called: [17646831,com.android.settings.SubSettings,performPause]
02-29 14:03:13.748  2521  2547 I wm_add_to_stopping: [0,17646831,com.android.settings/.SubSettings,completeFinishing]
02-29 14:03:13.755  2521  2547 I wm_set_resumed_activity: [0,com.android.settings/.Settings,resumeTopActivity - onActivityStateChanged]
02-29 14:03:13.758  2521  2547 I wm_resume_activity: [0,89519630,227,com.android.settings/.Settings]
02-29 14:03:13.759  2521  2607 I sysui_multi_action: [757,803,799,window_time_0,802,3]
02-29 14:03:13.762  3510  3510 I wm_on_restart_called: [89519630,com.android.settings.Settings,performRestartActivity]
02-29 14:03:13.767  2521  2912 I input_focus: [Focus leaving 60d64c4 com.android.settings/com.android.settings.SubSettings (server),reason=NO_WINDOW]
02-29 14:03:13.770  3510  3510 I wm_on_start_called: [89519630,com.android.settings.Settings,handleStartActivity]
02-29 14:03:13.772  3510  3510 I snet_event_log: [120484087,-1,]
02-29 14:03:13.772  3510  3510 I wm_on_resume_called: [89519630,com.android.settings.Settings,RESUME_ACTIVITY]
02-29 14:03:13.773  3510  3510 I sysui_multi_action: [757,35,758,1,833,0,1089,0]
02-29 14:03:13.779  3510  3510 I wm_on_top_resumed_gained_called: [89519630,com.android.settings.Settings,topWhenResuming]
02-29 14:03:13.787  2521  2611 I input_focus: [Focus request 3b7ba3b com.android.settings/com.android.settings.Settings,reason=UpdateInputWindows]
02-29 14:03:13.835  2521  2912 I input_focus: [Focus entering 3b7ba3b com.android.settings/com.android.settings.Settings (server),reason=Window became focusable. Previous reason: NOT_VISIBLE]
02-29 14:03:14.258  2521  2610 I wm_destroy_activity: [0,17646831,227,com.android.settings/.SubSettings,finish-imm:idle]
02-29 14:03:14.292  3510  3510 I wm_on_stop_called: [17646831,com.android.settings.SubSettings,LIFECYCLER_STOP_ACTIVITY]
02-29 14:03:14.296  3510  3510 I wm_on_destroy_called: [17646831,com.android.settings.SubSettings,performDestroy]
02-29 14:03:14.551  2521  2912 I input_interaction: Interaction with: 3b7ba3b com.android.settings/com.android.settings.Settings (server), PointerEventDispatcher0 (server), 
02-29 14:03:14.644  3510  3510 I sysui_multi_action: [757,830,758,4,833,0,854,top_level_connected_devices,1089,0]
02-29 14:03:14.662  2521  2547 I wm_task_moved: [227,1,6]
02-29 14:03:14.662  2521  2547 I wm_create_activity: [0,101743247,227,com.android.settings/.SubSettings,android.intent.action.MAIN,NULL,NULL,0]
02-29 14:03:14.663  2521  2547 I wm_pause_activity: [0,89519630,com.android.settings/.Settings,userLeaving=true,resumeTopActivity]
02-29 14:03:14.665  3510  3510 I wm_on_top_resumed_lost_called: [89519630,com.android.settings.Settings,topStateChangedWhenResumed]
02-29 14:03:14.666  3510  3510 I sysui_multi_action: [757,35,758,2,1089,893]
02-29 14:03:14.666  3510  3510 I wm_on_paused_called: [89519630,com.android.settings.Settings,performPause]
02-29 14:03:14.667  2521  5634 I wm_add_to_stopping: [0,89519630,com.android.settings/.Settings,makeInvisible]
02-29 14:03:14.668  2521  5634 I wm_restart_activity: [0,101743247,227,com.android.settings/.SubSettings]
02-29 14:03:14.668  2521  5634 I wm_set_resumed_activity: [0,com.android.settings/.SubSettings,minimalResumeActivityLocked - onActivityStateChanged]
02-29 14:03:14.668  2521  2607 I sysui_multi_action: [757,803,799,window_time_0,802,1]
02-29 14:03:14.669  2521  2611 I input_focus: [Requesting to set focus to null window,reason=UpdateInputWindows]
02-29 14:03:14.681  3510  3510 I wm_on_create_called: [101743247,com.android.settings.SubSettings,performCreate]
02-29 14:03:14.688  3510  3510 I wm_on_start_called: [101743247,com.android.settings.SubSettings,handleStartActivity]
02-29 14:03:14.688  3510  3510 I snet_event_log: [120484087,-1,]
02-29 14:03:14.689  3510  3510 I wm_on_resume_called: [101743247,com.android.settings.SubSettings,RESUME_ACTIVITY]
02-29 14:03:14.689  3510  3510 I sysui_multi_action: [757,747,758,1,833,35,1089,14]
02-29 14:03:14.689  3510  3510 I sysui_multi_action: [757,1729,758,4,854,isParalleledControllers:false,1089,14]
02-29 14:03:14.692  3510  3510 I wm_on_top_resumed_gained_called: [101743247,com.android.settings.SubSettings,topStateChangedWhenResumed]
02-29 14:03:14.699  2521  2611 I input_focus: [Focus request 46405e4 com.android.settings/com.android.settings.SubSettings,reason=UpdateInputWindows]
02-29 14:03:14.702  2521  2912 I input_focus: [Focus leaving 3b7ba3b com.android.settings/com.android.settings.Settings (server),reason=NO_WINDOW]
02-29 14:03:14.706  2521  2607 I wm_activity_launch_time: [0,101743247,com.android.settings/.SubSettings,59]
02-29 14:03:14.820  2521  2912 I input_focus: [Focus entering 46405e4 com.android.settings/com.android.settings.SubSettings (server),reason=Window became focusable. Previous reason: NOT_VISIBLE]
02-29 14:03:15.190  2521  2610 I wm_stop_activity: [0,89519630,com.android.settings/.Settings]
02-29 14:03:15.222  3510  3510 I wm_on_stop_called: [89519630,com.android.settings.Settings,STOP_ACTIVITY_ITEM]
02-29 14:03:15.475  2521  2912 I input_interaction: Interaction with: 46405e4 com.android.settings/com.android.settings.SubSettings (server), PointerEventDispatcher0 (server), 
02-29 14:03:15.602  3510  3510 I sysui_multi_action: [757,830,758,4,833,0,854,connection_preferences,1089,0]
02-29 14:03:15.618  2521  2547 I wm_task_moved: [227,1,6]
02-29 14:03:15.618  2521  2547 I wm_create_activity: [0,179414,227,com.android.settings/.SubSettings,android.intent.action.MAIN,NULL,NULL,0]
02-29 14:03:15.620  2521  2547 I wm_pause_activity: [0,101743247,com.android.settings/.SubSettings,userLeaving=true,resumeTopActivity]
02-29 14:03:15.622  3510  3510 I wm_on_top_resumed_lost_called: [101743247,com.android.settings.SubSettings,topStateChangedWhenResumed]
02-29 14:03:15.623  3510  3510 I sysui_multi_action: [757,747,758,2,1089,934]
02-29 14:03:15.623  3510  3510 I wm_on_paused_called: [101743247,com.android.settings.SubSettings,performPause]
02-29 14:03:15.624  2521  2547 I wm_add_to_stopping: [0,101743247,com.android.settings/.SubSettings,makeInvisible]
02-29 14:03:15.624  2521  2547 I wm_restart_activity: [0,179414,227,com.android.settings/.SubSettings]
02-29 14:03:15.625  2521  2547 I wm_set_resumed_activity: [0,com.android.settings/.SubSettings,minimalResumeActivityLocked - onActivityStateChanged]
02-29 14:03:15.625  2521  2607 I sysui_multi_action: [757,803,799,window_time_0,802,1]
02-29 14:03:15.625  2521  2611 I input_focus: [Requesting to set focus to null window,reason=UpdateInputWindows]
02-29 14:03:15.645  3510  3510 I wm_on_create_called: [179414,com.android.settings.SubSettings,performCreate]
02-29 14:03:15.650  3510  3510 I wm_on_start_called: [179414,com.android.settings.SubSettings,handleStartActivity]
02-29 14:03:15.650  3510  3510 I snet_event_log: [120484087,-1,]
02-29 14:03:15.651  3510  3510 I wm_on_resume_called: [179414,com.android.settings.SubSettings,RESUME_ACTIVITY]
02-29 14:03:15.651  3510  3510 I sysui_multi_action: [757,1264,758,1,833,747,1089,19]
02-29 14:03:15.651  2521  7538 I am_uid_active: 10052
02-29 14:03:15.652  2521  2893 I am_unfreeze: [5200,com.android.printspooler]
02-29 14:03:15.654  2521  2912 I input_focus: [Focus leaving 46405e4 com.android.settings/com.android.settings.SubSettings (server),reason=NO_WINDOW]
02-29 14:03:15.656  3510  3510 I sysui_multi_action: [757,1729,758,4,854,isParalleledControllers:false,1089,24]
02-29 14:03:15.659  3510  3510 I wm_on_top_resumed_gained_called: [179414,com.android.settings.SubSettings,topStateChangedWhenResumed]
02-29 14:03:15.665  2521  2611 I input_focus: [Focus request ab2a755 com.android.settings/com.android.settings.SubSettings,reason=UpdateInputWindows]
02-29 14:03:15.671  2521  2607 I wm_activity_launch_time: [0,179414,com.android.settings/.SubSettings,66]
02-29 14:03:15.789  2521  2912 I input_focus: [Focus entering ab2a755 com.android.settings/com.android.settings.SubSettings (server),reason=Window became focusable. Previous reason: NOT_VISIBLE]
02-29 14:03:16.060  2521  2912 I input_interaction: Interaction with: 34818e7 NavigationBar0 (server), PointerEventDispatcher0 (server), 
02-29 14:03:16.163  2521  2610 I wm_stop_activity: [0,101743247,com.android.settings/.SubSettings]
02-29 14:03:16.192  3510  3510 I wm_on_stop_called: [101743247,com.android.settings.SubSettings,STOP_ACTIVITY_ITEM]
02-29 14:03:16.498  3137  3137 I sysui_multi_action: [757,931,758,4,759,4,932,0,933,0]
02-29 14:03:16.505  2521  2912 I input_interaction: Interaction with: ab2a755 com.android.settings/com.android.settings.SubSettings (server), PointerEventDispatcher0 (server), 
02-29 14:03:16.506  2521  2912 I input_interaction: Interaction with: 34818e7 NavigationBar0 (server), PointerEventDispatcher0 (server), 
02-29 14:03:16.594  3137  3137 I sysui_multi_action: [757,931,758,4,759,4,932,0,933,1]
02-29 14:03:16.596  2521  5634 I sysui_multi_action: [757,803,799,key_back_press,802,1]
02-29 14:03:16.603  2521  5634 I wm_finish_activity: [0,179414,227,com.android.settings/.SubSettings,app-request]
02-29 14:03:16.619  2521  5634 I wm_pause_activity: [0,179414,com.android.settings/.SubSettings,userLeaving=false,finish]
02-29 14:03:16.625  3510  3510 I wm_on_top_resumed_lost_called: [179414,com.android.settings.SubSettings,topStateChangedWhenResumed]
02-29 14:03:16.629  3510  3510 I sysui_multi_action: [757,1264,758,2,1089,977]
02-29 14:03:16.630  3510  3510 I wm_on_paused_called: [179414,com.android.settings.SubSettings,performPause]
02-29 14:03:16.631  2521  2547 I wm_add_to_stopping: [0,179414,com.android.settings/.SubSettings,completeFinishing]
02-29 14:03:16.635  2521  2547 I wm_set_resumed_activity: [0,com.android.settings/.SubSettings,resumeTopActivity - onActivityStateChanged]
02-29 14:03:16.636  2521  2547 I wm_resume_activity: [0,101743247,227,com.android.settings/.SubSettings]
02-29 14:03:16.637  2521  2607 I sysui_multi_action: [757,803,799,window_time_0,802,1]
02-29 14:03:16.640  2521  2912 I input_focus: [Focus leaving ab2a755 com.android.settings/com.android.settings.SubSettings (server),reason=NO_WINDOW]
02-29 14:03:16.641  3510  3510 I wm_on_restart_called: [101743247,com.android.settings.SubSettings,performRestartActivity]
02-29 14:03:16.663  3510  3510 I wm_on_start_called: [101743247,com.android.settings.SubSettings,handleStartActivity]
02-29 14:03:16.664  3510  3510 I snet_event_log: [120484087,-1,]
02-29 14:03:16.665  3510  3510 I wm_on_resume_called: [101743247,com.android.settings.SubSettings,RESUME_ACTIVITY]
02-29 14:03:16.666  3510  3510 I sysui_multi_action: [757,747,758,1,833,35,1089,0]
02-29 14:03:16.667  3510  3510 I wm_on_top_resumed_gained_called: [101743247,com.android.settings.SubSettings,topWhenResuming]
02-29 14:03:16.676  2521  2611 I input_focus: [Focus request 46405e4 com.android.settings/com.android.settings.SubSettings,reason=UpdateInputWindows]
02-29 14:03:16.741  2521  2912 I input_focus: [Focus entering 46405e4 com.android.settings/com.android.settings.SubSettings (server),reason=Window became focusable. Previous reason: NOT_VISIBLE]
02-29 14:03:17.166  2521  2610 I wm_destroy_activity: [0,179414,227,com.android.settings/.SubSettings,finish-imm:idle]
02-29 14:03:17.193  3510  3510 I wm_on_stop_called: [179414,com.android.settings.SubSettings,LIFECYCLER_STOP_ACTIVITY]
02-29 14:03:17.200  3510  3510 I wm_on_destroy_called: [179414,com.android.settings.SubSettings,performDestroy]
02-29 14:03:22.546  2521  2611 I input_focus: [Focus request 6a5643d com.android.settings/com.android.settings.SubSettings,reason=UpdateInputWindows]
02-29 14:03:22.572  2521  2912 I input_focus: [Focus leaving 46405e4 com.android.settings/com.android.settings.SubSettings (server),reason=Waiting for window because NOT_VISIBLE]
02-29 14:03:22.610  2521  2912 I input_focus: [Focus entering 6a5643d com.android.settings/com.android.settings.SubSettings (server),reason=Window became focusable. Previous reason: NOT_VISIBLE]
02-29 14:03:23.688  2521  2912 I input_interaction: Interaction with: 6a5643d com.android.settings/com.android.settings.SubSettings (server), PointerEventDispatcher0 (server), 
02-29 14:03:23.869  2521  2611 I input_focus: [Focus request 46405e4 com.android.settings/com.android.settings.SubSettings,reason=UpdateInputWindows]
02-29 14:03:23.892  2521  2912 I input_focus: [Focus entering 46405e4 com.android.settings/com.android.settings.SubSettings (server),reason=setFocusedWindow]
02-29 14:03:23.911  2521  2893 I am_compact: [4658,com.android.permissioncontroller,anon,104796,58492,45304,7888,-4892,0,-4892,4892,62,2,12064681,905,19,3304188,-5120]
02-29 14:03:24.914  2521  2912 I input_interaction: Interaction with: 46405e4 com.android.settings/com.android.settings.SubSettings (server), PointerEventDispatcher0 (server), 
02-29 14:03:24.983  3510  3510 I sysui_multi_action: [757,830,758,4,833,0,854,add_bt_devices,1089,0]
02-29 14:03:25.002  2521  5634 I wm_task_moved: [227,1,6]
02-29 14:03:25.003  2521  5634 I wm_create_activity: [0,60421010,227,com.android.settings/.SubSettings,android.intent.action.MAIN,NULL,NULL,0]
02-29 14:03:25.004  2521  5634 I wm_pause_activity: [0,101743247,com.android.settings/.SubSettings,userLeaving=true,resumeTopActivity]
02-29 14:03:25.005  3510  3510 I wm_on_top_resumed_lost_called: [101743247,com.android.settings.SubSettings,topStateChangedWhenResumed]
02-29 14:03:25.006  3510  3510 I sysui_multi_action: [757,747,758,2,1089,8341]
02-29 14:03:25.007  3510  3510 I wm_on_paused_called: [101743247,com.android.settings.SubSettings,performPause]
02-29 14:03:25.007  2521  2547 I wm_add_to_stopping: [0,101743247,com.android.settings/.SubSettings,makeInvisible]
02-29 14:03:25.007  2521  2547 I wm_restart_activity: [0,60421010,227,com.android.settings/.SubSettings]
02-29 14:03:25.008  2521  2547 I wm_set_resumed_activity: [0,com.android.settings/.SubSettings,minimalResumeActivityLocked - onActivityStateChanged]
02-29 14:03:25.008  2521  2607 I sysui_multi_action: [757,803,799,window_time_0,802,8]
02-29 14:03:25.009  2521  2611 I input_focus: [Requesting to set focus to null window,reason=UpdateInputWindows]
02-29 14:03:25.017  2521  2617 I am_pss  : [16303,10033,com.android.apps.tag,45580288,20119552,19861504,158310400,0,19,6]
02-29 14:03:25.018  3510  3510 I wm_on_create_called: [60421010,com.android.settings.SubSettings,performCreate]
02-29 14:03:25.024  3510  3510 I wm_on_start_called: [60421010,com.android.settings.SubSettings,handleStartActivity]
02-29 14:03:25.024  3510  3510 I snet_event_log: [120484087,-1,]
02-29 14:03:25.025  3510  3510 I wm_on_resume_called: [60421010,com.android.settings.SubSettings,RESUME_ACTIVITY]
02-29 14:03:25.025  3510  3510 I sysui_multi_action: [757,1018,758,1,833,747,1089,9]
02-29 14:03:25.026  3510  3510 I sysui_multi_action: [757,1729,758,4,854,isParalleledControllers:false,1089,10]
02-29 14:03:25.026  2521  2912 I input_focus: [Focus leaving 46405e4 com.android.settings/com.android.settings.SubSettings (server),reason=NO_WINDOW]
02-29 14:03:25.028  3510  3510 I wm_on_top_resumed_gained_called: [60421010,com.android.settings.SubSettings,topStateChangedWhenResumed]
02-29 14:03:25.033  2521  2611 I input_focus: [Focus request b55938e com.android.settings/com.android.settings.SubSettings,reason=UpdateInputWindows]
02-29 14:03:25.041  2521  2607 I wm_activity_launch_time: [0,60421010,com.android.settings/.SubSettings,55]
02-29 14:03:25.144  2521  2912 I input_focus: [Focus entering b55938e com.android.settings/com.android.settings.SubSettings (server),reason=Window became focusable. Previous reason: NOT_VISIBLE]
02-29 14:03:25.512  2521  2610 I wm_stop_activity: [0,101743247,com.android.settings/.SubSettings]
02-29 14:03:25.726  3510  3510 I wm_on_stop_called: [101743247,com.android.settings.SubSettings,STOP_ACTIVITY_ITEM]
02-29 14:03:26.824  2521  3275 I wm_task_created: [257,-1]
02-29 14:03:26.831  2521  3275 I wm_task_moved: [257,1,7]
02-29 14:03:26.831  2521  3275 I wm_task_to_front: [0,257]
02-29 14:03:26.831  2521  3275 I wm_create_task: [0,257]
02-29 14:03:26.831  2521  3275 I wm_create_activity: [0,139971252,257,com.android.nfc/.handover.ConfirmConnectActivity,NULL,NULL,NULL,276856832]
02-29 14:03:26.831  2521  3275 I wm_task_moved: [257,1,7]
02-29 14:03:26.831  2521  3275 I wm_pause_activity: [0,60421010,com.android.settings/.SubSettings,userLeaving=true,pauseBackTasks]
02-29 14:03:26.846  3510  3510 I wm_on_top_resumed_lost_called: [60421010,com.android.settings.SubSettings,topStateChangedWhenResumed]
02-29 14:03:26.846  3510  3510 I sysui_multi_action: [757,1018,758,2,1089,1821]
02-29 14:03:26.846  3510  3510 I wm_on_paused_called: [60421010,com.android.settings.SubSettings,performPause]
02-29 14:03:26.848  2521  5634 I wm_restart_activity: [0,139971252,257,com.android.nfc/.handover.ConfirmConnectActivity]
02-29 14:03:26.848  2521  5634 I wm_set_resumed_activity: [0,com.android.nfc/.handover.ConfirmConnectActivity,minimalResumeActivityLocked - onActivityStateChanged]
02-29 14:03:26.849  2521  2607 I sysui_multi_action: [757,803,799,window_time_0,802,2]
02-29 14:03:26.849  2521  2611 I input_focus: [Requesting to set focus to null window,reason=UpdateInputWindows]
02-29 14:03:26.854  4957  4957 I wm_on_create_called: [139971252,com.android.nfc.handover.ConfirmConnectActivity,performCreate]
02-29 14:03:26.855  4957  4957 I wm_on_start_called: [139971252,com.android.nfc.handover.ConfirmConnectActivity,handleStartActivity]
02-29 14:03:26.855  4957  4957 I wm_on_resume_called: [139971252,com.android.nfc.handover.ConfirmConnectActivity,RESUME_ACTIVITY]
02-29 14:03:26.857  4957  4957 I wm_on_top_resumed_gained_called: [139971252,com.android.nfc.handover.ConfirmConnectActivity,topStateChangedWhenResumed]
02-29 14:03:26.864  2521  2611 I input_focus: [Focus request fd6a923 com.android.nfc/com.android.nfc.handover.ConfirmConnectActivity,reason=UpdateInputWindows]
02-29 14:03:26.875  2521  2607 I sysui_multi_action: [319,51,322,50,325,12090,757,761,758,8,759,2,806,com.android.nfc,871,com.android.nfc.handover.ConfirmConnectActivity,904,com.android.nfc,905,0,1320,4,1321,23]
02-29 14:03:26.876  2521  2607 I wm_activity_launch_time: [0,139971252,com.android.nfc/.handover.ConfirmConnectActivity,50]
02-29 14:03:26.883  2521  2912 I input_focus: [Focus leaving b55938e com.android.settings/com.android.settings.SubSettings (server),reason=Waiting for window because NOT_FOCUSABLE]
02-29 14:03:26.915  2521  2912 I input_focus: [Focus entering fd6a923 com.android.nfc/com.android.nfc.handover.ConfirmConnectActivity (server),reason=Window became focusable. Previous reason: NOT_VISIBLE]
02-29 14:03:27.633  2521  2912 I input_interaction: Interaction with: fd6a923 com.android.nfc/com.android.nfc.handover.ConfirmConnectActivity (server), PointerEventDispatcher0 (server), 
02-29 14:03:27.803  2521  3275 I wm_finish_activity: [0,139971252,257,com.android.nfc/.handover.ConfirmConnectActivity,app-request]
02-29 14:03:27.804  2521  3275 I wm_task_moved: [227,1,7]
02-29 14:03:27.804  2521  3275 I wm_task_to_front: [0,227]
02-29 14:03:27.807  2521  3275 I wm_focused_root_task: [0,0,227,257,finish-top adjustFocusToNextFocusableTask]
02-29 14:03:27.815  2521  3275 I wm_pause_activity: [0,139971252,com.android.nfc/.handover.ConfirmConnectActivity,userLeaving=false,finish]
02-29 14:03:27.819  2521  2611 I input_focus: [Focus request b55938e com.android.settings/com.android.settings.SubSettings,reason=UpdateInputWindows]
02-29 14:03:27.835  4957  4957 I wm_on_top_resumed_lost_called: [139971252,com.android.nfc.handover.ConfirmConnectActivity,topStateChangedWhenResumed]
02-29 14:03:27.836  4957  4957 I wm_on_paused_called: [139971252,com.android.nfc.handover.ConfirmConnectActivity,performPause]
02-29 14:03:27.836  2521  2912 I input_focus: [Focus entering b55938e com.android.settings/com.android.settings.SubSettings (server),reason=setFocusedWindow]
02-29 14:03:27.843  2521  3275 I wm_set_resumed_activity: [0,com.android.settings/.SubSettings,resumeTopActivity - onActivityStateChanged]
02-29 14:03:27.844  2521  3275 I wm_resume_activity: [0,60421010,227,com.android.settings/.SubSettings]
02-29 14:03:27.845  2521  2607 I sysui_multi_action: [757,803,799,window_time_0,802,1]
02-29 14:03:27.873  3510  3510 I wm_on_resume_called: [60421010,com.android.settings.SubSettings,RESUME_ACTIVITY]
02-29 14:03:27.874  3510  3510 I sysui_multi_action: [757,1018,758,1,833,747,1089,0]
02-29 14:03:27.877  3510  3510 I wm_on_top_resumed_gained_called: [60421010,com.android.settings.SubSettings,topWhenResuming]
02-29 14:03:27.954  2521  2547 I wm_destroy_activity: [0,139971252,257,com.android.nfc/.handover.ConfirmConnectActivity,finish-idle]
02-29 14:03:27.956  4957  4957 I wm_on_stop_called: [139971252,com.android.nfc.handover.ConfirmConnectActivity,LIFECYCLER_STOP_ACTIVITY]
02-29 14:03:27.957  4957  4957 I wm_on_destroy_called: [139971252,com.android.nfc.handover.ConfirmConnectActivity,performDestroy]
02-29 14:03:28.101  2521  2611 I wm_task_removed: [257,removeChild:removeChild last r=ActivityRecord{857cab4 u0 com.android.nfc/.handover.ConfirmConnectActivity} t-1 f}} in t=Task{b872fc6 #257 type=standard A=1027:com.android.nfc}]
02-29 14:03:28.101  2521  2611 I wm_task_removed: [257,removeChild]
02-29 14:03:37.202  2521  2618 I am_uid_idle: 10033
02-29 14:03:49.156  2521  2912 I input_interaction: Interaction with: 34818e7 NavigationBar0 (server), PointerEventDispatcher0 (server), 
02-29 14:03:49.159  3137  3137 I sysui_multi_action: [757,931,758,4,759,4,932,0,933,0]
02-29 14:03:49.168  2521  2912 I input_interaction: Interaction with: b55938e com.android.settings/com.android.settings.SubSettings (server), PointerEventDispatcher0 (server), 
02-29 14:03:49.197  2521  2912 I input_interaction: Interaction with: 34818e7 NavigationBar0 (server), PointerEventDispatcher0 (server), 
02-29 14:03:49.260  3137  3137 I sysui_multi_action: [757,931,758,4,759,4,932,0,933,1]
02-29 14:03:49.262  2521  3106 I sysui_multi_action: [757,803,799,key_back_press,802,1]
02-29 14:03:49.265  2521  3106 I wm_finish_activity: [0,60421010,227,com.android.settings/.SubSettings,app-request]
02-29 14:03:49.279  2521  3106 I wm_pause_activity: [0,60421010,com.android.settings/.SubSettings,userLeaving=false,finish]
02-29 14:03:49.281  3510  3510 I wm_on_top_resumed_lost_called: [60421010,com.android.settings.SubSettings,topStateChangedWhenResumed]
02-29 14:03:49.283  3510  3510 I sysui_multi_action: [757,1018,758,2,1089,21410]
02-29 14:03:49.284  3510  3510 I wm_on_paused_called: [60421010,com.android.settings.SubSettings,performPause]
02-29 14:03:49.285  2521  3106 I wm_add_to_stopping: [0,60421010,com.android.settings/.SubSettings,completeFinishing]
02-29 14:03:49.288  2521  3106 I wm_set_resumed_activity: [0,com.android.settings/.SubSettings,resumeTopActivity - onActivityStateChanged]
02-29 14:03:49.289  2521  3106 I wm_resume_activity: [0,101743247,227,com.android.settings/.SubSettings]
02-29 14:03:49.290  2521  2607 I sysui_multi_action: [757,803,799,window_time_0,802,21]
02-29 14:03:49.293  3510  3510 I wm_on_restart_called: [101743247,com.android.settings.SubSettings,performRestartActivity]
02-29 14:03:49.303  2521  2912 I input_focus: [Focus leaving b55938e com.android.settings/com.android.settings.SubSettings (server),reason=NO_WINDOW]
02-29 14:03:49.342  3510  3510 I wm_on_start_called: [101743247,com.android.settings.SubSettings,handleStartActivity]
02-29 14:03:49.343  3510  3510 I snet_event_log: [120484087,-1,]
02-29 14:03:49.344  3510  3510 I wm_on_resume_called: [101743247,com.android.settings.SubSettings,RESUME_ACTIVITY]
02-29 14:03:49.345  3510  3510 I sysui_multi_action: [757,747,758,1,833,35,1089,0]
02-29 14:03:49.348  3510  3510 I wm_on_top_resumed_gained_called: [101743247,com.android.settings.SubSettings,topWhenResuming]
02-29 14:03:49.368  2521  2611 I input_focus: [Focus request 46405e4 com.android.settings/com.android.settings.SubSettings,reason=UpdateInputWindows]
02-29 14:03:49.436  2521  2912 I input_focus: [Focus entering 46405e4 com.android.settings/com.android.settings.SubSettings (server),reason=Window became focusable. Previous reason: NOT_VISIBLE]
02-29 14:03:49.861  2521  2610 I wm_destroy_activity: [0,60421010,227,com.android.settings/.SubSettings,finish-imm:idle]
02-29 14:03:49.894  3510  3510 I wm_on_stop_called: [60421010,com.android.settings.SubSettings,LIFECYCLER_STOP_ACTIVITY]
02-29 14:03:49.898  3510  3510 I wm_on_destroy_called: [60421010,com.android.settings.SubSettings,performDestroy]
02-29 14:03:55.213  2521  2912 I input_interaction: Interaction with: 46405e4 com.android.settings/com.android.settings.SubSettings (server), PointerEventDispatcher0 (server), 
02-29 14:03:56.858  2521  2913 I sysui_multi_action: [757,804,799,power_consecutive_short_tap_count,801,1,802,1]
02-29 14:03:56.858  2521  2913 I sysui_multi_action: [757,804,799,power_double_tap_interval,801,532902,802,1]
02-29 14:03:56.858  2521  2913 I intercept_power: [ACTION_DOWN,0,1]
02-29 14:03:57.075  2521  2913 I intercept_power: [ACTION_UP,0,0]
02-29 14:03:57.080  2521  2521 I power_sleep_requested: 0
02-29 14:03:57.131  2521  2666 I sysui_multi_action: [757,1696,758,6,759,0]
02-29 14:03:57.570   990   990 I auditd  : type=1400 audit(0.0:899): avc: denied { read } for comm="binder:990_9" name="wakeup26" dev="sysfs" ino=124287 scontext=u:r:system_suspend:s0 tcontext=u:object_r:sysfs:s0 tclass=dir permissive=0
02-29 14:03:57.575  2521  2666 I wm_pause_activity: [0,101743247,com.android.settings/.SubSettings,userLeaving=false,sleep]
02-29 14:03:57.584  3510  3510 I wm_on_top_resumed_lost_called: [101743247,com.android.settings.SubSettings,topStateChangedWhenResumed]
02-29 14:03:57.586   990   990 I auditd  : type=1400 audit(0.0:900): avc: denied { read } for comm="binder:990_9" name="wakeup5" dev="sysfs" ino=99480 scontext=u:r:system_suspend:s0 tcontext=u:object_r:sysfs:s0 tclass=dir permissive=0
02-29 14:03:57.586   990   990 I auditd  : type=1400 audit(0.0:901): avc: denied { read } for comm="binder:990_9" name="wakeup10" dev="sysfs" ino=103374 scontext=u:r:system_suspend:s0 tcontext=u:object_r:sysfs:s0 tclass=dir permissive=0
02-29 14:03:57.590  2521  2913 I sysui_multi_action: [757,804,799,power_consecutive_short_tap_count,801,1,802,1]
02-29 14:03:57.590  2521  2913 I sysui_multi_action: [757,804,799,power_double_tap_interval,801,721,802,1]
02-29 14:03:57.590  2521  2913 I intercept_power: [ACTION_DOWN,0,1]
02-29 14:03:57.596  3510  3510 I sysui_multi_action: [757,747,758,2,1089,8251]
02-29 14:03:57.599  2521  2521 I sysui_multi_action: [757,198,758,2,759,2,1359,739,1695,1]
02-29 14:03:57.599  2521  2521 I power_screen_state: [0,2,0,0,739]
02-29 14:03:57.599  2521  2521 I screen_toggled: 0
02-29 14:03:57.599  2521  2521 I sysui_multi_action: [757,804,799,screen_timeout,801,1800,802,1]
02-29 14:03:57.599  3510  3510 I wm_on_paused_called: [101743247,com.android.settings.SubSettings,performPause]
02-29 14:03:57.598   990   990 I auditd  : type=1400 audit(0.0:902): avc: denied { read } for comm="binder:990_9" name="wakeup26" dev="sysfs" ino=124287 scontext=u:r:system_suspend:s0 tcontext=u:object_r:sysfs:s0 tclass=dir permissive=0
02-29 14:03:57.602   990   990 I auditd  : type=1400 audit(0.0:903): avc: denied { read } for comm="binder:990_9" name="wakeup5" dev="sysfs" ino=99480 scontext=u:r:system_suspend:s0 tcontext=u:object_r:sysfs:s0 tclass=dir permissive=0
02-29 14:03:57.602   990   990 I auditd  : type=1400 audit(0.0:904): avc: denied { read } for comm="binder:990_9" name="wakeup10" dev="sysfs" ino=103374 scontext=u:r:system_suspend:s0 tcontext=u:object_r:sysfs:s0 tclass=dir permissive=0
02-29 14:03:57.608  2521  2666 I wm_set_resumed_activity: [0,com.android.settings/.SubSettings,resumeTopActivity - onActivityStateChanged]
02-29 14:03:57.612  2521  2666 I wm_resume_activity: [0,101743247,227,com.android.settings/.SubSettings]
02-29 14:03:57.612  2521  2607 I sysui_multi_action: [757,803,799,window_time_0,802,9]
02-29 14:03:57.615  2521  2547 I wm_failed_to_pause: [0,101743247,com.android.settings/.SubSettings,(none)]
02-29 14:03:57.615  2521  2521 I sysui_multi_action: [757,1594,758,4,759,-2147483648,1359,533471]
02-29 14:03:57.615  2521  2521 I power_screen_broadcast_send: 1
02-29 14:03:57.615  2521  2521 I screen_toggled: 1
02-29 14:03:57.617  2521  2666 I sysui_multi_action: [757,1696,758,6,759,3]
02-29 14:03:57.617  3510  3510 I wm_on_resume_called: [101743247,com.android.settings.SubSettings,RESUME_ACTIVITY]
02-29 14:03:57.618  3510  3510 I sysui_multi_action: [757,747,758,1,833,35,1089,0]
02-29 14:03:57.621  3510  3510 I wm_on_top_resumed_gained_called: [101743247,com.android.settings.SubSettings,topWhenResuming]
02-29 14:03:57.632  3137  3137 I sysui_multi_action: [757,111,758,1]
02-29 14:03:57.632  3137  3137 I sysui_multi_action: [757,126,758,1,759,126,927,0,928,1,1593,0]
02-29 14:03:57.632  3137  3137 I sysui_multi_action: [757,113,758,1,759,113,927,1,928,1,1593,0]
02-29 14:03:57.633  3137  3137 I sysui_multi_action: [757,119,758,1,759,119,927,2,928,0,1593,0]
02-29 14:03:57.633  3137  3137 I sysui_multi_action: [757,118,758,1,759,118,927,3,928,0,1593,0]
02-29 14:03:57.636  3137  3137 I sysui_multi_action: [757,196,758,1,759,1]
02-29 14:03:57.636  3137  3137 I sysui_status_bar_state: [1,1,0,0,1,0]
02-29 14:03:57.646  2521  5640 I wm_set_keyguard_shown: [0,1,0,0,0,setKeyguardShown]
02-29 14:03:57.647  2521  5640 I wm_pause_activity: [0,101743247,com.android.settings/.SubSettings,userLeaving=false,sleep]
02-29 14:03:57.647  3510  3510 I wm_on_top_resumed_lost_called: [101743247,com.android.settings.SubSettings,topStateChangedWhenResumed]
02-29 14:03:57.649  2521  5640 I wm_add_to_stopping: [0,101743247,com.android.settings/.SubSettings,makeInvisible]
02-29 14:03:57.649  2521  2611 I input_focus: [Requesting to set focus to null window,reason=UpdateInputWindows]
02-29 14:03:57.650  2521  5634 I sysui_multi_action: [757,127,758,1]
02-29 14:03:57.650  2521  5634 I sysui_multi_action: [757,804,799,note_load,801,2,802,1]
02-29 14:03:57.650  2521  5634 I notification_panel_revealed: 2
02-29 14:03:57.651  3510  3510 I sysui_multi_action: [757,747,758,2,1089,32]
02-29 14:03:57.652  3510  3510 I wm_on_paused_called: [101743247,com.android.settings.SubSettings,performPause]
02-29 14:03:57.652  2521  2610 I user_activity_timeout_override: 10000
02-29 14:03:57.654  2521  2611 I input_focus: [Focus request 23717bf NotificationShade,reason=UpdateInputWindows]
02-29 14:03:57.655  2521  2607 I sysui_multi_action: [757,803,799,window_time_0,802,0]
02-29 14:03:57.657  2521  2610 I wm_stop_activity: [0,101743247,com.android.settings/.SubSettings]
02-29 14:03:57.668  3510  3510 I wm_on_stop_called: [101743247,com.android.settings.SubSettings,STOP_ACTIVITY_ITEM]
02-29 14:03:57.720  2521  2611 I wm_wallpaper_surface: [0,1,Window{23717bf u0 NotificationShade}]
02-29 14:03:57.723  2521  5640 I sysui_multi_action: [757,127,758,2]
02-29 14:03:57.723  2521  5640 I notification_panel_hidden: 
02-29 14:03:57.727  2521  5640 I sysui_multi_action: [757,127,758,1]
02-29 14:03:57.727  2521  5640 I sysui_multi_action: [757,804,799,note_load,801,1,802,1]
02-29 14:03:57.727  2521  5640 I notification_panel_revealed: 1
02-29 14:03:57.755  2521  2912 I input_focus: [Focus leaving 46405e4 com.android.settings/com.android.settings.SubSettings (server),reason=NO_WINDOW]
02-29 14:03:57.756  2521  2912 I input_focus: [Focus entering 23717bf NotificationShade (server),reason=setFocusedWindow]
02-29 14:03:57.758  2521  2913 I intercept_power: [ACTION_UP,0,0]
02-29 14:03:57.781  2521  2521 I power_screen_broadcast_done: [0,165,1]
02-29 14:03:57.781  2521  2521 I power_screen_broadcast_send: 1
02-29 14:03:57.832  2521  2521 I power_screen_broadcast_done: [1,52,1]
02-29 14:03:57.996  2521  2521 I sysui_multi_action: [757,198,758,1,759,1,1359,418,1694,1]
02-29 14:03:57.996  2521  2521 I power_screen_state: [1,0,0,0,418]
02-29 14:03:58.139  2521  5640 I sysui_multi_action: [757,128,758,1,793,16203224,794,0,795,16203224,796,2131755065,798,0,806,com.baidu.searchbox,857,fastsearch_channel,858,3,946,fastsearch_channel,947,0,1395,1,1500,300773,1688,1]
02-29 14:03:58.139  2521  5640 I sysui_multi_action: [757,1501,758,1,793,16203224,794,0,795,16203224,796,2131755065,806,com.baidu.searchbox,857,fastsearch_channel,858,3,946,fastsearch_channel,947,0,1500,0,1688,1]
02-29 14:03:58.139  2521  5640 I sysui_multi_action: [757,804,799,note_interruptive,801,0,802,1]
02-29 14:03:58.139  2521  5640 I sysui_multi_action: [757,804,799,note_freshness,801,16203224,802,1]
02-29 14:03:58.139  2521  5640 I notification_visibility: [0|com.baidu.searchbox|2131755065|null|10144,1,16203224,16203224,0,0]
02-29 14:03:58.310  2521  2912 I input_interaction: Interaction with: 23717bf NotificationShade (server), PointerEventDispatcher0 (server), 
02-29 14:03:58.356  3137  3137 I sysui_multi_action: [757,197,758,1,759,1]
02-29 14:03:58.356  3137  3137 I sysui_status_bar_state: [1,1,0,1,1,0]
02-29 14:03:58.357  3137  3137 I sysui_multi_action: [757,196,758,1,759,1]
02-29 14:03:58.357  3137  3137 I sysui_status_bar_state: [1,1,0,0,1,0]
02-29 14:03:58.409  3137  3137 I sysui_multi_action: [757,186,758,4,826,249,827,4859]
02-29 14:03:58.410  3137  3137 I sysui_lockscreen_gesture: [1,249,4859]
02-29 14:03:58.438  2521  7538 I sysui_multi_action: [757,128,758,2,793,16203523,794,299,795,16203523,796,2131755065,798,0,806,com.baidu.searchbox,857,fastsearch_channel,858,3,946,fastsearch_channel,947,0,1395,1,1500,299,1688,1]
02-29 14:03:58.438  2521  7538 I notification_visibility: [0|com.baidu.searchbox|2131755065|null|10144,0,16203523,16203523,0,0]
02-29 14:03:58.439  3137  3137 I sysui_multi_action: [757,197,758,1,759,1]
02-29 14:03:58.439  3137  3137 I sysui_status_bar_state: [1,1,0,1,1,0]
02-29 14:03:58.456  2521  7538 I sysui_multi_action: [757,127,758,2]
02-29 14:03:58.456  2521  7538 I notification_panel_hidden: 
02-29 14:03:59.375  3137  3137 I sysui_multi_action: [757,197,758,10]
02-29 14:03:59.376  3137  3137 I sysui_multi_action: [757,197,758,5,759,1]
02-29 14:03:59.621  2521  3106 I wm_set_keyguard_shown: [0,1,0,1,0,keyguardGoingAway]
02-29 14:03:59.623  2521  3106 I wm_set_resumed_activity: [0,com.android.settings/.SubSettings,resumeTopActivity - onActivityStateChanged]
02-29 14:03:59.624  2521  3106 I wm_resume_activity: [0,101743247,227,com.android.settings/.SubSettings]
02-29 14:03:59.633  2521  5640 I uc_unlock_user: 0
02-29 14:03:59.634  2521  5640 I uc_finish_user_unlocking: 0
02-29 14:03:59.636  3510  3510 I wm_on_restart_called: [101743247,com.android.settings.SubSettings,performRestartActivity]
02-29 14:03:59.642  3137  3137 I sysui_multi_action: [757,1697,758,15,759,0,1741,5]
02-29 14:03:59.665  3510  3510 I wm_on_start_called: [101743247,com.android.settings.SubSettings,handleStartActivity]
02-29 14:03:59.665  3510  3510 I snet_event_log: [120484087,-1,]
02-29 14:03:59.666  3510  3510 I wm_on_resume_called: [101743247,com.android.settings.SubSettings,RESUME_ACTIVITY]
02-29 14:03:59.666  3510  3510 I sysui_multi_action: [757,747,758,1,833,35,1089,0]
02-29 14:03:59.669  3510  3510 I wm_on_top_resumed_gained_called: [101743247,com.android.settings.SubSettings,topWhenResuming]
02-29 14:03:59.985  2521  3106 I wm_set_keyguard_shown: [0,0,0,1,0,setKeyguardShown]
02-29 14:03:59.989  3137  3137 I sysui_multi_action: [757,111,758,2]
02-29 14:03:59.991  3137  3137 I sysui_multi_action: [757,196,758,2,759,1]
02-29 14:03:59.991  3137  3137 I sysui_status_bar_state: [0,0,0,0,1,0]
02-29 14:04:00.005  2521  2610 I user_activity_timeout_override: -1
02-29 14:04:00.006  2521  2611 I input_focus: [Focus request 46405e4 com.android.settings/com.android.settings.SubSettings,reason=UpdateInputWindows]
02-29 14:04:00.026  2521  2912 I input_focus: [Focus leaving 23717bf NotificationShade (server),reason=NOT_FOCUSABLE]
02-29 14:04:00.026  2521  2912 I input_focus: [Focus entering 46405e4 com.android.settings/com.android.settings.SubSettings (server),reason=setFocusedWindow]
02-29 14:04:00.145  2521  3275 I wm_wallpaper_surface: [0,0,null]
02-29 14:04:00.822  2521  2611 I input_focus: [Focus request 5cf807b com.android.settings/com.android.settings.SubSettings,reason=UpdateInputWindows]
02-29 14:04:00.844  2521  2912 I input_focus: [Focus leaving 46405e4 com.android.settings/com.android.settings.SubSettings (server),reason=Waiting for window because NO_WINDOW]
02-29 14:04:00.895  2521  2912 I input_focus: [Focus entering 5cf807b com.android.settings/com.android.settings.SubSettings (server),reason=Window became focusable. Previous reason: NOT_VISIBLE]
02-29 14:04:01.349  2521  2912 I input_interaction: Interaction with: 5cf807b com.android.settings/com.android.settings.SubSettings (server), PointerEventDispatcher0 (server), 
02-29 14:04:12.613  2521  2611 I input_focus: [Focus request 46405e4 com.android.settings/com.android.settings.SubSettings,reason=UpdateInputWindows]
02-29 14:04:12.639  2521  2912 I input_focus: [Focus entering 46405e4 com.android.settings/com.android.settings.SubSettings (server),reason=setFocusedWindow]
02-29 14:04:18.138  2521  2912 I input_interaction: Interaction with: 34818e7 NavigationBar0 (server), PointerEventDispatcher0 (server), 
02-29 14:04:18.144  3137  3137 I sysui_multi_action: [757,931,758,4,759,3,932,0,933,0]
02-29 14:04:18.217  3137  3137 I sysui_multi_action: [757,931,758,4,759,3,932,0,933,1]
02-29 14:04:18.224  2521  2608 I wm_task_moved: [1,1,6]
02-29 14:04:18.224  2521  2608 I wm_task_moved: [141,1,2147483647]
02-29 14:04:18.224  2521  2608 I wm_task_to_front: [0,141]
02-29 14:04:18.224  2521  2608 I wm_focused_root_task: [0,0,1,227,bringingFoundTaskToFront]
02-29 14:04:18.224  3510  3510 I wm_on_top_resumed_lost_called: [101743247,com.android.settings.SubSettings,topStateChangedWhenResumed]
02-29 14:04:18.224  2521  2608 I wm_set_resumed_activity: [0,com.android.launcher3/.uioverrides.QuickstepLauncher,bringingFoundTaskToFront]
02-29 14:04:18.224  2521  2608 I wm_new_intent: [0,126596948,141,com.android.launcher3/.uioverrides.QuickstepLauncher,android.intent.action.MAIN,NULL,NULL,268435712]
02-29 14:04:18.225  2521  2608 I wm_pause_activity: [0,101743247,com.android.settings/.SubSettings,userLeaving=true,pauseBackTasks]
02-29 14:04:18.226  2521  2608 I wm_add_to_stopping: [0,101743247,com.android.settings/.SubSettings,makeInvisible]
02-29 14:04:18.227  2521  2607 I sysui_multi_action: [757,803,799,window_time_0,802,20]
02-29 14:04:18.228  2521  2608 I wm_set_resumed_activity: [0,com.android.launcher3/.uioverrides.QuickstepLauncher,resumeTopActivity - onActivityStateChanged]
02-29 14:04:18.228  2521  2608 I wm_resume_activity: [0,126596948,141,com.android.launcher3/.uioverrides.QuickstepLauncher]
02-29 14:04:18.229  3697  3697 I wm_on_restart_called: [126596948,com.android.launcher3.uioverrides.QuickstepLauncher,performRestartActivity]
02-29 14:04:18.229  3697  3697 I wm_on_start_called: [126596948,com.android.launcher3.uioverrides.QuickstepLauncher,handleStartActivity]
02-29 14:04:18.230  2521  2611 I input_focus: [Requesting to set focus to null window,reason=UpdateInputWindows]
02-29 14:04:18.231  3697  3697 I wm_on_resume_called: [126596948,com.android.launcher3.uioverrides.QuickstepLauncher,RESUME_ACTIVITY]
02-29 14:04:18.237  3510  3510 I sysui_multi_action: [757,747,758,2,1089,18571]
02-29 14:04:18.238  3510  3510 I wm_on_paused_called: [101743247,com.android.settings.SubSettings,performPause]
02-29 14:04:18.239  2521  2611 I input_focus: [Focus request 2f678ac com.android.launcher3/com.android.launcher3.uioverrides.QuickstepLauncher,reason=UpdateInputWindows]
02-29 14:04:18.246  3697  3697 I wm_on_top_resumed_gained_called: [126596948,com.android.launcher3.uioverrides.QuickstepLauncher,topStateChangedWhenResumed]
02-29 14:04:18.246  2521  2611 I wm_wallpaper_surface: [0,1,Window{2f678ac u0 com.android.launcher3/com.android.launcher3.uioverrides.QuickstepLauncher}]
02-29 14:04:18.253  2521  2607 I sysui_multi_action: [319,30,322,26,325,12141,757,761,758,9,759,2,806,com.android.launcher3,871,com.android.launcher3.uioverrides.QuickstepLauncher,905,0,1320,4,1321,23]
02-29 14:04:18.255  2521  2912 I input_focus: [Focus leaving 46405e4 com.android.settings/com.android.settings.SubSettings (server),reason=NO_WINDOW]
02-29 14:04:18.288  2521  2912 I input_focus: [Focus entering 2f678ac com.android.launcher3/com.android.launcher3.uioverrides.QuickstepLauncher (server),reason=Window became focusable. Previous reason: NOT_VISIBLE]
02-29 14:04:18.612  2521  2610 I wm_stop_activity: [0,101743247,com.android.settings/.SubSettings]
02-29 14:04:18.643  3510  3510 I wm_on_stop_called: [101743247,com.android.settings.SubSettings,STOP_ACTIVITY_ITEM]
02-29 14:04:18.994  2521  2912 I input_interaction: Interaction with: 2f678ac com.android.launcher3/com.android.launcher3.uioverrides.QuickstepLauncher (server), fff67cf com.android.systemui.wallpapers.ImageWallpaper (server), PointerEventDispatcher0 (server), 
02-29 14:04:20.670  2521  2618 I am_uid_idle: 10052
02-29 14:04:23.844  2521  2618 I am_uid_idle: 10137
02-29 14:04:29.002  2521  2912 I input_interaction: Interaction with: 34818e7 NavigationBar0 (server), PointerEventDispatcher0 (server), 
02-29 14:04:30.118  2521  2912 I input_interaction: Interaction with: 2f678ac com.android.launcher3/com.android.launcher3.uioverrides.QuickstepLauncher (server), fff67cf com.android.systemui.wallpapers.ImageWallpaper (server), PointerEventDispatcher0 (server), 
02-29 14:04:34.598  2521  2893 I am_freeze: [17841,com.android.contacts]
02-29 14:04:41.223  2521  2959 I netstats_mobile_sample: [81125,376,77741,686,81125,376,77741,686,78721,321,77741,686,1709186681223]
02-29 14:04:41.224  2521  2959 I netstats_wifi_sample: [0,0,0,0,0,0,0,0,0,0,0,0,1709186681223]
02-29 14:05:01.668  2521  2893 I am_freeze: [4412,android.process.acore]
02-29 14:05:01.777  2521  2893 I am_freeze: [3914,com.android.cellbroadcastreceiver.module]
02-29 14:05:30.509  2521  5640 I wm_task_created: [258,-1]
02-29 14:05:30.518  2521  5640 I wm_task_moved: [258,1,7]
02-29 14:05:30.518  2521  5640 I wm_task_to_front: [0,258]
02-29 14:05:30.518  2521  5640 I wm_create_task: [0,258]
02-29 14:05:30.518  2521  5640 I wm_create_activity: [0,144137476,258,com.android.nfc/.handover.ConfirmConnectActivity,NULL,NULL,NULL,276856832]
02-29 14:05:30.518  2521  5640 I wm_task_moved: [258,1,7]
02-29 14:05:30.518  3697  3697 I wm_on_top_resumed_lost_called: [126596948,com.android.launcher3.uioverrides.QuickstepLauncher,topStateChangedWhenResumed]
02-29 14:05:30.519  2521  5640 I wm_pause_activity: [0,126596948,com.android.launcher3/.uioverrides.QuickstepLauncher,userLeaving=true,pauseBackTasks]
02-29 14:05:30.520  3697  3697 I wm_on_paused_called: [126596948,com.android.launcher3.uioverrides.QuickstepLauncher,performPause]
02-29 14:05:30.522  2521  5640 I wm_restart_activity: [0,144137476,258,com.android.nfc/.handover.ConfirmConnectActivity]
02-29 14:05:30.522  2521  5640 I wm_set_resumed_activity: [0,com.android.nfc/.handover.ConfirmConnectActivity,minimalResumeActivityLocked - onActivityStateChanged]
02-29 14:05:30.522  2521  2607 I sysui_multi_action: [757,803,799,window_time_0,802,73]
02-29 14:05:30.523  2521  2611 I input_focus: [Requesting to set focus to null window,reason=UpdateInputWindows]
02-29 14:05:30.529  4957  4957 I wm_on_create_called: [144137476,com.android.nfc.handover.ConfirmConnectActivity,performCreate]
02-29 14:05:30.529  4957  4957 I wm_on_start_called: [144137476,com.android.nfc.handover.ConfirmConnectActivity,handleStartActivity]
02-29 14:05:30.529  4957  4957 I wm_on_resume_called: [144137476,com.android.nfc.handover.ConfirmConnectActivity,RESUME_ACTIVITY]
02-29 14:05:30.530  4957  4957 I wm_on_top_resumed_gained_called: [144137476,com.android.nfc.handover.ConfirmConnectActivity,topStateChangedWhenResumed]
02-29 14:05:30.541  2521  2912 I input_focus: [Focus leaving 2f678ac com.android.launcher3/com.android.launcher3.uioverrides.QuickstepLauncher (server),reason=Waiting for window because NOT_FOCUSABLE]
02-29 14:05:30.542  2521  2611 I input_focus: [Focus request d4bdbb3 com.android.nfc/com.android.nfc.handover.ConfirmConnectActivity,reason=UpdateInputWindows]
02-29 14:05:30.551  2521  2607 I sysui_multi_action: [319,43,322,42,325,12214,757,761,758,8,759,2,806,com.android.nfc,871,com.android.nfc.handover.ConfirmConnectActivity,904,com.android.nfc,905,0,1320,4,1321,23]
02-29 14:05:30.552  2521  2607 I wm_activity_launch_time: [0,144137476,com.android.nfc/.handover.ConfirmConnectActivity,42]
02-29 14:05:30.591  2521  2912 I input_focus: [Focus entering d4bdbb3 com.android.nfc/com.android.nfc.handover.ConfirmConnectActivity (server),reason=Window became focusable. Previous reason: NOT_VISIBLE]
02-29 14:05:31.298  2521  2912 I input_interaction: Interaction with: d4bdbb3 com.android.nfc/com.android.nfc.handover.ConfirmConnectActivity (server), PointerEventDispatcher0 (server), 
02-29 14:05:31.441  2521  5640 I wm_finish_activity: [0,144137476,258,com.android.nfc/.handover.ConfirmConnectActivity,app-request]
02-29 14:05:31.441  2521  5640 I wm_task_moved: [1,1,7]
02-29 14:05:31.446  2521  5640 I wm_task_moved: [141,1,2147483647]
02-29 14:05:31.446  2521  5640 I wm_task_to_front: [0,141]
02-29 14:05:31.446  2521  5640 I wm_focused_root_task: [0,0,1,-1,finish-top adjustFocusToNextFocusableTask]
02-29 14:05:31.460  2521  5640 I wm_pause_activity: [0,144137476,com.android.nfc/.handover.ConfirmConnectActivity,userLeaving=false,finish]
02-29 14:05:31.461  2521  2611 I input_focus: [Focus request 2f678ac com.android.launcher3/com.android.launcher3.uioverrides.QuickstepLauncher,reason=UpdateInputWindows]
02-29 14:05:31.473  4957  4957 I wm_on_top_resumed_lost_called: [144137476,com.android.nfc.handover.ConfirmConnectActivity,topStateChangedWhenResumed]
02-29 14:05:31.474  4957  4957 I wm_on_paused_called: [144137476,com.android.nfc.handover.ConfirmConnectActivity,performPause]
02-29 14:05:31.476  2521  3106 I wm_set_resumed_activity: [0,com.android.launcher3/.uioverrides.QuickstepLauncher,resumeTopActivity - onActivityStateChanged]
02-29 14:05:31.477  2521  3106 I wm_resume_activity: [0,126596948,141,com.android.launcher3/.uioverrides.QuickstepLauncher]
02-29 14:05:31.477  2521  2607 I sysui_multi_action: [757,803,799,window_time_0,802,1]
02-29 14:05:31.479  2521  2912 I input_focus: [Focus entering 2f678ac com.android.launcher3/com.android.launcher3.uioverrides.QuickstepLauncher (server),reason=setFocusedWindow]
02-29 14:05:31.487  3697  3697 I wm_on_resume_called: [126596948,com.android.launcher3.uioverrides.QuickstepLauncher,RESUME_ACTIVITY]
02-29 14:05:31.488  3697  3697 I wm_on_top_resumed_gained_called: [126596948,com.android.launcher3.uioverrides.QuickstepLauncher,topWhenResuming]
02-29 14:05:31.502  2521  2547 I wm_destroy_activity: [0,144137476,258,com.android.nfc/.handover.ConfirmConnectActivity,finish-idle]
02-29 14:05:31.504  4957  4957 I wm_on_stop_called: [144137476,com.android.nfc.handover.ConfirmConnectActivity,LIFECYCLER_STOP_ACTIVITY]
02-29 14:05:31.508  4957  4957 I wm_on_destroy_called: [144137476,com.android.nfc.handover.ConfirmConnectActivity,performDestroy]
