02-29 11:03:31.849  3697  3697 I wm_on_restart_called: [126596948,com.android.launcher3.uioverrides.QuickstepLauncher,performRestartActivity]
02-29 11:03:31.849  3697  3697 I wm_on_start_called: [126596948,com.android.launcher3.uioverrides.QuickstepLauncher,handleStartActivity]
02-29 11:03:31.850  2521  2611 I input_focus: [Requesting to set focus to null window,reason=UpdateInputWindows]
02-29 11:03:31.852  3697  3697 I wm_on_resume_called: [126596948,com.android.launcher3.uioverrides.QuickstepLauncher,RESUME_ACTIVITY]
02-29 11:03:31.858  2521  2611 I input_focus: [Focus request 2f678ac com.android.launcher3/com.android.launcher3.uioverrides.QuickstepLauncher,reason=UpdateInputWindows]
02-29 11:03:31.864  3697  3697 I wm_on_top_resumed_gained_called: [126596948,com.android.launcher3.uioverrides.QuickstepLauncher,topStateChangedWhenResumed]
02-29 11:03:31.864  2521  2611 I wm_wallpaper_surface: [0,1,Window{2f678ac u0 com.android.launcher3/com.android.launcher3.uioverrides.QuickstepLauncher}]
02-29 11:03:31.874  2521  2912 I input_focus: [Focus leaving 2ce86cd com.android.gallery3d/com.android.gallery3d.app.MovieActivity (server),reason=Waiting for window because NOT_FOCUSABLE]
02-29 11:03:31.876  2521  2607 I sysui_multi_action: [319,29,322,23,325,5353,757,761,758,9,759,2,806,com.android.launcher3,871,com.android.launcher3.uioverrides.QuickstepLauncher,905,0,1320,4,1321,23]
02-29 11:03:31.910  2521  2912 I input_focus: [Focus entering 2f678ac com.android.launcher3/com.android.launcher3.uioverrides.QuickstepLauncher (server),reason=Window became focusable. Previous reason: NOT_VISIBLE]
02-29 11:03:31.919  5586  5586 I wm_on_paused_called: [35422506,com.android.gallery3d.app.MovieActivity,performPause]
02-29 11:03:32.518  2521  2912 I input_interaction: Interaction with: 2f678ac com.android.launcher3/com.android.launcher3.uioverrides.QuickstepLauncher (server), fff67cf com.android.systemui.wallpapers.ImageWallpaper (server), PointerEventDispatcher0 (server), 
02-29 11:03:32.524  2521  2610 I wm_stop_activity: [0,35422506,com.android.gallery3d/.app.MovieActivity]
02-29 11:03:32.558  5586  5586 I wm_on_stop_called: [35422506,com.android.gallery3d.app.MovieActivity,STOP_ACTIVITY_ITEM]
02-29 11:03:32.582  2521  3275 I wm_task_moved: [165,1,7]
02-29 11:03:32.582  2521  3275 I wm_task_to_front: [0,165]
02-29 11:03:32.583  2521  3275 I wm_focused_root_task: [0,0,165,1,bringingFoundTaskToFront]
02-29 11:03:32.584  2521  3275 I wm_set_resumed_activity: [0,com.android.music/.MusicBrowserActivity,bringingFoundTaskToFront]
02-29 11:03:32.584  2521  3275 I wm_new_intent: [0,265544472,165,com.android.music/.MusicBrowserActivity,android.intent.action.MAIN,NULL,NULL,270532608]
02-29 11:03:32.585  2521  3275 I wm_pause_activity: [0,126596948,com.android.launcher3/.uioverrides.QuickstepLauncher,userLeaving=true,pauseBackTasks]
02-29 11:03:32.589  2521  2611 I input_focus: [Requesting to set focus to null window,reason=UpdateInputWindows]
02-29 11:03:32.589  3697  3697 I wm_on_top_resumed_lost_called: [126596948,com.android.launcher3.uioverrides.QuickstepLauncher,topStateChangedWhenResumed]
02-29 11:03:32.594  3697  3697 I wm_on_paused_called: [126596948,com.android.launcher3.uioverrides.QuickstepLauncher,performPause]
02-29 11:03:32.597  2521  3275 I wm_set_resumed_activity: [0,com.android.music/.MusicBrowserActivity,resumeTopActivity - onActivityStateChanged]
02-29 11:03:32.598  2521  3275 I wm_add_to_stopping: [0,126596948,com.android.launcher3/.uioverrides.QuickstepLauncher,makeInvisible]
02-29 11:03:32.599  2521  3275 I wm_resume_activity: [0,265544472,165,com.android.music/.MusicBrowserActivity]
02-29 11:03:32.600  2521  2607 I sysui_multi_action: [757,803,799,window_time_0,802,1]
02-29 11:03:32.600  7316  7316 I wm_on_restart_called: [265544472,com.android.music.MusicBrowserActivity,performRestartActivity]
02-29 11:03:32.603  7316  7316 I wm_on_start_called: [265544472,com.android.music.MusicBrowserActivity,handleStartActivity]
02-29 11:03:32.604  7316  7316 I wm_on_resume_called: [265544472,com.android.music.MusicBrowserActivity,RESUME_ACTIVITY]
02-29 11:03:32.608  2521  2912 I input_focus: [Focus leaving 2f678ac com.android.launcher3/com.android.launcher3.uioverrides.QuickstepLauncher (server),reason=Waiting for window because NOT_FOCUSABLE]
02-29 11:03:32.608  7316  7316 I wm_on_top_resumed_gained_called: [265544472,com.android.music.MusicBrowserActivity,topWhenResuming]
02-29 11:03:32.610  2521  2611 I input_focus: [Focus request 2a78db7 com.android.music/com.android.music.MusicBrowserActivity,reason=UpdateInputWindows]
02-29 11:03:32.621  2521  2607 I sysui_multi_action: [319,25,321,23,322,40,325,5354,757,761,758,9,759,4,806,com.android.music,871,com.android.music.MusicBrowserActivity,904,com.android.launcher3,905,0,1320,4,1321,23]
02-29 11:03:32.633  2521  2521 I notification_enqueue: [10089,7316,com.android.music,1,NULL,0,Notification(channel=Channel-music shortcut=null contentView=com.android.music/0x7f0c008f vibrate=null sound=null defaults=0x0 flags=0x40 color=0x00000000 vis=PRIVATE),1]
02-29 11:03:32.634  2521  2521 I notification_enqueue: [10089,7316,com.android.music,1,NULL,0,Notification(channel=Channel-music shortcut=null contentView=com.android.music/0x7f0c008f vibrate=null sound=null defaults=0x0 flags=0x40 color=0x00000000 vis=PRIVATE),1]
02-29 11:03:32.708  2521  2912 I input_focus: [Focus entering 2a78db7 com.android.music/com.android.music.MusicBrowserActivity (server),reason=Window became focusable. Previous reason: NOT_VISIBLE]
02-29 11:03:32.714  3463  3463 I service_manager_stats: [100,55,310647]
02-29 11:03:33.119  3463  3463 I gsm_rat_switched_new: [66174011,20,14]
02-29 11:03:33.126  2521  2610 I wm_stop_activity: [0,126596948,com.android.launcher3/.uioverrides.QuickstepLauncher]
02-29 11:03:33.126  2521  2611 I wm_wallpaper_surface: [0,0,null]
02-29 11:03:33.142  2521  2971 I netstats_mobile_sample: [80697,373,69191,574,80697,373,69191,574,78421,319,69191,574,1709175813142]
02-29 11:03:33.143  2521  2971 I netstats_wifi_sample: [0,0,0,0,0,0,0,0,0,0,0,0,1709175813142]
02-29 11:03:33.155  3697  3697 I wm_on_stop_called: [126596948,com.android.launcher3.uioverrides.QuickstepLauncher,STOP_ACTIVITY_ITEM]
02-29 11:03:33.871  2521  2913 I sysui_multi_action: [757,804,799,power_consecutive_short_tap_count,801,1,802,1]
02-29 11:03:33.871  2521  2913 I sysui_multi_action: [757,804,799,power_double_tap_interval,801,47338,802,1]
02-29 11:03:33.872  2521  2913 I intercept_power: [ACTION_DOWN,0,1]
02-29 11:03:34.094  2521  2913 I intercept_power: [ACTION_UP,0,0]
02-29 11:03:34.100  2521  2521 I power_sleep_requested: 0
02-29 11:03:34.136  2521  2666 I sysui_multi_action: [757,1696,758,6,759,0]
02-29 11:03:34.142  2521  2959 I netstats_mobile_sample: [80697,373,69267,575,80697,373,69267,575,78421,319,69267,575,1709175814141]
02-29 11:03:34.142  2521  2959 I netstats_wifi_sample: [0,0,0,0,0,0,0,0,0,0,0,0,1709175814141]
02-29 11:03:34.579  2521  2666 I wm_pause_activity: [0,265544472,com.android.music/.MusicBrowserActivity,userLeaving=false,sleep]
02-29 11:03:34.582  7316  7316 I wm_on_top_resumed_lost_called: [265544472,com.android.music.MusicBrowserActivity,topStateChangedWhenResumed]
02-29 11:03:34.589  7316  7316 I wm_on_paused_called: [265544472,com.android.music.MusicBrowserActivity,performPause]
02-29 11:03:34.591  2521  3275 I wm_add_to_stopping: [0,265544472,com.android.music/.MusicBrowserActivity,completePauseLocked]
02-29 11:03:34.593   990   990 I auditd  : type=1400 audit(0.0:733): avc: denied { read } for comm="binder:990_7" name="wakeup26" dev="sysfs" ino=124287 scontext=u:r:system_suspend:s0 tcontext=u:object_r:sysfs:s0 tclass=dir permissive=0
02-29 11:03:34.601   990   990 I auditd  : type=1400 audit(0.0:734): avc: denied { read } for comm="binder:990_7" name="wakeup5" dev="sysfs" ino=99480 scontext=u:r:system_suspend:s0 tcontext=u:object_r:sysfs:s0 tclass=dir permissive=0
02-29 11:03:34.601   990   990 I auditd  : type=1400 audit(0.0:735): avc: denied { read } for comm="binder:990_7" name="wakeup10" dev="sysfs" ino=103374 scontext=u:r:system_suspend:s0 tcontext=u:object_r:sysfs:s0 tclass=dir permissive=0
02-29 11:03:34.603  2521  2607 I sysui_multi_action: [757,803,799,window_time_0,802,2]
02-29 11:03:34.605  2521  2610 I wm_stop_activity: [0,265544472,com.android.music/.MusicBrowserActivity]
02-29 11:03:34.606  2521  2611 I input_focus: [Requesting to set focus to null window,reason=UpdateInputWindows]
02-29 11:03:34.637  7316  7316 I wm_on_stop_called: [265544472,com.android.music.MusicBrowserActivity,STOP_ACTIVITY_ITEM]
02-29 11:03:34.670  2521  2913 I sysui_multi_action: [757,804,799,power_consecutive_short_tap_count,801,1,802,1]
02-29 11:03:34.670  2521  2913 I sysui_multi_action: [757,804,799,power_double_tap_interval,801,800,802,1]
02-29 11:03:34.670  2521  2913 I intercept_power: [ACTION_DOWN,0,1]
02-29 11:03:34.676  2521  2521 I sysui_multi_action: [757,198,758,2,759,2,1359,803,1695,1]
02-29 11:03:34.677  2521  2521 I power_screen_state: [0,2,0,0,803]
02-29 11:03:34.677  2521  2521 I screen_toggled: 0
02-29 11:03:34.677  2521  2521 I sysui_multi_action: [757,804,799,screen_timeout,801,1800,802,1]
02-29 11:03:34.677   990   990 I auditd  : type=1400 audit(0.0:736): avc: denied { read } for comm="binder:990_7" name="wakeup26" dev="sysfs" ino=124287 scontext=u:r:system_suspend:s0 tcontext=u:object_r:sysfs:s0 tclass=dir permissive=0
02-29 11:03:34.684  2521  2666 I wm_set_resumed_activity: [0,com.android.music/.MusicBrowserActivity,resumeTopActivity - onActivityStateChanged]
02-29 11:03:34.685  2521  2666 I wm_resume_activity: [0,265544472,165,com.android.music/.MusicBrowserActivity]
02-29 11:03:34.687  7316  7316 I wm_on_restart_called: [265544472,com.android.music.MusicBrowserActivity,performRestartActivity]
02-29 11:03:34.687  2521  2521 I sysui_multi_action: [757,1594,758,4,759,-2147483648,1359,47947]
02-29 11:03:34.687  2521  2521 I power_screen_broadcast_send: 1
02-29 11:03:34.687  2521  2521 I screen_toggled: 1
02-29 11:03:34.685   990   990 I auditd  : type=1400 audit(0.0:737): avc: denied { read } for comm="binder:990_7" name="wakeup5" dev="sysfs" ino=99480 scontext=u:r:system_suspend:s0 tcontext=u:object_r:sysfs:s0 tclass=dir permissive=0
02-29 11:03:34.685   990   990 I auditd  : type=1400 audit(0.0:738): avc: denied { read } for comm="binder:990_7" name="wakeup10" dev="sysfs" ino=103374 scontext=u:r:system_suspend:s0 tcontext=u:object_r:sysfs:s0 tclass=dir permissive=0
02-29 11:03:34.696  2521  2666 I sysui_multi_action: [757,1696,758,6,759,3]
02-29 11:03:34.700  3137  3137 I sysui_multi_action: [757,111,758,1]
02-29 11:03:34.700  3137  3137 I sysui_multi_action: [757,126,758,1,759,126,927,0,928,1,1593,0]
02-29 11:03:34.700  3137  3137 I sysui_multi_action: [757,113,758,1,759,113,927,1,928,1,1593,0]
02-29 11:03:34.700  3137  3137 I sysui_multi_action: [757,119,758,1,759,119,927,2,928,0,1593,0]
02-29 11:03:34.700  3137  3137 I sysui_multi_action: [757,118,758,1,759,118,927,3,928,0,1593,0]
02-29 11:03:34.703  7316  7316 I wm_on_start_called: [265544472,com.android.music.MusicBrowserActivity,handleStartActivity]
02-29 11:03:34.703  7316  7316 I wm_on_resume_called: [265544472,com.android.music.MusicBrowserActivity,RESUME_ACTIVITY]
02-29 11:03:34.705  3137  3137 I sysui_multi_action: [757,196,758,1,759,1]
02-29 11:03:34.705  3137  3137 I sysui_status_bar_state: [1,1,0,0,1,0]
02-29 11:03:34.713  7316  7316 I wm_on_top_resumed_gained_called: [265544472,com.android.music.MusicBrowserActivity,topWhenResuming]
02-29 11:03:34.716  2521  2611 I input_focus: [Focus request 2a78db7 com.android.music/com.android.music.MusicBrowserActivity,reason=UpdateInputWindows]
02-29 11:03:34.723  2521  2610 I user_activity_timeout_override: 10000
02-29 11:03:34.724  2521  2546 I wm_set_keyguard_shown: [0,1,0,0,0,setKeyguardShown]
02-29 11:03:34.730  2521  2546 I wm_pause_activity: [0,265544472,com.android.music/.MusicBrowserActivity,userLeaving=false,sleep]
02-29 11:03:34.733  2521  2546 I wm_add_to_stopping: [0,265544472,com.android.music/.MusicBrowserActivity,makeInvisible]
02-29 11:03:34.733  2521  2611 I input_focus: [Focus request 23717bf NotificationShade,reason=UpdateInputWindows]
02-29 11:03:34.735  2521  5637 I sysui_multi_action: [757,127,758,1]
02-29 11:03:34.735  2521  5637 I sysui_multi_action: [757,804,799,note_load,801,3,802,1]
02-29 11:03:34.735  2521  5637 I notification_panel_revealed: 3
02-29 11:03:34.735  2521  5637 I sysui_multi_action: [757,127,758,2]
02-29 11:03:34.735  2521  5637 I notification_panel_hidden: 
02-29 11:03:34.735  2521  5637 I sysui_multi_action: [757,127,758,1]
02-29 11:03:34.735  2521  5637 I sysui_multi_action: [757,804,799,note_load,801,3,802,1]
02-29 11:03:34.735  2521  5637 I notification_panel_revealed: 3
02-29 11:03:34.740  2521  2611 I wm_wallpaper_surface: [0,1,Window{23717bf u0 NotificationShade}]
02-29 11:03:34.756  2521  2912 I input_focus: [Focus leaving 2a78db7 com.android.music/com.android.music.MusicBrowserActivity (server),reason=Waiting for window because NOT_FOCUSABLE]
02-29 11:03:34.756  2521  2912 I input_focus: [Focus entering 2a78db7 com.android.music/com.android.music.MusicBrowserActivity (server),reason=setFocusedWindow]
02-29 11:03:34.756  2521  2912 I input_focus: [Focus leaving 2a78db7 com.android.music/com.android.music.MusicBrowserActivity (server),reason=Waiting for window because NO_WINDOW]
02-29 11:03:34.756  2521  2912 I input_focus: [Focus entering 23717bf NotificationShade (server),reason=Window became focusable. Previous reason: NO_WINDOW]
02-29 11:03:34.767  2521  2521 I notification_enqueue: [10089,7316,com.android.music,1,NULL,0,Notification(channel=Channel-music shortcut=null contentView=com.android.music/0x7f0c008f vibrate=null sound=null defaults=0x0 flags=0x40 color=0x00000000 vis=PRIVATE),1]
02-29 11:03:34.768  2521  2521 I notification_enqueue: [10089,7316,com.android.music,1,NULL,0,Notification(channel=Channel-music shortcut=null contentView=com.android.music/0x7f0c008f vibrate=null sound=null defaults=0x0 flags=0x40 color=0x00000000 vis=PRIVATE),1]
02-29 11:03:34.779  7316  7316 I wm_on_top_resumed_lost_called: [265544472,com.android.music.MusicBrowserActivity,topStateChangedWhenResumed]
02-29 11:03:34.780  7316  7316 I wm_on_paused_called: [265544472,com.android.music.MusicBrowserActivity,performPause]
02-29 11:03:34.780  2521  2607 I sysui_multi_action: [757,803,799,window_time_0,802,0]
02-29 11:03:34.780  2521  2610 I wm_stop_activity: [0,265544472,com.android.music/.MusicBrowserActivity]
02-29 11:03:34.806  7316  7316 I wm_on_stop_called: [265544472,com.android.music.MusicBrowserActivity,STOP_ACTIVITY_ITEM]
02-29 11:03:34.808  2521  2521 I power_screen_broadcast_done: [0,121,1]
02-29 11:03:34.808  2521  2521 I power_screen_broadcast_send: 1
02-29 11:03:34.837  2521  2521 I power_screen_broadcast_done: [1,29,1]
02-29 11:03:34.856  2521  2913 I intercept_power: [ACTION_UP,0,0]
02-29 11:03:34.993  2521  2521 I sysui_multi_action: [757,198,758,1,759,1,1359,323,1694,1]
02-29 11:03:34.993  2521  2521 I power_screen_state: [1,0,0,0,323]
02-29 11:03:35.209  2521  5637 I sysui_multi_action: [757,128,758,1,793,5380294,794,0,795,5380294,796,2131755065,798,0,806,com.baidu.searchbox,857,fastsearch_channel,858,3,946,fastsearch_channel,947,0,1395,1,1500,48104,1688,1]
02-29 11:03:35.209  2521  5637 I sysui_multi_action: [757,1501,758,1,793,5380294,794,0,795,5380294,796,2131755065,806,com.baidu.searchbox,857,fastsearch_channel,858,3,946,fastsearch_channel,947,0,1500,0,1688,1]
02-29 11:03:35.209  2521  5637 I sysui_multi_action: [757,804,799,note_interruptive,801,0,802,1]
02-29 11:03:35.209  2521  5637 I sysui_multi_action: [757,804,799,note_freshness,801,5380294,802,1]
02-29 11:03:35.209  2521  5637 I notification_visibility: [0|com.baidu.searchbox|2131755065|null|10144,1,5380294,5380294,0,0]
02-29 11:03:35.233  2521  2912 I input_interaction: Interaction with: 23717bf NotificationShade (server), PointerEventDispatcher0 (server), 
02-29 11:03:35.432  2521  5637 I service_manager_stats: [100,85,1651576]
02-29 11:03:35.482  2521  2521 I notification_enqueue: [10089,7316,com.android.music,1,NULL,0,Notification(channel=Channel-music shortcut=null contentView=com.android.music/0x7f0c008f vibrate=null sound=null defaults=0x0 flags=0x40 color=0x00000000 vis=PRIVATE),1]
02-29 11:03:35.487  2521  2521 I notification_enqueue: [10089,7316,com.android.music,1,NULL,0,Notification(channel=Channel-music shortcut=null contentView=com.android.music/0x7f0c008f vibrate=null sound=null defaults=0x0 flags=0x40 color=0x00000000 vis=PRIVATE),1]
02-29 11:03:35.534  2521  2521 I notification_enqueue: [10089,7316,com.android.music,1,NULL,0,Notification(channel=Channel-music shortcut=null contentView=com.android.music/0x7f0c008f vibrate=null sound=null defaults=0x0 flags=0x42 color=0x00000000 vis=PRIVATE),1]
02-29 11:03:35.537  2521  2521 I notification_enqueue: [10089,7316,com.android.music,1,NULL,0,Notification(channel=Channel-music shortcut=null contentView=com.android.music/0x7f0c008f vibrate=null sound=null defaults=0x0 flags=0x42 color=0x00000000 vis=PRIVATE),1]
02-29 11:03:41.706  2521  2521 I notification_enqueue: [10089,7316,com.android.music,1,NULL,0,Notification(channel=Channel-music shortcut=null contentView=com.android.music/0x7f0c008f vibrate=null sound=null defaults=0x0 flags=0x42 color=0x00000000 vis=PRIVATE),1]
02-29 11:03:41.710  2521  2521 I notification_enqueue: [10089,7316,com.android.music,1,NULL,0,Notification(channel=Channel-music shortcut=null contentView=com.android.music/0x7f0c008f vibrate=null sound=null defaults=0x0 flags=0x42 color=0x00000000 vis=PRIVATE),1]
02-29 11:03:41.730  2521  2521 I notification_enqueue: [10089,7316,com.android.music,1,NULL,0,Notification(channel=Channel-music shortcut=null contentView=com.android.music/0x7f0c008f vibrate=null sound=null defaults=0x0 flags=0x40 color=0x00000000 vis=PRIVATE),1]
02-29 11:03:41.734  2521  2521 I notification_enqueue: [10089,7316,com.android.music,1,NULL,0,Notification(channel=Channel-music shortcut=null contentView=com.android.music/0x7f0c008f vibrate=null sound=null defaults=0x0 flags=0x40 color=0x00000000 vis=PRIVATE),1]
02-29 11:03:42.580  2521  2521 I notification_enqueue: [10089,7316,com.android.music,1,NULL,0,Notification(channel=Channel-music shortcut=null contentView=com.android.music/0x7f0c008f vibrate=null sound=null defaults=0x0 flags=0x40 color=0x00000000 vis=PRIVATE),1]
02-29 11:03:42.583  2521  2521 I notification_enqueue: [10089,7316,com.android.music,1,NULL,0,Notification(channel=Channel-music shortcut=null contentView=com.android.music/0x7f0c008f vibrate=null sound=null defaults=0x0 flags=0x40 color=0x00000000 vis=PRIVATE),1]
02-29 11:03:42.616  2521  2521 I notification_enqueue: [10089,7316,com.android.music,1,NULL,0,Notification(channel=Channel-music shortcut=null contentView=com.android.music/0x7f0c008f vibrate=null sound=null defaults=0x0 flags=0x42 color=0x00000000 vis=PRIVATE),1]
02-29 11:03:42.619  2521  2521 I notification_enqueue: [10089,7316,com.android.music,1,NULL,0,Notification(channel=Channel-music shortcut=null contentView=com.android.music/0x7f0c008f vibrate=null sound=null defaults=0x0 flags=0x42 color=0x00000000 vis=PRIVATE),1]
02-29 11:03:42.713  2521  2666 I sysui_multi_action: [757,1696,758,6,759,2]
02-29 11:03:44.014  2521  2521 I volume_changed: [3,3,2,15,android]
02-29 11:03:44.024  3137  3775 I sysui_multi_action: [757,210,758,4,759,3]
02-29 11:03:44.028  3137  3775 I sysui_multi_action: [757,211,758,4,759,3]
02-29 11:03:44.035  2521  2666 I sysui_multi_action: [757,1696,758,6,759,3]
02-29 11:03:44.042  3137  3137 I sysui_multi_action: [757,207,758,1]
02-29 11:03:44.043  3137  3137 I sysui_multi_action: [757,804,799,volume_from_keyguard,801,1,802,1]
02-29 11:03:44.542  3137  3137 I sysui_multi_action: [757,207,758,2]
02-29 11:03:44.585  3137  3137 I sysui_multi_action: [757,188,758,4,826,0,827,0]
02-29 11:03:44.585  3137  3137 I sysui_lockscreen_gesture: [3,0,0]
02-29 11:03:44.732  2521  2892 I commit_sys_config_file: [settings-1-0,5]
02-29 11:03:44.864  3137  3775 I sysui_multi_action: [757,210,758,4,759,-1]
02-29 11:03:45.414  2521  2521 I volume_changed: [3,2,1,15,android]
02-29 11:03:45.419  3137  3775 I sysui_multi_action: [757,210,758,4,759,3]
02-29 11:03:45.426  3137  3775 I sysui_multi_action: [757,211,758,4,759,3]
02-29 11:03:45.438  3137  3137 I sysui_multi_action: [757,207,758,1]
02-29 11:03:45.438  3137  3137 I sysui_multi_action: [757,804,799,volume_from_keyguard,801,1,802,1]
02-29 11:03:45.779  2521  2521 I volume_changed: [3,1,0,15,android]
02-29 11:03:45.814  3137  3137 I sysui_multi_action: [757,207,758,1]
02-29 11:03:45.814  3137  3137 I sysui_multi_action: [757,804,799,volume_from_keyguard,801,1,802,1]
02-29 11:03:46.030  3137  3137 I sysui_multi_action: [757,207,758,1]
02-29 11:03:46.030  3137  3137 I sysui_multi_action: [757,804,799,volume_from_keyguard,801,1,802,1]
02-29 11:03:46.139  2521  2892 I commit_sys_config_file: [settings-1-0,11]
02-29 11:03:46.512  2521  2892 I commit_sys_config_file: [settings-1-0,7]
02-29 11:03:46.572  2521  2521 I volume_changed: [3,0,1,15,android]
02-29 11:03:46.611  3137  3137 I sysui_multi_action: [757,207,758,1]
02-29 11:03:46.611  3137  3137 I sysui_multi_action: [757,804,799,volume_from_keyguard,801,1,802,1]
02-29 11:03:46.977  2521  2521 I volume_changed: [3,1,2,15,android]
02-29 11:03:46.983  3137  3775 I sysui_multi_action: [757,211,758,4,759,3]
02-29 11:03:47.003  3137  3137 I sysui_multi_action: [757,207,758,1]
02-29 11:03:47.003  3137  3137 I sysui_multi_action: [757,804,799,volume_from_keyguard,801,1,802,1]
02-29 11:03:47.248  2521  2521 I volume_changed: [3,2,3,15,android]
02-29 11:03:47.261  3137  3775 I sysui_multi_action: [757,211,758,4,759,3]
02-29 11:03:47.273  3137  3137 I sysui_multi_action: [757,207,758,1]
02-29 11:03:47.273  3137  3137 I sysui_multi_action: [757,804,799,volume_from_keyguard,801,1,802,1]
02-29 11:03:47.320  2521  2892 I commit_sys_config_file: [settings-1-0,7]
02-29 11:03:47.490  2521  2521 I volume_changed: [3,3,4,15,android]
02-29 11:03:47.494  3137  3775 I sysui_multi_action: [757,211,758,4,759,3]
02-29 11:03:47.502  3137  3137 I sysui_multi_action: [757,207,758,1]
02-29 11:03:47.502  3137  3137 I sysui_multi_action: [757,804,799,volume_from_keyguard,801,1,802,1]
02-29 11:03:47.702  2521  2892 I commit_sys_config_file: [settings-1-0,7]
02-29 11:03:47.764  2521  2521 I volume_changed: [3,4,5,15,android]
02-29 11:03:47.776  3137  3775 I sysui_multi_action: [757,211,758,4,759,3]
02-29 11:03:47.783  3137  3137 I sysui_multi_action: [757,207,758,1]
02-29 11:03:47.783  3137  3137 I sysui_multi_action: [757,804,799,volume_from_keyguard,801,1,802,1]
02-29 11:03:47.936  2521  2521 I volume_changed: [3,5,6,15,android]
02-29 11:03:47.944  3137  3775 I sysui_multi_action: [757,211,758,4,759,3]
02-29 11:03:47.954  3137  3137 I sysui_multi_action: [757,207,758,1]
02-29 11:03:47.954  3137  3137 I sysui_multi_action: [757,804,799,volume_from_keyguard,801,1,802,1]
02-29 11:03:47.972  2521  2892 I commit_sys_config_file: [settings-1-0,5]
02-29 11:03:48.180  2521  2521 I volume_changed: [3,6,7,15,android]
02-29 11:03:48.201  3137  3137 I sysui_multi_action: [757,207,758,1]
02-29 11:03:48.201  3137  3137 I sysui_multi_action: [757,804,799,volume_from_keyguard,801,1,802,1]
02-29 11:03:48.208  2521  2892 I commit_sys_config_file: [settings-1-0,7]
02-29 11:03:48.410  2521  2521 I volume_changed: [3,7,8,15,android]
02-29 11:03:48.417  3137  3775 I sysui_multi_action: [757,211,758,4,759,3]
02-29 11:03:48.423  3137  3137 I sysui_multi_action: [757,207,758,1]
02-29 11:03:48.423  3137  3137 I sysui_multi_action: [757,804,799,volume_from_keyguard,801,1,802,1]
02-29 11:03:48.483  2521  2892 I commit_sys_config_file: [settings-1-0,6]
02-29 11:03:48.627  2521  2521 I volume_changed: [3,8,9,15,android]
02-29 11:03:48.633  3137  3775 I sysui_multi_action: [757,211,758,4,759,3]
02-29 11:03:48.639  3137  3137 I sysui_multi_action: [757,207,758,1]
02-29 11:03:48.639  3137  3137 I sysui_multi_action: [757,804,799,volume_from_keyguard,801,1,802,1]
02-29 11:03:48.858  2521  2521 I volume_changed: [3,9,10,15,android]
02-29 11:03:48.867  3137  3775 I sysui_multi_action: [757,211,758,4,759,3]
02-29 11:03:48.874  3137  3137 I sysui_multi_action: [757,207,758,1]
02-29 11:03:48.874  3137  3137 I sysui_multi_action: [757,804,799,volume_from_keyguard,801,1,802,1]
02-29 11:03:48.897  2521  2892 I commit_sys_config_file: [settings-1-0,5]
02-29 11:03:49.102  2521  2521 I volume_changed: [3,10,11,15,android]
02-29 11:03:49.117  3137  3775 I sysui_multi_action: [757,211,758,4,759,3]
02-29 11:03:49.122  2521  2892 I commit_sys_config_file: [settings-1-0,4]
02-29 11:03:49.126  3137  3137 I sysui_multi_action: [757,207,758,1]
02-29 11:03:49.126  3137  3137 I sysui_multi_action: [757,804,799,volume_from_keyguard,801,1,802,1]
02-29 11:03:49.339  2521  2892 I commit_sys_config_file: [settings-1-0,5]
02-29 11:03:49.372  2521  2521 I volume_changed: [3,11,12,15,android]
02-29 11:03:49.383  3137  3775 I sysui_multi_action: [757,211,758,4,759,3]
02-29 11:03:49.392  3137  3137 I sysui_multi_action: [757,207,758,1]
02-29 11:03:49.392  3137  3137 I sysui_multi_action: [757,804,799,volume_from_keyguard,801,1,802,1]
02-29 11:03:49.581  2521  2892 I commit_sys_config_file: [settings-1-0,7]
02-29 11:03:49.591  2521  2521 I volume_changed: [3,12,13,15,android]
02-29 11:03:49.602  3137  3775 I sysui_multi_action: [757,211,758,4,759,3]
02-29 11:03:49.614  3137  3137 I sysui_multi_action: [757,207,758,1]
02-29 11:03:49.614  3137  3137 I sysui_multi_action: [757,804,799,volume_from_keyguard,801,1,802,1]
02-29 11:03:49.811  2521  2521 I volume_changed: [3,13,14,15,android]
02-29 11:03:49.824  3137  3775 I sysui_multi_action: [757,211,758,4,759,3]
02-29 11:03:49.825  2521  2892 I commit_sys_config_file: [settings-1-0,6]
02-29 11:03:49.840  3137  3137 I sysui_multi_action: [757,207,758,1]
02-29 11:03:49.841  3137  3137 I sysui_multi_action: [757,804,799,volume_from_keyguard,801,1,802,1]
02-29 11:03:50.076  2521  2521 I volume_changed: [3,14,15,15,android]
02-29 11:03:50.089  2521  2892 I commit_sys_config_file: [settings-1-0,6]
02-29 11:03:50.090  3137  3775 I sysui_multi_action: [757,211,758,4,759,3]
02-29 11:03:50.097  3137  3137 I sysui_multi_action: [757,207,758,1]
02-29 11:03:50.097  3137  3137 I sysui_multi_action: [757,804,799,volume_from_keyguard,801,1,802,1]
02-29 11:03:50.306  2521  2892 I commit_sys_config_file: [settings-1-0,5]
02-29 11:03:50.323  3137  3137 I sysui_multi_action: [757,207,758,1]
02-29 11:03:50.323  3137  3137 I sysui_multi_action: [757,804,799,volume_from_keyguard,801,1,802,1]
02-29 11:03:50.534  2521  2892 I commit_sys_config_file: [settings-1-0,11]
02-29 11:03:50.588  3137  3137 I sysui_multi_action: [757,207,758,1]
02-29 11:03:50.588  3137  3137 I sysui_multi_action: [757,804,799,volume_from_keyguard,801,1,802,1]
02-29 11:03:50.929  2521  2521 I volume_changed: [3,15,14,15,android]
02-29 11:03:50.940  3137  3775 I sysui_multi_action: [757,211,758,4,759,3]
02-29 11:03:50.954  3137  3137 I sysui_multi_action: [757,207,758,1]
02-29 11:03:50.954  3137  3137 I sysui_multi_action: [757,804,799,volume_from_keyguard,801,1,802,1]
02-29 11:03:51.177  2521  2521 I volume_changed: [3,14,13,15,android]
02-29 11:03:51.181  3137  3775 I sysui_multi_action: [757,211,758,4,759,3]
02-29 11:03:51.197  3137  3137 I sysui_multi_action: [757,207,758,1]
02-29 11:03:51.197  3137  3137 I sysui_multi_action: [757,804,799,volume_from_keyguard,801,1,802,1]
02-29 11:03:51.382  2521  2521 I volume_changed: [3,13,12,15,android]
02-29 11:03:51.397  3137  3775 I sysui_multi_action: [757,211,758,4,759,3]
02-29 11:03:51.415  3137  3137 I sysui_multi_action: [757,207,758,1]
02-29 11:03:51.415  3137  3137 I sysui_multi_action: [757,804,799,volume_from_keyguard,801,1,802,1]
02-29 11:03:51.614  2521  2521 I volume_changed: [3,12,11,15,android]
02-29 11:03:51.633  3137  3775 I sysui_multi_action: [757,211,758,4,759,3]
02-29 11:03:51.643  3137  3137 I sysui_multi_action: [757,207,758,1]
02-29 11:03:51.643  3137  3137 I sysui_multi_action: [757,804,799,volume_from_keyguard,801,1,802,1]
02-29 11:03:51.665  2521  2892 I commit_sys_config_file: [settings-1-0,26]
02-29 11:03:51.901  2521  2892 I commit_sys_config_file: [settings-1-0,11]
02-29 11:03:51.976  2521  2521 I volume_changed: [3,11,10,15,android]
02-29 11:03:51.989  3137  3775 I sysui_multi_action: [757,211,758,4,759,3]
02-29 11:03:52.000  3137  3137 I sysui_multi_action: [757,207,758,1]
02-29 11:03:52.000  3137  3137 I sysui_multi_action: [757,804,799,volume_from_keyguard,801,1,802,1]
02-29 11:03:52.108  2521  2892 I commit_sys_config_file: [settings-1-0,10]
02-29 11:03:52.165  2521  2521 I volume_changed: [3,10,9,15,android]
02-29 11:03:52.176  3137  3775 I sysui_multi_action: [757,211,758,4,759,3]
02-29 11:03:52.183  3137  3137 I sysui_multi_action: [757,207,758,1]
02-29 11:03:52.183  3137  3137 I sysui_multi_action: [757,804,799,volume_from_keyguard,801,1,802,1]
02-29 11:03:52.345  2521  2892 I commit_sys_config_file: [settings-1-0,12]
02-29 11:03:52.360  2521  2521 I volume_changed: [3,9,8,15,android]
02-29 11:03:52.372  3137  3775 I sysui_multi_action: [757,211,758,4,759,3]
02-29 11:03:52.381  3137  3137 I sysui_multi_action: [757,207,758,1]
02-29 11:03:52.381  3137  3137 I sysui_multi_action: [757,804,799,volume_from_keyguard,801,1,802,1]
02-29 11:03:52.567  2521  2521 I volume_changed: [3,8,7,15,android]
02-29 11:03:52.585  3137  3137 I sysui_multi_action: [757,207,758,1]
02-29 11:03:52.585  3137  3137 I sysui_multi_action: [757,804,799,volume_from_keyguard,801,1,802,1]
02-29 11:03:52.699  2521  2892 I commit_sys_config_file: [settings-1-0,9]
02-29 11:03:52.787  2521  2521 I volume_changed: [3,7,6,15,android]
02-29 11:03:52.801  3137  3137 I sysui_multi_action: [757,207,758,1]
02-29 11:03:52.801  3137  3137 I sysui_multi_action: [757,804,799,volume_from_keyguard,801,1,802,1]
02-29 11:03:53.008  2521  2521 I volume_changed: [3,6,5,15,android]
02-29 11:03:53.014  3137  3775 I sysui_multi_action: [757,211,758,4,759,3]
02-29 11:03:53.032  3137  3137 I sysui_multi_action: [757,207,758,1]
02-29 11:03:53.032  3137  3137 I sysui_multi_action: [757,804,799,volume_from_keyguard,801,1,802,1]
02-29 11:03:53.078  2521  2892 I commit_sys_config_file: [settings-1-0,7]
02-29 11:03:53.242  2521  2521 I volume_changed: [3,5,4,15,android]
02-29 11:03:53.265  3137  3137 I sysui_multi_action: [757,207,758,1]
02-29 11:03:53.265  3137  3137 I sysui_multi_action: [757,804,799,volume_from_keyguard,801,1,802,1]
02-29 11:03:53.283  2521  2892 I commit_sys_config_file: [settings-1-0,6]
02-29 11:03:53.505  2521  2892 I commit_sys_config_file: [settings-1-0,7]
02-29 11:03:53.731  2521  2892 I commit_sys_config_file: [settings-1-0,14]
02-29 11:03:54.079  2521  2521 I volume_changed: [3,4,3,15,android]
02-29 11:03:54.091  3137  3775 I sysui_multi_action: [757,211,758,4,759,3]
02-29 11:03:54.104  3137  3137 I sysui_multi_action: [757,207,758,1]
02-29 11:03:54.104  3137  3137 I sysui_multi_action: [757,804,799,volume_from_keyguard,801,1,802,1]
02-29 11:03:54.812  2521  2892 I commit_sys_config_file: [settings-1-0,15]
02-29 11:03:55.903  2521  2521 I notification_enqueue: [10089,7316,com.android.music,1,NULL,0,Notification(channel=Channel-music shortcut=null contentView=com.android.music/0x7f0c008f vibrate=null sound=null defaults=0x0 flags=0x42 color=0x00000000 vis=PRIVATE),1]
02-29 11:03:55.907  2521  2521 I notification_enqueue: [10089,7316,com.android.music,1,NULL,0,Notification(channel=Channel-music shortcut=null contentView=com.android.music/0x7f0c008f vibrate=null sound=null defaults=0x0 flags=0x42 color=0x00000000 vis=PRIVATE),1]
02-29 11:03:55.936  2521  2521 I notification_enqueue: [10089,7316,com.android.music,1,NULL,0,Notification(channel=Channel-music shortcut=null contentView=com.android.music/0x7f0c008f vibrate=null sound=null defaults=0x0 flags=0x40 color=0x00000000 vis=PRIVATE),1]
02-29 11:03:55.940  2521  2521 I notification_enqueue: [10089,7316,com.android.music,1,NULL,0,Notification(channel=Channel-music shortcut=null contentView=com.android.music/0x7f0c008f vibrate=null sound=null defaults=0x0 flags=0x40 color=0x00000000 vis=PRIVATE),1]
02-29 11:03:57.106  3137  3137 I sysui_multi_action: [757,207,758,2]
02-29 11:03:57.428  3137  3775 I sysui_multi_action: [757,210,758,4,759,-1]
02-29 11:04:00.430  2521  2521 I notification_enqueue: [10089,7316,com.android.music,1,NULL,0,Notification(channel=Channel-music shortcut=null contentView=com.android.music/0x7f0c008f vibrate=null sound=null defaults=0x0 flags=0x40 color=0x00000000 vis=PRIVATE),1]
02-29 11:04:00.434  2521  2521 I notification_enqueue: [10089,7316,com.android.music,1,NULL,0,Notification(channel=Channel-music shortcut=null contentView=com.android.music/0x7f0c008f vibrate=null sound=null defaults=0x0 flags=0x40 color=0x00000000 vis=PRIVATE),1]
02-29 11:04:00.470  2521  2521 I notification_enqueue: [10089,7316,com.android.music,1,NULL,0,Notification(channel=Channel-music shortcut=null contentView=com.android.music/0x7f0c008f vibrate=null sound=null defaults=0x0 flags=0x42 color=0x00000000 vis=PRIVATE),1]
02-29 11:04:00.476  2521  2521 I notification_enqueue: [10089,7316,com.android.music,1,NULL,0,Notification(channel=Channel-music shortcut=null contentView=com.android.music/0x7f0c008f vibrate=null sound=null defaults=0x0 flags=0x42 color=0x00000000 vis=PRIVATE),1]
02-29 11:04:01.380  2521  2521 I notification_enqueue: [10089,7316,com.android.music,1,NULL,0,Notification(channel=Channel-music shortcut=null contentView=com.android.music/0x7f0c008f vibrate=null sound=null defaults=0x0 flags=0x42 color=0x00000000 vis=PRIVATE),1]
02-29 11:04:01.384  2521  2521 I notification_enqueue: [10089,7316,com.android.music,1,NULL,0,Notification(channel=Channel-music shortcut=null contentView=com.android.music/0x7f0c008f vibrate=null sound=null defaults=0x0 flags=0x42 color=0x00000000 vis=PRIVATE),1]
02-29 11:04:01.411  2521  2521 I notification_enqueue: [10089,7316,com.android.music,1,NULL,0,Notification(channel=Channel-music shortcut=null contentView=com.android.music/0x7f0c008f vibrate=null sound=null defaults=0x0 flags=0x40 color=0x00000000 vis=PRIVATE),1]
02-29 11:04:01.416  2521  2521 I notification_enqueue: [10089,7316,com.android.music,1,NULL,0,Notification(channel=Channel-music shortcut=null contentView=com.android.music/0x7f0c008f vibrate=null sound=null defaults=0x0 flags=0x40 color=0x00000000 vis=PRIVATE),1]
02-29 11:04:02.111  2521  2666 I sysui_multi_action: [757,1696,758,6,759,2]
02-29 11:04:03.123  2521  2521 I notification_enqueue: [10089,7316,com.android.music,1,NULL,0,Notification(channel=Channel-music shortcut=null contentView=com.android.music/0x7f0c008f vibrate=null sound=null defaults=0x0 flags=0x40 color=0x00000000 vis=PRIVATE),1]
02-29 11:04:03.128  2521  2521 I notification_enqueue: [10089,7316,com.android.music,1,NULL,0,Notification(channel=Channel-music shortcut=null contentView=com.android.music/0x7f0c008f vibrate=null sound=null defaults=0x0 flags=0x40 color=0x00000000 vis=PRIVATE),1]
02-29 11:04:03.162  2521  2521 I notification_enqueue: [10089,7316,com.android.music,1,NULL,0,Notification(channel=Channel-music shortcut=null contentView=com.android.music/0x7f0c008f vibrate=null sound=null defaults=0x0 flags=0x42 color=0x00000000 vis=PRIVATE),1]
02-29 11:04:03.167  2521  2521 I notification_enqueue: [10089,7316,com.android.music,1,NULL,0,Notification(channel=Channel-music shortcut=null contentView=com.android.music/0x7f0c008f vibrate=null sound=null defaults=0x0 flags=0x42 color=0x00000000 vis=PRIVATE),1]
02-29 11:04:03.924  2521  2666 I sysui_multi_action: [757,1696,758,6,759,3]
02-29 11:04:03.999  3137  3137 I sysui_multi_action: [757,188,758,4,826,0,827,0]
02-29 11:04:03.999  3137  3137 I sysui_lockscreen_gesture: [3,0,0]
02-29 11:04:05.027  2521  2521 I volume_changed: [3,3,4,15,android]
02-29 11:04:05.040  3137  3775 I sysui_multi_action: [757,210,758,4,759,3]
02-29 11:04:05.042  3137  3775 I sysui_multi_action: [757,211,758,4,759,3]
02-29 11:04:05.054  3137  3137 I sysui_multi_action: [757,207,758,1]
02-29 11:04:05.054  3137  3137 I sysui_multi_action: [757,804,799,volume_from_keyguard,801,1,802,1]
02-29 11:04:05.443  2521  2521 I volume_changed: [3,4,5,15,android]
02-29 11:04:05.450  3137  3775 I sysui_multi_action: [757,211,758,4,759,3]
02-29 11:04:05.459  3137  3137 I sysui_multi_action: [757,207,758,1]
02-29 11:04:05.459  3137  3137 I sysui_multi_action: [757,804,799,volume_from_keyguard,801,1,802,1]
02-29 11:04:05.753  2521  2892 I commit_sys_config_file: [settings-1-0,11]
02-29 11:04:05.762  2521  2521 I volume_changed: [3,5,6,15,android]
02-29 11:04:05.783  3137  3137 I sysui_multi_action: [757,207,758,1]
02-29 11:04:05.783  3137  3137 I sysui_multi_action: [757,804,799,volume_from_keyguard,801,1,802,1]
02-29 11:04:06.171  2521  2892 I commit_sys_config_file: [settings-1-0,11]
02-29 11:04:06.489  2521  2892 I commit_sys_config_file: [settings-1-0,10]
02-29 11:04:08.786  3137  3137 I sysui_multi_action: [757,207,758,2]
02-29 11:04:09.114  3137  3775 I sysui_multi_action: [757,210,758,4,759,-1]
02-29 11:04:18.001   990   990 I auditd  : type=1400 audit(0.0:739): avc: denied { read } for comm="binder:990_8" name="wakeup26" dev="sysfs" ino=124287 scontext=u:r:system_suspend:s0 tcontext=u:object_r:sysfs:s0 tclass=dir permissive=0
02-29 11:04:18.009   990   990 I auditd  : type=1400 audit(0.0:740): avc: denied { read } for comm="binder:990_8" name="wakeup5" dev="sysfs" ino=99480 scontext=u:r:system_suspend:s0 tcontext=u:object_r:sysfs:s0 tclass=dir permissive=0
02-29 11:04:18.009   990   990 I auditd  : type=1400 audit(0.0:741): avc: denied { read } for comm="binder:990_8" name="wakeup10" dev="sysfs" ino=103374 scontext=u:r:system_suspend:s0 tcontext=u:object_r:sysfs:s0 tclass=dir permissive=0
02-29 11:04:18.053  2521  2617 I commit_sys_config_file: [batterystats,10]
02-29 11:04:18.054  2521  2617 I commit_sys_config_file: [batterystats,1]
02-29 11:04:23.166  2521  2893 I am_freeze: [7367,com.android.musicfx]
02-29 11:04:26.373  3137  3137 I sysui_multi_action: [757,197,758,1,759,1]
02-29 11:04:26.373  3137  3137 I sysui_status_bar_state: [1,1,0,1,1,0]
02-29 11:04:26.374  3137  3137 I sysui_multi_action: [757,196,758,1,759,1]
02-29 11:04:26.374  3137  3137 I sysui_status_bar_state: [1,1,0,0,1,0]
02-29 11:04:26.441  2521  3202 I sysui_multi_action: [757,128,758,2,793,5431526,794,51232,795,5431526,796,2131755065,798,0,806,com.baidu.searchbox,857,fastsearch_channel,858,3,946,fastsearch_channel,947,0,1395,1,1500,51232,1688,1]
02-29 11:04:26.441  2521  3202 I notification_visibility: [0|com.baidu.searchbox|2131755065|null|10144,0,5431526,5431526,0,0]
02-29 11:04:26.441  3137  3137 I sysui_multi_action: [757,197,758,1,759,1]
02-29 11:04:26.441  3137  3137 I sysui_status_bar_state: [1,1,0,1,1,0]
02-29 11:04:26.444  3137  3137 I sysui_multi_action: [757,186,758,4,826,293,827,4304]
02-29 11:04:26.444  3137  3137 I sysui_lockscreen_gesture: [1,293,4304]
02-29 11:04:26.461  2521  2983 I sysui_multi_action: [757,127,758,2]
02-29 11:04:26.461  2521  2983 I notification_panel_hidden: 
02-29 11:04:27.311  3137  3137 I sysui_multi_action: [757,197,758,10]
02-29 11:04:27.312  3137  3137 I sysui_multi_action: [757,197,758,5,759,1]
02-29 11:04:27.537  2521  3202 I uc_unlock_user: 0
02-29 11:04:27.538  2521  3202 I uc_finish_user_unlocking: 0
02-29 11:04:27.548  3137  3137 I sysui_multi_action: [757,1697,758,15,759,0,1741,5]
02-29 11:04:27.553  2521  3202 I wm_set_keyguard_shown: [0,1,0,1,0,keyguardGoingAway]
02-29 11:04:27.556  2521  3202 I wm_set_resumed_activity: [0,com.android.music/.MusicBrowserActivity,resumeTopActivity - onActivityStateChanged]
02-29 11:04:27.557  2521  3202 I wm_resume_activity: [0,265544472,165,com.android.music/.MusicBrowserActivity]
02-29 11:04:27.561  7316  7316 I wm_on_restart_called: [265544472,com.android.music.MusicBrowserActivity,performRestartActivity]
02-29 11:04:27.570  7316  7316 I wm_on_start_called: [265544472,com.android.music.MusicBrowserActivity,handleStartActivity]
02-29 11:04:27.571  7316  7316 I wm_on_resume_called: [265544472,com.android.music.MusicBrowserActivity,RESUME_ACTIVITY]
02-29 11:04:27.582  7316  7316 I wm_on_top_resumed_gained_called: [265544472,com.android.music.MusicBrowserActivity,topWhenResuming]
02-29 11:04:27.622  2521  2521 I notification_enqueue: [10089,7316,com.android.music,1,NULL,0,Notification(channel=Channel-music shortcut=null contentView=com.android.music/0x7f0c008f vibrate=null sound=null defaults=0x0 flags=0x42 color=0x00000000 vis=PRIVATE),1]
02-29 11:04:27.626  2521  2521 I notification_enqueue: [10089,7316,com.android.music,1,NULL,0,Notification(channel=Channel-music shortcut=null contentView=com.android.music/0x7f0c008f vibrate=null sound=null defaults=0x0 flags=0x42 color=0x00000000 vis=PRIVATE),1]
02-29 11:04:27.916  3137  3137 I sysui_multi_action: [757,111,758,2]
02-29 11:04:27.921  3137  3137 I sysui_multi_action: [757,196,758,2,759,1]
02-29 11:04:27.921  3137  3137 I sysui_status_bar_state: [0,0,0,0,1,0]
02-29 11:04:27.939  2521  2610 I user_activity_timeout_override: -1
02-29 11:04:27.941  2521  2611 I input_focus: [Focus request 2a78db7 com.android.music/com.android.music.MusicBrowserActivity,reason=UpdateInputWindows]
02-29 11:04:27.965  2521  2912 I input_focus: [Focus leaving 23717bf NotificationShade (server),reason=setFocusedWindow]
02-29 11:04:27.965  2521  2912 I input_focus: [Focus entering 2a78db7 com.android.music/com.android.music.MusicBrowserActivity (server),reason=setFocusedWindow]
02-29 11:04:27.976  2521  3202 I wm_set_keyguard_shown: [0,0,0,1,0,setKeyguardShown]
02-29 11:04:28.059  2521  5637 I wm_wallpaper_surface: [0,0,null]
02-29 11:04:28.269  2521  2912 I input_interaction: Interaction with: 34818e7 NavigationBar0 (server), PointerEventDispatcher0 (server), 
02-29 11:04:28.273  3137  3137 I sysui_multi_action: [757,931,758,4,759,3,932,0,933,0]
02-29 11:04:28.312  3137  3137 I sysui_multi_action: [757,931,758,4,759,3,932,0,933,1]
02-29 11:04:28.327  2521  2608 I wm_task_moved: [1,1,7]
02-29 11:04:28.327  2521  2608 I wm_task_moved: [141,1,2147483647]
02-29 11:04:28.327  2521  2608 I wm_task_to_front: [0,141]
02-29 11:04:28.328  2521  2608 I wm_focused_root_task: [0,0,1,165,bringingFoundTaskToFront]
02-29 11:04:28.329  2521  2608 I wm_set_resumed_activity: [0,com.android.launcher3/.uioverrides.QuickstepLauncher,bringingFoundTaskToFront]
02-29 11:04:28.329  2521  2608 I wm_new_intent: [0,126596948,141,com.android.launcher3/.uioverrides.QuickstepLauncher,android.intent.action.MAIN,NULL,NULL,268435712]
02-29 11:04:28.331  2521  2608 I wm_pause_activity: [0,265544472,com.android.music/.MusicBrowserActivity,userLeaving=true,pauseBackTasks]
02-29 11:04:28.335  2521  2608 I wm_add_to_stopping: [0,265544472,com.android.music/.MusicBrowserActivity,makeInvisible]
02-29 11:04:28.336  2521  2607 I sysui_multi_action: [757,803,799,window_time_0,802,53]
02-29 11:04:28.337  2521  2608 I wm_set_resumed_activity: [0,com.android.launcher3/.uioverrides.QuickstepLauncher,resumeTopActivity - onActivityStateChanged]
02-29 11:04:28.337  2521  2608 I wm_resume_activity: [0,126596948,141,com.android.launcher3/.uioverrides.QuickstepLauncher]
02-29 11:04:28.338  7316  7316 I wm_on_top_resumed_lost_called: [265544472,com.android.music.MusicBrowserActivity,topStateChangedWhenResumed]
02-29 11:04:28.338  3697  3697 I wm_on_restart_called: [126596948,com.android.launcher3.uioverrides.QuickstepLauncher,performRestartActivity]
02-29 11:04:28.339  3697  3697 I wm_on_start_called: [126596948,com.android.launcher3.uioverrides.QuickstepLauncher,handleStartActivity]
02-29 11:04:28.340  2521  2611 I input_focus: [Requesting to set focus to null window,reason=UpdateInputWindows]
02-29 11:04:28.342  3697  3697 I wm_on_resume_called: [126596948,com.android.launcher3.uioverrides.QuickstepLauncher,RESUME_ACTIVITY]
02-29 11:04:28.344  7316  7316 I wm_on_paused_called: [265544472,com.android.music.MusicBrowserActivity,performPause]
02-29 11:04:28.353  2521  2912 I input_focus: [Focus leaving 2a78db7 com.android.music/com.android.music.MusicBrowserActivity (server),reason=Waiting for window because NOT_FOCUSABLE]
02-29 11:04:28.355  2521  2611 I input_focus: [Focus request 2f678ac com.android.launcher3/com.android.launcher3.uioverrides.QuickstepLauncher,reason=UpdateInputWindows]
02-29 11:04:28.365  3697  3697 I wm_on_top_resumed_gained_called: [126596948,com.android.launcher3.uioverrides.QuickstepLauncher,topStateChangedWhenResumed]
02-29 11:04:28.368  2521  2611 I wm_wallpaper_surface: [0,1,Window{2f678ac u0 com.android.launcher3/com.android.launcher3.uioverrides.QuickstepLauncher}]
02-29 11:04:28.379  2521  2607 I sysui_multi_action: [319,53,322,48,325,5410,757,761,758,9,759,2,806,com.android.launcher3,871,com.android.launcher3.uioverrides.QuickstepLauncher,905,0,1320,4,1321,23]
02-29 11:04:28.399  2521  2912 I input_focus: [Focus entering 2f678ac com.android.launcher3/com.android.launcher3.uioverrides.QuickstepLauncher (server),reason=Window became focusable. Previous reason: NOT_VISIBLE]
02-29 11:04:29.009  2521  2610 I wm_stop_activity: [0,265544472,com.android.music/.MusicBrowserActivity]
02-29 11:04:29.039  7316  7316 I wm_on_stop_called: [265544472,com.android.music.MusicBrowserActivity,STOP_ACTIVITY_ITEM]
02-29 11:04:29.170  2521  2912 I input_interaction: Interaction with: 2f678ac com.android.launcher3/com.android.launcher3.uioverrides.QuickstepLauncher (server), fff67cf com.android.systemui.wallpapers.ImageWallpaper (server), PointerEventDispatcher0 (server), 
02-29 11:04:29.179  2521  2893 I am_compact: [5586,com.android.gallery3d,anon,161368,104508,54692,50760,-16308,0,-16308,16308,130,2,5288768,900,15,3392252,-15360]
02-29 11:04:29.245  2521  7353 I wm_task_moved: [168,1,7]
02-29 11:04:29.245  2521  7353 I wm_task_to_front: [0,168]
02-29 11:04:29.246  2521  7353 I wm_focused_root_task: [0,0,168,1,bringingFoundTaskToFront]
02-29 11:04:29.247  2521  7353 I wm_set_resumed_activity: [0,com.android.gallery3d/.app.MovieActivity,bringingFoundTaskToFront]
02-29 11:04:29.250  2521  7353 I wm_pause_activity: [0,126596948,com.android.launcher3/.uioverrides.QuickstepLauncher,userLeaving=true,pauseBackTasks]
02-29 11:04:29.257  3697  3697 I wm_on_top_resumed_lost_called: [126596948,com.android.launcher3.uioverrides.QuickstepLauncher,topStateChangedWhenResumed]
02-29 11:04:29.258  2521  2611 I input_focus: [Requesting to set focus to null window,reason=UpdateInputWindows]
02-29 11:04:29.260  3697  3697 I wm_on_paused_called: [126596948,com.android.launcher3.uioverrides.QuickstepLauncher,performPause]
02-29 11:04:29.261  2521  7353 I wm_set_resumed_activity: [0,com.android.gallery3d/.app.MovieActivity,resumeTopActivity - onActivityStateChanged]
02-29 11:04:29.262  2521  7353 I wm_add_to_stopping: [0,126596948,com.android.launcher3/.uioverrides.QuickstepLauncher,makeInvisible]
02-29 11:04:29.262  2521  7353 I wm_resume_activity: [0,35422506,168,com.android.gallery3d/.app.MovieActivity]
02-29 11:04:29.265  2521  2607 I sysui_multi_action: [757,803,799,window_time_0,802,1]
02-29 11:04:29.266  5586  5586 I wm_on_restart_called: [35422506,com.android.gallery3d.app.MovieActivity,performRestartActivity]
02-29 11:04:29.269  2521  2912 I input_focus: [Focus leaving 2f678ac com.android.launcher3/com.android.launcher3.uioverrides.QuickstepLauncher (server),reason=Waiting for window because NOT_FOCUSABLE]
02-29 11:04:29.272  5586  5586 I wm_on_start_called: [35422506,com.android.gallery3d.app.MovieActivity,handleStartActivity]
02-29 11:04:29.273  5586  5586 I wm_on_resume_called: [35422506,com.android.gallery3d.app.MovieActivity,RESUME_ACTIVITY]
02-29 11:04:29.273  5586  5586 I wm_on_top_resumed_gained_called: [35422506,com.android.gallery3d.app.MovieActivity,topWhenResuming]
02-29 11:04:29.285  2521  2611 I input_focus: [Focus request 2ce86cd com.android.gallery3d/com.android.gallery3d.app.MovieActivity,reason=UpdateInputWindows]
02-29 11:04:29.302  2521  2521 I notification_enqueue: [10089,7316,com.android.music,1,NULL,0,Notification(channel=Channel-music shortcut=null contentView=com.android.music/0x7f0c008f vibrate=null sound=null defaults=0x0 flags=0x40 color=0x00000000 vis=PRIVATE),1]
02-29 11:04:29.306  2521  2521 I notification_enqueue: [10089,7316,com.android.music,1,NULL,0,Notification(channel=Channel-music shortcut=null contentView=com.android.music/0x7f0c008f vibrate=null sound=null defaults=0x0 flags=0x40 color=0x00000000 vis=PRIVATE),1]
02-29 11:04:29.408  2521  2607 I sysui_multi_action: [319,39,321,37,322,166,325,5411,757,761,758,9,759,4,806,com.android.gallery3d,871,com.android.gallery3d.app.MovieActivity,904,com.android.gallery3d,905,0,1320,4,1321,23]
02-29 11:04:29.418  2521  2912 I input_focus: [Focus entering 2ce86cd com.android.gallery3d/com.android.gallery3d.app.MovieActivity (server),reason=Window became focusable. Previous reason: NOT_VISIBLE]
02-29 11:04:29.469  1699  1699 I auditd  : type=1400 audit(0.0:742): avc: denied { read } for comm="NPDecoder" name="u:object_r:audio_config_prop:s0" dev="tmpfs" ino=113 scontext=u:r:mediaserver:s0 tcontext=u:object_r:audio_config_prop:s0 tclass=file permissive=0
02-29 11:04:29.806  2521  2610 I wm_stop_activity: [0,126596948,com.android.launcher3/.uioverrides.QuickstepLauncher]
02-29 11:04:29.807  2521  2611 I wm_wallpaper_surface: [0,0,null]
02-29 11:04:29.830  3697  3697 I wm_on_stop_called: [126596948,com.android.launcher3.uioverrides.QuickstepLauncher,STOP_ACTIVITY_ITEM]
02-29 11:04:37.666  2521  3172 I commit_sys_config_file: [appops,5403121]
02-29 11:04:38.451  2521  2912 I input_interaction: Interaction with: 2ce86cd com.android.gallery3d/com.android.gallery3d.app.MovieActivity (server), PointerEventDispatcher0 (server), 
