02-29 14:13:12.291  4080  4080 I wm_on_destroy_called: [240953556,com.android.deskclock.HandleApiCalls,performDestroy]
02-29 14:13:12.291  4080  4080 I wm_on_top_resumed_lost_called: [164585150,com.android.deskclock.DeskClock,topStateChangedWhenResumed]
02-29 14:13:12.291  2521  3105 I wm_task_removed: [264,removeChild:removeChild last r=ActivityRecord{e5ca8d4 u0 com.android.deskclock/.HandleApiCalls} t-1 f}} in t=Task{7018e6 #264 type=standard I=com.android.deskclock/.HandleApiCalls}]
02-29 14:13:12.291  2521  3105 I wm_task_removed: [264,removeChild]
02-29 14:13:12.292  4080  4080 I wm_on_paused_called: [164585150,com.android.deskclock.DeskClock,performPause]
02-29 14:13:12.293  2521  3106 I wm_restart_activity: [0,189584728,265,com.android.permissioncontroller/.permission.ui.GrantPermissionsActivity]
02-29 14:13:12.293  2521  3106 I wm_set_resumed_activity: [0,com.android.permissioncontroller/.permission.ui.GrantPermissionsActivity,minimalResumeActivityLocked - onActivityStateChanged]
02-29 14:13:12.294  2521  2607 I sysui_multi_action: [757,803,799,window_time_0,802,0]
02-29 14:13:12.294  2521  2610 I am_uid_active: 10137
02-29 14:13:12.319  4658  4658 I wm_on_create_called: [189584728,com.android.permissioncontroller.permission.ui.GrantPermissionsActivity,performCreate]
02-29 14:13:12.319  4658  4658 I wm_on_start_called: [189584728,com.android.permissioncontroller.permission.ui.GrantPermissionsActivity,handleStartActivity]
02-29 14:13:12.321  4658  4658 I wm_on_resume_called: [189584728,com.android.permissioncontroller.permission.ui.GrantPermissionsActivity,RESUME_ACTIVITY]
02-29 14:13:12.326  4658  4658 I wm_on_top_resumed_gained_called: [189584728,com.android.permissioncontroller.permission.ui.GrantPermissionsActivity,topStateChangedWhenResumed]
02-29 14:13:12.373  2521  2607 I sysui_multi_action: [319,158,322,126,325,12675,757,761,758,8,759,2,806,com.android.permissioncontroller,871,com.android.permissioncontroller.permission.ui.GrantPermissionsActivity,904,com.android.deskclock,905,0,1320,4,1321,2]
02-29 14:13:12.374  2521  2607 I wm_activity_launch_time: [0,189584728,com.android.permissioncontroller/.permission.ui.GrantPermissionsActivity,126]
02-29 14:13:12.606  3137  3137 I sysui_multi_action: [757,925,758,4,759,0,927,4,1592,0,1593,1]
02-29 14:13:12.642  2521  3105 I wm_task_created: [266,-1]
02-29 14:13:12.645  2521  3105 I wm_task_moved: [266,1,10]
02-29 14:13:12.645  2521  3105 I wm_task_to_front: [0,266]
02-29 14:13:12.646  2521  3105 I wm_create_task: [0,266]
02-29 14:13:12.646  2521  3105 I wm_create_activity: [0,151788657,266,com.android.deskclock/.HandleApiCalls,android.intent.action.SHOW_ALARMS,NULL,NULL,343932928]
02-29 14:13:12.646  2521  3105 I wm_task_moved: [266,1,10]
02-29 14:13:12.646  4658  4658 I wm_on_top_resumed_lost_called: [189584728,com.android.permissioncontroller.permission.ui.GrantPermissionsActivity,topStateChangedWhenResumed]
02-29 14:13:12.648  2521  3105 I wm_pause_activity: [0,189584728,com.android.permissioncontroller/.permission.ui.GrantPermissionsActivity,userLeaving=true,pauseBackTasks]
02-29 14:13:12.652  4658  4658 I wm_on_paused_called: [189584728,com.android.permissioncontroller.permission.ui.GrantPermissionsActivity,performPause]
02-29 14:13:12.654  2521  3096 I wm_set_keyguard_shown: [0,0,0,0,1,updateVisibility]
02-29 14:13:12.654  2521  3096 I wm_set_keyguard_occluded: [1,0,0,setOccluded]
02-29 14:13:12.655  2521  3096 I wm_restart_activity: [0,151788657,266,com.android.deskclock/.HandleApiCalls]
02-29 14:13:12.655  2521  3096 I wm_set_resumed_activity: [0,com.android.deskclock/.HandleApiCalls,minimalResumeActivityLocked - onActivityStateChanged]
02-29 14:13:12.655  2521  2607 I sysui_multi_action: [757,803,799,window_time_0,802,1]
02-29 14:13:12.658  2521  3106 I wm_task_moved: [265,1,10]
02-29 14:13:12.658  2521  3106 I wm_task_to_front: [0,265]
02-29 14:13:12.658  2521  3106 I wm_focused_root_task: [0,0,265,266,bringingFoundTaskToFront]
02-29 14:13:12.658  2521  3106 I wm_set_resumed_activity: [0,com.android.permissioncontroller/.permission.ui.GrantPermissionsActivity,bringingFoundTaskToFront]
02-29 14:13:12.658  2521  3106 I wm_finish_activity: [0,189584728,265,com.android.permissioncontroller/.permission.ui.GrantPermissionsActivity,clear-task-stack]
02-29 14:13:12.658  2521  3106 I wm_add_to_stopping: [0,189584728,com.android.permissioncontroller/.permission.ui.GrantPermissionsActivity,completeFinishing]
02-29 14:13:12.658  2521  3106 I wm_new_intent: [0,164585150,265,com.android.deskclock/.DeskClock,NULL,NULL,NULL,268435456]
02-29 14:13:12.659  2521  3106 I wm_pause_activity: [0,151788657,com.android.deskclock/.HandleApiCalls,userLeaving=false,top-resumed-changed]
02-29 14:13:12.660  2521  3106 I wm_finish_activity: [0,151788657,266,com.android.deskclock/.HandleApiCalls,app-request]
02-29 14:13:12.660  4080  4080 I wm_on_create_called: [151788657,com.android.deskclock.HandleApiCalls,performCreate]
02-29 14:13:12.660  3137  3137 I sysui_keyguard: [1,0]
02-29 14:13:12.661  3137  3137 I sysui_multi_action: [757,196,758,2,759,1]
02-29 14:13:12.661  3137  3137 I sysui_status_bar_state: [0,0,1,0,1,0]
02-29 14:13:12.661  2521  3105 I wm_add_to_stopping: [0,151788657,com.android.deskclock/.HandleApiCalls,completeFinishing]
02-29 14:13:12.662  2521  3105 I wm_set_resumed_activity: [0,com.android.deskclock/.DeskClock,resumeTopActivity - onActivityStateChanged]
02-29 14:13:12.662  2521  3105 I wm_set_keyguard_shown: [0,0,0,0,0,updateVisibility]
02-29 14:13:12.662  2521  3105 I wm_set_keyguard_occluded: [0,0,0,setOccluded]
02-29 14:13:12.663  2521  3105 I wm_resume_activity: [0,164585150,265,com.android.deskclock/.DeskClock]
02-29 14:13:12.663  2521  2607 I sysui_multi_action: [757,803,799,window_time_0,802,0]
02-29 14:13:12.663  3137  3137 I sysui_keyguard: [0,0]
02-29 14:13:12.664  3137  3137 I sysui_multi_action: [757,196,758,2,759,1]
02-29 14:13:12.664  3137  3137 I sysui_status_bar_state: [0,0,0,0,1,0]
02-29 14:13:12.668  2521  2610 I wm_destroy_activity: [0,151788657,266,com.android.deskclock/.HandleApiCalls,finish-imm:idle]
02-29 14:13:12.671  4080  4080 I wm_on_activity_result_called: [164585150,com.android.deskclock.DeskClock,ACTIVITY_RESULT]
02-29 14:13:12.672  4080  4080 I wm_on_resume_called: [164585150,com.android.deskclock.DeskClock,RESUME_ACTIVITY]
02-29 14:13:12.674  4080  4080 I wm_on_top_resumed_gained_called: [164585150,com.android.deskclock.DeskClock,topWhenResuming]
02-29 14:13:12.674  4080  4080 I wm_on_destroy_called: [151788657,com.android.deskclock.HandleApiCalls,performDestroy]
02-29 14:13:12.675  2521  3105 I wm_task_removed: [266,removeChild:removeChild last r=ActivityRecord{90c1c71 u0 com.android.deskclock/.HandleApiCalls} t-1 f}} in t=Task{faf79fb #266 type=standard I=com.android.deskclock/.HandleApiCalls}]
02-29 14:13:12.675  2521  3105 I wm_task_removed: [266,removeChild]
02-29 14:13:12.683  2521  5640 I sysui_multi_action: [757,128,758,2,793,447705,794,32763,795,411275,796,1,798,2,806,com.android.music,857,Channel-music,858,2,947,0,1395,3,1500,411275,1688,1]
02-29 14:13:12.683  2521  5640 I notification_visibility: [0|com.android.music|1|null|10089,0,447705,411275,0,2]
02-29 14:13:12.683  2521  5640 I sysui_multi_action: [757,128,758,2,793,16757768,794,32761,795,16757768,796,2131755065,798,0,806,com.baidu.searchbox,857,fastsearch_channel,858,3,946,fastsearch_channel,947,0,1395,3,1500,32761,1688,1]
02-29 14:13:12.683  2521  5640 I notification_visibility: [0|com.baidu.searchbox|2131755065|null|10144,0,16757768,16757768,0,0]
02-29 14:13:12.683  2521  5640 I sysui_multi_action: [757,128,758,2,793,16761506,794,32760,795,16761506,796,1000,798,1,806,org.codeaurora.ims,857,ims_services_channel_0,858,2,946,ims_notification_group_0,947,0,1395,3,1500,32760,1688,1]
02-29 14:13:12.683  2521  5640 I notification_visibility: [0|org.codeaurora.ims|1000|null|10101,0,16761506,16761506,0,1]
02-29 14:13:12.684  2521  3106 I sysui_multi_action: [757,127,758,2]
02-29 14:13:12.684  2521  3106 I notification_panel_hidden: 
02-29 14:13:12.688  2521  2611 I input_focus: [Focus request 4d4f770 com.android.deskclock/com.android.deskclock.DeskClock,reason=UpdateInputWindows]
02-29 14:13:12.701  2521  2912 I input_focus: [Focus leaving 23717bf NotificationShade (server),reason=setFocusedWindow]
02-29 14:13:12.701  2521  2912 I input_focus: [Focus entering 4d4f770 com.android.deskclock/com.android.deskclock.DeskClock (server),reason=setFocusedWindow]
02-29 14:13:12.901  3137  3137 I sysui_multi_action: [757,111,758,2]
02-29 14:13:12.901  3137  3137 I sysui_multi_action: [757,111,758,2]
02-29 14:13:12.902  2521  2611 I wm_wallpaper_surface: [0,0,null]
02-29 14:13:12.903  2521  2610 I wm_destroy_activity: [0,189584728,265,com.android.permissioncontroller/.permission.ui.GrantPermissionsActivity,finish-imm:idle]
02-29 14:13:12.903  2521  2610 I wm_stop_activity: [0,126596948,com.android.launcher3/.uioverrides.QuickstepLauncher]
02-29 14:13:12.907  4658  4658 I wm_on_stop_called: [189584728,com.android.permissioncontroller.permission.ui.GrantPermissionsActivity,LIFECYCLER_STOP_ACTIVITY]
02-29 14:13:12.909  4658  4658 I wm_on_destroy_called: [189584728,com.android.permissioncontroller.permission.ui.GrantPermissionsActivity,performDestroy]
02-29 14:13:12.926  3697  3697 I wm_on_stop_called: [126596948,com.android.launcher3.uioverrides.QuickstepLauncher,STOP_ACTIVITY_ITEM]
02-29 14:13:12.971  2521  2893 I am_compact: [4658,com.android.permissioncontroller,anon,127876,78364,48476,8644,-8012,0,-8012,8012,67,2,12087617,905,19,3358716,-7936]
02-29 14:13:17.889  2521  2912 I input_interaction: Interaction with: 4d4f770 com.android.deskclock/com.android.deskclock.DeskClock (server), PointerEventDispatcher0 (server), 
02-29 14:13:20.715  2521  2893 I am_freeze: [5200,com.android.printspooler]
02-29 14:14:12.682  2521  2618 I am_uid_idle: 10137
02-29 14:14:13.727  2521  2912 I input_interaction: Interaction with: 34818e7 NavigationBar0 (server), PointerEventDispatcher0 (server), 
02-29 14:14:13.733  3137  3137 I sysui_multi_action: [757,931,758,4,759,3,932,0,933,0]
02-29 14:14:13.821  3137  3137 I sysui_multi_action: [757,931,758,4,759,3,932,0,933,1]
02-29 14:14:13.837  2521  2608 I wm_task_moved: [1,1,9]
02-29 14:14:13.838  2521  2608 I wm_task_moved: [141,1,2147483647]
02-29 14:14:13.838  2521  2608 I wm_task_to_front: [0,141]
02-29 14:14:13.838  2521  2608 I wm_focused_root_task: [0,0,1,265,bringingFoundTaskToFront]
02-29 14:14:13.838  4080  4080 I wm_on_top_resumed_lost_called: [164585150,com.android.deskclock.DeskClock,topStateChangedWhenResumed]
02-29 14:14:13.838  2521  2608 I wm_set_resumed_activity: [0,com.android.launcher3/.uioverrides.QuickstepLauncher,bringingFoundTaskToFront]
02-29 14:14:13.839  2521  2608 I wm_new_intent: [0,126596948,141,com.android.launcher3/.uioverrides.QuickstepLauncher,android.intent.action.MAIN,NULL,NULL,268435712]
02-29 14:14:13.840  2521  2608 I wm_pause_activity: [0,164585150,com.android.deskclock/.DeskClock,userLeaving=true,pauseBackTasks]
02-29 14:14:13.843  2521  2608 I wm_add_to_stopping: [0,164585150,com.android.deskclock/.DeskClock,makeInvisible]
02-29 14:14:13.843  2521  2607 I sysui_multi_action: [757,803,799,window_time_0,802,61]
02-29 14:14:13.844  2521  2608 I wm_set_resumed_activity: [0,com.android.launcher3/.uioverrides.QuickstepLauncher,resumeTopActivity - onActivityStateChanged]
02-29 14:14:13.844  2521  2608 I wm_resume_activity: [0,126596948,141,com.android.launcher3/.uioverrides.QuickstepLauncher]
02-29 14:14:13.845  3697  3697 I wm_on_restart_called: [126596948,com.android.launcher3.uioverrides.QuickstepLauncher,performRestartActivity]
02-29 14:14:13.845  3697  3697 I wm_on_start_called: [126596948,com.android.launcher3.uioverrides.QuickstepLauncher,handleStartActivity]
02-29 14:14:13.846  3697  3697 I wm_on_resume_called: [126596948,com.android.launcher3.uioverrides.QuickstepLauncher,RESUME_ACTIVITY]
02-29 14:14:13.847  2521  2611 I input_focus: [Requesting to set focus to null window,reason=UpdateInputWindows]
02-29 14:14:13.851  4080  4080 I wm_on_paused_called: [164585150,com.android.deskclock.DeskClock,performPause]
02-29 14:14:13.865  2521  2912 I input_focus: [Focus leaving 4d4f770 com.android.deskclock/com.android.deskclock.DeskClock (server),reason=NO_WINDOW]
02-29 14:14:13.866  2521  2611 I input_focus: [Focus request 2f678ac com.android.launcher3/com.android.launcher3.uioverrides.QuickstepLauncher,reason=UpdateInputWindows]
02-29 14:14:13.873  3697  3697 I wm_on_top_resumed_gained_called: [126596948,com.android.launcher3.uioverrides.QuickstepLauncher,topStateChangedWhenResumed]
02-29 14:14:13.874  2521  2617 I am_pss  : [4080,10093,com.android.deskclock,74961920,68354048,667648,214515712,0,2,16]
02-29 14:14:13.875  2521  2611 I wm_wallpaper_surface: [0,1,Window{2f678ac u0 com.android.launcher3/com.android.launcher3.uioverrides.QuickstepLauncher}]
02-29 14:14:13.889  2521  2617 I am_pss  : [16303,10033,com.android.apps.tag,45353984,20119552,19861504,158310400,0,19,9]
02-29 14:14:13.893  2521  2607 I sysui_multi_action: [319,51,322,44,325,12737,757,761,758,9,759,2,806,com.android.launcher3,871,com.android.launcher3.uioverrides.QuickstepLauncher,905,0,1320,4,1321,23]
02-29 14:14:13.915  2521  2912 I input_focus: [Focus entering 2f678ac com.android.launcher3/com.android.launcher3.uioverrides.QuickstepLauncher (server),reason=Window became focusable. Previous reason: NOT_VISIBLE]
02-29 14:14:14.237  2521  2610 I wm_stop_activity: [0,164585150,com.android.deskclock/.DeskClock]
02-29 14:14:14.275  4080  4080 I wm_on_stop_called: [164585150,com.android.deskclock.DeskClock,STOP_ACTIVITY_ITEM]
02-29 14:14:14.494  2521  2893 I am_compact: [3510,com.android.settings,anon,193704,120084,72496,4812,-34164,0,-34164,34164,208,2,11681253,900,15,3361788,-33792]
02-29 14:14:14.568  2521  2912 I input_interaction: Interaction with: 2f678ac com.android.launcher3/com.android.launcher3.uioverrides.QuickstepLauncher (server), fff67cf com.android.systemui.wallpapers.ImageWallpaper (server), PointerEventDispatcher0 (server), 
02-29 14:14:15.894  2521  3281 I wm_task_moved: [227,1,9]
02-29 14:14:15.894  2521  3281 I wm_task_to_front: [0,227]
02-29 14:14:15.895  2521  3281 I wm_focused_root_task: [0,0,227,1,bringingFoundTaskToFront]
02-29 14:14:15.896  2521  3281 I wm_set_resumed_activity: [0,com.android.settings/.SubSettings,bringingFoundTaskToFront]
02-29 14:14:15.897  2521  3281 I wm_finish_activity: [0,101743247,227,com.android.settings/.SubSettings,clear-task-stack]
02-29 14:14:15.898  2521  3281 I wm_destroy_activity: [0,101743247,227,com.android.settings/.SubSettings,finish-imm:finishIfPossible]
02-29 14:14:15.899  2521  3281 I wm_new_intent: [0,89519630,227,com.android.settings/.Settings,android.intent.action.MAIN,NULL,NULL,270532608]
02-29 14:14:15.902  2521  3281 I wm_pause_activity: [0,126596948,com.android.launcher3/.uioverrides.QuickstepLauncher,userLeaving=true,pauseBackTasks]
02-29 14:14:15.906  2521  2611 I input_focus: [Requesting to set focus to null window,reason=UpdateInputWindows]
02-29 14:14:15.907  3697  3697 I wm_on_top_resumed_lost_called: [126596948,com.android.launcher3.uioverrides.QuickstepLauncher,topStateChangedWhenResumed]
02-29 14:14:15.912  3697  3697 I wm_on_paused_called: [126596948,com.android.launcher3.uioverrides.QuickstepLauncher,performPause]
02-29 14:14:15.914  2521  3281 I wm_set_resumed_activity: [0,com.android.settings/.Settings,resumeTopActivity - onActivityStateChanged]
02-29 14:14:15.915  2521  3281 I wm_add_to_stopping: [0,126596948,com.android.launcher3/.uioverrides.QuickstepLauncher,makeInvisible]
02-29 14:14:15.916  2521  3281 I wm_resume_activity: [0,89519630,227,com.android.settings/.Settings]
02-29 14:14:15.916  2521  2607 I sysui_multi_action: [757,803,799,window_time_0,802,2]
02-29 14:14:15.922  2521  2912 I input_focus: [Focus leaving 2f678ac com.android.launcher3/com.android.launcher3.uioverrides.QuickstepLauncher (server),reason=Waiting for window because NOT_FOCUSABLE]
02-29 14:14:15.927  3510  3510 I wm_on_destroy_called: [101743247,com.android.settings.SubSettings,performDestroy]
02-29 14:14:15.931  3510  3510 I wm_on_restart_called: [89519630,com.android.settings.Settings,performRestartActivity]
02-29 14:14:15.936  3510  3510 I wm_on_start_called: [89519630,com.android.settings.Settings,handleStartActivity]
02-29 14:14:15.938  3510  3510 I snet_event_log: [120484087,-1,]
02-29 14:14:15.939  3510  3510 I wm_on_resume_called: [89519630,com.android.settings.Settings,RESUME_ACTIVITY]
02-29 14:14:15.939  3510  3510 I sysui_multi_action: [757,35,758,1,833,0,1089,0]
02-29 14:14:15.943  3510  3510 I wm_on_top_resumed_gained_called: [89519630,com.android.settings.Settings,topWhenResuming]
02-29 14:14:15.946  2521  2611 I input_focus: [Focus request 3b7ba3b com.android.settings/com.android.settings.Settings,reason=UpdateInputWindows]
02-29 14:14:15.962  2521  3096 I am_uid_active: 10137
02-29 14:14:15.969  2521  2607 I sysui_multi_action: [319,54,321,52,322,74,325,12739,757,761,758,9,759,1,806,com.android.settings,871,com.android.settings.Settings,904,com.android.launcher3,905,0,1320,4,1321,23]
02-29 14:14:16.019  2521  2912 I input_focus: [Focus entering 3b7ba3b com.android.settings/com.android.settings.Settings (server),reason=Window became focusable. Previous reason: NOT_VISIBLE]
02-29 14:14:16.475  2521  2611 I wm_wallpaper_surface: [0,0,null]
02-29 14:14:16.478  2521  2610 I wm_stop_activity: [0,126596948,com.android.launcher3/.uioverrides.QuickstepLauncher]
02-29 14:14:16.493  3697  3697 I wm_on_stop_called: [126596948,com.android.launcher3.uioverrides.QuickstepLauncher,STOP_ACTIVITY_ITEM]
02-29 14:14:17.097  2521  2912 I input_interaction: Interaction with: 3b7ba3b com.android.settings/com.android.settings.Settings (server), PointerEventDispatcher0 (server), 
02-29 14:14:20.808  2521  2893 I am_freeze: [5901,com.evenwell.DbgCfgTool]
02-29 14:14:20.811  2521  2893 I am_freeze: [18223,system:ui]
02-29 14:14:20.812  2521  2893 I am_freeze: [5969,com.android.localtransport]
02-29 14:14:26.111  2521  2893 I am_compact: [4658,com.android.permissioncontroller,anon,124168,76532,46584,5388,-6252,0,-6252,6252,68,2,12676678,905,19,3344124,-6144]
02-29 14:14:35.385  2521  2912 I input_interaction: Interaction with: 5fec6b6 StatusBar (server), PointerEventDispatcher0 (server), 
02-29 14:14:35.389  3137  3137 I sysui_multi_action: [757,803,799,panel_open,802,1]
02-29 14:14:35.391  3137  3137 I sysui_multi_action: [757,1328,758,4,1326,38,1327,1,1329,0]
02-29 14:14:35.472  2521  7537 I sysui_multi_action: [757,127,758,1]
02-29 14:14:35.472  2521  7537 I sysui_multi_action: [757,804,799,note_load,801,3,802,1]
02-29 14:14:35.472  2521  7537 I notification_panel_revealed: 3
02-29 14:14:35.488  2521  2611 I input_focus: [Focus request 23717bf NotificationShade,reason=UpdateInputWindows]
02-29 14:14:35.516  2521  2912 I input_focus: [Focus leaving 3b7ba3b com.android.settings/com.android.settings.Settings (server),reason=setFocusedWindow]
02-29 14:14:35.516  2521  2912 I input_focus: [Focus entering 23717bf NotificationShade (server),reason=setFocusedWindow]
02-29 14:14:35.745  2521  2912 I input_interaction: Interaction with: 23717bf NotificationShade (server), PointerEventDispatcher0 (server), 
02-29 14:14:36.018  2521  7537 I sysui_multi_action: [757,128,758,1,793,531039,794,0,795,494609,796,1,798,2,806,com.android.music,857,Channel-music,858,2,947,0,1395,3,1500,494609,1688,1]
02-29 14:14:36.018  2521  7537 I sysui_multi_action: [757,804,799,note_freshness,801,494609,802,1]
02-29 14:14:36.018  2521  7537 I notification_visibility: [0|com.android.music|1|null|10089,1,531039,494609,0,2]
02-29 14:14:36.019  2521  7537 I sysui_multi_action: [757,128,758,1,793,16841104,794,0,795,16841104,796,2131755065,798,0,806,com.baidu.searchbox,857,fastsearch_channel,858,3,946,fastsearch_channel,947,0,1395,3,1500,116097,1688,1]
02-29 14:14:36.019  2521  7537 I sysui_multi_action: [757,1501,758,1,793,16841104,794,0,795,16841104,796,2131755065,806,com.baidu.searchbox,857,fastsearch_channel,858,3,946,fastsearch_channel,947,0,1500,0,1688,1]
02-29 14:14:36.019  2521  7537 I sysui_multi_action: [757,804,799,note_interruptive,801,0,802,1]
02-29 14:14:36.019  2521  7537 I sysui_multi_action: [757,804,799,note_freshness,801,16841104,802,1]
02-29 14:14:36.019  2521  7537 I notification_visibility: [0|com.baidu.searchbox|2131755065|null|10144,1,16841104,16841104,0,0]
02-29 14:14:36.019  2521  7537 I sysui_multi_action: [757,128,758,1,793,16844842,794,0,795,16844842,796,1000,798,1,806,org.codeaurora.ims,857,ims_services_channel_0,858,2,946,ims_notification_group_0,947,0,1395,3,1500,116096,1688,1]
02-29 14:14:36.020  2521  7537 I sysui_multi_action: [757,1501,758,1,793,16844843,794,1,795,16844843,796,1000,806,org.codeaurora.ims,857,ims_services_channel_0,858,2,946,ims_notification_group_0,947,0,1500,0,1688,1]
02-29 14:14:36.020  2521  7537 I sysui_multi_action: [757,804,799,note_interruptive,801,0,802,1]
02-29 14:14:36.020  2521  7537 I sysui_multi_action: [757,804,799,note_freshness,801,16844842,802,1]
02-29 14:14:36.020  2521  7537 I notification_visibility: [0|org.codeaurora.ims|1000|null|10101,1,16844842,16844842,0,1]
02-29 14:14:36.466  3137  3137 I sysui_multi_action: [757,111,758,1]
02-29 14:14:36.466  3137  3137 I sysui_multi_action: [757,126,758,1,759,126,927,0,928,1,1593,1]
02-29 14:14:36.466  3137  3137 I sysui_multi_action: [757,113,758,1,759,113,927,1,928,1,1593,1]
02-29 14:14:36.466  3137  3137 I sysui_multi_action: [757,119,758,1,759,119,927,2,928,0,1593,1]
02-29 14:14:36.466  3137  3137 I sysui_multi_action: [757,118,758,1,759,118,927,3,928,0,1593,1]
02-29 14:14:36.466  3137  3137 I sysui_multi_action: [757,0,758,1,759,0,927,4,1593,1]
02-29 14:14:36.466  3137  3137 I sysui_multi_action: [757,112,758,1,759,112,927,5,928,0,1593,0]
02-29 14:14:36.466  3137  3137 I sysui_multi_action: [757,0,758,1,759,0,927,6,1593,0]
02-29 14:14:36.466  3137  3137 I sysui_multi_action: [757,123,758,1,759,123,927,7,928,0,1593,0]
02-29 14:14:36.466  3137  3137 I sysui_multi_action: [757,261,758,1,759,261,927,8,928,0,1593,0]
02-29 14:14:36.466  3137  3137 I sysui_multi_action: [757,114,758,1,759,114,927,9,928,0,1593,0]
02-29 14:14:36.466  3137  3137 I sysui_multi_action: [757,0,758,1,759,0,927,10,928,0,1593,0]
02-29 14:14:36.466  3137  3137 I sysui_multi_action: [757,111,758,1]
02-29 14:14:36.466  3137  3137 I sysui_multi_action: [757,126,758,1,759,126,927,0,928,1,1593,1]
02-29 14:14:36.466  3137  3137 I sysui_multi_action: [757,113,758,1,759,113,927,1,928,1,1593,1]
02-29 14:14:36.466  3137  3137 I sysui_multi_action: [757,119,758,1,759,119,927,2,928,0,1593,1]
02-29 14:14:36.466  3137  3137 I sysui_multi_action: [757,118,758,1,759,118,927,3,928,0,1593,1]
02-29 14:14:36.498  3137  3137 I sysui_multi_action: [757,194,758,4,826,196,827,6122]
02-29 14:14:36.498  3137  3137 I sysui_lockscreen_gesture: [9,196,6122]
02-29 14:14:37.455  2521  2611 I input_focus: [Focus request ccbe45a ActionsDialog,reason=UpdateInputWindows]
02-29 14:14:37.463  3137  3137 I sysui_multi_action: [757,1568,758,1]
02-29 14:14:37.471  2521  2912 I input_focus: [Focus leaving 23717bf NotificationShade (server),reason=setFocusedWindow]
02-29 14:14:37.471  2521  2912 I input_focus: [Focus entering ccbe45a ActionsDialog (server),reason=setFocusedWindow]
02-29 14:14:38.361  2521  2912 I input_interaction: Interaction with: ccbe45a ActionsDialog (server), PointerEventDispatcher0 (server), 
02-29 14:14:38.446  2521  2611 I input_focus: [Focus request 23717bf NotificationShade,reason=UpdateInputWindows]
02-29 14:14:38.455  2521  2912 I input_focus: [Focus entering 23717bf NotificationShade (server),reason=setFocusedWindow]
02-29 14:14:38.466  2521  2521 I commit_sys_config_file: [sync-status,2]
02-29 14:14:38.467  2521  2521 I commit_sys_config_file: [sync-stats,1]
02-29 14:14:38.476  2521  2893 I am_unfreeze: [5901,com.evenwell.DbgCfgTool]
02-29 14:14:38.481  2521  2893 I am_unfreeze: [18223,system:ui]
02-29 14:14:38.482  2521  2893 I am_unfreeze: [5969,com.android.localtransport]
02-29 14:14:38.488  2521  2617 I am_pss  : [4080,10093,com.android.deskclock,37446656,30838784,667648,177045504,0,15,8]
02-29 14:14:38.500  2521  7537 I am_uid_active: 10122
02-29 14:14:38.501  2521  2893 I am_unfreeze: [4397,com.qualcomm.qtil.btdsda]
02-29 14:14:38.506  2521  2521 I notification_cancel_all: [1002,3315,com.android.bluetooth,0,0,64,9,NULL]
02-29 14:14:38.512  2521  2611 I input_focus: [Focus request 342099 com.android.systemui,reason=UpdateInputWindows]
02-29 14:14:38.524  2521  2912 I input_focus: [Focus leaving 23717bf NotificationShade (server),reason=Waiting for window because NOT_VISIBLE]
02-29 14:14:38.553  2112  2112 I [1000004]: [-1492643830,26586087,-1987539696,68682659,51511584,3145994]
02-29 14:14:38.556  2521  2912 I input_focus: [Focus--------- beginning of events
02-29 14:15:06.475     1     1 I auditd  : type=1107 audit(0.0:21): uid=0 auid=4294967295 ses=4294967295 subj=u:r:init:s0 msg='avc: denied { set } for property=debug.sf.disable_client_composition_cache pid=1264 uid=1000 gid=1000 scontext=u:r:qti_display_boot:s0 tcontext=u:object_r:debug_prop:s0 tclass=property_service permissive=0'
02-29 14:15:06.691     1     1 I auditd  : type=1400 audit(0.0:22): avc: denied { write } for comm="init" name="discard_max_bytes" dev="sysfs" ino=88724 scontext=u:r:init:s0 tcontext=u:object_r:sysfs:s0 tclass=file permissive=0
02-29 14:15:06.779  1273  1273 I boot_progress_start: 3262
02-29 14:15:06.823  1444  1444 I auditd  : type=1400 audit(0.0:23): avc: denied { getattr } for comm="vendor.qti.hard" path="/dev/__properties__/u:object_r:vendor_cap_configstore_dbg_prop:s0" dev="tmpfs" ino=354 scontext=u:r:vendor_hal_capabilityconfigstore_qti_default:s0 tcontext=u:object_r:vendor_cap_configstore_dbg_prop:s0 tclass=file permissive=0
02-29 14:15:06.891  1504  1504 I auditd  : type=1400 audit(0.0:24): avc: denied { read } for comm="vendor.qti.secu" name="u:object_r:init_service_status_private_prop:s0" dev="tmpfs" ino=239 scontext=u:r:hal_secure_element_default:s0 tcontext=u:object_r:init_service_status_private_prop:s0 tclass=file permissive=0
02-29 14:15:06.959  1528  1528 I auditd  : type=1400 audit(0.0:25): avc: denied { dac_override } for comm="rmt_storage" capability=1 scontext=u:r:vendor_rmt_storage:s0 tcontext=u:r:vendor_rmt_storage:s0 tclass=capability permissive=0
02-29 14:15:07.067     1     1 I auditd  : type=1107 audit(0.0:26): uid=0 auid=4294967295 ses=4294967295 subj=u:r:init:s0 msg='avc: denied { set } for property=persist.vendor.ssr.restart_level pid=254 uid=0 gid=0 scontext=u:r:vendor_init:s0 tcontext=u:object_r:vendor_ssr_prop:s0 tclass=property_service permissive=0'
02-29 14:15:07.182  1437  1437 I liblog  : 200
02-29 14:15:07.182  1437  1437 I liblog  : 2
02-29 14:15:07.182  1437  1437 I liblog  : 1
02-29 14:15:07.182  1437  1437 I liblog  : 1
02-29 14:15:07.182  1437  1437 I liblog  : 1
02-29 14:15:07.182  1437  1437 I liblog  : 2
02-29 14:15:07.182  1437  1437 I liblog  : 1
02-29 14:15:07.182  1437  1437 I liblog  : 1
02-29 14:15:07.182  1437  1437 I liblog  : 1
02-29 14:15:07.182  1437  1437 I liblog  : 1
02-29 14:15:07.182  1437  1437 I liblog  : 1
02-29 14:15:07.182  1437  1437 I liblog  : 2
02-29 14:15:07.182  1437  1437 I liblog  : 1
02-29 14:15:07.182  1437  1437 I liblog  : 1
02-29 14:15:07.182  1437  1437 I liblog  : 1
02-29 14:15:07.182  1437  1437 I liblog  : 1
02-29 14:15:07.182  1437  1437 I liblog  : 1
02-29 14:15:07.182  1437  1437 I liblog  : 2
02-29 14:15:07.182  1437  1437 I liblog  : 1
02-29 14:15:07.182  1437  1437 I liblog  : 1
02-29 14:15:07.182  1437  1437 I liblog  : 1
02-29 14:15:07.182  1437  1437 I liblog  : 1
02-29 14:15:07.182  1437  1437 I liblog  : 1
02-29 14:15:07.182  1437  1437 I liblog  : 1
02-29 14:15:07.182  1437  1437 I liblog  : 2
02-29 14:15:07.182  1437  1437 I liblog  : 1
02-29 14:15:07.182  1437  1437 I liblog  : 1
02-29 14:15:07.182  1437  1437 I liblog  : 1
02-29 14:15:07.182  1437  1437 I liblog  : 1
02-29 14:15:07.182  1437  1437 I liblog  : 2
02-29 14:15:07.182  1437  1437 I liblog  : 1
02-29 14:15:07.182  1437  1437 I liblog  : 1
02-29 14:15:07.182  1437  1437 I liblog  : 1
02-29 14:15:07.182  1437  1437 I liblog  : 1
02-29 14:15:07.182  1437  1437 I liblog  : 1
02-29 14:15:07.182  1437  1437 I liblog  : 1
02-29 14:15:07.182  1437  1437 I liblog  : 1
02-29 14:15:07.182  1437  1437 I liblog  : 2
02-29 14:15:07.182  1437  1437 I liblog  : 1
02-29 14:15:07.182  1437  1437 I liblog  : 1
02-29 14:15:07.182  1437  1437 I liblog  : 1
02-29 14:15:07.182  1437  1437 I liblog  : 1
02-29 14:15:07.182  1437  1437 I liblog  : 1
02-29 14:15:07.182  1437  1437 I liblog  : 1
02-29 14:15:07.182  1437  1437 I liblog  : 1
02-29 14:15:07.182  1437  1437 I liblog  : 1
02-29 14:15:07.182  1437  1437 I liblog  : 1
02-29 14:15:07.182  1437  1437 I liblog  : 1
02-29 14:15:07.182  1437  1437 I liblog  : 1
02-29 14:15:07.182  1437  1437 I liblog  : 1
02-29 14:15:07.182  1437  1437 I liblog  : 2
02-29 14:15:07.182  1437  1437 I liblog  : 1
02-29 14:15:07.182  1437  1437 I liblog  : 1
02-29 14:15:07.182  1437  1437 I liblog  : 2
02-29 14:15:07.182  1437  1437 I liblog  : 1
02-29 14:15:07.182  1437  1437 I liblog  : 1
02-29 14:15:07.182  1437  1437 I liblog  : 1
02-29 14:15:07.182  1437  1437 I liblog  : 1
02-29 14:15:07.182  1437  1437 I liblog  : 1
02-29 14:15:07.182  1437  1437 I liblog  : 1
02-29 14:15:07.182  1437  1437 I liblog  : 1
02-29 14:15:07.182  1437  1437 I liblog  : 1
02-29 14:15:07.182  1437  1437 I liblog  : 1
02-29 14:15:07.182  1437  1437 I liblog  : 1
02-29 14:15:07.182  1437  1437 I liblog  : 1
02-29 14:15:07.182  1437  1437 I liblog  : 1
02-29 14:15:07.182  1437  1437 I liblog  : 1
02-29 14:15:07.182  1437  1437 I liblog  : 1
02-29 14:15:07.182  1437  1437 I liblog  : 2
02-29 14:15:07.182  1437  1437 I liblog  : 1
02-29 14:15:07.182  1437  1437 I liblog  : 1
02-29 14:15:07.182  1437  1437 I liblog  : 2
02-29 14:15:07.182  1437  1437 I liblog  : 1
02-29 14:15:07.182  1437  1437 I liblog  : 1
02-29 14:15:07.182  1437  1437 I liblog  : 1
02-29 14:15:07.182  1437  1437 I liblog  : 2
02-29 14:15:07.182  1437  1437 I liblog  : 1
02-29 14:15:07.182  1437  1437 I liblog  : 1
02-29 14:15:07.182  1437  1437 I liblog  : 1
02-29 14:15:07.182  1437  1437 I liblog  : 1
02-29 14:15:07.182  1437  1437 I liblog  : 1
02-29 14:15:07.182  1437  1437 I liblog  : 2
02-29 14:15:07.182  1437  1437 I liblog  : 1
02-29 14:15:07.182  1437  1437 I liblog  : 1
02-29 14:15:07.182  1437  1437 I liblog  : 1
02-29 14:15:07.182  1437  1437 I liblog  : 1
02-29 14:15:07.182  1437  1437 I liblog  : 1
02-29 14:15:07.182  1437  1437 I liblog  : 1
02-29 14:15:07.182  1437  1437 I liblog  : 1
02-29 14:15:07.182  1437  1437 I liblog  : 1
02-29 14:15:07.182  1437  1437 I liblog  : 2
02-29 14:15:07.182  1437  1437 I liblog  : 2
02-29 14:15:07.182  1437  1437 I liblog  : 2
02-29 14:15:07.182  1437  1437 I liblog  : 1
02-29 14:15:07.182  1437  1437 I liblog  : 1
02-29 14:15:07.182  1437  1437 I liblog  : 1
02-29 14:15:07.182  1437  1437 I liblog  : 2
02-29 14:15:07.182  1437  1437 I liblog  : 1
02-29 14:15:07.182  1437  1437 I liblog  : 1
02-29 14:15:07.182  1437  1437 I liblog  : 1
02-29 14:15:07.182  1437  1437 I liblog  : 1
02-29 14:15:07.182  1437  1437 I liblog  : 1
02-29 14:15:07.182  1437  1437 I liblog  : 1
02-29 14:15:07.182  1437  1437 I liblog  : 2
02-29 14:15:07.182  1437  1437 I liblog  : 1
02-29 14:15:07.182  1437  1437 I liblog  : 1
02-29 14:15:07.182  1437  1437 I liblog  : 1
02-29 14:15:07.182  1437  1437 I liblog  : 1
02-29 14:15:07.182  1437  1437 I liblog  : 1
02-29 14:15:07.182  1437  1437 I liblog  : 1
02-29 14:15:07.182  1437  1437 I liblog  : 1
02-29 14:15:07.182  1437  1437 I liblog  : 1
02-29 14:15:07.182  1437  1437 I liblog  : 2
02-29 14:15:07.182  1437  1437 I liblog  : 1
02-29 14:15:07.182  1437  1437 I liblog  : 1
02-29 14:15:07.182  1437  1437 I liblog  : 1
02-29 14:15:07.182  1437  1437 I liblog  : 1
02-29 14:15:07.182  1437  1437 I liblog  : 1
02-29 14:15:07.182  1437  1437 I liblog  : 1
02-29 14:15:07.182  1437  1437 I liblog  : 2
02-29 14:15:07.182  1437  1437 I liblog  : 1
02-29 14:15:07.182  1437  1437 I liblog  : 1
02-29 14:15:07.182  1437  1437 I liblog  : 1
02-29 14:15:07.182  1437  1437 I liblog  : 1
02-29 14:15:07.182  1437  1437 I liblog  : 1
02-29 14:15:07.182  1437  1437 I liblog  : 1
02-29 14:15:07.182  1437  1437 I liblog  : 2
02-29 14:15:07.182  1437  1437 I liblog  : 1
02-29 14:15:07.182  1437  1437 I liblog  : 1
02-29 14:15:07.182  1437  1437 I liblog  : 1
02-29 14:15:07.182  1437  1437 I liblog  : 1
02-29 14:15:07.182  1437  1437 I liblog  : 1
02-29 14:15:07.182  1437  1437 I liblog  : 2
02-29 14:15:07.182  1437  1437 I liblog  : 1
02-29 14:15:07.182  1437  1437 I liblog  : 1
02-29 14:15:07.182  1437  1437 I liblog  : 1
02-29 14:15:07.182  1437  1437 I liblog  : 1
02-29 14:15:07.182  1437  1437 I liblog  : 1
02-29 14:15:07.182  1437  1437 I liblog  : 2
02-29 14:15:07.182  1437  1437 I liblog  : 1
02-29 14:15:07.182  1437  1437 I liblog  : 1
02-29 14:15:07.182  1437  1437 I liblog  : 1
02-29 14:15:07.182  1437  1437 I liblog  : 3
02-29 14:15:07.182  1437  1437 I liblog  : 1
02-29 14:15:07.182  1437  1437 I liblog  : 2
02-29 14:15:07.182  1437  1437 I liblog  : 1
02-29 14:15:07.182  1437  1437 I liblog  : 1
02-29 14:15:07.182  1437  1437 I liblog  : 1
02-29 14:15:07.182  1437  1437 I liblog  : 1
02-29 14:15:07.182  1437  1437 I liblog  : 2
02-29 14:15:07.182  1437  1437 I liblog  : 1
02-29 14:15:07.182  1437  1437 I liblog  : 1
02-29 14:15:07.182  1437  1437 I liblog  : 1
02-29 14:15:07.182  1437  1437 I liblog  : 1
02-29 14:15:07.182  1437  1437 I liblog  : 1
02-29 14:15:07.182  1437  1437 I liblog  : 2
02-29 14:15:07.182  1437  1437 I liblog  : 1
02-29 14:15:07.182  1437  1437 I liblog  : 1
02-29 14:15:07.182  1437  1437 I liblog  : 1
02-29 14:15:07.182  1437  1437 I liblog  : 1
02-29 14:15:07.182  1437  1437 I liblog  : 1
02-29 14:15:07.182  1437  1437 I liblog  : 1
02-29 14:15:07.182  1437  1437 I liblog  : 1
02-29 14:15:07.182  1437  1437 I liblog  : 1
02-29 14:15:07.182  1437  1437 I liblog  : 2
02-29 14:15:07.182  1437  1437 I liblog  : 1
02-29 14:15:07.182  1437  1437 I liblog  : 1
02-29 14:15:07.182  1437  1437 I liblog  : 1
02-29 14:15:07.182  1437  1437 I liblog  : 1
02-29 14:15:07.182  1437  1437 I liblog  : 1
02-29 14:15:07.182  1437  1437 I liblog  : 1
02-29 14:15:07.182  1437  1437 I liblog  : 2
02-29 14:15:07.182  1437  1437 I liblog  : 1
02-29 14:15:07.182  1437  1437 I liblog  : 1
02-29 14:15:07.182  1437  1437 I liblog  : 1
02-29 14:15:07.182  1437  1437 I liblog  : 1
02-29 14:15:07.182  1437  1437 I liblog  : 1
02-29 14:15:07.182  1437  1437 I liblog  : 1
02-29 14:15:07.182  1437  1437 I liblog  : 1
02-29 14:15:07.182  1437  1437 I liblog  : 2
02-29 14:15:07.182  1437  1437 I liblog  : 1
02-29 14:15:07.182  1437  1437 I liblog  : 1
02-29 14:15:07.182  1437  1437 I liblog  : 1
02-29 14:15:07.182  1437  1437 I liblog  : 1
02-29 14:15:07.182  1437  1437 I liblog  : 1
02-29 14:15:07.182  1437  1437 I liblog  : 1
02-29 14:15:07.182  1437  1437 I liblog  : 1
02-29 14:15:07.182  1437  1437 I liblog  : 2
02-29 14:15:07.182  1437  1437 I liblog  : 1
02-29 14:15:07.182  1437  1437 I liblog  : 1
02-29 14:15:07.183  1437  1437 I liblog  : 1
02-29 14:15:07.183  1437  1437 I liblog  : 1
02-29 14:15:07.183  1437  1437 I liblog  : 2
02-29 14:15:07.183  1437  1437 I liblog  : 1
02-29 14:15:07.183  1437  1437 I liblog  : 1
02-29 14:15:07.183  1437  1437 I liblog  : 1
02-29 14:15:07.183  1437  1437 I liblog  : 1
02-29 14:15:07.183  1437  1437 I liblog  : 2
02-29 14:15:07.183  1437  1437 I liblog  : 1
02-29 14:15:07.183  1437  1437 I liblog  : 1
02-29 14:15:07.183  1437  1437 I liblog  : 1
02-29 14:15:07.183  1437  1437 I liblog  : 1
02-29 14:15:07.183  1437  1437 I liblog  : 1
02-29 14:15:07.183  1437  1437 I liblog  : 1
02-29 14:15:07.183  1437  1437 I liblog  : 2
02-29 14:15:07.183  1437  1437 I liblog  : 1
02-29 14:15:07.183  1437  1437 I liblog  : 1
02-29 14:15:07.183  1437  1437 I liblog  : 1
02-29 14:15:07.183  1437  1437 I liblog  : 1
02-29 14:15:07.183  1437  1437 I liblog  : 1
02-29 14:15:07.183  1437  1437 I liblog  : 2
02-29 14:15:07.183  1437  1437 I liblog  : 1
02-29 14:15:07.183  1437  1437 I liblog  : 1
02-29 14:15:07.183  1437  1437 I liblog  : 1
02-29 14:15:07.183  1437  1437 I liblog  : 2
02-29 14:15:07.183  1437  1437 I liblog  : 1
02-29 14:15:07.183  1437  1437 I liblog  : 5
02-29 14:15:07.183  1437  1437 I liblog  : 2
02-29 14:15:07.183  1437  1437 I liblog  : 2
02-29 14:15:07.183  1437  1437 I liblog  : 1
02-29 14:15:07.183  1437  1437 I liblog  : 2
02-29 14:15:07.183  1437  1437 I liblog  : 3
02-29 14:15:07.183  1437  1437 I liblog  : 1
02-29 14:15:07.183  1437  1437 I liblog  : 1
02-29 14:15:07.183  1437  1437 I liblog  : 1
02-29 14:15:07.183  1437  1437 I liblog  : 3
02-29 14:15:07.183  1437  1437 I liblog  : 2
02-29 14:15:07.183  1437  1437 I liblog  : 1
02-29 14:15:07.183  1437  1437 I liblog  : 2
02-29 14:15:07.183  1437  1437 I liblog  : 1
02-29 14:15:07.183  1437  1437 I liblog  : 1
02-29 14:15:07.183  1437  1437 I liblog  : 2
02-29 14:15:07.183  1437  1437 I liblog  : 2
02-29 14:15:07.183  1437  1437 I liblog  : 1
02-29 14:15:07.183  1437  1437 I liblog  : 1
02-29 14:15:07.183  1437  1437 I liblog  : 2
02-29 14:15:07.183  1437  1437 I liblog  : 1
02-29 14:15:07.183  1437  1437 I liblog  : 2
02-29 14:15:07.183  1437  1437 I liblog  : 2
02-29 14:15:07.183  1437  1437 I liblog  : 2
02-29 14:15:07.183  1437  1437 I liblog  : 2
02-29 14:15:07.183  1437  1437 I liblog  : 1
02-29 14:15:07.183  1437  1437 I liblog  : 2
02-29 14:15:07.183  1437  1437 I liblog  : 1
02-29 14:15:07.183  1437  1437 I liblog  : 1
02-29 14:15:07.183  1437  1437 I liblog  : 1
02-29 14:15:07.183  1437  1437 I liblog  : 2
02-29 14:15:07.183  1437  1437 I liblog  : 2
02-29 14:15:07.183  1437  1437 I liblog  : 2
02-29 14:15:07.183  1437  1437 I liblog  : 1
02-29 14:15:07.183  1437  1437 I liblog  : 1
02-29 14:15:07.183  1437  1437 I liblog  : 1
02-29 14:15:07.183  1437  1437 I liblog  : 2
02-29 14:15:07.183  1437  1437 I liblog  : 1
02-29 14:15:07.183  1437  1437 I liblog  : 2
02-29 14:15:07.183  1437  1437 I liblog  : 1
02-29 14:15:07.183  1437  1437 I liblog  : 1
02-29 14:15:07.183  1437  1437 I liblog  : 2
02-29 14:15:07.183  1437  1437 I liblog  : 1
02-29 14:15:07.183  1437  1437 I liblog  : 1
02-29 14:15:07.183  1437  1437 I liblog  : 2
02-29 14:15:07.183  1437  1437 I liblog  : 1
02-29 14:15:07.183  1437  1437 I liblog  : 1
02-29 14:15:07.183  1437  1437 I liblog  : 1
02-29 14:15:07.183  1437  1437 I liblog  : 1
02-29 14:15:07.183  1437  1437 I liblog  : 1
02-29 14:15:07.183  1437  1437 I liblog  : 2
02-29 14:15:07.183  1437  1437 I liblog  : 1
02-29 14:15:07.183  1437  1437 I liblog  : 1
02-29 14:15:07.183  1437  1437 I liblog  : 2
02-29 14:15:07.183  1437  1437 I liblog  : 2
02-29 14:15:07.183  1437  1437 I liblog  : 2
02-29 14:15:07.183  1437  1437 I liblog  : 2
02-29 14:15:07.183  1437  1437 I liblog  : 1
02-29 14:15:07.183  1437  1437 I liblog  : 2
02-29 14:15:07.183  1437  1437 I liblog  : 1
02-29 14:15:07.183  1437  1437 I liblog  : 2
02-29 14:15:07.183  1437  1437 I liblog  : 1
02-29 14:15:07.183  1437  1437 I liblog  : 4
02-29 14:15:07.183  1437  1437 I liblog  : 2
02-29 14:15:07.183  1437  1437 I liblog  : 2
02-29 14:15:07.183  1437  1437 I liblog  : 1
02-29 14:15:07.183  1437  1437 I liblog  : 1
02-29 14:15:07.183  1437  1437 I liblog  : 3
02-29 14:15:07.183  1437  1437 I liblog  : 2
02-29 14:15:07.183  1437  1437 I liblog  : 1
02-29 14:15:07.183  1437  1437 I liblog  : 1
02-29 14:15:07.183  1437  1437 I liblog  : 1
02-29 14:15:07.183  1437  1437 I liblog  : 4
02-29 14:15:07.183  1437  1437 I liblog  : 2
02-29 14:15:07.183  1437  1437 I liblog  : 4
02-29 14:15:07.183  1437  1437 I liblog  : 2
02-29 14:15:07.183  1437  1437 I liblog  : 1
02-29 14:15:07.183  1437  1437 I liblog  : 1
02-29 14:15:07.183  1437  1437 I liblog  : 3
02-29 14:15:07.183  1437  1437 I liblog  : 2
02-29 14:15:07.183  1437  1437 I liblog  : 5
02-29 14:15:07.183  1437  1437 I liblog  : 1
02-29 14:15:07.183  1437  1437 I liblog  : 2
02-29 14:15:07.183  1437  1437 I liblog  : 2
02-29 14:15:07.183  1437  1437 I liblog  : 1
02-29 14:15:07.183  1437  1437 I liblog  : 1
02-29 14:15:07.183  1437  1437 I liblog  : 2
02-29 14:15:07.183  1437  1437 I liblog  : 2
02-29 14:15:07.183  1437  1437 I liblog  : 1
02-29 14:15:07.183  1437  1437 I liblog  : 3
02-29 14:15:07.183  1437  1437 I liblog  : 2
02-29 14:15:07.183  1437  1437 I liblog  : 1
02-29 14:15:07.183  1437  1437 I liblog  : 1
02-29 14:15:07.183  1437  1437 I liblog  : 1
02-29 14:15:07.183  1437  1437 I liblog  : 2
02-29 14:15:07.183  1437  1437 I liblog  : 3
02-29 14:15:07.183  1437  1437 I liblog  : 1
02-29 14:15:07.183  1437  1437 I liblog  : 1
02-29 14:15:07.183  1437  1437 I liblog  : 1
02-29 14:15:07.183  1437  1437 I liblog  : 2
02-29 14:15:07.183  1437  1437 I liblog  : 2
02-29 14:15:07.183  1437  1437 I liblog  : 2
02-29 14:15:07.183  1437  1437 I liblog  : 2
02-29 14:15:07.183  1437  1437 I liblog  : 1
02-29 14:15:07.183  1437  1437 I liblog  : 1
02-29 14:15:07.183  1437  1437 I liblog  : 2
02-29 14:15:07.183  1437  1437 I liblog  : 2
02-29 14:15:07.183  1437  1437 I liblog  : 1
02-29 14:15:07.183  1437  1437 I liblog  : 2
02-29 14:15:07.183  1437  1437 I liblog  : 2
02-29 14:15:07.183  1437  1437 I liblog  : 2
02-29 14:15:07.183  1437  1437 I liblog  : 1
02-29 14:15:07.183  1437  1437 I liblog  : 1
02-29 14:15:07.183  1437  1437 I liblog  : 1
02-29 14:15:07.183  1437  1437 I liblog  : 2
02-29 14:15:07.183  1437  1437 I liblog  : 1
02-29 14:15:07.183  1437  1437 I liblog  : 2
02-29 14:15:07.183  1437  1437 I liblog  : 2
02-29 14:15:07.183  1437  1437 I liblog  : 1
02-29 14:15:07.183  1437  1437 I liblog  : 1
02-29 14:15:07.183  1437  1437 I liblog  : 1
02-29 14:15:07.183  1437  1437 I liblog  : 2
02-29 14:15:07.183  1437  1437 I liblog  : 2
02-29 14:15:07.183  1437  1437 I liblog  : 1
02-29 14:15:07.183  1437  1437 I liblog  : 2
02-29 14:15:07.183  1437  1437 I liblog  : 1
02-29 14:15:07.183  1437  1437 I liblog  : 4
02-29 14:15:07.183  1437  1437 I liblog  : 1
02-29 14:15:07.183  1437  1437 I liblog  : 2
02-29 14:15:07.183  1437  1437 I liblog  : 4
02-29 14:15:07.183  1437  1437 I liblog  : 2
02-29 14:15:07.183  1437  1437 I liblog  : 1
02-29 14:15:07.183  1437  1437 I liblog  : 3
02-29 14:15:07.183  1437  1437 I liblog  : 2
02-29 14:15:07.183  1437  1437 I liblog  : 3
02-29 14:15:07.183  1437  1437 I liblog  : 2
02-29 14:15:07.184  1437  1437 I liblog  : 4
02-29 14:15:07.283     1     1 I auditd  : type=1107 audit(0.0:27): uid=0 auid=4294967295 ses=4294967295 subj=u:r:init:s0 msg='avc: denied { set } for property=persist.vendor.ssr.restart_level pid=254 uid=0 gid=0 scontext=u:r:vendor_init:s0 tcontext=u:object_r:vendor_ssr_prop:s0 tclass=property_service permissive=0'
02-29 14:15:07.293  1274  1274 I snet_event_log: [200284993,-1,]
02-29 14:15:07.298  1273  1273 I snet_event_log: [200284993,-1,]
02-29 14:15:07.627  2077  2077 I auditd  : type=1400 audit(0.0:28): avc: denied { write } for comm="atrace" name="enable" dev="tracefs" ino=6033 scontext=u:r:atrace:s0 tcontext=u:object_r:debugfs_tracing_debug:s0 tclass=file permissive=0
02-29 14:15:07.813  1273  1273 I boot_progress_preload_start: 4296
02-29 14:15:08.043     1     1 I auditd  : type=1107 audit(0.0:29): uid=0 auid=4294967295 ses=4294967295 subj=u:r:init:s0 msg='avc: denied { set } for property=gf.debug.fp_vendor pid=2184 uid=1000 gid=1000 scontext=u:r:hal_fingerprint_default:s0 tcontext=u:object_r:default_prop:s0 tclass=property_service permissive=0'
02-29 14:15:08.043     1     1 I auditd  : type=1107 audit(0.0:30): uid=0 auid=4294967295 ses=4294967295 subj=u:r:init:s0 msg='avc: denied { set } for property=gf.debug.fp_model pid=2184 uid=1000 gid=1000 scontext=u:r:hal_fingerprint_default:s0 tcontext=u:object_r:default_prop:s0 tclass=property_service permissive=0'
02-29 14:15:08.043     1     1 I auditd  : type=1107 audit(0.0:31): uid=0 auid=4294967295 ses=4294967295 subj=u:r:init:s0 msg='avc: denied { set } for property=gf.debug.fp_serial pid=2184 uid=1000 gid=1000 scontext=u:r:hal_fingerprint_default:s0 tcontext=u:object_r:default_prop:s0 tclass=property_service permissive=0'
02-29 14:15:08.115  1333  1333 I auditd  : type=1400 audit(0.0:32): avc: denied { read } for comm="binder:1333_2" name="u:object_r:vendor_pd_locater_dbg_prop:s0" dev="tmpfs" ino=416 scontext=u:r:hal_audio_default:s0 tcontext=u:object_r:vendor_pd_locater_dbg_prop:s0 tclass=file permissive=0
02-29 14:15:08.115  1333  1333 I auditd  : type=1400 audit(0.0:33): avc: denied { read } for comm="binder:1333_2" name="u:object_r:vendor_pd_locater_dbg_prop:s0" dev="tmpfs" ino=416 scontext=u:r:hal_audio_default:s0 tcontext=u:object_r:vendor_pd_locater_dbg_prop:s0 tclass=file permissive=0
02-29 14:15:08.370  1273  1273 I boot_progress_preload_end: 4853
02-29 14:15:08.712  2624  2624 I system_server_start: [1,5188,5188]
02-29 14:15:08.713  2624  2624 I boot_progress_system_run: 5196
02-29 14:15:09.031  2184  2184 I auditd  : type=1400 audit(0.0:34): avc: denied { read } for comm="android.hardwar" name="u:object_r:vendor_system_prop:s0" dev="tmpfs" ino=452 scontext=u:r:hal_fingerprint_default:s0 tcontext=u:object_r:vendor_system_prop:s0 tclass=file permissive=0
02-29 14:15:09.043  2184  2184 I auditd  : type=1400 audit(0.0:35): avc: denied { read } for comm="android.hardwar" name="input" dev="tmpfs" ino=1064 scontext=u:r:hal_fingerprint_default:s0 tcontext=u:object_r:input_device:s0 tclass=dir permissive=0
02-29 14:15:09.055  1076  1076 I auditd  : type=1400 audit(0.0:36): avc: denied { read } for comm="binder:1076_4" name="wakeup9" dev="sysfs" ino=103821 scontext=u:r:system_suspend:s0 tcontext=u:object_r:sysfs:s0 tclass=dir permissive=0
02-29 14:15:09.055  1076  1076 I auditd  : type=1400 audit(0.0:37): avc: denied { read } for comm="binder:1076_4" name="wakeup49" dev="sysfs" ino=138012 scontext=u:r:system_suspend:s0 tcontext=u:object_r:sysfs:s0 tclass=dir permissive=0
02-29 14:15:09.059  1076  1076 I auditd  : type=1400 audit(0.0:38): avc: denied { read } for comm="binder:1076_4" name="wakeup15" dev="sysfs" ino=115351 scontext=u:r:system_suspend:s0 tcontext=u:object_r:sysfs:s0 tclass=dir permissive=0
02-29 14:15:09.075  2624  2736 I commit_sys_config_file: [batterystats,5]
02-29 14:15:09.076  2624  2736 I commit_sys_config_file: [batterystats,0]
02-29 14:15:09.080  2624  2624 I service_manager_stats: [100,8,5563]
02-29 14:15:09.116  2624  2624 I rescue_note: [0,1,5600]
02-29 14:15:09.150  2624  2624 I boot_progress_pms_start: 5633
02-29 14:15:09.185  2624  2624 I pm_critical_info: Package com.android.providers.telephony was user id 0 but is now user SharedUserSetting{1fad99c android.uid.phone/1001} with id 1001; I am not changing its files so it will probably fail!
02-29 14:15:09.186  2624  2624 I pm_critical_info: Package com.android.dynsystem was user id 0 but is now user SharedUserSetting{65a932b android.uid.system/1000} with id 1000; I am not changing its files so it will probably fail!
02-29 14:15:09.186  2624  2624 I pm_critical_info: Package com.android.providers.calendar was user id 0 but is now user SharedUserSetting{520c946 android.uid.calendar/10041} with id 10041; I am not changing its files so it will probably fail!
02-29 14:15:09.186  2624  2624 I pm_critical_info: Package com.android.providers.media was user id 0 but is now user SharedUserSetting{22fde5d android.media/10024} with id 10024; I am not changing its files so it will probably fail!
02-29 14:15:09.186  2624  2624 I pm_critical_info: Package com.qualcomm.qti.uceShimService was user id 0 but is now user SharedUserSetting{1fad99c android.uid.phone/1001} with id 1001; I am not changing its files so it will probably fail!
02-29 14:15:09.187  2624  2624 I pm_critical_info: Package com.android.mms.service was user id 0 but is now user SharedUserSetting{1fad99c android.uid.phone/1001} with id 1001; I am not changing its files so it will probably fail!
02-29 14:15:09.187  2624  2624 I pm_critical_info: Package com.android.providers.downloads was user id 0 but is now user SharedUserSetting{22fde5d android.media/10024} with id 10024; I am not changing its files so it will probably fail!
02-29 14:15:09.187  2624  2624 I pm_critical_info: Package vendor.qti.hardware.cacert.server was user id 0 but is now user SharedUserSetting{3a26b2a com.qualcomm.qti.qtidataservices/10063} with id 10063; I am not changing its files so it will probably fail!
02-29 14:15:09.187  2624  2624 I pm_critical_info: Package com.qualcomm.qti.telephonyservice was user id 0 but is now user SharedUserSetting{30ec491 android.uid.qtiphone/10088} with id 10088; I am not changing its files so it will probably fail!
02-29 14:15:09.187  2624  2624 I pm_critical_info: Package vendor.qti.iwlan was user id 0 but is now user SharedUserSetting{3a26b2a com.qualcomm.qti.qtidataservices/10063} with id 10063; I am not changing its files so it will probably fail!
02-29 14:15:09.187  2624  2624 I pm_critical_info: Package vendor.qti.data.txpwradmin was user id 0 but is now user SharedUserSetting{9a93582 com.qualcomm.qti.qmsdataservices/10065} with id 10065; I am not changing its files so it will probably fail!
02-29 14:15:09.188  2624  2624 I pm_critical_info: Package com.android.providers.downloads.ui was user id 0 but is now user SharedUserSetting{22fde5d android.media/10024} with id 10024; I am not changing its files so it will probably fail!
02-29 14:15:09.188  2624  2624 I pm_critical_info: Package com.android.networkstack was user id 0 but is now user SharedUserSetting{ecae6ef android.uid.networkstack/1073} with id 1073; I am not changing its files so it will probably fail!
