03-25 13:32:34.658  4396  7632 I libnfc_nci: [INFO:nfc_ncif.cc(583)] NFC received rsp gid:1
03-25 13:32:34.658  4396  7632 I libnfc_nci: [INFO:rw_t4t.cc(2364)] rw_t4t_handle_isodep_nak_rsp 0
03-25 13:32:34.658  1009  7634 D NxpTml  : PN54X - Read requested.....
03-25 13:32:34.659  1009  7634 D NxpTml  : PN54X - Invoking I2C Read.....
03-25 13:32:34.660  1009  7634 D NxpTml  : PN54X - I2C Read successful.....
03-25 13:32:34.660  1009  7634 I NxpNciR : len =   4 > 61100100
03-25 13:32:34.660  1009  7634 D NxpTml  : PN54X - Posting read message.....
03-25 13:32:34.660  1009  7637 D NxpHal  : read successful status = 0x0
03-25 13:32:34.661  4396  4911 I libnfc_nci: [INFO:gki_buffer.cc(328)] GKI_getbuf 0xb400007b0a81c7a0 39:43
03-25 13:32:34.661  4396  7632 I libnfc_nci: [INFO:nfc_ncif.cc(624)] NFC received ntf gid:1
03-25 13:32:34.662  4396  7632 I libnfc_nci: [INFO:rw_t4t.cc(2364)] rw_t4t_handle_isodep_nak_rsp 0
03-25 13:32:34.662  4396  7632 I libnfc_nci: [INFO:nfa_rw_act.cc(1569)] nfa_rw_cback: event=0x87
03-25 13:32:34.662  4396  7632 I libnfc_nci: [INFO:nfa_sys_ptim.cc(156)] nfa_sys_ptim_stop_timer 0x799df8c5a0
03-25 13:32:34.662  1009  7634 D NxpTml  : PN54X - Read requested.....
03-25 13:32:34.662  4396  7632 I libnfc_nci: [INFO:nfa_sys_ptim.cc(163)] ptim timer stop
03-25 13:32:34.662  1009  7634 D NxpTml  : PN54X - Invoking I2C Read.....
03-25 13:32:34.662  4396  7632 I libnfc_nci: [INFO:nfa_rw_act.cc(214)] Stopped presence check timer (if started)
03-25 13:32:34.662  4396  7632 I libnfc_nci: [INFO:nfa_dm_act.cc(1545)] event:0xF
03-25 13:32:34.662  4396  7632 I libnfc_nci: [INFO:NativeNfcManager.cpp(460)] nfaConnectionCallback: event= 15
03-25 13:32:34.662  4396  7632 I libnfc_nci: [INFO:NativeNfcManager.cpp(909)] nfaConnectionCallback: NFA_PRESENCE_CHECK_EVT
03-25 13:32:34.791  4396  7783 I libnfc_nci: [INFO:NativeNfcTag.cpp(1740)] nativeNfcTag_doPresenceCheck
03-25 13:32:34.791  4396  7783 I libnfc_nci: [INFO:nfa_rw_api.cc(212)] NFA_RwPresenceCheck
03-25 13:32:34.791  4396  7783 I libnfc_nci: [INFO:gki_buffer.cc(328)] GKI_getbuf 0xb400007a6a811700 39:43
03-25 13:32:34.793  4396  7632 I libnfc_nci: [INFO:nfa_sys_main.cc(96)] NFA got event 0x0500
03-25 13:32:34.794  4396  7632 I libnfc_nci: [INFO:nfa_rw_main.cc(254)] nfa_rw_handle_event event: NFA_RW_OP_REQUEST_EVT (0x500), flags: 00000021
03-25 13:32:34.794  4396  7632 I libnfc_nci: [INFO:nfa_rw_act.cc(2977)] nfa_rw_handle_op_req: op=0x03
03-25 13:32:34.794  4396  7632 I libnfc_nci: [INFO:nfa_sys_ptim.cc(156)] nfa_sys_ptim_stop_timer 0x799df8c5a0
03-25 13:32:34.794  4396  7632 I libnfc_nci: [INFO:nfa_sys_ptim.cc(163)] ptim timer stop
03-25 13:32:34.794  4396  7632 I libnfc_nci: [INFO:nfa_rw_act.cc(214)] Stopped presence check timer (if started)
03-25 13:32:34.794  4396  7632 I libnfc_nci: [INFO:rw_t4t.cc(2992)] RW_T4tPresenceCheck - 5
03-25 13:32:34.794  4396  7632 I libnfc_nci: [INFO:gki_buffer.cc(328)] GKI_getbuf 0xb400007b0a81c7a0 40:43
03-25 13:32:34.794  4396  7632 I libnfc_nci: [INFO:nfc_ncif.cc(497)] nfc_ncif_send_cmd()
03-25 13:32:34.794  4396  7632 I libnfc_nci: [INFO:NfcAdaptation.cc(743)] NfcAdaptation::HalWrite
03-25 13:32:34.795  1009  7635 D NxpTml  : PN54X - Write requested.....
03-25 13:32:34.795  1009  7635 D NxpTml  : PN54X - Invoking I2C Write.....
03-25 13:32:34.796  1009  7635 I NxpNciX : len =   3 > 211000
03-25 13:32:34.796  1009  7635 D NxpTml  : PN54X - I2C Write successful.....
03-25 13:32:34.796  1009  7635 D NxpTml  : PN54X - Posting Fresh Write message.....
03-25 13:32:34.797  1009  7635 D NxpTml  : PN54X - Tml Writer Thread Running................
03-25 13:32:34.797  1009  7637 D NxpHal  : write successful status = 0x0
03-25 13:32:34.799  1009  7634 D NxpTml  : PN54X - I2C Read successful.....
03-25 13:32:34.799  4396  7632 I libnfc_nci: [INFO:nfa_sys_ptim.cc(128)] nfa_sys_ptim_start_timer 0x799df8c5a0
03-25 13:32:34.799  1009  7634 I NxpNciR : len =   4 > 41100100
03-25 13:32:34.799  4396  7632 I libnfc_nci: [INFO:nfa_sys_ptim.cc(133)] ptim timer start
03-25 13:32:34.799  1009  7634 D NxpTml  : PN54X - Posting read message.....
03-25 13:32:34.799  1009  7637 D NxpHal  : read successful status = 0x0
03-25 13:32:34.800  4396  4911 I libnfc_nci: [INFO:gki_buffer.cc(328)] GKI_getbuf 0xb400007b0a80dd40 39:43
03-25 13:32:34.801  4396  7632 I libnfc_nci: [INFO:nfc_ncif.cc(583)] NFC received rsp gid:1
03-25 13:32:34.801  4396  7632 I libnfc_nci: [INFO:rw_t4t.cc(2364)] rw_t4t_handle_isodep_nak_rsp 0
03-25 13:32:34.802  1009  7634 D NxpTml  : PN54X - Read requested.....
03-25 13:32:34.802  1009  7634 D NxpTml  : PN54X - Invoking I2C Read.....
03-25 13:32:34.926  1009  7634 D NxpTml  : PN54X - I2C Read successful.....
03-25 13:32:34.926  1009  7634 I NxpNciR : len =   4 > 61100103
03-25 13:32:34.926  1009  7634 D NxpTml  : PN54X - Posting read message.....
03-25 13:32:34.927  1009  7637 D NxpHal  : read successful status = 0x0
03-25 13:32:34.927  4396  4911 I libnfc_nci: [INFO:gki_buffer.cc(328)] GKI_getbuf 0xb400007b0a810c20 39:43
03-25 13:32:34.927  4396  7632 I libnfc_nci: [INFO:nfc_ncif.cc(624)] NFC received ntf gid:1
03-25 13:32:34.928  4396  7632 I libnfc_nci: [INFO:rw_t4t.cc(2364)] rw_t4t_handle_isodep_nak_rsp 3
03-25 13:32:34.928  1009  7634 D NxpTml  : PN54X - Read requested.....
03-25 13:32:34.928  1009  7634 D NxpTml  : PN54X - Invoking I2C Read.....
03-25 13:32:34.929  4396  7632 I libnfc_nci: [INFO:nfa_rw_act.cc(1569)] nfa_rw_cback: event=0x87
03-25 13:32:34.929  4396  7632 I libnfc_nci: [INFO:nfa_sys_ptim.cc(156)] nfa_sys_ptim_stop_timer 0x799df8c5a0
03-25 13:32:34.929  4396  7632 I libnfc_nci: [INFO:nfa_sys_ptim.cc(163)] ptim timer stop
03-25 13:32:34.929  4396  7632 I libnfc_nci: [INFO:nfa_rw_act.cc(214)] Stopped presence check timer (if started)
03-25 13:32:34.929  4396  7632 I libnfc_nci: [INFO:nfa_dm_act.cc(1545)] event:0xF
03-25 13:32:34.930  4396  7632 I libnfc_nci: [INFO:NativeNfcManager.cpp(460)] nfaConnectionCallback: event= 15
03-25 13:32:34.930  4396  7632 I libnfc_nci: [INFO:NativeNfcManager.cpp(909)] nfaConnectionCallback: NFA_PRESENCE_CHECK_EVT
03-25 13:32:34.930  4396  7632 I libnfc_nci: [INFO:nfa_rw_act.cc(551)] Presence check failed. Deactivating...
03-25 13:32:34.930  4396  7632 I libnfc_nci: [INFO:nfa_dm_discover.cc(3127)] deactivate_type:0x3
03-25 13:32:34.930  4396  7632 I libnfc_nci: [INFO:nfa_dm_discover.cc(2893)] state: POLL_ACTIVE (4), event: DEACTIVATE_CMD(6) disc_flags: 0x1
03-25 13:32:34.930  4396  7783 I libnfc_nci: [INFO:NativeNfcTag.cpp(1835)] nativeNfcTag_doPresenceCheck: tag absent
03-25 13:32:34.931  4396  7783 D NativeNfcTag: Tag lost, restarting polling loop
03-25 13:32:34.931  4396  7783 I libnfc_nci: [INFO:NativeNfcTag.cpp(1185)] nativeNfcTag_doDisconnect: enter
03-25 13:32:34.931  4396  7783 I libnfc_nci: [INFO:NativeNfcTag.cpp(2266)] nativeNfcTag_acquireRfInterfaceMutexLock: try to acquire lock
03-25 13:32:34.931  4396  7783 I libnfc_nci: [INFO:NativeNfcTag.cpp(2269)] nativeNfcTag_acquireRfInterfaceMutexLock: sRfInterfaceMutex lock
03-25 13:32:34.932  4396  7783 I libnfc_nci: [INFO:nfa_dm_api.cc(1106)] sleep_mode:0
03-25 13:32:34.932  4396  7783 I libnfc_nci: [INFO:gki_buffer.cc(328)] GKI_getbuf 0xb400007a3a841c70 40:43
03-25 13:32:34.932  4396  7632 I libnfc_nci: [INFO:nfc_main.cc(1399)] NFC_Deactivate 5 (OPEN) deactivate_type:3
03-25 13:32:34.933  4396  7632 I libnfc_nci: [INFO:nfc_main.cc(444)] nfc_set_state 5 (OPEN)->6 (CLOSING)
03-25 13:32:34.933  4396  7632 I libnfc_nci: [INFO:nfc_main.cc(1417)] act_protocol 4 credits:1/1
03-25 13:32:34.934  4396  7632 I libnfc_nci: [INFO:gki_buffer.cc(328)] GKI_getbuf 0xb400007b0a80dd40 41:43
03-25 13:32:34.934  4396  7632 I libnfc_nci: [INFO:nfc_ncif.cc(497)] nfc_ncif_send_cmd()
03-25 13:32:34.934  4396  7632 I libnfc_nci: [INFO:nfc_ncif.cc(145)] check_and_store_last_cmd:
03-25 13:32:34.935  4396  7632 I libnfc_nci: [INFO:NfcAdaptation.cc(743)] NfcAdaptation::HalWrite
03-25 13:32:34.935  4396  7783 I libnfc_nci: [INFO:NativeNfcTag.cpp(2284)] nativeNfcTag_releaseRfInterfaceMutexLock: sRfInterfaceMutex unlock
03-25 13:32:34.935  4396  7783 I libnfc_nci: [INFO:NativeNfcTag.cpp(1203)] nativeNfcTag_doDisconnect: exit
03-25 13:32:34.935  4396  7783 D NfcService: applyRouting enter
03-25 13:32:34.935  1009  7635 D NxpTml  : PN54X - Write requested.....
03-25 13:32:34.935  1009  7635 D NxpTml  : PN54X - Invoking I2C Write.....
03-25 13:32:34.937  1009  7635 I NxpNciX : len =   4 > 21060103
03-25 13:32:34.937  4396  7783 D NfcService: Discovery configuration equal, not updating.
03-25 13:32:34.937  4396  7783 D NativeNfcTag: Stopping background presence check
03-25 13:32:34.937  1009  7635 D NxpTml  : PN54X - I2C Write successful.....
03-25 13:32:34.938  1009  7635 D NxpTml  : PN54X - Posting Fresh Write message.....
03-25 13:32:34.938  1009  7635 D NxpTml  : PN54X - Tml Writer Thread Running................
03-25 13:32:34.938  1009  7637 D NxpHal  : write successful status = 0x0
03-25 13:32:34.939  1009  7634 D NxpTml  : PN54X - I2C Read successful.....
03-25 13:32:34.939  1009  7634 I NxpNciR : len =   4 > 41060100
03-25 13:32:34.939  1009  7634 D NxpTml  : PN54X - Posting read message.....
03-25 13:32:34.939  1009  7637 D NxpHal  : read successful status = 0x0
03-25 13:32:34.940  4396  7632 I libnfc_nci: [INFO:nfa_dm_discover.cc(1022)] num_disc_maps=3
03-25 13:32:34.940  4396  7632 I libnfc_nci: [INFO:nfa_dm_discover.cc(1050)] Starting timer value 8000
03-25 13:32:34.940  4396  7632 I libnfc_nci: [INFO:nfa_sys_ptim.cc(128)] nfa_sys_ptim_start_timer 0x799df8e2c0
03-25 13:32:34.940  4396  7632 I libnfc_nci: [INFO:nfa_sys_ptim.cc(133)] ptim timer start
03-25 13:32:34.941  4396  7632 I libnfc_nci: [INFO:nfa_dm_discover.cc(2946)] new state: POLL_ACTIVE (4), disc_flags: 0x61
03-25 13:32:34.941  4396  7632 I libnfc_nci: [INFO:nfa_sys_main.cc(96)] NFA got event 0x0113
03-25 13:32:34.941  4396  7632 I libnfc_nci: [INFO:nfa_dm_main.cc(152)] event: NFA_DM_API_DEACTIVATE_EVT (0x13)
03-25 13:32:34.941  4396  7632 I libnfc_nci: [INFO:nfa_dm_act.cc(847)] nfa_dm_act_deactivate
03-25 13:32:34.941  4396  7632 I libnfc_nci: [INFO:nfa_dm_discover.cc(3127)] deactivate_type:0x3
03-25 13:32:34.941  4396  7632 I libnfc_nci: [INFO:nfa_dm_discover.cc(2893)] state: POLL_ACTIVE (4), event: DEACTIVATE_CMD(6) disc_flags: 0x61
03-25 13:32:34.941  4396  7632 I libnfc_nci: [INFO:nfa_dm_discover.cc(2946)] new state: POLL_ACTIVE (4), disc_flags: 0x61
03-25 13:32:34.941  4396  4911 I libnfc_nci: [INFO:gki_buffer.cc(328)] GKI_getbuf 0xb400007b0a8195a0 41:43
03-25 13:32:34.942  4396  7632 I libnfc_nci: [INFO:nfa_sys_ptim.cc(156)] nfa_sys_ptim_stop_timer 0x799df8c5a0
03-25 13:32:34.942  4396  7632 I libnfc_nci: [INFO:nfa_rw_act.cc(214)] Stopped presence check timer (if started)
03-25 13:32:34.942  4396  7632 I libnfc_nci: [INFO:nfc_ncif.cc(583)] NFC received rsp gid:1
03-25 13:32:34.942  4396  7632 I libnfc_nci: [INFO:nfa_dm_discover.cc(3258)] p2p priority is running under bail out mode ONLY.
03-25 13:32:34.942  4396  7632 I libnfc_nci: [INFO:nfc_main.cc(444)] nfc_set_state 6 (CLOSING)->4 (IDLE)
03-25 13:32:34.942  1009  7634 D NxpTml  : PN54X - Read requested.....
03-25 13:32:34.942  1009  7634 D NxpTml  : PN54X - Invoking I2C Read.....
03-25 13:32:34.942  4396  7632 I libnfc_nci: [INFO:rw_t4t.cc(2391)] rw_t4t_data_cback - event = 0x6002
03-25 13:32:34.942  4396  7632 I libnfc_nci: [INFO:nfa_dm_discover.cc(850)] event:0x4005
03-25 13:32:34.942  4396  7632 I libnfc_nci: [INFO:nfa_dm_discover.cc(2893)] state: POLL_ACTIVE (4), event: DEACTIVATE_RSP(7) disc_flags: 0x61
03-25 13:32:34.942  4396  7632 I libnfc_nci: [INFO:nfa_dm_discover.cc(2946)] new state: POLL_ACTIVE (4), disc_flags: 0x41
03-25 13:32:34.942  4396  7632 I libnfc_nci: [INFO:nfa_srd_main.cc(215)] nfa_srd_dm_process_evt Enter: event:7
03-25 13:32:34.969  1009  7634 D NxpTml  : PN54X - I2C Read successful.....
03-25 13:32:34.969  1009  7634 I NxpNciR : len =   5 > 6106020300
03-25 13:32:34.969  1009  7634 D NxpTml  : PN54X - Posting read message.....
03-25 13:32:34.970  1009  7637 D NxpHal  : read successful status = 0x0
03-25 13:32:34.971  4396  4911 I libnfc_nci: [INFO:gki_buffer.cc(328)] GKI_getbuf 0xb400007b0a80fc80 39:43
03-25 13:32:34.971  4396  7632 I libnfc_nci: [INFO:nfc_ncif.cc(624)] NFC received ntf gid:1
03-25 13:32:34.972  4396  7632 I libnfc_nci: [INFO:nfa_dm_discover.cc(3258)] p2p priority is running under bail out mode ONLY.
03-25 13:32:34.972  4396  7632 I libnfc_nci: [INFO:nfc_main.cc(444)] nfc_set_state 4 (IDLE)->4 (IDLE)
03-25 13:32:34.972  1009  7634 D NxpTml  : PN54X - Read requested.....
03-25 13:32:34.972  4396  7632 I libnfc_nci: [INFO:nfa_dm_discover.cc(1968)] nfa_dm_disc_data_cback
03-25 13:32:34.972  1009  7634 D NxpTml  : PN54X - Invoking I2C Read.....
03-25 13:32:34.972  4396  7632 I libnfc_nci: [INFO:nfa_dm_discover.cc(850)] event:0x4005
03-25 13:32:34.972  4396  7632 I libnfc_nci: [INFO:nfa_dm_discover.cc(2893)] state: POLL_ACTIVE (4), event: DEACTIVATE_NTF(8) disc_flags: 0x41
03-25 13:32:34.973  4396  7632 I libnfc_nci: [INFO:nfa_sys_ptim.cc(156)] nfa_sys_ptim_stop_timer 0x799df8e2c0
03-25 13:32:34.973  4396  7632 I libnfc_nci: [INFO:nfa_sys_ptim.cc(163)] ptim timer stop
03-25 13:32:34.973  4396  7632 I libnfc_nci: [INFO:nfa_dm_discover.cc(1662)] activated_handle=3
03-25 13:32:34.974  4396  7632 I libnfc_nci: [INFO:nfa_dm_act.cc(1744)] event:0x02
03-25 13:32:34.974  4396  7632 I libnfc_nci: [INFO:nfa_rw_main.cc(254)] nfa_rw_handle_event event: NFA_RW_DEACTIVATE_NTF_EVT (0x502), flags: 00000021
03-25 13:32:34.974  4396  7632 I libnfc_nci: [INFO:nfa_sys_ptim.cc(156)] nfa_sys_ptim_stop_timer 0x799df8c5a0
03-25 13:32:34.974  4396  7632 I libnfc_nci: [INFO:nfa_sys_ptim.cc(163)] ptim timer stop
03-25 13:32:34.974  4396  7632 I libnfc_nci: [INFO:nfa_rw_act.cc(214)] Stopped presence check timer (if started)
03-25 13:32:34.974  4396  7632 I libnfc_nci: [INFO:NativeNfcManager.cpp(460)] nfaConnectionCallback: event= 6
03-25 13:32:34.975  4396  7632 I libnfc_nci: [INFO:NativeNfcManager.cpp(703)] nfaConnectionCallback: NFA_DEACTIVATED_EVT   Type: 3, gIsTagDeactivating: 0
03-25 13:32:34.975  4396  7632 I libnfc_nci: [INFO:NfcTag.cpp(219)] NfcTag::setDeactivationState: state=0
03-25 13:32:34.975  4396  7632 I libnfc_nci: [INFO:NfcTag.cpp(1530)] NfcTag::resetTechnologies
03-25 13:32:34.975  4396  7632 I libnfc_nci: [INFO:NativeNfcTag.cpp(184)] nativeNfcTag_abortWaits
03-25 13:32:34.976  4396  7632 I libnfc_nci: [INFO:nfa_dm_discover.cc(1998)] old_state: POLL_ACTIVE (4), new_state: DISCOVERY (1) disc_flags: 0x1
03-25 13:32:34.976  4396  7632 I libnfc_nci: [INFO:nfa_dm_discover.cc(2623)] nfa_dm_disc_sm_poll_activeNFA_DM_RF_DEACTIVATE_NTF to discovery
03-25 13:32:34.976  4396  7632 I libnfc_nci: [INFO:nfa_dm_discover.cc(2946)] new state: DISCOVERY (1), disc_flags: 0x1
03-25 13:32:34.976  4396  7632 I libnfc_nci: [INFO:nfa_srd_main.cc(215)] nfa_srd_dm_process_evt Enter: event:8
03-25 13:32:34.978  4396  6719 I libnfc_nci: [INFO:NfcTag.cpp(713)] notifyNfcAbortTagops: enter
03-25 13:32:34.979  4396  6719 I libnfc_nci: [INFO:NfcTag.cpp(726)] notifyNfcAbortTagops: exit
03-25 13:32:34.991  1009  7634 D NxpTml  : PN54X - I2C Read successful.....
03-25 13:32:34.991  1009  7634 I NxpNciR : len =  28 > 61051901020401FF010C0B68EB358200000000808144010000020100
03-25 13:32:34.991  1009  7634 D NxpTml  : PN54X - Posting read message.....
03-25 13:32:34.992  1009  7637 D NxpHal  : read successful status = 0x0
03-25 13:32:34.992  1009  7637 D NxpHal  : NxpNci: RF Interface = ISO-DEP
03-25 13:32:34.993  1009  7637 D NxpHal  : NxpNci: Protocol = ISO-DEP
03-25 13:32:34.993  1009  7637 D NxpHal  : NxpNci: Mode = B Passive Poll
03-25 13:32:34.993  4396  4911 I libnfc_nci: [INFO:gki_buffer.cc(328)] GKI_getbuf 0xb400007b0a812840 39:43
03-25 13:32:34.994  4396  7632 I libnfc_nci: [INFO:nfc_ncif.cc(624)] NFC received ntf gid:1
03-25 13:32:34.994  4396  7632 I libnfc_nci: [INFO:nfa_dm_discover.cc(3258)] p2p priority is running under bail out mode ONLY.
03-25 13:32:34.994  4396  7632 I libnfc_nci: [INFO:nfc_main.cc(444)] nfc_set_state 4 (IDLE)->5 (OPEN)
03-25 13:32:34.995  4396  7632 I libnfc_nci: [INFO:nfc_ncif.cc(1296)] nfc_ncif_proc_activate:25 2, mode:0x01
03-25 13:32:34.995  1009  7634 D NxpTml  : PN54X - Read requested.....
03-25 13:32:34.995  4396  7632 I libnfc_nci: [INFO:nfa_dm_discover.cc(850)] event:0x4004
03-25 13:32:34.995  1009  7634 D NxpTml  : PN54X - Invoking I2C Read.....
03-25 13:32:34.995  4396  7632 I libnfc_nci: [INFO:nfa_dm_discover.cc(2893)] state: DISCOVERY (1), event: ACTIVATED_NTF(5) disc_flags: 0x1
03-25 13:32:34.995  4396  7632 I libnfc_nci: [INFO:nfa_dm_discover.cc(1998)] old_state: DISCOVERY (1), new_state: POLL_ACTIVE (4) disc_flags: 0x1
03-25 13:32:34.995  4396  7632 I libnfc_nci: [INFO:nfa_dm_discover.cc(1454)] tech_n_mode:0x1, proto:0x4
03-25 13:32:34.996  4396  7632 I libnfc_nci: [INFO:nfa_dm_discover.cc(827)] tech_n_mode:0x1, protocol:0x4, disc_mask:0x10
03-25 13:32:34.996  4396  7632 I libnfc_nci: [INFO:nfa_dm_discover.cc(1621)] activated_protocol:0x4, activated_handle: 0x3
03-25 13:32:34.996  4396  7632 I libnfc_nci: [INFO:nfa_dm_act.cc(1744)] event:0x01
03-25 13:32:34.996  4396  7632 I libnfc_nci: [INFO:gki_buffer.cc(328)] GKI_getbuf 0xb400007aca8150e0 40:43
03-25 13:32:34.997  4396  7632 I libnfc_nci: [INFO:nfa_rw_main.cc(254)] nfa_rw_handle_event event: NFA_RW_ACTIVATE_NTF_EVT (0x501), flags: 00000001
03-25 13:32:34.997  4396  7632 I libnfc_nci: [INFO:nfa_rw_act.cc(2678)] nfa_rw_activate_ntf
03-25 13:32:34.997  4396  7632 I libnfc_nci: [INFO:rw_main.cc(232)] RW_SetActivatedTagType protocol:4, technology:1, SAK:104
03-25 13:32:34.997  4396  7632 I libnfc_nci: [INFO:rw_t4t.cc(2801)] rw_t4t_select
03-25 13:32:34.998  4396  7632 I libnfc_nci: [INFO:nfa_dm_act.cc(1905)] status:0x0
03-25 13:32:34.998  4396  7632 I libnfc_nci: [INFO:NativeNfcManager.cpp(460)] nfaConnectionCallback: event= 5
03-25 13:32:34.998  4396  7632 I libnfc_nci: [INFO:NativeNfcManager.cpp(579)] nfaConnectionCallback: NFA_ACTIVATED_EVT: gIsSelectingRfInterface=0, sIsDisabling=0
03-25 13:32:34.998  4396  7632 I libnfc_nci: [INFO:NativeNfcManager.cpp(606)] nfaConnectionCallback: NFA_ACTIVATED_EVT: received typeB NFCID0
03-25 13:32:34.998  4396  7632 I libnfc_nci: [INFO:NfcTag.cpp(266)] updateNfcID0Param: nfcID0 =68EB3582
03-25 13:32:34.998  4396  7632 I libnfc_nci: [INFO:NfcTag.cpp(236)] NfcTag::setActivationState: state=2
03-25 13:32:34.998  4396  7632 I libnfc_nci: [INFO:NfcTag.cpp(434)] NfcTag::IsSameKovio: enter
03-25 13:32:34.999  4396  7632 I libnfc_nci: [INFO:NfcTag.cpp(485)] NfcTag::discoverTechnologies (activation): enter
03-25 13:32:34.999  4396  7632 I libnfc_nci: [INFO:NfcTag.cpp(644)] NfcTag::discoverTechnologies (activation): index=0; tech=3; handle=1; nfc type=4
03-25 13:32:34.999  4396  7632 I libnfc_nci: [INFO:NfcTag.cpp(644)] NfcTag::discoverTechnologies (activation): index=1; tech=2; handle=1; nfc type=4
03-25 13:32:34.999  4396  7632 I libnfc_nci: [INFO:NfcTag.cpp(649)] NfcTag::discoverTechnologies (activation): exit
03-25 13:32:34.999  4396  7632 I libnfc_nci: [INFO:NfcTag.cpp(744)] NfcTag::createNativeNfcTag: enter
03-25 13:32:35.000  4396  7632 I libnfc_nci: [INFO:NfcTag.cpp(929)] NfcTag::fillNativeNfcTagMembers1
03-25 13:32:35.000  4396  7632 I libnfc_nci: [INFO:NfcTag.cpp(981)] NfcTag::fillNativeNfcTagMembers2
03-25 13:32:35.000  4396  7632 I libnfc_nci: [INFO:NfcTag.cpp(1024)] NfcTag::fillNativeNfcTagMembers3: index=0; rf tech params mode=1
03-25 13:32:35.001  4396  7632 I libnfc_nci: [INFO:NfcTag.cpp(1024)] NfcTag::fillNativeNfcTagMembers3: index=1; rf tech params mode=1
03-25 13:32:35.001  4396  7632 I libnfc_nci: [INFO:NfcTag.cpp(1062)] NfcTag::fillNativeNfcTagMembers3: tech B; TARGET_TYPE_ISO14443_3B
03-25 13:32:35.001  4396  7632 I libnfc_nci: [INFO:NfcTag.cpp(1195)] NfcTag::fillNativeNfcTagMembers4: index=0
03-25 13:32:35.001  4396  7632 I libnfc_nci: [INFO:NfcTag.cpp(1290)] NfcTag::fillNativeNfcTagMembers4: T4T; ISO_DEP for tech B; copy response bytes; len=0
03-25 13:32:35.001  4396  7632 I libnfc_nci: [INFO:NfcTag.cpp(1195)] NfcTag::fillNativeNfcTagMembers4: index=1
03-25 13:32:35.001  4396  7632 I libnfc_nci: [INFO:NfcTag.cpp(1405)] NfcTag::fillNativeNfcTagMembers5: tech B
03-25 13:32:35.001  4396  7632 I libnfc_nci: [INFO:NfcTag.cpp(1442)] NfcTag::fillNativeNfcTagMembers5;mTechListTail=0
03-25 13:32:35.002  4396  7632 I libnfc_nci: [INFO:NfcTag.cpp(784)] NfcTag::createNativeNfcTag; mNumDiscNtf=0
03-25 13:32:35.002  4396  7632 I libnfc_nci: [INFO:NfcTag.cpp(853)] NfcTag::storeActivationParams: Mode 1 Types 4
03-25 13:32:35.002  4396  7632 I libnfc_nci: [INFO:NfcTag.cpp(794)] NfcTag::createNativeNfcTag: try notify nfc service
03-25 13:32:35.002  4396  7632 I libnfc_nci: [INFO:NfcTag.cpp(902)] deleteglobaldata: enter
03-25 13:32:35.002  4396  7632 I libnfc_nci: [INFO:NfcTag.cpp(911)] deleteglobaldata: exit
03-25 13:32:35.003  4396  7632 I libnfc_nci: [INFO:NfcTag.cpp(809)] NfcTag::createNativeNfcTag: exit
03-25 13:32:35.003  4396  7632 I libnfc_nci: [INFO:nfa_dm_discover.cc(2946)] new state: POLL_ACTIVE (4), disc_flags: 0x1
03-25 13:32:35.003  4396  7632 I libnfc_nci: [INFO:nfa_srd_main.cc(215)] nfa_srd_dm_process_evt Enter: event:5
03-25 13:32:35.004  4396  7632 I libnfc_nci: [INFO:nfa_srd_main.cc(238)] nfa_srd_dm_process_evt Unknown Event!!
03-25 13:32:35.004  4396  4396 D NfcService: Tag detected, notifying applications
03-25 13:32:35.004  4396  4396 D NativeNfcTag: Connect to a tech with a different handle
03-25 13:32:35.004  4396  4396 I libnfc_nci: [INFO:NativeNfcTag.cpp(1102)] nativeNfcTag_doHandleReconnect: targetHandle = 0
03-25 13:32:35.005  4396  4396 I libnfc_nci: [INFO:NativeNfcTag.cpp(687)] nativeNfcTag_doConnect: targetHandle = 0
03-25 13:32:35.005  4396  4396 E libnfc_nci: [ERROR:NativeNfcTag.cpp(709)] nativeNfcTag_doConnect:  doConnect sCurrentConnectedTargetProtocol 4 sCurrentConnectedTargetType 3
03-25 13:32:35.005  4396  4396 I libnfc_nci: [INFO:NativeNfcTag.cpp(1025)] switchRfInterface: new rf intf = 2, cur rf intf = 2
03-25 13:32:35.005  4396  4396 I libnfc_nci: [INFO:NativeNfcTag.cpp(768)] reSelect: enter; rf intf = 2, current intf = 2
03-25 13:32:35.006  4396  4396 I libnfc_nci: [INFO:NativeNfcTag.cpp(752)] nativeNfcTag_doConnect: exit 0x0
03-25 13:32:35.006  4396  4396 I libnfc_nci: [INFO:NativeNfcTag.cpp(1927)] nativeNfcTag_doIsIsoDepNdefFormatable
03-25 13:32:35.006  4396  4396 I libnfc_nci: [INFO:NfcTag.cpp(1781)] NfcTag::isMifareDESFire: return=0
03-25 13:32:35.006  4396  4396 I libnfc_nci: [INFO:NativeNfcTag.cpp(1905)] nativeNfcTag_doIsNdefFormatable: is formattable=0
03-25 13:32:35.006  4396  4396 I libnfc_nci: [INFO:NativeNfcTag.cpp(1057)] nativeNfcTag_doReconnect: enter
03-25 13:32:35.006  4396  4396 I libnfc_nci: [INFO:NativeNfcTag.cpp(768)] reSelect: enter; rf intf = 2, current intf = 2
03-25 13:32:35.006  4396  4396 I libnfc_nci: [INFO:NativeNfcTag.cpp(841)] reSelect: deactivate to sleep
03-25 13:32:35.006  4396  4396 I libnfc_nci: [INFO:nfa_dm_api.cc(1106)] sleep_mode:1
03-25 13:32:35.007  4396  4396 I libnfc_nci: [INFO:gki_buffer.cc(328)] GKI_getbuf 0xb400007a3a840b00 39:43
03-25 13:32:35.007  4396  7632 I libnfc_nci: [INFO:nfa_sys_main.cc(96)] NFA got event 0x0113
03-25 13:32:35.007  4396  7632 I libnfc_nci: [INFO:nfa_dm_main.cc(152)] event: NFA_DM_API_DEACTIVATE_EVT (0x13)
03-25 13:32:35.008  4396  7632 I libnfc_nci: [INFO:nfa_dm_act.cc(847)] nfa_dm_act_deactivate
03-25 13:32:35.008  4396  7632 I libnfc_nci: [INFO:nfa_dm_discover.cc(3127)] deactivate_type:0x1
03-25 13:32:35.008  4396  7632 I libnfc_nci: [INFO:nfa_dm_discover.cc(2893)] state: POLL_ACTIVE (4), event: DEACTIVATE_CMD(6) disc_flags: 0x1
03-25 13:32:35.008  4396  7632 I libnfc_nci: [INFO:nfc_main.cc(1399)] NFC_Deactivate 5 (OPEN) deactivate_type:1
03-25 13:32:35.008  4396  7632 I libnfc_nci: [INFO:nfc_main.cc(444)] nfc_set_state 5 (OPEN)->6 (CLOSING)
03-25 13:32:35.008  4396  7632 I libnfc_nci: [INFO:nfc_main.cc(1417)] act_protocol 4 credits:1/1
03-25 13:32:35.008  4396  7632 I libnfc_nci: [INFO:gki_buffer.cc(328)] GKI_getbuf 0xb400007b0a812840 40:43
03-25 13:32:35.008  4396  7632 I libnfc_nci: [INFO:nfc_ncif.cc(497)] nfc_ncif_send_cmd()
03-25 13:32:35.008  4396  7632 I libnfc_nci: [INFO:nfc_ncif.cc(145)] check_and_store_last_cmd:
03-25 13:32:35.009  4396  7632 I libnfc_nci: [INFO:NfcAdaptation.cc(743)] NfcAdaptation::HalWrite
03-25 13:32:35.009  1009  7635 D NxpTml  : PN54X - Write requested.....
03-25 13:32:35.009  1009  7635 D NxpTml  : PN54X - Invoking I2C Write.....
03-25 13:32:35.010  1009  7635 I NxpNciX : len =   4 > 21060101
03-25 13:32:35.010  1009  7635 D NxpTml  : PN54X - I2C Write successful.....
03-25 13:32:35.010  1009  7635 D NxpTml  : PN54X - Posting Fresh Write message.....
03-25 13:32:35.010  1009  7635 D NxpTml  : PN54X - Tml Writer Thread Running................
03-25 13:32:35.010  1009  7637 D NxpHal  : write successful status = 0x0
03-25 13:32:35.011  4396  7632 I libnfc_nci: [INFO:nfa_dm_discover.cc(1022)] num_disc_maps=3
03-25 13:32:35.011  1009  7634 D NxpTml  : PN54X - I2C Read successful.....
03-25 13:32:35.012  1009  7634 I NxpNciR : len =   4 > 41060100
03-25 13:32:35.012  4396  7632 I libnfc_nci: [INFO:nfa_dm_discover.cc(1050)] Starting timer value 8000
03-25 13:32:35.012  1009  7634 D NxpTml  : PN54X - Posting read message.....
03-25 13:32:35.012  4396  7632 I libnfc_nci: [INFO:nfa_sys_ptim.cc(128)] nfa_sys_ptim_start_timer 0x799df8e2c0
03-25 13:32:35.012  4396  7632 I libnfc_nci: [INFO:nfa_sys_ptim.cc(133)] ptim timer start
03-25 13:32:35.012  4396  7632 I libnfc_nci: [INFO:nfa_dm_discover.cc(2946)] new state: POLL_ACTIVE (4), disc_flags: 0x61
03-25 13:32:35.012  1009  7637 D NxpHal  : read successful status = 0x0
03-25 13:32:35.012  4396  7632 I libnfc_nci: [INFO:nfa_sys_ptim.cc(156)] nfa_sys_ptim_stop_timer 0x799df8c5a0
03-25 13:32:35.012  4396  7632 I libnfc_nci: [INFO:nfa_rw_act.cc(214)] Stopped presence check timer (if started)
03-25 13:32:35.013  4396  4911 I libnfc_nci: [INFO:gki_buffer.cc(328)] GKI_getbuf 0xb400007b0a814460 39:43
03-25 13:32:35.013  1009  7634 D NxpTml  : PN54X - Read requested.....
03-25 13:32:35.014  1009  7634 D NxpTml  : PN54X - Invoking I2C Read.....
03-25 13:32:35.014  4396  7632 I libnfc_nci: [INFO:nfc_ncif.cc(583)] NFC received rsp gid:1
03-25 13:32:35.014  4396  7632 I libnfc_nci: [INFO:nfa_dm_discover.cc(3258)] p2p priority is running under bail out mode ONLY.
03-25 13:32:35.014  4396  7632 I libnfc_nci: [INFO:nfc_main.cc(444)] nfc_set_state 6 (CLOSING)->4 (IDLE)
03-25 13:32:35.014  4396  7632 I libnfc_nci: [INFO:rw_t4t.cc(2391)] rw_t4t_data_cback - event = 0x6002
03-25 13:32:35.014  4396  7632 I libnfc_nci: [INFO:nfa_dm_discover.cc(850)] event:0x4005
03-25 13:32:35.014  4396  7632 I libnfc_nci: [INFO:nfa_dm_discover.cc(2893)] state: POLL_ACTIVE (4), event: DEACTIVATE_RSP(7) disc_flags: 0x61
03-25 13:32:35.014  4396  7632 I libnfc_nci: [INFO:nfa_dm_discover.cc(2946)] new state: POLL_ACTIVE (4), disc_flags: 0x41
03-25 13:32:35.014  4396  7632 I libnfc_nci: [INFO:nfa_srd_main.cc(215)] nfa_srd_dm_process_evt Enter: event:7
03-25 13:32:35.015  1009  7634 D NxpTml  : PN54X - I2C Read successful.....
03-25 13:32:35.015  1009  7634 I NxpNciR : len =   5 > 6106020100
03-25 13:32:35.015  1009  7634 D NxpTml  : PN54X - Posting read message.....
03-25 13:32:35.015  1009  7637 D NxpHal  : read successful status = 0x0
03-25 13:32:35.016  4396  4911 I libnfc_nci: [INFO:gki_buffer.cc(328)] GKI_getbuf 0xb400007b0a8137e0 39:43
03-25 13:32:35.017  4396  7632 I libnfc_nci: [INFO:nfc_ncif.cc(624)] NFC received ntf gid:1
03-25 13:32:35.017  4396  7632 I libnfc_nci: [INFO:nfa_dm_discover.cc(3258)] p2p priority is running under bail out mode ONLY.
03-25 13:32:35.017  4396  7632 I libnfc_nci: [INFO:nfc_main.cc(444)] nfc_set_state 4 (IDLE)->4 (IDLE)
03-25 13:32:35.017  4396  7632 I libnfc_nci: [INFO:nfa_dm_discover.cc(1968)] nfa_dm_disc_data_cback
03-25 13:32:35.017  4396  7632 I libnfc_nci: [INFO:nfa_dm_discover.cc(850)] event:0x4005
03-25 13:32:35.017  4396  7632 I libnfc_nci: [INFO:nfa_dm_discover.cc(2893)] state: POLL_ACTIVE (4), event: DEACTIVATE_NTF(8) disc_flags: 0x41
03-25 13:32:35.017  4396  7632 I libnfc_nci: [INFO:nfa_sys_ptim.cc(156)] nfa_sys_ptim_stop_timer 0x799df8e2c0
03-25 13:32:35.017  1009  7634 D NxpTml  : PN54X - Read requested.....
03-25 13:32:35.017  4396  7632 I libnfc_nci: [INFO:nfa_sys_ptim.cc(163)] ptim timer stop
03-25 13:32:35.017  4396  7632 I libnfc_nci: [INFO:nfa_dm_discover.cc(1662)] activated_handle=3
03-25 13:32:35.017  1009  7634 D NxpTml  : PN54X - Invoking I2C Read.....
03-25 13:32:35.017  4396  7632 I libnfc_nci: [INFO:nfa_dm_act.cc(1744)] event:0x02
03-25 13:32:35.017  4396  7632 I libnfc_nci: [INFO:nfa_rw_main.cc(254)] nfa_rw_handle_event event: NFA_RW_DEACTIVATE_NTF_EVT (0x502), flags: 00000021
03-25 13:32:35.017  4396  7632 I libnfc_nci: [INFO:nfa_sys_ptim.cc(156)] nfa_sys_ptim_stop_timer 0x799df8c5a0
03-25 13:32:35.017  4396  7632 I libnfc_nci: [INFO:nfa_sys_ptim.cc(163)] ptim timer stop
03-25 13:32:35.017  4396  7632 I libnfc_nci: [INFO:nfa_rw_act.cc(214)] Stopped presence check timer (if started)
03-25 13:32:35.018  4396  7632 I libnfc_nci: [INFO:NativeNfcManager.cpp(460)] nfaConnectionCallback: event= 6
03-25 13:32:35.018  4396  7632 I libnfc_nci: [INFO:NativeNfcManager.cpp(703)] nfaConnectionCallback: NFA_DEACTIVATED_EVT   Type: 1, gIsTagDeactivating: 1
03-25 13:32:35.018  4396  7632 I libnfc_nci: [INFO:NfcTag.cpp(219)] NfcTag::setDeactivationState: state=1
03-25 13:32:35.018  4396  7632 I libnfc_nci: [INFO:nfa_dm_discover.cc(1998)] old_state: POLL_ACTIVE (4), new_state: W4_HOST_SELECT (3) disc_flags: 0x1
03-25 13:32:35.018  4396  7632 I libnfc_nci: [INFO:nfa_dm_discover.cc(2946)] new state: W4_HOST_SELECT (3), disc_flags: 0x1
03-25 13:32:35.018  4396  7632 I libnfc_nci: [INFO:nfa_srd_main.cc(215)] nfa_srd_dm_process_evt Enter: event:8
03-25 13:32:35.018  4396  4396 I libnfc_nci: [INFO:NativeNfcTag.cpp(915)] reSelect: select interface 2
03-25 13:32:35.018  4396  4396 I libnfc_nci: [INFO:nfa_dm_api.cc(1011)] rf_disc_id:0x1, protocol:0x4, rf_interface:0x2
03-25 13:32:35.018  4396  4396 I libnfc_nci: [INFO:gki_buffer.cc(328)] GKI_getbuf 0xb400007a3a842600 39:43
03-25 13:32:35.019  4396  7632 I libnfc_nci: [INFO:nfa_sys_main.cc(96)] NFA got event 0x0111
03-25 13:32:35.019  4396  7632 I libnfc_nci: [INFO:nfa_dm_main.cc(152)] event: NFA_DM_API_SELECT_EVT (0x11)
03-25 13:32:35.019  4396  7632 I libnfc_nci: [INFO:nfa_dm_act.cc(1489)] nfa_dm_act_select
03-25 13:32:35.019  4396  7632 I libnfc_nci: [INFO:nfa_dm_discover.cc(3096)] rf_disc_id:0x1, protocol:0x4, rf_interface:0x2
03-25 13:32:35.019  4396  7632 I libnfc_nci: [INFO:nfa_dm_discover.cc(2893)] state: W4_HOST_SELECT (3), event: SELECT_CMD(3) disc_flags: 0x11
03-25 13:32:35.019  4396  7632 I libnfc_nci: [INFO:gki_buffer.cc(328)] GKI_getbuf 0xb400007b0a8137e0 40:43
03-25 13:32:35.019  4396  7632 I libnfc_nci: [INFO:nfc_ncif.cc(497)] nfc_ncif_send_cmd()
03-25 13:32:35.019  4396  7632 I libnfc_nci: [INFO:NfcAdaptation.cc(743)] NfcAdaptation::HalWrite
03-25 13:32:35.020  1009  7635 D NxpTml  : PN54X - Write requested.....
03-25 13:32:35.020  1009  7635 D NxpTml  : PN54X - Invoking I2C Write.....
03-25 13:32:35.022  1009  7635 I NxpNciX : len =   6 > 210403010402
03-25 13:32:35.022  1009  7635 D NxpTml  : PN54X - I2C Write successful.....
03-25 13:32:35.022  1009  7635 D NxpTml  : PN54X - Posting Fresh Write message.....
03-25 13:32:35.022  1009  7635 D NxpTml  : PN54X - Tml Writer Thread Running................
03-25 13:32:35.022  1009  7637 D NxpHal  : write successful status = 0x0
03-25 13:32:35.023  1009  7634 D NxpTml  : PN54X - I2C Read successful.....
03-25 13:32:35.023  4396  7632 I libnfc_nci: [INFO:nfa_dm_discover.cc(2946)] new state: W4_HOST_SELECT (3), disc_flags: 0x91
03-25 13:32:35.023  1009  7634 I NxpNciR : len =   4 > 41040100
03-25 13:32:35.023  1009  7634 D NxpTml  : PN54X - Posting read message.....
03-25 13:32:35.023  1009  7637 D NxpHal  : read successful status = 0x0
03-25 13:32:35.024  4396  4911 I libnfc_nci: [INFO:gki_buffer.cc(328)] GKI_getbuf 0xb400007b0a809240 39:43
03-25 13:32:35.024  4396  7632 I libnfc_nci: [INFO:nfc_ncif.cc(583)] NFC received rsp gid:1
03-25 13:32:35.024  4396  7632 I libnfc_nci: [INFO:nfa_dm_discover.cc(850)] event:0x4003
03-25 13:32:35.024  4396  7632 I libnfc_nci: [INFO:nfa_dm_discover.cc(2893)] state: W4_HOST_SELECT (3), event: SELECT_RSP(4) disc_flags: 0x91
03-25 13:32:35.024  4396  7632 I libnfc_nci: [INFO:NativeNfcManager.cpp(460)] nfaConnectionCallback: event= 3
03-25 13:32:35.025  1009  7634 D NxpTml  : PN54X - Read requested.....
03-25 13:32:35.025  4396  7632 I libnfc_nci: [INFO:NativeNfcManager.cpp(541)] nfaConnectionCallback: NFA_SELECT_RESULT_EVT: status = 0, gIsSelectingRfInterface = 1, sIsDisabling=0
03-25 13:32:35.025  1009  7634 D NxpTml  : PN54X - Invoking I2C Read.....
03-25 13:32:35.025  4396  7632 I libnfc_nci: [INFO:nfa_dm_discover.cc(2946)] new state: W4_HOST_SELECT (3), disc_flags: 0x1
03-25 13:32:35.025  4396  7632 I libnfc_nci: [INFO:nfa_srd_main.cc(215)] nfa_srd_dm_process_evt Enter: event:4
03-25 13:32:35.025  4396  7632 I libnfc_nci: [INFO:nfa_srd_main.cc(238)] nfa_srd_dm_process_evt Unknown Event!!
03-25 13:32:35.029  1009  7634 D NxpTml  : PN54X - I2C Read successful.....
03-25 13:32:35.029  1009  7634 I NxpNciR : len =  28 > 61051901020401FF010C0B68EB358200000000808144010000020100
03-25 13:32:35.029  1009  7634 D NxpTml  : PN54X - Posting read message.....
03-25 13:32:35.029  1009  7637 D NxpHal  : read successful status = 0x0
03-25 13:32:35.029  1009  7637 D NxpHal  : NxpNci: RF Interface = ISO-DEP
03-25 13:32:35.029  1009  7637 D NxpHal  : NxpNci: Protocol = ISO-DEP
03-25 13:32:35.030  1009  7637 D NxpHal  : NxpNci: Mode = B Passive Poll
03-25 13:32:35.030  4396  4911 I libnfc_nci: [INFO:gki_buffer.cc(328)] GKI_getbuf 0xb400007b0a814140 39:43
03-25 13:32:35.030  4396  7632 I libnfc_nci: [INFO:nfc_ncif.cc(624)] NFC received ntf gid:1
03-25 13:32:35.030  4396  7632 I libnfc_nci: [INFO:nfa_dm_discover.cc(3258)] p2p priority is running under bail out mode ONLY.
03-25 13:32:35.030  4396  7632 I libnfc_nci: [INFO:nfc_main.cc(444)] nfc_set_state 4 (IDLE)->5 (OPEN)
03-25 13:32:35.030  4396  7632 I libnfc_nci: [INFO:nfc_ncif.cc(1296)] nfc_ncif_proc_activate:25 2, mode:0x01
03-25 13:32:35.031  4396  7632 I libnfc_nci: [INFO:nfa_dm_discover.cc(850)] event:0x4004
03-25 13:32:35.031  4396  7632 I libnfc_nci: [INFO:nfa_dm_discover.cc(2893)] state: W4_HOST_SELECT (3), event: ACTIVATED_NTF(5) disc_flags: 0x1
03-25 13:32:35.031  1009  7634 D NxpTml  : PN54X - Read requested.....
03-25 13:32:35.031  4396  7632 I libnfc_nci: [INFO:nfa_dm_discover.cc(1998)] old_state: W4_HOST_SELECT (3), new_state: POLL_ACTIVE (4) disc_flags: 0x1
03-25 13:32:35.031  4396  7632 I libnfc_nci: [INFO:nfa_dm_discover.cc(1454)] tech_n_mode:0x1, proto:0x4
03-25 13:32:35.031  1009  7634 D NxpTml  : PN54X - Invoking I2C Read.....
03-25 13:32:35.031  4396  7632 I libnfc_nci: [INFO:nfa_dm_discover.cc(827)] tech_n_mode:0x1, protocol:0x4, disc_mask:0x10
03-25 13:32:35.031  4396  7632 I libnfc_nci: [INFO:nfa_dm_discover.cc(1621)] activated_protocol:0x4, activated_handle: 0x3
03-25 13:32:35.031  4396  7632 I libnfc_nci: [INFO:nfa_dm_act.cc(1744)] event:0x01
03-25 13:32:35.031  4396  7632 I libnfc_nci: [INFO:gki_buffer.cc(328)] GKI_getbuf 0xb400007aca8150e0 40:43
03-25 13:32:35.031  4396  7632 I libnfc_nci: [INFO:nfa_rw_main.cc(254)] nfa_rw_handle_event event: NFA_RW_ACTIVATE_NTF_EVT (0x501), flags: 00000001
03-25 13:32:35.031  4396  7632 I libnfc_nci: [INFO:nfa_rw_act.cc(2678)] nfa_rw_activate_ntf
03-25 13:32:35.031  4396  7632 I libnfc_nci: [INFO:rw_main.cc(232)] RW_SetActivatedTagType protocol:4, technology:1, SAK:104
03-25 13:32:35.031  4396  7632 I libnfc_nci: [INFO:rw_t4t.cc(2801)] rw_t4t_select
03-25 13:32:35.031  4396  7632 I libnfc_nci: [INFO:nfa_dm_act.cc(1905)] status:0x0
03-25 13:32:35.031  4396  7632 I libnfc_nci: [INFO:NativeNfcManager.cpp(460)] nfaConnectionCallback: event= 5
03-25 13:32:35.031  4396  7632 I libnfc_nci: [INFO:NativeNfcManager.cpp(579)] nfaConnectionCallback: NFA_ACTIVATED_EVT: gIsSelectingRfInterface=1, sIsDisabling=0
03-25 13:32:35.031  4396  7632 I libnfc_nci: [INFO:NativeNfcManager.cpp(606)] nfaConnectionCallback: NFA_ACTIVATED_EVT: received typeB NFCID0
03-25 13:32:35.032  4396  7632 I libnfc_nci: [INFO:NfcTag.cpp(266)] updateNfcID0Param: nfcID0 =68EB3582
03-25 13:32:35.032  4396  7632 I libnfc_nci: [INFO:NativeNfcTag.cpp(2311)] nativeNfcTag_checkActivatedProtoParameters: sCurrentConnectedTargetProtocol 4 rfDetail.protocol 4
03-25 13:32:35.032  4396  7632 I libnfc_nci: [INFO:NfcTag.cpp(236)] NfcTag::setActivationState: state=2
03-25 13:32:35.032  4396  7632 I libnfc_nci: [INFO:nfa_dm_discover.cc(2946)] new state: POLL_ACTIVE (4), disc_flags: 0x1
03-25 13:32:35.032  4396  7632 I libnfc_nci: [INFO:nfa_srd_main.cc(215)] nfa_srd_dm_process_evt Enter: event:5
03-25 13:32:35.032  4396  7632 I libnfc_nci: [INFO:nfa_srd_main.cc(238)] nfa_srd_dm_process_evt Unknown Event!!
03-25 13:32:35.032  4396  4396 I libnfc_nci: [INFO:NativeNfcTag.cpp(968)] reSelect: select completed; sConnectOk=1
03-25 13:32:35.032  4396  4396 I libnfc_nci: [INFO:NativeNfcTag.cpp(998)] reSelect: exit; status=0
03-25 13:32:35.033  4396  4396 I libnfc_nci: [INFO:NativeNfcTag.cpp(1083)] nativeNfcTag_doReconnect: exit 0x0
03-25 13:32:35.033  4396  4396 I libnfc_nci: [INFO:NativeNfcTag.cpp(1579)] nativeNfcTag_doCheckNdef: enter 
03-25 13:32:35.033  4396  4396 I libnfc_nci: [INFO:NativeNfcTag.cpp(1619)] nativeNfcTag_doCheckNdef: try NFA_RwDetectNDef
03-25 13:32:35.033  4396  4396 I libnfc_nci: [INFO:NativeNfcTag.cpp(1624)] nativeNfcTag_doCheckNdef: NfcTag::getInstance ().mTechLibNfcTypes[0]=4sCurrentConnectedTargetProtocol = 0x4
03-25 13:32:35.033  4396  4396 I libnfc_nci: [INFO:nfa_rw_api.cc(90)] NFA_RwDetectNDef
03-25 13:32:35.033  4396  4396 I libnfc_nci: [INFO:gki_buffer.cc(328)] GKI_getbuf 0xb400007a6a807b00 39:43
03-25 13:32:35.033  4396  7632 I libnfc_nci: [INFO:nfa_sys_main.cc(96)] NFA got event 0x0500
03-25 13:32:35.033  4396  7632 I libnfc_nci: [INFO:nfa_rw_main.cc(254)] nfa_rw_handle_event event: NFA_RW_OP_REQUEST_EVT (0x500), flags: 00000021
03-25 13:32:35.034  4396  7632 I libnfc_nci: [INFO:nfa_rw_act.cc(2977)] nfa_rw_handle_op_req: op=0x00
03-25 13:32:35.034  4396  7632 I libnfc_nci: [INFO:nfa_sys_ptim.cc(156)] nfa_sys_ptim_stop_timer 0x799df8c5a0
03-25 13:32:35.034  4396  7632 I libnfc_nci: [INFO:nfa_sys_ptim.cc(163)] ptim timer stop
03-25 13:32:35.034  4396  7632 I libnfc_nci: [INFO:nfa_rw_act.cc(214)] Stopped presence check timer (if started)
03-25 13:32:35.034  4396  7632 I libnfc_nci: [INFO:nfa_rw_act.cc(1725)] nfa_rw_detect_ndef
03-25 13:32:35.034  4396  7632 I libnfc_nci: [INFO:rw_t4t.cc(2831)] RW_T4tDetectNDef
03-25 13:32:35.034  4396  7632 I libnfc_nci: [INFO:rw_t4t.cc(1234)] rw_t4t_select_application - version:0x30
03-25 13:32:35.034  4396  7632 I libnfc_nci: [INFO:gki_buffer.cc(328)] GKI_getbuf 0xb400007b0a814140 40:43
03-25 13:32:35.034  4396  7632 I libnfc_nci: [INFO:nfc_ncif.cc(281)] nfc_ncif_send_data :0, num_buff:1 qc:0
03-25 13:32:35.034  4396  7632 I libnfc_nci: [INFO:NfcAdaptation.cc(743)] NfcAdaptation::HalWrite
03-25 13:32:35.035  1009  7635 D NxpTml  : PN54X - Write requested.....
03-25 13:32:35.035  1009  7635 D NxpTml  : PN54X - Invoking I2C Write.....
03-25 13:32:35.036  1009  7635 I NxpNciX : len =  16 > 00000D00A4040007D276000085010100
03-25 13:32:35.036  1009  7635 D NxpTml  : PN54X - I2C Write successful.....
03-25 13:32:35.036  1009  7635 D NxpTml  : PN54X - Posting Fresh Write message.....
03-25 13:32:35.036  1009  7635 D NxpTml  : PN54X - Tml Writer Thread Running................
03-25 13:32:35.036  1009  7637 D NxpHal  : write successful status = 0x0
03-25 13:32:35.037  1009  7634 D NxpTml  : PN54X - I2C Read successful.....
03-25 13:32:35.037  1009  7634 I NxpNciR : len =   6 > 600603010001
03-25 13:32:35.037  1009  7634 D NxpTml  : PN54X - Posting read message.....
03-25 13:32:35.038  1009  7637 D NxpHal  : read successful status = 0x0
03-25 13:32:35.038  4396  4911 I libnfc_nci: [INFO:gki_buffer.cc(328)] GKI_getbuf 0xb400007b0a807940 39:43
03-25 13:32:35.039  4396  7632 I libnfc_nci: [INFO:nfc_ncif.cc(624)] NFC received ntf gid:0
03-25 13:32:35.039  4396  7632 I libnfc_nci: [INFO:nci_hrcv.cc(152)] nci_proc_core_ntf opcode:0x6
03-25 13:32:35.039  4396  7632 I libnfc_nci: [INFO:nfc_ncif.cc(281)] nfc_ncif_send_data :0, num_buff:1 qc:0
03-25 13:32:35.039  1009  7634 D NxpTml  : PN54X - Read requested.....
03-25 13:32:35.039  1009  7634 D NxpTml  : PN54X - Invoking I2C Read.....
03-25 13:32:35.054  1009  7634 D NxpTml  : PN54X - I2C Read successful.....
03-25 13:32:35.054  1009  7634 I NxpNciR : len =   5 > 0000026A82
03-25 13:32:35.055  1009  7634 D NxpTml  : PN54X - Posting read message.....
03-25 13:32:35.055  1009  7637 D NxpHal  : read successful status = 0x0
03-25 13:32:35.057  4396  4911 I libnfc_nci: [INFO:gki_buffer.cc(328)] GKI_getbuf 0xb400007b0a81cac0 39:43
03-25 13:32:35.058  4396  7632 I libnfc_nci: [INFO:nfc_ncif.cc(577)] NFC received data
03-25 13:32:35.058  4396  7632 I libnfc_nci: [INFO:nfc_ncif.cc(2313)] nfc_ncif_proc_data 0x000002
03-25 13:32:35.058  4396  7632 I libnfc_nci: [INFO:nfc_ncif.cc(2318)] nfc_ncif_proc_data len:2
03-25 13:32:35.059  4396  7632 I libnfc_nci: [INFO:rw_t4t.cc(2391)] rw_t4t_data_cback - event = 0x6003
03-25 13:32:35.059  4396  7632 I libnfc_nci: [INFO:rw_t4t.cc(2434)] rw_t4t_data_cback - RW T4T state: <NDEF_DETECTION (2)>
03-25 13:32:35.059  4396  7632 I libnfc_nci: [INFO:rw_t4t.cc(1700)] rw_t4t_sm_detect_ndef - sub_state:WAIT_SELECT_APP (0)
03-25 13:32:35.059  4396  7632 I libnfc_nci: [INFO:rw_t4t.cc(1716)] rw_t4t_sm_detect_ndef - retry with version=0x10
03-25 13:32:35.059  4396  7632 I libnfc_nci: [INFO:rw_t4t.cc(1234)] rw_t4t_select_application - version:0x10
03-25 13:32:35.059  4396  7632 I libnfc_nci: [INFO:gki_buffer.cc(328)] GKI_getbuf 0xb400007b0a807940 40:43
03-25 13:32:35.059  1009  7634 D NxpTml  : PN54X - Read requested.....
03-25 13:32:35.059  1009  7634 D NxpTml  : PN54X - Invoking I2C Read.....
03-25 13:32:35.059  4396  7632 I libnfc_nci: [INFO:nfc_ncif.cc(281)] nfc_ncif_send_data :0, num_buff:1 qc:0
03-25 13:32:35.060  4396  7632 I libnfc_nci: [INFO:NfcAdaptation.cc(743)] NfcAdaptation::HalWrite
03-25 13:32:35.080   177   177 I (virq   : irq_count)- GICv3:IPI(2):657381 GICv3:IPI(1):514750 GICv3:arch_timer(11):253154 GICv3:IPI(6):150193 GICv3:ipcc_0(35):31670 ipcc:glink-native-adsp(375):28842 GICv3:apps_rsc-drv-2(20):24615 GICv3:ufshcd(33):21860 GICv3:hfi(246):13176 GICv3:gpi_dmaa00000_gpii0(167):10440
03-25 13:32:35.080   177   177 I (cpu    : irq_count)- 0:367580 1:320424 2:300411 3:191410 4:157462 5:141438 6:147763 7:135505
03-25 13:32:35.080   177   177 I (ipi    : irq_count)- 0:514750 1:657381 2:0 3:0 4:0 5:150193 6:0
03-25 13:32:35.060  1009  7635 D NxpTml  : PN54X - Write requested.....
03-25 13:32:35.061  1009  7635 D NxpTml  : PN54X - Invoking I2C Write.....
03-25 13:32:35.062  1009  7635 I NxpNciX : len =  15 > 00000C00A4040007D2760000850100
03-25 13:32:35.062  1009  7635 D NxpTml  : PN54X - I2C Write successful.....
03-25 13:32:35.062  1009  7635 D NxpTml  : PN54X - Posting Fresh Write message.....
03-25 13:32:35.062  1009  7635 D NxpTml  : PN54X - Tml Writer Thread Running................
03-25 13:32:35.062  1009  7637 D NxpHal  : write successful status = 0x0
03-25 13:32:35.063  1009  7634 D NxpTml  : PN54X - I2C Read successful.....
03-25 13:32:35.063  1009  7634 I NxpNciR : len =   6 > 600603010001
03-25 13:32:35.063  1009  7634 D NxpTml  : PN54X - Posting read message.....
03-25 13:32:35.063  1009  7637 D NxpHal  : read successful status = 0x0
03-25 13:32:35.064  4396  4911 I libnfc_nci: [INFO:gki_buffer.cc(328)] GKI_getbuf 0xb400007b0a812520 39:43
03-25 13:32:35.064  4396  7632 I libnfc_nci: [INFO:nfc_ncif.cc(624)] NFC received ntf gid:0
03-25 13:32:35.065  4396  7632 I libnfc_nci: [INFO:nci_hrcv.cc(152)] nci_proc_core_ntf opcode:0x6
03-25 13:32:35.065  4396  7632 I libnfc_nci: [INFO:nfc_ncif.cc(281)] nfc_ncif_send_data :0, num_buff:1 qc:0
03-25 13:32:35.065  1009  7634 D NxpTml  : PN54X - Read requested.....
03-25 13:32:35.065  1009  7634 D NxpTml  : PN54X - Invoking I2C Read.....
03-25 13:32:35.074  1009  7634 D NxpTml  : PN54X - I2C Read successful.....
03-25 13:32:35.074  1009  7634 I NxpNciR : len =   5 > 0000026A82
03-25 13:32:35.074  1009  7634 D NxpTml  : PN54X - Posting read message.....
03-25 13:32:35.074  1009  7637 D NxpHal  : read successful status = 0x0
03-25 13:32:35.075  4396  4911 I libnfc_nci: [INFO:gki_buffer.cc(328)] GKI_getbuf 0xb400007b0a81a540 39:43
03-25 13:32:35.075  4396  7632 I libnfc_nci: [INFO:nfc_ncif.cc(577)] NFC received data
03-25 13:32:35.076  4396  7632 I libnfc_nci: [INFO:nfc_ncif.cc(2313)] nfc_ncif_proc_data 0x000002
03-25 13:32:35.076  4396  7632 I libnfc_nci: [INFO:nfc_ncif.cc(2318)] nfc_ncif_proc_data len:2
03-25 13:32:35.076  4396  7632 I libnfc_nci: [INFO:rw_t4t.cc(2391)] rw_t4t_data_cback - event = 0x6003
03-25 13:32:35.076  4396  7632 I libnfc_nci: [INFO:rw_t4t.cc(2434)] rw_t4t_data_cback - RW T4T state: <NDEF_DETECTION (2)>
03-25 13:32:35.076  1009  7634 D NxpTml  : PN54X - Read requested.....
03-25 13:32:35.076  1009  7634 D NxpTml  : PN54X - Invoking I2C Read.....
03-25 13:32:35.076  4396  7632 I libnfc_nci: [INFO:rw_t4t.cc(1700)] rw_t4t_sm_detect_ndef - sub_state:WAIT_SELECT_APP (0)
03-25 13:32:35.076  4396  7632 I libnfc_nci: [INFO:rw_t4t.cc(1383)] rw_t4t_handle_error - status:0xE8, sw1:0x6A, sw2:0x82, state:0x2
03-25 13:32:35.076  4396  7632 I libnfc_nci: [INFO:nfa_rw_act.cc(1569)] nfa_rw_cback: event=0x80
03-25 13:32:35.077  4396  7632 I libnfc_nci: [INFO:nfa_rw_act.cc(230)] NDEF Detection completed: cur_size=0, max_size=0, flags=0x8
03-25 13:32:35.077  4396  7632 I libnfc_nci: [INFO:nfa_dm_act.cc(1545)] event:0x8
03-25 13:32:35.077  4396  7632 I libnfc_nci: [INFO:NativeNfcManager.cpp(460)] nfaConnectionCallback: event= 8
03-25 13:32:35.077  4396  7632 I libnfc_nci: [INFO:NativeNfcManager.cpp(808)] nfaConnectionCallback: NFA_NDEF_DETECT_EVT: status = 0xE8, protocol = 106, max_size = 0, cur_size = 0, flags = 0x8
03-25 13:32:35.077  4396  7632 I libnfc_nci: [INFO:NativeNfcTag.cpp(1516)] nativeNfcTag_doCheckNdefResult: flag all unknown
03-25 13:32:35.077  4396  4396 I libnfc_nci: [INFO:NativeNfcTag.cpp(1696)] nativeNfcTag_doCheckNdef: exit; status=0x3
03-25 13:32:35.077  4396  4396 D NativeNfcTag: Check NDEF Failed - status = 3
03-25 13:32:35.077  4396  4396 I libnfc_nci: [INFO:NativeNfcTag.cpp(1102)] nativeNfcTag_doHandleReconnect: targetHandle = 1
03-25 13:32:35.078  4396  4396 I libnfc_nci: [INFO:NativeNfcTag.cpp(687)] nativeNfcTag_doConnect: targetHandle = 1
03-25 13:32:35.078  4396  7632 I libnfc_nci: [INFO:rw_t4t.cc(2505)] rw_t4t_data_cback - RW T4T state changed:<NDEF_DETECTION> -> <IDLE>
03-25 13:32:35.078  4396  4396 E libnfc_nci: [ERROR:NativeNfcTag.cpp(709)] nativeNfcTag_doConnect:  doConnect sCurrentConnectedTargetProtocol 4 sCurrentConnectedTargetType 2
03-25 13:32:35.078  4396  4396 I libnfc_nci: [INFO:NativeNfcTag.cpp(733)] nativeNfcTag_doConnect: switching to tech: 2 need to switch rf intf to frame
03-25 13:32:35.078  4396  4396 I libnfc_nci: [INFO:NativeNfcTag.cpp(1025)] switchRfInterface: new rf intf = 1, cur rf intf = 2
03-25 13:32:35.078  4396  4396 I libnfc_nci: [INFO:NativeNfcTag.cpp(768)] reSelect: enter; rf intf = 1, current intf = 2
03-25 13:32:35.078  4396  4396 I libnfc_nci: [INFO:NativeNfcTag.cpp(841)] reSelect: deactivate to sleep
03-25 13:32:35.078  4396  4396 I libnfc_nci: [INFO:nfa_dm_api.cc(1106)] sleep_mode:1
03-25 13:32:35.079  4396  4396 I libnfc_nci: [INFO:gki_buffer.cc(328)] GKI_getbuf 0xb400007a3a83c6c0 39:43
03-25 13:32:35.079  4396  7632 I libnfc_nci: [INFO:nfa_sys_main.cc(96)] NFA got event 0x0113
03-25 13:32:35.079  4396  7632 I libnfc_nci: [INFO:nfa_dm_main.cc(152)] event: NFA_DM_API_DEACTIVATE_EVT (0x13)
03-25 13:32:35.079  4396  7632 I libnfc_nci: [INFO:nfa_dm_act.cc(847)] nfa_dm_act_deactivate
03-25 13:32:35.079  4396  7632 I libnfc_nci: [INFO:nfa_dm_discover.cc(3127)] deactivate_type:0x1
03-25 13:32:35.079  4396  7632 I libnfc_nci: [INFO:nfa_dm_discover.cc(2893)] state: POLL_ACTIVE (4), event: DEACTIVATE_CMD(6) disc_flags: 0x1
03-25 13:32:35.079  4396  7632 I libnfc_nci: [INFO:nfc_main.cc(1399)] NFC_Deactivate 5 (OPEN) deactivate_type:1
03-25 13:32:35.079  4396  7632 I libnfc_nci: [INFO:nfc_main.cc(444)] nfc_set_state 5 (OPEN)->6 (CLOSING)
03-25 13:32:35.080  4396  7632 I libnfc_nci: [INFO:nfc_main.cc(1417)] act_protocol 4 credits:1/1
03-25 13:32:35.080  4396  7632 I libnfc_nci: [INFO:gki_buffer.cc(328)] GKI_getbuf 0xb400007b0a81a540 40:43
03-25 13:32:35.080  4396  7632 I libnfc_nci: [INFO:nfc_ncif.cc(497)] nfc_ncif_send_cmd()
03-25 13:32:35.080  4396  7632 I libnfc_nci: [INFO:nfc_ncif.cc(145)] check_and_store_last_cmd:
03-25 13:32:35.080  4396  7632 I libnfc_nci: [INFO:NfcAdaptation.cc(743)] NfcAdaptation::HalWrite
03-25 13:32:35.080  1009  7635 D NxpTml  : PN54X - Write requested.....
03-25 13:32:35.081  1009  7635 D NxpTml  : PN54X - Invoking I2C Write.....
03-25 13:32:35.081  1009  7635 I NxpNciX : len =   4 > 21060101
03-25 13:32:35.081  1009  7635 D NxpTml  : PN54X - I2C Write successful.....
03-25 13:32:35.081  1009  7635 D NxpTml  : PN54X - Posting Fresh Write message.....
03-25 13:32:35.082  1009  7635 D NxpTml  : PN54X - Tml Writer Thread Running................
03-25 13:32:35.082  1009  7637 D NxpHal  : write successful status = 0x0
03-25 13:32:35.082  4396  7632 I libnfc_nci: [INFO:nfa_dm_discover.cc(1022)] num_disc_maps=3
03-25 13:32:35.082  4396  7632 I libnfc_nci: [INFO:nfa_dm_discover.cc(1050)] Starting timer value 8000
03-25 13:32:35.082  4396  7632 I libnfc_nci: [INFO:nfa_sys_ptim.cc(128)] nfa_sys_ptim_start_timer 0x799df8e2c0
03-25 13:32:35.082  4396  7632 I libnfc_nci: [INFO:nfa_sys_ptim.cc(133)] ptim timer start
03-25 13:32:35.082  1009  7634 D NxpTml  : PN54X - I2C Read successful.....
