03-20 00:40:01.299  3925  5670 D RILJ    : [0038]< VOICE_REGISTRATION_STATE android.hardware.radio.network.RegStateResult{regState: NOT_REG_MT_SEARCHING_OP_EM, rat: UMTS, reasonForDenial: NONE, cellIdentity: android.hardware.radio.network.CellIdentity.wcdma(android.hardware.radio.network.CellIdentityWcdma{mcc: 460, mnc: 01, lac: 53515, cid: 101419716, psc: 342, uarfcn: 10763, operatorNames: android.hardware.radio.network.OperatorInfo{alphaLong: CHN-UNICOM, alphaShort: UNICOM, operatorNumeric: 46001, status: 2}, additionalPlmns: [], csgInfo: null}), registeredPlmn: 46001, accessTechnologySpecificInfo: android.hardware.radio.network.AccessTechnologySpecificInfo.noinit(false)} [PHONE0]
03-20 00:40:01.300  3925  5670 D RILJ    : [0040]< OPERATOR {, , } [PHONE0]
03-20 00:40:01.300  3925  3925 D EmergencyNumberTracker: notifyEmergencyNumberList(): notified
03-20 00:40:01.300  3925  5670 D RILJ    : [0042]< VOICE_REGISTRATION_STATE android.hardware.radio.network.RegStateResult{regState: NOT_REG_MT_SEARCHING_OP_EM, rat: UMTS, reasonForDenial: NONE, cellIdentity: android.hardware.radio.network.CellIdentity.wcdma(android.hardware.radio.network.CellIdentityWcdma{mcc: 460, mnc: 01, lac: 53515, cid: 101419716, psc: 342, uarfcn: 10763, operatorNames: android.hardware.radio.network.OperatorInfo{alphaLong: CHN-UNICOM, alphaShort: UNICOM, operatorNumeric: 46001, status: 2}, additionalPlmns: [], csgInfo: null}), registeredPlmn: 46001, accessTechnologySpecificInfo: android.hardware.radio.network.AccessTechnologySpecificInfo.noinit(false)} [PHONE0]
03-20 00:40:01.301  3925  3925 D RILJ    : [0044]> SEND_DEVICE_STATE 1:true [PHONE0]
03-20 00:40:01.301  3925  5670 D RILJ    : [0039]< QUERY_NETWORK_SELECTION_MODE {0} [PHONE0]
03-20 00:40:01.301  3925  5670 D RILJ    : [0043]< QUERY_NETWORK_SELECTION_MODE {0} [PHONE0]
03-20 00:40:01.301  3925  3925 D RILJ    : [0045]> SEND_DEVICE_STATE 2:false [PHONE0]
03-20 00:40:01.302  3925  5672 D RILJ    : Unsol response received; Sending ack to ril.cpp [PHONE0]
03-20 00:40:01.302  3925  5702 D RILJ    : [0044]< SEND_DEVICE_STATE  [PHONE0]
03-20 00:40:01.302  3925  5672 D RILJ    : [UNSL]< UNSOL_RESPONSE_NETWORK_STATE_CHANGED [PHONE0]
03-20 00:40:01.302  3925  3925 D RILJ    : [0047]> SEND_DEVICE_STATE 0:false [PHONE0]
03-20 00:40:01.302  1947  5858 I qcrilNrd: RIL Response bytes written:4
03-20 00:40:01.303  1947  5858 I qcrilNrd: RIL Response bytes written:8
03-20 00:40:01.303  3925  3925 D RILJ    : [0048]> SET_UNSOLICITED_RESPONSE_FILTER -1 [PHONE0]
03-20 00:40:01.303  3925  3925 D RILJ    : [0049]> SET_LINK_CAPACITY_REPORTING_CRITERIA [PHONE0]
03-20 00:40:01.303  1264  2880 D RequestManager: [RequestManager.cpp: 341] [Loc_hal_worker(1264,2880)] listenForResponses: record_stream_get_next: recordLen: 8, ret: 0, errno: 0, errStr: Success, socket fd: 32
03-20 00:40:01.303  1264  2880 D RequestManager: [RequestManager.cpp: 358] [Loc_hal_worker(1264,2880)] listenForResponses: Got a response parcel
03-20 00:40:01.303  1264  2880 D RequestManager: [RequestManager.cpp: 483] [Loc_hal_worker(1264,2880)] issueRequest: Pushing a request to the queue.
03-20 00:40:01.303  1264  2880 D RequestManager: [RequestManager.cpp: 495] [Loc_hal_worker(1264,2880)] issueRequest: Pushed a request to the queue.
03-20 00:40:01.304  1264  2879 D RequestManager: [RequestManager.cpp: 135] [Loc_hal_worker(1264,2879)] listenForRequests: Got one or more requests.
03-20 00:40:01.304  1264  2879 D RequestManager: [RequestManager.cpp: 139] [Loc_hal_worker(1264,2879)] listenForRequests: Processing request with ID 1.
03-20 00:40:01.304  3925  5702 D RILJ    : [0045]< SEND_DEVICE_STATE  [PHONE0]
03-20 00:40:01.304  1264  2879 D RequestManager: [RequestManager.cpp: 167] [Loc_hal_worker(1264,2879)] listenForRequests: Sending request to the server.
03-20 00:40:01.304  1264  2879 D RequestManager: [RequestManager.cpp: 222] [Loc_hal_worker(1264,2879)] sendRequestToServer: Sending buffer of size 12
03-20 00:40:01.304  1264  2879 D RequestManager: [RequestManager.cpp: 268] [Loc_hal_worker(1264,2879)] writeToSocket: Buffer contents: 00 00 00 0C 
03-20 00:40:01.304  1264  2879 D RequestManager: [RequestManager.cpp: 278] [Loc_hal_worker(1264,2879)] writeToSocket: Wrote 4 bytes to the socket.
03-20 00:40:01.304  1264  2879 D RequestManager: [RequestManager.cpp: 268] [Loc_hal_worker(1264,2879)] writeToSocket: Buffer contents: 01 00 00 00 
03-20 00:40:01.304  1264  2879 D RequestManager: [RequestManager.cpp: 278] [Loc_hal_worker(1264,2879)] writeToSocket: Wrote 4 bytes to the socket.
03-20 00:40:01.304  1264  2879 D RequestManager: [RequestManager.cpp: 268] [Loc_hal_worker(1264,2879)] writeToSocket: Buffer contents: 10 92 A9 7A 7B 00 00 B4 
03-20 00:40:01.304  1264  2879 D RequestManager: [RequestManager.cpp: 278] [Loc_hal_worker(1264,2879)] writeToSocket: Wrote 8 bytes to the socket.
03-20 00:40:01.304  3925  5670 D RILJ    : Unsol response received; Sending ack to ril.cpp [PHONE0]
03-20 00:40:01.304  1947  2073 I qcrilNrd: RIL Response bytes written:4
03-20 00:40:01.304  1947  2073 I qcrilNrd: RIL Response bytes written:12
03-20 00:40:01.304  3925  3925 D RILJ    : [0050]> SET_LINK_CAPACITY_REPORTING_CRITERIA [PHONE0]
03-20 00:40:01.305  1947  2073 I qcrilNrd: Buffer size: 12
03-20 00:40:01.305  1947  2073 I qcrilNrd: Buffer contents: 01 00 00 00 10 92 A9 7A 7B 00 00 B4 
03-20 00:40:01.305  3925  3925 D RILJ    : [0052]> SET_LINK_CAPACITY_REPORTING_CRITERIA [PHONE0]
03-20 00:40:01.305  1264  2880 D RequestManager: [RequestManager.cpp: 341] [Loc_hal_worker(1264,2880)] listenForResponses: record_stream_get_next: recordLen: 12, ret: 0, errno: 0, errStr: Success, socket fd: 32
03-20 00:40:01.305  1264  2880 D RequestManager: [RequestManager.cpp: 358] [Loc_hal_worker(1264,2880)] listenForResponses: Got a response parcel
03-20 00:40:01.306  3925  3925 D RILJ    : [0053]> SET_LINK_CAPACITY_REPORTING_CRITERIA [PHONE0]
03-20 00:40:01.307  3925  3925 D RILJ    : [0054]> SET_LINK_CAPACITY_REPORTING_CRITERIA [PHONE0]
03-20 00:40:01.307  3925  3925 D RILJ    : [0055]> SEND_DEVICE_STATE 1:true [PHONE0]
03-20 00:40:01.307  1947  2836 I qcrilNrd: RIL Response bytes written:4
03-20 00:40:01.307  1947  2836 I qcrilNrd: RIL Response bytes written:60
03-20 00:40:01.308  3925  3925 D RILJ    : [0056]> SEND_DEVICE_STATE 2:false [PHONE0]
03-20 00:40:01.308  3925  5670 D RILJ    : [0049]< SET_LINK_CAPACITY_REPORTING_CRITERIA error 6 [PHONE0]
03-20 00:40:01.308  3925  3925 D RILJ    : [0057]> SEND_DEVICE_STATE 0:false [PHONE0]
03-20 00:40:01.308  3925  5670 D RilRequest: [0049]< SET_LINK_CAPACITY_REPORTING_CRITERIA error: com.android.internal.telephony.CommandException: REQUEST_NOT_SUPPORTED ret= result=null
03-20 00:40:01.309  1264  2880 D RequestManager: [RequestManager.cpp: 341] [Loc_hal_worker(1264,2880)] listenForResponses: record_stream_get_next: recordLen: 60, ret: 0, errno: 0, errStr: Success, socket fd: 32
03-20 00:40:01.309  1264  2880 D RequestManager: [RequestManager.cpp: 358] [Loc_hal_worker(1264,2880)] listenForResponses: Got a response parcel
03-20 00:40:01.309  1264  2880 D RequestManager: [RequestManager.cpp: 483] [Loc_hal_worker(1264,2880)] issueRequest: Pushing a request to the queue.
03-20 00:40:01.309  1264  2880 D RequestManager: [RequestManager.cpp: 495] [Loc_hal_worker(1264,2880)] issueRequest: Pushed a request to the queue.
03-20 00:40:01.309  1264  2879 D RequestManager: [RequestManager.cpp: 135] [Loc_hal_worker(1264,2879)] listenForRequests: Got one or more requests.
03-20 00:40:01.309  1264  2879 D RequestManager: [RequestManager.cpp: 139] [Loc_hal_worker(1264,2879)] listenForRequests: Processing request with ID 28.
03-20 00:40:01.309  1264  2879 D RequestManager: [RequestManager.cpp: 167] [Loc_hal_worker(1264,2879)] listenForRequests: Sending request to the server.
03-20 00:40:01.309  1264  2879 D RequestManager: [RequestManager.cpp: 222] [Loc_hal_worker(1264,2879)] sendRequestToServer: Sending buffer of size 56
03-20 00:40:01.309  1264  2879 D RequestManager: [RequestManager.cpp: 268] [Loc_hal_worker(1264,2879)] writeToSocket: Buffer contents: 00 00 00 38 
03-20 00:40:01.309  3925  3925 D RILJ    : [0058]> SET_UNSOLICITED_RESPONSE_FILTER -1 [PHONE0]
03-20 00:40:01.309  1264  2879 D RequestManager: [RequestManager.cpp: 278] [Loc_hal_worker(1264,2879)] writeToSocket: Wrote 4 bytes to the socket.
03-20 00:40:01.309  1264  2879 D RequestManager: [RequestManager.cpp: 268] [Loc_hal_worker(1264,2879)] writeToSocket: Buffer contents: 1C 00 00 00 
03-20 00:40:01.309  1264  2879 D RequestManager: [RequestManager.cpp: 278] [Loc_hal_worker(1264,2879)] writeToSocket: Wrote 4 bytes to the socket.
03-20 00:40:01.309  1264  2879 D RequestManager: [RequestManager.cpp: 268] [Loc_hal_worker(1264,2879)] writeToSocket: Buffer contents: 50 15 A9 7A 7B 00 00 B4 
03-20 00:40:01.309  1264  2879 D RequestManager: [RequestManager.cpp: 278] [Loc_hal_worker(1264,2879)] writeToSocket: Wrote 8 bytes to the socket.
03-20 00:40:01.309  1264  2879 D RequestManager: [RequestManager.cpp: 268] [Loc_hal_worker(1264,2879)] writeToSocket: Buffer contents: 00 00 00 B0 00 00 6F AD 00 00 00 08 33 46 30 30 37 46 46 46 00 00 00 00 00 00 00 00 00 00 00 00 FF FF FF FF FF FF FF FF 00 00 00 00 
03-20 00:40:01.309  3925  3925 D RILJ    : [0059]> SET_LINK_CAPACITY_REPORTING_CRITERIA [PHONE0]
03-20 00:40:01.310  1947  2073 I qcrilNrd: Buffer size: 56
03-20 00:40:01.310  1947  2073 I qcrilNrd: Buffer contents: 1C 00 00 00 50 15 A9 7A 7B 00 00 B4 00 00 00 B0 00 00 6F AD 00 00 00 08 33 46 30 30 37 46 46 46 00 00 00 00 00 00 00 00 00 00 00 00 FF FF FF FF FF FF FF FF 00 00 00 00 
03-20 00:40:01.310  1264  2879 D RequestManager: [RequestManager.cpp: 278] [Loc_hal_worker(1264,2879)] writeToSocket: Wrote 44 bytes to the socket.
03-20 00:40:01.310  3925  3925 D RILJ    : [0060]> SET_LINK_CAPACITY_REPORTING_CRITERIA [PHONE0]
03-20 00:40:01.310  3925  5702 D RILJ    : [0047]< SEND_DEVICE_STATE  [PHONE0]
03-20 00:40:01.310  1947  2836 I qcrilNrd: RIL Response bytes written:4
03-20 00:40:01.310  1947  2836 I qcrilNrd: RIL Response bytes written:28
03-20 00:40:01.311  1264  2880 D RequestManager: [RequestManager.cpp: 341] [Loc_hal_worker(1264,2880)] listenForResponses: record_stream_get_next: recordLen: 28, ret: 0, errno: 0, errStr: Success, socket fd: 32
03-20 00:40:01.311  1264  2880 D RequestManager: [RequestManager.cpp: 358] [Loc_hal_worker(1264,2880)] listenForResponses: Got a response parcel
03-20 00:40:01.311  1264  2880 D RequestManager: [RequestManager.cpp: 483] [Loc_hal_worker(1264,2880)] issueRequest: Pushing a request to the queue.
03-20 00:40:01.311  1264  2880 D RequestManager: [RequestManager.cpp: 495] [Loc_hal_worker(1264,2880)] issueRequest: Pushed a request to the queue.
03-20 00:40:01.311  1264  2879 D RequestManager: [RequestManager.cpp: 135] [Loc_hal_worker(1264,2879)] listenForRequests: Got one or more requests.
03-20 00:40:01.311  1264  2879 D RequestManager: [RequestManager.cpp: 139] [Loc_hal_worker(1264,2879)] listenForRequests: Processing request with ID 11.
03-20 00:40:01.311  1264  2879 D RequestManager: [RequestManager.cpp: 167] [Loc_hal_worker(1264,2879)] listenForRequests: Sending request to the server.
03-20 00:40:01.311  1264  2879 D RequestManager: [RequestManager.cpp: 222] [Loc_hal_worker(1264,2879)] sendRequestToServer: Sending buffer of size 20
03-20 00:40:01.311  1264  2879 D RequestManager: [RequestManager.cpp: 268] [Loc_hal_worker(1264,2879)] writeToSocket: Buffer contents: 00 00 00 14 
03-20 00:40:01.312  1264  2879 D RequestManager: [RequestManager.cpp: 278] [Loc_hal_worker(1264,2879)] writeToSocket: Wrote 4 bytes to the socket.
03-20 00:40:01.312  1264  2879 D RequestManager: [RequestManager.cpp: 268] [Loc_hal_worker(1264,2879)] writeToSocket: Buffer contents: 0B 00 00 00 
03-20 00:40:01.312  1264  2879 D RequestManager: [RequestManager.cpp: 278] [Loc_hal_worker(1264,2879)] writeToSocket: Wrote 4 bytes to the socket.
03-20 00:40:01.312  1264  2879 D RequestManager: [RequestManager.cpp: 268] [Loc_hal_worker(1264,2879)] writeToSocket: Buffer contents: D0 8A A9 7A 7B 00 00 B4 
03-20 00:40:01.312  1264  2879 D RequestManager: [RequestManager.cpp: 278] [Loc_hal_worker(1264,2879)] writeToSocket: Wrote 8 bytes to the socket.
03-20 00:40:01.312  1264  2879 D RequestManager: [RequestManager.cpp: 268] [Loc_hal_worker(1264,2879)] writeToSocket: Buffer contents: 00 00 00 01 00 00 00 00 
03-20 00:40:01.312  1947  2073 I qcrilNrd: Buffer size: 20
03-20 00:40:01.312  1947  2073 I qcrilNrd: Buffer contents: 0B 00 00 00 D0 8A A9 7A 7B 00 00 B4 00 00 00 01 00 00 00 00 
03-20 00:40:01.313  1947  2836 I qcrilNrd: RIL Response bytes written:4
03-20 00:40:01.313  1947  2836 I qcrilNrd: RIL Response bytes written:20
03-20 00:40:01.313  1264  2880 D RequestManager: [RequestManager.cpp: 341] [Loc_hal_worker(1264,2880)] listenForResponses: record_stream_get_next: recordLen: 20, ret: 0, errno: 0, errStr: Success, socket fd: 32
03-20 00:40:01.313  1264  2880 D RequestManager: [RequestManager.cpp: 358] [Loc_hal_worker(1264,2880)] listenForResponses: Got a response parcel
03-20 00:40:01.313  1264  2879 D RequestManager: [RequestManager.cpp: 278] [Loc_hal_worker(1264,2879)] writeToSocket: Wrote 8 bytes to the socket.
03-20 00:40:01.314  3925  5670 D RILJ    : [0050]< SET_LINK_CAPACITY_REPORTING_CRITERIA  [PHONE0]
03-20 00:40:01.314  3925  3925 D RILJ    : [0061]> SET_LINK_CAPACITY_REPORTING_CRITERIA [PHONE0]
03-20 00:40:01.315  3925  5702 D RILJ    : [0055]< SEND_DEVICE_STATE  [PHONE0]
03-20 00:40:01.315  3925  5670 D RILJ    : [0052]< SET_LINK_CAPACITY_REPORTING_CRITERIA  [PHONE0]
03-20 00:40:01.315  3925  3925 D RILJ    : [0062]> SET_LINK_CAPACITY_REPORTING_CRITERIA [PHONE0]
03-20 00:40:01.316  3925  3925 D RILJ    : [0063]> SET_LINK_CAPACITY_REPORTING_CRITERIA [PHONE0]
03-20 00:40:01.316  3925  5670 D RILJ    : [0053]< SET_LINK_CAPACITY_REPORTING_CRITERIA error 6 [PHONE0]
03-20 00:40:01.316  3925  3925 D NetworkTypeController: [0] DefaultState: process EVENT_INITIALIZE
03-20 00:40:01.317  3925  5670 D RilRequest: [0053]< SET_LINK_CAPACITY_REPORTING_CRITERIA error: com.android.internal.telephony.CommandException: REQUEST_NOT_SUPPORTED ret= result=null
03-20 00:40:01.317  3925  5702 D RILJ    : [0056]< SEND_DEVICE_STATE  [PHONE0]
03-20 00:40:01.317  3925  5670 D RILJ    : [0054]< SET_LINK_CAPACITY_REPORTING_CRITERIA  [PHONE0]
03-20 00:40:01.318  3925  5702 D RILJ    : [0057]< SEND_DEVICE_STATE  [PHONE0]
03-20 00:40:01.318  3925  5670 D RILJ    : [0048]< SET_UNSOLICITED_RESPONSE_FILTER  [PHONE0]
03-20 00:40:01.318  3925  5670 D RILJ    : [0059]< SET_LINK_CAPACITY_REPORTING_CRITERIA error 6 [PHONE0]
03-20 00:40:01.318  3925  5670 D RilRequest: [0059]< SET_LINK_CAPACITY_REPORTING_CRITERIA error: com.android.internal.telephony.CommandException: REQUEST_NOT_SUPPORTED ret= result=null
03-20 00:40:01.319  3925  5670 D RILJ    : [0060]< SET_LINK_CAPACITY_REPORTING_CRITERIA  [PHONE0]
03-20 00:40:01.319  3925  3925 D NetworkTypeController: [0] mOverrideTimerRules: {connected={mState=connected, mOverrideType=NR_NSA, mPrimaryTimers={}, mSecondaryTimers={}}, not_restricted_rrc_con={mState=not_restricted_rrc_con, mOverrideType=NR_NSA, mPrimaryTimers={}, mSecondaryTimers={}}, legacy={mState=legacy, mOverrideType=NONE, mPrimaryTimers={}, mSecondaryTimers={}}, not_restricted_rrc_idle={mState=not_restricted_rrc_idle, mOverrideType=NR_NSA, mPrimaryTimers={}, mSecondaryTimers={}}, restricted={mState=restricted, mOverrideType=NONE, mPrimaryTimers={}, mSecondaryTimers={}}, connected_mmwave={mState=connected_mmwave, mOverrideType=NR_NSA, mPrimaryTimers={}, mSecondaryTimers={}}}
03-20 00:40:01.319  3925  3925 D NetworkTypeController: [0] DefaultState: process EVENT_UPDATE
03-20 00:40:01.319  3925  3925 D NetworkTypeController: [0] Reset timers since preferred network mode changed.
03-20 00:40:01.319  3925  3925 D NetworkTypeController: [0] Entering LegacyState
03-20 00:40:01.319  3925  3925 D DIC-0   : TelephonyDisplayInfo changed from null to TelephonyDisplayInfo {network=UNKNOWN, override=NONE}
03-20 00:40:01.320  3925  3925 D DataService: Data service created
03-20 00:40:01.322  3925  3925 D QtiDSMGR-0: handleMessage: 11
03-20 00:40:01.324  3925  3925 D DSMGR-0 : mIsDataEnabled=true, prevDataEnabled=false
03-20 00:40:01.324  3925  3925 D DSMGR-0 : notifyDataEnabledChanged: enabled=true, reason=UNKNOWN, callingPackage=com.android.phone
03-20 00:40:01.324  3925  5670 D RILJ    : Unsol response received; Sending ack to ril.cpp [PHONE0]
03-20 00:40:01.325  3925  5670 E RILJ    : Unsupported band type 0 [PHONE0]
03-20 00:40:01.325  3925  5670 D RILJ    : [UNSL]< UNSOL_PHYSICAL_CHANNEL_CONFIG [{mConnectionStatus=PrimaryServing,mCellBandwidthDownlinkKhz=5000,mCellBandwidthUplinkKhz=0,mNetworkType=UNKNOWN,mFrequencyRange=UNKNOWN,mDownlinkChannelNumber=0,mUplinkChannelNumber=0,mContextIds=[],mPhysicalCellId=342,mBand=0,mDownlinkFrequency=0,mUplinkFrequency=0}] [PHONE0]
03-20 00:40:01.325  1947  2856 I qcrilNrd: RIL Response bytes written:4
03-20 00:40:01.325  1947  2856 I qcrilNrd: RIL Response bytes written:40
03-20 00:40:01.325  3925  3925 D QtiDSMGR-0: onInit...
03-20 00:40:01.325  3925  3925 D DNC-0   : handleMessage, msg.what = 13
03-20 00:40:01.325  3925  3925 D DNC-0   : handleMessage, msg.what = 13
03-20 00:40:01.325  3925  3925 D DNC-0   : handleMessage, msg.what = 13
03-20 00:40:01.325  3925  3925 D DRM-0   : Remove all retry and throttling entries, reason=RADIO_ON
03-20 00:40:01.325  3925  3925 D DNC-0   : handleMessage, msg.what = 19
03-20 00:40:01.326  1264  2880 D RequestManager: [RequestManager.cpp: 341] [Loc_hal_worker(1264,2880)] listenForResponses: record_stream_get_next: recordLen: 40, ret: 0, errno: 0, errStr: Success, socket fd: 32
03-20 00:40:01.326  3925  5670 D RILJ    : [0061]< SET_LINK_CAPACITY_REPORTING_CRITERIA  [PHONE0]
03-20 00:40:01.326  3925  5670 D RILJ    : [0062]< SET_LINK_CAPACITY_REPORTING_CRITERIA error 6 [PHONE0]
03-20 00:40:01.326  3925  5670 D RilRequest: [0062]< SET_LINK_CAPACITY_REPORTING_CRITERIA error: com.android.internal.telephony.CommandException: REQUEST_NOT_SUPPORTED ret= result=null
03-20 00:40:01.326  1264  2880 D RequestManager: [RequestManager.cpp: 358] [Loc_hal_worker(1264,2880)] listenForResponses: Got a response parcel
03-20 00:40:01.327  3925  3925 D CarrierResolver: handleMessage: 2
03-20 00:40:01.331  3925  5670 D RILJ    : [0063]< SET_LINK_CAPACITY_REPORTING_CRITERIA  [PHONE0]
03-20 00:40:01.332  3925  5670 D RILJ    : [0058]< SET_UNSOLICITED_RESPONSE_FILTER  [PHONE0]
03-20 00:40:01.444  1963  2854 I qcrilNrd: RIL Response bytes written:4
03-20 00:40:01.444  1963  2854 I qcrilNrd: RIL Response bytes written:79
03-20 00:40:01.444  1963  2854 I qcrilNrd: RIL Response bytes written:4
03-20 00:40:01.444  1963  2854 I qcrilNrd: RIL Response bytes written:79
03-20 00:40:01.445  1947  2856 I qcrilNrd: RIL Response bytes written:4
03-20 00:40:01.445  1947  2856 I qcrilNrd: RIL Response bytes written:79
03-20 00:40:01.445  1963  2854 I qcrilNrd: RIL Response bytes written:4
03-20 00:40:01.445  1963  2854 I qcrilNrd: RIL Response bytes written:79
03-20 00:40:01.446  1947  2856 I qcrilNrd: RIL Response bytes written:4
03-20 00:40:01.446  1947  2856 I qcrilNrd: RIL Response bytes written:79
03-20 00:40:01.446  1947  2856 I qcrilNrd: RIL Response bytes written:4
03-20 00:40:01.446  1947  2856 I qcrilNrd: RIL Response bytes written:79
03-20 00:40:01.446  1264  2882 D RequestManager: [RequestManager.cpp: 341] [Loc_hal_worker(1264,2882)] listenForResponses: record_stream_get_next: recordLen: 79, ret: 0, errno: 0, errStr: Success, socket fd: 33
03-20 00:40:01.447  1264  2882 D RequestManager: [RequestManager.cpp: 358] [Loc_hal_worker(1264,2882)] listenForResponses: Got a response parcel
03-20 00:40:01.447  1264  2882 D RequestManager: [RequestManager.cpp: 341] [Loc_hal_worker(1264,2882)] listenForResponses: record_stream_get_next: recordLen: 79, ret: 0, errno: 0, errStr: Success, socket fd: 33
03-20 00:40:01.447  1264  2882 D RequestManager: [RequestManager.cpp: 358] [Loc_hal_worker(1264,2882)] listenForResponses: Got a response parcel
03-20 00:40:01.447  1264  2882 D RequestManager: [RequestManager.cpp: 341] [Loc_hal_worker(1264,2882)] listenForResponses: record_stream_get_next: recordLen: 79, ret: 0, errno: 0, errStr: Success, socket fd: 33
03-20 00:40:01.447  1264  2882 D RequestManager: [RequestManager.cpp: 358] [Loc_hal_worker(1264,2882)] listenForResponses: Got a response parcel
03-20 00:40:01.447  1264  2880 D RequestManager: [RequestManager.cpp: 341] [Loc_hal_worker(1264,2880)] listenForResponses: record_stream_get_next: recordLen: 79, ret: 0, errno: 0, errStr: Success, socket fd: 32
03-20 00:40:01.447  1264  2880 D RequestManager: [RequestManager.cpp: 358] [Loc_hal_worker(1264,2880)] listenForResponses: Got a response parcel
03-20 00:40:01.447  1264  2880 D RequestManager: [RequestManager.cpp: 341] [Loc_hal_worker(1264,2880)] listenForResponses: record_stream_get_next: recordLen: 79, ret: 0, errno: 0, errStr: Success, socket fd: 32
03-20 00:40:01.447  1264  2880 D RequestManager: [RequestManager.cpp: 358] [Loc_hal_worker(1264,2880)] listenForResponses: Got a response parcel
03-20 00:40:01.447  1264  2880 D RequestManager: [RequestManager.cpp: 341] [Loc_hal_worker(1264,2880)] listenForResponses: record_stream_get_next: recordLen: 79, ret: 0, errno: 0, errStr: Success, socket fd: 32
03-20 00:40:01.447  1264  2880 D RequestManager: [RequestManager.cpp: 358] [Loc_hal_worker(1264,2880)] listenForResponses: Got a response parcel
03-20 00:40:01.463  3925  3925 D QtiGsmCdmaPhone: [0 ] handleMessage: Event: 46
03-20 00:40:01.463  3925  3925 D VendorGsmCdmaPhone: handleMessage: Event: 46
03-20 00:40:01.463  3925  3925 D GsmCdmaPhone: [0] onVoiceRegStateOrRatChanged
03-20 00:40:01.463  3925  3925 D GsmCdmaPhone: [0] getCsCallRadioTech, current vrs=1, vrat=0
03-20 00:40:01.463  3925  3925 D GsmCdmaPhone: [0] getCsCallRadioTech, result calcVrat=0
03-20 00:40:01.463  3925  3925 D QtiGsmCdmaPhone: [0 ] handleMessage: Event: 165
03-20 00:40:01.463  3925  3925 D VendorGsmCdmaPhone: handleMessage: Event: 165
03-20 00:40:01.463  3925  3925 D QtiDSM-I-0: onServiceConnected: ComponentInfo{vendor.qti.iwlan/vendor.qti.iwlan.IWlanDataService}
03-20 00:40:01.464  3925  3925 D QtiRilInterface: Service ready, notifying registrants
03-20 00:40:01.464  3925  3925 D QtiGsmCdmaPhone: [1 ] handleMessage: Event: 30
03-20 00:40:01.464  3925  3925 D VendorGsmCdmaPhone: handleMessage: Event: 30
03-20 00:40:01.464  3925  3925 D QtiGsmCdmaPhone: [1 ] handleMessage: Event: 37
03-20 00:40:01.464  3925  3925 D VendorGsmCdmaPhone: handleMessage: Event: 37
03-20 00:40:01.464  3925  3925 D Phone   : config LCE service failed: com.android.internal.telephony.CommandException: REQUEST_NOT_SUPPORTED
03-20 00:40:01.466  3925  3925 D RILJ    : [0065]> GET_CURRENT_CALLS [PHONE1]
03-20 00:40:01.467  3925  3925 D GsmSMSDispatcher: GsmSMSDispatcher: subId = -1 slotId = 1
03-20 00:40:01.468  3925  5670 D RILJ    : [0065]< GET_CURRENT_CALLS {} [PHONE1]
03-20 00:40:01.468  3925  3925 D RILJ    : [0066]> IMS_REGISTRATION_STATE [PHONE1]
03-20 00:40:01.468  3925  3925 D QtiGsmCdmaPhone: [1 ] handleMessage: Event: 1
03-20 00:40:01.468  3925  3925 D VendorGsmCdmaPhone: handleMessage: Event: 1
03-20 00:40:01.469  3925  3925 D RILJ    : [0067]> BASEBAND_VERSION [PHONE1]
03-20 00:40:01.469  3925  3925 D RILJ    : [0068]> DEVICE_IDENTITY [PHONE1]
03-20 00:40:01.469  3925  5670 D RILJ    : [0066]< IMS_REGISTRATION_STATE error 46 [PHONE1]
03-20 00:40:01.469  3925  5670 D RilRequest: [0066]< IMS_REGISTRATION_STATE error: com.android.internal.telephony.CommandException: INVALID_MODEM_STATE ret={0, 1} result={ when=-23s547ms what=13 target=com.qualcomm.qti.internal.telephony.QtiSmsDispatchersController }
03-20 00:40:01.470  3925  3925 D RILJ    : [0069]> GET_RADIO_CAPABILITY [PHONE1]
03-20 00:40:01.471  3925  3925 D RILJ    : [0070]> GET_UICC_APPLICATIONS_ENABLEMENT [PHONE1]
03-20 00:40:01.471  3925  5670 D RILJ    : [0067]< BASEBAND_VERSION MPSS.DE.3.1.c1-00020-KAILUA_GEN_PACK-2 [PHONE1]
03-20 00:40:01.471  3925  3925 D RILJ    : startLceService: REQUEST_NOT_SUPPORTED
03-20 00:40:01.472  3925  3925 D RILJ    : [0071]> SET_SUPP_SVC_NOTIFICATION enable = true [PHONE1]
03-20 00:40:01.472  3925  3925 D QtiGsmCdmaPhone: [1 ] handleMessage: Event: 5
03-20 00:40:01.472  3925  3925 D VendorGsmCdmaPhone: handleMessage: Event: 5
03-20 00:40:01.472  3925  3925 D GsmCdmaPhone: [1] Event EVENT_RADIO_ON Received
03-20 00:40:01.472  3925  3971 D RILJ    : [0070]< GET_UICC_APPLICATIONS_ENABLEMENT error 2 [PHONE1]
03-20 00:40:01.472  3925  3925 D RILJ    : [0072]> VOICE_RADIO_TECH [PHONE1]
03-20 00:40:01.472  3925  3971 D RilRequest: [0070]< GET_UICC_APPLICATIONS_ENABLEMENT error: com.android.internal.telephony.CommandException: GENERIC_FAILURE ret=false result={ when=-23s550ms what=55 target=com.qualcomm.qti.internal.telephony.QtiGsmCdmaPhone }
03-20 00:40:01.472  3925  3925 D QtiGsmCdmaPhone: [1 ] handleMessage: Event: 47
03-20 00:40:01.472  3925  3925 D VendorGsmCdmaPhone: handleMessage: Event: 47
03-20 00:40:01.472  3925  3925 D GsmCdmaPhone: [1] EVENT EVENT_RADIO_STATE_CHANGED
03-20 00:40:01.472  3925  3925 D GsmCdmaPhone: handleRadioPowerStateChange, state= 1
03-20 00:40:01.473  3925  5670 D RILJ    : [0068]< DEVICE_IDENTITY {[D81X12InsFNc57ytYZUO5uP3Fkc], 00, 00000000, 00000000000000} [PHONE1]
03-20 00:40:01.473  3925  3925 D QtiGsmCdmaPhone: [1 ] handleMessage: Event: 41
03-20 00:40:01.473  3925  3925 D VendorGsmCdmaPhone: handleMessage: Event: 41
03-20 00:40:01.473  3925  5702 D RILJ    : convertHalRadioCapability: session=0, phase=0, rat=561156, logicModemUuid=1, status=1, rcRil.raf=1130504 [PHONE1]
03-20 00:40:01.473  3925  5702 D RILJ    : [0069]< GET_RADIO_CAPABILITY {mPhoneId = 1 mVersion=1 mSession=0 mPhase=0 mRadioAccessFamily=561156 mLogicModemId=1 mStatus=1} [PHONE1]
03-20 00:40:01.474  3925  3971 D RILJ    : [0072]< VOICE_RADIO_TECH {16} [PHONE1]
03-20 00:40:01.474  3925  3971 D RILJ    : [0071]< SET_SUPP_SVC_NOTIFICATION  [PHONE1]
03-20 00:40:01.477  3925  3925 D ANM-1   : bind to vendor.qti.iwlan
03-20 00:40:01.482  3925  3925 D RILJ    : [0073]> SET_SIGNAL_STRENGTH_REPORTING_CRITERIA [PHONE1]
03-20 00:40:01.482  3925  3925 D SSCtr   : setSignalStrengthReportingCriteria consolidatedSignalThresholdInfos=[SignalThresholdInfo{mRan=1 mSignalMeasurementType=1 mHysteresisMs=3000 mHysteresisDb=2 mThresholds=[-109, -103, -97, -89] mIsEnabled=true}, SignalThresholdInfo{mRan=2 mSignalMeasurementType=2 mHysteresisMs=3000 mHysteresisDb=2 mThresholds=[-114, -104, -94, -84] mIsEnabled=true}, SignalThresholdInfo{mRan=3 mSignalMeasurementType=3 mHysteresisMs=3000 mHysteresisDb=2 mThresholds=[-128, -118, -108, -98] mIsEnabled=true}, SignalThresholdInfo{mRan=4 mSignalMeasurementType=1 mHysteresisMs=3000 mHysteresisDb=2 mThresholds=[-105, -90, -75, -65] mIsEnabled=true}, SignalThresholdInfo{mRan=3 mSignalMeasurementType=4 mHysteresisMs=3000 mHysteresisDb=2 mThresholds=[] mIsEnabled=false}, SignalThresholdInfo{mRan=3 mSignalMeasurementType=5 mHysteresisMs=3000 mHysteresisDb=2 mThresholds=[-3, 1, 5, 13] mIsEnabled=true}, SignalThresholdInfo{mRan=6 mSignalMeasurementType=6 mHysteresisMs=3000 mHysteresisDb=2 mThresholds=[-110, -90, -80, -65] mIsEnabled=true}, SignalThresholdInfo{mRan=6 mSignalMeasurementType=7 mHysteresisMs=3000 mHysteresisDb=2 mThresholds=[] mIsEnabled=false}, SignalThresholdInfo{mRan=6 mSignalMeasurementType=8 mHysteresisMs=3000 mHysteresisDb=2 mThresholds=[] mIsEnabled=false}]
03-20 00:40:01.483  3925  3925 D RILJ    : [0074]> SET_SIGNAL_STRENGTH_REPORTING_CRITERIA [PHONE1]
03-20 00:40:01.483  3925  3925 D SSCtr   : setSignalStrengthReportingCriteria consolidatedSignalThresholdInfos=[SignalThresholdInfo{mRan=1 mSignalMeasurementType=1 mHysteresisMs=3000 mHysteresisDb=2 mThresholds=[-109, -103, -97, -89] mIsEnabled=true}, SignalThresholdInfo{mRan=2 mSignalMeasurementType=2 mHysteresisMs=3000 mHysteresisDb=2 mThresholds=[-114, -104, -94, -84] mIsEnabled=true}, SignalThresholdInfo{mRan=3 mSignalMeasurementType=3 mHysteresisMs=3000 mHysteresisDb=2 mThresholds=[-128, -118, -108, -98] mIsEnabled=true}, SignalThresholdInfo{mRan=4 mSignalMeasurementType=1 mHysteresisMs=3000 mHysteresisDb=2 mThresholds=[-105, -90, -75, -65] mIsEnabled=true}, SignalThresholdInfo{mRan=3 mSignalMeasurementType=4 mHysteresisMs=3000 mHysteresisDb=2 mThresholds=[] mIsEnabled=false}, SignalThresholdInfo{mRan=3 mSignalMeasurementType=5 mHysteresisMs=3000 mHysteresisDb=2 mThresholds=[-3, 1, 5, 13] mIsEnabled=true}, SignalThresholdInfo{mRan=6 mSignalMeasurementType=6 mHysteresisMs=3000 mHysteresisDb=2 mThresholds=[-110, -90, -80, -65] mIsEnabled=true}, SignalThresholdInfo{mRan=6 mSignalMeasurementType=7 mHysteresisMs=3000 mHysteresisDb=2 mThresholds=[] mIsEnabled=false}, SignalThresholdInfo{mRan=6 mSignalMeasurementType=8 mHysteresisMs=3000 mHysteresisDb=2 mThresholds=[] mIsEnabled=false}]
03-20 00:40:01.483  3925  3925 D SST     : [1] handleMessage: received event 42
03-20 00:40:01.483  3925  3925 D SST     : [1] EVENT_ICC_CHANGED: SIM absent
03-20 00:40:01.483  3925  3925 D SST     : [1] cancelAllNotifications: mPrevSubId=-1
03-20 00:40:01.484  3925  3925 D SST     : [1] updateSpnDisplayLegacy+
03-20 00:40:01.486  3925  3971 D RILJ    : [0073]< SET_SIGNAL_STRENGTH_REPORTING_CRITERIA  [PHONE1]
03-20 00:40:01.487  3925  3971 D RILJ    : [0074]< SET_SIGNAL_STRENGTH_REPORTING_CRITERIA  [PHONE1]
03-20 00:40:01.487  3925  3925 D SST     : [1] updateSpnDisplay: radio is on but out of service, set plmn='No service'
03-20 00:40:01.488  3925  3925 D SST     : [1] updateSpnDisplay: rawSpn = 
03-20 00:40:01.489  3925  3925 D SST     : [1] updateSpnDisplay: updateSpnDisplay: changed sending intent, rule=2, showPlmn='true', plmn='No service', showSpn='false', spn='', dataSpn='', subId='-1'
03-20 00:40:01.489  3925  3925 D SubscriptionManager: putPhoneIdAndSubIdExtra: no valid subs
03-20 00:40:01.494  3925  3925 D SST     : [1] updateSpnDisplayLegacy-
03-20 00:40:01.500  3925  3925 D NRM-C-1 : Trying to bind com.android.phone for transport WWAN
03-20 00:40:01.504  3925  3925 D NRM-I-1 : Trying to bind vendor.qti.iwlan for transport WLAN
03-20 00:40:01.506  3925  3925 D SST     : [1] handleMessage: received event 1
03-20 00:40:01.506  3925  3925 D SST     : [1] setPowerStateToDesired: mDeviceShuttingDown=false, mDesiredPowerState=true, getRadioState=1, mRadioDisabledByCarrier=false, IMS reg state=false, pending radio off=false
03-20 00:40:01.506  3925  3925 D SST     : [1] pollState: modemTriggered=true, radioState=1
03-20 00:40:01.506  3925  3925 D SST     : [1] QTISST: issuePollCommands
03-20 00:40:01.508  3925  3925 D RILJ    : [0075]> OPERATOR [PHONE1]
03-20 00:40:01.508  3925  3925 D RILJ    : [0076]> DATA_REGISTRATION_STATE [PHONE1]
03-20 00:40:01.508  3925  3925 D RILJ    : getDataRegistrationState: overrideHalVersion=null [PHONE1]
03-20 00:40:01.508  3925  5827 D RILJ    : [0075]< OPERATOR {, , } [PHONE1]
03-20 00:40:01.509  3925  3925 D RILJ    : [0077]> VOICE_REGISTRATION_STATE [PHONE1]
03-20 00:40:01.509  3925  3925 D RILJ    : getVoiceRegistrationState: overrideHalVersion=null [PHONE1]
03-20 00:40:01.509  3925  3925 D RILJ    : [0078]> QUERY_NETWORK_SELECTION_MODE [PHONE1]
03-20 00:40:01.509  3925  3925 D SST     : [1] handleMessage: received event 50
03-20 00:40:01.509  3925  3925 D SST     : [1] setPowerStateToDesired: mDeviceShuttingDown=false, mDesiredPowerState=true, getRadioState=1, mRadioDisabledByCarrier=false, IMS reg state=false, pending radio off=false
03-20 00:40:01.509  3925  3925 D SST     : [1] pollState: modemTriggered=true, radioState=1
03-20 00:40:01.509  3925  3925 D SST     : [1] QTISST: issuePollCommands
03-20 00:40:01.510  3925  3925 D RILJ    : [0079]> OPERATOR [PHONE1]
03-20 00:40:01.510  3925  5827 D RILJ    : [0076]< DATA_REGISTRATION_STATE android.hardware.radio.network.RegStateResult{regState: NOT_REG_MT_SEARCHING_OP, rat: UNKNOWN, reasonForDenial: NONE, cellIdentity: android.hardware.radio.network.CellIdentity.noinit(false), registeredPlmn: , accessTechnologySpecificInfo: android.hardware.radio.network.AccessTechnologySpecificInfo.noinit(false)} [PHONE1]
03-20 00:40:01.510  3925  3925 D RILJ    : [0080]> DATA_REGISTRATION_STATE [PHONE1]
03-20 00:40:01.510  3925  3925 D RILJ    : getDataRegistrationState: overrideHalVersion=null [PHONE1]
03-20 00:40:01.511  3925  3925 D RILJ    : [0081]> VOICE_REGISTRATION_STATE [PHONE1]
03-20 00:40:01.511  3925  3925 D RILJ    : getVoiceRegistrationState: overrideHalVersion=null [PHONE1]
03-20 00:40:01.512  3925  3925 D RILJ    : [0082]> QUERY_NETWORK_SELECTION_MODE [PHONE1]
03-20 00:40:01.512  3925  3925 D Phone   : [1] SubId-1,get allowed network types user: value = GPRS|EDGE|UMTS|CDMA|CDMA - EvDo rev. 0|CDMA - EvDo rev. A|CDMA - 1xRTT|HSDPA|HSUPA|HSPA|CDMA - EvDo rev. B|LTE|CDMA - eHRPD|HSPA+|GSM|TD_SCDMA|LTE_CA|NR
03-20 00:40:01.512  3925  3925 D PhoneFactory: calculatePreferredNetworkType: phoneId = 1 networkType = 916479
03-20 00:40:01.513  3925  5827 D RILJ    : [0077]< VOICE_REGISTRATION_STATE android.hardware.radio.network.RegStateResult{regState: NOT_REG_MT_SEARCHING_OP, rat: UNKNOWN, reasonForDenial: NONE, cellIdentity: android.hardware.radio.network.CellIdentity.noinit(false), registeredPlmn: , accessTechnologySpecificInfo: android.hardware.radio.network.AccessTechnologySpecificInfo.noinit(false)} [PHONE1]
03-20 00:40:01.515  3925  3925 D Phone   : [0] Allowed network types for 'carrier' reason is changed by carrier config = GPRS|EDGE|UMTS|CDMA|CDMA - EvDo rev. 0|CDMA - EvDo rev. A|CDMA - 1xRTT|HSDPA|HSUPA|HSPA|CDMA - EvDo rev. B|LTE|CDMA - eHRPD|HSPA+|GSM|TD_SCDMA|LTE_CA
03-20 00:40:01.515  3925  3925 D Phone   : [0] SubId-1,get allowed network types carrier: value = GPRS|EDGE|UMTS|CDMA|CDMA - EvDo rev. 0|CDMA - EvDo rev. A|CDMA - 1xRTT|HSDPA|HSUPA|HSPA|CDMA - EvDo rev. B|LTE|CDMA - eHRPD|HSPA+|GSM|TD_SCDMA|LTE_CA
03-20 00:40:01.515  3925  3925 I CSST    : isNrSupported:  carrierConfigEnabled: true, AccessFamilySupported: false, isNrNetworkTypeAllowed: false
03-20 00:40:01.515  3925  3925 I CSST    : PrefNetworkNotification: sendMessage() w/values: ,false,-1,false,true
03-20 00:40:01.515  3925  5827 D RILJ    : [0081]< VOICE_REGISTRATION_STATE android.hardware.radio.network.RegStateResult{regState: NOT_REG_MT_SEARCHING_OP, rat: UNKNOWN, reasonForDenial: NONE, cellIdentity: android.hardware.radio.network.CellIdentity.noinit(false), registeredPlmn: , accessTechnologySpecificInfo: android.hardware.radio.network.AccessTechnologySpecificInfo.noinit(false)} [PHONE1]
03-20 00:40:01.516  3925  3925 I CSST    : canceling notifications: 1000
03-20 00:40:01.516  3925  3925 D Phone   : isWifiCallingEnabled =false
03-20 00:40:01.516  3925  3925 D CSST    : isPhoneRegisteredForWifiCalling: false
03-20 00:40:01.516  3925  3925 D Phone   : isWifiCallingEnabled =false
03-20 00:40:01.516  3925  3925 I CSST    : EmergencyNetworkNotification: sendMessage() w/values: ,-1,false,true
03-20 00:40:01.516  3925  5827 D RILJ    : [0079]< OPERATOR {, , } [PHONE1]
03-20 00:40:01.516  3925  5827 D RILJ    : [0078]< QUERY_NETWORK_SELECTION_MODE {0} [PHONE1]
03-20 00:40:01.516  3925  3925 I CSST    : canceling notifications: 1001
03-20 00:40:01.516  3925  3925 D Phone   : [1] SubId-1,get allowed network types user: value = GPRS|EDGE|UMTS|CDMA|CDMA - EvDo rev. 0|CDMA - EvDo rev. A|CDMA - 1xRTT|HSDPA|HSUPA|HSPA|CDMA - EvDo rev. B|LTE|CDMA - eHRPD|HSPA+|GSM|TD_SCDMA|LTE_CA|NR
03-20 00:40:01.516  3925  3925 D PhoneFactory: calculatePreferredNetworkType: phoneId = 1 networkType = 916479
03-20 00:40:01.517  3925  5672 D RILJ    : [0080]< DATA_REGISTRATION_STATE android.hardware.radio.network.RegStateResult{regState: NOT_REG_MT_SEARCHING_OP, rat: UNKNOWN, reasonForDenial: NONE, cellIdentity: android.hardware.radio.network.CellIdentity.noinit(false), registeredPlmn: , accessTechnologySpecificInfo: android.hardware.radio.network.AccessTechnologySpecificInfo.noinit(false)} [PHONE1]
03-20 00:40:01.518  3925  5672 D RILJ    : [0082]< QUERY_NETWORK_SELECTION_MODE {0} [PHONE1]
03-20 00:40:01.518  3925  3925 D Phone   : [0] Allowed network types for 'carrier' reason is changed by carrier config = GPRS|EDGE|UMTS|CDMA|CDMA - EvDo rev. 0|CDMA - EvDo rev. A|CDMA - 1xRTT|HSDPA|HSUPA|HSPA|CDMA - EvDo rev. B|LTE|CDMA - eHRPD|HSPA+|GSM|TD_SCDMA|LTE_CA
03-20 00:40:01.518  3925  3925 D Phone   : [0] SubId-1,get allowed network types carrier: value = GPRS|EDGE|UMTS|CDMA|CDMA - EvDo rev. 0|CDMA - EvDo rev. A|CDMA - 1xRTT|HSDPA|HSUPA|HSPA|CDMA - EvDo rev. B|LTE|CDMA - eHRPD|HSPA+|GSM|TD_SCDMA|LTE_CA
03-20 00:40:01.518  3925  3925 I CSST    : isNrSupported:  carrierConfigEnabled: true, AccessFamilySupported: false, isNrNetworkTypeAllowed: false
03-20 00:40:01.518  3925  3925 I CSST    : PrefNetworkNotification: sendMessage() w/values: ,false,-1,false,true
03-20 00:40:01.518  3925  3925 I CSST    : canceling notifications: 1000
03-20 00:40:01.518  3925  3925 D Phone   : isWifiCallingEnabled =false
03-20 00:40:01.518  3925  3925 D CSST    : isPhoneRegisteredForWifiCalling: false
03-20 00:40:01.518  3925  3925 D Phone   : isWifiCallingEnabled =false
03-20 00:40:01.518  3925  3925 I CSST    : EmergencyNetworkNotification: sendMessage() w/values: ,-1,false,true
03-20 00:40:01.519  3925  3925 I CSST    : canceling notifications: 1001
03-20 00:40:01.519  3925  3925 D EmergencyNumberTracker: updateRadioEmergencyNumberListAndNotify(): receiving [EmergencyNumber:Number-#911|CountryIso-|Mnc-|ServiceCategories-0|Urns-[]|Sources-1000|Routing-0, EmergencyNumber:Number-*911|CountryIso-|Mnc-|ServiceCategories-0|Urns-[]|Sources-1000|Routing-0, EmergencyNumber:Number-000|CountryIso-|Mnc-|ServiceCategories-0|Urns-[]|Sources-1000|Routing-0, EmergencyNumber:Number-08|CountryIso-|Mnc-|ServiceCategories-0|Urns-[]|Sources-1000|Routing-0, EmergencyNumber:Number-110|CountryIso-|Mnc-|ServiceCategories-0|Urns-[]|Sources-1000|Routing-0, EmergencyNumber:Number-112|CountryIso-|Mnc-|ServiceCategories-0|Urns-[]|Sources-1000|Routing-0, EmergencyNumber:Number-118|CountryIso-|Mnc-|ServiceCategories-0|Urns-[]|Sources-1000|Routing-0, EmergencyNumber:Number-119|CountryIso-|Mnc-|ServiceCategories-0|Urns-[]|Sources-1000|Routing-0, EmergencyNumber:Number-911|CountryIso-|Mnc-|ServiceCategories-0|Urns-[]|Sources-1000|Routing-0, EmergencyNumber:Number-999|CountryIso-|Mnc-|ServiceCategories-0|Urns-[]|Sources-1000|Routing-0]
03-20 00:40:01.520  3925  3925 D EmergencyNumberTracker: notifyEmergencyNumberList(): notified
03-20 00:40:01.521  3925  3925 D RILJ    : [0083]> SEND_DEVICE_STATE 1:true [PHONE1]
03-20 00:40:01.521  3925  3925 D RILJ    : [0084]> SEND_DEVICE_STATE 2:false [PHONE1]
03-20 00:40:01.521  3925  5672 D RILJ    : [0083]< SEND_DEVICE_STATE  [PHONE1]
03-20 00:40:01.521  3925  3925 D RILJ    : [0085]> SEND_DEVICE_STATE 0:false [PHONE1]
03-20 00:40:01.522  3925  5672 D RILJ    : [0084]< SEND_DEVICE_STATE  [PHONE1]
03-20 00:40:01.522  3925  3925 D RILJ    : [0086]> SET_UNSOLICITED_RESPONSE_FILTER -1 [PHONE1]
03-20 00:40:01.522  3925  3925 D RILJ    : [0087]> SET_LINK_CAPACITY_REPORTING_CRITERIA [PHONE1]
03-20 00:40:01.523  3925  3925 D RILJ    : [0088]> SET_LINK_CAPACITY_REPORTING_CRITERIA [PHONE1]
03-20 00:40:01.523  3925  3925 D RILJ    : [0089]> SET_LINK_CAPACITY_REPORTING_CRITERIA [PHONE1]
03-20 00:40:01.523  3925  5672 D RILJ    : [0085]< SEND_DEVICE_STATE  [PHONE1]
03-20 00:40:01.523  3925  3925 D RILJ    : [0090]> SET_LINK_CAPACITY_REPORTING_CRITERIA [PHONE1]
03-20 00:40:01.524  3925  5942 D RILJ    : [0087]< SET_LINK_CAPACITY_REPORTING_CRITERIA error 6 [PHONE1]
03-20 00:40:01.524  3925  5942 D RilRequest: [0087]< SET_LINK_CAPACITY_REPORTING_CRITERIA error: com.android.internal.telephony.CommandException: REQUEST_NOT_SUPPORTED ret= result=null
03-20 00:40:01.524  3925  3925 D RILJ    : [0091]> SET_LINK_CAPACITY_REPORTING_CRITERIA [PHONE1]
03-20 00:40:01.524  3925  3925 D RILJ    : [0092]> SEND_DEVICE_STATE 1:true [PHONE1]
03-20 00:40:01.525  3925  5942 D RILJ    : [0092]< SEND_DEVICE_STATE  [PHONE1]
03-20 00:40:01.525  3925  3925 D RILJ    : [0093]> SEND_DEVICE_STATE 2:false [PHONE1]
03-20 00:40:01.525  3925  5672 D RILJ    : [0088]< SET_LINK_CAPACITY_REPORTING_CRITERIA  [PHONE1]
03-20 00:40:01.526  3925  3925 D RILJ    : [0094]> SEND_DEVICE_STATE 0:false [PHONE1]
03-20 00:40:01.526  3925  5672 D RILJ    : [0093]< SEND_DEVICE_STATE  [PHONE1]
03-20 00:40:01.526  3925  3925 D RILJ    : [0095]> SET_UNSOLICITED_RESPONSE_FILTER -1 [PHONE1]
03-20 00:40:01.527  3925  3925 D RILJ    : [0096]> SET_LINK_CAPACITY_REPORTING_CRITERIA [PHONE1]
03-20 00:40:01.527  3925  5672 D RILJ    : [0094]< SEND_DEVICE_STATE  [PHONE1]
03-20 00:40:01.527  3925  5827 D RILJ    : [0089]< SET_LINK_CAPACITY_REPORTING_CRITERIA  [PHONE1]
03-20 00:40:01.527  3925  3925 D RILJ    : [0097]> SET_LINK_CAPACITY_REPORTING_CRITERIA [PHONE1]
03-20 00:40:01.528  3925  3925 D RILJ    : [0098]> SET_LINK_CAPACITY_REPORTING_CRITERIA [PHONE1]
03-20 00:40:01.529  3925  3925 D RILJ    : [0099]> SET_LINK_CAPACITY_REPORTING_CRITERIA [PHONE1]
03-20 00:40:01.530  3925  5827 D RILJ    : [0090]< SET_LINK_CAPACITY_REPORTING_CRITERIA error 6 [PHONE1]
03-20 00:40:01.530  3925  5827 D RilRequest: [0090]< SET_LINK_CAPACITY_REPORTING_CRITERIA error: com.android.internal.telephony.CommandException: REQUEST_NOT_SUPPORTED ret= result=null
03-20 00:40:01.530  3925  5827 D RILJ    : [0091]< SET_LINK_CAPACITY_REPORTING_CRITERIA  [PHONE1]
03-20 00:40:01.530  3925  5827 D RILJ    : [0086]< SET_UNSOLICITED_RESPONSE_FILTER  [PHONE1]
03-20 00:40:01.530  3925  3925 D RILJ    : [0100]> SET_LINK_CAPACITY_REPORTING_CRITERIA [PHONE1]
03-20 00:40:01.531  3925  3925 D NetworkTypeController: [1] DefaultState: process EVENT_INITIALIZE
03-20 00:40:01.531  3925  5827 D RILJ    : [0096]< SET_LINK_CAPACITY_REPORTING_CRITERIA error 6 [PHONE1]
03-20 00:40:01.531  3925  5827 D RilRequest: [0096]< SET_LINK_CAPACITY_REPORTING_CRITERIA error: com.android.internal.telephony.CommandException: REQUEST_NOT_SUPPORTED ret= result=null
03-20 00:40:01.533  3925  3925 D NetworkTypeController: [1] mOverrideTimerRules: {connected={mState=connected, mOverrideType=NR_NSA, mPrimaryTimers={}, mSecondaryTimers={}}, not_restricted_rrc_con={mState=not_restricted_rrc_con, mOverrideType=NR_NSA, mPrimaryTimers={}, mSecondaryTimers={}}, legacy={mState=legacy, mOverrideType=NONE, mPrimaryTimers={}, mSecondaryTimers={}}, not_restricted_rrc_idle={mState=not_restricted_rrc_idle, mOverrideType=NR_NSA, mPrimaryTimers={}, mSecondaryTimers={}}, restricted={mState=restricted, mOverrideType=NONE, mPrimaryTimers={}, mSecondaryTimers={}}, connected_mmwave={mState=connected_mmwave, mOverrideType=NR_NSA, mPrimaryTimers={}, mSecondaryTimers={}}}
03-20 00:40:01.533  3925  3925 D NetworkTypeController: [1] DefaultState: process EVENT_UPDATE
03-20 00:40:01.533  3925  3925 D NetworkTypeController: [1] Reset timers since preferred network mode changed.
03-20 00:40:01.533  3925  3925 D NetworkTypeController: [1] Entering LegacyState
03-20 00:40:01.533  3925  3925 D DIC-1   : TelephonyDisplayInfo changed from null to TelephonyDisplayInfo {network=UNKNOWN, override=NONE}
03-20 00:40:01.533  3925  3925 D QtiDSM-I-1: onServiceConnected: ComponentInfo{vendor.qti.iwlan/vendor.qti.iwlan.IWlanDataService}
03-20 00:40:01.534  3925  3925 D QtiDSMGR-1: handleMessage: 11
03-20 00:40:01.538  3925  3925 D DSMGR-1 : mIsDataEnabled=true, prevDataEnabled=false
03-20 00:40:01.538  3925  3925 D DSMGR-1 : notifyDataEnabledChanged: enabled=true, reason=UNKNOWN, callingPackage=com.android.phone
03-20 00:40:01.538  3925  3925 D QtiDSMGR-1: onInit...
03-20 00:40:01.538  3925  3925 D DNC-1   : handleMessage, msg.what = 13
03-20 00:40:01.538  3925  3925 D DNC-1   : handleMessage, msg.what = 13
03-20 00:40:01.538  3925  3925 D DNC-1   : handleMessage, msg.what = 13
03-20 00:40:01.538  3925  3925 D DRM-1   : Remove all retry and throttling entries, reason=RADIO_ON
03-20 00:40:01.538  3925  3925 D DNC-1   : handleMessage, msg.what = 19
03-20 00:40:01.540  3925  3925 D CarrierResolver: handleMessage: 2
03-20 00:40:01.545  3925  3963 D RILJ    : [0097]< SET_LINK_CAPACITY_REPORTING_CRITERIA  [PHONE1]
03-20 00:40:01.559  3925  3963 D RILJ    : [0098]< SET_LINK_CAPACITY_REPORTING_CRITERIA  [PHONE1]
03-20 00:40:01.560  3925  3963 D RILJ    : [0099]< SET_LINK_CAPACITY_REPORTING_CRITERIA error 6 [PHONE1]
03-20 00:40:01.560  3925  3963 D RilRequest: [0099]< SET_LINK_CAPACITY_REPORTING_CRITERIA error: com.android.internal.telephony.CommandException: REQUEST_NOT_SUPPORTED ret= result=null
03-20 00:40:01.562  3925  3963 D RILJ    : [0100]< SET_LINK_CAPACITY_REPORTING_CRITERIA  [PHONE1]
03-20 00:40:01.563  3925  3963 D RILJ    : [0095]< SET_UNSOLICITED_RESPONSE_FILTER  [PHONE1]
03-20 00:40:01.665  3925  3925 D QtiGsmCdmaPhone: [1 ] handleMessage: Event: 46
03-20 00:40:01.665  3925  3925 D VendorGsmCdmaPhone: handleMessage: Event: 46
03-20 00:40:01.665  3925  3925 D GsmCdmaPhone: [1] onVoiceRegStateOrRatChanged
03-20 00:40:01.665  3925  3925 D GsmCdmaPhone: [1] getCsCallRadioTech, current vrs=1, vrat=0
03-20 00:40:01.665  3925  3925 D GsmCdmaPhone: [1] getCsCallRadioTech, result calcVrat=0
03-20 00:40:01.665  3925  3925 D QtiGsmCdmaPhone: [1 ] handleMessage: Event: 165
03-20 00:40:01.665  3925  3925 D VendorGsmCdmaPhone: handleMessage: Event: 165
03-20 00:40:01.667  3925  3925 D ImsPhone: [0] handleMessage what=71
03-20 00:40:01.667  3925  3925 D ImsPhone: [0] EVENT_DEFAULT_PHONE_DATA_STATE_CHANGED
03-20 00:40:01.667  3925  3925 D ImsPhone: [0] updateDataServiceState: defSs = {mVoiceRegState=1(OUT_OF_SERVICE), mDataRegState=1(OUT_OF_SERVICE), mChannelNumber=-1, duplexMode()=0, mCellBandwidths=[], mOperatorAlphaLong=null, mOperatorAlphaShort=null, isManualNetworkSelection=false(automatic), getRilVoiceRadioTechnology=0(Unknown), getRilDataRadioTechnology=0(Unknown), mCssIndicator=unsupported, mNetworkId=-1, mSystemId=-1, mCdmaRoamingIndicator=-1, mCdmaDefaultRoamingIndicator=-1, mIsEmergencyOnly=false, isUsingCarrierAggregation=false, mArfcnRsrpBoost=0, mNetworkRegistrationInfos=[NetworkRegistrationInfo{ domain=CS transportType=WWAN registrationState=UNKNOWN mInitialRegistrationState=UNKNOWN roamingType=NOT_ROAMING accessNetworkTechnology=UNKNOWN rejectCause=0 emergencyEnabled=false availableServices=[] cellIdentity=null voiceSpecificInfo=null dataSpecificInfo=null nrState=NONE rRplmn= isUsingCarrierAggregation=false}, NetworkRegistrationInfo{ domain=PS transportType=WWAN registrationState=UNKNOWN mInitialRegistrationState=UNKNOWN roamingType=NOT_ROAMING accessNetworkTechnology=UNKNOWN rejectCause=0 emergencyEnabled=false availableServices=[] cellIdentity=null voiceSpecificInfo=null dataSpecificInfo=null nrState=NONE rRplmn= isUsingCarrierAggregation=false}, NetworkRegistrationInfo{ domain=PS transportType=WLAN registrationState=UNKNOWN mInitialRegistrationState=UNKNOWN roamingType=NOT_ROAMING accessNetworkTechnology=UNKNOWN rejectCause=0 emergencyEnabled=false availableServices=[] cellIdentity=null voiceSpecificInfo=null dataSpecificInfo=null nrState=NONE rRplmn= isUsingCarrierAggregation=false}], mNrFrequencyRange=0, mOperatorAlphaLongRaw=null, mOperatorAlphaShortRaw=null, mIsDataRoamingFromRegistration=false, mIsIwlanPreferred=false} imsSs = {mVoiceRegState=1(OUT_OF_SERVICE), mDataRegState=1(OUT_OF_SERVICE), mChannelNumber=-1, duplexMode()=0, mCellBandwidths=[], mOperatorAlphaLong=null, mOperatorAlphaShort=null, isManualNetworkSelection=false(automatic), getRilVoiceRadioTechnology=0(Unknown), getRilDataRadioTechnology=0(Unknown), mCssIndicator=unsupported, mNetworkId=-1, mSystemId=-1, mCdmaRoamingIndicator=-1, mCdmaDefaultRoamingIndicator=-1, mIsEmergencyOnly=false, isUsingCarrierAggregation=false, mArfcnRsrpBoost=0, mNetworkRegistrationInfos=[NetworkRegistrationInfo{ domain=CS transportType=WWAN registrationState=UNKNOWN mInitialRegistrationState=UNKNOWN roamingType=NOT_ROAMING accessNetworkTechnology=UNKNOWN rejectCause=0 emergencyEnabled=false availableServices=[] cellIdentity=null voiceSpecificInfo=null dataSpecificInfo=null nrState=NONE rRplmn= isUsingCarrierAggregation=false}, NetworkRegistrationInfo{ domain=PS transportType=WWAN registrationState=UNKNOWN mInitialRegistrationState=UNKNOWN roamingType=NOT_ROAMING accessNetworkTechnology=UNKNOWN rejectCause=0 emergencyEnabled=false availableServices=[] cellIdentity=null voiceSpecificInfo=null dataSpecificInfo=null nrState=NONE rRplmn= isUsingCarrierAggregation=false}, NetworkRegistrationInfo{ domain=PS transportType=WLAN registrationState=UNKNOWN mInitialRegistrationState=UNKNOWN roamingType=NOT_ROAMING accessNetworkTechnology=UNKNOWN rejectCause=0 emergencyEnabled=false availableServices=[] cellIdentity=null voiceSpecificInfo=null dataSpecificInfo=null nrState=NONE rRplmn= isUsingCarrierAggregation=false}], mNrFrequencyRange=0, mOperatorAlphaLongRaw=null, mOperatorAlphaShortRaw=null, mIsDataRoamingFromRegistration=false, mIsIwlanPreferred=false}
03-20 00:40:01.667  3925  3925 D ImsPhone: [0] handleMessage what=71
03-20 00:40:01.667  3925  3925 D ImsPhone: [0] EVENT_DEFAULT_PHONE_DATA_STATE_CHANGED
