03-25 13:32:02.205  1009  7637 D NxpHal  : write successful status = 0x0
03-25 13:32:02.206  4396  7632 I libnfc_nci: [INFO:nfa_dm_discover.cc(1022)] num_disc_maps=3
03-25 13:32:02.206  1009  7634 D NxpTml  : PN54X - I2C Read successful.....
03-25 13:32:02.206  1009  7634 I NxpNciR : len =   4 > 41060100
03-25 13:32:02.206  4396  7632 I libnfc_nci: [INFO:nfa_dm_discover.cc(1050)] Starting timer value 8000
03-25 13:32:02.206  1009  7634 D NxpTml  : PN54X - Posting read message.....
03-25 13:32:02.206  4396  7632 I libnfc_nci: [INFO:nfa_sys_ptim.cc(128)] nfa_sys_ptim_start_timer 0x799df8e2c0
03-25 13:32:02.206  4396  7632 I libnfc_nci: [INFO:nfa_sys_ptim.cc(133)] ptim timer start
03-25 13:32:02.206  1009  7637 D NxpHal  : read successful status = 0x0
03-25 13:32:02.206  4396  7632 I libnfc_nci: [INFO:nfa_dm_discover.cc(2946)] new state: POLL_ACTIVE (4), disc_flags: 0x61
03-25 13:32:02.207  4396  7632 I libnfc_nci: [INFO:nfa_srd_main.cc(215)] nfa_srd_dm_process_evt Enter: event:8
03-25 13:32:02.207  4396  4911 I libnfc_nci: [INFO:gki_buffer.cc(328)] GKI_getbuf 0xb400007b0a8195a0 39:43
03-25 13:32:02.208  4396  7632 I libnfc_nci: [INFO:nfc_ncif.cc(583)] NFC received rsp gid:1
03-25 13:32:02.208  4396  7632 I libnfc_nci: [INFO:nfa_dm_discover.cc(3258)] p2p priority is running under bail out mode ONLY.
03-25 13:32:02.208  4396  7632 I libnfc_nci: [INFO:nfc_main.cc(444)] nfc_set_state 4 (IDLE)->4 (IDLE)
03-25 13:32:02.208  4396  7632 I libnfc_nci: [INFO:nfa_dm_discover.cc(1968)] nfa_dm_disc_data_cback
03-25 13:32:02.208  4396  7632 I libnfc_nci: [INFO:nfa_dm_discover.cc(850)] event:0x4005
03-25 13:32:02.208  1009  7634 D NxpTml  : PN54X - Read requested.....
03-25 13:32:02.209  1009  7634 D NxpTml  : PN54X - Invoking I2C Read.....
03-25 13:32:02.209  4396  7632 I libnfc_nci: [INFO:nfa_dm_discover.cc(2893)] state: POLL_ACTIVE (4), event: DEACTIVATE_RSP(7) disc_flags: 0x61
03-25 13:32:02.209  4396  7632 I libnfc_nci: [INFO:nfa_dm_discover.cc(2946)] new state: POLL_ACTIVE (4), disc_flags: 0x41
03-25 13:32:02.209  4396  7632 I libnfc_nci: [INFO:nfa_srd_main.cc(215)] nfa_srd_dm_process_evt Enter: event:7
03-25 13:32:02.235  1009  7634 D NxpTml  : PN54X - I2C Read successful.....
03-25 13:32:02.235  1009  7634 I NxpNciR : len =   5 > 6106020104
03-25 13:32:02.235  1009  7634 D NxpTml  : PN54X - Posting read message.....
03-25 13:32:02.236  1009  7637 D NxpHal  : read successful status = 0x0
03-25 13:32:02.237  4396  4911 I libnfc_nci: [INFO:gki_buffer.cc(328)] GKI_getbuf 0xb400007b0a80fc80 39:43
03-25 13:32:02.238  4396  7632 I libnfc_nci: [INFO:nfc_ncif.cc(624)] NFC received ntf gid:1
03-25 13:32:02.238  4396  7632 I libnfc_nci: [INFO:nfa_dm_discover.cc(3258)] p2p priority is running under bail out mode ONLY.
03-25 13:32:02.238  1009  7634 D NxpTml  : PN54X - Read requested.....
03-25 13:32:02.238  4396  7632 I libnfc_nci: [INFO:nfc_main.cc(444)] nfc_set_state 4 (IDLE)->4 (IDLE)
03-25 13:32:02.238  1009  7634 D NxpTml  : PN54X - Invoking I2C Read.....
03-25 13:32:02.238  4396  7632 I libnfc_nci: [INFO:nfa_dm_discover.cc(1968)] nfa_dm_disc_data_cback
03-25 13:32:02.239  4396  7632 I libnfc_nci: [INFO:nfa_dm_discover.cc(850)] event:0x4005
03-25 13:32:02.239  4396  7632 I libnfc_nci: [INFO:nfa_dm_discover.cc(2893)] state: POLL_ACTIVE (4), event: DEACTIVATE_NTF(8) disc_flags: 0x41
03-25 13:32:02.239  4396  7632 I libnfc_nci: [INFO:nfa_sys_ptim.cc(156)] nfa_sys_ptim_stop_timer 0x799df8e2c0
03-25 13:32:02.239  4396  7632 I libnfc_nci: [INFO:nfa_sys_ptim.cc(163)] ptim timer stop
03-25 13:32:02.239  4396  7632 I libnfc_nci: [INFO:NativeNfcManager.cpp(460)] nfaConnectionCallback: event= 4
03-25 13:32:02.240  4396  7632 I libnfc_nci: [INFO:NativeNfcManager.cpp(564)] nfaConnectionCallback: NFA_DEACTIVATE_FAIL_EVT: status = 4
03-25 13:32:02.240  4396  7632 E libnfc_nci: [ERROR:NfcTag.cpp(1929)] connectionEventHandler: NFA_DEACTIVATE_FAIL_EVT
03-25 13:32:02.240  4396  7632 I libnfc_nci: [INFO:nfc_main.cc(1399)] NFC_Deactivate 4 (IDLE) deactivate_type:3
03-25 13:32:02.240  4396  7632 I libnfc_nci: [INFO:gki_buffer.cc(328)] GKI_getbuf 0xb400007b0a8195a0 40:43
03-25 13:32:02.241  4396  7632 I libnfc_nci: [INFO:nfc_ncif.cc(497)] nfc_ncif_send_cmd()
03-25 13:32:02.241  4396  7632 I libnfc_nci: [INFO:nfc_ncif.cc(145)] check_and_store_last_cmd:
03-25 13:32:02.241  4396  7632 I libnfc_nci: [INFO:NfcAdaptation.cc(743)] NfcAdaptation::HalWrite
03-25 13:32:02.242  1009  7635 D NxpTml  : PN54X - Write requested.....
03-25 13:32:02.242  1009  7635 D NxpTml  : PN54X - Invoking I2C Write.....
03-25 13:32:02.243  1009  7635 I NxpNciX : len =   4 > 21060103
03-25 13:32:02.243  1009  7635 D NxpTml  : PN54X - I2C Write successful.....
03-25 13:32:02.243  1009  7635 D NxpTml  : PN54X - Posting Fresh Write message.....
03-25 13:32:02.243  1009  7635 D NxpTml  : PN54X - Tml Writer Thread Running................
03-25 13:32:02.244  1009  7637 D NxpHal  : write successful status = 0x0
03-25 13:32:02.245  1009  7634 D NxpTml  : PN54X - I2C Read successful.....
03-25 13:32:02.245  4396  7632 I libnfc_nci: [INFO:nfa_dm_discover.cc(1022)] num_disc_maps=3
03-25 13:32:02.245  1009  7634 I NxpNciR : len =   4 > 41060100
03-25 13:32:02.245  4396  7632 I libnfc_nci: [INFO:nfa_dm_discover.cc(1050)] Starting timer value 8000
03-25 13:32:02.245  1009  7634 D NxpTml  : PN54X - Posting read message.....
03-25 13:32:02.245  4396  7632 I libnfc_nci: [INFO:nfa_sys_ptim.cc(128)] nfa_sys_ptim_start_timer 0x799df8e2c0
03-25 13:32:02.246  4396  7632 I libnfc_nci: [INFO:nfa_sys_ptim.cc(133)] ptim timer start
03-25 13:32:02.246  4396  7632 I libnfc_nci: [INFO:nfa_dm_discover.cc(2946)] new state: POLL_ACTIVE (4), disc_flags: 0x61
03-25 13:32:02.246  1009  7637 D NxpHal  : read successful status = 0x0
03-25 13:32:02.246  4396  7632 I libnfc_nci: [INFO:nfa_srd_main.cc(215)] nfa_srd_dm_process_evt Enter: event:8
03-25 13:32:02.246  4396  4911 I libnfc_nci: [INFO:gki_buffer.cc(328)] GKI_getbuf 0xb400007b0a818600 39:43
03-25 13:32:02.247  4396  7632 I libnfc_nci: [INFO:nfc_ncif.cc(583)] NFC received rsp gid:1
03-25 13:32:02.247  4396  7632 I libnfc_nci: [INFO:nfa_dm_discover.cc(3258)] p2p priority is running under bail out mode ONLY.
03-25 13:32:02.247  4396  7632 I libnfc_nci: [INFO:nfc_main.cc(444)] nfc_set_state 4 (IDLE)->4 (IDLE)
03-25 13:32:02.247  4396  7632 I libnfc_nci: [INFO:nfa_dm_discover.cc(1968)] nfa_dm_disc_data_cback
03-25 13:32:02.248  4396  7632 I libnfc_nci: [INFO:nfa_dm_discover.cc(850)] event:0x4005
03-25 13:32:02.248  4396  7632 I libnfc_nci: [INFO:nfa_dm_discover.cc(2893)] state: POLL_ACTIVE (4), event: DEACTIVATE_RSP(7) disc_flags: 0x61
03-25 13:32:02.248  1009  7634 D NxpTml  : PN54X - Read requested.....
03-25 13:32:02.248  1009  7634 D NxpTml  : PN54X - Invoking I2C Read.....
03-25 13:32:02.248  4396  7632 I libnfc_nci: [INFO:nfa_dm_discover.cc(2946)] new state: POLL_ACTIVE (4), disc_flags: 0x41
03-25 13:32:02.248  4396  7632 I libnfc_nci: [INFO:nfa_srd_main.cc(215)] nfa_srd_dm_process_evt Enter: event:7
03-25 13:32:02.275  1009  7634 D NxpTml  : PN54X - I2C Read successful.....
03-25 13:32:02.276  1009  7634 I NxpNciR : len =   5 > 6106020300
03-25 13:32:02.276  1009  7634 D NxpTml  : PN54X - Posting read message.....
03-25 13:32:02.277  1009  7637 D NxpHal  : read successful status = 0x0
03-25 13:32:02.278  4396  4911 I libnfc_nci: [INFO:gki_buffer.cc(328)] GKI_getbuf 0xb400007b0a814460 39:43
03-25 13:32:02.278  4396  7632 I libnfc_nci: [INFO:nfc_ncif.cc(624)] NFC received ntf gid:1
03-25 13:32:02.278  4396  7632 I libnfc_nci: [INFO:nfa_dm_discover.cc(3258)] p2p priority is running under bail out mode ONLY.
03-25 13:32:02.278  4396  7632 I libnfc_nci: [INFO:nfc_main.cc(444)] nfc_set_state 4 (IDLE)->4 (IDLE)
03-25 13:32:02.279  4396  7632 I libnfc_nci: [INFO:nfa_dm_discover.cc(1968)] nfa_dm_disc_data_cback
03-25 13:32:02.279  4396  7632 I libnfc_nci: [INFO:nfa_dm_discover.cc(850)] event:0x4005
03-25 13:32:02.279  4396  7632 I libnfc_nci: [INFO:nfa_dm_discover.cc(2893)] state: POLL_ACTIVE (4), event: DEACTIVATE_NTF(8) disc_flags: 0x41
03-25 13:32:02.279  1009  7634 D NxpTml  : PN54X - Read requested.....
03-25 13:32:02.279  1009  7634 D NxpTml  : PN54X - Invoking I2C Read.....
03-25 13:32:02.279  4396  7632 I libnfc_nci: [INFO:nfa_sys_ptim.cc(156)] nfa_sys_ptim_stop_timer 0x799df8e2c0
03-25 13:32:02.279  4396  7632 I libnfc_nci: [INFO:nfa_sys_ptim.cc(163)] ptim timer stop
03-25 13:32:02.280  4396  7632 I libnfc_nci: [INFO:nfa_dm_discover.cc(1662)] activated_handle=3
03-25 13:32:02.280  4396  7632 I libnfc_nci: [INFO:nfa_dm_act.cc(1744)] event:0x02
03-25 13:32:02.281  4396  7632 I libnfc_nci: [INFO:nfa_rw_main.cc(254)] nfa_rw_handle_event event: NFA_RW_DEACTIVATE_NTF_EVT (0x502), flags: 00000021
03-25 13:32:02.281  4396  7632 I libnfc_nci: [INFO:nfa_sys_ptim.cc(156)] nfa_sys_ptim_stop_timer 0x799df8c5a0
03-25 13:32:02.281  4396  7632 I libnfc_nci: [INFO:nfa_sys_ptim.cc(163)] ptim timer stop
03-25 13:32:02.281  4396  7632 I libnfc_nci: [INFO:nfa_rw_act.cc(214)] Stopped presence check timer (if started)
03-25 13:32:02.281  4396  7632 I libnfc_nci: [INFO:NativeNfcManager.cpp(460)] nfaConnectionCallback: event= 6
03-25 13:32:02.282  4396  7632 I libnfc_nci: [INFO:NativeNfcManager.cpp(703)] nfaConnectionCallback: NFA_DEACTIVATED_EVT   Type: 3, gIsTagDeactivating: 1
03-25 13:32:02.282  4396  7632 I libnfc_nci: [INFO:NfcTag.cpp(219)] NfcTag::setDeactivationState: state=0
03-25 13:32:02.282  4396  7632 I libnfc_nci: [INFO:NfcTag.cpp(1530)] NfcTag::resetTechnologies
03-25 13:32:02.282  4396  7632 I libnfc_nci: [INFO:NativeNfcTag.cpp(184)] nativeNfcTag_abortWaits
03-25 13:32:02.283  4396  7632 I libnfc_nci: [INFO:nfa_dm_discover.cc(1998)] old_state: POLL_ACTIVE (4), new_state: DISCOVERY (1) disc_flags: 0x1
03-25 13:32:02.283  4396  4396 I libnfc_nci: [INFO:NativeNfcTag.cpp(873)] reSelect: Tag is in IDLE state
03-25 13:32:02.284  4396  7632 I libnfc_nci: [INFO:nfa_dm_discover.cc(2623)] nfa_dm_disc_sm_poll_activeNFA_DM_RF_DEACTIVATE_NTF to discovery
03-25 13:32:02.284  4396  7632 I libnfc_nci: [INFO:nfa_dm_discover.cc(2946)] new state: DISCOVERY (1), disc_flags: 0x1
03-25 13:32:02.285  4396  6719 I libnfc_nci: [INFO:NfcTag.cpp(713)] notifyNfcAbortTagops: enter
03-25 13:32:02.285  4396  4396 I libnfc_nci: [INFO:NativeNfcTag.cpp(880)] reSelect: CashBee Detected
03-25 13:32:02.286  4396  4396 I libnfc_nci: [INFO:NativeNfcTag.cpp(905)] reSelect: Start RF discovery
03-25 13:32:02.286  4396  6719 I libnfc_nci: [INFO:NfcTag.cpp(726)] notifyNfcAbortTagops: exit
03-25 13:32:02.287  4396  7632 I libnfc_nci: [INFO:nfa_srd_main.cc(215)] nfa_srd_dm_process_evt Enter: event:8
03-25 13:32:02.507  5665  5665 W TcmReceiver: type=1400 audit(0.0:360): avc: denied { write } for name="tcmd" dev="tmpfs" ino=1348 scontext=u:r:remote_prov_app:s0:c102,c256,c512,c768 tcontext=u:object_r:vendor_dpmtcm_socket:s0 tclass=sock_file permissive=0 app=com.android.remoteprovisioner
03-25 13:32:03.154  2075  7421 D SntpClient: request time failed: java.net.SocketTimeoutException: Poll timed out
03-25 13:32:03.155  2075  7421 D TrafficStats: tagSocket(212) with statsTag=0xffffff41, statsUid=-1
03-25 13:32:03.161  1854  1876 D tcmd    : IDpmServiceTcmCallbackImpl:: get tcm fd list size
03-25 13:32:03.161  1854  1876 D tcmd    : IDpmServiceTcmCallbackImpl:: DpmTcmServer fd list size 2
03-25 13:32:03.163  1854  1876 D tcmd    : IDpmServiceTcmCallbackImpl:: close tcp idle socket connections
03-25 13:32:03.163  1854  1876 D tcmd    : enqueueDpmTmCbEvent: cmd = 2
03-25 13:32:03.164  1854  1854 D tcmd    : DpmCom :there are 1 file descriptor(s) with events pending
03-25 13:32:03.164  1854  1854 D tcmd    : DpmCom : 1 events pending, handling 1 for 7
03-25 13:32:03.164  1854  1854 D tcmd    : DpmCom :fd '7' is processing events [callback:0x57e8d33648, data:0xb400007b36e55690]
03-25 13:32:03.165  1854  1854 D tcmd    : DpmTcmServer::closeTcpIdleConnection number of registered connections: 2
03-25 13:32:03.165  1854  1854 D tcmd    : DpmTcmMgr handleDpmTcmCbEvents queue is empty 
03-25 13:32:03.166  1854  1854 D tcmd    : waiting on events (-1ms)
03-25 13:32:03.289  4396  4396 E libnfc_nci: [ERROR:NativeNfcTag.cpp(929)] reSelect: timeout waiting for select
03-25 13:32:03.289  4396  4396 I libnfc_nci: [INFO:NativeNfcTag.cpp(998)] reSelect: exit; status=1
03-25 13:32:03.289  4396  4396 I libnfc_nci: [INFO:NativeNfcTag.cpp(1083)] nativeNfcTag_doReconnect: exit 0x1
03-25 13:32:03.290  4396  4396 I libnfc_nci: [INFO:NativeNfcTag.cpp(1571)] nativeNfcTag_doCheckNdef: tag already deactivated...
03-25 13:32:03.290  4396  4396 D NativeNfcTag: Check NDEF Failed - status = 3
03-25 13:32:03.290  4396  4396 I libnfc_nci: [INFO:NativeNfcTag.cpp(1102)] nativeNfcTag_doHandleReconnect: targetHandle = 1
03-25 13:32:03.290  4396  4396 I libnfc_nci: [INFO:NativeNfcTag.cpp(687)] nativeNfcTag_doConnect: targetHandle = 1
03-25 13:32:03.291  4396  4396 E libnfc_nci: [ERROR:NativeNfcTag.cpp(700)] nativeNfcTag_doConnect: tag already deactivated
03-25 13:32:03.291  4396  4396 I libnfc_nci: [INFO:NativeNfcTag.cpp(752)] nativeNfcTag_doConnect: exit 0xFF
03-25 13:32:03.291  4396  4396 D NativeNfcTag: Connect Failed - status = 255
03-25 13:32:03.291  4396  4396 I libnfc_nci: [INFO:NativeNfcTag.cpp(1057)] nativeNfcTag_doReconnect: enter
03-25 13:32:03.291  4396  4396 E libnfc_nci: [ERROR:NativeNfcTag.cpp(1062)] nativeNfcTag_doReconnect: tag already deactivated
03-25 13:32:03.291  4396  4396 I libnfc_nci: [INFO:NativeNfcTag.cpp(1083)] nativeNfcTag_doReconnect: exit 0xFF
03-25 13:32:03.292  4396  4396 I libnfc_nci: [INFO:NativeNfcTag.cpp(1185)] nativeNfcTag_doDisconnect: enter
03-25 13:32:03.292  4396  4396 W libnfc_nci: [WARNING:NativeNfcTag.cpp(1191)] nativeNfcTag_doDisconnect: tag already deactivated
03-25 13:32:03.292  4396  4396 I libnfc_nci: [INFO:NativeNfcTag.cpp(1203)] nativeNfcTag_doDisconnect: exit
03-25 13:32:03.515  5665  5665 W TcmReceiver: type=1400 audit(0.0:361): avc: denied { write } for name="tcmd" dev="tmpfs" ino=1348 scontext=u:r:remote_prov_app:s0:c102,c256,c512,c768 tcontext=u:object_r:vendor_dpmtcm_socket:s0 tclass=sock_file permissive=0 app=com.android.remoteprovisioner
03-25 13:32:03.561  1417  1554 I SDM     : DisplayBase::CommitThread: Received idle timeout
03-25 13:32:03.607  1417  1554 I SDM     : HWDeviceDRM::SetupConcurrentWriteback: Tear down the Concurrent Writeback topology
03-25 13:32:03.901  3305  3335 I CommandQueue: handleSystemKey() key:26
03-25 13:32:04.069  2075  2075 I SideFpsEventHandler: notifyPowerPressed
03-25 13:32:04.083  1417  1734 I SDM     : HWCColorModeStc::GetColorModeCount: Supported color mode count = 1
03-25 13:32:04.083  1417  1734 I SDM     : HWCColorModeStc::GetColorModes: Color mode = 0 is supported
03-25 13:32:04.123  1261  1645 D AHAL: FM: fm_get_parameters: 231: enter
03-25 13:32:04.123  1261  1645 D AHAL: FM: fm_get_parameters: 238: exit
03-25 13:32:04.126  1499  1499 D AudioFlinger: AUDIO_OUTPUT_FLAG_FAST denied: sharedBuffer=0xb40000782f4a5f10 frameCount=0 mFrameCount=192 format=0x1 mFormat=0x5 isLinear=1 channelMask=0x3 sampleRate=44100 mSampleRate=48000 hasFastMixer=1 tid=7662 fastTrackAvailMask=0xfc
03-25 13:32:04.129  1499  1499 D AF::TrackHandle: OpPlayAudio: track:68 usage:13 not muted
03-25 13:32:04.132  1261  1302 D AHAL: AudioStream: astream_out_get_parameters: 961: enter
03-25 13:32:04.133  1261  1302 D AHAL: AudioStream: astream_out_get_parameters: 983: keys: is_direct_pcm_track
03-25 13:32:04.133  1261  1302 D AHAL: AudioStream: astream_out_get_parameters: 1020: exit: returns - is_direct_pcm_track=false
03-25 13:32:04.145  1261  1302 D AHAL: AudioStream: out_update_source_metadata_v7: 1070: track count is 1 for usecase(1: low-latency-playback)
03-25 13:32:04.145  1261  1302 D AHAL: AudioStream: out_update_source_metadata_v7: 1112: Source metadata usage:13 content_type:4
03-25 13:32:04.146  1261  1302 D AHAL: AudioStream: SetAggregateSourceMetadata: 3793: Aggregated Source metadata usage:13 content_type:4
03-25 13:32:04.147  1261  5464 D AHAL: AudioStream: AutoPerfLock: 165: (Acquired) perf_lock_handle: 0x211, count: 1
03-25 13:32:04.147  1261  5464 I AHAL: AudioStream: Open: 2937: Enter: OutPrimary usecase(1: low-latency-playback)
03-25 13:32:04.147  1261  5464 D AHAL: AudioStream: Open: 2943: no_of_devices 1
03-25 13:32:04.147  1261  5464 D AHAL: AudioStream: Open: 3007: halInputFormat 1 halOutputFormat 1 palformat 1
03-25 13:32:04.147  1261  5464 D AHAL: AudioStream: Open: 3067: channels 2 samplerate 48000 format id 1, stream type 1  stream bitwidth 16
03-25 13:32:04.147  1261  5464 D AHAL: AudioStream: Open: 3068: msample_rate 0 mchannels 0 mNoOfOutDevices 1
03-25 13:32:04.147  1261  5464 I PAL: API: pal_stream_open: 218: Enter, stream type:1
03-25 13:32:04.147  1261  5464 I PAL: ResourceManager: getActiveStream_l: 5668: no active streams found for device 3 ret -2
03-25 13:32:04.147  1261  5464 I PAL: Device: setDeviceAttributes: 372: DeviceAttributes for Device Id 3 updated
03-25 13:32:04.147  1261  5464 I PAL: Device: open: 452: Enter. deviceCount 0 for device id 3 (PAL_DEVICE_OUT_SPEAKER)
03-25 13:32:04.147  1261  5464 I PAL: SessionAlsaUtils: setDeviceMediaConfig: 1048: CODEC_DMA-LPAIF_WSA-RX-0 rate ch fmt data_fmt 48000 1 2 1
03-25 13:32:04.147  1261  5464 D audio_route: Apply path: speaker-vbat
03-25 13:32:04.152  1261  5464 I PAL: Device: open: 487: Exit. deviceCount 1 for device id 3 (PAL_DEVICE_OUT_SPEAKER), exit status: 0
03-25 13:32:04.152  1261  5464 I PAL: ResourceManager: allocateFrontEndIds: 6567: allocateFrontEndIds: front end 125
03-25 13:32:04.152  1261  5464 I PAL: PayloadBuilder: populateStreamKV: 2787: stream type 1
03-25 13:32:04.152  1261  5464 I PAL: PayloadBuilder: getSelectorValues: 2609: Direction: 1
03-25 13:32:04.152  1261  5464 I PAL: PayloadBuilder: getSelectorValues: 2625: Instance: 1
03-25 13:32:04.152  1261  5464 I PAL: PayloadBuilder: findKVs: 2499: key: 0xa1000000 value: 0xa100000e
03-25 13:32:04.152  1261  5464 I PAL: PayloadBuilder: findKVs: 2499: key: 0xab000000 value: 0x1
03-25 13:32:04.152  1261  5464 I PAL: PayloadBuilder: populateDeviceKV: 2901: Enter device id:3
03-25 13:32:04.152  1261  5464 I PAL: PayloadBuilder: findKVs: 2512: key: 0xa2000000 value: 0xa2000001
03-25 13:32:04.152  1261  5464 I PAL: PayloadBuilder: populateDeviceKV: 2929: Exit device id:3, status 0
03-25 13:32:04.152  1261  5464 I PAL: PayloadBuilder: populateDevicePPKV: 3042: Rx device id:3
03-25 13:32:04.152  1261  5464 I PAL: PayloadBuilder: getSelectorValues: 2685: stream type: 1
03-25 13:32:04.152  1261  5464 I PAL: PayloadBuilder: findKVs: 2499: key: 0xa2000000 value: 0xa2000001
03-25 13:32:04.152  1261  5464 I PAL: PayloadBuilder: findKVs: 2499: key: 0xac000000 value: 0xac000002
03-25 13:32:04.152  1261  5464 I PAL: PayloadBuilder: populateDevicePPCkv: 3184: SpeakerProt Status[1], RAS Status[0]
03-25 13:32:04.153  1261  5464 I AGM: device: device_set_metadata: 707 Setting device metadata for CODEC_DMA-LPAIF_WSA-RX-0
03-25 13:32:04.153  1261  5464 D AGM: metadata: metadata_print: 79 *************************Metadata*************************
03-25 13:32:04.153  1261  5464 D AGM: metadata: metadata_print: 80 GKV size:1
03-25 13:32:04.153  1261  5464 D AGM: metadata: metadata_print: 83 key:0xa2000000, value:0xa2000001 
03-25 13:32:04.153  1261  5464 D AGM: metadata: metadata_print: 87 
03-25 13:32:04.153  1261  5464 D AGM: metadata: CKV count:2
03-25 13:32:04.153  1261  5464 D AGM: metadata: metadata_print: 90 key:0xa9000000, value:0x1 
03-25 13:32:04.153  1261  5464 D AGM: metadata: metadata_print: 90 key:0xbe000000, value:0x1 
03-25 13:32:04.153  1261  5464 D AGM: metadata: metadata_print: 92 
03-25 13:32:04.153  1261  5464 D AGM: metadata: metadata_print: 94 Property ID:134217744
03-25 13:32:04.153  1261  5464 D AGM: metadata: metadata_print: 95 property count:2
03-25 13:32:04.153  1261  5464 D AGM: metadata: metadata_print: 98 Property Values: 
03-25 13:32:04.153  1261  5464 D AGM: metadata: metadata_print: 100 0x2 
03-25 13:32:04.153  1261  5464 D AGM: metadata: metadata_print: 100 0x5 
03-25 13:32:04.153  1261  5464 D AGM: metadata: metadata_print: 102 
03-25 13:32:04.153  1261  5464 D AGM: metadata: metadata_print: 103 ****************Metadata Done***************************
03-25 13:32:04.153  1261  5464 D AGM: metadata: 
03-25 13:32:04.153  1261  5464 D agm_server_wrapper: Aif id 7 already added to session list of 125
03-25 13:32:04.153  1261  5464 I AGM: session: session_obj_set_sess_aif_metadata: 1825 Setting metadata for sess_id 125, aif id 7
03-25 13:32:04.153  1261  5464 D AGM: metadata: metadata_print: 79 *************************Metadata*************************
03-25 13:32:04.153  1261  5464 D AGM: metadata: metadata_print: 80 GKV size:2
03-25 13:32:04.153  1261  5464 D AGM: metadata: metadata_print: 83 key:0xa2000000, value:0xa2000001 
03-25 13:32:04.153  1261  5464 D AGM: metadata: metadata_print: 83 key:0xac000000, value:0xac000002 
03-25 13:32:04.153  1261  5464 D AGM: metadata: metadata_print: 87 
03-25 13:32:04.153  1261  5464 D AGM: metadata: CKV count:1
03-25 13:32:04.153  1261  5464 D AGM: metadata: metadata_print: 90 key:0xd2000000, value:0x0 
03-25 13:32:04.153  1261  5464 D AGM: metadata: metadata_print: 92 
03-25 13:32:04.153  1261  5464 D AGM: metadata: metadata_print: 94 Property ID:134217744
03-25 13:32:04.153  1261  5464 D AGM: metadata: metadata_print: 95 property count:1
03-25 13:32:04.154  1261  5464 D AGM: metadata: metadata_print: 98 Property Values: 
03-25 13:32:04.154  1261  5464 D AGM: metadata: metadata_print: 100 0x3 
03-25 13:32:04.154  1261  5464 D AGM: metadata: metadata_print: 102 
03-25 13:32:04.154  1261  5464 D AGM: metadata: metadata_print: 103 ****************Metadata Done***************************
03-25 13:32:04.154  1261  5464 D AGM: metadata: 
03-25 13:32:04.154  1261  5464 I AGM: session: session_obj_set_sess_aif_metadata: 1830 Exit
03-25 13:32:04.154  1261  5464 D agm_server_wrapper: Aif id 7 already added to session list of 125
03-25 13:32:04.154  1261  5464 I AGM: API: agm_session_aif_connect: 652 connecting aifid:7 with session id=125
03-25 13:32:04.154  1261  5464 I PAL: ResourceManager: GetConcurrencyInfo: 5024: stream type 1 Tx conc 0, Rx conc 0, concurrency allowed
03-25 13:32:04.154  1261  5464 I PAL: ResourceManager: GetConcurrencyInfo: 5024: stream type 1 Tx conc 0, Rx conc 0, concurrency allowed
03-25 13:32:04.154  1261  5464 I PAL: ResourceManager: GetConcurrencyInfo: 5024: stream type 1 Tx conc 0, Rx conc 0, concurrency allowed
03-25 13:32:04.154  1261  5464 I PAL: API: pal_stream_open: 261: Exit. Value of stream_handle 0xb400007afce502d0K, status 0
03-25 13:32:04.154  1261  5464 D AHAL: AudioStream: GetBufferSize: 2885: type 1
03-25 13:32:04.154  1261  5464 D AHAL: AudioStream: Open: 3241: fragment_size_ 768 fragments_ 2
03-25 13:32:04.154  1261  5464 D AHAL: AudioStream: Open: 3271: Exit ret: 0
03-25 13:32:04.154  1261  5464 D AHAL: AudioStream: ~AutoPerfLock: 175: (release) perf_lock_handle: 0x211, count: 1
03-25 13:32:04.154  1261  5464 D AHAL: AudioStream: ~AutoPerfLock: 179: Releasing perf_lock_handle: 0x211
03-25 13:32:04.155  1261  5464 D AHAL: AudioStream: AutoPerfLock: 165: (Acquired) perf_lock_handle: 0x212, count: 1
03-25 13:32:04.155  1261  5464 I PAL: API: pal_stream_start: 326: Enter. Stream handle 0xb400007afce502d0K
03-25 13:32:04.155  1261  5464 I PAL: PayloadBuilder: findKVs: 2512: key: 0xa3000000 value: 0xa3000009
03-25 13:32:04.156  1261  5464 I AGM: device: device_set_metadata: 707 Setting device metadata for CODEC_DMA-LPAIF_WSA-TX-0
03-25 13:32:04.156  1261  5464 D AGM: metadata: metadata_print: 79 *************************Metadata*************************
03-25 13:32:04.156  1261  5464 D AGM: metadata: metadata_print: 80 GKV size:1
03-25 13:32:04.156  1261  5464 D AGM: metadata: metadata_print: 83 key:0xa3000000, value:0xa3000009 
03-25 13:32:04.156  1261  5464 D AGM: metadata: metadata_print: 87 
03-25 13:32:04.156  1261  5464 D AGM: metadata: CKV count:1
03-25 13:32:04.156  1261  5464 D AGM: metadata: metadata_print: 90 key:0xbf000000, value:0x0 
03-25 13:32:04.156  1261  5464 D AGM: metadata: metadata_print: 92 
03-25 13:32:04.156  1261  5464 D AGM: metadata: metadata_print: 94 Property ID:134217744
03-25 13:32:04.156  1261  5464 D AGM: metadata: metadata_print: 95 property count:1
03-25 13:32:04.156  1261  5464 D AGM: metadata: metadata_print: 98 Property Values: 
03-25 13:32:04.156  1261  5464 D AGM: metadata: metadata_print: 100 0x2 
03-25 13:32:04.156  1261  5464 D AGM: metadata: metadata_print: 102 
03-25 13:32:04.156  3305  3305 I vol.VolumeDialogImpl: mDialog.dismiss() reason: volume_controller from: com.android.systemui.volume.VolumeDialogImpl$7.onDismissRequested:2
03-25 13:32:04.156  1261  5464 D AGM: metadata: metadata_print: 103 ****************Metadata Done***************************
03-25 13:32:04.156  1261  5464 D AGM: metadata: 
03-25 13:32:04.156  1261  5464 I PAL: SessionAlsaUtils: setDeviceMediaConfig: 1048: CODEC_DMA-LPAIF_WSA-TX-0 rate ch fmt data_fmt 48000 1 10 1
03-25 13:32:04.156  1261  5464 I PAL: ResourceManager: allocateFrontEndIds: 6599: allocateFrontEndIds: front end 121
03-25 13:32:04.156  1261  5464 D agm_server_wrapper: Aif id 10 already added to session list of 121
03-25 13:32:04.156  1261  5464 I AGM: API: agm_session_aif_connect: 652 connecting aifid:10 with session id=121
03-25 13:32:04.156  1261  5464 I PAL: SpeakerProtection: spkrProtProcessingMode: 2082: Normal mode being used
03-25 13:32:04.156  1261  5464 I PAL: Device: updateCustomPayload: 405: customPayloadSize = 32
03-25 13:32:04.156  1261  5464 I PAL: Device: updateCustomPayload: 405: customPayloadSize = 64
03-25 13:32:04.156  1261  5464 I PAL: Device: updateCustomPayload: 405: customPayloadSize = 88
03-25 13:32:04.157  1261  5464 I PAL: SpeakerProtection: spkrProtProcessingMode: 2198: Read R0T0 from file
03-25 13:32:04.157  1261  5464 I PAL: SpeakerProtection: spkrProtProcessingMode: 2239: R0 707eba7 
03-25 13:32:04.157  1261  5464 I PAL: SpeakerProtection: spkrProtProcessingMode: 2240: T0 880 
03-25 13:32:04.157  1261  5464 I PAL: Device: updateCustomPayload: 405: customPayloadSize = 120
03-25 13:32:04.158  1261  5464 D agm_client_wrapper: agm_session_open called with handle = 1894f9a0 , *handle = 0
03-25 13:32:04.159  1261  5464 D AGM: graph: graph_open: 548 entry
03-25 13:32:04.159  1261  5464 D AGM: metadata: metadata_print: 79 *************************Metadata*************************
03-25 13:32:04.159  1261  5464 D AGM: metadata: metadata_print: 80 GKV size:1
03-25 13:32:04.159  1261  5464 D AGM: metadata: metadata_print: 83 key:0xa3000000, value:0xa3000009 
03-25 13:32:04.159  1261  5464 D AGM: metadata: metadata_print: 87 
03-25 13:32:04.159  1261  5464 D AGM: metadata: CKV count:1
03-25 13:32:04.159  1261  5464 D AGM: metadata: metadata_print: 90 key:0xbf000000, value:0x0 
03-25 13:32:04.159  1261  5464 D AGM: metadata: metadata_print: 92 
03-25 13:32:04.159  1261  5464 D AGM: metadata: metadata_print: 94 Property ID:134217744
03-25 13:32:04.160  1261  5464 D AGM: metadata: metadata_print: 95 property count:1
03-25 13:32:04.160  1261  5464 D AGM: metadata: metadata_print: 98 Property Values: 
03-25 13:32:04.160  1261  5464 D AGM: metadata: metadata_print: 100 0x2 
03-25 13:32:04.160  1261  5464 D AGM: metadata: metadata_print: 102 
03-25 13:32:04.160  1261  5464 D AGM: metadata: metadata_print: 103 ****************Metadata Done***************************
03-25 13:32:04.160  1261  5464 D AGM: metadata: 
03-25 13:32:04.160  1261  5464 D AGM: graph: print_graph_alias: 2328 GKV Alias 11 | DeviceTX_VI_TX
03-25 13:32:04.160  1261  5464 D AGM: graph: graph_open: 676 miid 4589 mid 7001024 tag c0000005
03-25 13:32:04.160  1261  5464 I GPR:    : __gpr_cmd_register_v2:902 GPR Register: Source Port is 8209 heap_index: 0
03-25 13:32:04.163   288  1941 I audioadsprpcd: vendor/qcom/proprietary/adsprpc/src/apps_std_imp.c:984: Successfully opened file /vendor/dsp/adsp/spv5_module.so.1
03-25 13:32:04.173   288  1941 I audioadsprpcd: vendor/qcom/proprietary/adsprpc/src/apps_std_imp.c:984: Successfully opened file /vendor/dsp/adsp/SAPlusCmnModule.so.1
03-25 13:32:04.187  1261  5464 E ACDB    : AcdbCmdGetProcSubgraphCalDataPersist:8217 Error[19]: No calibration found
03-25 13:32:04.187  1261  5464 D AGM: graph: graph_open: 707 graph_handle 0x147534c
03-25 13:32:04.187  1261  5464 D AGM: graph: graph_open: 743 exit, ret 0
03-25 13:32:04.187  1261  5464 D AGM: graph: graph_set_config: 1105 entry graph_handle 0x147534c
03-25 13:32:04.188  1261  5464 D AGM: graph: graph_set_config: 1113 exit, graph handle 0x147534c, ret 0
03-25 13:32:04.188  1261  5464 D agm_client_wrapper: agm_session_open Received handle = 0x7a1894f9a0 , *handle = b400007afce406d0
03-25 13:32:04.188  1261  5464 D PLUGIN: pcm: agm_pcm_hw_params: 477 agm_pcm_hw_params: mode: 268435456
03-25 13:32:04.188  1261  5464 I PAL: SpeakerProtection: spkrProtProcessingMode: 2339: Normal mode being used
03-25 13:32:04.188  1261  5464 I PAL: SpeakerProtection: spkrProtProcessingMode: 2366: Normal mode being used
03-25 13:32:04.189  1261  5464 I PAL: Device: updateCustomPayload: 405: customPayloadSize = 24
03-25 13:32:04.189  1261  5464 D audio_route: Apply path: vi-feedback
03-25 13:32:04.189  1261  5464 D AGM: graph: graph_prepare: 804 entry graph_handle 0x147534c
03-25 13:32:04.189  1261  5464 D AGM: graph_module: configure_hw_ep_media_config: 697 entry mod tag c0000005 miid 4589 mid 7001024
03-25 13:32:04.189  1261  5464 D AGM: graph_module: configure_hw_ep_media_config: 727 rate 48000 bw 32 ch 1, data_fmt 1
03-25 13:32:04.190  1261  5464 D AGM: graph_module: configure_hw_ep_media_config: 737 exit, ret 0
03-25 13:32:04.190  1261  5464 D AGM: graph_module: configure_codec_dma_ep: 314 cdc_dma intf cfg lpaif 2 indx 1 ch_msk 1
03-25 13:32:04.190  1261  5464 D AGM: graph_module: configure_codec_dma_ep: 329 exit, ret 0
03-25 13:32:04.192  1261  5464 D AGM: graph: graph_prepare: 882 exit, ret 0
03-25 13:32:04.192  1261  5464 D AGM: graph: graph_start: 896 entry graph_handle 0x147534c
03-25 13:32:04.194  1261  5464 D AGM: graph: graph_start: 908 exit, ret 0
03-25 13:32:04.194  1261  5464 D AGM: graph: graph_start: 896 entry graph_handle 0x147534c
03-25 13:32:04.194  1261  5464 D AGM: graph: graph_start: 908 exit, ret 0
03-25 13:32:04.197  1261  5464 E PAL: SpeakerProtection: spkrProtProcessingMode: 2439: Opening CPS 
03-25 13:32:04.197  1261  5464 I PAL: PayloadBuilder: findKVs: 2512: key: 0xa3000000 value: 0xa300000e
03-25 13:32:04.197  1261  5464 I AGM: device: device_set_metadata: 707 Setting device metadata for CODEC_DMA-LPAIF_WSA-TX-2
03-25 13:32:04.197  1261  5464 D AGM: metadata: metadata_print: 79 *************************Metadata*************************
03-25 13:32:04.197  1261  5464 D AGM: metadata: metadata_print: 80 GKV size:1
03-25 13:32:04.197  1261  5464 D AGM: metadata: metadata_print: 83 key:0xa3000000, value:0xa300000e 
03-25 13:32:04.197  1261  5464 D AGM: metadata: metadata_print: 87 
03-25 13:32:04.197  1261  5464 D AGM: metadata: CKV count:1
03-25 13:32:04.197  1261  5464 D AGM: metadata: metadata_print: 90 key:0xe3000000, value:0x0 
03-25 13:32:04.197  1261  5464 D AGM: metadata: metadata_print: 92 
03-25 13:32:04.197  1261  5464 D AGM: metadata: metadata_print: 94 Property ID:134217744
03-25 13:32:04.197  1261  5464 D AGM: metadata: metadata_print: 95 property count:1
03-25 13:32:04.197  1261  5464 D AGM: metadata: metadata_print: 98 Property Values: 
03-25 13:32:04.197  1261  5464 D AGM: metadata: metadata_print: 100 0x2 
03-25 13:32:04.197  1261  5464 D AGM: metadata: metadata_print: 102 
03-25 13:32:04.197  1261  5464 D AGM: metadata: metadata_print: 103 ****************Metadata Done***************************
03-25 13:32:04.197  1261  5464 D AGM: metadata: 
03-25 13:32:04.197  1261  5464 I PAL: SessionAlsaUtils: setDeviceMediaConfig: 1048: CODEC_DMA-LPAIF_WSA-TX-2 rate ch fmt data_fmt 24000 1 10 1
03-25 13:32:04.197  1261  5464 I PAL: ResourceManager: allocateFrontEndIds: 6599: allocateFrontEndIds: front end 120
03-25 13:32:04.197  1261  5464 D agm_server_wrapper: Aif id 11 already added to session list of 120
03-25 13:32:04.197  1261  5464 I AGM: API: agm_session_aif_connect: 652 connecting aifid:11 with session id=120
03-25 13:32:04.198  1261  5464 I PAL: Device: updateCustomPayload: 405: customPayloadSize = 64
03-25 13:32:04.198  1261  5464 D agm_client_wrapper: agm_session_open called with handle = 1894f9a0 , *handle = 0
03-25 13:32:04.198  1261  5464 D AGM: device: device_open: 357 Unsupported PCM rate 24000 changing to default rate 48000
03-25 13:32:04.200  1261  5464 D AGM: graph: graph_open: 548 entry
03-25 13:32:04.200  1261  5464 D AGM: metadata: metadata_print: 79 *************************Metadata*************************
03-25 13:32:04.200  1261  5464 D AGM: metadata: metadata_print: 80 GKV size:1
03-25 13:32:04.201  1261  5464 D AGM: metadata: metadata_print: 83 key:0xa3000000, value:0xa300000e 
03-25 13:32:04.201  1261  5464 D AGM: metadata: metadata_print: 87 
03-25 13:32:04.201  1261  5464 D AGM: metadata: CKV count:1
03-25 13:32:04.201  1261  5464 D AGM: metadata: metadata_print: 90 key:0xe3000000, value:0x0 
03-25 13:32:04.201  1261  5464 D AGM: metadata: metadata_print: 92 
03-25 13:32:04.201  1261  5464 D AGM: metadata: metadata_print: 94 Property ID:134217744
03-25 13:32:04.201  1261  5464 D AGM: metadata: metadata_print: 95 property count:1
03-25 13:32:04.201  1261  5464 D AGM: metadata: metadata_print: 98 Property Values: 
03-25 13:32:04.201  1261  5464 D AGM: metadata: metadata_print: 100 0x2 
03-25 13:32:04.201  1261  5464 D AGM: metadata: metadata_print: 102 
03-25 13:32:04.201  1261  5464 D AGM: metadata: metadata_print: 103 ****************Metadata Done***************************
03-25 13:32:04.201  1261  5464 D AGM: metadata: 
03-25 13:32:04.201  1261  5464 E ACDB    : AcdbCmdGetGraphAlias:3933 Error[19]: Unable to find graph key vector. No matching key value pairs were found
03-25 13:32:04.201  1261  5464 E gsl     : gsl_get_graph_alias:2241 acdb get graph alias failed 19, len 255
03-25 13:32:04.201  1261  5464 D AGM: graph: print_graph_alias: 2325 gsl_get_graph_alias failed: ret = 19
03-25 13:32:04.201  1261  5464 D AGM: graph: graph_open: 676 miid 4617 mid 7001024 tag c0000005
03-25 13:32:04.201  1261  5464 I GPR:    : __gpr_cmd_register_v2:902 GPR Register: Source Port is 8210 heap_index: 0
03-25 13:32:04.203   288  1941 I audioadsprpcd: vendor/qcom/proprietary/adsprpc/src/apps_std_imp.c:984: Successfully opened file /vendor/dsp/adsp/cps_module.so.1
03-25 13:32:04.215  1261  5464 E ACDB    : AcdbCmdGetProcSubgraphCalDataPersist:8217 Error[19]: No calibration found
03-25 13:32:04.215  1261  5464 D AGM: graph: graph_open: 707 graph_handle 0x247534c
03-25 13:32:04.215  1261  5464 D AGM: graph: graph_open: 743 exit, ret 0
03-25 13:32:04.215  1261  5464 D agm_client_wrapper: agm_session_open Received handle = 0x7a1894f9a0 , *handle = b400007afce422d0
03-25 13:32:04.215  1261  5464 D PLUGIN: pcm: agm_pcm_hw_params: 477 agm_pcm_hw_params: mode: 268435456
03-25 13:32:04.215  1261  5464 D audio_route: Apply path: cps-feedback
03-25 13:32:04.215  1261  5464 D AGM: graph: graph_prepare: 804 entry graph_handle 0x247534c
03-25 13:32:04.215  1261  5464 D AGM: graph_module: configure_hw_ep_media_config: 697 entry mod tag c0000005 miid 4617 mid 7001024
03-25 13:32:04.215  1261  5464 D AGM: graph_module: configure_hw_ep_media_config: 727 rate 24000 bw 32 ch 1, data_fmt 1
03-25 13:32:04.216  1261  5464 D AGM: graph_module: configure_hw_ep_media_config: 737 exit, ret 0
03-25 13:32:04.216  1261  5464 D AGM: graph_module: configure_codec_dma_ep: 314 cdc_dma intf cfg lpaif 2 indx 3 ch_msk 1
03-25 13:32:04.217  1261  5464 D AGM: graph_module: configure_codec_dma_ep: 329 exit, ret 0
03-25 13:32:04.218  1261  5464 D AGM: graph: graph_prepare: 882 exit, ret 0
03-25 13:32:04.218  1261  5464 D AGM: graph: graph_start: 896 entry graph_handle 0x247534c
03-25 13:32:04.220  1261  5464 D AGM: graph: graph_start: 908 exit, ret 0
03-25 13:32:04.220  1261  5464 D AGM: graph: graph_start: 896 entry graph_handle 0x247534c
03-25 13:32:04.220  1261  5464 D AGM: graph: graph_start: 908 exit, ret 0
03-25 13:32:04.220  1261  5464 I PAL: SessionAlsaUtils: setDeviceMediaConfig: 1048: CODEC_DMA-LPAIF_WSA-RX-0 rate ch fmt data_fmt 48000 1 2 1
03-25 13:32:04.221  1261  5464 I PAL: ResourceManager: voteSleepMonitor: 1827: Voting done for nlpi use case, lpi votes 0, nlpi votes : 1
03-25 13:32:04.221  1261  5464 D agm_client_wrapper: agm_session_open called with handle = 18950c60 , *handle = 0
03-25 13:32:04.223  1261  5464 D AGM: graph: graph_open: 548 entry
03-25 13:32:04.223  1261  5464 D AGM: metadata: metadata_print: 79 *************************Metadata*************************
03-25 13:32:04.223  1261  5464 D AGM: metadata: metadata_print: 80 GKV size:4
03-25 13:32:04.223  1261  5464 D AGM: metadata: metadata_print: 83 key:0xa1000000, value:0xa100000e 
03-25 13:32:04.223  1261  5464 D AGM: metadata: metadata_print: 83 key:0xab000000, value:0x1 
03-25 13:32:04.223  1261  5464 D AGM: metadata: metadata_print: 83 key:0xa2000000, value:0xa2000001 
03-25 13:32:04.223  1261  5464 D AGM: metadata: metadata_print: 83 key:0xac000000, value:0xac000002 
03-25 13:32:04.223  1261  5464 D AGM: metadata: metadata_print: 87 
03-25 13:32:04.223  1261  5464 D AGM: metadata: CKV count:4
03-25 13:32:04.223  1261  5464 D AGM: metadata: metadata_print: 90 key:0xa4000000, value:0xf 
03-25 13:32:04.223  1261  5464 D AGM: metadata: metadata_print: 90 key:0xd2000000, value:0x0 
03-25 13:32:04.223  1261  5464 D AGM: metadata: metadata_print: 90 key:0xa9000000, value:0x1 
03-25 13:32:04.223  1261  5464 D AGM: metadata: metadata_print: 90 key:0xbe000000, value:0x1 
03-25 13:32:04.223  1261  5464 D AGM: metadata: metadata_print: 92 
03-25 13:32:04.224  1261  5464 D AGM: metadata: metadata_print: 94 Property ID:134217744
03-25 13:32:04.224  1261  5464 D AGM: metadata: metadata_print: 95 property count:4
03-25 13:32:04.224  1261  5464 D AGM: metadata: metadata_print: 98 Property Values: 
03-25 13:32:04.224  1261  5464 D AGM: metadata: metadata_print: 100 0x1 
03-25 13:32:04.224  1261  5464 D AGM: metadata: metadata_print: 100 0x3 
03-25 13:32:04.224  1261  5464 D AGM: metadata: metadata_print: 100 0x2 
03-25 13:32:04.224  1261  5464 D AGM: metadata: metadata_print: 100 0x5 
03-25 13:32:04.224  1261  5464 D AGM: metadata: metadata_print: 102 
03-25 13:32:04.224  1261  5464 D AGM: metadata: metadata_print: 103 ****************Metadata Done***************************
03-25 13:32:04.224  1261  5464 D AGM: metadata: 
03-25 13:32:04.224  1261  5464 D AGM: graph: print_graph_alias: 2328 GKV Alias 142 | StreamRX_PCM_LL_Playback_DeviceRX_Speaker_Instance_Instance_1_DevicePP_Rx_Audio_MBDRC
03-25 13:32:04.224  1261  5464 D AGM: graph: graph_open: 628 miid 40bd mid 7001000 tag c0000002
03-25 13:32:04.224  1261  5464 D AGM: graph: graph_open: 676 miid 43b1 mid 7001023 tag c0000004
03-25 13:32:04.242  5464  5464 I adsp_sleepmon: Audio: num_sessions=1,num_lpi_sessions=0,timer_pending=0
03-25 13:32:04.224  1261  5464 D AGM: graph: graph_open: 628 miid 40c4 mid 7001019 tag c0000006
03-25 13:32:04.225  1261  5464 D AGM: graph: graph_open: 628 miid 40bf mid 7001005 tag c000000e
03-25 13:32:04.225  1261  5464 D AGM: graph: graph_open: 628 miid 40c0 mid 7001003 tag c0000010
03-25 13:32:04.225  1261  5464 D AGM: graph: graph_open: 628 miid 4165 mid 7001032 tag c0000013
03-25 13:32:04.225  1261  5464 I GPR:    : __gpr_cmd_register_v2:902 GPR Register: Source Port is 8211 heap_index: 0
03-25 13:32:04.227   288  1941 I audioadsprpcd: vendor/qcom/proprietary/adsprpc/src/apps_std_imp.c:984: Successfully opened file /vendor/dsp/adsp/CFCM.so.1
03-25 13:32:04.234  1261  5464 E ACDB    : AcdbCmdGetProcSubgraphCalDataPersist:8217 Error[19]: No calibration found
03-25 13:32:04.234  1261  5464 E ACDB    : AcdbCmdGetProcSubgraphCalDataPersist:8217 Error[19]: No calibration found
03-25 13:32:04.235  1261  5464 E ACDB    : AcdbCmdGetProcSubgraphCalDataPersist:8217 Error[19]: No calibration found
03-25 13:32:04.235  1261  5464 E ACDB    : AcdbCmdGetProcSubgraphCalDataPersist:8217 Error[19]: No calibration found
03-25 13:32:04.235  1261  5464 D AGM: graph: graph_open: 707 graph_handle 0x347534c
03-25 13:32:04.235  1261  5464 D AGM: graph: graph_open: 743 exit, ret 0
03-25 13:32:04.235  1261  5464 D AGM: graph: graph_set_config: 1105 entry graph_handle 0x347534c
03-25 13:32:04.235  1261  5464 D AGM: graph: graph_set_config: 1113 exit, graph handle 0x347534c, ret 0
03-25 13:32:04.235  1261  5464 D agm_client_wrapper: agm_session_open Received handle = 0x7a18950c60 , *handle = b400007afce40a50
03-25 13:32:04.235  1261  5464 D PLUGIN: pcm: agm_pcm_hw_params: 477 agm_pcm_hw_params: mode: 0
03-25 13:32:04.236  1261  5464 I PAL: Session: updateCustomPayload: 619: customPayloadSize = 32
03-25 13:32:04.236  1261  5464 D AGM: graph: graph_set_config: 1105 entry graph_handle 0x347534c
03-25 13:32:04.236  1261  5464 D AGM: graph: graph_set_config: 1113 exit, graph handle 0x347534c, ret 0
03-25 13:32:04.236  1261  5464 D AGM: graph: graph_prepare: 804 entry graph_handle 0x347534c
03-25 13:32:04.236  1261  5464 D AGM: graph_module: configure_pcm_shared_mem_ep: 1660 entry mod tag c0000002 miid 40bd mid 7001000
03-25 13:32:04.237  1261  5464 D AGM: graph_module: configure_pcm_shared_mem_ep: 1736 exit, ret 0
03-25 13:32:04.237  1261  5464 D AGM: graph_module: configure_hw_ep_media_config: 697 entry mod tag c0000004 miid 43b1 mid 7001023
03-25 13:32:04.237  1261  5464 D AGM: graph_module: configure_hw_ep_media_config: 727 rate 48000 bw 16 ch 1, data_fmt 1
03-25 13:32:04.237  1261  5464 D AGM: graph_module: configure_hw_ep_media_config: 737 exit, ret 0
03-25 13:32:04.238  1261  5464 D AGM: graph_module: configure_codec_dma_ep: 314 cdc_dma intf cfg lpaif 2 indx 1 ch_msk 1
03-25 13:32:04.238  1261  5464 D AGM: graph_module: configure_codec_dma_ep: 329 exit, ret 0
03-25 13:32:04.238  1261  5464 D AGM: graph_module: configure_output_media_format: 820 entry mod tag c000000e miid 40bf mid 7001005
03-25 13:32:04.239  1261  5464 D AGM: graph_module: configure_output_media_format: 951 exit, ret 0
03-25 13:32:04.239  1261  5464 D AGM: graph_module: configure_output_media_format: 820 entry mod tag c0000010 miid 40c0 mid 7001003
03-25 13:32:04.239  1261  5464 D AGM: graph_module: configure_output_media_format: 951 exit, ret 0
03-25 13:32:04.239  1261  5464 D AGM: graph_module: configure_spr: 1864 SPR module IID 4165
03-25 13:32:04.239  1261  5464 D AGM: graph_module: configure_spr: 1887 HW EP module IID 43b1
03-25 13:32:04.240  1261  5464 D AGM: graph: configure_buffer_params: 199 Enter
03-25 13:32:04.240  1261  5464 D AGM: graph: configure_buffer_params: 262 Playback sess buf_sz 768 num_bufs 2
03-25 13:32:04.240  1261  5464 E AGM: graph: configure_buffer_params: 295 Unsupported buffer mode : 0, Default to Blocking
03-25 13:32:04.240  1261  5464 D AGM: graph: configure_buffer_params: 315 exit, ret 0
03-25 13:32:04.243  1261  5464 D AGM: graph: graph_prepare: 882 exit, ret 0
03-25 13:32:04.243  1261  5464 D AGM: graph: graph_start: 896 entry graph_handle 0x347534c
03-25 13:32:04.247  1261  5464 D AGM: graph: graph_start: 908 exit, ret 0
03-25 13:32:04.247  1261  5464 D AGM: graph: graph_start: 896 entry graph_handle 0x347534c
03-25 13:32:04.247  1261  5464 D AGM: graph: graph_start: 908 exit, ret 0
03-25 13:32:04.255  5665  7422 I RemoteProvisioner: Pool status 0, 0, 0, 6
03-25 13:32:04.256  5665  7422 I RemoteProvisioningService: Pool status.
03-25 13:32:04.256  5665  7422 I RemoteProvisioningService: Total: 6
03-25 13:32:04.256  5665  7422 I RemoteProvisioningService: Attested: 0
03-25 13:32:04.256  5665  7422 I RemoteProvisioningService: Unassigned: 0
03-25 13:32:04.256  5665  7422 I RemoteProvisioningService: Expiring: 0
03-25 13:32:04.256  5665  7422 I RemoteProvisioningService: Need to generate 6 keys.
03-25 13:32:04.257   903   942 D DrmLibTime: got the req here! ret=0
03-25 13:32:04.258   903   942 D DrmLibTime: command id, time_cmd_id = 770
03-25 13:32:04.258   903   942 D DrmLibTime: time_getutcsec starts!
03-25 13:32:04.258   903   942 D DrmLibTime: QSEE Time Listener: time_getutcsec
03-25 13:32:04.258   903   942 D DrmLibTime: QSEE Time Listener: get_utc_seconds
03-25 13:32:04.258   903   942 D DrmLibTime: QSEE Time Listener: time_get_modem_time
03-25 13:32:04.258   903   942 D DrmLibTime: QSEE Time Listener: Checking if ATS_MODEM is set or not.
03-25 13:32:04.258   903   942 D QC-time-services: Lib:time_genoff_operation: pargs->base = 13
03-25 13:32:04.258   903   942 D QC-time-services: Lib:time_genoff_operation: pargs->operation = 2
03-25 13:32:04.258   903   942 D QC-time-services: Lib:time_genoff_operation: pargs->ts_val = 0
03-25 13:32:04.258   903   942 D QC-time-services: Lib:time_genoff_operation: Send to server  passed!!
03-25 13:32:04.258  1126  1145 D QC-time-services: Daemon: Connection accepted:time_genoff
03-25 13:32:04.259  1126  7666 D QC-time-services: Daemon:Received base = 13, unit = 1, operation = 2,value = 0
03-25 13:32:04.259  1126  7666 D QC-time-services: Daemon:genoff_opr: Base = 13, val = 0, operation = 2
03-25 13:32:04.259  1126  7666 D QC-time-services: offset is: 0 for base: 13
03-25 13:32:04.259   903   942 E QC-time-services: Receive Passed == base = 13, unit = 1, operation = 2, result = 0
03-25 13:32:04.259   903   942 D DrmLibTime: QSEE Time Listener: ATS_MODEM is not set. Fallback to Android system time.
03-25 13:32:04.259   903   942 D DrmLibTime: QSEE Time Listener: Retrieved Android system time: 1711344724
03-25 13:32:04.259   903   942 D DrmLibTime: time_getutcsec returns 0, sec = 1711344724; nsec = 0
03-25 13:32:04.259   903   942 D DrmLibTime: time_getutcsec finished! 
03-25 13:32:04.259   903   942 D DrmLibTime: iotcl_continue_command finished! and return 0 
03-25 13:32:04.259   903   942 D DrmLibTime: before calling ioctl to read the next time_cmd
03-25 13:32:04.260  1126  1145 E QC-time-services: Daemon: Time-services: Waiting to acceptconnection
03-25 13:32:04.284  1261  5464 I PAL: API: pal_stream_start: 374: Exit. status 0
03-25 13:32:04.284  1261  5464 I AHAL: AudioStream: configurePalOutputStream: 3482: notify GEF client of device config
03-25 13:32:04.284  1261  5464 D generic_effect_ar: gef_device_config_cb: stream type=6 sample_rate=48000 device=2
03-25 13:32:04.284  1261  5464 D AHAL: AudioStream: ~AutoPerfLock: 175: (release) perf_lock_handle: 0x212, count: 1
03-25 13:32:04.284  1261  5464 D AHAL: AudioStream: ~AutoPerfLock: 179: Releasing perf_lock_handle: 0x212
03-25 13:32:04.503  1513  1693 W TransactionTracing: Could not find layer id -1
03-25 13:32:04.504  1513  1693 W TransactionTracing: Could not find layer id -1
03-25 13:32:04.504  1513  1693 W TransactionTracing: Could not find layer id -1
03-25 13:32:04.519  5665  5665 W TcmReceiver: type=1400 audit(0.0:362): avc: denied { write } for name="tcmd" dev="tmpfs" ino=1348 scontext=u:r:remote_prov_app:s0:c102,c256,c512,c768 tcontext=u:object_r:vendor_dpmtcm_socket:s0 tclass=sock_file permissive=0 app=com.android.remoteprovisioner
03-25 13:32:04.576  2075  2707 D ActivityTrigger: ActivityTrigger activityPauseTrigger 
03-25 13:32:04.579  1300  1300 I sensors-hal: activate:119, android.sensor.device_orientation/272 en=0
03-25 13:32:04.579  1300  1300 I sensors-hal: send_sync_sensor_request:414, send sync request
03-25 13:32:04.579  1300  1300 I sensors-hal: send_sync_sensor_request:424, send_sync_sensor_request before send_request for device_orient with SUID low=16650122606157002411 high=3746546065547073961
03-25 13:32:04.579  1300  1300 I sensors-hal: send_request:330, send_request start this=0xb4000071a1254350x 
03-25 13:32:04.580  1300  1300 I sensors-hal: send_request:415, send_request completed, this=0xb4000071a1254350x
03-25 13:32:04.580  1300  1300 I sensors-hal: send_sync_sensor_request:443, wait for notification of response
03-25 13:32:04.581  1300  3340 I sensors-hal: ssc_conn_resp_cb:721, resp_value = 0 for device_orient 
03-25 13:32:04.581  1300  3340 I sensors-hal: handle_resp_cb:517, handle_resp_cb Ended this=0xb4000071a1254350x
03-25 13:32:04.582  3305  3305 D CentralSurfaces: updateQsExpansionEnabled - QS Expand enabled: true
03-25 13:32:04.582  1300  1300 I sensors-hal: send_sync_sensor_request:449, takes 2 ms to receive the response with 0
03-25 13:32:04.582  1300  1300 I sensors-hal: activate:130, android.sensor.device_orientation/272 en=0 completed
03-25 13:32:04.584  1513  1513 D SurfaceFlinger: Setting power mode 0 on display 4630946485866599555
03-25 13:32:04.585  1417  1640 I SDM     : HWCDisplay::SetPowerMode: display = 0, mode = Off
03-25 13:32:04.585  1417  1640 I SDM     : DisplayBase::SetDisplayState: Set state = 0, display 65-0, teardown = 0
03-25 13:32:04.585  1417  1640 I SDM     : DRMPanelFeatureMgr::MarkForNullCommit: Marked 7 for null commit
03-25 13:32:04.586  1417  1640 I SDM     : HWDeviceDRM::NullCommit: Null commit succeeded crtc=171
03-25 13:32:04.586  1417  1640 I SDM     : DisplayBase::WaitForCompletion: Wait for cached retire fence to be in steady state
03-25 13:32:04.591  2075  2504 I InputManager-JNI: Viewport [0] to add: local:4630946485866599555, isActive: false
03-25 13:32:04.597  1734  1734 E         : [LCM] Backlight Turn OFF
03-25 13:32:04.608   873   873 I qts_panel_notifier_callback: qts touch panel Notification type:1, early_trigger:1
03-25 13:32:04.608   177   177 I         : [GTP-INF][goodix_ts_suspend:1856] Suspend start
03-25 13:32:04.608   177   177 I         : [GTP-INF][goodix_generic_noti_callback:2096] notify event type 0x3
03-25 13:32:04.591   998   998 W binder:998_7: type=1400 audit(0.0:363): avc: denied { read } for name="wakeup12" dev="sysfs" ino=104462 scontext=u:r:system_suspend:s0 tcontext=u:object_r:sysfs:s0 tclass=dir permissive=0
