03-20 02:39:46.499  2075  2550 I am_pss  : [3623,10127,com.qti.qcc,8643584,4427776,2035712,101679104,0,0,6]
03-20 02:39:46.508  2075  2550 I am_pss  : [3602,1001,com.android.phone,31230976,19628032,5574656,140017664,0,0,7]
03-20 02:39:46.515  2075  2550 I am_pss  : [3584,1068,com.android.se,5712896,2453504,1687552,93990912,0,0,6]
03-20 02:39:46.522  2075  2550 I am_pss  : [3565,10110,org.codeaurora.ims,9580544,5263360,1757184,105013248,0,0,6]
03-20 02:39:46.530  2075  2550 I am_pss  : [3558,1000,vendor.qti.qesdk.sysservice,5064704,1716224,1912832,90787840,0,0,6]
03-20 02:39:46.536  2075  2550 I am_pss  : [3528,10098,com.qualcomm.qtil.aptxals,8412160,4698112,1863680,100163584,0,0,6]
03-20 02:39:46.542  2075  2550 I am_pss  : [3520,10130,com.qualcomm.qtil.aptxacu,7515136,4644864,1482752,92762112,0,0,6]
03-20 02:39:46.551  2075  2550 I am_pss  : [3510,10068,.qms,5800960,2662400,1527808,95277056,0,0,6]
03-20 02:39:46.557  2075  2550 I am_pss  : [3465,10082,com.qti.phone,9885696,6225920,1585152,102105088,0,0,6]
03-20 02:39:46.565  2075  2550 I am_pss  : [3437,10064,.qtidataservices,8498176,4833280,1855488,99758080,0,0,6]
03-20 02:39:46.700  2075  4406 I wm_wallpaper_surface: [0,0,null]
03-20 02:39:46.703  2075  2504 I wm_stop_activity: [0,100312795,com.android.launcher3/.uioverrides.QuickstepLauncher]
03-20 02:39:46.715  3902  3902 I wm_on_stop_called: [100312795,com.android.launcher3.uioverrides.QuickstepLauncher,STOP_ACTIVITY_ITEM]
03-20 02:39:50.787  2075  3142 I input_interaction: Interaction with: 9644346 NavigationBar0 (server), PointerEventDispatcher0 (server), 
03-20 02:39:50.797  3305  3305 I sysui_multi_action: [757,931,758,4,759,3,932,0,933,0]
03-20 02:39:50.841  3305  3305 I sysui_multi_action: [757,931,758,4,759,3,932,0,933,1]
03-20 02:39:50.854  2075  2502 I wm_task_moved: [1,1,2]
03-20 02:39:50.854  2075  2502 I wm_task_moved: [15,1,2147483647]
03-20 02:39:50.854  2075  2502 I wm_task_to_front: [0,15]
03-20 02:39:50.854  2075  2502 I wm_focused_root_task: [0,0,1,16,bringingFoundTaskToFront]
03-20 02:39:50.854  3653  3653 I wm_on_top_resumed_lost_called: [2049777,com.android.settings.Settings,topStateChangedWhenResumed]
03-20 02:39:50.854  2075  2502 I wm_set_resumed_activity: [0,com.android.launcher3/.uioverrides.QuickstepLauncher,bringingFoundTaskToFront]
03-20 02:39:50.855  2075  2502 I wm_new_intent: [0,100312795,15,com.android.launcher3/.uioverrides.QuickstepLauncher,android.intent.action.MAIN,NULL,NULL,268435712]
03-20 02:39:50.855  2075  2502 I wm_pause_activity: [0,2049777,com.android.settings/.Settings,userLeaving=true,pauseBackTasks]
03-20 02:39:50.856  2075  2502 I wm_add_to_stopping: [0,2049777,com.android.settings/.Settings,makeInvisible]
03-20 02:39:50.856  2075  2501 I sysui_multi_action: [757,803,799,window_time_0,802,5]
03-20 02:39:50.857  2075  2502 I wm_set_resumed_activity: [0,com.android.launcher3/.uioverrides.QuickstepLauncher,resumeTopActivity - onActivityStateChanged]
03-20 02:39:50.858  2075  2502 I wm_resume_activity: [0,100312795,15,com.android.launcher3/.uioverrides.QuickstepLauncher]
03-20 02:39:50.859  3902  3902 I wm_on_restart_called: [100312795,com.android.launcher3.uioverrides.QuickstepLauncher,performRestartActivity]
03-20 02:39:50.860  3902  3902 I wm_on_start_called: [100312795,com.android.launcher3.uioverrides.QuickstepLauncher,handleStartActivity]
03-20 02:39:50.861  2075  2505 I input_focus: [Requesting to set focus to null window,reason=UpdateInputWindows]
03-20 02:39:50.862  3902  3902 I wm_on_resume_called: [100312795,com.android.launcher3.uioverrides.QuickstepLauncher,RESUME_ACTIVITY]
03-20 02:39:50.866  3653  3653 I sysui_multi_action: [757,35,758,2,1089,4638]
03-20 02:39:50.867  3653  3653 I wm_on_paused_called: [2049777,com.android.settings.Settings,performPause]
03-20 02:39:50.878  2075  2505 I input_focus: [Focus request 8f1e48f com.android.launcher3/com.android.launcher3.uioverrides.QuickstepLauncher,reason=UpdateInputWindows]
03-20 02:39:50.884  2075  2505 I wm_wallpaper_surface: [0,1,Window{8f1e48f u0 com.android.launcher3/com.android.launcher3.uioverrides.QuickstepLauncher}]
03-20 02:39:50.884  3902  3902 I wm_on_top_resumed_gained_called: [100312795,com.android.launcher3.uioverrides.QuickstepLauncher,topStateChangedWhenResumed]
03-20 02:39:50.891  2075  3142 I input_focus: [Focus leaving 52b6c6c com.android.settings/com.android.settings.Settings (server),reason=NO_WINDOW]
03-20 02:39:50.900  2075  2501 I sysui_multi_action: [319,46,322,34,325,173,757,761,758,9,759,2,806,com.android.launcher3,871,com.android.launcher3.uioverrides.QuickstepLauncher,905,0,1320,4,1321,23]
03-20 02:39:50.924  2075  3142 I input_focus: [Focus entering 8f1e48f com.android.launcher3/com.android.launcher3.uioverrides.QuickstepLauncher (server),reason=Window became focusable. Previous reason: NOT_VISIBLE]
03-20 02:39:51.255  2075  2504 I wm_stop_activity: [0,2049777,com.android.settings/.Settings]
03-20 02:39:51.285  3653  3653 I wm_on_stop_called: [2049777,com.android.settings.Settings,STOP_ACTIVITY_ITEM]
03-20 02:39:56.498  2075  3093 I am_compact: [5622,com.android.permissioncontroller,anon,101916,55536,45440,3444,-4192,0,-4192,4192,94,2,82359,905,19,3756284,-4096]
03-20 02:40:06.039  2075  3142 I input_interaction: Interaction with: 8f1e48f com.android.launcher3/com.android.launcher3.uioverrides.QuickstepLauncher (server), 991a3a1 com.android.systemui.wallpapers.ImageWallpaper (server), PointerEventDispatcher0 (server), 
03-20 02:40:41.111  2075  3142 I input_interaction: Interaction with: 8f1e48f com.android.launcher3/com.android.launcher3.uioverrides.QuickstepLauncher (server), 991a3a1 com.android.systemui.wallpapers.ImageWallpaper (server), 9644346 NavigationBar0 (server), PointerEventDispatcher0 (server), 
03-20 02:40:41.116  3305  3305 I sysui_multi_action: [757,931,758,4,759,4,932,0,933,0]
03-20 02:40:41.122  3305  3305 I sysui_multi_action: [757,931,758,4,759,4,932,0,933,1]
03-20 02:40:41.126  2075  3358 I sysui_multi_action: [757,803,799,key_back_press,802,1]
03-20 02:40:41.131  2075  3142 I input_interaction: Interaction with: 8f1e48f com.android.launcher3/com.android.launcher3.uioverrides.QuickstepLauncher (server), PointerEventDispatcher0 (server), 
03-20 02:40:43.371  2075  3358 I sysui_multi_action: [757,1417,758,4,1418,98,1421,2]
03-20 02:40:43.371  2075  3358 I battery_status: [3,2,1,2,Li-ion]
03-20 02:40:43.395  2075  2075 I battery_saving_stats: [0,1,0,81315,2685,0,81315,2685,0]
03-20 02:40:43.413  2075  2555 I am_wtf  : [0,2075,system_server,-1,Binder,Outgoing transactions from this process must be FLAG_ONEWAY]
03-20 02:40:43.447   998   998 I auditd  : type=1400 audit(0.0:304): avc: denied { read } for comm="binder:998_6" name="wakeup12" dev="sysfs" ino=104462 scontext=u:r:system_suspend:s0 tcontext=u:object_r:sysfs:s0 tclass=dir permissive=0
03-20 02:40:43.459   998   998 I auditd  : type=1400 audit(0.0:305): avc: denied { read } for comm="binder:998_6" name="wakeup11" dev="sysfs" ino=104115 scontext=u:r:system_suspend:s0 tcontext=u:object_r:sysfs:s0 tclass=dir permissive=0
03-20 02:40:43.659  2075  3358 I battery_status: [2,2,1,2,Li-ion]
03-20 02:40:43.722  2075  2550 I commit_sys_config_file: [batterystats,17]
03-20 02:40:43.727  2075  2550 I commit_sys_config_file: [batterystats,4]
03-20 02:40:43.932  2075  3358 I sysui_multi_action: [757,1417,758,5,1418,98,1419,98,1420,559,1421,2]
03-20 02:40:43.933  2075  3358 I battery_status: [3,2,1,0,Li-ion]
03-20 02:40:43.941  2075  2075 I battery_saving_stats: [0,1,0,546,0,0,127167,1791,0]
03-20 02:40:43.999   998   998 I auditd  : type=1400 audit(0.0:306): avc: denied { read } for comm="binder:998_6" name="wakeup12" dev="sysfs" ino=104462 scontext=u:r:system_suspend:s0 tcontext=u:object_r:sysfs:s0 tclass=dir permissive=0
03-20 02:40:44.011   998   998 I auditd  : type=1400 audit(0.0:307): avc: denied { read } for comm="binder:998_6" name="wakeup11" dev="sysfs" ino=104115 scontext=u:r:system_suspend:s0 tcontext=u:object_r:sysfs:s0 tclass=dir permissive=0
03-20 02:40:44.061  2075  2075 I notification_enqueue: [1000,2075,android,32,NULL,-1,Notification(channel=USB shortcut=null contentView=null vibrate=null sound=null tick defaults=0x0 flags=0x802 color=0x00000000 vis=PUBLIC),0]
03-20 02:40:44.062  2075  2550 I dvm_lock_sample: [system_server,0,android.bg,35,AppProfiler.java,1833,void com.android.server.am.AppProfiler.updateCpuStatsNow(),BatteryUsageStatsProvider.java,133,java.util.List com.android.internal.os.BatteryUsageStatsProvider.getBatteryUsageStats(java.util.List),7]
03-20 02:40:44.063  2075  2075 I notification_enqueue: [1000,2075,android,26,NULL,-1,Notification(channel=DEVELOPER_IMPORTANT shortcut=null contentView=null vibrate=null sound=null tick defaults=0x0 flags=0x802 color=0x00000000 vis=PUBLIC),0]
03-20 02:40:44.104  2075  2550 I commit_sys_config_file: [batterystats,18]
03-20 02:40:44.107  2075  2550 I commit_sys_config_file: [batterystats,2]
03-20 02:40:44.139   998   998 I auditd  : type=1400 audit(0.0:308): avc: denied { read } for comm="binder:998_6" name="wakeup12" dev="sysfs" ino=104462 scontext=u:r:system_suspend:s0 tcontext=u:object_r:sysfs:s0 tclass=dir permissive=0
03-20 02:40:44.153  2075  4456 I sysui_multi_action: [757,1417,758,4,1418,98,1421,2]
03-20 02:40:44.153  2075  4456 I battery_status: [3,2,1,2,Li-ion]
03-20 02:40:44.155   998   998 I auditd  : type=1400 audit(0.0:309): avc: denied { read } for comm="binder:998_6" name="wakeup11" dev="sysfs" ino=104115 scontext=u:r:system_suspend:s0 tcontext=u:object_r:sysfs:s0 tclass=dir permissive=0
03-20 02:40:44.163  2075  2075 I battery_saving_stats: [0,1,0,222,0,0,81537,2685,0]
03-20 02:40:44.223   998   998 I auditd  : type=1400 audit(0.0:310): avc: denied { read } for comm="binder:998_1" name="wakeup12" dev="sysfs" ino=104462 scontext=u:r:system_suspend:s0 tcontext=u:object_r:sysfs:s0 tclass=dir permissive=0
03-20 02:40:44.239   998   998 I auditd  : type=1400 audit(0.0:311): avc: denied { read } for comm="binder:998_1" name="wakeup11" dev="sysfs" ino=104115 scontext=u:r:system_suspend:s0 tcontext=u:object_r:sysfs:s0 tclass=dir permissive=0
03-20 02:40:44.263  2075  2075 I sysui_multi_action: [757,1501,758,1,793,204,794,0,795,204,796,32,806,android,857,USB,858,1,947,0,1500,0]
03-20 02:40:44.263  2075  2075 I sysui_multi_action: [757,804,799,note_interruptive,801,0,802,1]
03-20 02:40:44.272  2075  2075 I sysui_multi_action: [757,1501,758,1,793,212,794,0,795,212,796,26,806,android,857,DEVELOPER_IMPORTANT,858,4,947,0,1500,0]
03-20 02:40:44.272  2075  2075 I sysui_multi_action: [757,804,799,note_interruptive,801,0,802,1]
03-20 02:40:44.273  2075  2075 I sysui_multi_action: [757,1501,758,1,793,213,794,0,795,213,796,26,806,android,857,DEVELOPER_IMPORTANT,858,4,947,0,1500,0,1688,1]
03-20 02:40:44.273  2075  2075 I sysui_multi_action: [757,804,799,note_interruptive,801,0,802,1]
03-20 02:40:44.273  2075  2075 I sysui_multi_action: [757,199,758,1,759,2,793,213,794,0,795,213,796,26,806,android,857,DEVELOPER_IMPORTANT,858,4,947,0,1500,0,1688,1]
03-20 02:40:44.273  2075  2075 I notification_alert: [-1|android|26|null|1000,0,1,0]
03-20 02:40:44.276  2075  2075 I notification_autogrouped: -1|android|32|null|1000
03-20 02:40:44.276  2075  2075 I notification_autogrouped: -1|android|26|null|1000
03-20 02:40:44.276  2075  2075 I notification_enqueue: [1000,2075,android,2147483647,ranker_group,-1,Notification(channel=USB shortcut=null contentView=null vibrate=null sound=null defaults=0x0 flags=0x702 color=0x00000000 groupKey=ranker_group vis=PRIVATE),0]
03-20 02:40:44.277  2075  3249 I notification_adjusted: [-1|android|26|null|1000,key_group_key,ranker_group]
03-20 02:40:44.279  2075  3249 I notification_adjusted: [-1|android|32|null|1000,key_group_key,ranker_group]
03-20 02:40:44.321  3305  3305 I sysui_multi_action: [757,803,799,note_peek,802,1]
03-20 02:40:44.329  2075  3359 I sysui_multi_action: [757,127,758,1]
03-20 02:40:44.330  2075  3359 I sysui_multi_action: [757,804,799,note_load,801,1,802,1]
03-20 02:40:44.330  2075  3359 I notification_panel_revealed: 1
03-20 02:40:44.331  3305  3305 I sysui_heads_up_status: [-1|android|26|null|1000,1]
03-20 02:40:44.494  2075  3359 I battery_status: [2,2,1,2,Li-ion]
03-20 02:40:44.834  2075  4454 I sysui_multi_action: [757,128,758,1,793,774,794,0,795,774,796,26,798,0,806,android,857,DEVELOPER_IMPORTANT,858,4,946,ranker_group,947,0,1395,2,1500,561,1688,1]
03-20 02:40:44.834  2075  4454 I sysui_multi_action: [757,1501,758,1,793,774,794,0,795,774,796,26,806,android,857,DEVELOPER_IMPORTANT,858,4,946,ranker_group,947,0,1500,0,1688,1]
03-20 02:40:44.834  2075  4454 I sysui_multi_action: [757,804,799,note_interruptive,801,0,802,1]
03-20 02:40:44.834  2075  4454 I sysui_multi_action: [757,804,799,note_freshness,801,774,802,1]
03-20 02:40:44.834  2075  4454 I notification_visibility: [-1|android|26|null|1000,1,774,774,0,0]
03-20 02:40:47.791  6192  6192 I auditd  : type=1400 audit(0.0:312): avc: denied { getattr } for comm="remount" name="/" dev="sde6" ino=1 scontext=u:r:su:s0 tcontext=u:object_r:firmware_file:s0 tclass=filesystem permissive=1
03-20 02:40:47.795  6192  6192 I auditd  : type=1400 audit(0.0:313): avc: denied { getattr } for comm="remount" name="/" dev="sde7" ino=1 scontext=u:r:su:s0 tcontext=u:object_r:bt_firmware_file:s0 tclass=filesystem permissive=1
03-20 02:40:50.036  3305  3305 I sysui_heads_up_status: [-1|android|26|null|1000,0]
03-20 02:40:50.081  2075  3199 I sysui_multi_action: [757,128,758,2,793,6021,794,5247,795,6021,796,26,798,0,806,android,857,DEVELOPER_IMPORTANT,858,4,946,ranker_group,947,0,1395,2,1500,5247,1688,1]
03-20 02:40:50.081  2075  3199 I notification_visibility: [-1|android|26|null|1000,0,6021,6021,0,0]
03-20 02:40:50.082  2075  3199 I sysui_multi_action: [757,127,758,2]
03-20 02:40:50.082  2075  3199 I notification_panel_hidden: 
03-20 02:40:51.270  2075  2555 I am_uid_idle: 10138
03-20 02:42:26.304  2075  3142 I input_interaction: Interaction with: 8f1e48f com.android.launcher3/com.android.launcher3.uioverrides.QuickstepLauncher (server), 991a3a1 com.android.systemui.wallpapers.ImageWallpaper (server), PointerEventDispatcher0 (server), 
03-20 02:42:27.686  2075  3199 I wm_task_moved: [16,1,2]
03-20 02:42:27.686  2075  3199 I wm_task_to_front: [0,16]
03-20 02:42:27.687  2075  3199 I wm_focused_root_task: [0,0,16,1,bringingFoundTaskToFront]
03-20 02:42:27.688  2075  3199 I wm_set_resumed_activity: [0,com.android.settings/.Settings,bringingFoundTaskToFront]
03-20 02:42:27.688  2075  3199 I wm_new_intent: [0,2049777,16,com.android.settings/.Settings,android.intent.action.MAIN,NULL,NULL,270532608]
03-20 02:42:27.690  2075  3199 I wm_pause_activity: [0,100312795,com.android.launcher3/.uioverrides.QuickstepLauncher,userLeaving=true,pauseBackTasks]
03-20 02:42:27.694  2075  2505 I input_focus: [Requesting to set focus to null window,reason=UpdateInputWindows]
03-20 02:42:27.696  3902  3902 I wm_on_top_resumed_lost_called: [100312795,com.android.launcher3.uioverrides.QuickstepLauncher,topStateChangedWhenResumed]
03-20 02:42:27.696  3902  3902 I wm_on_paused_called: [100312795,com.android.launcher3.uioverrides.QuickstepLauncher,performPause]
03-20 02:42:27.702  2075  3359 I wm_set_resumed_activity: [0,com.android.settings/.Settings,resumeTopActivity - onActivityStateChanged]
03-20 02:42:27.703  2075  3359 I wm_add_to_stopping: [0,100312795,com.android.launcher3/.uioverrides.QuickstepLauncher,makeInvisible]
03-20 02:42:27.703  2075  3359 I wm_resume_activity: [0,2049777,16,com.android.settings/.Settings]
03-20 02:42:27.704  2075  2501 I sysui_multi_action: [757,803,799,window_time_0,802,157]
03-20 02:42:27.705  3653  3653 I wm_on_restart_called: [2049777,com.android.settings.Settings,performRestartActivity]
03-20 02:42:27.709  3653  3653 I wm_on_start_called: [2049777,com.android.settings.Settings,handleStartActivity]
03-20 02:42:27.710  3653  3653 I snet_event_log: [120484087,-1,]
03-20 02:42:27.710  3653  3653 I wm_on_resume_called: [2049777,com.android.settings.Settings,RESUME_ACTIVITY]
03-20 02:42:27.711  3653  3653 I sysui_multi_action: [757,35,758,1,833,0,1089,0]
03-20 02:42:27.714  2075  3142 I input_focus: [Focus leaving 8f1e48f com.android.launcher3/com.android.launcher3.uioverrides.QuickstepLauncher (server),reason=Waiting for window because NOT_FOCUSABLE]
03-20 02:42:27.714  2075  2550 I am_pss  : [3902,10101,com.android.launcher3,88096768,76292096,0,223956992,0,2,9]
03-20 02:42:27.714  3653  3653 I wm_on_top_resumed_gained_called: [2049777,com.android.settings.Settings,topWhenResuming]
03-20 02:42:27.720  2075  2505 I input_focus: [Focus request 52b6c6c com.android.settings/com.android.settings.Settings,reason=UpdateInputWindows]
03-20 02:42:27.724  2075  2550 I am_pss  : [4994,10122,com.qualcomm.qtil.btdsda,5480448,667648,3158016,93020160,0,19,6]
03-20 02:42:27.727  2075  4406 I am_uid_active: 10138
03-20 02:42:27.730  2075  2501 I sysui_multi_action: [319,55,321,51,322,58,325,329,757,761,758,9,759,4,806,com.android.settings,871,com.android.settings.Settings,904,com.android.launcher3,905,0,1320,4,1321,23]
03-20 02:42:27.735  2075  2550 I am_pss  : [5919,10067,com.qualcomm.qti.qms.service.trustzoneaccess,5440512,2289664,1576960,91303936,0,19,6]
03-20 02:42:27.745  2075  2550 I am_pss  : [5644,10039,com.android.providers.calendar,6876160,1605632,3522560,96395264,0,19,6]
03-20 02:42:27.753  2075  2550 I am_pss  : [5822,1000,com.evenwell.DbgCfgTool,6517760,2674688,1921024,93405184,0,19,6]
03-20 02:42:27.759  2075  2550 I am_pss  : [4959,10124,com.qualcomm.qtil.aptxui,8723456,5840896,1425408,95358976,0,19,6]
03-20 02:42:27.769  2075  2550 I am_pss  : [5773,10069,com.qualcomm.qti.qms.service.connectionsecurity,7356416,6004736,0,92663808,0,19,6]
03-20 02:42:27.776  2075  2550 I am_pss  : [4661,10061,com.android.printspooler,5911552,4497408,0,92585984,0,19,6]
03-20 02:42:27.785  2075  2550 I am_pss  : [5720,10030,com.android.statementservice,8560640,6897664,0,100179968,0,19,6]
03-20 02:42:27.791  2075  2550 I am_pss  : [5700,2000,com.android.shell,5345280,2293760,1699840,89239552,0,19,6]
03-20 02:42:27.803  2075  2550 I am_pss  : [5665,10102,com.android.remoteprovisioner,7818240,5771264,0,101765120,0,19,7]
03-20 02:42:27.812  2075  2550 I am_pss  : [5603,10042,com.android.packageinstaller,7229440,5865472,0,93163520,0,19,7]
03-20 02:42:27.816  2075  3142 I input_focus: [Focus entering 52b6c6c com.android.settings/com.android.settings.Settings (server),reason=Window became focusable. Previous reason: NOT_VISIBLE]
03-20 02:42:27.823  2075  2550 I am_pss  : [5548,10106,com.android.mms,9608192,7438336,0,106385408,0,19,7]
03-20 02:42:27.833  2075  2550 I am_pss  : [5581,10072,com.android.onetimeinitializer,4925440,3555328,0,90894336,0,19,6]
03-20 02:42:27.844  2075  2550 I am_pss  : [5529,10037,com.android.managedprovisioning,8515584,7127040,0,95150080,0,19,7]
03-20 02:42:27.857  2075  2550 I am_pss  : [5468,1000,com.android.dynsystem:dynsystem,5317632,638976,3072000,89509888,0,19,7]
03-20 02:42:27.867  2075  2550 I am_pss  : [5500,1000,com.android.localtransport,5072896,946176,2691072,89948160,0,19,7]
03-20 02:42:27.879  2075  2550 I am_pss  : [4148,10142,com.android.cellbroadcastreceiver.module,15201280,13533184,0,107761664,0,19,8]
03-20 02:42:27.892  2075  2550 I am_pss  : [5358,10074,com.android.imsserviceentitlement,8521728,7110656,0,95784960,0,19,8]
03-20 02:42:27.906  2075  2550 I am_pss  : [5430,1000,com.android.dynsystem,4959232,651264,2871296,87724032,0,19,7]
03-20 02:42:27.918  2075  2550 I am_pss  : [5253,10075,com.android.dialer,12404736,10756096,0,103555072,0,19,7]
03-20 02:42:27.932  2075  2550 I am_pss  : [4253,10024,android.process.acore,11922432,2908160,6492160,104501248,0,19,7]
03-20 02:42:27.945  2075  2550 I am_pss  : [5342,10077,com.android.contacts,10553344,9121792,0,98201600,0,19,8]
03-20 02:42:27.958  2075  2550 I am_pss  : [5251,10033,com.android.externalstorage,5259264,3743744,0,94670848,0,19,7]
03-20 02:42:27.969  2075  2550 I am_pss  : [5039,10062,com.android.traceur,11347968,9822208,0,100737024,0,19,7]
03-20 02:42:27.979  2075  2550 I am_pss  : [4676,10088,com.android.quicksearchbox,5516288,4018176,0,92643328,0,19,7]
03-20 02:42:27.991  2075  2550 I am_pss  : [4904,10121,com.qualcomm.qti.powersavemode,4980736,3612672,0,90980352,0,19,7]
03-20 02:42:28.001  2075  2550 I am_pss  : [4632,1000,com.android.keychain,9167872,4530176,3219456,93155328,0,19,6]
03-20 02:42:28.010  2075  2550 I am_pss  : [4615,10115,com.qualcomm.location.XT,5663744,2826240,1249280,94601216,0,0,6]
03-20 02:42:28.019  2075  2550 I am_pss  : [4554,10063,.powermodule,5447680,2695168,1130496,94191616,0,0,6]
03-20 02:42:28.030  2075  2550 I am_pss  : [4597,1000,com.qualcomm.qti.services.secureui:sui_service,5506048,2117632,1875968,92491776,0,0,7]
03-20 02:42:28.040  2075  2550 I am_pss  : [4581,1000,com.qti.diagservices,5942272,2052096,1949696,94924800,0,0,7]
03-20 02:42:28.050  2075  2550 I am_pss  : [4489,10097,com.qualcomm.qti.services.systemhelper:systemhelper_service,5781504,3342336,937984,93241344,0,0,7]
03-20 02:42:28.059  2075  2550 I am_pss  : [4505,10129,com.qualcomm.qti.workloadclassifier,8022016,5611520,1019904,93343744,0,0,7]
03-20 02:42:28.069  2075  2550 I am_pss  : [4510,1027,com.android.nfcstm,12253184,8806400,2011136,98164736,0,0,6]
03-20 02:42:28.078  2075  2550 I am_pss  : [4439,10065,.pasr,4981760,2355200,1265664,89247744,0,0,7]
03-20 02:42:28.089  2075  2550 I am_pss  : [4396,1027,com.android.nfc,16807936,12107776,1712128,115650560,0,0,7]
03-20 02:42:28.258  2075  2504 I wm_stop_activity: [0,100312795,com.android.launcher3/.uioverrides.QuickstepLauncher]
03-20 02:42:28.260  2075  2505 I wm_wallpaper_surface: [0,0,null]
03-20 02:42:28.292  3902  3902 I wm_on_stop_called: [100312795,com.android.launcher3.uioverrides.QuickstepLauncher,STOP_ACTIVITY_ITEM]
03-20 02:42:28.576  2075  3142 I input_interaction: Interaction with: 52b6c6c com.android.settings/com.android.settings.Settings (server), PointerEventDispatcher0 (server), 
03-20 02:42:28.655  3653  3653 I sysui_multi_action: [757,830,758,4,833,0,854,top_level_connected_devices,1089,0]
03-20 02:42:28.674  2075  4456 I wm_task_moved: [16,1,2]
03-20 02:42:28.674  2075  4456 I wm_create_activity: [0,159189279,16,com.android.settings/.SubSettings,android.intent.action.MAIN,NULL,NULL,0]
03-20 02:42:28.676  2075  4456 I wm_pause_activity: [0,2049777,com.android.settings/.Settings,userLeaving=true,resumeTopActivity]
03-20 02:42:28.680  3653  3653 I wm_on_top_resumed_lost_called: [2049777,com.android.settings.Settings,topStateChangedWhenResumed]
03-20 02:42:28.681  3653  3653 I sysui_multi_action: [757,35,758,2,1089,970]
03-20 02:42:28.682  3653  3653 I wm_on_paused_called: [2049777,com.android.settings.Settings,performPause]
03-20 02:42:28.683  2075  4456 I wm_add_to_stopping: [0,2049777,com.android.settings/.Settings,makeInvisible]
03-20 02:42:28.684  2075  4456 I wm_restart_activity: [0,159189279,16,com.android.settings/.SubSettings]
03-20 02:42:28.685  2075  4456 I wm_set_resumed_activity: [0,com.android.settings/.SubSettings,minimalResumeActivityLocked - onActivityStateChanged]
03-20 02:42:28.685  2075  2501 I sysui_multi_action: [757,803,799,window_time_0,802,0]
03-20 02:42:28.687  2075  2505 I input_focus: [Requesting to set focus to null window,reason=UpdateInputWindows]
03-20 02:42:28.717  2075  3142 I input_focus: [Focus leaving 52b6c6c com.android.settings/com.android.settings.Settings (server),reason=NO_WINDOW]
03-20 02:42:28.749  3653  3653 I wm_on_create_called: [159189279,com.android.settings.SubSettings,performCreate]
03-20 02:42:28.763  3653  3653 I wm_on_start_called: [159189279,com.android.settings.SubSettings,handleStartActivity]
03-20 02:42:28.763  3653  3653 I snet_event_log: [120484087,-1,]
03-20 02:42:28.764  3653  3653 I wm_on_resume_called: [159189279,com.android.settings.SubSettings,RESUME_ACTIVITY]
03-20 02:42:28.765  3653  3653 I sysui_multi_action: [757,747,758,1,833,35,1089,65]
03-20 02:42:28.771  3653  3653 I sysui_multi_action: [757,1729,758,4,854,isParalleledControllers:false,1089,71]
03-20 02:42:28.775  3653  3653 I wm_on_top_resumed_gained_called: [159189279,com.android.settings.SubSettings,topStateChangedWhenResumed]
03-20 02:42:28.787  2075  2505 I input_focus: [Focus request 59dcce8 com.android.settings/com.android.settings.SubSettings,reason=UpdateInputWindows]
03-20 02:42:28.802  2075  2501 I wm_activity_launch_time: [0,159189279,com.android.settings/.SubSettings,141]
03-20 02:42:28.918  2075  3142 I input_focus: [Focus entering 59dcce8 com.android.settings/com.android.settings.SubSettings (server),reason=Window became focusable. Previous reason: NOT_VISIBLE]
03-20 02:42:29.298  2075  2504 I wm_stop_activity: [0,2049777,com.android.settings/.Settings]
03-20 02:42:29.318  3653  3653 I wm_on_stop_called: [2049777,com.android.settings.Settings,STOP_ACTIVITY_ITEM]
03-20 02:42:29.628  2075  3142 I input_interaction: Interaction with: 59dcce8 com.android.settings/com.android.settings.SubSettings (server), PointerEventDispatcher0 (server), 
03-20 02:42:29.690  3653  3653 I sysui_multi_action: [757,830,758,4,833,0,854,previously_connected_devices_see_all,1089,0]
03-20 02:42:29.701  2075  3359 I wm_task_moved: [16,1,2]
03-20 02:42:29.701  2075  3359 I wm_create_activity: [0,24682323,16,com.android.settings/.SubSettings,android.intent.action.MAIN,NULL,NULL,0]
03-20 02:42:29.702  2075  3359 I wm_pause_activity: [0,159189279,com.android.settings/.SubSettings,userLeaving=true,resumeTopActivity]
03-20 02:42:29.706  3653  3653 I wm_on_top_resumed_lost_called: [159189279,com.android.settings.SubSettings,topStateChangedWhenResumed]
03-20 02:42:29.707  3653  3653 I sysui_multi_action: [757,747,758,2,1089,942]
03-20 02:42:29.708  3653  3653 I wm_on_paused_called: [159189279,com.android.settings.SubSettings,performPause]
03-20 02:42:29.709  2075  4456 I wm_add_to_stopping: [0,159189279,com.android.settings/.SubSettings,makeInvisible]
03-20 02:42:29.710  2075  4456 I wm_restart_activity: [0,24682323,16,com.android.settings/.SubSettings]
03-20 02:42:29.711  2075  4456 I wm_set_resumed_activity: [0,com.android.settings/.SubSettings,minimalResumeActivityLocked - onActivityStateChanged]
03-20 02:42:29.711  2075  2501 I sysui_multi_action: [757,803,799,window_time_0,802,2]
03-20 02:42:29.712  2075  2505 I input_focus: [Requesting to set focus to null window,reason=UpdateInputWindows]
03-20 02:42:29.724  3653  3653 I wm_on_create_called: [24682323,com.android.settings.SubSettings,performCreate]
03-20 02:42:29.729  3653  3653 I wm_on_start_called: [24682323,com.android.settings.SubSettings,handleStartActivity]
03-20 02:42:29.729  3653  3653 I snet_event_log: [120484087,-1,]
03-20 02:42:29.731  3653  3653 I wm_on_resume_called: [24682323,com.android.settings.SubSettings,RESUME_ACTIVITY]
03-20 02:42:29.731  3653  3653 I sysui_multi_action: [757,1370,758,1,833,747,1089,11]
03-20 02:42:29.731  3653  3653 I sysui_multi_action: [757,1729,758,4,854,isParalleledControllers:false,1089,11]
03-20 02:42:29.736  2075  3142 I input_focus: [Focus leaving 59dcce8 com.android.settings/com.android.settings.SubSettings (server),reason=NO_WINDOW]
03-20 02:42:29.736  3653  3653 I wm_on_top_resumed_gained_called: [24682323,com.android.settings.SubSettings,topStateChangedWhenResumed]
03-20 02:42:29.740  2075  2505 I input_focus: [Focus request efc34c1 com.android.settings/com.android.settings.SubSettings,reason=UpdateInputWindows]
03-20 02:42:29.749  2075  2501 I wm_activity_launch_time: [0,24682323,com.android.settings/.SubSettings,56]
03-20 02:42:29.856  2075  3142 I input_focus: [Focus entering efc34c1 com.android.settings/com.android.settings.SubSettings (server),reason=Window became focusable. Previous reason: NOT_VISIBLE]
03-20 02:42:30.232  2075  2504 I wm_stop_activity: [0,159189279,com.android.settings/.SubSettings]
03-20 02:42:30.272  3653  3653 I wm_on_stop_called: [159189279,com.android.settings.SubSettings,STOP_ACTIVITY_ITEM]
03-20 02:42:31.266  2075  3142 I input_interaction: Interaction with: 9644346 NavigationBar0 (server), PointerEventDispatcher0 (server), 
03-20 02:42:31.272  3305  3305 I sysui_multi_action: [757,931,758,4,759,4,932,0,933,0]
03-20 02:42:31.282  2075  3142 I input_interaction: Interaction with: efc34c1 com.android.settings/com.android.settings.SubSettings (server), PointerEventDispatcher0 (server), 
03-20 02:42:31.316  2075  3142 I input_interaction: Interaction with: 9644346 NavigationBar0 (server), PointerEventDispatcher0 (server), 
03-20 02:42:31.333  3305  3305 I sysui_multi_action: [757,931,758,4,759,4,932,0,933,1]
03-20 02:42:31.334  2075  4456 I sysui_multi_action: [757,803,799,key_back_press,802,1]
03-20 02:42:31.341  2075  3355 I wm_finish_activity: [0,24682323,16,com.android.settings/.SubSettings,app-request]
03-20 02:42:31.360  2075  3355 I wm_pause_activity: [0,24682323,com.android.settings/.SubSettings,userLeaving=false,finish]
03-20 02:42:31.364  3653  3653 I wm_on_top_resumed_lost_called: [24682323,com.android.settings.SubSettings,topStateChangedWhenResumed]
03-20 02:42:31.368  3653  3653 I sysui_multi_action: [757,1370,758,2,1089,1637]
03-20 02:42:31.372  3653  3653 I wm_on_paused_called: [24682323,com.android.settings.SubSettings,performPause]
03-20 02:42:31.376  2075  3355 I wm_add_to_stopping: [0,24682323,com.android.settings/.SubSettings,completeFinishing]
03-20 02:42:31.380  2075  3355 I wm_set_resumed_activity: [0,com.android.settings/.SubSettings,resumeTopActivity - onActivityStateChanged]
03-20 02:42:31.382  2075  3355 I wm_resume_activity: [0,159189279,16,com.android.settings/.SubSettings]
03-20 02:42:31.383  2075  2501 I sysui_multi_action: [757,803,799,window_time_0,802,1]
03-20 02:42:31.385  3653  3653 I wm_on_restart_called: [159189279,com.android.settings.SubSettings,performRestartActivity]
03-20 02:42:31.393  2075  3142 I input_focus: [Focus leaving efc34c1 com.android.settings/com.android.settings.SubSettings (server),reason=NO_WINDOW]
03-20 02:42:31.419  3653  3653 I wm_on_start_called: [159189279,com.android.settings.SubSettings,handleStartActivity]
03-20 02:42:31.419  3653  3653 I snet_event_log: [120484087,-1,]
03-20 02:42:31.420  3653  3653 I wm_on_resume_called: [159189279,com.android.settings.SubSettings,RESUME_ACTIVITY]
03-20 02:42:31.421  3653  3653 I sysui_multi_action: [757,747,758,1,833,35,1089,0]
03-20 02:42:31.428  3653  3653 I wm_on_top_resumed_gained_called: [159189279,com.android.settings.SubSettings,topWhenResuming]
03-20 02:42:31.439  2075  2505 I input_focus: [Focus request 59dcce8 com.android.settings/com.android.settings.SubSettings,reason=UpdateInputWindows]
03-20 02:42:31.510  2075  3142 I input_focus: [Focus entering 59dcce8 com.android.settings/com.android.settings.SubSettings (server),reason=Window became focusable. Previous reason: NOT_VISIBLE]
03-20 02:42:31.918  2075  3142 I input_interaction: Interaction with: 59dcce8 com.android.settings/com.android.settings.SubSettings (server), PointerEventDispatcher0 (server), 
03-20 02:42:31.938  2075  2504 I wm_destroy_activity: [0,24682323,16,com.android.settings/.SubSettings,finish-imm:idle]
03-20 02:42:31.944  3653  3653 I wm_on_stop_called: [24682323,com.android.settings.SubSettings,LIFECYCLER_STOP_ACTIVITY]
03-20 02:42:31.948  3653  3653 I wm_on_destroy_called: [24682323,com.android.settings.SubSettings,performDestroy]
03-20 02:42:31.960  3653  3653 I sysui_multi_action: [757,830,758,4,833,0,854,previously_connected_devices_see_all,1089,0]
03-20 02:42:31.967  2075  3365 I wm_task_moved: [16,1,2]
03-20 02:42:31.967  2075  3365 I wm_create_activity: [0,230951320,16,com.android.settings/.SubSettings,android.intent.action.MAIN,NULL,NULL,0]
03-20 02:42:31.967  2075  3365 I wm_pause_activity: [0,159189279,com.android.settings/.SubSettings,userLeaving=true,resumeTopActivity]
03-20 02:42:31.975  3653  3653 I wm_on_top_resumed_lost_called: [159189279,com.android.settings.SubSettings,topStateChangedWhenResumed]
03-20 02:42:31.976  3653  3653 I sysui_multi_action: [757,747,758,2,1089,555]
03-20 02:42:31.976  3653  3653 I wm_on_paused_called: [159189279,com.android.settings.SubSettings,performPause]
03-20 02:42:31.978  2075  3355 I wm_add_to_stopping: [0,159189279,com.android.settings/.SubSettings,makeInvisible]
03-20 02:42:31.978  2075  3355 I wm_restart_activity: [0,230951320,16,com.android.settings/.SubSettings]
03-20 02:42:31.978  2075  3355 I wm_set_resumed_activity: [0,com.android.settings/.SubSettings,minimalResumeActivityLocked - onActivityStateChanged]
03-20 02:42:31.979  2075  2501 I sysui_multi_action: [757,803,799,window_time_0,802,1]
03-20 02:42:31.979  2075  2505 I input_focus: [Requesting to set focus to null window,reason=UpdateInputWindows]
03-20 02:42:31.990  3653  3653 I wm_on_create_called: [230951320,com.android.settings.SubSettings,performCreate]
03-20 02:42:31.995  3653  3653 I wm_on_start_called: [230951320,com.android.settings.SubSettings,handleStartActivity]
03-20 02:42:31.995  3653  3653 I snet_event_log: [120484087,-1,]
03-20 02:42:31.996  3653  3653 I wm_on_resume_called: [230951320,com.android.settings.SubSettings,RESUME_ACTIVITY]
03-20 02:42:31.997  3653  3653 I sysui_multi_action: [757,1370,758,1,833,747,1089,9]
03-20 02:42:31.997  3653  3653 I sysui_multi_action: [757,1729,758,4,854,isParalleledControllers:false,1089,9]
03-20 02:42:32.001  3653  3653 I wm_on_top_resumed_gained_called: [230951320,com.android.settings.SubSettings,topStateChangedWhenResumed]
03-20 02:42:32.004  2075  2505 I input_focus: [Focus request ee969ae com.android.settings/com.android.settings.SubSettings,reason=UpdateInputWindows]
03-20 02:42:32.008  2075  3142 I input_focus: [Focus leaving 59dcce8 com.android.settings/com.android.settings.SubSettings (server),reason=Waiting for window because NOT_FOCUSABLE]
03-20 02:42:32.013  2075  2501 I wm_activity_launch_time: [0,230951320,com.android.settings/.SubSettings,51]
03-20 02:42:32.127  2075  3142 I input_focus: [Focus entering ee969ae com.android.settings/com.android.settings.SubSettings (server),reason=Window became focusable. Previous reason: NOT_VISIBLE]
03-20 02:42:32.338  2075  3142 I input_interaction: Interaction with: 9644346 NavigationBar0 (server), PointerEventDispatcher0 (server), 
03-20 02:42:32.344  3305  3305 I sysui_multi_action: [757,931,758,4,759,4,932,0,933,0]
03-20 02:42:32.353  2075  3142 I input_interaction: Interaction with: ee969ae com.android.settings/com.android.settings.SubSettings (server), PointerEventDispatcher0 (server), 
03-20 02:42:32.415  2075  3142 I input_interaction: Interaction with: 9644346 NavigationBar0 (server), PointerEventDispatcher0 (server), 
03-20 02:42:32.432  3305  3305 I sysui_multi_action: [757,931,758,4,759,4,932,0,933,1]
03-20 02:42:32.433  2075  3355 I sysui_multi_action: [757,803,799,key_back_press,802,1]
03-20 02:42:32.437  2075  3355 I wm_finish_activity: [0,230951320,16,com.android.settings/.SubSettings,app-request]
03-20 02:42:32.439  2075  3355 I wm_pause_activity: [0,230951320,com.android.settings/.SubSettings,userLeaving=false,finish]
03-20 02:42:32.443  3653  3653 I wm_on_top_resumed_lost_called: [230951320,com.android.settings.SubSettings,topStateChangedWhenResumed]
03-20 02:42:32.447  3653  3653 I sysui_multi_action: [757,1370,758,2,1089,450]
03-20 02:42:32.449  3653  3653 I wm_on_paused_called: [230951320,com.android.settings.SubSettings,performPause]
03-20 02:42:32.450  2075  3355 I wm_add_to_stopping: [0,230951320,com.android.settings/.SubSettings,completeFinishing]
03-20 02:42:32.455  2075  3355 I wm_set_resumed_activity: [0,com.android.settings/.SubSettings,resumeTopActivity - onActivityStateChanged]
03-20 02:42:32.456  2075  3355 I wm_resume_activity: [0,159189279,16,com.android.settings/.SubSettings]
03-20 02:42:32.457  2075  2501 I sysui_multi_action: [757,803,799,window_time_0,802,0]
03-20 02:42:32.473  2075  2505 I input_focus: [Focus request 59dcce8 com.android.settings/com.android.settings.SubSettings,reason=UpdateInputWindows]
03-20 02:42:32.476  3653  3653 I wm_on_resume_called: [159189279,com.android.settings.SubSettings,RESUME_ACTIVITY]
03-20 02:42:32.477  3653  3653 I sysui_multi_action: [757,747,758,1,833,35,1089,0]
03-20 02:42:32.478  2075  3142 I input_focus: [Focus leaving ee969ae com.android.settings/com.android.settings.SubSettings (server),reason=NO_WINDOW]
03-20 02:42:32.483  3653  3653 I wm_on_top_resumed_gained_called: [159189279,com.android.settings.SubSettings,topWhenResuming]
03-20 02:42:32.528  2075  3142 I input_focus: [Focus entering 59dcce8 com.android.settings/com.android.settings.SubSettings (server),reason=Window became focusable. Previous reason: NOT_VISIBLE]
03-20 02:42:32.866  2075  3142 I input_interaction: Interaction with: 59dcce8 com.android.settings/com.android.settings.SubSettings (server), PointerEventDispatcher0 (server), 
03-20 02:42:32.913  3653  3653 I sysui_multi_action: [757,830,758,4,833,0,854,connection_preferences,1089,0]
03-20 02:42:32.924  2075  3355 I wm_task_moved: [16,1,2]
03-20 02:42:32.924  2075  3355 I wm_create_activity: [0,130279574,16,com.android.settings/.SubSettings,android.intent.action.MAIN,NULL,NULL,0]
03-20 02:42:32.926  2075  3355 I wm_pause_activity: [0,159189279,com.android.settings/.SubSettings,userLeaving=true,resumeTopActivity]
03-20 02:42:32.929  3653  3653 I wm_on_top_resumed_lost_called: [159189279,com.android.settings.SubSettings,topStateChangedWhenResumed]
03-20 02:42:32.931  3653  3653 I sysui_multi_action: [757,747,758,2,1089,454]
03-20 02:42:32.932  3653  3653 I wm_on_paused_called: [159189279,com.android.settings.SubSettings,performPause]
03-20 02:42:32.933  2075  3359 I wm_add_to_stopping: [0,159189279,com.android.settings/.SubSettings,makeInvisible]
03-20 02:42:32.933  2075  3359 I wm_restart_activity: [0,130279574,16,com.android.settings/.SubSettings]
03-20 02:42:32.934  2075  3359 I wm_set_resumed_activity: [0,com.android.settings/.SubSettings,minimalResumeActivityLocked - onActivityStateChanged]
03-20 02:42:32.935  2075  2501 I sysui_multi_action: [757,803,799,window_time_0,802,1]
03-20 02:42:32.936  2075  2505 I input_focus: [Requesting to set focus to null window,reason=UpdateInputWindows]
03-20 02:42:32.956  3653  3653 I wm_on_create_called: [130279574,com.android.settings.SubSettings,performCreate]
03-20 02:42:32.960  3653  3653 I wm_on_start_called: [130279574,com.android.settings.SubSettings,handleStartActivity]
03-20 02:42:32.960  3653  3653 I snet_event_log: [120484087,-1,]
03-20 02:42:32.962  3653  3653 I wm_on_resume_called: [130279574,com.android.settings.SubSettings,RESUME_ACTIVITY]
03-20 02:42:32.962  2075  3142 I input_focus: [Focus leaving 59dcce8 com.android.settings/com.android.settings.SubSettings (server),reason=NO_WINDOW]
03-20 02:42:32.962  3653  3653 I sysui_multi_action: [757,1264,758,1,833,747,1089,18]
03-20 02:42:32.963  2075  3355 I am_uid_active: 10061
03-20 02:42:32.968  3653  3653 I sysui_multi_action: [757,1729,758,4,854,isParalleledControllers:false,1089,24]
03-20 02:42:32.972  3653  3653 I wm_on_top_resumed_gained_called: [130279574,com.android.settings.SubSettings,topStateChangedWhenResumed]
03-20 02:42:32.979  2075  2505 I input_focus: [Focus request 24ecf1b com.android.settings/com.android.settings.SubSettings,reason=UpdateInputWindows]
03-20 02:42:32.989  2075  2501 I wm_activity_launch_time: [0,130279574,com.android.settings/.SubSettings,73]
03-20 02:42:33.008  2075  3365 I wm_destroy_activity: [0,230951320,16,com.android.settings/.SubSettings,finish-imm:idle]
03-20 02:42:33.011  3653  3653 I wm_on_stop_called: [230951320,com.android.settings.SubSettings,LIFECYCLER_STOP_ACTIVITY]
03-20 02:42:33.013  3653  3653 I wm_on_destroy_called: [230951320,com.android.settings.SubSettings,performDestroy]
03-20 02:42:33.113  2075  3142 I input_focus: [Focus entering 24ecf1b com.android.settings/com.android.settings.SubSettings (server),reason=Window became focusable. Previous reason: NOT_VISIBLE]
03-20 02:42:33.492  2075  2504 I wm_stop_activity: [0,159189279,com.android.settings/.SubSettings]
03-20 02:42:33.523  3653  3653 I wm_on_stop_called: [159189279,com.android.settings.SubSettings,STOP_ACTIVITY_ITEM]
03-20 02:42:35.488  2075  3142 I input_interaction: Interaction with: 24ecf1b com.android.settings/com.android.settings.SubSettings (server), PointerEventDispatcher0 (server), 
03-20 02:42:35.557  3653  3653 I sysui_multi_action: [757,830,758,4,833,0,854,nfc_and_payment_settings,1089,0]
03-20 02:42:35.576  2075  3358 I wm_task_moved: [16,1,2]
03-20 02:42:35.576  2075  3358 I wm_create_activity: [0,3891569,16,com.android.settings/.SubSettings,android.intent.action.MAIN,NULL,NULL,0]
03-20 02:42:35.578  2075  3358 I wm_pause_activity: [0,130279574,com.android.settings/.SubSettings,userLeaving=true,resumeTopActivity]
03-20 02:42:35.581  3653  3653 I wm_on_top_resumed_lost_called: [130279574,com.android.settings.SubSettings,topStateChangedWhenResumed]
03-20 02:42:35.582  3653  3653 I sysui_multi_action: [757,1264,758,2,1089,2620]
03-20 02:42:35.582  3653  3653 I wm_on_paused_called: [130279574,com.android.settings.SubSettings,performPause]
03-20 02:42:35.586  2075  3359 I wm_add_to_stopping: [0,130279574,com.android.settings/.SubSettings,makeInvisible]
03-20 02:42:35.586  2075  3359 I wm_restart_activity: [0,3891569,16,com.android.settings/.SubSettings]
03-20 02:42:35.587  2075  3359 I wm_set_resumed_activity: [0,com.android.settings/.SubSettings,minimalResumeActivityLocked - onActivityStateChanged]
03-20 02:42:35.587  2075  2501 I sysui_multi_action: [757,803,799,window_time_0,802,2]
03-20 02:42:35.588  2075  2505 I input_focus: [Requesting to set focus to null window,reason=UpdateInputWindows]
03-20 02:42:35.605  3653  3653 I wm_on_create_called: [3891569,com.android.settings.SubSettings,performCreate]
03-20 02:42:35.608  3653  3653 I wm_on_start_called: [3891569,com.android.settings.SubSettings,handleStartActivity]
03-20 02:42:35.608  3653  3653 I snet_event_log: [120484087,-1,]
03-20 02:42:35.610  3653  3653 I wm_on_resume_called: [3891569,com.android.settings.SubSettings,RESUME_ACTIVITY]
03-20 02:42:35.613  3653  3653 I sysui_multi_action: [757,1828,758,1,833,1264,1089,17]
03-20 02:42:35.614  3653  3653 I sysui_multi_action: [757,1729,758,4,854,isParalleledControllers:false,1089,18]
03-20 02:42:35.617  2075  3142 I input_focus: [Focus leaving 24ecf1b com.android.settings/com.android.settings.SubSettings (server),reason=NO_WINDOW]
03-20 02:42:35.618  3653  3653 I wm_on_top_resumed_gained_called: [3891569,com.android.settings.SubSettings,topStateChangedWhenResumed]
03-20 02:42:35.624  2075  2505 I input_focus: [Focus request 1d688e1 com.android.settings/com.android.settings.SubSettings,reason=UpdateInputWindows]
03-20 02:42:35.635  2075  2501 I wm_activity_launch_time: [0,3891569,com.android.settings/.SubSettings,73]
03-20 02:42:35.756  2075  3142 I input_focus: [Focus entering 1d688e1 com.android.settings/com.android.settings.SubSettings (server),reason=Window became focusable. Previous reason: NOT_VISIBLE]
03-20 02:42:36.131  2075  2504 I wm_stop_activity: [0,130279574,com.android.settings/.SubSettings]
03-20 02:42:36.160  3653  3653 I wm_on_stop_called: [130279574,com.android.settings.SubSettings,STOP_ACTIVITY_ITEM]
03-20 02:42:37.893  2075  3093 I am_compact: [5622,com.android.permissioncontroller,anon,102840,55768,46076,4336,-4528,0,-4528,4528,101,2,178796,905,19,3763196,-4608]
03-20 02:42:38.051  2075  3093 I am_compact: [4661,com.android.printspooler,anon,86912,40316,45712,0,-3492,0,-3492,3492,58,0,0,905,19,3758588,-3584]
03-20 02:42:46.172  2075  3142 I input_interaction: Interaction with: 1d688e1 com.android.settings/com.android.settings.SubSettings (server), PointerEventDispatcher0 (server), 
03-20 02:42:46.236  3653  3653 I sysui_multi_action: [757,853,758,4,854,connecteddevice.NfcAndPaymentFragment/toggle_nfc,1089,0]
03-20 02:42:48.086  2075  3142 I input_interaction: Interaction with: 9644346 NavigationBar0 (server), PointerEventDispatcher0 (server), 
03-20 02:42:48.096  3305  3305 I sysui_multi_action: [757,931,758,4,759,3,932,0,933,0]
03-20 02:42:48.136  3305  3305 I sysui_multi_action: [757,931,758,4,759,3,932,0,933,1]
03-20 02:42:48.152  2075  2502 I wm_task_moved: [1,1,2]
03-20 02:42:48.153  2075  2502 I wm_task_moved: [15,1,2147483647]
03-20 02:42:48.153  2075  2502 I wm_task_to_front: [0,15]
03-20 02:42:48.153  2075  2502 I wm_focused_root_task: [0,0,1,16,bringingFoundTaskToFront]
03-20 02:42:48.154  2075  2502 I wm_set_resumed_activity: [0,com.android.launcher3/.uioverrides.QuickstepLauncher,bringingFoundTaskToFront]
03-20 02:42:48.155  2075  2502 I wm_new_intent: [0,100312795,15,com.android.launcher3/.uioverrides.QuickstepLauncher,android.intent.action.MAIN,NULL,NULL,268435712]
03-20 02:42:48.158  2075  2502 I wm_pause_activity: [0,3891569,com.android.settings/.SubSettings,userLeaving=true,pauseBackTasks]
03-20 02:42:48.159  2075  2502 I wm_add_to_stopping: [0,3891569,com.android.settings/.SubSettings,makeInvisible]
03-20 02:42:48.160  2075  2501 I sysui_multi_action: [757,803,799,window_time_0,802,13]
03-20 02:42:48.162  2075  2502 I wm_set_resumed_activity: [0,com.android.launcher3/.uioverrides.QuickstepLauncher,resumeTopActivity - onActivityStateChanged]
03-20 02:42:48.162  2075  2502 I wm_resume_activity: [0,100312795,15,com.android.launcher3/.uioverrides.QuickstepLauncher]
03-20 02:42:48.166  2075  2505 I input_focus: [Requesting to set focus to null window,reason=UpdateInputWindows]
03-20 02:42:48.165  3902  3902 I wm_on_restart_called: [100312795,com.android.launcher3.uioverrides.QuickstepLauncher,performRestartActivity]
03-20 02:42:48.168  3653  3653 I wm_on_top_resumed_lost_called: [3891569,com.android.settings.SubSettings,topStateChangedWhenResumed]
03-20 02:42:48.169  3902  3902 I wm_on_start_called: [100312795,com.android.launcher3.uioverrides.QuickstepLauncher,handleStartActivity]
03-20 02:42:48.175  3902  3902 I wm_on_resume_called: [100312795,com.android.launcher3.uioverrides.QuickstepLauncher,RESUME_ACTIVITY]
03-20 02:42:48.182  2075  3142 I input_focus: [Focus leaving 1d688e1 com.android.settings/com.android.settings.SubSettings (server),reason=Waiting for window because NOT_FOCUSABLE]
03-20 02:42:48.187  2075  2505 I input_focus: [Focus request 8f1e48f com.android.launcher3/com.android.launcher3.uioverrides.QuickstepLauncher,reason=UpdateInputWindows]
03-20 02:42:48.190  3653  3653 I sysui_multi_action: [757,1828,758,2,1089,12576]
03-20 02:42:48.200  3902  3902 I wm_on_top_resumed_gained_called: [100312795,com.android.launcher3.uioverrides.QuickstepLauncher,topStateChangedWhenResumed]
03-20 02:42:48.203  2075  2505 I wm_wallpaper_surface: [0,1,Window{8f1e48f u0 com.android.launcher3/com.android.launcher3.uioverrides.QuickstepLauncher}]
03-20 02:42:48.206  3653  3653 I wm_on_paused_called: [3891569,com.android.settings.SubSettings,performPause]
03-20 02:42:48.215  2075  2550 I am_pss  : [3653,1000,com.android.settings,89241600,76537856,1060864,225964032,0,2,11]
03-20 02:42:48.221  2075  3358 I dvm_lock_sample: [system_server,0,binder:2075_9,17,WindowManagerService.java,4648,void com.android.server.wm.WindowManagerService.reportSystemGestureExclusionChanged(com.android.server.wm.Session, android.view.IWindow, java.util.List),,0,null,3]
03-20 02:42:48.237  2075  2501 I sysui_multi_action: [319,70,322,62,325,350,757,761,758,9,759,2,806,com.android.launcher3,871,com.android.launcher3.uioverrides.QuickstepLauncher,905,0,1320,4,1321,23]
03-20 02:42:48.249  2075  3142 I input_focus: [Focus entering 8f1e48f com.android.launcher3/com.android.launcher3.uioverrides.QuickstepLauncher (server),reason=Window became focusable. Previous reason: NOT_VISIBLE]
03-20 02:42:48.574  2075  2504 I wm_stop_activity: [0,3891569,com.android.settings/.SubSettings]
03-20 02:42:48.598  3653  3653 I wm_on_stop_called: [3891569,com.android.settings.SubSettings,STOP_ACTIVITY_ITEM]
03-20 02:42:48.725  2075  3142 I input_interaction: Interaction with: 8f1e48f com.android.launcher3/com.android.launcher3.uioverrides.QuickstepLauncher (server), 991a3a1 com.android.systemui.wallpapers.ImageWallpaper (server), PointerEventDispatcher0 (server), 
03-20 02:42:48.807  2075  3199 I wm_task_created: [17,-1]
03-20 02:42:48.811  2075  3199 I wm_task_moved: [17,1,3]
03-20 02:42:48.811  2075  3199 I wm_task_to_front: [0,17]
03-20 02:42:48.811  2075  3199 I wm_create_task: [0,17]
03-20 02:42:48.811  2075  3199 I wm_create_activity: [0,180603753,17,com.android.dialer/.main.impl.MainActivity,android.intent.action.MAIN,NULL,NULL,270532608]
03-20 02:42:48.812  2075  3199 I wm_task_moved: [17,1,3]
03-20 02:42:48.813  2075  3199 I wm_pause_activity: [0,100312795,com.android.launcher3/.uioverrides.QuickstepLauncher,userLeaving=true,pauseBackTasks]
03-20 02:42:48.817  3902  3902 I wm_on_top_resumed_lost_called: [100312795,com.android.launcher3.uioverrides.QuickstepLauncher,topStateChangedWhenResumed]
03-20 02:42:48.818  3902  3902 I wm_on_paused_called: [100312795,com.android.launcher3.uioverrides.QuickstepLauncher,performPause]
03-20 02:42:48.820  2075  3358 I wm_add_to_stopping: [0,100312795,com.android.launcher3/.uioverrides.QuickstepLauncher,makeInvisible]
03-20 02:42:48.820  2075  3358 I wm_restart_activity: [0,180603753,17,com.android.dialer/.main.impl.MainActivity]
03-20 02:42:48.820  2075  3358 I wm_set_resumed_activity: [0,com.android.dialer/.main.impl.MainActivity,minimalResumeActivityLocked - onActivityStateChanged]
03-20 02:42:48.820  2075  2501 I sysui_multi_action: [757,803,799,window_time_0,802,1]
03-20 02:42:48.821  2075  2504 I am_uid_active: 10075
03-20 02:42:48.821  2075  2505 I input_focus: [Requesting to set focus to null window,reason=UpdateInputWindows]
03-20 02:42:48.849  2075  3142 I input_focus: [Focus leaving 8f1e48f com.android.launcher3/com.android.launcher3.uioverrides.QuickstepLauncher (server),reason=NO_WINDOW]
