01-15 03:50:42.660   860   860 I         : [GTP-INF][goodix_get_reg_and_cfg:292] get config type 1, len 1310, for sensor id 255
01-15 03:50:42.660   860   860 I         : [GTP-INF][goodix_get_config_data:328] success get reg and cfg info from cfg bin
01-15 03:50:42.660   860   860 I         : [GTP-INF][goodix_later_init_thread:2245] success get valid ic config
01-15 03:50:42.660   860   860 I         : [GTP-INF][goodix_later_init_thread:2255] update flag: 0x42
01-15 03:50:42.660   860   860 I         : [GTP-INF][goodix_fw_update_thread:1233] Firmware request update starts
01-15 03:50:42.660   860   860 I         : [GTP-INF][goodix_request_firmware:1188] Request firmware image [goodix_firmware_spi.bin]
01-15 03:50:42.660   860   860 W goodix_ts.0: Direct firmware load for goodix_firmware_spi.bin failed with error -2
01-15 03:50:42.660   860   860 W goodix_ts.0: Falling back to sysfs fallback for: goodix_firmware_spi.bin
01-15 03:50:42.670   663   663 I         : modprobe (663) used greatest stack depth: 8208 bytes left
01-15 03:50:42.675   589   589 I modprobe: Failed to insmod '/vendor/lib/modules/qca_cld3_kiwi.ko' with args '': Invalid argument
01-15 03:50:42.675   589   589 I modprobe: LoadWithAliases was unable to load qca_cld3_kiwi.ko
01-15 03:50:42.675   589   589 I modprobe: Failed to load module qca_cld3_kiwi.ko: Invalid argument
01-15 03:50:42.675   591   591 I modprobe: Failed to insmod '/vendor/lib/modules/qca_cld3_qca6490.ko' with args '': Invalid argument
01-15 03:50:42.675   591   591 I modprobe: LoadWithAliases was unable to load qca_cld3_qca6490.ko
01-15 03:50:42.675   591   591 I modprobe: Failed to load module qca_cld3_qca6490.ko: Invalid argument
01-15 03:50:42.675   662   662 I vd6283  : module init
01-15 03:50:42.676   662   662 I         : vd6283_adapter_i2c_probe
01-15 03:50:42.676   662   662 I         : vd6283_adapter_i2c_probe successfully
01-15 03:50:42.677    95    95 W msm-cdc-pinctrl soc: wsa_spkr_en1_pinctrl: deferred probe timeout, ignoring dependency
01-15 03:50:42.677   662   662 I vd6283  : [vd6281_spi_parse_dt] spi (max) frequency=5000000
01-15 03:50:42.677   662   662 I vd6283  : [vd6281_spi_parse_dt] spi chunk size=32768
01-15 03:50:42.677   662   662 I         : vd6283_spi_probe successfully
01-15 03:50:42.678    95    95 W msm-cdc-pinctrl soc: wsa_spkr_en1_pinctrl: deferred probe timeout, ignoring dependency
01-15 03:50:42.700   860   860 I         : [GTP-INF][goodix_request_firmware:1202] Firmware image [goodix_firmware_spi.bin] is ready
01-15 03:50:42.700   860   860 I         : [GTP-INF][goodix_parse_firmware:396] Firmware package protocol: V0
01-15 03:50:42.700   860   860 I         : [GTP-INF][goodix_parse_firmware:397] Firmware PID:GT9916P
01-15 03:50:42.700   860   860 I         : [GTP-INF][goodix_parse_firmware:398] Firmware VID:0c 80 03 06
01-15 03:50:42.700   860   860 I         : [GTP-INF][goodix_parse_firmware:399] Firmware chip type:0x98
01-15 03:50:42.700   860   860 I         : [GTP-INF][goodix_parse_firmware:401] Firmware bus type:I2C
01-15 03:50:42.700   860   860 I         : [GTP-INF][goodix_parse_firmware:402] Firmware size:199160
01-15 03:50:42.700   860   860 I         : [GTP-INF][goodix_parse_firmware:403] Firmware subsystem num:7
01-15 03:50:42.701   860   860 I [GTP-INF][brl_read_version:716] rom_pid: BERLIN
01-15 03:50:42.701   860   860 I [GTP-INF][brl_read_version:718] rom_vid: 02 00 04
01-15 03:50:42.701   860   860 I [GTP-INF][brl_read_version:719] pid: 9916P
01-15 03:50:42.701   860   860 I [GTP-INF][brl_read_version:721] vid: 0c 80 03 06
01-15 03:50:42.701   860   860 I [GTP-INF][brl_read_version:722] sensor_id: 255
01-15 03:50:42.701   860   860 I         : [GTP-INF][goodix_fw_version_compare:474] fw_version equal
01-15 03:50:42.701   860   860 I         : [GTP-INF][goodix_fw_version_compare:487] config_id equal
01-15 03:50:42.701   860   860 I         : [GTP-INF][goodix_fw_update_proc:953] no need to upgrade
01-15 03:50:42.701   860   860 I         : [GTP-INF][goodix_fw_update_thread:1280] fw update success
01-15 03:50:42.701   860   860 I         : [GTP-INF][goodix_do_fw_update:1307] fw update return 0
01-15 03:50:42.701   860   860 I [GTP-INF][brl_read_version:716] rom_pid: BERLIN
01-15 03:50:42.701   860   860 I [GTP-INF][brl_read_version:718] rom_vid: 02 00 04
01-15 03:50:42.701   860   860 I [GTP-INF][brl_read_version:719] pid: 9916P
01-15 03:50:42.701   860   860 I [GTP-INF][brl_read_version:721] vid: 0c 80 03 06
01-15 03:50:42.701   860   860 I [GTP-INF][brl_read_version:722] sensor_id: 255
01-15 03:50:42.702   860   860 I [GTP-INF][print_ic_info:865] ic_info_length: 197
01-15 03:50:42.702   860   860 I [GTP-INF][print_ic_info:867] info_customer_id: 0x2
01-15 03:50:42.702   860   860 I [GTP-INF][print_ic_info:869] info_version_id: 0x0
01-15 03:50:42.702   860   860 I [GTP-INF][print_ic_info:871] ic_die_id: 0x11
01-15 03:50:42.702   860   860 I [GTP-INF][print_ic_info:873] ic_version_id: 0x0
01-15 03:50:42.702   860   860 I [GTP-INF][print_ic_info:875] config_id: 0x65DD39F2
01-15 03:50:42.702   860   860 I [GTP-INF][print_ic_info:877] config_version: 0xD
01-15 03:50:42.702   860   860 I [GTP-INF][print_ic_info:879] frame_data_customer_id: 0x1
01-15 03:50:42.702   860   860 I [GTP-INF][print_ic_info:881] frame_data_version_id: 0x0
01-15 03:50:42.702   860   860 I [GTP-INF][print_ic_info:883] touch_data_customer_id: 0x1
01-15 03:50:42.702   860   860 I [GTP-INF][print_ic_info:885] touch_data_version_id: 0x24
01-15 03:50:42.702   860   860 I [GTP-INF][print_ic_info:888] freqhop_feature: 0x0000
01-15 03:50:42.702   860   860 I [GTP-INF][print_ic_info:890] calibration_feature: 0x0000
01-15 03:50:42.702   860   860 I [GTP-INF][print_ic_info:892] gesture_feature: 0x0000
01-15 03:50:42.702   860   860 I [GTP-INF][print_ic_info:894] side_touch_feature: 0x0000
01-15 03:50:42.702   860   860 I [GTP-INF][print_ic_info:896] stylus_feature: 0x0000
01-15 03:50:42.702   860   860 I         : [GTP-INF][print_ic_info:900] Drv*Sen,Button,Force num:      16 x 36, 0, 0
01-15 03:50:42.702   860   860 I [GTP-INF][print_ic_info:903] Cmd: 0x10174, 16
01-15 03:50:42.702   860   860 I [GTP-INF][print_ic_info:905] Cmd-Reply: 0x10184, 16
01-15 03:50:42.702   860   860 I [GTP-INF][print_ic_info:907] FW-State: 0x10218, 92
01-15 03:50:42.702   860   860 I [GTP-INF][print_ic_info:909] FW-Buffer: 0x12164, 4200
01-15 03:50:42.702   860   860 I [GTP-INF][print_ic_info:911] Touch-Data: 0x10308, 8
01-15 03:50:42.702   860   860 I [GTP-INF][print_ic_info:913] point_struct_len: 8
01-15 03:50:42.702   860   860 I [GTP-INF][print_ic_info:915] mutual_rawdata_addr: 0x13D48
01-15 03:50:42.702   860   860 I [GTP-INF][print_ic_info:917] mutual_diffdata_addr: 0x10DFC
01-15 03:50:42.702   860   860 I [GTP-INF][print_ic_info:919] self_rawdata_addr: 0x13690
01-15 03:50:42.702   860   860 I [GTP-INF][print_ic_info:921] self_diffdata_addr: 0x13618
01-15 03:50:42.702   860   860 I [GTP-INF][print_ic_info:923] stylus_rawdata_addr: 0x10654, 0
01-15 03:50:42.702   860   860 I [GTP-INF][print_ic_info:925] esd_addr: 0x10170
01-15 03:50:42.702   860   860 I         : [GTP-INF][goodix_send_ic_config:2205] config id is equal 0x65dd39f2, skiped
01-15 03:50:42.702   860   860 I input   : goodix_ts as /devices/platform/soc/ac0000.qcom,qupv3_1_geni_se/a90000.spi/spi_master/spi0/spi0.0/input/input64
01-15 03:50:42.702   860   860 I [GTP-INF][goodix_ts_irq_setup:1407] IRQ: 337,flags:2
01-15 03:50:42.702   860   860 I         : [GTP-INF][goodix_ts_stage2_init:2148] success register irq
01-15 03:50:42.702   860   860 I         : [GTP-INF][goodix_register_ext_module_no_wait:191] IN
01-15 03:50:42.702   860   860 I         : [GTP-INF][__do_register_ext_module:126] Module [Goodix_gsx_gesture] registered,priority:2
01-15 03:50:42.702   860   860 I         : [GTP-INF][gesture_module_init:427] gesture module init success
01-15 03:50:42.702   860   860 I         : [GTP-INF][inspect_module_init:2963] inspect module init success
01-15 03:50:42.796     1     1 I make_f2fs:  
01-15 03:50:42.796     1     1 I make_f2fs: F2FS-tools: mkfs.f2fs Ver: 1.14.0 (2020-08-24)
01-15 03:50:42.796     1     1 I make_f2fs:  
01-15 03:50:42.796     1     1 I make_f2fs: Info: Disable heap-based policy
01-15 03:50:42.796     1     1 I make_f2fs: Info: Debug level = 1
01-15 03:50:42.796     1     1 I make_f2fs: Info: Trim is enabled
01-15 03:50:42.796     1     1 I make_f2fs: Info: Set conf for android
01-15 03:50:42.796     1     1 I make_f2fs: Info: Enable Project quota
01-15 03:50:42.796     1     1 I make_f2fs: Info: not exist /proc/version!
01-15 03:50:42.796     1     1 I make_f2fs: Info: wanted sectors = 16384 (in 4096 bytes)
01-15 03:50:42.867     1     1 I F2FS-fs (sda9): Found nat_bits in checkpoint
01-15 03:50:42.870     1     1 I F2FS-fs (sda9): Mounted with checkpoint version = 77ecc329
01-15 03:50:42.873     1     1 I EXT4-fs (sda2): mounted filesystem with ordered data mode. Opts: barrier=1. Quota mode: none.
01-15 03:50:42.876     1     1 I EXT4-fs (sde11): mounted filesystem with ordered data mode. Opts: barrier=1. Quota mode: none.
01-15 03:50:42.878     1     1 I EXT4-fs (sde21): mounted filesystem with ordered data mode. Opts: barrier=1. Quota mode: none.
01-15 03:50:42.880     1     1 I EXT4-fs (sde80): mounted filesystem with ordered data mode. Opts: barrier=1. Quota mode: none.
01-15 03:50:42.897   166   166 W ipa 3e00000.qcom,ipa: Direct firmware load for ipa_fws.b04 failed with error -2
01-15 03:50:42.897   166   166 W ipa 3e00000.qcom,ipa: Falling back to sysfs fallback for: ipa_fws.b04
01-15 03:50:42.898     1     1 W FAT-fs (sde25): Volume was not properly unmounted. Some data may be corrupt. Please run fsck.
01-15 03:50:42.935   973   973 D vdc     : Waited 0ms for vold
01-15 03:50:43.007   977   977 I remoteproc0: attaching to 188101c.remoteproc-spss
01-15 03:50:43.007   408   408 I qcom_spss 188101c.remoteproc-spss: SW_INIT_DONE - 2nd phase loading [188101c.remoteproc-spss] completed ok
01-15 03:50:43.007   408   408 I qcom_spss 188101c.remoteproc-spss: PBL_DONE - 1st phase loading [188101c.remoteproc-spss] completed ok
01-15 03:50:43.007   977   977 I qcom_spss 188101c.remoteproc-spss: Iteration: [0x0], Debug Data1: [0x105], Debug Data2: [0xc2]
01-15 03:50:43.007   977   977 I qcom_spss 188101c.remoteproc-spss: Iteration: [0x1], Debug Data1: [0x5554], Debug Data2: [0xf004]
01-15 03:50:43.007   977   977 I qcom_spss 188101c.remoteproc-spss: Iteration: [0x2], Debug Data1: [0x6], Debug Data2: [0x0]
01-15 03:50:43.015   977   977 I spss_utils [spss_utils_rproc_callback]: QCOM_SSR_AFTER_POWERUP] event.
01-15 03:50:43.015   977   977 I remoteproc0: remote processor 188101c.remoteproc-spss is now attached
01-15 03:50:43.015   977   977 I spcom   : spcom_ioctl_handle_restart_spu_command: FW loading process is complete
01-15 03:50:43.019   983   983 E ipa3_ioctl: 2868 IPA not ready, waiting for init completion
01-15 03:50:43.026   165   165 W msm-cdc-pinctrl soc: wsa_spkr_en1_pinctrl: deferred probe timeout, ignoring dependency
01-15 03:50:43.026   324   324 I spcom   : spcom_rpdev_probe: Signal link up
01-15 03:50:43.027   165   165 W msm-cdc-pinctrl soc: wsa_spkr_en1_pinctrl: deferred probe timeout, ignoring dependency
01-15 03:50:43.061  1005  1005 D vdc     : Waited 0ms for vold
01-15 03:50:43.064   981   981 W gh_secure_vm_loader soc: gh-secure-vm-loader@2: Direct firmware load for cpusys_vm.mdt failed with error -2
01-15 03:50:43.064   981   981 W gh_secure_vm_loader soc: gh-secure-vm-loader@2: Falling back to sysfs fallback for: cpusys_vm.mdt
01-15 03:50:43.083  1011  1011 D vdc     : Waited 0ms for vold
01-15 03:50:43.097    95    95 W msm-cdc-pinctrl soc: wsa_spkr_en1_pinctrl: deferred probe timeout, ignoring dependency
01-15 03:50:43.111   166   166 W ipa 3e00000.qcom,ipa: Direct firmware load for ipa_fws.b01 failed with error -2
01-15 03:50:43.111   166   166 W ipa 3e00000.qcom,ipa: Falling back to sysfs fallback for: ipa_fws.b01
01-15 03:50:43.113   888   888 E vold    : keystore2 Keystore generateKey returned service specific error: -67
01-15 03:50:43.113   888   888 W vold    : Failed to generate rollback-resistant key.  This is expected if keystore doesn't support rollback resistance.  Falling back to non-rollback-resistant key.
01-15 03:50:43.114   981   981 W gh_secure_vm_loader soc: gh-secure-vm-loader@2: Direct firmware load for cpusys_vm.b03 failed with error -2
01-15 03:50:43.114   981   981 W gh_secure_vm_loader soc: gh-secure-vm-loader@2: Falling back to sysfs fallback for: cpusys_vm.b03
01-15 03:50:43.118   166   166 W ipa 3e00000.qcom,ipa: Direct firmware load for ipa_fws.b02 failed with error -2
01-15 03:50:43.118   166   166 W ipa 3e00000.qcom,ipa: Falling back to sysfs fallback for: ipa_fws.b02
01-15 03:50:43.120   981   981 W gh_secure_vm_loader soc: gh-secure-vm-loader@2: Direct firmware load for cpusys_vm.b01 failed with error -2
01-15 03:50:43.120   981   981 W gh_secure_vm_loader soc: gh-secure-vm-loader@2: Falling back to sysfs fallback for: cpusys_vm.b01
01-15 03:50:43.122   166   166 W ipa 3e00000.qcom,ipa: Direct firmware load for ipa_fws.b03 failed with error -2
01-15 03:50:43.122   166   166 W ipa 3e00000.qcom,ipa: Falling back to sysfs fallback for: ipa_fws.b03
01-15 03:50:43.125   981   981 W gh_secure_vm_loader soc: gh-secure-vm-loader@2: Direct firmware load for cpusys_vm.b02 failed with error -2
01-15 03:50:43.125   981   981 W gh_secure_vm_loader soc: gh-secure-vm-loader@2: Falling back to sysfs fallback for: cpusys_vm.b02
01-15 03:50:43.135   166   166 I         : IPA FW loaded successfully
01-15 03:50:43.137   166   166 E gsi soc : qcom,msm_gsi: gsi_register_device:1548 GSI irq is wake enabled 249
01-15 03:50:43.146   166   166 E ipa3_rmnet_ctl_register_pm_client: 739 rmnet_ctl register done
01-15 03:50:43.146   166   166 E ipa3_rmnet_ll_register_pm_client: 964 rmnet_ll register done
01-15 03:50:43.146   166   166 I         : IPA driver is now in ready state
01-15 03:50:43.146   166   166 I ipa_ut_module_init: 1036 Loading IPA test module...
01-15 03:50:43.146   740   740 I         : rmnet_ipa3 started initialization
01-15 03:50:43.146   740   740 I         : IPA SSR support = True
01-15 03:50:43.146   740   740 I         : IPA SG support = True
01-15 03:50:43.146   740   740 I         : IPA Napi Enable = True
01-15 03:50:43.146   740   740 I         : using default for wan-rx-desc-size = 256
01-15 03:50:43.146   166   166 E ipa-lnx-stats ipa_tlpd_stats_ioctl_init: 1905 IPA ipa_lnx_stats_ioctl major(464) initial ok :>>>>
01-15 03:50:43.146   166   166 E ipa-lnx-stats ipa_tlpd_stats_init: 1928 IPA_LNX_STATS_IOCTL init success
01-15 03:50:43.146   166   166 I         : IPA driver initialization was successful.
01-15 03:50:43.147   740   740 E ipa-wan ipa3_wwan_register_netdev_pm_client: 3498 rmnet_ipa%d register done
01-15 03:50:43.147   740   740 E ipa-wan ipa3_wwan_probe: 3693 rmnet_ipa completed initialization
01-15 03:50:43.151   166   166 W msm-cdc-pinctrl soc: wsa_spkr_en1_pinctrl: deferred probe timeout, ignoring dependency
01-15 03:50:43.190   713   713 I gunyah  : VM: 50 status 2 complete
01-15 03:50:43.191   981   981 I gh_proxy_sched: Skip populating VCPU affinity info for VM=50
01-15 03:50:43.191   981   981 I gh_proxy_sched: Skip populating VCPU affinity info for VM=50
01-15 03:50:43.191   981   981 I gh_proxy_sched: Skip populating VCPU affinity info for VM=50
01-15 03:50:43.191   981   981 I gh_proxy_sched: Skip populating VCPU affinity info for VM=50
01-15 03:50:43.191   981   981 I gh_proxy_sched: Skip populating VCPU affinity info for VM=50
01-15 03:50:43.191   981   981 I gh_proxy_sched: Skip populating VCPU affinity info for VM=50
01-15 03:50:43.191   981   981 I gh_proxy_sched: Skip populating VCPU affinity info for VM=50
01-15 03:50:43.192   981   981 I gh_proxy_sched: Skip populating VCPU affinity info for VM=50
01-15 03:50:43.192   981   981 I gh_proxy_sched: Proxy Scheduling isn't supported for VM=50
01-15 03:50:43.197  1040  1040 I gunyah  : VM:50 started running
01-15 03:50:43.202   888   888 I make_f2fs:  
01-15 03:50:43.202   888   888 I make_f2fs: F2FS-tools: mkfs.f2fs Ver: 1.14.0 (2020-08-24)
01-15 03:50:43.202   888   888 I make_f2fs:  
01-15 03:50:43.202   888   888 I make_f2fs: Info: Disable heap-based policy
01-15 03:50:43.202   888   888 I make_f2fs: Info: Debug level = 1
01-15 03:50:43.202   888   888 I make_f2fs: Info: Trim is enabled
01-15 03:50:43.202   888   888 I make_f2fs: Info: Set conf for android
01-15 03:50:43.202   888   888 I make_f2fs: Info: Enable utf8 with casefolding
01-15 03:50:43.202   888   888 I make_f2fs: Info: Enable Project quota
01-15 03:50:43.202   888   888 I make_f2fs: Info: not exist /proc/version!
01-15 03:50:43.203  1039  1039 I tmecom-qmp-client soc: qcom,tmecom-qmp-client: response received
01-15 03:50:43.483   888   888 I F2FS-fs (dm-14): Using encoding defined by superblock: utf8-12.1.0 with flags 0x0
01-15 03:50:43.530   888   888 I F2FS-fs (dm-14): Found nat_bits in checkpoint
01-15 03:50:43.564   888   888 W F2FS-fs (dm-14): Start checkpoint disabled!
01-15 03:50:43.565   888   888 I F2FS-fs (dm-14): Mounted with checkpoint version = 65863b90
01-15 03:50:43.591  1047  1047 D vdc     : Waited 0ms for vold
01-15 03:50:43.610  1049  1049 D vdc     : Waited 0ms for vold
01-15 03:50:43.631   888   888 E vold    : keystore2 Keystore generateKey returned service specific error: -67
01-15 03:50:43.631   888   888 W vold    : Failed to generate rollback-resistant key.  This is expected if keystore doesn't support rollback resistance.  Falling back to non-rollback-resistant key.
01-15 03:50:43.755     1     1 I fscrypt : AES-256-CTS-CBC using implementation "cts-cbc-aes-ce"
01-15 03:50:43.781  1052  1052 D vdc     : Waited 0ms for vold
01-15 03:50:43.851  1056  1056 I apexd   : This device does not support updatable APEX. Exiting
01-15 03:50:43.851  1056  1056 I apexd   : Marking APEXd as activated
01-15 03:50:43.967  1061  1061 D vdc     : Waited 0ms for vold
01-15 03:50:44.007   888   888 E vold    : keystore2 Keystore generateKey returned service specific error: -67
01-15 03:50:44.007   888   888 W vold    : Failed to generate rollback-resistant key.  This is expected if keystore doesn't support rollback resistance.  Falling back to non-rollback-resistant key.
01-15 03:50:44.027   888   888 E vold    : keystore2 Keystore generateKey returned service specific error: -67
01-15 03:50:44.027   888   888 W vold    : Failed to generate rollback-resistant key.  This is expected if keystore doesn't support rollback resistance.  Falling back to non-rollback-resistant key.
01-15 03:50:44.361  1067  1067 I apexd   : This device does not support updatable APEX. Exiting
01-15 03:50:44.361  1067  1067 I apexd   : Marking APEXd as ready
01-15 03:50:44.402   206   206 I         : Mass Storage Function, version: 2009/09/11
01-15 03:50:44.402   206   206 I LUN     : removable file: (no medium)
01-15 03:50:44.404   206   206 I         : file system registered
01-15 03:50:44.405   206   206 I f_cdev_alloc: port_name:at_usb0 (ffffff880a49e000) portno:(0)
01-15 03:50:44.406   206   206 I f_cdev_alloc: port_name:at_usb1 (ffffff880a49f800) portno:(1)
01-15 03:50:44.407   206   206 I f_cdev_alloc: port_name:at_usb2 (ffffff880a49c000) portno:(2)
01-15 03:50:44.411   206   206 W         : using random self ethernet address
01-15 03:50:44.411   206   206 W         : using random host ethernet address
01-15 03:50:44.691    95    95 I msm_pcie_enable: PCIe: Assert the reset of endpoint of RC0.
01-15 03:50:44.695    95    95 I msm_pcie_enable: PCIe: RC0: PCIE20_PARF_INT_ALL_MASK: 0x7f80d202
01-15 03:50:44.697    95    95 I pcie_phy_init: PCIe RC0 PHY is ready!
01-15 03:50:44.707    95    95 I msm_pcie_enable: PCIe: Release the reset of endpoint of RC0.
01-15 03:50:44.724    95    95 I msm_pcie_link_train: PCIe RC0 link initialized
01-15 03:50:44.743     1     1 E         : WARNING: Unprivileged eBPF is enabled, data leaks possible via Spectre v2 BHB attacks!
01-15 03:50:44.776   565   565 W cnss_pci 0000: 01:00.0: Direct firmware load for kiwi/amss20.bin failed with error -2
01-15 03:50:44.776   565   565 W cnss_pci 0000: 01:00.0: Falling back to sysfs fallback for: kiwi/amss20.bin
01-15 03:50:45.037     1     1 I init    : Service 'e2p-sh' (pid 1097) exited with status 0 oneshot service took 0.346000 seconds in background
01-15 03:50:45.037     1     1 I init    : Sending signal 9 to service 'e2p-sh' (pid 1097) process group...
01-15 03:50:45.037     1     1 I libprocessgroup: Successfully killed process cgroup uid 0 pid 1097 in 0ms
01-15 03:50:45.074     1     1 I init    : Service 'bpfloader' (pid 1117) exited with status 0 waiting took 0.330000 seconds
01-15 03:50:45.074     1     1 I init    : Sending signal 9 to service 'bpfloader' (pid 1117) process group...
01-15 03:50:45.075     1     1 I libprocessgroup: Successfully killed process cgroup uid 0 pid 1117 in 0ms
01-15 03:50:45.075     1     1 I init    : processing action (ro.crypto.state=encrypted && ro.crypto.type=file && zygote-start) from (/system/etc/init/hw/init.rc:1067)
01-15 03:50:45.075     1     1 I init    : start_waiting_for_property("odsign.verification.done", "1"): already set
01-15 03:50:45.076     1     1 I init    : starting service 'update_verifier_nonencrypted'...
01-15 03:50:45.078     1     1 I init    : SVC_EXEC service 'update_verifier_nonencrypted' pid 1188 (uid 0 gid 2001+1 context default) started; waiting...
01-15 03:50:45.092  1188  1188 I update_verifier: Started with arg 1: nonencrypted
01-15 03:50:45.094  1188  1188 I update_verifier: Booting slot 0: isSlotMarkedSuccessful=0
01-15 03:50:45.094  1188  1188 E update_verifier: /data/ota_package/care_map.pb doesn't exist
01-15 03:50:45.094  1188  1188 W update_verifier: Failed to parse the care map file, skipping verification
01-15 03:50:45.095  1188  1188 I update_verifier: Deferred marking slot 0 as booted successfully.
01-15 03:50:45.095  1188  1188 I update_verifier: Leaving update_verifier.
01-15 03:50:45.204    81    81 I cfg80211: failed to load regulatory.db
01-15 03:50:45.249    95    95 W msm-cdc-pinctrl soc: wsa_spkr_en1_pinctrl: deferred probe timeout, ignoring dependency
01-15 03:50:45.251    95    95 W msm-cdc-pinctrl soc: wsa_spkr_en1_pinctrl: deferred probe timeout, ignoring dependency
01-15 03:50:45.252    95    95 W msm-cdc-pinctrl soc: wsa_spkr_en1_pinctrl: deferred probe timeout, ignoring dependency
01-15 03:50:45.254    95    95 I cnss    : QMI WLFW service connected, state: 0x2c00009
01-15 03:50:45.282  1224  1224 I ueventd : firmware: loading 'kiwi/regdb.bin' for '/devices/platform/soc/b0000000.qcom,cnss-qca-converged/firmware/kiwi!regdb.bin'
01-15 03:50:45.283  1224  1224 I ueventd : loading /devices/platform/soc/b0000000.qcom,cnss-qca-converged/firmware/kiwi!regdb.bin took 1ms
01-15 03:50:45.300  1227  1227 I ueventd : firmware: loading 'kiwi/bdwlan.e30' for '/devices/platform/soc/b0000000.qcom,cnss-qca-converged/firmware/kiwi!bdwlan.e30'
01-15 03:50:45.301  1227  1227 I ueventd : loading /devices/platform/soc/b0000000.qcom,cnss-qca-converged/firmware/kiwi!bdwlan.e30 took 1ms
01-15 03:50:45.341    95    95 I cnss    : Host BDF config: HW_XPA: 1 CalDB: 0
01-15 03:50:45.349  1231  1231 I ueventd : firmware: loading 'kiwi/phy_ucode20.elf' for '/devices/platform/soc/1c00000.qcom,pcie/pci0000:00/0000:00:00.0/0000:01:00.0/firmware/kiwi!phy_ucode20.elf'
01-15 03:50:45.350  1231  1231 I ueventd : loading /devices/platform/soc/1c00000.qcom,pcie/pci0000:00/0000:00:00.0/0000:01:00.0/firmware/kiwi!phy_ucode20.elf took 1ms
01-15 03:50:45.356  1232  1232 I ueventd : firmware: loading 'kiwi/qdss_trace_config_debug_v2.cfg' for '/devices/platform/soc/b0000000.qcom,cnss-qca-converged/firmware/kiwi!qdss_trace_config_debug_v2.cfg'
01-15 03:50:45.356  1232  1232 E ueventd : firmware: could not find firmware for kiwi/qdss_trace_config_debug_v2.cfg
01-15 03:50:45.356  1232  1232 E ueventd : firmware: attempted /etc/firmware/kiwi/qdss_trace_config_debug_v2.cfg, open failed: No such file or directory
01-15 03:50:45.356  1232  1232 E ueventd : firmware: attempted /odm/firmware/kiwi/qdss_trace_config_debug_v2.cfg, open failed: No such file or directory
01-15 03:50:45.374    95    95 I cnss    : CAL DB file not required as per BDF
01-15 03:50:45.435   713   713 I remoteproc1: powering up 3000000.remoteproc-adsp
01-15 03:50:45.435   713   713 W remoteproc1: Direct firmware load for adsp.mdt failed with error -2
01-15 03:50:45.435   713   713 W remoteproc1: Falling back to sysfs fallback for: adsp.mdt
01-15 03:50:45.437  1239  1239 I remoteproc2: powering up 32300000.remoteproc-cdsp
01-15 03:50:45.437  1239  1239 W remoteproc2: Direct firmware load for cdsp.mdt failed with error -2
01-15 03:50:45.437  1239  1239 W remoteproc2: Falling back to sysfs fallback for: cdsp.mdt
01-15 03:50:45.438  1240  1240 I msm_cvp : sess: init.qti.write. opening cvp instance: ffffff8820d24000 type 3 cnt 0
01-15 03:50:45.444   713   713 I remoteproc1: Booting fw image adsp.mdt, size 8364
01-15 03:50:45.444   713   713 W qcom_q6v5_pas 3000000.remoteproc-adsp: Direct firmware load for adsp_dtb.mdt failed with error -2
01-15 03:50:45.444   713   713 W qcom_q6v5_pas 3000000.remoteproc-adsp: Falling back to sysfs fallback for: adsp_dtb.mdt
01-15 03:50:45.445  1240  1240 I msm_cvp : pwr: cvp (eva) powered on
01-15 03:50:45.445  1240  1240 W msm_cvp ab00000.qcom,cvp: Direct firmware load for evass.mbn failed with error -2
01-15 03:50:45.445  1240  1240 W msm_cvp ab00000.qcom,cvp: Falling back to sysfs fallback for: evass.mbn
01-15 03:50:45.457  1239  1239 I remoteproc2: Booting fw image cdsp.mdt, size 5084
01-15 03:50:45.457  1239  1239 W qcom_q6v5_pas 32300000.remoteproc-cdsp: Direct firmware load for cdsp_dtb.mdt failed with error -2
01-15 03:50:45.457  1239  1239 W qcom_q6v5_pas 32300000.remoteproc-cdsp: Falling back to sysfs fallback for: cdsp_dtb.mdt
01-15 03:50:45.464  1242  1242 I         : read descriptors
01-15 03:50:45.464  1242  1242 I         : read strings
01-15 03:50:45.464  1242  1242 I         : read descriptors
01-15 03:50:45.464  1242  1242 I         : read strings
01-15 03:50:45.464   713   713 W qcom_q6v5_pas 3000000.remoteproc-adsp: Direct firmware load for adsp_dtb.b02 failed with error -2
01-15 03:50:45.464   713   713 W qcom_q6v5_pas 3000000.remoteproc-adsp: Falling back to sysfs fallback for: adsp_dtb.b02
01-15 03:50:45.468  1242  1242 I         : read descriptors
01-15 03:50:45.468  1242  1242 I         : read strings
01-15 03:50:45.476  1239  1239 W qcom_q6v5_pas 32300000.remoteproc-cdsp: Direct firmware load for cdsp_dtb.b02 failed with error -2
01-15 03:50:45.476  1239  1239 W qcom_q6v5_pas 32300000.remoteproc-cdsp: Falling back to sysfs fallback for: cdsp_dtb.b02
01-15 03:50:45.483   713   713 W qcom_q6v5_pas 3000000.remoteproc-adsp: Direct firmware load for adsp_dtb.b01 failed with error -2
01-15 03:50:45.483   713   713 W qcom_q6v5_pas 3000000.remoteproc-adsp: Falling back to sysfs fallback for: adsp_dtb.b01
01-15 03:50:45.492  1239  1239 W qcom_q6v5_pas 32300000.remoteproc-cdsp: Direct firmware load for cdsp_dtb.b01 failed with error -2
01-15 03:50:45.492  1239  1239 W qcom_q6v5_pas 32300000.remoteproc-cdsp: Falling back to sysfs fallback for: cdsp_dtb.b01
01-15 03:50:45.496   713   713 I adsprpc : fastrpc_restart_notifier_cb: subsystem lpass is about to start
01-15 03:50:45.506   716   716 I msm_cvp : fw: <CFW_E:HostDr:--------:-> [12802256]: VenusHostDriver_SetSysProperty(595): QC_IMAGE_VERSION_STRING=EVA.FIRMWARE.3.1-15
01-15 03:50:45.506  1240  1240 E synx    : session 0 not available, pid: 1240
01-15 03:50:45.506  1240  1240 E synx    : synx_uninitialize: invalid session id 0
01-15 03:50:45.506  1240  1240 I msm_cvp : init.qti.write.: closed cvp instance: ffffff8820d24000 session_id = 0 type 3 0
01-15 03:50:45.510   713   713 W qcom_q6v5_pas 3000000.remoteproc-adsp: Direct firmware load for adsp.b56 failed with error -2
01-15 03:50:45.510   713   713 W qcom_q6v5_pas 3000000.remoteproc-adsp: Falling back to sysfs fallback for: adsp.b56
01-15 03:50:45.511  1239  1239 I adsprpc : fastrpc_restart_notifier_cb: subsystem cdsp is about to start
01-15 03:50:45.521  1239  1239 W qcom_q6v5_pas 32300000.remoteproc-cdsp: Direct firmware load for cdsp.b15 failed with error -2
01-15 03:50:45.521  1239  1239 W qcom_q6v5_pas 32300000.remoteproc-cdsp: Falling back to sysfs fallback for: cdsp.b15
01-15 03:50:45.529  1299  1299 E smcinvoke: process_accept_req: Setting pid:1299, server id : 32 state to defunct
01-15 03:50:45.530  1301  1301 E smcinvoke: process_accept_req: Setting pid:1301, server id : 31 state to defunct
01-15 03:50:45.531  1295  1295 E smcinvoke: process_accept_req: Setting pid:1295, server id : 32 state to defunct
01-15 03:50:45.531  1298  1298 E smcinvoke: process_accept_req: Setting pid:1298, server id : 31 state to defunct
01-15 03:50:45.531  1292  1292 E smcinvoke: process_accept_req: Setting pid:1292, server id : 32 state to defunct
01-15 03:50:45.532  1293  1293 E smcinvoke: process_accept_req: Setting pid:1293, server id : 31 state to defunct
01-15 03:50:45.532  1291  1291 E smcinvoke: process_accept_req: Setting pid:1291, server id : 31 state to defunct
01-15 03:50:45.565   713   713 W qcom_q6v5_pas 3000000.remoteproc-adsp: Direct firmware load for adsp.b01 failed with error -2
01-15 03:50:45.565   713   713 W qcom_q6v5_pas 3000000.remoteproc-adsp: Falling back to sysfs fallback for: adsp.b01
01-15 03:50:45.568  1239  1239 W qcom_q6v5_pas 32300000.remoteproc-cdsp: Direct firmware load for cdsp.b01 failed with error -2
01-15 03:50:45.568  1239  1239 W qcom_q6v5_pas 32300000.remoteproc-cdsp: Falling back to sysfs fallback for: cdsp.b01
01-15 03:50:45.588   713   713 W qcom_q6v5_pas 3000000.remoteproc-adsp: Direct firmware load for adsp.b02 failed with error -2
01-15 03:50:45.588   713   713 W qcom_q6v5_pas 3000000.remoteproc-adsp: Falling back to sysfs fallback for: adsp.b02
01-15 03:50:45.602  1239  1239 W qcom_q6v5_pas 32300000.remoteproc-cdsp: Direct firmware load for cdsp.b02 failed with error -2
01-15 03:50:45.602  1239  1239 W qcom_q6v5_pas 32300000.remoteproc-cdsp: Falling back to sysfs fallback for: cdsp.b02
01-15 03:50:45.642   713   713 W qcom_q6v5_pas 3000000.remoteproc-adsp: Direct firmware load for adsp.b03 failed with error -2
01-15 03:50:45.642   713   713 W qcom_q6v5_pas 3000000.remoteproc-adsp: Falling back to sysfs fallback for: adsp.b03
01-15 03:50:45.642  1239  1239 W qcom_q6v5_pas 32300000.remoteproc-cdsp: Direct firmware load for cdsp.b03 failed with error -2
01-15 03:50:45.642  1239  1239 W qcom_q6v5_pas 32300000.remoteproc-cdsp: Falling back to sysfs fallback for: cdsp.b03
01-15 03:50:45.660   713   713 W qcom_q6v5_pas 3000000.remoteproc-adsp: Direct firmware load for adsp.b04 failed with error -2
01-15 03:50:45.660   713   713 W qcom_q6v5_pas 3000000.remoteproc-adsp: Falling back to sysfs fallback for: adsp.b04
01-15 03:50:45.682  1381  1381 E smcinvoke: process_accept_req: Setting pid:1381, server id : 36 state to defunct
01-15 03:50:45.683  1380  1380 E smcinvoke: process_accept_req: Setting pid:1380, server id : 36 state to defunct
01-15 03:50:45.684  1379  1379 E smcinvoke: process_accept_req: Setting pid:1379, server id : 36 state to defunct
01-15 03:50:45.687  1239  1239 W qcom_q6v5_pas 32300000.remoteproc-cdsp: Direct firmware load for cdsp.b04 failed with error -2
01-15 03:50:45.687  1239  1239 W qcom_q6v5_pas 32300000.remoteproc-cdsp: Falling back to sysfs fallback for: cdsp.b04
01-15 03:50:45.696   713   713 W qcom_q6v5_pas 3000000.remoteproc-adsp: Direct firmware load for adsp.b05 failed with error -2
01-15 03:50:45.696   713   713 W qcom_q6v5_pas 3000000.remoteproc-adsp: Falling back to sysfs fallback for: adsp.b05
01-15 03:50:45.718   713   713 W qcom_q6v5_pas 3000000.remoteproc-adsp: Direct firmware load for adsp.b06 failed with error -2
01-15 03:50:45.718   713   713 W qcom_q6v5_pas 3000000.remoteproc-adsp: Falling back to sysfs fallback for: adsp.b06
01-15 03:50:45.722  1239  1239 W qcom_q6v5_pas 32300000.remoteproc-cdsp: Direct firmware load for cdsp.b05 failed with error -2
01-15 03:50:45.722  1239  1239 W qcom_q6v5_pas 32300000.remoteproc-cdsp: Falling back to sysfs fallback for: cdsp.b05
01-15 03:50:45.737   713   713 W qcom_q6v5_pas 3000000.remoteproc-adsp: Direct firmware load for adsp.b07 failed with error -2
01-15 03:50:45.737   713   713 W qcom_q6v5_pas 3000000.remoteproc-adsp: Falling back to sysfs fallback for: adsp.b07
01-15 03:50:45.753  1239  1239 W qcom_q6v5_pas 32300000.remoteproc-cdsp: Direct firmware load for cdsp.b06 failed with error -2
01-15 03:50:45.753  1239  1239 W qcom_q6v5_pas 32300000.remoteproc-cdsp: Falling back to sysfs fallback for: cdsp.b06
01-15 03:50:45.757   713   713 W qcom_q6v5_pas 3000000.remoteproc-adsp: Direct firmware load for adsp.b08 failed with error -2
01-15 03:50:45.757   713   713 W qcom_q6v5_pas 3000000.remoteproc-adsp: Falling back to sysfs fallback for: adsp.b08
01-15 03:50:45.764  1357  1357 W kgsl-3d 3d00000.qcom,kgsl-3d0: Direct firmware load for a740_sqe.fw failed with error -2
01-15 03:50:45.764  1357  1357 W kgsl-3d 3d00000.qcom,kgsl-3d0: Falling back to sysfs fallback for: a740_sqe.fw
01-15 03:50:45.782  1239  1239 W qcom_q6v5_pas 32300000.remoteproc-cdsp: Direct firmware load for cdsp.b07 failed with error -2
01-15 03:50:45.782  1239  1239 W qcom_q6v5_pas 32300000.remoteproc-cdsp: Falling back to sysfs fallback for: cdsp.b07
01-15 03:50:45.788   713   713 W qcom_q6v5_pas 3000000.remoteproc-adsp: Direct firmware load for adsp.b09 failed with error -2
01-15 03:50:45.788   713   713 W qcom_q6v5_pas 3000000.remoteproc-adsp: Falling back to sysfs fallback for: adsp.b09
01-15 03:50:45.794  1272  1272 E smcinvoke: prepare_send_scm_msg: Secure side is busy,will retry after 30 ms, retry_count = 0
01-15 03:50:45.803  1357  1357 W adreno-gen7-gmu 3d68000.qcom,gmu: Direct firmware load for gmu_gen70200.bin failed with error -2
01-15 03:50:45.803  1357  1357 W adreno-gen7-gmu 3d68000.qcom,gmu: Falling back to sysfs fallback for: gmu_gen70200.bin
01-15 03:50:45.806  1239  1239 W qcom_q6v5_pas 32300000.remoteproc-cdsp: Direct firmware load for cdsp.b08 failed with error -2
01-15 03:50:45.806  1239  1239 W qcom_q6v5_pas 32300000.remoteproc-cdsp: Falling back to sysfs fallback for: cdsp.b08
01-15 03:50:45.834   713   713 W qcom_q6v5_pas 3000000.remoteproc-adsp: Direct firmware load for adsp.b10 failed with error -2
01-15 03:50:45.834   713   713 W qcom_q6v5_pas 3000000.remoteproc-adsp: Falling back to sysfs fallback for: adsp.b10
01-15 03:50:45.844  1239  1239 W qcom_q6v5_pas 32300000.remoteproc-cdsp: Direct firmware load for cdsp.b09 failed with error -2
01-15 03:50:45.844  1239  1239 W qcom_q6v5_pas 32300000.remoteproc-cdsp: Falling back to sysfs fallback for: cdsp.b09
01-15 03:50:45.850   713   713 W qcom_q6v5_pas 3000000.remoteproc-adsp: Direct firmware load for adsp.b11 failed with error -2
01-15 03:50:45.850   713   713 W qcom_q6v5_pas 3000000.remoteproc-adsp: Falling back to sysfs fallback for: adsp.b11
01-15 03:50:45.858   713   713 W qcom_q6v5_pas 3000000.remoteproc-adsp: Direct firmware load for adsp.b12 failed with error -2
01-15 03:50:45.858   713   713 W qcom_q6v5_pas 3000000.remoteproc-adsp: Falling back to sysfs fallback for: adsp.b12
01-15 03:50:45.866  1357  1357 W kgsl-3d 3d00000.qcom,kgsl-3d0: Direct firmware load for a740_zap.mbn failed with error -2
01-15 03:50:45.866  1357  1357 W kgsl-3d 3d00000.qcom,kgsl-3d0: Falling back to sysfs fallback for: a740_zap.mbn
01-15 03:50:45.874   713   713 W qcom_q6v5_pas 3000000.remoteproc-adsp: Direct firmware load for adsp.b13 failed with error -2
01-15 03:50:45.874   713   713 W qcom_q6v5_pas 3000000.remoteproc-adsp: Falling back to sysfs fallback for: adsp.b13
01-15 03:50:45.881  1239  1239 W qcom_q6v5_pas 32300000.remoteproc-cdsp: Direct firmware load for cdsp.b10 failed with error -2
01-15 03:50:45.881  1239  1239 W qcom_q6v5_pas 32300000.remoteproc-cdsp: Falling back to sysfs fallback for: cdsp.b10
01-15 03:50:45.888  1239  1239 W qcom_q6v5_pas 32300000.remoteproc-cdsp: Direct firmware load for cdsp.b11 failed with error -2
01-15 03:50:45.888  1239  1239 W qcom_q6v5_pas 32300000.remoteproc-cdsp: Falling back to sysfs fallback for: cdsp.b11
01-15 03:50:45.896   713   713 W qcom_q6v5_pas 3000000.remoteproc-adsp: Direct firmware load for adsp.b14 failed with error -2
01-15 03:50:45.896   713   713 W qcom_q6v5_pas 3000000.remoteproc-adsp: Falling back to sysfs fallback for: adsp.b14
01-15 03:50:45.902  1239  1239 W qcom_q6v5_pas 32300000.remoteproc-cdsp: Direct firmware load for cdsp.b12 failed with error -2
01-15 03:50:45.902  1239  1239 W qcom_q6v5_pas 32300000.remoteproc-cdsp: Falling back to sysfs fallback for: cdsp.b12
01-15 03:50:45.911   713   713 W qcom_q6v5_pas 3000000.remoteproc-adsp: Direct firmware load for adsp.b15 failed with error -2
01-15 03:50:45.911   713   713 W qcom_q6v5_pas 3000000.remoteproc-adsp: Falling back to sysfs fallback for: adsp.b15
01-15 03:50:45.925  1239  1239 W qcom_q6v5_pas 32300000.remoteproc-cdsp: Direct firmware load for cdsp.b13 failed with error -2
01-15 03:50:45.925  1239  1239 W qcom_q6v5_pas 32300000.remoteproc-cdsp: Falling back to sysfs fallback for: cdsp.b13
01-15 03:50:45.928   713   713 W qcom_q6v5_pas 3000000.remoteproc-adsp: Direct firmware load for adsp.b16 failed with error -2
01-15 03:50:45.928   713   713 W qcom_q6v5_pas 3000000.remoteproc-adsp: Falling back to sysfs fallback for: adsp.b16
01-15 03:50:45.937   713   713 W qcom_q6v5_pas 3000000.remoteproc-adsp: Direct firmware load for adsp.b17 failed with error -2
01-15 03:50:45.937   713   713 W qcom_q6v5_pas 3000000.remoteproc-adsp: Falling back to sysfs fallback for: adsp.b17
01-15 03:50:45.966   713   713 W qcom_q6v5_pas 3000000.remoteproc-adsp: Direct firmware load for adsp.b18 failed with error -2
01-15 03:50:45.966   713   713 W qcom_q6v5_pas 3000000.remoteproc-adsp: Falling back to sysfs fallback for: adsp.b18
01-15 03:50:45.993   732   732 I msm_vidc: fw: <VFW_E:HostDr:unkn:--------:--> VenusHostDriver_ParseC2SysPacket(906): QC_IMAGE_VERSION_STRING=video-firmware.3.1-3f3257e93392634952be479d15e01fe09d3e5c4f
01-15 03:50:45.993   732   732 I msm_vidc: fw: <VFW_E:HostDr:unkn:--------:--> VenusHostDriver_ParseC2SysPacket(907): IMAGE_VARIANT_STRING=16MB
01-15 03:50:45.993   732   732 I msm_vidc: fw: <VFW_E:HostDr:unkn:--------:--> VenusHostDriver_ParseC2SysPacket(908): OEM_IMAGE_VERSION_STRING=pwlabld08
01-15 03:50:45.993   732   732 I msm_vidc: fw: <VFW_E:HostDr:unkn:--------:--> VenusHostDriver_ParseC2SysPacket(909): BUILD_TIME: Nov 28 2023 04:42:13
01-15 03:50:45.993   732   732 I msm_vidc: fw: <VFW_E:HostDr:unkn:--------:--> VenusHostDriver_ParseC2SysPacket(1072): licence unique code is not matched
01-15 03:50:46.006   713   713 W qcom_q6v5_pas 3000000.remoteproc-adsp: Direct firmware load for adsp.b19 failed with error -2
01-15 03:50:46.006   713   713 W qcom_q6v5_pas 3000000.remoteproc-adsp: Falling back to sysfs fallback for: adsp.b19
01-15 03:50:46.011  1239  1239 I adsprpc : fastrpc_restart_notifier_cb: cdsp subsystem is up
01-15 03:50:46.011  1239  1239 I remoteproc2: remote processor 32300000.remoteproc-cdsp is now up
01-15 03:50:46.014   324   324 I qcom_smd_qrtr_probe: SMD QRTR driver probed
01-15 03:50:46.015     8     8 W msm-cdc-pinctrl soc: wsa_spkr_en1_pinctrl: deferred probe timeout, ignoring dependency
01-15 03:50:46.015   324   324 I         : Info: adsprpc (101): kworker/0:1H: fastrpc_rpmsg_probe: opened rpmsg channel for cdsp
01-15 03:50:46.018   565   565 I coresight-remote-etm soc: turing_etm0: Connection established between QMI handle and 13 service
01-15 03:50:46.023   366   366 I cdsprm  : resmgr pdkill config set to 0
01-15 03:50:46.025   730   730 I msm_cvp : warn: cvp_dsp_send_hfi_queue: Done init of HFI queue headers
01-15 03:50:46.026   324   324 I qcom,msm_ipclite_rpmsg 32300000.remoteproc-cdsp: glink-edge.ipcliteglink-apps-dsp.-1.-1: rpmsg_probe for ipc_lite done
01-15 03:50:46.030   732   732 I msm_vidc: fw: <VFW_E:HostDr:unkn:--------:--> VenusHostDriver_ParseC2SysPacket(906): QC_IMAGE_VERSION_STRING=video-firmware.3.1-3f3257e93392634952be479d15e01fe09d3e5c4f
01-15 03:50:46.030   732   732 I msm_vidc: fw: <VFW_E:HostDr:unkn:--------:--> VenusHostDriver_ParseC2SysPacket(907): IMAGE_VARIANT_STRING=16MB
01-15 03:50:46.030   732   732 I msm_vidc: fw: <VFW_E:HostDr:unkn:--------:--> VenusHostDriver_ParseC2SysPacket(908): OEM_IMAGE_VERSION_STRING=pwlabld08
01-15 03:50:46.030   732   732 I msm_vidc: fw: <VFW_E:HostDr:unkn:--------:--> VenusHostDriver_ParseC2SysPacket(909): BUILD_TIME: Nov 28 2023 04:42:13
01-15 03:50:46.030   732   732 I msm_vidc: fw: <VFW_E:HostDr:unkn:--------:--> VenusHostDriver_ParseC2SysPacket(1072): licence unique code is not matched
01-15 03:50:46.031     8     8 W msm-cdc-pinctrl soc: wsa_spkr_en1_pinctrl: deferred probe timeout, ignoring dependency
01-15 03:50:46.036   713   713 W qcom_q6v5_pas 3000000.remoteproc-adsp: Direct firmware load for adsp.b20 failed with error -2
01-15 03:50:46.036   713   713 W qcom_q6v5_pas 3000000.remoteproc-adsp: Falling back to sysfs fallback for: adsp.b20
01-15 03:50:46.054   713   713 W qcom_q6v5_pas 3000000.remoteproc-adsp: Direct firmware load for adsp.b21 failed with error -2
01-15 03:50:46.054   713   713 W qcom_q6v5_pas 3000000.remoteproc-adsp: Falling back to sysfs fallback for: adsp.b21
01-15 03:50:46.060   713   713 W qcom_q6v5_pas 3000000.remoteproc-adsp: Direct firmware load for adsp.b22 failed with error -2
01-15 03:50:46.060   713   713 W qcom_q6v5_pas 3000000.remoteproc-adsp: Falling back to sysfs fallback for: adsp.b22
01-15 03:50:46.064   713   713 W qcom_q6v5_pas 3000000.remoteproc-adsp: Direct firmware load for adsp.b23 failed with error -2
01-15 03:50:46.064   713   713 W qcom_q6v5_pas 3000000.remoteproc-adsp: Falling back to sysfs fallback for: adsp.b23
01-15 03:50:46.070   732   732 I msm_vidc: fw: <VFW_E:HostDr:unkn:--------:--> VenusHostDriver_ParseC2SysPacket(906): QC_IMAGE_VERSION_STRING=video-firmware.3.1-3f3257e93392634952be479d15e01fe09d3e5c4f
01-15 03:50:46.070   732   732 I msm_vidc: fw: <VFW_E:HostDr:unkn:--------:--> VenusHostDriver_ParseC2SysPacket(907): IMAGE_VARIANT_STRING=16MB
01-15 03:50:46.070   732   732 I msm_vidc: fw: <VFW_E:HostDr:unkn:--------:--> VenusHostDriver_ParseC2SysPacket(908): OEM_IMAGE_VERSION_STRING=pwlabld08
01-15 03:50:46.070   732   732 I msm_vidc: fw: <VFW_E:HostDr:unkn:--------:--> VenusHostDriver_ParseC2SysPacket(909): BUILD_TIME: Nov 28 2023 04:42:13
01-15 03:50:46.070   732   732 I msm_vidc: fw: <VFW_E:HostDr:unkn:--------:--> VenusHostDriver_ParseC2SysPacket(1072): licence unique code is not matched
01-15 03:50:46.072   713   713 W qcom_q6v5_pas 3000000.remoteproc-adsp: Direct firmware load for adsp.b24 failed with error -2
01-15 03:50:46.072   713   713 W qcom_q6v5_pas 3000000.remoteproc-adsp: Falling back to sysfs fallback for: adsp.b24
01-15 03:50:46.079   713   713 W qcom_q6v5_pas 3000000.remoteproc-adsp: Direct firmware load for adsp.b25 failed with error -2
01-15 03:50:46.079   713   713 W qcom_q6v5_pas 3000000.remoteproc-adsp: Falling back to sysfs fallback for: adsp.b25
01-15 03:50:46.086   713   713 W qcom_q6v5_pas 3000000.remoteproc-adsp: Direct firmware load for adsp.b26 failed with error -2
01-15 03:50:46.086   713   713 W qcom_q6v5_pas 3000000.remoteproc-adsp: Falling back to sysfs fallback for: adsp.b26
01-15 03:50:46.090   713   713 W qcom_q6v5_pas 3000000.remoteproc-adsp: Direct firmware load for adsp.b27 failed with error -2
01-15 03:50:46.090   713   713 W qcom_q6v5_pas 3000000.remoteproc-adsp: Falling back to sysfs fallback for: adsp.b27
01-15 03:50:46.092   713   713 W qcom_q6v5_pas 3000000.remoteproc-adsp: Direct firmware load for adsp.b28 failed with error -2
01-15 03:50:46.092   713   713 W qcom_q6v5_pas 3000000.remoteproc-adsp: Falling back to sysfs fallback for: adsp.b28
01-15 03:50:46.098   713   713 W qcom_q6v5_pas 3000000.remoteproc-adsp: Direct firmware load for adsp.b29 failed with error -2
01-15 03:50:46.098   713   713 W qcom_q6v5_pas 3000000.remoteproc-adsp: Falling back to sysfs fallback for: adsp.b29
01-15 03:50:46.101   713   713 W qcom_q6v5_pas 3000000.remoteproc-adsp: Direct firmware load for adsp.b30 failed with error -2
01-15 03:50:46.101   713   713 W qcom_q6v5_pas 3000000.remoteproc-adsp: Falling back to sysfs fallback for: adsp.b30
01-15 03:50:46.106   713   713 W qcom_q6v5_pas 3000000.remoteproc-adsp: Direct firmware load for adsp.b32 failed with error -2
01-15 03:50:46.106   713   713 W qcom_q6v5_pas 3000000.remoteproc-adsp: Falling back to sysfs fallback for: adsp.b32
01-15 03:50:46.106   732   732 I msm_vidc: fw: <VFW_E:HostDr:unkn:--------:--> VenusHostDriver_ParseC2SysPacket(906): QC_IMAGE_VERSION_STRING=video-firmware.3.1-3f3257e93392634952be479d15e01fe09d3e5c4f
01-15 03:50:46.106   732   732 I msm_vidc: fw: <VFW_E:HostDr:unkn:--------:--> VenusHostDriver_ParseC2SysPacket(907): IMAGE_VARIANT_STRING=16MB
01-15 03:50:46.106   732   732 I msm_vidc: fw: <VFW_E:HostDr:unkn:--------:--> VenusHostDriver_ParseC2SysPacket(908): OEM_IMAGE_VERSION_STRING=pwlabld08
01-15 03:50:46.106   732   732 I msm_vidc: fw: <VFW_E:HostDr:unkn:--------:--> VenusHostDriver_ParseC2SysPacket(909): BUILD_TIME: Nov 28 2023 04:42:13
01-15 03:50:46.106   732   732 I msm_vidc: fw: <VFW_E:HostDr:unkn:--------:--> VenusHostDriver_ParseC2SysPacket(1072): licence unique code is not matched
01-15 03:50:46.111   713   713 W qcom_q6v5_pas 3000000.remoteproc-adsp: Direct firmware load for adsp.b33 failed with error -2
01-15 03:50:46.111   713   713 W qcom_q6v5_pas 3000000.remoteproc-adsp: Falling back to sysfs fallback for: adsp.b33
01-15 03:50:46.114   713   713 W qcom_q6v5_pas 3000000.remoteproc-adsp: Direct firmware load for adsp.b34 failed with error -2
01-15 03:50:46.114   713   713 W qcom_q6v5_pas 3000000.remoteproc-adsp: Falling back to sysfs fallback for: adsp.b34
01-15 03:50:46.138   732   732 I msm_vidc: fw: <VFW_E:HostDr:unkn:--------:--> VenusHostDriver_ParseC2SysPacket(906): QC_IMAGE_VERSION_STRING=video-firmware.3.1-3f3257e93392634952be479d15e01fe09d3e5c4f
01-15 03:50:46.138   732   732 I msm_vidc: fw: <VFW_E:HostDr:unkn:--------:--> VenusHostDriver_ParseC2SysPacket(907): IMAGE_VARIANT_STRING=16MB
01-15 03:50:46.138   732   732 I msm_vidc: fw: <VFW_E:HostDr:unkn:--------:--> VenusHostDriver_ParseC2SysPacket(908): OEM_IMAGE_VERSION_STRING=pwlabld08
01-15 03:50:46.138   732   732 I msm_vidc: fw: <VFW_E:HostDr:unkn:--------:--> VenusHostDriver_ParseC2SysPacket(909): BUILD_TIME: Nov 28 2023 04:42:13
01-15 03:50:46.138   732   732 I msm_vidc: fw: <VFW_E:HostDr:unkn:--------:--> VenusHostDriver_ParseC2SysPacket(1072): licence unique code is not matched
01-15 03:50:46.179   713   713 W qcom_q6v5_pas 3000000.remoteproc-adsp: Direct firmware load for adsp.b35 failed with error -2
01-15 03:50:46.179   713   713 W qcom_q6v5_pas 3000000.remoteproc-adsp: Falling back to sysfs fallback for: adsp.b35
01-15 03:50:46.185   732   732 I msm_vidc: fw: <VFW_E:HostDr:unkn:--------:--> VenusHostDriver_ParseC2SysPacket(906): QC_IMAGE_VERSION_STRING=video-firmware.3.1-3f3257e93392634952be479d15e01fe09d3e5c4f
01-15 03:50:46.185   732   732 I msm_vidc: fw: <VFW_E:HostDr:unkn:--------:--> VenusHostDriver_ParseC2SysPacket(907): IMAGE_VARIANT_STRING=16MB
01-15 03:50:46.185   732   732 I msm_vidc: fw: <VFW_E:HostDr:unkn:--------:--> VenusHostDriver_ParseC2SysPacket(908): OEM_IMAGE_VERSION_STRING=pwlabld08
01-15 03:50:46.185   732   732 I msm_vidc: fw: <VFW_E:HostDr:unkn:--------:--> VenusHostDriver_ParseC2SysPacket(909): BUILD_TIME: Nov 28 2023 04:42:13
01-15 03:50:46.185   732   732 I msm_vidc: fw: <VFW_E:HostDr:unkn:--------:--> VenusHostDriver_ParseC2SysPacket(1072): licence unique code is not matched
01-15 03:50:46.237   713   713 W qcom_q6v5_pas 3000000.remoteproc-adsp: Direct firmware load for adsp.b37 failed with error -2
01-15 03:50:46.237   713   713 W qcom_q6v5_pas 3000000.remoteproc-adsp: Falling back to sysfs fallback for: adsp.b37
01-15 03:50:46.267   713   713 W qcom_q6v5_pas 3000000.remoteproc-adsp: Direct firmware load for adsp.b38 failed with error -2
01-15 03:50:46.267   713   713 W qcom_q6v5_pas 3000000.remoteproc-adsp: Falling back to sysfs fallback for: adsp.b38
01-15 03:50:46.267   732   732 I msm_vidc: fw: <VFW_E:HostDr:unkn:--------:--> VenusHostDriver_ParseC2SysPacket(906): QC_IMAGE_VERSION_STRING=video-firmware.3.1-3f3257e93392634952be479d15e01fe09d3e5c4f
01-15 03:50:46.267   732   732 I msm_vidc: fw: <VFW_E:HostDr:unkn:--------:--> VenusHostDriver_ParseC2SysPacket(907): IMAGE_VARIANT_STRING=16MB
01-15 03:50:46.267   732   732 I msm_vidc: fw: <VFW_E:HostDr:unkn:--------:--> VenusHostDriver_ParseC2SysPacket(908): OEM_IMAGE_VERSION_STRING=pwlabld08
01-15 03:50:46.267   732   732 I msm_vidc: fw: <VFW_E:HostDr:unkn:--------:--> VenusHostDriver_ParseC2SysPacket(909): BUILD_TIME: Nov 28 2023 04:42:13
01-15 03:50:46.267   732   732 I msm_vidc: fw: <VFW_E:HostDr:unkn:--------:--> VenusHostDriver_ParseC2SysPacket(1072): licence unique code is not matched
01-15 03:50:46.291   713   713 W qcom_q6v5_pas 3000000.remoteproc-adsp: Direct firmware load for adsp.b39 failed with error -2
01-15 03:50:46.291   713   713 W qcom_q6v5_pas 3000000.remoteproc-adsp: Falling back to sysfs fallback for: adsp.b39
01-15 03:50:46.299  1732  1732 I spi_geni 880000.spi: tx_fifo 16 rx_fifo 16 tx_width 32
01-15 03:50:46.307   713   713 W qcom_q6v5_pas 3000000.remoteproc-adsp: Direct firmware load for adsp.b40 failed with error -2
01-15 03:50:46.307   713   713 W qcom_q6v5_pas 3000000.remoteproc-adsp: Falling back to sysfs fallback for: adsp.b40
01-15 03:50:46.310   732   732 I msm_vidc: fw: <VFW_E:HostDr:unkn:--------:--> VenusHostDriver_ParseC2SysPacket(906): QC_IMAGE_VERSION_STRING=video-firmware.3.1-3f3257e93392634952be479d15e01fe09d3e5c4f
