03-25 13:32:33.115  1261  1302 D AGM: metadata: metadata_print: 94 Property ID:134217744
03-25 13:32:33.115  1261  1302 D AGM: metadata: metadata_print: 95 property count:1
03-25 13:32:33.115  1263  1263 D vendor.qti.bluetooth@1.1-ibs_handler: SerialClockVote: vote for UART CLK ON
03-25 13:32:33.115  1261  1302 D AGM: metadata: metadata_print: 98 Property Values: 
03-25 13:32:33.115  1261  1302 D AGM: metadata: metadata_print: 100 0x2 
03-25 13:32:33.115  1261  1302 D AGM: metadata: metadata_print: 102 
03-25 13:32:33.115  1261  1302 D AGM: metadata: metadata_print: 103 ****************Metadata Done***************************
03-25 13:32:33.115  1261  1302 D AGM: metadata: 
03-25 13:32:33.117  1261  1302 D AGM: graph: graph_stop: 971 exit, ret 0
03-25 13:32:33.117  2075  4406 D TelephonyManager: requestModemActivityInfo: Sending result to app: ModemActivityInfo{ mTimestamp=699461 mSleepTimeMs=607439 mIdleTimeMs=4332 mActivityStatsTechSpecificInfo=[{mRat=UNKNOWN,mFrequencyRange=UNKNOWN,mTxTimeMs[]=[0, 0, 0, 0, 0],mRxTimeMs=75930}]}
03-25 13:32:33.118  1261  1302 I AGM: device: device_set_metadata: 707 Setting device metadata for CODEC_DMA-LPAIF_WSA-TX-2
03-25 13:32:33.118  1261  1302 D AGM: metadata: metadata_print: 79 *************************Metadata*************************
03-25 13:32:33.118  1261  1302 D AGM: metadata: metadata_print: 80 GKV size:0
03-25 13:32:33.118  1261  1302 D AGM: metadata: metadata_print: 87 
03-25 13:32:33.118  1261  1302 D AGM: metadata: CKV count:0
03-25 13:32:33.118  1261  1302 D AGM: metadata: metadata_print: 92 
03-25 13:32:33.118  1261  1302 D AGM: metadata: metadata_print: 94 Property ID:134217744
03-25 13:32:33.118  1261  1302 D AGM: metadata: metadata_print: 95 property count:2
03-25 13:32:33.118  1261  1302 D AGM: metadata: metadata_print: 98 Property Values: 
03-25 13:32:33.118  1261  1302 D AGM: metadata: metadata_print: 100 0x2 
03-25 13:32:33.118  1261  1302 D AGM: metadata: metadata_print: 100 0x5 
03-25 13:32:33.118  1261  1302 D AGM: metadata: metadata_print: 102 
03-25 13:32:33.118  1261  1302 D AGM: metadata: metadata_print: 103 ****************Metadata Done***************************
03-25 13:32:33.118  1261  1302 D AGM: metadata: 
03-25 13:32:33.118  1261  1302 I PAL: ResourceManager: freeFrontEndIds: 6773: stream type 1, freeing 120
03-25 13:32:33.119  1261  1302 D AGM: session: session_close: 1318 enter
03-25 13:32:33.119  1261  1302 D AGM: graph: graph_close: 760 entry handle 0x247534c
03-25 13:32:33.119  1261  1302 D AGM: graph: graph_close: 780 exit, ret 0
03-25 13:32:33.119  1261  1302 D AGM: session: session_close: 1369 exit, ret 0
03-25 13:32:33.119  1263  1263 D vendor.qti.bluetooth@1.1-wake_lock: Acquire wakelock is acquired 
03-25 13:32:33.119  1263  1263 I vendor.qti.bluetooth@1.1-ibs_handler: DeviceWakeUp: Writing IBS_WAKE_IND
03-25 13:32:33.119  1261  1302 I PAL: API: pal_stream_stop: 425: Exit. status 0
03-25 13:32:33.119  1261  1302 I PAL: API: pal_stream_close: 276: Enter. Stream handle :0xb400007afce53ad0K
03-25 13:32:33.119  1261  1302 I AGM: API: agm_session_aif_connect: 652 disconnecting aifid:7 with session id=125
03-25 13:32:33.119  1261  1302 D AGM: graph: graph_stop: 924 entry graph_handle 0x347534c
03-25 13:32:33.119  1261  1302 D AGM: metadata: metadata_print: 79 *************************Metadata*************************
03-25 13:32:33.119  1261  1302 D AGM: metadata: metadata_print: 80 GKV size:4
03-25 13:32:33.119  1261  1302 D AGM: metadata: metadata_print: 83 key:0xa1000000, value:0xa100000e 
03-25 13:32:33.120  1261  1302 D AGM: metadata: metadata_print: 83 key:0xab000000, value:0x1 
03-25 13:32:33.120  1261  1302 D AGM: metadata: metadata_print: 83 key:0xa2000000, value:0xa2000001 
03-25 13:32:33.120  1261  1302 D AGM: metadata: metadata_print: 83 key:0xac000000, value:0xac000002 
03-25 13:32:33.120  1261  1302 D AGM: metadata: metadata_print: 87 
03-25 13:32:33.120  1261  1302 D AGM: metadata: CKV count:4
03-25 13:32:33.120  1261  1302 D AGM: metadata: metadata_print: 90 key:0xa4000000, value:0x0 
03-25 13:32:33.120  1261  1302 D AGM: metadata: metadata_print: 90 key:0xd2000000, value:0x0 
03-25 13:32:33.120  1261  1302 D AGM: metadata: metadata_print: 90 key:0xa9000000, value:0x1 
03-25 13:32:33.120  1261  1302 D AGM: metadata: metadata_print: 90 key:0xbe000000, value:0x1 
03-25 13:32:33.120  1261  1302 D AGM: metadata: metadata_print: 92 
03-25 13:32:33.120  1261  1302 D AGM: metadata: metadata_print: 94 Property ID:134217744
03-25 13:32:33.120  1261  1302 D AGM: metadata: metadata_print: 95 property count:3
03-25 13:32:33.120  1261  1302 D AGM: metadata: metadata_print: 98 Property Values: 
03-25 13:32:33.120  1261  1302 D AGM: metadata: metadata_print: 100 0x3 
03-25 13:32:33.120  1261  1302 D AGM: metadata: metadata_print: 100 0x2 
03-25 13:32:33.120  1261  1302 D AGM: metadata: metadata_print: 100 0x5 
03-25 13:32:33.120  1261  1302 D AGM: metadata: metadata_print: 102 
03-25 13:32:33.120  1261  1302 D AGM: metadata: metadata_print: 103 ****************Metadata Done***************************
03-25 13:32:33.120  1261  1302 D AGM: metadata: 
03-25 13:32:33.123  1261  1302 D AGM: graph: graph_stop: 971 exit, ret 0
03-25 13:32:33.124  1263  4397 I vendor.qti.bluetooth@1.1-ibs_handler: ProcessIbsCmd: Received IBS_WAKE_ACK: 0xFC
03-25 13:32:33.125  1263  4397 I vendor.qti.bluetooth@1.1-ibs_handler: ProcessIbsCmd: Signal wack_cond_
03-25 13:32:33.125  1263  1263 D vendor.qti.bluetooth@1.1-ibs_handler: DeviceWakeUp: Unblocked from waiting for FC, pthread_cond_timedwait ret = 0
03-25 13:32:33.126  1263  4397 I vendor.qti.bluetooth@1.1-ibs_handler: ProcessIbsCmd: Received IBS_WAKE_IND: 0xFD
03-25 13:32:33.126  1263  4397 I vendor.qti.bluetooth@1.1-ibs_handler: ProcessIbsCmd: Writing IBS_WAKE_ACK
03-25 13:32:33.130  1261  1302 I AGM: device: device_set_metadata: 707 Setting device metadata for CODEC_DMA-LPAIF_WSA-RX-0
03-25 13:32:33.130  1261  1302 D AGM: metadata: metadata_print: 79 *************************Metadata*************************
03-25 13:32:33.130  1261  1302 D AGM: metadata: metadata_print: 80 GKV size:0
03-25 13:32:33.130  1261  1302 D AGM: metadata: metadata_print: 87 
03-25 13:32:33.130  1261  1302 D AGM: metadata: CKV count:0
03-25 13:32:33.130  1261  1302 D AGM: metadata: metadata_print: 92 
03-25 13:32:33.130  1261  1302 D AGM: metadata: metadata_print: 94 Property ID:134217744
03-25 13:32:33.130  1261  1302 D AGM: metadata: metadata_print: 95 property count:2
03-25 13:32:33.130  1261  1302 D AGM: metadata: metadata_print: 98 Property Values: 
03-25 13:32:33.130  1261  1302 D AGM: metadata: metadata_print: 100 0x2 
03-25 13:32:33.130  1261  1302 D AGM: metadata: metadata_print: 100 0x5 
03-25 13:32:33.130  1261  1302 D AGM: metadata: metadata_print: 102 
03-25 13:32:33.130  1261  1302 D AGM: metadata: metadata_print: 103 ****************Metadata Done***************************
03-25 13:32:33.130  1261  1302 D AGM: metadata: 
03-25 13:32:33.130  1261  1302 I AGM: session: session_obj_set_sess_aif_metadata: 1825 Setting metadata for sess_id 125, aif id 7
03-25 13:32:33.130  1261  1302 D AGM: metadata: metadata_print: 79 *************************Metadata*************************
03-25 13:32:33.131  1261  1302 D AGM: metadata: metadata_print: 80 GKV size:0
03-25 13:32:33.131  1261  1302 D AGM: metadata: metadata_print: 87 
03-25 13:32:33.131  1261  1302 D AGM: metadata: CKV count:0
03-25 13:32:33.131  1261  1302 D AGM: metadata: metadata_print: 92 
03-25 13:32:33.131  1261  1302 D AGM: metadata: metadata_print: 94 Property ID:134217744
03-25 13:32:33.131  1261  1302 D AGM: metadata: metadata_print: 95 property count:1
03-25 13:32:33.131  1261  1302 D AGM: metadata: metadata_print: 98 Property Values: 
03-25 13:32:33.131  1261  1302 D AGM: metadata: metadata_print: 100 0x3 
03-25 13:32:33.131  1261  1302 D AGM: metadata: metadata_print: 102 
03-25 13:32:33.131  1261  1302 D AGM: metadata: metadata_print: 103 ****************Metadata Done***************************
03-25 13:32:33.131  1261  1302 D AGM: metadata: 
03-25 13:32:33.131  1261  1302 I AGM: session: session_obj_set_sess_aif_metadata: 1830 Exit
03-25 13:32:33.131  1261  1302 D AGM: session: session_close: 1318 enter
03-25 13:32:33.131  1261  1302 D AGM: graph: graph_close: 760 entry handle 0x347534c
03-25 13:32:33.133  1261  1302 D AGM: graph: graph_close: 780 exit, ret 0
03-25 13:32:33.133  1261  1302 D AGM: session: session_close: 1369 exit, ret 0
03-25 13:32:33.134  1261  1302 I PAL: ResourceManager: freeFrontEndIds: 6773: stream type 1, freeing 125
03-25 13:32:33.134  1261  1302 I PAL: Device: close: 497: Enter. deviceCount 1 for device id 3 (PAL_DEVICE_OUT_SPEAKER)
03-25 13:32:33.134  1261  1302 I PAL: Device: close: 511: Exit. deviceCount 0 for device id 3 (PAL_DEVICE_OUT_SPEAKER), exit status 0
03-25 13:32:33.134  1261  1302 I PAL: ResourceManager: GetConcurrencyInfo: 5024: stream type 1 Tx conc 0, Rx conc 0, concurrency allowed
03-25 13:32:33.134  1261  1302 I PAL: ResourceManager: GetConcurrencyInfo: 5024: stream type 1 Tx conc 0, Rx conc 0, concurrency allowed
03-25 13:32:33.134  1261  1302 I PAL: ResourceManager: GetConcurrencyInfo: 5024: stream type 1 Tx conc 0, Rx conc 0, concurrency allowed
03-25 13:32:33.134  1261  1302 I PAL: ResourceManager: deregisterStream: 3266: stream type 1
03-25 13:32:33.134  1261  1302 I PAL: ResourceManager: getActiveStream_l: 5668: no active streams found for device 3 ret -2
03-25 13:32:33.134  1261  1302 I PAL: API: pal_stream_close: 311: Exit. status 0
03-25 13:32:33.134  1261  1302 D AHAL: AudioStream: Standby: 2345: Exit ret: 0
03-25 13:32:33.135  1261  1302 D AHAL: AudioStream: astream_out_standby: 702: Exit ret: 0
03-25 13:32:33.167  1263  4397 I vendor.qti.bluetooth@1.1-ibs_handler: ProcessIbsCmd: Received IBS_SLEEP_IND: 0xFE
03-25 13:32:33.615  5665  5665 W TcmReceiver: type=1400 audit(0.0:395): avc: denied { write } for name="tcmd" dev="tmpfs" ino=1348 scontext=u:r:remote_prov_app:s0:c102,c256,c512,c768 tcontext=u:object_r:vendor_dpmtcm_socket:s0 tclass=sock_file permissive=0 app=com.android.remoteprovisioner
03-25 13:32:34.129  1263  4446 I vendor.qti.bluetooth@1.1-ibs_handler: DeviceSleep: TX Awake, Sending SLEEP_IND
03-25 13:32:34.130  1263  4446 D vendor.qti.bluetooth@1.1-ibs_handler: SerialClockVote: vote for UART CLK OFF
03-25 13:32:34.285  1263  3855 D vendor.qti.bluetooth@1.1-wake_lock: Release wakelock is released 
03-25 13:32:34.333  1009  7634 D NxpTml  : PN54X - I2C Read successful.....
03-25 13:32:34.333  1009  7634 I NxpNciR : len =  29 > 61051A01020400FF010A04000408A236C9012000000000050478807400
03-25 13:32:34.333  1009  7634 D NxpTml  : PN54X - Posting read message.....
03-25 13:32:34.334  1009  7637 D NxpHal  : read successful status = 0x0
03-25 13:32:34.334  1009  7637 D NxpHal  : NxpNci: RF Interface = ISO-DEP
03-25 13:32:34.334  1009  7637 D NxpHal  : NxpNci: Protocol = ISO-DEP
03-25 13:32:34.334  1009  7637 D NxpHal  : NxpNci: Mode = A Passive Poll
03-25 13:32:34.336  4396  4911 I libnfc_nci: [INFO:gki_buffer.cc(328)] GKI_getbuf 0xb400007b0a81a540 39:43
03-25 13:32:34.338  1009  7634 D NxpTml  : PN54X - Read requested.....
03-25 13:32:34.338  1009  7634 D NxpTml  : PN54X - Invoking I2C Read.....
03-25 13:32:34.338  4396  7632 I libnfc_nci: [INFO:nfc_ncif.cc(624)] NFC received ntf gid:1
03-25 13:32:34.338  4396  7632 I libnfc_nci: [INFO:nfa_dm_discover.cc(3258)] p2p priority is running under bail out mode ONLY.
03-25 13:32:34.338  4396  7632 I libnfc_nci: [INFO:nfc_main.cc(444)] nfc_set_state 4 (IDLE)->5 (OPEN)
03-25 13:32:34.338  4396  7632 I libnfc_nci: [INFO:nfc_ncif.cc(1296)] nfc_ncif_proc_activate:26 5, mode:0x00
03-25 13:32:34.338  4396  7632 I libnfc_nci: [INFO:nfa_dm_discover.cc(850)] event:0x4004
03-25 13:32:34.338  4396  7632 I libnfc_nci: [INFO:nfa_dm_discover.cc(2893)] state: DISCOVERY (1), event: ACTIVATED_NTF(5) disc_flags: 0x1
03-25 13:32:34.338  4396  7632 I libnfc_nci: [INFO:nfa_dm_discover.cc(1998)] old_state: DISCOVERY (1), new_state: POLL_ACTIVE (4) disc_flags: 0x1
03-25 13:32:34.338  4396  7632 I libnfc_nci: [INFO:nfa_dm_discover.cc(1454)] tech_n_mode:0x0, proto:0x4
03-25 13:32:34.338  4396  7632 I libnfc_nci: [INFO:nfa_dm_discover.cc(827)] tech_n_mode:0x0, protocol:0x4, disc_mask:0x4
03-25 13:32:34.338  4396  7632 I libnfc_nci: [INFO:nfa_dm_discover.cc(1621)] activated_protocol:0x4, activated_handle: 0x3
03-25 13:32:34.338  4396  7632 I libnfc_nci: [INFO:nfa_dm_act.cc(1744)] event:0x01
03-25 13:32:34.339  4396  7632 I libnfc_nci: [INFO:gki_buffer.cc(328)] GKI_getbuf 0xb400007aca8150e0 40:43
03-25 13:32:34.339  4396  7632 I libnfc_nci: [INFO:nfa_rw_main.cc(254)] nfa_rw_handle_event event: NFA_RW_ACTIVATE_NTF_EVT (0x501), flags: 00000001
03-25 13:32:34.339  4396  7632 I libnfc_nci: [INFO:nfa_rw_act.cc(2678)] nfa_rw_activate_ntf
03-25 13:32:34.339  4396  7632 I libnfc_nci: [INFO:rw_main.cc(232)] RW_SetActivatedTagType protocol:4, technology:0, SAK:32
03-25 13:32:34.339  4396  7632 I libnfc_nci: [INFO:rw_t4t.cc(2801)] rw_t4t_select
03-25 13:32:34.339  4396  7632 I libnfc_nci: [INFO:nfa_dm_act.cc(1905)] status:0x0
03-25 13:32:34.339  4396  7632 I libnfc_nci: [INFO:NativeNfcManager.cpp(460)] nfaConnectionCallback: event= 5
03-25 13:32:34.340  4396  7632 I libnfc_nci: [INFO:NativeNfcManager.cpp(579)] nfaConnectionCallback: NFA_ACTIVATED_EVT: gIsSelectingRfInterface=0, sIsDisabling=0
03-25 13:32:34.340  4396  7632 I libnfc_nci: [INFO:NfcTag.cpp(236)] NfcTag::setActivationState: state=2
03-25 13:32:34.340  4396  7632 I libnfc_nci: [INFO:NfcTag.cpp(434)] NfcTag::IsSameKovio: enter
03-25 13:32:34.340  4396  7632 I libnfc_nci: [INFO:NfcTag.cpp(485)] NfcTag::discoverTechnologies (activation): enter
03-25 13:32:34.340  4396  7632 I libnfc_nci: [INFO:NfcTag.cpp(565)] Setting the transceive timeout = 79104, fwi = 0x7
03-25 13:32:34.340  4396  7632 I libnfc_nci: [INFO:NfcTag.cpp(644)] NfcTag::discoverTechnologies (activation): index=0; tech=3; handle=1; nfc type=4
03-25 13:32:34.340  4396  7632 I libnfc_nci: [INFO:NfcTag.cpp(644)] NfcTag::discoverTechnologies (activation): index=1; tech=1; handle=1; nfc type=4
03-25 13:32:34.341  4396  7632 I libnfc_nci: [INFO:NfcTag.cpp(649)] NfcTag::discoverTechnologies (activation): exit
03-25 13:32:34.341  4396  7632 I libnfc_nci: [INFO:NfcTag.cpp(744)] NfcTag::createNativeNfcTag: enter
03-25 13:32:34.343  4396  7632 I libnfc_nci: [INFO:NfcTag.cpp(929)] NfcTag::fillNativeNfcTagMembers1
03-25 13:32:34.344  4396  7632 I libnfc_nci: [INFO:NfcTag.cpp(981)] NfcTag::fillNativeNfcTagMembers2
03-25 13:32:34.344  4396  7632 I libnfc_nci: [INFO:NfcTag.cpp(1024)] NfcTag::fillNativeNfcTagMembers3: index=0; rf tech params mode=0
03-25 13:32:34.344  4396  7632 I libnfc_nci: [INFO:NfcTag.cpp(1034)] NfcTag::fillNativeNfcTagMembers3: tech A
03-25 13:32:34.344  4396  7632 I libnfc_nci: [INFO:NfcTag.cpp(1024)] NfcTag::fillNativeNfcTagMembers3: index=1; rf tech params mode=0
03-25 13:32:34.344  4396  7632 I libnfc_nci: [INFO:NfcTag.cpp(1034)] NfcTag::fillNativeNfcTagMembers3: tech A
03-25 13:32:34.344  4396  7632 I libnfc_nci: [INFO:NfcTag.cpp(1195)] NfcTag::fillNativeNfcTagMembers4: index=0
03-25 13:32:34.344  4396  7632 I libnfc_nci: [INFO:NfcTag.cpp(1241)] NfcTag::fillNativeNfcTagMembers4: T4T; ISO_DEP for tech A; copy historical bytes; len=0
03-25 13:32:34.344  4396  7632 I libnfc_nci: [INFO:NfcTag.cpp(1195)] NfcTag::fillNativeNfcTagMembers4: index=1
03-25 13:32:34.344  4396  7632 I libnfc_nci: [INFO:NfcTag.cpp(1307)] NfcTag::fillNativeNfcTagMembers4: T4T; tech A
03-25 13:32:34.344  4396  7632 I libnfc_nci: [INFO:NfcTag.cpp(1375)] NfcTag::fillNativeNfcTagMembers5: tech A
03-25 13:32:34.344  4396  7632 I libnfc_nci: [INFO:NfcTag.cpp(1442)] NfcTag::fillNativeNfcTagMembers5;mTechListTail=0
03-25 13:32:34.344  4396  7632 I libnfc_nci: [INFO:NfcTag.cpp(784)] NfcTag::createNativeNfcTag; mNumDiscNtf=0
03-25 13:32:34.345  4396  7632 I libnfc_nci: [INFO:NfcTag.cpp(853)] NfcTag::storeActivationParams: Mode 0 Types 4
03-25 13:32:34.345  4396  7632 I libnfc_nci: [INFO:NfcTag.cpp(794)] NfcTag::createNativeNfcTag: try notify nfc service
03-25 13:32:34.345  4396  7632 I libnfc_nci: [INFO:NfcTag.cpp(902)] deleteglobaldata: enter
03-25 13:32:34.345  4396  7632 I libnfc_nci: [INFO:NfcTag.cpp(911)] deleteglobaldata: exit
03-25 13:32:34.345  4396  7632 I libnfc_nci: [INFO:NfcTag.cpp(809)] NfcTag::createNativeNfcTag: exit
03-25 13:32:34.345  4396  4396 D NfcService: Tag detected, notifying applications
03-25 13:32:34.346  4396  4396 D NativeNfcTag: Connect to a tech with a different handle
03-25 13:32:34.346  4396  4396 I libnfc_nci: [INFO:NativeNfcTag.cpp(1102)] nativeNfcTag_doHandleReconnect: targetHandle = 0
03-25 13:32:34.346  4396  4396 I libnfc_nci: [INFO:NativeNfcTag.cpp(687)] nativeNfcTag_doConnect: targetHandle = 0
03-25 13:32:34.346  4396  7632 I libnfc_nci: [INFO:nfa_dm_discover.cc(2946)] new state: POLL_ACTIVE (4), disc_flags: 0x1
03-25 13:32:34.346  4396  7632 I libnfc_nci: [INFO:nfa_srd_main.cc(215)] nfa_srd_dm_process_evt Enter: event:5
03-25 13:32:34.347  4396  7632 I libnfc_nci: [INFO:nfa_srd_main.cc(238)] nfa_srd_dm_process_evt Unknown Event!!
03-25 13:32:34.347  4396  4396 E libnfc_nci: [ERROR:NativeNfcTag.cpp(709)] nativeNfcTag_doConnect:  doConnect sCurrentConnectedTargetProtocol 4 sCurrentConnectedTargetType 3
03-25 13:32:34.348  4396  4396 I libnfc_nci: [INFO:NativeNfcTag.cpp(1025)] switchRfInterface: new rf intf = 2, cur rf intf = 2
03-25 13:32:34.348  4396  4396 I libnfc_nci: [INFO:NativeNfcTag.cpp(768)] reSelect: enter; rf intf = 2, current intf = 2
03-25 13:32:34.349  4396  4396 I libnfc_nci: [INFO:NativeNfcTag.cpp(752)] nativeNfcTag_doConnect: exit 0x0
03-25 13:32:34.349  4396  4396 I libnfc_nci: [INFO:NativeNfcTag.cpp(1927)] nativeNfcTag_doIsIsoDepNdefFormatable
03-25 13:32:34.349  4396  4396 I libnfc_nci: [INFO:NfcTag.cpp(1781)] NfcTag::isMifareDESFire: return=0
03-25 13:32:34.349  4396  4396 I libnfc_nci: [INFO:NativeNfcTag.cpp(1905)] nativeNfcTag_doIsNdefFormatable: is formattable=0
03-25 13:32:34.349  4396  4396 I libnfc_nci: [INFO:NativeNfcTag.cpp(1057)] nativeNfcTag_doReconnect: enter
03-25 13:32:34.349  4396  4396 I libnfc_nci: [INFO:NativeNfcTag.cpp(768)] reSelect: enter; rf intf = 2, current intf = 2
03-25 13:32:34.349  4396  4396 I libnfc_nci: [INFO:NativeNfcTag.cpp(841)] reSelect: deactivate to sleep
03-25 13:32:34.350  4396  4396 I libnfc_nci: [INFO:nfa_dm_api.cc(1106)] sleep_mode:1
03-25 13:32:34.350  4396  4396 I libnfc_nci: [INFO:gki_buffer.cc(328)] GKI_getbuf 0xb400007a3a847460 39:43
03-25 13:32:34.350  4396  7632 I libnfc_nci: [INFO:nfa_sys_main.cc(96)] NFA got event 0x0113
03-25 13:32:34.350  4396  7632 I libnfc_nci: [INFO:nfa_dm_main.cc(152)] event: NFA_DM_API_DEACTIVATE_EVT (0x13)
03-25 13:32:34.350  4396  7632 I libnfc_nci: [INFO:nfa_dm_act.cc(847)] nfa_dm_act_deactivate
03-25 13:32:34.350  4396  7632 I libnfc_nci: [INFO:nfa_dm_discover.cc(3127)] deactivate_type:0x1
03-25 13:32:34.350  4396  7632 I libnfc_nci: [INFO:nfa_dm_discover.cc(2893)] state: POLL_ACTIVE (4), event: DEACTIVATE_CMD(6) disc_flags: 0x1
03-25 13:32:34.350  4396  7632 I libnfc_nci: [INFO:nfc_main.cc(1399)] NFC_Deactivate 5 (OPEN) deactivate_type:1
03-25 13:32:34.350  4396  7632 I libnfc_nci: [INFO:nfc_main.cc(444)] nfc_set_state 5 (OPEN)->6 (CLOSING)
03-25 13:32:34.351  4396  7632 I libnfc_nci: [INFO:nfc_main.cc(1417)] act_protocol 4 credits:1/1
03-25 13:32:34.351  4396  7632 I libnfc_nci: [INFO:gki_buffer.cc(328)] GKI_getbuf 0xb400007b0a81a540 40:43
03-25 13:32:34.351  4396  7632 I libnfc_nci: [INFO:nfc_ncif.cc(497)] nfc_ncif_send_cmd()
03-25 13:32:34.351  4396  7632 I libnfc_nci: [INFO:nfc_ncif.cc(145)] check_and_store_last_cmd:
03-25 13:32:34.351  4396  7632 I libnfc_nci: [INFO:NfcAdaptation.cc(743)] NfcAdaptation::HalWrite
03-25 13:32:34.351  1009  7635 D NxpTml  : PN54X - Write requested.....
03-25 13:32:34.352  1009  7635 D NxpTml  : PN54X - Invoking I2C Write.....
03-25 13:32:34.352  1009  7635 I NxpNciX : len =   4 > 21060101
03-25 13:32:34.352  1009  7635 D NxpTml  : PN54X - I2C Write successful.....
03-25 13:32:34.352  1009  7635 D NxpTml  : PN54X - Posting Fresh Write message.....
03-25 13:32:34.353  1009  7635 D NxpTml  : PN54X - Tml Writer Thread Running................
03-25 13:32:34.353  1009  7637 D NxpHal  : write successful status = 0x0
03-25 13:32:34.353  1009  7634 D NxpTml  : PN54X - I2C Read successful.....
03-25 13:32:34.354  4396  7632 I libnfc_nci: [INFO:nfa_dm_discover.cc(1022)] num_disc_maps=3
03-25 13:32:34.354  1009  7634 I NxpNciR : len =   4 > 41060100
03-25 13:32:34.354  4396  7632 I libnfc_nci: [INFO:nfa_dm_discover.cc(1050)] Starting timer value 8000
03-25 13:32:34.354  1009  7634 D NxpTml  : PN54X - Posting read message.....
03-25 13:32:34.354  4396  7632 I libnfc_nci: [INFO:nfa_sys_ptim.cc(128)] nfa_sys_ptim_start_timer 0x799df8e2c0
03-25 13:32:34.354  4396  7632 I libnfc_nci: [INFO:nfa_sys_ptim.cc(133)] ptim timer start
03-25 13:32:34.354  4396  7632 I libnfc_nci: [INFO:nfa_dm_discover.cc(2946)] new state: POLL_ACTIVE (4), disc_flags: 0x61
03-25 13:32:34.354  1009  7637 D NxpHal  : read successful status = 0x0
03-25 13:32:34.354  4396  7632 I libnfc_nci: [INFO:nfa_sys_ptim.cc(156)] nfa_sys_ptim_stop_timer 0x799df8c5a0
03-25 13:32:34.354  4396  7632 I libnfc_nci: [INFO:nfa_rw_act.cc(214)] Stopped presence check timer (if started)
03-25 13:32:34.354  4396  4911 I libnfc_nci: [INFO:gki_buffer.cc(328)] GKI_getbuf 0xb400007b0a804d80 39:43
03-25 13:32:34.355  4396  7632 I libnfc_nci: [INFO:nfc_ncif.cc(583)] NFC received rsp gid:1
03-25 13:32:34.355  4396  7632 I libnfc_nci: [INFO:nfa_dm_discover.cc(3258)] p2p priority is running under bail out mode ONLY.
03-25 13:32:34.355  4396  7632 I libnfc_nci: [INFO:nfc_main.cc(444)] nfc_set_state 6 (CLOSING)->4 (IDLE)
03-25 13:32:34.355  4396  7632 I libnfc_nci: [INFO:rw_t4t.cc(2391)] rw_t4t_data_cback - event = 0x6002
03-25 13:32:34.355  4396  7632 I libnfc_nci: [INFO:nfa_dm_discover.cc(850)] event:0x4005
03-25 13:32:34.355  1009  7634 D NxpTml  : PN54X - Read requested.....
03-25 13:32:34.355  4396  7632 I libnfc_nci: [INFO:nfa_dm_discover.cc(2893)] state: POLL_ACTIVE (4), event: DEACTIVATE_RSP(7) disc_flags: 0x61
03-25 13:32:34.355  1009  7634 D NxpTml  : PN54X - Invoking I2C Read.....
03-25 13:32:34.355  4396  7632 I libnfc_nci: [INFO:nfa_dm_discover.cc(2946)] new state: POLL_ACTIVE (4), disc_flags: 0x41
03-25 13:32:34.355  4396  7632 I libnfc_nci: [INFO:nfa_srd_main.cc(215)] nfa_srd_dm_process_evt Enter: event:7
03-25 13:32:34.356  1009  7634 D NxpTml  : PN54X - I2C Read successful.....
03-25 13:32:34.356  1009  7634 I NxpNciR : len =   5 > 6106020100
03-25 13:32:34.356  1009  7634 D NxpTml  : PN54X - Posting read message.....
03-25 13:32:34.356  1009  7637 D NxpHal  : read successful status = 0x0
03-25 13:32:34.357  4396  4911 I libnfc_nci: [INFO:gki_buffer.cc(328)] GKI_getbuf 0xb400007b0a812840 39:43
03-25 13:32:34.357  4396  7632 I libnfc_nci: [INFO:nfc_ncif.cc(624)] NFC received ntf gid:1
03-25 13:32:34.357  4396  7632 I libnfc_nci: [INFO:nfa_dm_discover.cc(3258)] p2p priority is running under bail out mode ONLY.
03-25 13:32:34.357  4396  7632 I libnfc_nci: [INFO:nfc_main.cc(444)] nfc_set_state 4 (IDLE)->4 (IDLE)
03-25 13:32:34.357  1009  7634 D NxpTml  : PN54X - Read requested.....
03-25 13:32:34.357  4396  7632 I libnfc_nci: [INFO:nfa_dm_discover.cc(1968)] nfa_dm_disc_data_cback
03-25 13:32:34.357  1009  7634 D NxpTml  : PN54X - Invoking I2C Read.....
03-25 13:32:34.357  4396  7632 I libnfc_nci: [INFO:nfa_dm_discover.cc(850)] event:0x4005
03-25 13:32:34.357  4396  7632 I libnfc_nci: [INFO:nfa_dm_discover.cc(2893)] state: POLL_ACTIVE (4), event: DEACTIVATE_NTF(8) disc_flags: 0x41
03-25 13:32:34.357  4396  7632 I libnfc_nci: [INFO:nfa_sys_ptim.cc(156)] nfa_sys_ptim_stop_timer 0x799df8e2c0
03-25 13:32:34.357  4396  7632 I libnfc_nci: [INFO:nfa_sys_ptim.cc(163)] ptim timer stop
03-25 13:32:34.357  4396  7632 I libnfc_nci: [INFO:nfa_dm_discover.cc(1662)] activated_handle=3
03-25 13:32:34.357  4396  7632 I libnfc_nci: [INFO:nfa_dm_act.cc(1744)] event:0x02
03-25 13:32:34.357  4396  7632 I libnfc_nci: [INFO:nfa_rw_main.cc(254)] nfa_rw_handle_event event: NFA_RW_DEACTIVATE_NTF_EVT (0x502), flags: 00000021
03-25 13:32:34.357  4396  7632 I libnfc_nci: [INFO:nfa_sys_ptim.cc(156)] nfa_sys_ptim_stop_timer 0x799df8c5a0
03-25 13:32:34.357  4396  7632 I libnfc_nci: [INFO:nfa_sys_ptim.cc(163)] ptim timer stop
03-25 13:32:34.357  4396  7632 I libnfc_nci: [INFO:nfa_rw_act.cc(214)] Stopped presence check timer (if started)
03-25 13:32:34.358  4396  7632 I libnfc_nci: [INFO:NativeNfcManager.cpp(460)] nfaConnectionCallback: event= 6
03-25 13:32:34.358  4396  7632 I libnfc_nci: [INFO:NativeNfcManager.cpp(703)] nfaConnectionCallback: NFA_DEACTIVATED_EVT   Type: 1, gIsTagDeactivating: 1
03-25 13:32:34.358  4396  7632 I libnfc_nci: [INFO:NfcTag.cpp(219)] NfcTag::setDeactivationState: state=1
03-25 13:32:34.358  4396  7632 I libnfc_nci: [INFO:nfa_dm_discover.cc(1998)] old_state: POLL_ACTIVE (4), new_state: W4_HOST_SELECT (3) disc_flags: 0x1
03-25 13:32:34.358  4396  7632 I libnfc_nci: [INFO:nfa_dm_discover.cc(2946)] new state: W4_HOST_SELECT (3), disc_flags: 0x1
03-25 13:32:34.358  4396  7632 I libnfc_nci: [INFO:nfa_srd_main.cc(215)] nfa_srd_dm_process_evt Enter: event:8
03-25 13:32:34.358  4396  4396 I libnfc_nci: [INFO:NativeNfcTag.cpp(915)] reSelect: select interface 2
03-25 13:32:34.358  4396  4396 I libnfc_nci: [INFO:nfa_dm_api.cc(1011)] rf_disc_id:0x1, protocol:0x4, rf_interface:0x2
03-25 13:32:34.359  4396  4396 I libnfc_nci: [INFO:gki_buffer.cc(328)] GKI_getbuf 0xb400007a3a845840 39:43
03-25 13:32:34.359  4396  7632 I libnfc_nci: [INFO:nfa_sys_main.cc(96)] NFA got event 0x0111
03-25 13:32:34.359  4396  7632 I libnfc_nci: [INFO:nfa_dm_main.cc(152)] event: NFA_DM_API_SELECT_EVT (0x11)
03-25 13:32:34.359  4396  7632 I libnfc_nci: [INFO:nfa_dm_act.cc(1489)] nfa_dm_act_select
03-25 13:32:34.359  4396  7632 I libnfc_nci: [INFO:nfa_dm_discover.cc(3096)] rf_disc_id:0x1, protocol:0x4, rf_interface:0x2
03-25 13:32:34.359  4396  7632 I libnfc_nci: [INFO:nfa_dm_discover.cc(2893)] state: W4_HOST_SELECT (3), event: SELECT_CMD(3) disc_flags: 0x11
03-25 13:32:34.359  4396  7632 I libnfc_nci: [INFO:gki_buffer.cc(328)] GKI_getbuf 0xb400007b0a812840 40:43
03-25 13:32:34.359  4396  7632 I libnfc_nci: [INFO:nfc_ncif.cc(497)] nfc_ncif_send_cmd()
03-25 13:32:34.359  4396  7632 I libnfc_nci: [INFO:NfcAdaptation.cc(743)] NfcAdaptation::HalWrite
03-25 13:32:34.359  1009  7635 D NxpTml  : PN54X - Write requested.....
03-25 13:32:34.360  1009  7635 D NxpTml  : PN54X - Invoking I2C Write.....
03-25 13:32:34.360  1009  7635 I NxpNciX : len =   6 > 210403010402
03-25 13:32:34.360  1009  7635 D NxpTml  : PN54X - I2C Write successful.....
03-25 13:32:34.360  1009  7635 D NxpTml  : PN54X - Posting Fresh Write message.....
03-25 13:32:34.360  1009  7635 D NxpTml  : PN54X - Tml Writer Thread Running................
03-25 13:32:34.360  1009  7637 D NxpHal  : write successful status = 0x0
03-25 13:32:34.361  4396  7632 I libnfc_nci: [INFO:nfa_dm_discover.cc(2946)] new state: W4_HOST_SELECT (3), disc_flags: 0x91
03-25 13:32:34.361  1009  7634 D NxpTml  : PN54X - I2C Read successful.....
03-25 13:32:34.361  1009  7634 I NxpNciR : len =   4 > 41040100
03-25 13:32:34.361  1009  7634 D NxpTml  : PN54X - Posting read message.....
03-25 13:32:34.361  1009  7637 D NxpHal  : read successful status = 0x0
03-25 13:32:34.362  4396  4911 I libnfc_nci: [INFO:gki_buffer.cc(328)] GKI_getbuf 0xb400007b0a80fc80 39:43
03-25 13:32:34.362  4396  7632 I libnfc_nci: [INFO:nfc_ncif.cc(583)] NFC received rsp gid:1
03-25 13:32:34.362  4396  7632 I libnfc_nci: [INFO:nfa_dm_discover.cc(850)] event:0x4003
03-25 13:32:34.362  4396  7632 I libnfc_nci: [INFO:nfa_dm_discover.cc(2893)] state: W4_HOST_SELECT (3), event: SELECT_RSP(4) disc_flags: 0x91
03-25 13:32:34.362  4396  7632 I libnfc_nci: [INFO:NativeNfcManager.cpp(460)] nfaConnectionCallback: event= 3
03-25 13:32:34.362  1009  7634 D NxpTml  : PN54X - Read requested.....
03-25 13:32:34.362  4396  7632 I libnfc_nci: [INFO:NativeNfcManager.cpp(541)] nfaConnectionCallback: NFA_SELECT_RESULT_EVT: status = 0, gIsSelectingRfInterface = 1, sIsDisabling=0
03-25 13:32:34.362  1009  7634 D NxpTml  : PN54X - Invoking I2C Read.....
03-25 13:32:34.362  4396  7632 I libnfc_nci: [INFO:nfa_dm_discover.cc(2946)] new state: W4_HOST_SELECT (3), disc_flags: 0x1
03-25 13:32:34.362  4396  7632 I libnfc_nci: [INFO:nfa_srd_main.cc(215)] nfa_srd_dm_process_evt Enter: event:4
03-25 13:32:34.363  4396  7632 I libnfc_nci: [INFO:nfa_srd_main.cc(238)] nfa_srd_dm_process_evt Unknown Event!!
03-25 13:32:34.366  1009  7634 D NxpTml  : PN54X - I2C Read successful.....
03-25 13:32:34.366  1009  7634 I NxpNciR : len =  29 > 61051A01020400FF010A04000408A236C9012000000000050478807400
03-25 13:32:34.366  1009  7634 D NxpTml  : PN54X - Posting read message.....
03-25 13:32:34.366  1009  7637 D NxpHal  : read successful status = 0x0
03-25 13:32:34.366  1009  7637 D NxpHal  : NxpNci: RF Interface = ISO-DEP
03-25 13:32:34.366  1009  7637 D NxpHal  : NxpNci: Protocol = ISO-DEP
03-25 13:32:34.367  1009  7637 D NxpHal  : NxpNci: Mode = A Passive Poll
03-25 13:32:34.367  4396  4911 I libnfc_nci: [INFO:gki_buffer.cc(328)] GKI_getbuf 0xb400007b0a8195a0 39:43
03-25 13:32:34.367  4396  7632 I libnfc_nci: [INFO:nfc_ncif.cc(624)] NFC received ntf gid:1
03-25 13:32:34.367  4396  7632 I libnfc_nci: [INFO:nfa_dm_discover.cc(3258)] p2p priority is running under bail out mode ONLY.
03-25 13:32:34.367  4396  7632 I libnfc_nci: [INFO:nfc_main.cc(444)] nfc_set_state 4 (IDLE)->5 (OPEN)
03-25 13:32:34.367  1009  7634 D NxpTml  : PN54X - Read requested.....
03-25 13:32:34.367  1009  7634 D NxpTml  : PN54X - Invoking I2C Read.....
03-25 13:32:34.367  4396  7632 I libnfc_nci: [INFO:nfc_ncif.cc(1296)] nfc_ncif_proc_activate:26 5, mode:0x00
03-25 13:32:34.368  4396  7632 I libnfc_nci: [INFO:nfa_dm_discover.cc(850)] event:0x4004
03-25 13:32:34.368  4396  7632 I libnfc_nci: [INFO:nfa_dm_discover.cc(2893)] state: W4_HOST_SELECT (3), event: ACTIVATED_NTF(5) disc_flags: 0x1
03-25 13:32:34.368  4396  7632 I libnfc_nci: [INFO:nfa_dm_discover.cc(1998)] old_state: W4_HOST_SELECT (3), new_state: POLL_ACTIVE (4) disc_flags: 0x1
03-25 13:32:34.368  4396  7632 I libnfc_nci: [INFO:nfa_dm_discover.cc(1454)] tech_n_mode:0x0, proto:0x4
03-25 13:32:34.368  4396  7632 I libnfc_nci: [INFO:nfa_dm_discover.cc(827)] tech_n_mode:0x0, protocol:0x4, disc_mask:0x4
03-25 13:32:34.368  4396  7632 I libnfc_nci: [INFO:nfa_dm_discover.cc(1621)] activated_protocol:0x4, activated_handle: 0x3
03-25 13:32:34.368  4396  7632 I libnfc_nci: [INFO:nfa_dm_act.cc(1744)] event:0x01
03-25 13:32:34.368  4396  7632 I libnfc_nci: [INFO:gki_buffer.cc(328)] GKI_getbuf 0xb400007aca8150e0 40:43
03-25 13:32:34.368  4396  7632 I libnfc_nci: [INFO:nfa_rw_main.cc(254)] nfa_rw_handle_event event: NFA_RW_ACTIVATE_NTF_EVT (0x501), flags: 00000001
03-25 13:32:34.368  4396  7632 I libnfc_nci: [INFO:nfa_rw_act.cc(2678)] nfa_rw_activate_ntf
03-25 13:32:34.368  4396  7632 I libnfc_nci: [INFO:rw_main.cc(232)] RW_SetActivatedTagType protocol:4, technology:0, SAK:32
03-25 13:32:34.368  4396  7632 I libnfc_nci: [INFO:rw_t4t.cc(2801)] rw_t4t_select
03-25 13:32:34.368  4396  7632 I libnfc_nci: [INFO:nfa_dm_act.cc(1905)] status:0x0
03-25 13:32:34.369  4396  7632 I libnfc_nci: [INFO:NativeNfcManager.cpp(460)] nfaConnectionCallback: event= 5
03-25 13:32:34.369  4396  7632 I libnfc_nci: [INFO:NativeNfcManager.cpp(579)] nfaConnectionCallback: NFA_ACTIVATED_EVT: gIsSelectingRfInterface=1, sIsDisabling=0
03-25 13:32:34.369  4396  7632 I libnfc_nci: [INFO:NativeNfcTag.cpp(2311)] nativeNfcTag_checkActivatedProtoParameters: sCurrentConnectedTargetProtocol 4 rfDetail.protocol 4
03-25 13:32:34.369  4396  7632 I libnfc_nci: [INFO:NfcTag.cpp(236)] NfcTag::setActivationState: state=2
03-25 13:32:34.369  4396  7632 I libnfc_nci: [INFO:nfa_dm_discover.cc(2946)] new state: POLL_ACTIVE (4), disc_flags: 0x1
03-25 13:32:34.369  4396  7632 I libnfc_nci: [INFO:nfa_srd_main.cc(215)] nfa_srd_dm_process_evt Enter: event:5
03-25 13:32:34.369  4396  7632 I libnfc_nci: [INFO:nfa_srd_main.cc(238)] nfa_srd_dm_process_evt Unknown Event!!
03-25 13:32:34.369  4396  4396 I libnfc_nci: [INFO:NativeNfcTag.cpp(968)] reSelect: select completed; sConnectOk=1
03-25 13:32:34.369  4396  4396 I libnfc_nci: [INFO:NativeNfcTag.cpp(998)] reSelect: exit; status=0
03-25 13:32:34.369  4396  4396 I libnfc_nci: [INFO:NativeNfcTag.cpp(1083)] nativeNfcTag_doReconnect: exit 0x0
03-25 13:32:34.370  4396  4396 I libnfc_nci: [INFO:NativeNfcTag.cpp(1579)] nativeNfcTag_doCheckNdef: enter 
03-25 13:32:34.370  4396  4396 I libnfc_nci: [INFO:NativeNfcTag.cpp(1619)] nativeNfcTag_doCheckNdef: try NFA_RwDetectNDef
03-25 13:32:34.370  4396  4396 I libnfc_nci: [INFO:NativeNfcTag.cpp(1624)] nativeNfcTag_doCheckNdef: NfcTag::getInstance ().mTechLibNfcTypes[0]=4sCurrentConnectedTargetProtocol = 0x4
03-25 13:32:34.370  4396  4396 I libnfc_nci: [INFO:nfa_rw_api.cc(90)] NFA_RwDetectNDef
03-25 13:32:34.370  4396  4396 I libnfc_nci: [INFO:gki_buffer.cc(328)] GKI_getbuf 0xb400007a6a80e040 39:43
03-25 13:32:34.370  4396  7632 I libnfc_nci: [INFO:nfa_sys_main.cc(96)] NFA got event 0x0500
03-25 13:32:34.370  4396  7632 I libnfc_nci: [INFO:nfa_rw_main.cc(254)] nfa_rw_handle_event event: NFA_RW_OP_REQUEST_EVT (0x500), flags: 00000021
03-25 13:32:34.370  4396  7632 I libnfc_nci: [INFO:nfa_rw_act.cc(2977)] nfa_rw_handle_op_req: op=0x00
03-25 13:32:34.370  4396  7632 I libnfc_nci: [INFO:nfa_sys_ptim.cc(156)] nfa_sys_ptim_stop_timer 0x799df8c5a0
03-25 13:32:34.370  4396  7632 I libnfc_nci: [INFO:nfa_sys_ptim.cc(163)] ptim timer stop
03-25 13:32:34.370  4396  7632 I libnfc_nci: [INFO:nfa_rw_act.cc(214)] Stopped presence check timer (if started)
03-25 13:32:34.370  4396  7632 I libnfc_nci: [INFO:nfa_rw_act.cc(1725)] nfa_rw_detect_ndef
03-25 13:32:34.370  4396  7632 I libnfc_nci: [INFO:rw_t4t.cc(2831)] RW_T4tDetectNDef
03-25 13:32:34.371  4396  7632 I libnfc_nci: [INFO:rw_t4t.cc(1234)] rw_t4t_select_application - version:0x30
03-25 13:32:34.371  4396  7632 I libnfc_nci: [INFO:gki_buffer.cc(328)] GKI_getbuf 0xb400007b0a8195a0 40:43
03-25 13:32:34.371  4396  7632 I libnfc_nci: [INFO:nfc_ncif.cc(281)] nfc_ncif_send_data :0, num_buff:1 qc:0
03-25 13:32:34.371  4396  7632 I libnfc_nci: [INFO:NfcAdaptation.cc(743)] NfcAdaptation::HalWrite
03-25 13:32:34.371  1009  7635 D NxpTml  : PN54X - Write requested.....
03-25 13:32:34.371  1009  7635 D NxpTml  : PN54X - Invoking I2C Write.....
03-25 13:32:34.372  1009  7635 I NxpNciX : len =  16 > 00000D00A4040007D276000085010100
03-25 13:32:34.372  1009  7635 D NxpTml  : PN54X - I2C Write successful.....
03-25 13:32:34.372  1009  7635 D NxpTml  : PN54X - Posting Fresh Write message.....
03-25 13:32:34.372  1009  7637 D NxpHal  : write successful status = 0x0
03-25 13:32:34.372  1009  7635 D NxpTml  : PN54X - Tml Writer Thread Running................
03-25 13:32:34.373  1009  7634 D NxpTml  : PN54X - I2C Read successful.....
03-25 13:32:34.373  1009  7634 I NxpNciR : len =   6 > 600603010001
03-25 13:32:34.373  1009  7634 D NxpTml  : PN54X - Posting read message.....
03-25 13:32:34.374  1009  7637 D NxpHal  : read successful status = 0x0
03-25 13:32:34.374  4396  4911 I libnfc_nci: [INFO:gki_buffer.cc(328)] GKI_getbuf 0xb400007b0a810c20 39:43
03-25 13:32:34.374  4396  7632 I libnfc_nci: [INFO:nfc_ncif.cc(624)] NFC received ntf gid:0
03-25 13:32:34.375  4396  7632 I libnfc_nci: [INFO:nci_hrcv.cc(152)] nci_proc_core_ntf opcode:0x6
03-25 13:32:34.375  4396  7632 I libnfc_nci: [INFO:nfc_ncif.cc(281)] nfc_ncif_send_data :0, num_buff:1 qc:0
03-25 13:32:34.375  1009  7634 D NxpTml  : PN54X - Read requested.....
03-25 13:32:34.375  1009  7634 D NxpTml  : PN54X - Invoking I2C Read.....
03-25 13:32:34.388  1009  7634 D NxpTml  : PN54X - I2C Read successful.....
03-25 13:32:34.388  1009  7634 I NxpNciR : len =   5 > 0000026A82
03-25 13:32:34.388  1009  7634 D NxpTml  : PN54X - Posting read message.....
03-25 13:32:34.388  1009  7637 D NxpHal  : read successful status = 0x0
03-25 13:32:34.389  4396  4911 I libnfc_nci: [INFO:gki_buffer.cc(328)] GKI_getbuf 0xb400007b0a80dd40 39:43
03-25 13:32:34.389  4396  7632 I libnfc_nci: [INFO:nfc_ncif.cc(577)] NFC received data
03-25 13:32:34.389  4396  7632 I libnfc_nci: [INFO:nfc_ncif.cc(2313)] nfc_ncif_proc_data 0x000002
03-25 13:32:34.390  4396  7632 I libnfc_nci: [INFO:nfc_ncif.cc(2318)] nfc_ncif_proc_data len:2
03-25 13:32:34.390  4396  7632 I libnfc_nci: [INFO:rw_t4t.cc(2391)] rw_t4t_data_cback - event = 0x6003
03-25 13:32:34.390  4396  7632 I libnfc_nci: [INFO:rw_t4t.cc(2434)] rw_t4t_data_cback - RW T4T state: <NDEF_DETECTION (2)>
03-25 13:32:34.390  4396  7632 I libnfc_nci: [INFO:rw_t4t.cc(1700)] rw_t4t_sm_detect_ndef - sub_state:WAIT_SELECT_APP (0)
03-25 13:32:34.390  4396  7632 I libnfc_nci: [INFO:rw_t4t.cc(1716)] rw_t4t_sm_detect_ndef - retry with version=0x10
03-25 13:32:34.390  4396  7632 I libnfc_nci: [INFO:rw_t4t.cc(1234)] rw_t4t_select_application - version:0x10
03-25 13:32:34.390  1009  7634 D NxpTml  : PN54X - Read requested.....
03-25 13:32:34.390  4396  7632 I libnfc_nci: [INFO:gki_buffer.cc(328)] GKI_getbuf 0xb400007b0a810c20 40:43
03-25 13:32:34.390  1009  7634 D NxpTml  : PN54X - Invoking I2C Read.....
03-25 13:32:34.390  4396  7632 I libnfc_nci: [INFO:nfc_ncif.cc(281)] nfc_ncif_send_data :0, num_buff:1 qc:0
03-25 13:32:34.390  4396  7632 I libnfc_nci: [INFO:NfcAdaptation.cc(743)] NfcAdaptation::HalWrite
03-25 13:32:34.390  1009  7635 D NxpTml  : PN54X - Write requested.....
03-25 13:32:34.391  1009  7635 D NxpTml  : PN54X - Invoking I2C Write.....
03-25 13:32:34.391  1009  7635 I NxpNciX : len =  15 > 00000C00A4040007D2760000850100
03-25 13:32:34.392  1009  7635 D NxpTml  : PN54X - I2C Write successful.....
03-25 13:32:34.392  1009  7635 D NxpTml  : PN54X - Posting Fresh Write message.....
03-25 13:32:34.392  1009  7635 D NxpTml  : PN54X - Tml Writer Thread Running................
03-25 13:32:34.392  1009  7637 D NxpHal  : write successful status = 0x0
03-25 13:32:34.393  1009  7634 D NxpTml  : PN54X - I2C Read successful.....
03-25 13:32:34.393  1009  7634 I NxpNciR : len =   6 > 600603010001
03-25 13:32:34.393  1009  7634 D NxpTml  : PN54X - Posting read message.....
03-25 13:32:34.393  1009  7637 D NxpHal  : read successful status = 0x0
03-25 13:32:34.393  4396  4911 I libnfc_nci: [INFO:gki_buffer.cc(328)] GKI_getbuf 0xb400007b0a81c7a0 39:43
03-25 13:32:34.394  4396  7632 I libnfc_nci: [INFO:nfc_ncif.cc(624)] NFC received ntf gid:0
03-25 13:32:34.394  4396  7632 I libnfc_nci: [INFO:nci_hrcv.cc(152)] nci_proc_core_ntf opcode:0x6
03-25 13:32:34.394  4396  7632 I libnfc_nci: [INFO:nfc_ncif.cc(281)] nfc_ncif_send_data :0, num_buff:1 qc:0
03-25 13:32:34.394  1009  7634 D NxpTml  : PN54X - Read requested.....
03-25 13:32:34.394  1009  7634 D NxpTml  : PN54X - Invoking I2C Read.....
03-25 13:32:34.403  1009  7634 D NxpTml  : PN54X - I2C Read successful.....
03-25 13:32:34.403  1009  7634 I NxpNciR : len =   5 > 0000026A82
03-25 13:32:34.403  1009  7634 D NxpTml  : PN54X - Posting read message.....
03-25 13:32:34.403  1009  7637 D NxpHal  : read successful status = 0x0
03-25 13:32:34.404  4396  4911 I libnfc_nci: [INFO:gki_buffer.cc(328)] GKI_getbuf 0xb400007b0a8182e0 39:43
03-25 13:32:34.404  1009  7634 D NxpTml  : PN54X - Read requested.....
03-25 13:32:34.404  1009  7634 D NxpTml  : PN54X - Invoking I2C Read.....
03-25 13:32:34.405  4396  7632 I libnfc_nci: [INFO:nfc_ncif.cc(577)] NFC received data
03-25 13:32:34.405  4396  7632 I libnfc_nci: [INFO:nfc_ncif.cc(2313)] nfc_ncif_proc_data 0x000002
03-25 13:32:34.405  4396  7632 I libnfc_nci: [INFO:nfc_ncif.cc(2318)] nfc_ncif_proc_data len:2
03-25 13:32:34.406  4396  7632 I libnfc_nci: [INFO:rw_t4t.cc(2391)] rw_t4t_data_cback - event = 0x6003
03-25 13:32:34.406  4396  7632 I libnfc_nci: [INFO:rw_t4t.cc(2434)] rw_t4t_data_cback - RW T4T state: <NDEF_DETECTION (2)>
03-25 13:32:34.406  4396  7632 I libnfc_nci: [INFO:rw_t4t.cc(1700)] rw_t4t_sm_detect_ndef - sub_state:WAIT_SELECT_APP (0)
03-25 13:32:34.406  4396  7632 I libnfc_nci: [INFO:rw_t4t.cc(1383)] rw_t4t_handle_error - status:0xE8, sw1:0x6A, sw2:0x82, state:0x2
03-25 13:32:34.406  4396  7632 I libnfc_nci: [INFO:nfa_rw_act.cc(1569)] nfa_rw_cback: event=0x80
03-25 13:32:34.406  4396  7632 I libnfc_nci: [INFO:nfa_rw_act.cc(230)] NDEF Detection completed: cur_size=0, max_size=0, flags=0x8
03-25 13:32:34.406  4396  7632 I libnfc_nci: [INFO:nfa_dm_act.cc(1545)] event:0x8
03-25 13:32:34.406  4396  7632 I libnfc_nci: [INFO:NativeNfcManager.cpp(460)] nfaConnectionCallback: event= 8
03-25 13:32:34.406  4396  7632 I libnfc_nci: [INFO:NativeNfcManager.cpp(808)] nfaConnectionCallback: NFA_NDEF_DETECT_EVT: status = 0xE8, protocol = 106, max_size = 0, cur_size = 0, flags = 0x8
03-25 13:32:34.406  4396  7632 I libnfc_nci: [INFO:NativeNfcTag.cpp(1516)] nativeNfcTag_doCheckNdefResult: flag all unknown
03-25 13:32:34.406  4396  7632 I libnfc_nci: [INFO:rw_t4t.cc(2505)] rw_t4t_data_cback - RW T4T state changed:<NDEF_DETECTION> -> <IDLE>
03-25 13:32:34.407  4396  4396 I libnfc_nci: [INFO:NativeNfcTag.cpp(1696)] nativeNfcTag_doCheckNdef: exit; status=0x3
03-25 13:32:34.407  4396  4396 D NativeNfcTag: Check NDEF Failed - status = 3
03-25 13:32:34.407  4396  4396 I libnfc_nci: [INFO:NativeNfcTag.cpp(1102)] nativeNfcTag_doHandleReconnect: targetHandle = 1
03-25 13:32:34.407  4396  4396 I libnfc_nci: [INFO:NativeNfcTag.cpp(687)] nativeNfcTag_doConnect: targetHandle = 1
03-25 13:32:34.407  4396  4396 E libnfc_nci: [ERROR:NativeNfcTag.cpp(709)] nativeNfcTag_doConnect:  doConnect sCurrentConnectedTargetProtocol 4 sCurrentConnectedTargetType 1
03-25 13:32:34.407  4396  4396 I libnfc_nci: [INFO:NativeNfcTag.cpp(733)] nativeNfcTag_doConnect: switching to tech: 1 need to switch rf intf to frame
03-25 13:32:34.407  4396  4396 I libnfc_nci: [INFO:NativeNfcTag.cpp(1025)] switchRfInterface: new rf intf = 1, cur rf intf = 2
03-25 13:32:34.407  4396  4396 I libnfc_nci: [INFO:NativeNfcTag.cpp(768)] reSelect: enter; rf intf = 1, current intf = 2
03-25 13:32:34.407  4396  4396 I libnfc_nci: [INFO:NativeNfcTag.cpp(841)] reSelect: deactivate to sleep
03-25 13:32:34.407  4396  4396 I libnfc_nci: [INFO:nfa_dm_api.cc(1106)] sleep_mode:1
03-25 13:32:34.407  4396  4396 I libnfc_nci: [INFO:gki_buffer.cc(328)] GKI_getbuf 0xb400007a3a83ee50 39:43
03-25 13:32:34.408  4396  7632 I libnfc_nci: [INFO:nfa_sys_main.cc(96)] NFA got event 0x0113
03-25 13:32:34.408  4396  7632 I libnfc_nci: [INFO:nfa_dm_main.cc(152)] event: NFA_DM_API_DEACTIVATE_EVT (0x13)
03-25 13:32:34.408  4396  7632 I libnfc_nci: [INFO:nfa_dm_act.cc(847)] nfa_dm_act_deactivate
03-25 13:32:34.408  4396  7632 I libnfc_nci: [INFO:nfa_dm_discover.cc(3127)] deactivate_type:0x1
03-25 13:32:34.408  4396  7632 I libnfc_nci: [INFO:nfa_dm_discover.cc(2893)] state: POLL_ACTIVE (4), event: DEACTIVATE_CMD(6) disc_flags: 0x1
03-25 13:32:34.408  4396  7632 I libnfc_nci: [INFO:nfc_main.cc(1399)] NFC_Deactivate 5 (OPEN) deactivate_type:1
03-25 13:32:34.408  4396  7632 I libnfc_nci: [INFO:nfc_main.cc(444)] nfc_set_state 5 (OPEN)->6 (CLOSING)
03-25 13:32:34.408  4396  7632 I libnfc_nci: [INFO:nfc_main.cc(1417)] act_protocol 4 credits:1/1
03-25 13:32:34.409  4396  7632 I libnfc_nci: [INFO:gki_buffer.cc(328)] GKI_getbuf 0xb400007b0a8182e0 40:43
03-25 13:32:34.409  4396  7632 I libnfc_nci: [INFO:nfc_ncif.cc(497)] nfc_ncif_send_cmd()
03-25 13:32:34.409  4396  7632 I libnfc_nci: [INFO:nfc_ncif.cc(145)] check_and_store_last_cmd:
03-25 13:32:34.409  4396  7632 I libnfc_nci: [INFO:NfcAdaptation.cc(743)] NfcAdaptation::HalWrite
03-25 13:32:34.409  1009  7635 D NxpTml  : PN54X - Write requested.....
03-25 13:32:34.409  1009  7635 D NxpTml  : PN54X - Invoking I2C Write.....
03-25 13:32:34.410  1009  7635 I NxpNciX : len =   4 > 21060101
03-25 13:32:34.410  1009  7635 D NxpTml  : PN54X - I2C Write successful.....
03-25 13:32:34.410  1009  7635 D NxpTml  : PN54X - Posting Fresh Write message.....
03-25 13:32:34.410  1009  7635 D NxpTml  : PN54X - Tml Writer Thread Running................
03-25 13:32:34.410  1009  7637 D NxpHal  : write successful status = 0x0
03-25 13:32:34.411  4396  7632 I libnfc_nci: [INFO:nfa_dm_discover.cc(1022)] num_disc_maps=3
03-25 13:32:34.411  1009  7634 D NxpTml  : PN54X - I2C Read successful.....
03-25 13:32:34.411  1009  7634 I NxpNciR : len =   4 > 41060100
03-25 13:32:34.411  1009  7634 D NxpTml  : PN54X - Posting read message.....
03-25 13:32:34.411  4396  7632 I libnfc_nci: [INFO:nfa_dm_discover.cc(1050)] Starting timer value 8000
03-25 13:32:34.411  4396  7632 I libnfc_nci: [INFO:nfa_sys_ptim.cc(128)] nfa_sys_ptim_start_timer 0x799df8e2c0
03-25 13:32:34.411  1009  7637 D NxpHal  : read successful status = 0x0
03-25 13:32:34.411  4396  7632 I libnfc_nci: [INFO:nfa_sys_ptim.cc(133)] ptim timer start
03-25 13:32:34.411  4396  7632 I libnfc_nci: [INFO:nfa_dm_discover.cc(2946)] new state: POLL_ACTIVE (4), disc_flags: 0x61
03-25 13:32:34.411  4396  7632 I libnfc_nci: [INFO:nfa_sys_ptim.cc(156)] nfa_sys_ptim_stop_timer 0x799df8c5a0
03-25 13:32:34.411  4396  7632 I libnfc_nci: [INFO:nfa_rw_act.cc(214)] Stopped presence check timer (if started)
03-25 13:32:34.411  4396  4911 I libnfc_nci: [INFO:gki_buffer.cc(328)] GKI_getbuf 0xb400007b0a817340 39:43
03-25 13:32:34.412  4396  7632 I libnfc_nci: [INFO:nfc_ncif.cc(583)] NFC received rsp gid:1
03-25 13:32:34.412  4396  7632 I libnfc_nci: [INFO:nfa_dm_discover.cc(3258)] p2p priority is running under bail out mode ONLY.
03-25 13:32:34.412  4396  7632 I libnfc_nci: [INFO:nfc_main.cc(444)] nfc_set_state 6 (CLOSING)->4 (IDLE)
03-25 13:32:34.412  4396  7632 I libnfc_nci: [INFO:rw_t4t.cc(2391)] rw_t4t_data_cback - event = 0x6002
03-25 13:32:34.412  1009  7634 D NxpTml  : PN54X - Read requested.....
03-25 13:32:34.412  4396  7632 I libnfc_nci: [INFO:nfa_dm_discover.cc(850)] event:0x4005
03-25 13:32:34.412  1009  7634 D NxpTml  : PN54X - Invoking I2C Read.....
03-25 13:32:34.412  4396  7632 I libnfc_nci: [INFO:nfa_dm_discover.cc(2893)] state: POLL_ACTIVE (4), event: DEACTIVATE_RSP(7) disc_flags: 0x61
03-25 13:32:34.412  4396  7632 I libnfc_nci: [INFO:nfa_dm_discover.cc(2946)] new state: POLL_ACTIVE (4), disc_flags: 0x41
03-25 13:32:34.412  4396  7632 I libnfc_nci: [INFO:nfa_srd_main.cc(215)] nfa_srd_dm_process_evt Enter: event:7
03-25 13:32:34.413  1009  7634 D NxpTml  : PN54X - I2C Read successful.....
03-25 13:32:34.413  1009  7634 I NxpNciR : len =   5 > 6106020100
03-25 13:32:34.413  1009  7634 D NxpTml  : PN54X - Posting read message.....
03-25 13:32:34.413  1009  7637 D NxpHal  : read successful status = 0x0
03-25 13:32:34.414  4396  4911 I libnfc_nci: [INFO:gki_buffer.cc(328)] GKI_getbuf 0xb400007b0a813b00 39:43
03-25 13:32:34.414  4396  7632 I libnfc_nci: [INFO:nfc_ncif.cc(624)] NFC received ntf gid:1
03-25 13:32:34.414  4396  7632 I libnfc_nci: [INFO:nfa_dm_discover.cc(3258)] p2p priority is running under bail out mode ONLY.
03-25 13:32:34.414  4396  7632 I libnfc_nci: [INFO:nfc_main.cc(444)] nfc_set_state 4 (IDLE)->4 (IDLE)
03-25 13:32:34.414  4396  7632 I libnfc_nci: [INFO:nfa_dm_discover.cc(1968)] nfa_dm_disc_data_cback
03-25 13:32:34.414  4396  7632 I libnfc_nci: [INFO:nfa_dm_discover.cc(850)] event:0x4005
03-25 13:32:34.414  4396  7632 I libnfc_nci: [INFO:nfa_dm_discover.cc(2893)] state: POLL_ACTIVE (4), event: DEACTIVATE_NTF(8) disc_flags: 0x41
03-25 13:32:34.414  4396  7632 I libnfc_nci: [INFO:nfa_sys_ptim.cc(156)] nfa_sys_ptim_stop_timer 0x799df8e2c0
03-25 13:32:34.414  1009  7634 D NxpTml  : PN54X - Read requested.....
03-25 13:32:34.414  4396  7632 I libnfc_nci: [INFO:nfa_sys_ptim.cc(163)] ptim timer stop
03-25 13:32:34.414  1009  7634 D NxpTml  : PN54X - Invoking I2C Read.....
03-25 13:32:34.414  4396  7632 I libnfc_nci: [INFO:nfa_dm_discover.cc(1662)] activated_handle=3
03-25 13:32:34.414  4396  7632 I libnfc_nci: [INFO:nfa_dm_act.cc(1744)] event:0x02
03-25 13:32:34.414  4396  7632 I libnfc_nci: [INFO:nfa_rw_main.cc(254)] nfa_rw_handle_event event: NFA_RW_DEACTIVATE_NTF_EVT (0x502), flags: 00000021
03-25 13:32:34.414  4396  7632 I libnfc_nci: [INFO:nfa_sys_ptim.cc(156)] nfa_sys_ptim_stop_timer 0x799df8c5a0
03-25 13:32:34.414  4396  7632 I libnfc_nci: [INFO:nfa_sys_ptim.cc(163)] ptim timer stop
03-25 13:32:34.414  4396  7632 I libnfc_nci: [INFO:nfa_rw_act.cc(214)] Stopped presence check timer (if started)
03-25 13:32:34.414  4396  7632 I libnfc_nci: [INFO:NativeNfcManager.cpp(460)] nfaConnectionCallback: event= 6
03-25 13:32:34.415  4396  7632 I libnfc_nci: [INFO:NativeNfcManager.cpp(703)] nfaConnectionCallback: NFA_DEACTIVATED_EVT   Type: 1, gIsTagDeactivating: 1
03-25 13:32:34.415  4396  7632 I libnfc_nci: [INFO:NfcTag.cpp(219)] NfcTag::setDeactivationState: state=1
03-25 13:32:34.415  4396  7632 I libnfc_nci: [INFO:nfa_dm_discover.cc(1998)] old_state: POLL_ACTIVE (4), new_state: W4_HOST_SELECT (3) disc_flags: 0x1
03-25 13:32:34.415  4396  7632 I libnfc_nci: [INFO:nfa_dm_discover.cc(2946)] new state: W4_HOST_SELECT (3), disc_flags: 0x1
03-25 13:32:34.415  4396  7632 I libnfc_nci: [INFO:nfa_srd_main.cc(215)] nfa_srd_dm_process_evt Enter: event:8
03-25 13:32:34.415  4396  4396 I libnfc_nci: [INFO:NativeNfcTag.cpp(915)] reSelect: select interface 1
03-25 13:32:34.415  4396  4396 I libnfc_nci: [INFO:nfa_dm_api.cc(1011)] rf_disc_id:0x1, protocol:0x4, rf_interface:0x1
03-25 13:32:34.415  4396  4396 I libnfc_nci: [INFO:gki_buffer.cc(328)] GKI_getbuf 0xb400007a3a841c40 39:43
03-25 13:32:34.415  4396  7632 I libnfc_nci: [INFO:nfa_sys_main.cc(96)] NFA got event 0x0111
03-25 13:32:34.415  4396  7632 I libnfc_nci: [INFO:nfa_dm_main.cc(152)] event: NFA_DM_API_SELECT_EVT (0x11)
03-25 13:32:34.415  4396  7632 I libnfc_nci: [INFO:nfa_dm_act.cc(1489)] nfa_dm_act_select
03-25 13:32:34.416  4396  7632 I libnfc_nci: [INFO:nfa_dm_discover.cc(3096)] rf_disc_id:0x1, protocol:0x4, rf_interface:0x1
03-25 13:32:34.416  4396  7632 I libnfc_nci: [INFO:nfa_dm_discover.cc(2893)] state: W4_HOST_SELECT (3), event: SELECT_CMD(3) disc_flags: 0x11
