01-15 03:50:52.443   166   166 I [kworke][0x28c66402][16:39:51.185269] kiwi_v2: [166:I:HIF] hif_event_history_init: SRNG events history initialized for group: 8
01-15 03:50:52.443   166   166 I [kworke][0x28c66490][16:39:51.185276] kiwi_v2: [166:I:HIF] hif_event_history_init: SRNG events history initialized for group: 9
01-15 03:50:52.443   166   166 I [kworke][0x28c66571][16:39:51.185288] kiwi_v2: [166:I:HIF] hif_event_history_init: SRNG events history initialized for group: 10
01-15 03:50:52.443   166   166 I [kworke][0x28c66615][16:39:51.185296] kiwi_v2: [166:I:HIF] hif_event_history_init: SRNG events history initialized for group: 11
01-15 03:50:52.443   166   166 I [kworke][0x28c666c3][16:39:51.185306] kiwi_v2: [166:I:HIF] hif_event_history_init: SRNG events history initialized for group: 12
01-15 03:50:52.443   166   166 I [kworke][0x28c66751][16:39:51.185313] kiwi_v2: [166:I:HIF] hif_event_history_init: SRNG events history initialized for group: 13
01-15 03:50:52.443   166   166 I [kworke][0x28c6683b][16:39:51.185325] kiwi_v2: [166:I:HIF] hif_event_history_init: SRNG events history initialized for group: 14
01-15 03:50:52.443   166   166 I [kworke][0x28c668c2][16:39:51.185332] kiwi_v2: [166:I:HIF] hif_event_history_init: SRNG events history initialized for group: 15
01-15 03:50:52.443   166   166 I [kworke][0x28c6695b][16:39:51.185340] kiwi_v2: [166:I:HIF] hif_event_history_init: SRNG events history initialized for group: 16
01-15 03:50:52.443   166   166 I [kworke][0x28c669e8][16:39:51.185347] kiwi_v2: [166:I:HIF] hif_event_history_init: SRNG events history initialized for group: 17
01-15 03:50:52.457   166   166 E [kworke][0x28ca5aa0][16:39:51.198797] kiwi_v2: [166:E:HIF] hif_pci_ce_irq_set_affinity_hint: Unable to set cpu mask for offline CPU 0
01-15 03:50:52.458   165   165 I [kworke][0x28cade49][16:39:51.200553] kiwi_v2: [165:I:WMA] wma_rx_service_ready_event: Firmware build version : 11010971
01-15 03:50:52.458   165   165 I [kworke][0x28cadec7][16:39:51.200559] kiwi_v2: [165:I:WMA] wma_rx_service_ready_event: Board id: 0, Board version: 8 0 0 0 1
01-15 03:50:52.459   165   165 E [kworke][0x28cb323d][16:39:51.201672] kiwi_v2: [165:E:WMA] wma_update_supported_bands: wrong supported band
01-15 03:50:52.460   165   165 I [kworke][0x28cb369b][16:39:51.201730] kiwi_v2: [165:I:WMI] extract_hw_bdf_status: BDF VER is 0, FW and BDF ver check skipped
01-15 03:50:52.552   163   163 E [kworke][0x28e66ce4][16:39:51.294614] kiwi_v2: [163:E:QDF] ready_extract_init_status_tlv: ready_extract_init_status_tlv:0
01-15 03:50:52.553   163   163 E [kworke][0x28e6a55b][16:39:51.295367] kiwi_v2: [163:E:REGULATORY] reg_init_indoor_channel_list: reg pdev priv obj is NULL
01-15 03:50:52.553   163   163 I [kworke][0x28e6a921][16:39:51.295417] kiwi_v2: [163:I:dfs] WLAN_DEBUG_DFS_ALWAYS : wlan_dfs_pdev_obj_create_notification: dfs_offload 1
01-15 03:50:52.553   163   163 I [kworke][0x28e6a968][16:39:51.295421] kiwi_v2: [163:I:dfs] WLAN_DEBUG_DFS_ALWAYS : wlan_dfs_pdev_obj_create_notification: dfs_bangradar_320_support 0
01-15 03:50:52.553   163   163 I [kworke][0x28e6aa14][16:39:51.295430] kiwi_v2: [163:I:SPECTRAL] null_get_capability: SPECTRAL : get_capability not registered
01-15 03:50:52.553   163   163 I [kworke][0x28e6aa52][16:39:51.295433] kiwi_v2: [163:I:SPECTRAL] target_if_pdev_spectral_init: HAL_CAP_PHYDIAG : Capable
01-15 03:50:52.553   163   163 I [kworke][0x28e6aa8f][16:39:51.295436] kiwi_v2: [163:I:SPECTRAL] null_get_capability: SPECTRAL : get_capability not registered
01-15 03:50:52.553   163   163 I [kworke][0x28e6aacb][16:39:51.295439] kiwi_v2: [163:I:SPECTRAL] target_if_pdev_spectral_init: HAL_CAP_RADAR   : Capable
01-15 03:50:52.553   163   163 I [kworke][0x28e6ab0e][16:39:51.295443] kiwi_v2: [163:I:SPECTRAL] null_get_capability: SPECTRAL : get_capability not registered
01-15 03:50:52.553   163   163 I [kworke][0x28e6ab4a][16:39:51.295446] kiwi_v2: [163:I:SPECTRAL] target_if_pdev_spectral_init: HAL_CAP_SPECTRAL_SCAN : Capable
01-15 03:50:52.553   163   163 I [kworke][0x28e6ab8a][16:39:51.295449] kiwi_v2: [163:I:SPECTRAL] null_get_tsf64: SPECTRAL : get_tsf64 not registered
01-15 03:50:52.553   163   163 I [kworke][0x28e6ac79][16:39:51.295462] kiwi_v2: [163:I:GREEN_AP] wlan_green_ap_pdev_obj_create_notification: Green AP creation successful, green ap ctx: ffffff887f663a68, pdev: ffffff889ea01068
01-15 03:50:52.554   163   163 I [kworke][0x28e6d46e][16:39:51.295994] kiwi_v2: [163:I:HAL] hal_srng_update_high_wm_thresholds: ring_id: 193, wm_thresh- <50:0, 50-60:24, 60-70:28, 70-80:33, 80-90:38, 90-100:43
01-15 03:50:52.554   163   163 I [kworke][0x28e6e3d5][16:39:51.296200] kiwi_v2: [163:I:HAL] hal_srng_update_high_wm_thresholds: ring_id: 206, wm_thresh- <50:0, 50-60:24, 60-70:28, 70-80:33, 80-90:38, 90-100:43
01-15 03:50:52.555   163   163 I [kworke][0x28e7410a][16:39:51.297443] kiwi_v2: [163:I:REGULATORY] reg_set_band: same band 7
01-15 03:50:52.555   163   163 I [kworke][0x28e74169][16:39:51.297448] kiwi_v2: [163:I:HDD] hdd_intersect_igmp_offload_setting: fw cap to handle igmp 1 igmp_offload_enable ini 0
01-15 03:50:52.555   163   163 I [kworke][0x28e74787][16:39:51.297529] kiwi_v2: [163:I:GREEN_AP] target_if_green_ap_register_egap_event_handler: Set the Enhance Green AP event handler
01-15 03:50:52.555   166   166 I [kworke][0x28e74cfb][16:39:51.297602] kiwi_v2: [166:I:WMA] wma_wait_for_ready_event: FW ready event received
01-15 03:50:52.555   166   166 I [kworke][0x28e75135][16:39:51.297658] kiwi_v2: [166:I:HAL] hal_srng_update_high_wm_thresholds: ring_id: 192, wm_thresh- <50:0, 50-60:64, 60-70:76, 70-80:89, 80-90:102, 90-100:115
01-15 03:50:52.556   166   166 I [kworke][0x28e776b9][16:39:51.298158] kiwi_v2: [166:I:HAL] hal_srng_update_high_wm_thresholds: ring_id: 205, wm_thresh- <50:0, 50-60:64, 60-70:76, 70-80:89, 80-90:102, 90-100:115
01-15 03:50:52.557   166   166 E [kworke][0x28e7c36b][16:39:51.299181] kiwi_v2: [166:E:DP] dp_rxdma_ring_config: pdev_id 0 max_mac_rings 2
01-15 03:50:52.557   166   166 E [kworke][0x28e7c3e6][16:39:51.299187] kiwi_v2: [166:E:TXRX] dp_rxdma_ring_config: mac_id 0
01-15 03:50:52.557   166   166 E [kworke][0x28e7cfb5][16:39:51.299345] kiwi_v2: [166:E:TXRX] dp_rxdma_ring_config: mac_id 1
01-15 03:50:52.558   166   166 I [kworke][0x28e7f846][16:39:51.299886] kiwi_v2: [166:I:HAL] hal_reo_set_err_dst_remap_kiwi: HWIO_REO_R0_ERROR_DESTINATION_MAPPING_IX_0 0x0
01-15 03:50:52.558   166   166 I [kworke][0x28e7fa64][16:39:51.299914] kiwi_v2: [166:I:HAL] hal_reo_set_err_dst_remap_kiwi: HWIO_REO_R0_ERROR_DESTINATION_MAPPING_IX_1 0x0
01-15 03:50:52.558   166   166 I [kworke][0x28e8045e][16:39:51.300047] kiwi_v2: [166:I:DIRECT_BUF_RX] target_if_direct_buf_rx_register_events: DBR Handler Context 1
01-15 03:50:52.558   166   166 E [kworke][0x28e82898][16:39:51.300530] kiwi_v2: [166:E:WMI] send_action_oui_cmd_tlv: Invalid action id
01-15 03:50:52.558   166   166 E [kworke][0x28e82931][16:39:51.300538] kiwi_v2: [166:E:action_oui] action_oui_send_config: Failed to send: 7
01-15 03:50:52.558   166   166 E [kworke][0x28e829a7][16:39:51.300544] kiwi_v2: [166:E:WMI] send_action_oui_cmd_tlv: Invalid action id
01-15 03:50:52.558   166   166 E [kworke][0x28e82a9e][16:39:51.300557] kiwi_v2: [166:E:action_oui] action_oui_send_config: Failed to send: 8
01-15 03:50:52.559  3286  3286 E [schedu][0x28e859cb][16:39:51.301186] kiwi_v2: [3286:E:REGULATORY] reg_fill_chan320mhz_seg0_center: Cannot find 160Mhz centers for freq 7075
01-15 03:50:52.559  3286  3286 E [schedu][0x28e85a95][16:39:51.301196] kiwi_v2: [3286:E:REGULATORY] reg_fill_chan320mhz_seg0_center: Cannot find 160Mhz centers for freq 7095
01-15 03:50:52.559  3286  3286 E [schedu][0x28e85b21][16:39:51.301204] kiwi_v2: [3286:E:REGULATORY] reg_fill_chan320mhz_seg0_center: Cannot find 160Mhz centers for freq 7115
01-15 03:50:52.590   166   166 E [kworke][0x28f14ca3][16:39:51.331731] kiwi_v2: [166:E:fwol] ucfg_fwol_send_get_thermal_stats_cmd: Command Disabled in Ini gThermalStatsTempOffset 5 or not enabled in FW 0
01-15 03:50:52.590   166   166 E [kworke][0x28f14dac][16:39:51.331744] kiwi_v2: [166:E:OSIF] os_if_fwol_get_thermal_stats_req: Failed to send get thermal stats cmd to FW, 4
01-15 03:50:52.590   166   166 E cnss_utils: WLAN MAC address is not set, type 0
01-15 03:50:52.590   166   166 I [kworke][0x28f17fd4][16:39:51.332413] kiwi_v2: [166:I:HDD] hdd_initialize_mac_address: using default MAC address
01-15 03:50:52.595   166   166 E debugfs : Directory 'null' with parent '/' already present!
01-15 03:50:52.595   166   166 E cnss    : Failed to get cooling device node
01-15 03:50:52.596   166   166 E cnss    : Failed to get cooling device node
01-15 03:50:52.598  2271  2271 I cnss-daemon: no interop issues ap currently
01-15 03:50:52.872   149   149 I [kworke][0x2943f6ba][16:39:51.613892] kiwi_v2: [149:I:HDD] hdd_psoc_idle_timeout_callback: Psoc idle timeout elapsed; starting psoc shutdown
01-15 03:50:52.872   163   163 E [kworke][0x2944259e][16:39:51.614517] kiwi_v2: [163:E:WMI] wmi_unified_unregister_event_handler: event handler is not registered: evt id 0x1d01a
01-15 03:50:52.873  3286  3286 E [schedu][0x2944488b][16:39:51.614983] kiwi_v2: [3286:E:SYS] Processing SYS MC STOP
01-15 03:50:52.883   163   163 I [kworke][0x2947471b][16:39:51.625204] kiwi_v2: [163:I:WMI] WMI Stop
01-15 03:50:52.883   163   163 I [kworke][0x29474869][16:39:51.625221] kiwi_v2: [163:I:HTC] htc_stop: endpoints cleanup
01-15 03:50:52.883   163   163 I [kworke][0x29474993][16:39:51.625236] kiwi_v2: [163:I:HTC] htc_stop: stopping hif layer
01-15 03:50:52.894   163   163 I [kworke][0x294a764a][16:39:51.636073] kiwi_v2: [163:I:HTC] htc_stop: flush endpoints Tx lookup queue
01-15 03:50:52.894   163   163 I [kworke][0x294a76ff][16:39:51.636082] kiwi_v2: [163:I:HTC] htc_stop: resetting endpoints state
01-15 03:50:52.897   163   163 I [kworke][0x294b6f9b][16:39:51.639397] kiwi_v2: [163:I:HIF] hif_event_history_deinit: SRNG events history de-initialized for group: 0
01-15 03:50:52.897   163   163 I [kworke][0x294b71bb][16:39:51.639425] kiwi_v2: [163:I:HIF] hif_event_history_deinit: SRNG events history de-initialized for group: 1
01-15 03:50:52.897   163   163 I [kworke][0x294b720f][16:39:51.639430] kiwi_v2: [163:I:HIF] hif_event_history_deinit: SRNG events history de-initialized for group: 2
01-15 03:50:52.897   163   163 I [kworke][0x294b725e][16:39:51.639434] kiwi_v2: [163:I:HIF] hif_event_history_deinit: SRNG events history de-initialized for group: 3
01-15 03:50:52.897   163   163 I [kworke][0x294b72a8][16:39:51.639438] kiwi_v2: [163:I:HIF] hif_event_history_deinit: SRNG events history de-initialized for group: 4
01-15 03:50:52.897   163   163 I [kworke][0x294b72f1][16:39:51.639441] kiwi_v2: [163:I:HIF] hif_event_history_deinit: SRNG events history de-initialized for group: 5
01-15 03:50:52.897   163   163 I [kworke][0x294b7338][16:39:51.639445] kiwi_v2: [163:I:HIF] hif_event_history_deinit: SRNG events history de-initialized for group: 6
01-15 03:50:52.897   163   163 I [kworke][0x294b737e][16:39:51.639449] kiwi_v2: [163:I:HIF] hif_event_history_deinit: SRNG events history de-initialized for group: 7
01-15 03:50:52.897   163   163 I [kworke][0x294b73bf][16:39:51.639452] kiwi_v2: [163:I:HIF] hif_event_history_deinit: SRNG events history de-initialized for group: 8
01-15 03:50:52.897   163   163 I [kworke][0x294b7403][16:39:51.639456] kiwi_v2: [163:I:HIF] hif_event_history_deinit: SRNG events history de-initialized for group: 9
01-15 03:50:52.897   163   163 I [kworke][0x294b7448][16:39:51.639459] kiwi_v2: [163:I:HIF] hif_event_history_deinit: SRNG events history de-initialized for group: 10
01-15 03:50:52.897   163   163 I [kworke][0x294b748a][16:39:51.639463] kiwi_v2: [163:I:HIF] hif_event_history_deinit: SRNG events history de-initialized for group: 11
01-15 03:50:52.897   163   163 I [kworke][0x294b74cd][16:39:51.639466] kiwi_v2: [163:I:HIF] hif_event_history_deinit: SRNG events history de-initialized for group: 12
01-15 03:50:52.897   163   163 I [kworke][0x294b750f][16:39:51.639470] kiwi_v2: [163:I:HIF] hif_event_history_deinit: SRNG events history de-initialized for group: 13
01-15 03:50:52.897   163   163 I [kworke][0x294b7555][16:39:51.639473] kiwi_v2: [163:I:HIF] hif_event_history_deinit: SRNG events history de-initialized for group: 14
01-15 03:50:52.897   163   163 I [kworke][0x294b7596][16:39:51.639477] kiwi_v2: [163:I:HIF] hif_event_history_deinit: SRNG events history de-initialized for group: 15
01-15 03:50:52.897   163   163 I [kworke][0x294b76e4][16:39:51.639494] kiwi_v2: [163:I:HIF] hif_event_history_deinit: SRNG events history de-initialized for group: 16
01-15 03:50:52.897   163   163 I [kworke][0x294b772c][16:39:51.639498] kiwi_v2: [163:I:HIF] hif_event_history_deinit: SRNG events history de-initialized for group: 17
01-15 03:50:53.009   163   163 E [kworke][0x296c149c][16:39:51.750824] kiwi_v2: [163:E:DP_INIT] dp_srng_deinit: ffffff889cfa0000: Ring type: 17, num:0 not setup
01-15 03:50:53.009   163   163 E [kworke][0x296c157f][16:39:51.750835] kiwi_v2: [163:E:DP_INIT] dp_srng_deinit: ffffff889cfa0000: Ring type: 17, num:0 not setup
01-15 03:50:53.009   163   163 I [kworke][0x296c5281][16:39:51.751649] kiwi_v2: [163:I:OSIF] os_if_spectral_free_skb: Socket buffer is null, msg_type= 0
01-15 03:50:53.009   163   163 I [kworke][0x296c52dc][16:39:51.751654] kiwi_v2: [163:I:OSIF] os_if_spectral_free_skb: Socket buffer is null, msg_type= 1
01-15 03:50:53.009   163   163 I [kworke][0x296c5314][16:39:51.751656] kiwi_v2: [163:I:OSIF] os_if_spectral_free_skb: Socket buffer is null, msg_type= 2
01-15 03:50:53.017   163   163 I [kworke][0x296ea4e5][16:39:51.759574] kiwi_v2: [163:I:HTC] htc_cleanup: Non flow ctrl enabled endpoints nbuf map: 11, unamp: 11
01-15 03:50:53.017   163   163 E [kworke][0x296ea8a2][16:39:51.759624] kiwi_v2: [163:E:SME] sme_qos_delete_existing_flows: Flow List empty, nothing to delete
01-15 03:50:53.017   163   163 E [kworke][0x296eaa4e][16:39:51.759646] kiwi_v2: [163:E:SME] sme_qos_delete_existing_flows: Flow List empty, nothing to delete
01-15 03:50:53.017   163   163 E [kworke][0x296eab5d][16:39:51.759660] kiwi_v2: [163:E:SME] sme_qos_delete_existing_flows: Flow List empty, nothing to delete
01-15 03:50:53.017   163   163 E [kworke][0x296eac62][16:39:51.759674] kiwi_v2: [163:E:SME] sme_qos_delete_existing_flows: Flow List empty, nothing to delete
01-15 03:50:53.017   163   163 E [kworke][0x296ead72][16:39:51.759688] kiwi_v2: [163:E:SME] sme_qos_delete_existing_flows: Flow List empty, nothing to delete
01-15 03:50:53.018   163   163 E [kworke][0x296eaee0][16:39:51.759707] kiwi_v2: [163:E:SME] sme_qos_delete_existing_flows: Flow List empty, nothing to delete
01-15 03:50:53.045   163   163 I [kworke][0x2976cfa7][16:39:51.787451] kiwi_v2: [163:I:SPECTRAL] target_if_spectral_detach: spectral detach
01-15 03:50:53.045   163   163 I [kworke][0x2976d070][16:39:51.787461] kiwi_v2: [163:I:GREEN_AP] wlan_green_ap_pdev_obj_destroy_notification: Deleting green ap pdev obj, green ap ctx: ffffff887f663a68, pdev: ffffff889ea01068
01-15 03:50:53.045   163   163 I [kworke][0x2976d0e1][16:39:51.787467] kiwi_v2: [163:I:GREEN_AP] wlan_green_ap_pdev_obj_destroy_notification: green ap deletion successful
01-15 03:50:53.096   163   163 I [kworke][0x2985b672][16:39:51.838315] kiwi_v2: [163:I:HIF] hif_pci_disable_bus: X
01-15 03:50:53.164   163   163 I msm_pcie_disable: PCIe: Assert the reset of endpoint of RC0.
01-15 03:50:53.166   163   163 I cnss    : QMI WLFW service disconnected, state: 0x6fa6100
01-15 03:50:55.441  2597  2597 I         : read descriptors
01-15 03:50:55.441  2597  2597 I         : read strings
01-15 03:50:55.441  2597  2597 I         : read descriptors
01-15 03:50:55.441  2597  2597 I         : read strings
01-15 03:50:55.517  1342  1342 I         : Set HBM = 0
01-15 03:50:57.023  4196  4196 E smcinvoke: process_accept_req: Setting pid:4196, server id : 51 state to defunct
01-15 03:50:57.024  4195  4195 E smcinvoke: process_accept_req: Setting pid:4195, server id : 51 state to defunct
01-15 03:50:57.025  4193  4193 E smcinvoke: process_accept_req: Setting pid:4193, server id : 51 state to defunct
01-15 03:50:57.025  4192  4192 E smcinvoke: process_accept_req: Setting pid:4192, server id : 51 state to defunct
01-15 03:50:57.239  4247  4247 W bt_ioctl: BT_CMD_PWR_CTRL pwr_cntrl: 0
01-15 03:50:57.239  4247  4247 E bt_ioctl: BT chip state is already: 0 no change
01-15 03:50:57.239  4247  4247 W bt_ioctl: BT_CMD_PWR_CTRL pwr_cntrl: 1
01-15 03:50:57.239  4247  4247 I BTON    : Turn Bt OFF asserting BT_EN to low
01-15 03:50:57.239  4247  4247 I         : bt-reset-gpio(382) value(0)
01-15 03:50:57.292  4247  4247 I BTON    : Turn Bt OFF post asserting BT_EN to low
01-15 03:50:57.292  4247  4247 I         : bt-reset-gpio(382) value(0)
01-15 03:50:57.292  4247  4247 I BTON    : Turn Bt OFF bt-sw-ctrl-gpio(383) value(0)
01-15 03:50:57.292  4247  4247 I BTON    : Turn Bt ON wl-reset-gpio(381) value(0)
01-15 03:50:57.292  4247  4247 I BTON    : WLAN OFF waiting for 100 ms delay
01-15 03:50:57.292  4247  4247 I         : for AON output to fully discharge
01-15 03:50:57.396  4247  4247 I BTON    : WLAN OFF Asserting BT_EN to high
01-15 03:50:57.456  4247  4247 I BTON    : Turn Bt On bt-reset-gpio(382) value(1)
01-15 03:50:57.456  4247  4247 I BTON    : Turn BT ON bt-sw-ctrl-gpio(383) value(1)
01-15 03:50:57.456  4247  4247 I bt_configure_gpios: bt_gpio= 382 on: 1
01-15 03:50:57.485  4247  4247 W bt_ioctl: unified Current SOC Version : 40170200
01-15 03:50:57.492  1342  1342 I         : [GTP-INF][gsx_fod_type_store:176] disable fod
01-15 03:50:57.591   121   121 I binder  : undelivered transaction 36275, process died.
01-15 03:50:57.592     1     1 I init    : Service 'bootanim' (pid 1868) exited with status 0 oneshot service took 10.764000 seconds in background
01-15 03:50:57.592     1     1 I init    : Sending signal 9 to service 'bootanim' (pid 1868) process group...
01-15 03:50:57.592     1     1 I libprocessgroup: Successfully killed process cgroup uid 1003 pid 1868 in 0ms
01-15 03:50:57.705   888   888 I F2FS-fs (dm-14): Preserve previous reserve_root=32768
01-15 03:50:57.762     1     1 I init    : processing action (sys.boot_completed=1) from (/system/etc/init/hw/init.rc:1206)
01-15 03:50:57.763     1     1 I init    : starting service 'exec 35 (/bin/rm -rf /data/per_boot)'...
01-15 03:50:57.765     1     1 I init    : SVC_EXEC service 'exec 35 (/bin/rm -rf /data/per_boot)' pid 4317 (uid 1000 gid 1000+0 context default) started; waiting...
01-15 03:50:57.791     1     1 I init    : Service 'exec 35 (/bin/rm -rf /data/per_boot)' (pid 4317) exited with status 0 waiting took 0.026000 seconds
01-15 03:50:57.791     1     1 I init    : Sending signal 9 to service 'exec 35 (/bin/rm -rf /data/per_boot)' (pid 4317) process group...
01-15 03:50:57.791     1     1 I libprocessgroup: Successfully killed process cgroup uid 1000 pid 4317 in 0ms
01-15 03:50:57.792     1     1 I init    : Encryption policy of /data/per_boot set to fafdc6adc028b097e5215456c2a96ed1 v2 modes 1/4 flags 0xa
01-15 03:50:57.793   206   206 I         : Boot completed
01-15 03:50:57.807  1342  1342 I         : [GTP-INF][gsx_fod_type_store:176] disable fod
01-15 03:50:57.807  4315  4315 W gh_secure_vm_loader soc: gh-secure-vm-loader@0: Direct firmware load for trustedvm.mdt failed with error -2
01-15 03:50:57.807  4315  4315 W gh_secure_vm_loader soc: gh-secure-vm-loader@0: Falling back to sysfs fallback for: trustedvm.mdt
01-15 03:50:57.811   206   206 I         : Boot completed
01-15 03:50:57.819  4341  4341 I ueventd : Launching external firmware handler '/vendor/bin/vmmgr -r' for devpath: '/devices/platform/soc/soc:gh-secure-vm-loader@0/firmware/trustedvm.mdt' firmware: 'trustedvm.mdt'
01-15 03:50:57.843  4341  4341 I ueventd : Loading firmware 'trustedvm/boot/trustedvm.mdt' in place of 'trustedvm.mdt'
01-15 03:50:57.844  4341  4341 I ueventd : loading /devices/platform/soc/soc:gh-secure-vm-loader@0/firmware/trustedvm.mdt took 26ms
01-15 03:50:57.845  4315  4315 W gh_secure_vm_loader soc: gh-secure-vm-loader@0: Direct firmware load for trustedvm.b04 failed with error -2
01-15 03:50:57.845  4315  4315 W gh_secure_vm_loader soc: gh-secure-vm-loader@0: Falling back to sysfs fallback for: trustedvm.b04
01-15 03:50:57.855  4378  4378 I ueventd : Launching external firmware handler '/vendor/bin/vmmgr -r' for devpath: '/devices/platform/soc/soc:gh-secure-vm-loader@0/firmware/trustedvm.b04' firmware: 'trustedvm.b04'
01-15 03:50:57.869   206   206 I init    : wait for '/dev/smcinvoke' took 0ms
01-15 03:50:57.906  4378  4378 I ueventd : Loading firmware 'trustedvm/boot/trustedvm.b04' in place of 'trustedvm.b04'
01-15 03:50:57.907  4378  4378 I ueventd : loading /devices/platform/soc/soc:gh-secure-vm-loader@0/firmware/trustedvm.b04 took 53ms
01-15 03:50:57.908  4315  4315 W gh_secure_vm_loader soc: gh-secure-vm-loader@0: Direct firmware load for trustedvm.b01 failed with error -2
01-15 03:50:57.908  4315  4315 W gh_secure_vm_loader soc: gh-secure-vm-loader@0: Falling back to sysfs fallback for: trustedvm.b01
01-15 03:50:57.914  4396  4396 I ueventd : Launching external firmware handler '/vendor/bin/vmmgr -r' for devpath: '/devices/platform/soc/soc:gh-secure-vm-loader@0/firmware/trustedvm.b01' firmware: 'trustedvm.b01'
01-15 03:50:57.915  4382  4382 I capability: warning: `msm_irqbalance' uses 32-bit capabilities (legacy support in use)
01-15 03:50:57.945  4349  4349 I zram0   : detected capacity change from 0 to 8388608
01-15 03:50:57.950  4396  4396 I ueventd : Loading firmware 'trustedvm/boot/trustedvm.b01' in place of 'trustedvm.b01'
01-15 03:50:57.962  4396  4396 I ueventd : loading /devices/platform/soc/soc:gh-secure-vm-loader@0/firmware/trustedvm.b01 took 48ms
01-15 03:50:57.962  4315  4315 W gh_secure_vm_loader soc: gh-secure-vm-loader@0: Direct firmware load for trustedvm.b02 failed with error -2
01-15 03:50:57.962  4315  4315 W gh_secure_vm_loader soc: gh-secure-vm-loader@0: Falling back to sysfs fallback for: trustedvm.b02
01-15 03:50:57.968  4413  4413 I ueventd : Launching external firmware handler '/vendor/bin/vmmgr -r' for devpath: '/devices/platform/soc/soc:gh-secure-vm-loader@0/firmware/trustedvm.b02' firmware: 'trustedvm.b02'
01-15 03:50:57.980  4414  4414 I         : Adding 4194300k swap on /dev/block/zram0.  Priority:32758 extents:1 across:4194300k SS
01-15 03:50:57.994  4315  4315 W gh_secure_vm_loader soc: gh-secure-vm-loader@0: Direct firmware load for trustedvm.b03 failed with error -2
01-15 03:50:57.994  4315  4315 W gh_secure_vm_loader soc: gh-secure-vm-loader@0: Falling back to sysfs fallback for: trustedvm.b03
01-15 03:50:58.214  4502  4502 E qcom_gunyah_qrtr soc: qrtr-gunyah-tvm: failed to raise doorbell -11
01-15 03:50:58.219   742   742 I gunyah  : VM: 45 status 2 complete
01-15 03:50:58.225  4315  4315 I gh_proxy_sched: vmid=45 cpu_index:0 vcpu_cap_id:4959300980899180190 virq_num=404 irq_name=gh_vcpu_irq_45_0 nr_vcpus:1
01-15 03:50:58.227  4315  4315 I gh_proxy_sched: vmid=45 cpu_index:0 vcpu_cap_id:4959300980898943355 virq_num=405 irq_name=gh_vcpu_irq_45_1 nr_vcpus:2
01-15 03:50:58.298  4543  4543 I gunyah  : VM:45 started running
01-15 03:50:58.600   165   165 I (virq   : irq_count)- GICv3:IPI(2):492776 GICv3:IPI(1):83137 GICv3:IPI(6):35811 GICv3:arch_timer(11):30962 GICv3:ufshcd(33):17387 GICv3:ipcc_0(35):6264 ipcc:glink-native-adsp(375):4615 GICv3:apps_rsc-drv-2(20):2118 ipcc:glink-native-modem(403):1636 GICv3:hfi(246):833
01-15 03:50:58.600   165   165 I (cpu    : irq_count)- 0:101133 1:71767 2:71996 3:84009 4:85088 5:84741 6:84638 7:96676
01-15 03:50:58.600   165   165 I (ipi    : irq_count)- 0:83137 1:492776 2:0 3:0 4:0 5:35811 6:0
01-15 03:50:58.875  2492  2492 E         : USB cable not connected
01-15 03:50:58.968  1912  1912 E smcinvoke: process_tzcb_req: CBobj timed out waiting on cbtxn :20,cb-tzhandle:-2147483623, retry:0, op:0 counts :16416
01-15 03:50:58.968  1912  1912 E smcinvoke: process_tzcb_req: CBobj -2147483623 timedout pid 778,tid 778, srvr state=0, srvr id:25
01-15 03:50:59.097  4247  4247 W bt_ioctl: BT_CMD_PWR_CTRL pwr_cntrl: 2
01-15 03:50:59.636  5070  5070 W i2c_write: irq high during write, wait
01-15 03:50:59.691  5070  5070 W i2c_write: irq high during write, wait
01-15 03:51:00.257  4401  4401 I logd    : start watching /data/system/packages.list ...
01-15 03:51:00.258  4401  4401 I logd    : ReadPackageList, total packages: 152
01-15 03:51:02.586  5887  5887 I         : Enabling WiFi
01-15 03:51:02.586  5887  5887 I [cnd][0x3461f8b1][16:40:01.328265] kiwi_v2: [5887:I:HDD] wlan_hdd_state_ctrl_param_write: is_driver_loaded 1 is_driver_recovering 0
01-15 03:51:02.586  5887  5887 E [cnd][0x3461f9be][16:40:01.328279] kiwi_v2: [5887:E:HDD] wlan_hdd_state_ctrl_param_write: WiFi is already enabled
01-15 03:51:02.709   587   587 I binder  : undelivered TRANSACTION_COMPLETE
01-15 03:51:02.709   587   587 I binder  : undelivered transaction 79675, process died.
01-15 03:51:03.803  3083  3083 W audit   : audit_lost=1 audit_rate_limit=5 audit_backlog_limit=64
01-15 03:51:03.803  3083  3083 E audit   : rate limit exceeded
01-15 03:51:05.891     1     1 I init    : starting service 'idmap2d'...
01-15 03:51:05.895     1     1 I init    : Control message: Processed ctl.start for 'idmap2d' from pid: 2160 (system_server)
01-15 03:51:06.895  3083  3083 W audit   : audit_lost=29 audit_rate_limit=5 audit_backlog_limit=64
01-15 03:51:06.895  3083  3083 E audit   : rate limit exceeded
01-15 03:51:07.969  3083  3083 W audit   : audit_lost=103 audit_rate_limit=5 audit_backlog_limit=64
01-15 03:51:07.969  3083  3083 E audit   : rate limit exceeded
01-15 03:51:08.073   163   163 I (virq   : irq_count)- GICv3:IPI(2):530470 GICv3:IPI(1):128245 GICv3:IPI(6):62435 GICv3:arch_timer(11):49704 GICv3:ufshcd(33):22007 GICv3:ipcc_0(35):9189 ipcc:glink-native-modem(403):5045 GICv3:apps_rsc-drv-2(20):4807 ipcc:glink-native-adsp(375):4629 GICv3:virtio_dev_10(423):2714
01-15 03:51:08.073   163   163 I (cpu    : irq_count)- 0:135255 1:88387 2:89741 3:101206 4:102742 5:101090 6:101952 7:110685
01-15 03:51:08.073   163   163 I (ipi    : irq_count)- 0:128245 1:530470 2:0 3:0 4:0 5:62435 6:0
01-15 03:51:09.092  3083  3083 W audit   : audit_lost=114 audit_rate_limit=5 audit_backlog_limit=64
01-15 03:51:09.092  3083  3083 E audit   : rate limit exceeded
03-20 00:40:08.097  1266  1266 W healthd : battery l=98 v=4379 t=32.0 h=2 st=2 c=186772 fc=4476000 cc=1 chg=u
03-20 00:40:14.718     1     1 I init    : Sending signal 9 to service 'idmap2d' (pid 6521) process group...
03-20 00:40:14.747     1     1 I libprocessgroup: Successfully killed process cgroup uid 1000 pid 6521 in 28ms
03-20 00:40:14.750     1     1 I init    : Control message: Processed ctl.stop for 'idmap2d' from pid: 2160 (system_server)
03-20 00:40:14.751     1     1 I init    : Service 'idmap2d' (pid 6521) received signal 9
03-20 00:40:16.312    95    95 I (virq   : irq_count)- GICv3:IPI(2):532864 GICv3:IPI(1):134781 GICv3:IPI(6):64089 GICv3:arch_timer(11):54520 GICv3:ufshcd(33):22111 GICv3:ipcc_0(35):9257 GICv3:apps_rsc-drv-2(20):5446 ipcc:glink-native-modem(403):5047 ipcc:glink-native-adsp(375):4717 GICv3:gh_vcpu_irq_45_0(404):3306
03-20 00:40:16.312    95    95 I (cpu    : irq_count)- 0:140615 1:91976 2:94104 3:102921 4:103901 5:101655 6:103102 7:111070
03-20 00:40:16.312    95    95 I (ipi    : irq_count)- 0:134781 1:532864 2:0 3:0 4:0 5:64089 6:0
03-20 00:40:25.787   163   163 I (virq   : irq_count)- GICv3:IPI(2):533273 GICv3:IPI(1):136404 GICv3:IPI(6):64787 GICv3:arch_timer(11):56897 GICv3:ufshcd(33):22119 GICv3:ipcc_0(35):9269 GICv3:apps_rsc-drv-2(20):5793 ipcc:glink-native-modem(403):5052 ipcc:glink-native-adsp(375):4723 GICv3:gh_vcpu_irq_45_0(404):3411
03-20 00:40:25.787   163   163 I (cpu    : irq_count)- 0:142740 1:93209 2:95915 3:103073 4:104130 5:101855 6:103174 7:111221
03-20 00:40:25.787   163   163 I (ipi    : irq_count)- 0:136405 1:533273 2:0 3:0 4:0 5:64787 6:0
03-20 00:40:30.756  1266  1266 W healthd : battery l=98 v=4401 t=32.0 h=2 st=2 c=342781 fc=4476000 cc=1 chg=u
03-20 00:40:35.259   163   163 I (virq   : irq_count)- GICv3:IPI(2):533424 GICv3:IPI(1):137163 GICv3:IPI(6):65216 GICv3:arch_timer(11):58093 GICv3:ufshcd(33):22172 GICv3:ipcc_0(35):9339 GICv3:apps_rsc-drv-2(20):6001 ipcc:glink-native-modem(403):5054 ipcc:glink-native-adsp(375):4792 GICv3:gh_vcpu_irq_45_0(404):3411
03-20 00:40:35.260   163   163 I (cpu    : irq_count)- 0:143979 1:93783 2:96861 3:103156 4:104198 5:101960 6:103183 7:111225
03-20 00:40:35.260   163   163 I (ipi    : irq_count)- 0:137163 1:533424 2:0 3:0 4:0 5:65216 6:0
03-20 00:40:35.546  1405  1405 I [haptic_hv][1779]index_store: value=1
03-20 00:40:35.550  1405  1405 I [haptic_hv][1686]duration_store: duration=20
03-20 00:40:35.550  1405  1405 I [haptic_hv][1711]activate_store: value=1
03-20 00:40:35.551  1405  1405 I [haptic_hv][1835]gain_store: value=0x80
03-20 00:40:35.552     8     8 I [haptic_hv][0253]aw8692x_wait_enter_standby: entered standby!
03-20 00:40:35.552     8     8 I [haptic_hv][0391]aw8692x_upload_lra: write f0_cali_data to trim_lra = 0x34
03-20 00:40:35.555     8     8 I [haptic_hv][0253]aw8692x_wait_enter_standby: entered standby!
03-20 00:40:35.565     8     8 I [haptic_hv][1158]aw8692x_get_vbat: awinic->vbat=4366mV, vbat_code=0x2E0
03-20 00:40:35.568     8     8 I [haptic_hv][0477]ram_vbat_comp: ram vbat comp open
03-20 00:40:35.568     8     8 I [haptic_hv][0309]aw8692x_play_mode: enter ram loop mode
03-20 00:40:35.571     8     8 I [haptic_hv][0274]aw8692x_bst_mode_config: haptic bst mode = bypass
03-20 00:40:35.574     8     8 I [haptic_hv][0237]aw8692x_play_go: enter, flag = 1
03-20 00:40:35.578  1405  1405 I [haptic_hv][1711]activate_store: value=0
03-20 00:40:35.624     8     8 I [haptic_hv][0253]aw8692x_wait_enter_standby: entered standby!
03-20 00:40:44.732   165   165 I (virq   : irq_count)- GICv3:IPI(2):533740 GICv3:IPI(1):139545 GICv3:IPI(6):65818 GICv3:arch_timer(11):59820 GICv3:ufshcd(33):22191 GICv3:ipcc_0(35):9344 GICv3:apps_rsc-drv-2(20):6239 ipcc:glink-native-modem(403):5054 ipcc:glink-native-adsp(375):4797 GICv3:gh_vcpu_irq_45_0(404):3411
03-20 00:40:44.733   165   165 I (cpu    : irq_count)- 0:145940 1:94873 2:98263 3:103808 4:104552 5:102263 6:103200 7:111245
03-20 00:40:44.733   165   165 I (ipi    : irq_count)- 0:139545 1:533740 2:0 3:0 4:0 5:65818 6:0
03-20 00:40:49.244  1266  1266 W healthd : battery l=98 v=4403 t=32.0 h=2 st=2 c=323738 fc=4476000 cc=1 chg=u
03-20 00:40:54.202   165   165 I (virq   : irq_count)- GICv3:IPI(2):533866 GICv3:IPI(1):140318 GICv3:IPI(6):66196 GICv3:arch_timer(11):60795 GICv3:ufshcd(33):22259 GICv3:ipcc_0(35):9389 GICv3:apps_rsc-drv-2(20):6479 ipcc:glink-native-modem(403):5059 ipcc:glink-native-adsp(375):4840 GICv3:gh_vcpu_irq_45_0(404):3411
03-20 00:40:54.203   165   165 I (cpu    : irq_count)- 0:147106 1:95471 2:98970 3:103907 4:104652 5:102325 6:103217 7:111256
03-20 00:40:54.203   165   165 I (ipi    : irq_count)- 0:140318 1:533866 2:0 3:0 4:0 5:66196 6:0
03-20 00:40:58.537     1     1 I init    : starting service 'logex_radio'...
03-20 00:40:58.559     1     1 I init    : Control message: Processed ctl.start for 'logex_radio' from pid: 2346 (/system/bin/loggerlauncher_Qualcomm)
03-20 00:40:58.612     1     1 I init    : starting service 'logex'...
03-20 00:40:58.622     1     1 I init    : Control message: Processed ctl.start for 'logex' from pid: 2346 (/system/bin/loggerlauncher_Qualcomm)
03-20 00:40:58.655     1     1 I init    : starting service 'logex_kernel'...
03-20 00:40:58.666     1     1 I init    : Control message: Processed ctl.start for 'logex_kernel' from pid: 2346 (/system/bin/loggerlauncher_Qualcomm)
03-20 00:40:58.688     1     1 I init    : starting service 'logex_events'...
03-20 00:40:58.688   753   753 I logd    : logdr: UID=1000 GID=1000 PID=6757 b tail=0 logMask=2 pid=0 start=0ns deadline=0ns
03-20 00:40:58.697     1     1 I init    : Control message: Processed ctl.start for 'logex_events' from pid: 2346 (/system/bin/loggerlauncher_Qualcomm)
03-20 00:40:58.718   753   753 I logd    : logdr: UID=1000 GID=1000 PID=6761 b tail=0 logMask=81 pid=0 start=0ns deadline=0ns
03-20 00:40:58.734     1     1 I init    : starting service 'logex_system'...
03-20 00:40:58.735   753   753 I logd    : logdr: UID=1000 GID=1000 PID=6766 b tail=0 logMask=80 pid=0 start=0ns deadline=0ns
03-20 00:40:58.740     1     1 I init    : Control message: Processed ctl.start for 'logex_system' from pid: 2346 (/system/bin/loggerlauncher_Qualcomm)
03-20 00:40:58.761   753   753 I logd    : logdr: UID=1000 GID=1000 PID=6772 b tail=0 logMask=4 pid=0 start=0ns deadline=0ns
03-20 00:40:58.783   753   753 I logd    : logdr: UID=1000 GID=1000 PID=6776 b tail=0 logMask=18 pid=0 start=0ns deadline=0ns
03-20 00:41:03.675   163   163 I (virq   : irq_count)- GICv3:IPI(2):545063 GICv3:IPI(1):144171 GICv3:IPI(6):66788 GICv3:arch_timer(11):63301 GICv3:ufshcd(33):22304 GICv3:ipcc_0(35):9395 GICv3:apps_rsc-drv-2(20):6767 ipcc:glink-native-modem(403):5059 ipcc:glink-native-adsp(375):4846 GICv3:gh_vcpu_irq_45_0(404):3411
03-20 00:41:03.676   163   163 I (cpu    : irq_count)- 0:150180 1:97913 2:101473 3:106120 4:106859 5:104733 6:105331 7:112895
03-20 00:41:03.676   163   163 I (ipi    : irq_count)- 0:144171 1:545063 2:0 3:0 4:0 5:66788 6:0
03-20 00:41:13.147   165   165 I (virq   : irq_count)- GICv3:IPI(2):545271 GICv3:IPI(1):144403 GICv3:IPI(6):66960 GICv3:arch_timer(11):63835 GICv3:ufshcd(33):22304 GICv3:ipcc_0(35):9402 GICv3:apps_rsc-drv-2(20):6822 ipcc:glink-native-modem(403):5060 ipcc:glink-native-adsp(375):4852 GICv3:gh_vcpu_irq_45_0(404):3411
03-20 00:41:13.147   165   165 I (cpu    : irq_count)- 0:150736 1:98184 2:101696 3:106153 4:106910 5:104762 6:105374 7:112920
03-20 00:41:13.148   165   165 I (ipi    : irq_count)- 0:144403 1:545271 2:0 3:0 4:0 5:66960 6:0
03-20 00:41:22.618    95    95 I (virq   : irq_count)- GICv3:IPI(2):545375 GICv3:IPI(1):144650 GICv3:IPI(6):67146 GICv3:arch_timer(11):64314 GICv3:ufshcd(33):22312 GICv3:ipcc_0(35):9409 GICv3:apps_rsc-drv-2(20):6897 ipcc:glink-native-modem(403):5063 ipcc:glink-native-adsp(375):4857 GICv3:gh_vcpu_irq_45_0(404):3411
03-20 00:41:22.618    95    95 I (cpu    : irq_count)- 0:151270 1:98481 2:101886 3:106169 4:106941 5:104783 6:105406 7:112929
03-20 00:41:22.619    95    95 I (ipi    : irq_count)- 0:144650 1:545375 2:0 3:0 4:0 5:67146 6:0
03-20 00:41:32.090   163   163 I (virq   : irq_count)- GICv3:IPI(2):545467 GICv3:IPI(1):145256 GICv3:IPI(6):67376 GICv3:arch_timer(11):65127 GICv3:ufshcd(33):22312 GICv3:ipcc_0(35):9415 GICv3:apps_rsc-drv-2(20):6970 ipcc:glink-native-modem(403):5063 ipcc:glink-native-adsp(375):4863 GICv3:gh_vcpu_irq_45_0(404):3411
03-20 00:41:32.090   163   163 I (cpu    : irq_count)- 0:152102 1:99051 2:102348 3:106183 4:106964 5:104788 6:105424 7:112931
03-20 00:41:32.091   163   163 I (ipi    : irq_count)- 0:145256 1:545467 2:0 3:0 4:0 5:67376 6:0
03-20 00:41:38.603  5373  5373 E         : [LCM] Backlight Turn OFF
03-20 00:41:38.622   861   861 I qts_panel_notifier_callback: qts touch panel Notification type:1, early_trigger:1
03-20 00:41:38.622   163   163 I         : [GTP-INF][goodix_ts_suspend:1856] Suspend start
03-20 00:41:38.622   163   163 I         : [GTP-INF][goodix_generic_noti_callback:2096] notify event type 0x3
03-20 00:41:38.665   163   163 I         : [GTP-INF][goodix_ts_suspend:1911] Suspend end
03-20 00:41:38.764   861   861 E         : [LCM] succeed to send DSI_CMD_SET_OFF cmds
03-20 00:41:38.790   861   861 E         : [LCM] LCM RESET DOWN
03-20 00:41:38.795   861   861 E         : [LCM] VDDI(1.8V) & DVDDP(1.2V) & VCI(3.0V) DOWN
03-20 00:41:38.797   861   861 I qts_panel_notifier_callback: qts touch panel Notification type:1, early_trigger:0
03-20 00:41:38.963  5070  5070 W i2c_write: write failed ret(-107), maybe in standby
03-20 00:41:39.039  1424  1424 I mem-offline: Offlined memory block mem0000000000000168
03-20 00:41:39.046  1424  1424 I mem-offline: Offlined memory block mem0000000000000169
03-20 00:41:39.051  1424  1424 I mem-offline: Offlined memory block mem000000000000016a
03-20 00:41:39.054  1424  1424 I mem-offline: Offlined memory block mem000000000000016b
03-20 00:41:39.058  1424  1424 I mem-offline: Offlined memory block mem000000000000016c
03-20 00:41:39.062  1424  1424 I mem-offline: Offlined memory block mem000000000000016d
03-20 00:41:39.065  1424  1424 I mem-offline: Offlined memory block mem000000000000016e
03-20 00:41:39.069  1424  1424 I mem-offline: sent msg successfully to offline segment at phys addr 0xb40000000
03-20 00:41:39.069  1424  1424 I mem-offline: Offlined memory block mem000000000000016f
03-20 00:41:39.077  1424  1424 I mem-offline: Offlined memory block mem0000000000000170
03-20 00:41:39.087  1424  1424 I mem-offline: Offlined memory block mem0000000000000171
03-20 00:41:39.092  1424  1424 I mem-offline: Offlined memory block mem0000000000000172
03-20 00:41:39.096  1424  1424 I mem-offline: Offlined memory block mem0000000000000173
03-20 00:41:39.101  1424  1424 I mem-offline: Offlined memory block mem0000000000000174
03-20 00:41:39.105  1424  1424 I mem-offline: Offlined memory block mem0000000000000175
03-20 00:41:39.109  1424  1424 I mem-offline: Offlined memory block mem0000000000000176
03-20 00:41:39.114  1424  1424 I mem-offline: sent msg successfully to offline segment at phys addr 0xb80000000
03-20 00:41:39.114  1424  1424 I mem-offline: Offlined memory block mem0000000000000177
03-20 00:41:39.120  1424  1424 I mem-offline: Offlined memory block mem0000000000000178
03-20 00:41:39.125  1424  1424 I mem-offline: Offlined memory block mem0000000000000179
03-20 00:41:39.129  1424  1424 I mem-offline: Offlined memory block mem000000000000017a
03-20 00:41:39.132  1424  1424 I mem-offline: Offlined memory block mem000000000000017b
03-20 00:41:39.136  1424  1424 I mem-offline: Offlined memory block mem000000000000017c
03-20 00:41:39.140  1424  1424 I mem-offline: Offlined memory block mem000000000000017d
03-20 00:41:39.143  1424  1424 I mem-offline: Offlined memory block mem000000000000017e
03-20 00:41:39.147  1424  1424 I mem-offline: sent msg successfully to offline segment at phys addr 0xbc0000000
03-20 00:41:39.147  1424  1424 I mem-offline: Offlined memory block mem000000000000017f
03-20 00:41:41.559   163   163 I (virq   : irq_count)- GICv3:IPI(2):545800 GICv3:IPI(1):150439 GICv3:IPI(6):68354 GICv3:arch_timer(11):67793 GICv3:ufshcd(33):22335 GICv3:ipcc_0(35):9444 GICv3:apps_rsc-drv-2(20):7217 ipcc:glink-native-modem(403):5075 ipcc:glink-native-adsp(375):4882 GICv3:gh_vcpu_irq_45_0(404):3411
03-20 00:41:41.559   163   163 I (cpu    : irq_count)- 0:153810 1:101301 2:104501 3:107474 4:107735 5:105435 6:106011 7:113194
03-20 00:41:41.559   163   163 I (ipi    : irq_count)- 0:150439 1:545800 2:0 3:0 4:0 5:68354 6:0
03-20 00:41:47.169   861   861 I qts_panel_notifier_callback: qts touch panel Notification type:2, early_trigger:1
03-20 00:41:47.172   861   861 I [drm:dsi_display_set_mode [msm_drm]] [msm-dsi-info]: mdp_transfer_time=0, hactive=1080, vactive=2400, fps=60, clk_rate=0
03-20 00:41:47.172   861   861 I [drm:dsi_ctrl_isr_configure [msm_drm]] [msm-dsi-info]: dsi-ctrl-0: IRQ 372 registered
03-20 00:41:47.191   861   861 E         : [LCM] VDDI(1.8V) & DVDDP(1.2V) & VCI(3.0V) UP
03-20 00:41:47.211   861   861 E         : [LCM] LCM RESET UP
03-20 00:41:47.225  5070  5070 W i2c_write: write failed ret(-107), maybe in standby
03-20 00:41:47.346   861   861 E         : [LCM] succeed to send DSI_CMD_SET_ON cmds
03-20 00:41:47.388   861   861 I qts_panel_notifier_callback: qts touch panel Notification type:2, early_trigger:0
03-20 00:41:47.388     8     8 I         : [GTP-INF][goodix_ts_resume:1929] Resume start
03-20 00:41:47.388     8     8 I [GTP-INF][brl_irq_enbale:355] warning: irq depth imbalance!
03-20 00:41:47.388     8     8 I         : [GTP-INF][brl_reset:329] chip_reset
03-20 00:41:47.406  5373  5373 E         : [LCM] Backlight Turn ON
03-20 00:41:47.498     8     8 I         : [GTP-INF][goodix_generic_noti_callback:2096] notify event type 0x4
03-20 00:41:47.498     8     8 I         : [GTP-INF][goodix_ts_resume:1977] Resume end
03-20 00:41:49.238  1266  1266 W healthd : battery l=98 v=4408 t=30.0 h=2 st=2 c=329964 fc=4476000 cc=1 chg=u
03-20 00:41:51.035   166   166 I (virq   : irq_count)- GICv3:IPI(2):546140 GICv3:IPI(1):153481 GICv3:arch_timer(11):70145 GICv3:IPI(6):69136 GICv3:ufshcd(33):22361 GICv3:ipcc_0(35):9497 GICv3:apps_rsc-drv-2(20):7540 ipcc:glink-native-modem(403):5081 ipcc:glink-native-adsp(375):4938 GICv3:gh_vcpu_irq_45_0(404):3411
03-20 00:41:51.035   166   166 I (cpu    : irq_count)- 0:155811 1:103327 2:106142 3:108014 4:108209 5:105741 6:106317 7:113278
03-20 00:41:51.035   166   166 I (ipi    : irq_count)- 0:153481 1:546140 2:0 3:0 4:0 5:69136 6:0
03-20 00:41:57.647  1730  1730 E         : [LCM] Backlight Turn OFF
03-20 00:41:57.656   861   861 I qts_panel_notifier_callback: qts touch panel Notification type:1, early_trigger:1
03-20 00:41:57.656     8     8 I         : [GTP-INF][goodix_ts_suspend:1856] Suspend start
03-20 00:41:57.656     8     8 I         : [GTP-INF][goodix_generic_noti_callback:2096] notify event type 0x3
03-20 00:41:57.702     8     8 I         : [GTP-INF][goodix_ts_suspend:1911] Suspend end
03-20 00:41:57.775   861   861 E         : [LCM] succeed to send DSI_CMD_SET_OFF cmds
03-20 00:41:57.798   861   861 E         : [LCM] LCM RESET DOWN
03-20 00:41:57.806   861   861 E         : [LCM] VDDI(1.8V) & DVDDP(1.2V) & VCI(3.0V) DOWN
03-20 00:41:57.812   861   861 I qts_panel_notifier_callback: qts touch panel Notification type:1, early_trigger:0
03-20 00:41:57.928  5070  5070 W i2c_write: write failed ret(-107), maybe in standby
03-20 00:42:00.507    95    95 I (virq   : irq_count)- GICv3:IPI(2):546353 GICv3:IPI(1):156091 GICv3:arch_timer(11):71926 GICv3:IPI(6):69724 GICv3:ufshcd(33):22370 GICv3:ipcc_0(35):9513 GICv3:apps_rsc-drv-2(20):7723 ipcc:glink-native-modem(403):5082 ipcc:glink-native-adsp(375):4954 GICv3:gh_vcpu_irq_45_0(404):3411
03-20 00:42:00.508    95    95 I (cpu    : irq_count)- 0:157763 1:104740 2:107535 3:108464 4:108423 5:105753 6:106528 7:113284
03-20 00:42:00.508    95    95 I (ipi    : irq_count)- 0:156091 1:546353 2:0 3:0 4:0 5:69724 6:0
03-20 00:42:01.443  1266  1266 W healthd : battery l=98 v=4418 t=30.0 h=2 st=2 c=443858 fc=4476000 cc=1 chg=u
03-20 00:42:04.512   861   861 I qts_panel_notifier_callback: qts touch panel Notification type:2, early_trigger:1
03-20 00:42:04.516   861   861 I [drm:dsi_display_set_mode [msm_drm]] [msm-dsi-info]: mdp_transfer_time=0, hactive=1080, vactive=2400, fps=60, clk_rate=0
03-20 00:42:04.516   861   861 I [drm:dsi_ctrl_isr_configure [msm_drm]] [msm-dsi-info]: dsi-ctrl-0: IRQ 372 registered
03-20 00:42:04.535   861   861 E         : [LCM] VDDI(1.8V) & DVDDP(1.2V) & VCI(3.0V) UP
03-20 00:42:04.556   861   861 E         : [LCM] LCM RESET UP
03-20 00:42:04.562  5070  5070 W i2c_write: write failed ret(-107), maybe in standby
03-20 00:42:04.690   861   861 E         : [LCM] succeed to send DSI_CMD_SET_ON cmds
03-20 00:42:04.733   861   861 I qts_panel_notifier_callback: qts touch panel Notification type:2, early_trigger:0
03-20 00:42:04.733   163   163 I         : [GTP-INF][goodix_ts_resume:1929] Resume start
03-20 00:42:04.733   163   163 I [GTP-INF][brl_irq_enbale:355] warning: irq depth imbalance!
03-20 00:42:04.733   163   163 I         : [GTP-INF][brl_reset:329] chip_reset
03-20 00:42:04.749  1730  1730 E         : [LCM] Backlight Turn ON
03-20 00:42:04.838   163   163 I         : [GTP-INF][goodix_generic_noti_callback:2096] notify event type 0x4
03-20 00:42:04.838   163   163 I         : [GTP-INF][goodix_ts_resume:1977] Resume end
03-20 00:42:05.347   682   682 I msm_eusb2_phy 88e3000.hsphy: Avail curr from USB = 2
03-20 00:42:05.374    81    81 I msm_eusb2_phy 88e3000.hsphy: Avail curr from USB = 0
03-20 00:42:05.376  1242  1242 E dwc3 a600000.dwc3: request ffffff8873986d00 was not queued to ep1out
03-20 00:42:05.384    81    81 I msm_eusb2_phy 88e3000.hsphy: Avail curr from USB = 0
03-20 00:42:05.397   682   682 I android_work: sent uevent USB_STATE=DISCONNECTED
03-20 00:42:05.403   163   163 I msm-dwc3 a600000.ssusb: DWC3 in low power mode
03-20 00:42:05.468  1266  1266 W healthd : battery l=98 v=4400 t=30.0 h=2 st=3 c=199223 fc=4476000 cc=1 chg=
03-20 00:42:05.567  2444  2444 E dwc3 a600000.dwc3: request ffffff8854291700 was not queued to ep0out
03-20 00:42:05.567  2444  2444 E dwc3 a600000.dwc3: request ffffff8854290000 was not queued to ep0out
03-20 00:42:05.567   587   587 I android_work: did not send uevent (0 0 0000000000000000)
03-20 00:42:05.567   587   587 I msm_eusb2_phy 88e3000.hsphy: Avail curr from USB = 0
03-20 00:42:05.571  2478  2478 I         : read descriptors
03-20 00:42:05.571  2478  2478 I         : read strings
03-20 00:42:05.616  1266  1266 W healthd : battery l=98 v=4349 t=30.0 h=2 st=3 c=-532483 fc=4476000 cc=1 chg=
03-20 00:42:05.752  1266  1266 W healthd : battery l=98 v=4313 t=30.0 h=2 st=3 c=-978539 fc=4476000 cc=1 chg=
03-20 00:42:05.905  1266  1266 W healthd : battery l=98 v=4313 t=30.0 h=2 st=3 c=-978539 fc=4476000 cc=1 chg=
03-20 00:42:06.063  1266  1266 W healthd : battery l=98 v=4372 t=30.0 h=2 st=3 c=-191533 fc=4476000 cc=1 chg=
03-20 00:42:06.608  2478  2478 I         : read descriptors
03-20 00:42:06.608  2478  2478 I         : read strings
03-20 00:42:07.133  2737  2737 I msm-dwc3 a600000.ssusb: DWC3 exited from low power mode
03-20 00:42:07.135  2737  2737 I eusb2-repeater c42d000.qcom,spmi: qcom,pm8550b@7:eusb2-repeater@fd00: eUSB2 repeater status:OK
03-20 00:42:07.136  2737  2737 E msm-usb-ssphy-qmp 88e8000.ssphy: USB DP QMP PHY: Update TYPEC CTRL(2)
03-20 00:42:07.137  2737  2737 I msm-usb-ssphy-qmp 88e8000.ssphy: write offset=0x1d38 value=0x1f
03-20 00:42:07.137  2737  2737 I msm-usb-ssphy-qmp 88e8000.ssphy: write offset=0x1d6c value=0x0f
03-20 00:42:07.176  2737  2737 I dwc3 a600000.dwc3: Set IRQ thread:irq/334-dwc3 pid:6852 to SCHED_NORMAL prio
03-20 00:42:07.185    81    81 I android_work: did not send uevent (0 0 0000000000000000)
03-20 00:42:07.185    81    81 I msm_eusb2_phy 88e3000.hsphy: Avail curr from USB = 0
03-20 00:42:08.270    81    81 I msm-dwc3 a600000.ssusb: DWC3 in low power mode
03-20 00:42:09.976     8     8 I (virq   : irq_count)- GICv3:IPI(2):546730 GICv3:IPI(1):161690 GICv3:arch_timer(11):74956 GICv3:IPI(6):70729 GICv3:ufshcd(33):22388 GICv3:ipcc_0(35):10194 GICv3:apps_rsc-drv-2(20):8174 ipcc:glink-native-adsp(375):5629 ipcc:glink-native-modem(403):5162 GICv3:gh_vcpu_irq_45_0(404):3411
03-20 00:42:09.977     8     8 I (cpu    : irq_count)- 0:160791 1:108851 2:110400 3:109515 4:109285 5:106404 6:106665 7:113418
03-20 00:42:09.977     8     8 I (ipi    : irq_count)- 0:161690 1:546730 2:0 3:0 4:0 5:70729 6:0
03-20 00:42:16.015  5373  5373 E         : [LCM] Backlight Turn OFF
03-20 00:42:16.036   861   861 I qts_panel_notifier_callback: qts touch panel Notification type:1, early_trigger:1
03-20 00:42:16.037    95    95 I         : [GTP-INF][goodix_ts_suspend:1856] Suspend start
03-20 00:42:16.037    95    95 I         : [GTP-INF][goodix_generic_noti_callback:2096] notify event type 0x3
03-20 00:42:16.082    95    95 I         : [GTP-INF][goodix_ts_suspend:1911] Suspend end
03-20 00:42:16.145  1266  1266 W healthd : battery l=98 v=4368 t=30.0 h=2 st=3 c=-202153 fc=4476000 cc=1 chg=
03-20 00:42:16.155   861   861 E         : [LCM] succeed to send DSI_CMD_SET_OFF cmds
03-20 00:42:16.178   861   861 E         : [LCM] LCM RESET DOWN
03-20 00:42:16.184   861   861 E         : [LCM] VDDI(1.8V) & DVDDP(1.2V) & VCI(3.0V) DOWN
03-20 00:42:16.187   861   861 I qts_panel_notifier_callback: qts touch panel Notification type:1, early_trigger:0
03-20 00:42:16.283  5070  5070 W i2c_write: write failed ret(-107), maybe in standby
03-20 00:42:18.327  6799  6799 I PM      : suspend entry (s2idle)
03-20 00:42:18.374  6799  6799 I Filesystems sync: 0.046 seconds
03-20 00:42:18.374  6799  6799 I         : Freezing user space processes ...
03-20 00:42:18.378   965   965 E smcinvoke: process_accept_req: Server id :27 interrupted probaby due to suspend, pid:965
03-20 00:42:18.378   966   966 E smcinvoke: process_accept_req: Server id :27 interrupted probaby due to suspend, pid:966
03-20 00:42:18.378   968   968 E smcinvoke: process_accept_req: Server id :27 interrupted probaby due to suspend, pid:968
03-20 00:42:18.378   969   969 E smcinvoke: process_accept_req: Server id :28 interrupted probaby due to suspend, pid:969
03-20 00:42:18.379   970   970 E smcinvoke: process_accept_req: Server id :28 interrupted probaby due to suspend, pid:970
03-20 00:42:18.379   971   971 E smcinvoke: process_accept_req: Server id :28 interrupted probaby due to suspend, pid:971
03-20 00:42:18.379   967   967 E smcinvoke: process_accept_req: Server id :27 interrupted probaby due to suspend, pid:967
03-20 00:42:18.379   972   972 E smcinvoke: process_accept_req: Server id :28 interrupted probaby due to suspend, pid:972
03-20 00:42:18.379   891   891 E smcinvoke: process_accept_req: Server id :17 interrupted probaby due to suspend, pid:891
03-20 00:42:18.380   892   892 E smcinvoke: process_accept_req: Server id :17 interrupted probaby due to suspend, pid:892
03-20 00:42:18.383  1028  1028 I spcom   : spcom_ioctl_handle_poll_event: Wait for link state change interrupted, ret[-512]
03-20 00:42:18.383  1007  1007 I spcom   : spcom_ioctl_handle_poll_event: Wait for link state change interrupted, ret[-512]
03-20 00:42:18.384  1040  1040 E gunyah  : Wait for VM_STATUS 9 interrupted
03-20 00:42:18.395  1450  1450 I spcom   : spcom_ioctl_handle_poll_event: Wait for link state change interrupted, ret[-512]
03-20 00:42:18.395  1587  1587 I spcom   : spcom_ioctl_handle_poll_event: Wait for link state change interrupted, ret[-512]
03-20 00:42:18.420  4542  4542 E gunyah  : Failed vcpu_run -512
