03-20 00:40:01.989  3925  3925 D DRM-0   : Remove all retry and throttling entries, reason=DATA_SERVICE_BOUND
03-20 00:40:01.989  3925  3925 D QtiGsmCdmaPhone: [0 ] handleMessage: Event: 62
03-20 00:40:01.989  3925  3925 D VendorGsmCdmaPhone: handleMessage: Event: 62
03-20 00:40:01.989  3925  3925 D GsmCdmaPhone: [0] EVENT_SUBSCRIPTIONS_CHANGED
03-20 00:40:01.989  3925  3925 D QtiGsmCdmaPhone: [1 ] handleMessage: Event: 62
03-20 00:40:01.989  3925  3925 D VendorGsmCdmaPhone: handleMessage: Event: 62
03-20 00:40:01.989  3925  3925 D GsmCdmaPhone: [1] EVENT_SUBSCRIPTIONS_CHANGED
03-20 00:40:01.990  3925  3925 D PhoneSwitcher: handle event - 102
03-20 00:40:01.990  3925  3925 D DNC-0   : handleMessage, msg.what = 15
03-20 00:40:01.990  3925  3925 D SST     : [1] handleMessage: received event 2
03-20 00:40:01.990  3925  3925 D SST     : [1] pollState: modemTriggered=true, radioState=1
03-20 00:40:01.990  3925  3925 D SST     : [1] QTISST: discarding local service instance
03-20 00:40:01.990  3925  3925 D SST     : [1] issuePollCommands
03-20 00:40:01.991  3925  3925 D RILJ    : [0113]> OPERATOR [PHONE1]
03-20 00:40:01.992  3925  6005 D RILJ    : [0114]> DATA_REGISTRATION_STATE [PHONE1]
03-20 00:40:01.992  3925  6005 D RILJ    : getDataRegistrationState: overrideHalVersion=null [PHONE1]
03-20 00:40:01.992  3925  6008 D RILJ    : [0113]< OPERATOR {, , } [PHONE1]
03-20 00:40:01.993  3925  3925 D RILJ    : [0115]> QUERY_NETWORK_SELECTION_MODE [PHONE1]
03-20 00:40:01.993  3925  3925 D DNC-1   : handleMessage, msg.what = 17
03-20 00:40:01.993  3925  3925 D DNC-1   : onServiceStateChanged: changed to {mVoiceRegState=1(OUT_OF_SERVICE), mDataRegState=1(OUT_OF_SERVICE), mChannelNumber=-1, duplexMode()=0, mCellBandwidths=[], mOperatorAlphaLong=, mOperatorAlphaShort=, isManualNetworkSelection=false(automatic), getRilVoiceRadioTechnology=0(Unknown), getRilDataRadioTechnology=0(Unknown), mCssIndicator=unsupported, mNetworkId=-1, mSystemId=-1, mCdmaRoamingIndicator=-1, mCdmaDefaultRoamingIndicator=-1, mIsEmergencyOnly=false, isUsingCarrierAggregation=false, mArfcnRsrpBoost=0, mNetworkRegistrationInfos=[NetworkRegistrationInfo{ domain=CS transportType=WWAN registrationState=NOT_REG_SEARCHING mInitialRegistrationState=NOT_REG_SEARCHING roamingType=NOT_ROAMING accessNetworkTechnology=UNKNOWN rejectCause=0 emergencyEnabled=false availableServices=[] cellIdentity=null voiceSpecificInfo=VoiceSpecificRegistrationInfo { mCssSupported=false mRoamingIndicator=0 mSystemIsInPrl=0 mDefaultRoamingIndicator=0} dataSpecificInfo=null nrState=NONE rRplmn= isUsingCarrierAggregation=false}, NetworkRegistrationInfo{ domain=PS transportType=WWAN registrationState=NOT_REG_SEARCHING mInitialRegistrationState=NOT_REG_SEARCHING roamingType=NOT_ROAMING accessNetworkTechnology=UNKNOWN rejectCause=0 emergencyEnabled=false availableServices=[] cellIdentity=null voiceSpecificInfo=null dataSpecificInfo=android.telephony.DataSpecificRegistrationInfo :{ maxDataCalls = 16 isDcNrRestricted = false isNrAvailable = false isEnDcAvailable = false null } nrState=NONE rRplmn= isUsingCarrierAggregation=false}], mNrFrequencyRange=0, mOperatorAlphaLongRaw=, mOperatorAlphaShortRaw=, mIsDataRoamingFromRegistration=false, mIsIwlanPreferred=false}
03-20 00:40:01.993  3925  3925 D DNC-1   : onServiceStateChanged: [WWAN: UNKNOWN->UNKNOWN, UNKNOWN->NOT_REG_SEARCHING] [WLAN: UNKNOWN->null, UNKNOWN->null] . Evaluating network requests is not needed, evaluating existing data networks is not needed.
03-20 00:40:01.993  3925  3925 D NetworkTypeController: [1] LegacyState: process EVENT_BANDWIDTH_CHANGED
03-20 00:40:01.993  3925  3925 D NetworkTypeController: [1] DefaultState: process EVENT_BANDWIDTH_CHANGED
03-20 00:40:01.993  3925  3925 D SST     : [0] SubscriptionListener.onSubscriptionInfoChanged
03-20 00:40:01.994  3925  5819 D ImsProvisioningController: MmTelFeatureListener[0] subId is not changed
03-20 00:40:01.994  3925  5819 D ImsProvisioningController: MmTelFeatureListener[1] subId is not changed
03-20 00:40:01.994  3925  5819 D ImsProvisioningController: RcsFeatureListener[0] subId is not changed
03-20 00:40:01.994  3925  5819 D ImsProvisioningController: RcsFeatureListener[1] subId is not changed
03-20 00:40:01.994  3925  5819 D ImsProvisioningController: ProvisioningCallbackManager[0] subId is not changed 
03-20 00:40:01.994  3925  5819 D ImsProvisioningController: ProvisioningCallbackManager[1] subId is not changed 
03-20 00:40:01.994  3925  6005 D RILJ    : [0116]> VOICE_REGISTRATION_STATE [PHONE1]
03-20 00:40:01.994  3925  6005 D RILJ    : getVoiceRegistrationState: overrideHalVersion=null [PHONE1]
03-20 00:40:01.994  3925  6005 D CellularNetworkService: No access tech specific info passes for RegStateResult
03-20 00:40:01.994  3925  6005 D NRM-C-1 : onRequestNetworkRegistrationInfoComplete result: 0, info: NetworkRegistrationInfo{ domain=PS transportType=WWAN registrationState=NOT_REG_SEARCHING mInitialRegistrationState=NOT_REG_SEARCHING roamingType=NOT_ROAMING accessNetworkTechnology=UNKNOWN rejectCause=0 emergencyEnabled=false availableServices=[] cellIdentity=null voiceSpecificInfo=null dataSpecificInfo=android.telephony.DataSpecificRegistrationInfo :{ maxDataCalls = 16 isDcNrRestricted = false isNrAvailable = false isEnDcAvailable = false null } nrState=NONE rRplmn= isUsingCarrierAggregation=false}
03-20 00:40:01.994  3925  6008 D RILJ    : [0114]< DATA_REGISTRATION_STATE android.hardware.radio.network.RegStateResult{regState: NOT_REG_MT_SEARCHING_OP, rat: UNKNOWN, reasonForDenial: NONE, cellIdentity: android.hardware.radio.network.CellIdentity.noinit(false), registeredPlmn: , accessTechnologySpecificInfo: android.hardware.radio.network.AccessTechnologySpecificInfo.noinit(false)} [PHONE1]
03-20 00:40:01.995  3925  5942 D NRM-I-1 : onRequestNetworkRegistrationInfoComplete result: 0, info: NetworkRegistrationInfo{ domain=PS transportType=WLAN registrationState=NOT_REG_OR_SEARCHING mInitialRegistrationState=NOT_REG_OR_SEARCHING roamingType=NOT_ROAMING accessNetworkTechnology=UNKNOWN rejectCause=0 emergencyEnabled=false availableServices=[] cellIdentity=null voiceSpecificInfo=null dataSpecificInfo=null nrState=NONE rRplmn= isUsingCarrierAggregation=false}
03-20 00:40:01.995  3925  6008 D RILJ    : [0115]< QUERY_NETWORK_SELECTION_MODE {0} [PHONE1]
03-20 00:40:01.996  3925  3925 E PhoneSubInfoController: getLine1Number phone is null for Subscription:-1
03-20 00:40:01.996  3925  3925 D ImsPhone: [0] mCurrentSubscriberUris is null
03-20 00:40:02.012  3925  6005 D CellularNetworkService: No access tech specific info passes for RegStateResult
03-20 00:40:02.012  3925  6008 D RILJ    : [0116]< VOICE_REGISTRATION_STATE android.hardware.radio.network.RegStateResult{regState: NOT_REG_MT_SEARCHING_OP, rat: UNKNOWN, reasonForDenial: NONE, cellIdentity: android.hardware.radio.network.CellIdentity.noinit(false), registeredPlmn: , accessTechnologySpecificInfo: android.hardware.radio.network.AccessTechnologySpecificInfo.noinit(false)} [PHONE1]
03-20 00:40:02.012  3925  6005 D NRM-C-1 : onRequestNetworkRegistrationInfoComplete result: 0, info: NetworkRegistrationInfo{ domain=CS transportType=WWAN registrationState=NOT_REG_SEARCHING mInitialRegistrationState=NOT_REG_SEARCHING roamingType=NOT_ROAMING accessNetworkTechnology=UNKNOWN rejectCause=0 emergencyEnabled=false availableServices=[] cellIdentity=null voiceSpecificInfo=VoiceSpecificRegistrationInfo { mCssSupported=false mRoamingIndicator=0 mSystemIsInPrl=0 mDefaultRoamingIndicator=0} dataSpecificInfo=null nrState=NONE rRplmn= isUsingCarrierAggregation=false}
03-20 00:40:02.047  3925  3925 D ImsManagerIM [0]: ImsService not up yet - timeout waiting for connection.
03-20 00:40:02.048  3925  3925 D SST     : [1] SubscriptionListener.onSubscriptionInfoChanged
03-20 00:40:02.048  3925  3925 D LocaleTracker-1: updateLocale: countryIso = , countryIsoDebugInfo = empty as default
03-20 00:40:02.048  3925  3925 D LocaleTracker-1: updateLocale: Change the current country to "", countryIsoDebugInfo = empty as default, mCellInfoList = null
03-20 00:40:02.049  3925  3925 D SubscriptionManager: putPhoneIdAndSubIdExtra: no valid subs
03-20 00:40:02.054  3925  3925 D LocaleTracker-1: updateLocale: timeZoneCountryIso = , timeZoneCountryIsoDebugInfo = empty as default
03-20 00:40:02.054  3925  3925 D NitzStateMachineImpl: handleCountryUnavailable: mLatestNitzSignal=null
03-20 00:40:02.054  3925  3925 D NitzStateMachineImpl: doTimeZoneDetection: countryIsoCode=null, nitzSignal=null, suggestion=TelephonyTimeZoneSuggestion{mSlotIndex=1, mZoneId='null', mMatchType=0, mQuality=0, mDebugInfo=[getTimeZoneSuggestion: nitzSignal=null, countryIsoCode=null, Detection reason=handleCountryUnavailable]}, reason=handleCountryUnavailable
03-20 00:40:02.054  3925  3925 D LocaleTracker-1: Starting LocaleTracker
03-20 00:40:02.054  3925  3925 D ImsPhone: [1] handleMessage what=72
03-20 00:40:02.054  3925  3925 D ImsPhone: [1] handleMessage what=71
03-20 00:40:02.054  3925  3925 D ImsPhone: [1] EVENT_DEFAULT_PHONE_DATA_STATE_CHANGED
03-20 00:40:02.055  3925  3925 D ImsPhone: [1] updateDataServiceState: defSs = {mVoiceRegState=1(OUT_OF_SERVICE), mDataRegState=1(OUT_OF_SERVICE), mChannelNumber=-1, duplexMode()=0, mCellBandwidths=[], mOperatorAlphaLong=, mOperatorAlphaShort=, isManualNetworkSelection=false(automatic), getRilVoiceRadioTechnology=0(Unknown), getRilDataRadioTechnology=0(Unknown), mCssIndicator=unsupported, mNetworkId=-1, mSystemId=-1, mCdmaRoamingIndicator=-1, mCdmaDefaultRoamingIndicator=-1, mIsEmergencyOnly=false, isUsingCarrierAggregation=false, mArfcnRsrpBoost=0, mNetworkRegistrationInfos=[NetworkRegistrationInfo{ domain=CS transportType=WWAN registrationState=NOT_REG_SEARCHING mInitialRegistrationState=NOT_REG_SEARCHING roamingType=NOT_ROAMING accessNetworkTechnology=UNKNOWN rejectCause=0 emergencyEnabled=false availableServices=[] cellIdentity=null voiceSpecificInfo=VoiceSpecificRegistrationInfo { mCssSupported=false mRoamingIndicator=0 mSystemIsInPrl=0 mDefaultRoamingIndicator=0} dataSpecificInfo=null nrState=NONE rRplmn= isUsingCarrierAggregation=false}, NetworkRegistrationInfo{ domain=PS transportType=WWAN registrationState=NOT_REG_SEARCHING mInitialRegistrationState=NOT_REG_SEARCHING roamingType=NOT_ROAMING accessNetworkTechnology=UNKNOWN rejectCause=0 emergencyEnabled=false availableServices=[] cellIdentity=null voiceSpecificInfo=null dataSpecificInfo=android.telephony.DataSpecificRegistrationInfo :{ maxDataCalls = 16 isDcNrRestricted = false isNrAvailable = false isEnDcAvailable = false null } nrState=NONE rRplmn= isUsingCarrierAggregation=false}], mNrFrequencyRange=0, mOperatorAlphaLongRaw=, mOperatorAlphaShortRaw=, mIsDataRoamingFromRegistration=false, mIsIwlanPreferred=false} imsSs = {mVoiceRegState=1(OUT_OF_SERVICE), mDataRegState=1(OUT_OF_SERVICE), mChannelNumber=-1, duplexMode()=0, mCellBandwidths=[], mOperatorAlphaLong=null, mOperatorAlphaShort=null, isManualNetworkSelection=false(automatic), getRilVoiceRadioTechnology=0(Unknown), getRilDataRadioTechnology=0(Unknown), mCssIndicator=unsupported, mNetworkId=-1, mSystemId=-1, mCdmaRoamingIndicator=-1, mCdmaDefaultRoamingIndicator=-1, mIsEmergencyOnly=false, isUsingCarrierAggregation=false, mArfcnRsrpBoost=0, mNetworkRegistrationInfos=[NetworkRegistrationInfo{ domain=CS transportType=WWAN registrationState=UNKNOWN mInitialRegistrationState=UNKNOWN roamingType=NOT_ROAMING accessNetworkTechnology=UNKNOWN rejectCause=0 emergencyEnabled=false availableServices=[] cellIdentity=null voiceSpecificInfo=null dataSpecificInfo=null nrState=NONE rRplmn= isUsingCarrierAggregation=false}, NetworkRegistrationInfo{ domain=PS transportType=WLAN registrationState=UNKNOWN mInitialRegistrationState=UNKNOWN roamingType=NOT_ROAMING accessNetworkTechnology=UNKNOWN rejectCause=0 emergencyEnabled=false availableServices=[] cellIdentity=null voiceSpecificInfo=null dataSpecificInfo=null nrState=NONE rRplmn= isUsingCarrierAggregation=false}, NetworkRegistrationInfo{ domain=PS transportType=WWAN registrationState=NOT_REG_SEARCHING mInitialRegistrationState=NOT_REG_SEARCHING roamingType=NOT_ROAMING accessNetworkTechnology=UNKNOWN rejectCause=0 emergencyEnabled=false availableServices=[] cellIdentity=null voiceSpecificInfo=null dataSpecificInfo=android.telephony.DataSpecificRegistrationInfo :{ maxDataCalls = 16 isDcNrRestricted = false isNrAvailable = false isEnDcAvailable = false null } nrState=NONE rRplmn= isUsingCarrierAggregation=false}], mNrFrequencyRange=0, mOperatorAlphaLongRaw=null, mOperatorAlphaShortRaw=null, mIsDataRoamingFromRegistration=false, mIsIwlanPreferred=false}
03-20 00:40:02.055  3925  3925 D NetworkTypeController: [1] LegacyState: process EVENT_DATA_RAT_CHANGED
03-20 00:40:02.055  3925  3925 D NetworkTypeController: [1] Reset timers since 2G and 3G don't need NR timers.
03-20 00:40:02.055  3925  3925 D DNC-1   : handleMessage, msg.what = 5
03-20 00:40:02.055  3925  3925 D DNC-1   : Re-evaluating 0 unsatisfied network requests in 0 groups,  due to DATA_ENABLED_CHANGED
03-20 00:40:02.055  3925  3925 D DRM-1   : Remove all retry and throttling entries, reason=DATA_SERVICE_BOUND
03-20 00:40:02.055  3925  3925 D DNC-1   : handleMessage, msg.what = 15
03-20 00:40:02.056  3925  3925 D TelephonyNetworkFactory[0]: onNeedNetworkFor [NetworkRequest [ REQUEST id=15, [ Capabilities: INTERNET&NOT_RESTRICTED&TRUSTED&NOT_VCN_MANAGED Uid: 1000 RequestorUid: 1000 RequestorPkg: android UnderlyingNetworks: Null] ], mPriority=20, state=UNSATISFIED, mAttachedDataNetwork=null, isMetered=true, created time=16:40:02.055, evaluation result=null] shouldApply false
03-20 00:40:02.057  3925  3925 D TelephonyNetworkFactory[0]: onNeedNetworkFor [NetworkRequest [ REQUEST id=33, [ Capabilities: INTERNET&NOT_RESTRICTED&TRUSTED&NOT_VCN_MANAGED Uid: 1001 RequestorUid: 1001 RequestorPkg: com.android.phone UnderlyingNetworks: Null] ], mPriority=20, state=UNSATISFIED, mAttachedDataNetwork=null, isMetered=true, created time=16:40:02.056, evaluation result=null] shouldApply false
03-20 00:40:02.057  3925  3925 D TelephonyNetworkFactory[0]: onNeedNetworkFor [NetworkRequest [ REQUEST id=1, [ Capabilities: INTERNET&NOT_RESTRICTED&TRUSTED&NOT_VPN&NOT_VCN_MANAGED RequestorUid: 1000 RequestorPkg: android UnderlyingNetworks: Null] ], mPriority=20, state=UNSATISFIED, mAttachedDataNetwork=null, isMetered=true, created time=16:40:02.057, evaluation result=null] shouldApply false
03-20 00:40:02.057  3925  3925 D TelephonyNetworkFactory[0]: onNeedNetworkFor [NetworkRequest [ BACKGROUND_REQUEST id=2, [ Transports: CELLULAR Capabilities: INTERNET&NOT_RESTRICTED&TRUSTED&NOT_VPN&NOT_VCN_MANAGED RequestorUid: 1000 RequestorPkg: android UnderlyingNetworks: Null] ], mPriority=20, state=UNSATISFIED, mAttachedDataNetwork=null, isMetered=true, created time=16:40:02.057, evaluation result=null] shouldApply false
03-20 00:40:02.057  3925  3925 D TelephonyNetworkFactory[0]: onNeedNetworkFor [NetworkRequest [ REQUEST id=27, [ Capabilities: INTERNET&NOT_RESTRICTED&TRUSTED&NOT_VCN_MANAGED Uid: 10127 RequestorUid: 10127 RequestorPkg: com.qti.qcc UnderlyingNetworks: Null] ], mPriority=20, state=UNSATISFIED, mAttachedDataNetwork=null, isMetered=true, created time=16:40:02.057, evaluation result=null] shouldApply false
03-20 00:40:02.057  3925  3925 D TelephonyNetworkFactory[0]: onNeedNetworkFor [NetworkRequest [ REQUEST id=17, [ Capabilities: INTERNET&NOT_RESTRICTED&TRUSTED&NOT_VCN_MANAGED Uid: 1073 RequestorUid: 1073 RequestorPkg: com.android.networkstack UnderlyingNetworks: Null] ], mPriority=20, state=UNSATISFIED, mAttachedDataNetwork=null, isMetered=true, created time=16:40:02.057, evaluation result=null] shouldApply false
03-20 00:40:02.057  3925  3925 D TelephonyNetworkFactory[0]: onNeedNetworkFor [NetworkRequest [ REQUEST id=24, [ Capabilities: INTERNET&NOT_RESTRICTED&TRUSTED&NOT_VCN_MANAGED Uid: 10108 RequestorUid: 10108 RequestorPkg: com.android.systemui UnderlyingNetworks: Null] ], mPriority=20, state=UNSATISFIED, mAttachedDataNetwork=null, isMetered=true, created time=16:40:02.057, evaluation result=null] shouldApply false
03-20 00:40:02.057  3925  3925 D TelephonyNetworkFactory[0]: onNeedNetworkFor [NetworkRequest [ REQUEST id=22, [ Capabilities: INTERNET&NOT_RESTRICTED&TRUSTED&NOT_VCN_MANAGED Uid: 10108 RequestorUid: 10108 RequestorPkg: com.android.systemui UnderlyingNetworks: Null] ], mPriority=20, state=UNSATISFIED, mAttachedDataNetwork=null, isMetered=true, created time=16:40:02.056, evaluation result=null] shouldApply false
03-20 00:40:02.058  3925  3925 D TelephonyNetworkFactory[0]: onNeedNetworkFor [NetworkRequest [ REQUEST id=36, [ Capabilities: INTERNET&NOT_RESTRICTED&TRUSTED&NOT_VCN_MANAGED Uid: 1001 RequestorUid: 1001 RequestorPkg: com.android.phone UnderlyingNetworks: Null] ], mPriority=20, state=UNSATISFIED, mAttachedDataNetwork=null, isMetered=true, created time=16:40:02.058, evaluation result=null] shouldApply false
03-20 00:40:02.058  3925  3925 D TelephonyNetworkFactory[0]: onNeedNetworkFor [NetworkRequest [ REQUEST id=38, [ Capabilities: INTERNET&NOT_RESTRICTED&TRUSTED&NOT_VCN_MANAGED Uid: 10064 RequestorUid: 10064 RequestorPkg: com.qualcomm.qti.cne UnderlyingNetworks: Null] ], mPriority=20, state=UNSATISFIED, mAttachedDataNetwork=null, isMetered=true, created time=16:40:02.058, evaluation result=null] shouldApply false
03-20 00:40:02.058  3925  3925 D TelephonyNetworkFactory[0]: onNeedNetworkFor [NetworkRequest [ REQUEST id=30, [ Capabilities: INTERNET&NOT_RESTRICTED&TRUSTED&NOT_VCN_MANAGED Uid: 1000 RequestorUid: 1000 RequestorPkg: android UnderlyingNetworks: Null] ], mPriority=20, state=UNSATISFIED, mAttachedDataNetwork=null, isMetered=true, created time=16:40:02.058, evaluation result=null] shouldApply false
03-20 00:40:02.058  3925  3925 D TelephonyNetworkFactory[0]: onNeedNetworkFor [NetworkRequest [ REQUEST id=7, [ Capabilities: INTERNET&NOT_RESTRICTED&TRUSTED&NOT_VCN_MANAGED Uid: 1000 RequestorUid: 1000 RequestorPkg: android UnderlyingNetworks: Null] ], mPriority=20, state=UNSATISFIED, mAttachedDataNetwork=null, isMetered=true, created time=16:40:02.058, evaluation result=null] shouldApply false
03-20 00:40:02.058  3925  3925 D TelephonyNetworkFactory[1]: onNeedNetworkFor [NetworkRequest [ REQUEST id=15, [ Capabilities: INTERNET&NOT_RESTRICTED&TRUSTED&NOT_VCN_MANAGED Uid: 1000 RequestorUid: 1000 RequestorPkg: android UnderlyingNetworks: Null] ], mPriority=20, state=UNSATISFIED, mAttachedDataNetwork=null, isMetered=true, created time=16:40:02.058, evaluation result=null] shouldApply false
03-20 00:40:02.058  3925  3925 D TelephonyNetworkFactory[1]: onNeedNetworkFor [NetworkRequest [ REQUEST id=33, [ Capabilities: INTERNET&NOT_RESTRICTED&TRUSTED&NOT_VCN_MANAGED Uid: 1001 RequestorUid: 1001 RequestorPkg: com.android.phone UnderlyingNetworks: Null] ], mPriority=20, state=UNSATISFIED, mAttachedDataNetwork=null, isMetered=true, created time=16:40:02.058, evaluation result=null] shouldApply false
03-20 00:40:02.058  3925  3925 D TelephonyNetworkFactory[1]: onNeedNetworkFor [NetworkRequest [ REQUEST id=1, [ Capabilities: INTERNET&NOT_RESTRICTED&TRUSTED&NOT_VPN&NOT_VCN_MANAGED RequestorUid: 1000 RequestorPkg: android UnderlyingNetworks: Null] ], mPriority=20, state=UNSATISFIED, mAttachedDataNetwork=null, isMetered=true, created time=16:40:02.058, evaluation result=null] shouldApply false
03-20 00:40:02.059  3925  3925 D TelephonyNetworkFactory[1]: onNeedNetworkFor [NetworkRequest [ BACKGROUND_REQUEST id=2, [ Transports: CELLULAR Capabilities: INTERNET&NOT_RESTRICTED&TRUSTED&NOT_VPN&NOT_VCN_MANAGED RequestorUid: 1000 RequestorPkg: android UnderlyingNetworks: Null] ], mPriority=20, state=UNSATISFIED, mAttachedDataNetwork=null, isMetered=true, created time=16:40:02.058, evaluation result=null] shouldApply false
03-20 00:40:02.059  3925  3925 D TelephonyNetworkFactory[1]: onNeedNetworkFor [NetworkRequest [ REQUEST id=27, [ Capabilities: INTERNET&NOT_RESTRICTED&TRUSTED&NOT_VCN_MANAGED Uid: 10127 RequestorUid: 10127 RequestorPkg: com.qti.qcc UnderlyingNetworks: Null] ], mPriority=20, state=UNSATISFIED, mAttachedDataNetwork=null, isMetered=true, created time=16:40:02.059, evaluation result=null] shouldApply false
03-20 00:40:02.059  3925  3925 D TelephonyNetworkFactory[1]: onNeedNetworkFor [NetworkRequest [ REQUEST id=17, [ Capabilities: INTERNET&NOT_RESTRICTED&TRUSTED&NOT_VCN_MANAGED Uid: 1073 RequestorUid: 1073 RequestorPkg: com.android.networkstack UnderlyingNetworks: Null] ], mPriority=20, state=UNSATISFIED, mAttachedDataNetwork=null, isMetered=true, created time=16:40:02.059, evaluation result=null] shouldApply false
03-20 00:40:02.059  3925  3925 D TelephonyNetworkFactory[1]: onNeedNetworkFor [NetworkRequest [ REQUEST id=24, [ Capabilities: INTERNET&NOT_RESTRICTED&TRUSTED&NOT_VCN_MANAGED Uid: 10108 RequestorUid: 10108 RequestorPkg: com.android.systemui UnderlyingNetworks: Null] ], mPriority=20, state=UNSATISFIED, mAttachedDataNetwork=null, isMetered=true, created time=16:40:02.059, evaluation result=null] shouldApply false
03-20 00:40:02.059  3925  3925 D TelephonyNetworkFactory[1]: onNeedNetworkFor [NetworkRequest [ REQUEST id=22, [ Capabilities: INTERNET&NOT_RESTRICTED&TRUSTED&NOT_VCN_MANAGED Uid: 10108 RequestorUid: 10108 RequestorPkg: com.android.systemui UnderlyingNetworks: Null] ], mPriority=20, state=UNSATISFIED, mAttachedDataNetwork=null, isMetered=true, created time=16:40:02.059, evaluation result=null] shouldApply false
03-20 00:40:02.059  3925  3925 D TelephonyNetworkFactory[1]: onNeedNetworkFor [NetworkRequest [ REQUEST id=36, [ Capabilities: INTERNET&NOT_RESTRICTED&TRUSTED&NOT_VCN_MANAGED Uid: 1001 RequestorUid: 1001 RequestorPkg: com.android.phone UnderlyingNetworks: Null] ], mPriority=20, state=UNSATISFIED, mAttachedDataNetwork=null, isMetered=true, created time=16:40:02.059, evaluation result=null] shouldApply false
03-20 00:40:02.059  3925  3925 D TelephonyNetworkFactory[1]: onNeedNetworkFor [NetworkRequest [ REQUEST id=38, [ Capabilities: INTERNET&NOT_RESTRICTED&TRUSTED&NOT_VCN_MANAGED Uid: 10064 RequestorUid: 10064 RequestorPkg: com.qualcomm.qti.cne UnderlyingNetworks: Null] ], mPriority=20, state=UNSATISFIED, mAttachedDataNetwork=null, isMetered=true, created time=16:40:02.059, evaluation result=null] shouldApply false
03-20 00:40:02.059  3925  3925 D TelephonyNetworkFactory[1]: onNeedNetworkFor [NetworkRequest [ REQUEST id=30, [ Capabilities: INTERNET&NOT_RESTRICTED&TRUSTED&NOT_VCN_MANAGED Uid: 1000 RequestorUid: 1000 RequestorPkg: android UnderlyingNetworks: Null] ], mPriority=20, state=UNSATISFIED, mAttachedDataNetwork=null, isMetered=true, created time=16:40:02.059, evaluation result=null] shouldApply false
03-20 00:40:02.059  3925  3925 D TelephonyNetworkFactory[1]: onNeedNetworkFor [NetworkRequest [ REQUEST id=7, [ Capabilities: INTERNET&NOT_RESTRICTED&TRUSTED&NOT_VCN_MANAGED Uid: 1000 RequestorUid: 1000 RequestorPkg: android UnderlyingNetworks: Null] ], mPriority=20, state=UNSATISFIED, mAttachedDataNetwork=null, isMetered=true, created time=16:40:02.059, evaluation result=null] shouldApply false
03-20 00:40:02.059  3925  3925 D SST     : [0] SubscriptionListener.onSubscriptionInfoChanged
03-20 00:40:02.060  3925  3925 D SST     : [1] SubscriptionListener.onSubscriptionInfoChanged
03-20 00:40:02.061  3925  5819 D ImsProvisioningController: MmTelFeatureListener[0] subId is not changed
03-20 00:40:02.061  3925  5819 D ImsProvisioningController: MmTelFeatureListener[1] subId is not changed
03-20 00:40:02.061  3925  5819 D ImsProvisioningController: RcsFeatureListener[0] subId is not changed
03-20 00:40:02.061  3925  5819 D ImsProvisioningController: RcsFeatureListener[1] subId is not changed
03-20 00:40:02.061  3925  5819 D ImsProvisioningController: ProvisioningCallbackManager[0] subId is not changed 
03-20 00:40:02.061  3925  5819 D ImsProvisioningController: ProvisioningCallbackManager[1] subId is not changed 
03-20 00:40:02.062  3925  3925 E PhoneSubInfoController: getLine1Number phone is null for Subscription:-1
03-20 00:40:02.062  3925  3925 D ImsPhone: [0] mCurrentSubscriberUris is null
03-20 00:40:02.112  3925  3925 D ImsManagerIM [0]: ImsService not up yet - timeout waiting for connection.
03-20 00:40:02.114  3925  3925 D SubscriptionInfoUpdater: updateEmbeddedSubscriptionsCache
03-20 00:40:02.114  3925  3925 D SubscriptionInfoUpdater: updateEmbeddedSubscriptionsCache: IPC to the eUICC controller failed
03-20 00:40:02.114  3925  3925 D SubscriptionInfoUpdater: updateSubscriptionInfoByIccId: SubscriptionInfo update complete
03-20 00:40:02.114  3925  3925 D SAT     : [0]onSimAbsent, reset activation state to UNKNOWN
03-20 00:40:02.114  3925  3925 D SAT     : [0]setVoiceActivationState=0
03-20 00:40:02.114  3925  3925 D SAT     : [0]setDataActivationState=0
03-20 00:40:02.115  3925  3925 D SAT     : [1]onSimAbsent, reset activation state to UNKNOWN
03-20 00:40:02.115  3925  3925 D SAT     : [1]setVoiceActivationState=0
03-20 00:40:02.115  3925  3925 D SAT     : [1]setDataActivationState=0
03-20 00:40:02.116  3925  5996 D ONS     : SIM state changed
03-20 00:40:02.124  3925  3925 D SubscriptionInfoUpdater: updateEmbeddedSubscriptionsCache
03-20 00:40:02.124  3925  3925 D SubscriptionInfoUpdater: updateEmbeddedSubscriptionsCache: IPC to the eUICC controller failed
03-20 00:40:02.124  3925  3925 D PhoneSwitcher: handle event - 124
03-20 00:40:02.124  3925  3925 D PhoneSwitcher: Sub info is ready
03-20 00:40:02.126  3925  3925 D SubscriptionController: [setDefaultDataSubId] num phones=2, subId=-1
03-20 00:40:02.129  3925  3925 D SubscriptionController: [setDefaultVoiceSubId] subId=-1
03-20 00:40:02.136  3925  3925 D SubscriptionController: [setDefaultVoiceSubId] requesting change to phoneAccountHandle=null
03-20 00:40:02.136  3925  3925 D SubscriptionController: [setDefaultVoiceSubId] default subId not changed. subId=-1
03-20 00:40:02.140  3925  3925 D SST     : [1] SubscriptionListener.onSubscriptionInfoChanged
03-20 00:40:02.141  3925  5819 D ImsProvisioningController: MmTelFeatureListener[0] subId is not changed
03-20 00:40:02.141  3925  5819 D ImsProvisioningController: MmTelFeatureListener[1] subId is not changed
03-20 00:40:02.141  3925  5819 D ImsProvisioningController: RcsFeatureListener[0] subId is not changed
03-20 00:40:02.141  3925  5819 D ImsProvisioningController: RcsFeatureListener[1] subId is not changed
03-20 00:40:02.141  3925  5819 D ImsProvisioningController: ProvisioningCallbackManager[0] subId is not changed 
03-20 00:40:02.141  3925  5819 D ImsProvisioningController: ProvisioningCallbackManager[1] subId is not changed 
03-20 00:40:02.143  3925  3925 E PhoneSubInfoController: getLine1Number phone is null for Subscription:-1
03-20 00:40:02.143  3925  3925 D ImsPhone: [0] mCurrentSubscriberUris is null
03-20 00:40:02.193  3925  3925 D ImsManagerIM [0]: ImsService not up yet - timeout waiting for connection.
03-20 00:40:02.195  3925  3925 D SST     : [0] SubscriptionListener.onSubscriptionInfoChanged
03-20 00:40:02.196  3925  3925 D SubscriptionController: [setDefaultDataSubId] num phones=2, subId=-1
03-20 00:40:02.200  3925  3925 D SubscriptionController: [setDefaultVoiceSubId] subId=-1
03-20 00:40:02.207  3925  3925 D SubscriptionController: [setDefaultVoiceSubId] requesting change to phoneAccountHandle=null
03-20 00:40:02.207  3925  3925 D SubscriptionController: [setDefaultVoiceSubId] default subId not changed. subId=-1
03-20 00:40:02.210  3925  5996 D ONS     : SIM state changed
03-20 00:40:02.210  3925  3925 D PhoneSwitcher: mSimStateIntentReceiver: slotIndex = 1 state = 6
03-20 00:40:02.210  3925  3925 D SST     : [1] handleMessage: received event 2
03-20 00:40:02.210  3925  3925 D SST     : [1] pollState: modemTriggered=true, radioState=1
03-20 00:40:02.210  3925  3925 D SST     : [1] issuePollCommands
03-20 00:40:02.211  3925  3925 D RILJ    : [0117]> OPERATOR [PHONE1]
03-20 00:40:02.212  3925  3925 D RILJ    : [0118]> QUERY_NETWORK_SELECTION_MODE [PHONE1]
03-20 00:40:02.213  3925  3925 D PhoneSwitcher: handle event - 112
03-20 00:40:02.214  3925  3925 D PhoneSwitcher: onDdsSwitchResponse: DDS switch success on phoneId = 0
03-20 00:40:02.214  3925  3925 D PhoneSwitcher: notifyPreferredDataSubIdChanged to -1
03-20 00:40:02.214  3925  6005 D RILJ    : [0119]> DATA_REGISTRATION_STATE [PHONE1]
03-20 00:40:02.214  3925  6005 D RILJ    : getDataRegistrationState: overrideHalVersion=null [PHONE1]
03-20 00:40:02.214  2160  3623 D TelephonyRegistry: notifyActiveDataSubIdChanged: activeDataSubId=-1
03-20 00:40:02.215  3925  5702 D RILJ    : [0117]< OPERATOR {, , } [PHONE1]
03-20 00:40:02.215  3925  5702 D RILJ    : [0118]< QUERY_NETWORK_SELECTION_MODE {0} [PHONE1]
03-20 00:40:02.215  3925  3925 D SST     : [0] handleMessage: received event 2
03-20 00:40:02.215  3925  3925 D SST     : [0] pollState: modemTriggered=true, radioState=1
03-20 00:40:02.215  3925  3925 D SST     : [0] QTISST: discarding local service instance
03-20 00:40:02.215  3925  3925 D SST     : [0] issuePollCommands
03-20 00:40:02.216  3925  5702 D RILJ    : [0119]< DATA_REGISTRATION_STATE android.hardware.radio.network.RegStateResult{regState: NOT_REG_MT_SEARCHING_OP, rat: UNKNOWN, reasonForDenial: NONE, cellIdentity: android.hardware.radio.network.CellIdentity.noinit(false), registeredPlmn: , accessTechnologySpecificInfo: android.hardware.radio.network.AccessTechnologySpecificInfo.noinit(false)} [PHONE1]
03-20 00:40:02.217  3925  3925 D RILJ    : [0120]> OPERATOR [PHONE0]
03-20 00:40:02.218  3925  6027 D RILJ    : [0120]< OPERATOR {, , } [PHONE0]
03-20 00:40:02.218  3925  3925 D RILJ    : [0122]> QUERY_NETWORK_SELECTION_MODE [PHONE0]
03-20 00:40:02.218  3925  3925 D DNC-0   : handleMessage, msg.what = 16
03-20 00:40:02.218  3925  3925 D DNC-0   : onReevaluateExistingDataNetworks: No existing data networks to re-evaluate.
03-20 00:40:02.218  3925  3925 D QtiGsmCdmaPhone: [0 ] handleMessage: Event: 62
03-20 00:40:02.218  3925  3925 D VendorGsmCdmaPhone: handleMessage: Event: 62
03-20 00:40:02.219  3925  3925 D GsmCdmaPhone: [0] EVENT_SUBSCRIPTIONS_CHANGED
03-20 00:40:02.219  3925  3925 D PhoneSwitcher: handle event - 102
03-20 00:40:02.219  3925  3925 D DNC-0   : handleMessage, msg.what = 15
03-20 00:40:02.219  3925  3925 D DNC-1   : handleMessage, msg.what = 15
03-20 00:40:02.219  3925  3925 D QtiGsmCdmaPhone: [1 ] handleMessage: Event: 62
03-20 00:40:02.219  3925  3925 D VendorGsmCdmaPhone: handleMessage: Event: 62
03-20 00:40:02.219  3925  3925 D GsmCdmaPhone: [1] EVENT_SUBSCRIPTIONS_CHANGED
03-20 00:40:02.219  3925  3925 D EmergencyNumberTracker: updateEmergencyNumberListDatabaseAndNotify(): receiving countryIso: cn
03-20 00:40:02.219  3925  6027 D RILJ    : [0122]< QUERY_NETWORK_SELECTION_MODE {0} [PHONE0]
03-20 00:40:02.221  3925  5834 D NRM-I-1 : onRequestNetworkRegistrationInfoComplete result: 0, info: NetworkRegistrationInfo{ domain=PS transportType=WLAN registrationState=NOT_REG_OR_SEARCHING mInitialRegistrationState=NOT_REG_OR_SEARCHING roamingType=NOT_ROAMING accessNetworkTechnology=UNKNOWN rejectCause=0 emergencyEnabled=false availableServices=[] cellIdentity=null voiceSpecificInfo=null dataSpecificInfo=null nrState=NONE rRplmn= isUsingCarrierAggregation=false}
03-20 00:40:02.221  3925  3925 D EmergencyNumberTracker: cn asset emergency database is loaded. Ver: 1 Phone Id: 0
03-20 00:40:02.221  3925  3925 E EmergencyNumberTracker: Cache ota emergency database IOException: java.io.FileNotFoundException: /data/misc/emergencynumberdb/emergency_number_db: open failed: ENOENT (No such file or directory)
03-20 00:40:02.221  3925  3925 D EmergencyNumberTracker: Using Asset Emergency database. Version: 1
03-20 00:40:02.222  3925  3925 D EmergencyNumberTracker: notifyEmergencyNumberList(): notified
03-20 00:40:02.222  3925  3925 D EmergencyNumberTracker: updateEmergencyNumberListDatabaseAndNotify(): receiving countryIso: cn
03-20 00:40:02.223  3925  3925 D EmergencyNumberTracker: cn asset emergency database is loaded. Ver: 1 Phone Id: 1
03-20 00:40:02.223  3925  3925 E EmergencyNumberTracker: Cache ota emergency database IOException: java.io.FileNotFoundException: /data/misc/emergencynumberdb/emergency_number_db: open failed: ENOENT (No such file or directory)
03-20 00:40:02.223  3925  3925 D EmergencyNumberTracker: Using Asset Emergency database. Version: 1
03-20 00:40:02.223  3925  6005 D RILJ    : [0121]> VOICE_REGISTRATION_STATE [PHONE1]
03-20 00:40:02.223  3925  6005 D RILJ    : getVoiceRegistrationState: overrideHalVersion=null [PHONE1]
03-20 00:40:02.223  3925  5702 D NRM-I-0 : onRequestNetworkRegistrationInfoComplete result: 0, info: NetworkRegistrationInfo{ domain=PS transportType=WLAN registrationState=NOT_REG_OR_SEARCHING mInitialRegistrationState=NOT_REG_OR_SEARCHING roamingType=NOT_ROAMING accessNetworkTechnology=UNKNOWN rejectCause=0 emergencyEnabled=false availableServices=[] cellIdentity=null voiceSpecificInfo=null dataSpecificInfo=null nrState=NONE rRplmn= isUsingCarrierAggregation=false}
03-20 00:40:02.223  3925  6005 D CellularNetworkService: No access tech specific info passes for RegStateResult
03-20 00:40:02.223  3925  6005 D NRM-C-1 : onRequestNetworkRegistrationInfoComplete result: 0, info: NetworkRegistrationInfo{ domain=PS transportType=WWAN registrationState=NOT_REG_SEARCHING mInitialRegistrationState=NOT_REG_SEARCHING roamingType=NOT_ROAMING accessNetworkTechnology=UNKNOWN rejectCause=0 emergencyEnabled=false availableServices=[] cellIdentity=null voiceSpecificInfo=null dataSpecificInfo=android.telephony.DataSpecificRegistrationInfo :{ maxDataCalls = 16 isDcNrRestricted = false isNrAvailable = false isEnDcAvailable = false null } nrState=NONE rRplmn= isUsingCarrierAggregation=false}
03-20 00:40:02.224  3925  6005 D RILJ    : [0123]> DATA_REGISTRATION_STATE [PHONE0]
03-20 00:40:02.224  3925  6005 D RILJ    : getDataRegistrationState: overrideHalVersion=null [PHONE0]
03-20 00:40:02.224  3925  6005 D RILJ    : [0124]> VOICE_REGISTRATION_STATE [PHONE0]
03-20 00:40:02.224  3925  6005 D RILJ    : getVoiceRegistrationState: overrideHalVersion=null [PHONE0]
03-20 00:40:02.225  3925  3925 D EmergencyNumberTracker: notifyEmergencyNumberList(): notified
03-20 00:40:02.225  3925  3925 D RILJ    : [0125]> IMS_REGISTRATION_STATE [PHONE0]
03-20 00:40:02.225  3925  3925 D SST     : [0] handleMessage: received event 46
03-20 00:40:02.226  3925  3925 D RILJ    : [0126]> IMS_REGISTRATION_STATE [PHONE0]
03-20 00:40:02.226  3925  3925 D SST     : [0] handleMessage: received event 7
03-20 00:40:02.226  3925  3925 D SST     : [0] handleMessage: received event 102
03-20 00:40:02.226  3925  3925 D SST     : [0] handleMessage: received event 14
03-20 00:40:02.226  3925  3925 D SST     : [0] EVENT_POLL_STATE_NETWORK_SELECTION_MODE
03-20 00:40:02.226  3925  3925 D SST     : [0] handleMessage: received event 101
03-20 00:40:02.227  3925  3925 D UiccProfile: iccOpenLogicalChannel: A00000015141434C00 , 0 by pid:3925 uid:1001
03-20 00:40:02.227  3925  3925 D RILJ    : [0127]> SIM_OPEN_CHANNEL aid = A00000015141434C00 p2 = 0 [PHONE1]
03-20 00:40:02.227  3925  5834 D RILJ    : [0121]< VOICE_REGISTRATION_STATE android.hardware.radio.network.RegStateResult{regState: NOT_REG_MT_SEARCHING_OP, rat: UNKNOWN, reasonForDenial: NONE, cellIdentity: android.hardware.radio.network.CellIdentity.noinit(false), registeredPlmn: , accessTechnologySpecificInfo: android.hardware.radio.network.AccessTechnologySpecificInfo.noinit(false)} [PHONE1]
03-20 00:40:02.227  3925  6005 D CellularNetworkService: No access tech specific info passes for RegStateResult
03-20 00:40:02.227  3925  6005 D NRM-C-0 : onRequestNetworkRegistrationInfoComplete result: 0, info: NetworkRegistrationInfo{ domain=PS transportType=WWAN registrationState=NOT_REG_SEARCHING mInitialRegistrationState=NOT_REG_SEARCHING roamingType=NOT_ROAMING accessNetworkTechnology=HSPA rejectCause=0 emergencyEnabled=true availableServices=[EMERGENCY] cellIdentity=CellIdentityWcdma:{ mLac=53515 mCid=101419716 mPsc=342 mUarfcn=10763 mMcc=460 mMnc=01 mAlphaLong=CHN-UNICOM mAlphaShort=UNICOM mAdditionalPlmns={} mCsgInfo=null} voiceSpecificInfo=null dataSpecificInfo=android.telephony.DataSpecificRegistrationInfo :{ maxDataCalls = 16 isDcNrRestricted = false isNrAvailable = false isEnDcAvailable = false null } nrState=NONE rRplmn=46001 isUsingCarrierAggregation=false}
03-20 00:40:02.227  3925  6005 D CellularNetworkService: No access tech specific info passes for RegStateResult
03-20 00:40:02.227  3925  6005 D NRM-C-1 : onRequestNetworkRegistrationInfoComplete result: 0, info: NetworkRegistrationInfo{ domain=CS transportType=WWAN registrationState=NOT_REG_SEARCHING mInitialRegistrationState=NOT_REG_SEARCHING roamingType=NOT_ROAMING accessNetworkTechnology=UNKNOWN rejectCause=0 emergencyEnabled=false availableServices=[] cellIdentity=null voiceSpecificInfo=VoiceSpecificRegistrationInfo { mCssSupported=false mRoamingIndicator=0 mSystemIsInPrl=0 mDefaultRoamingIndicator=0} dataSpecificInfo=null nrState=NONE rRplmn= isUsingCarrierAggregation=false}
03-20 00:40:02.227  3925  5702 D RILJ    : [0123]< DATA_REGISTRATION_STATE android.hardware.radio.network.RegStateResult{regState: NOT_REG_MT_SEARCHING_OP_EM, rat: HSPA, reasonForDenial: NONE, cellIdentity: android.hardware.radio.network.CellIdentity.wcdma(android.hardware.radio.network.CellIdentityWcdma{mcc: 460, mnc: 01, lac: 53515, cid: 101419716, psc: 342, uarfcn: 10763, operatorNames: android.hardware.radio.network.OperatorInfo{alphaLong: CHN-UNICOM, alphaShort: UNICOM, operatorNumeric: 46001, status: 2}, additionalPlmns: [], csgInfo: null}), registeredPlmn: 46001, accessTechnologySpecificInfo: android.hardware.radio.network.AccessTechnologySpecificInfo.noinit(false)} [PHONE0]
03-20 00:40:02.227  3925  5702 D RILJ    : [0125]< IMS_REGISTRATION_STATE error 46 [PHONE0]
03-20 00:40:02.227  3925  5702 D RilRequest: [0125]< IMS_REGISTRATION_STATE error: com.android.internal.telephony.CommandException: INVALID_MODEM_STATE ret={0, 1} result={ when=-24s306ms what=13 target=com.qualcomm.qti.internal.telephony.QtiSmsDispatchersController }
03-20 00:40:02.228  3925  3925 D DRM-1   : Remove all retry and throttling entries, reason=DATA_SERVICE_BOUND
03-20 00:40:02.228  3925  3925 D DRM-0   : Remove all retry and throttling entries, reason=DATA_SERVICE_BOUND
03-20 00:40:02.228  3925  3925 D SST     : [1] handleMessage: received event 7
03-20 00:40:02.228  3925  3925 D QtiGsmCdmaPhone: [1 ] handleMessage: Event: 62
03-20 00:40:02.228  3925  3925 D VendorGsmCdmaPhone: handleMessage: Event: 62
03-20 00:40:02.228  3925  3925 D GsmCdmaPhone: [1] EVENT_SUBSCRIPTIONS_CHANGED
03-20 00:40:02.228  3925  3925 D QtiGsmCdmaPhone: [0 ] handleMessage: Event: 62
03-20 00:40:02.228  3925  3925 D VendorGsmCdmaPhone: handleMessage: Event: 62
03-20 00:40:02.228  3925  3925 D GsmCdmaPhone: [0] EVENT_SUBSCRIPTIONS_CHANGED
03-20 00:40:02.228  3925  3925 D PhoneSwitcher: handle event - 102
03-20 00:40:02.228  3925  3925 D SST     : [1] handleMessage: received event 5
03-20 00:40:02.228  3925  3925 D SST     : [1] handleMessage: received event 6
03-20 00:40:02.228  3925  3925 D SST     : [1] handleMessage: received event 14
03-20 00:40:02.228  3925  3925 D SST     : [1] EVENT_POLL_STATE_NETWORK_SELECTION_MODE
03-20 00:40:02.228  3925  3925 D DNC-0   : handleMessage, msg.what = 5
03-20 00:40:02.228  3925  3925 D DNC-0   : Re-evaluating 0 unsatisfied network requests in 0 groups,  due to TAC_CHANGED
03-20 00:40:02.228  3925  3925 D SST     : [1] handleMessage: received event 4
03-20 00:40:02.228  3925  3925 D DNC-0   : handleMessage, msg.what = 15
03-20 00:40:02.228  3925  3925 D DNC-1   : handleMessage, msg.what = 15
03-20 00:40:02.229  3925  3925 D RILJ    : [0128]> GET_CELL_INFO_LIST [PHONE1]
03-20 00:40:02.229  3925  3925 D EmergencyNumberTracker: ACTION_NETWORK_COUNTRY_CHANGED: PhoneId: 1 CountryIso: 
03-20 00:40:02.230  3925  3925 D Phone   : isImsRegistered =false
03-20 00:40:02.231  3925  3925 E PhoneSubInfoController: getLine1Number phone is null for Subscription:-1
03-20 00:40:02.231  3925  3925 D ImsPhone: [0] mCurrentSubscriberUris is null
03-20 00:40:02.232  3925  6027 D RILJ    : [0128]< GET_CELL_INFO_LIST [] [PHONE1]
03-20 00:40:02.232  3925  5702 D RILJ    : [0126]< IMS_REGISTRATION_STATE error 46 [PHONE0]
03-20 00:40:02.232  3925  5702 D RilRequest: [0126]< IMS_REGISTRATION_STATE error: com.android.internal.telephony.CommandException: INVALID_MODEM_STATE ret={0, 1} result={ when=-24s310ms what=47 target=com.qualcomm.qti.internal.telephony.QtiServiceStateTracker }
03-20 00:40:02.232  3925  5834 D RILJ    : [0127]< SIM_OPEN_CHANNEL error 17 [PHONE1]
03-20 00:40:02.232  3925  5834 D RilRequest: [0127]< SIM_OPEN_CHANNEL error: com.android.internal.telephony.CommandException: NO_SUCH_ELEMENT ret= result={ when=-24s310ms what=8 obj={ when=-24s310ms what=1 arg2=1 target=com.android.internal.telephony.uicc.UiccCarrierPrivilegeRules } target=com.android.internal.telephony.uicc.UiccProfile$4 }
03-20 00:40:02.236  3925  6027 D RILJ    : [0124]< VOICE_REGISTRATION_STATE android.hardware.radio.network.RegStateResult{regState: NOT_REG_MT_SEARCHING_OP_EM, rat: UMTS, reasonForDenial: NONE, cellIdentity: android.hardware.radio.network.CellIdentity.wcdma(android.hardware.radio.network.CellIdentityWcdma{mcc: 460, mnc: 01, lac: 53515, cid: 101419716, psc: 342, uarfcn: 10763, operatorNames: android.hardware.radio.network.OperatorInfo{alphaLong: CHN-UNICOM, alphaShort: UNICOM, operatorNumeric: 46001, status: 2}, additionalPlmns: [], csgInfo: null}), registeredPlmn: 46001, accessTechnologySpecificInfo: android.hardware.radio.network.AccessTechnologySpecificInfo.noinit(false)} [PHONE0]
03-20 00:40:02.236  3925  6005 D CellularNetworkService: No access tech specific info passes for RegStateResult
03-20 00:40:02.236  3925  6005 D NRM-C-0 : onRequestNetworkRegistrationInfoComplete result: 0, info: NetworkRegistrationInfo{ domain=CS transportType=WWAN registrationState=NOT_REG_SEARCHING mInitialRegistrationState=NOT_REG_SEARCHING roamingType=NOT_ROAMING accessNetworkTechnology=UMTS rejectCause=0 emergencyEnabled=true availableServices=[EMERGENCY] cellIdentity=CellIdentityWcdma:{ mLac=53515 mCid=101419716 mPsc=342 mUarfcn=10763 mMcc=460 mMnc=01 mAlphaLong=CHN-UNICOM mAlphaShort=UNICOM mAdditionalPlmns={} mCsgInfo=null} voiceSpecificInfo=VoiceSpecificRegistrationInfo { mCssSupported=false mRoamingIndicator=0 mSystemIsInPrl=0 mDefaultRoamingIndicator=0} dataSpecificInfo=null nrState=NONE rRplmn=46001 isUsingCarrierAggregation=false}
03-20 00:40:02.282  3925  3925 D ImsManagerIM [0]: ImsService not up yet - timeout waiting for connection.
03-20 00:40:02.288  3925  3925 D QtiGsmCdmaPhone: [0 ] handleMessage: Event: 62
03-20 00:40:02.288  3925  3925 D VendorGsmCdmaPhone: handleMessage: Event: 62
03-20 00:40:02.288  3925  3925 D GsmCdmaPhone: [0] EVENT_SUBSCRIPTIONS_CHANGED
03-20 00:40:02.288  3925  3925 D PhoneSwitcher: handle event - 102
03-20 00:40:02.288  3925  3925 D QtiGsmCdmaPhone: [1 ] handleMessage: Event: 62
03-20 00:40:02.288  3925  3925 D VendorGsmCdmaPhone: handleMessage: Event: 62
03-20 00:40:02.288  3925  3925 D GsmCdmaPhone: [1] EVENT_SUBSCRIPTIONS_CHANGED
03-20 00:40:02.289  3925  3925 D DNC-0   : handleMessage, msg.what = 15
03-20 00:40:02.289  3925  3925 D DNC-1   : handleMessage, msg.what = 15
03-20 00:40:02.289  3925  3925 E CarrierActionAgent: [0]Unsupported action: 7
03-20 00:40:02.289  3925  3925 D CarrierActionAgent: [0]EVENT_SIM_STATE_CHANGED status: ABSENT
03-20 00:40:02.289  3925  3925 E CarrierActionAgent: [1]Unsupported action: 7
03-20 00:40:02.290  3925  3925 D CarrierActionAgent: [1]EVENT_SIM_STATE_CHANGED status: ABSENT
03-20 00:40:02.290  3925  3925 D PinStorage: SIM card/application changed[0]: ABSENT
03-20 00:40:02.290  3925  3925 D LocaleTracker-0: updateLocale: countryIso = cn, countryIsoDebugInfo = OperatorNumeric(46001): MccTable.geoCountryCodeForMccMnc("MccMnc{mcc='460', mnc='01'}")
03-20 00:40:02.290  3925  3925 D LocaleTracker-0: updateLocale: timeZoneCountryIso = cn, timeZoneCountryIsoDebugInfo = OperatorNumeric(46001): MccTable.geoCountryCodeForMccMnc("MccMnc{mcc='460', mnc='01'}")
03-20 00:40:02.290  3925  3925 D NitzStateMachineImpl: handleCountryDetected: countryIsoCode=cn, mLatestNitzSignal=null
03-20 00:40:02.290  3925  3925 D LocaleTracker-0: Starting LocaleTracker
03-20 00:40:02.296  3925  3925 D DNC-0   : handleMessage, msg.what = 9
03-20 00:40:02.296  3925  3925 D DNC-0   : QtiDNC setEssentialRecordsLoaded to false
03-20 00:40:02.297  3925  3925 D DNC-0   : onSimStateChanged: state=ABSENT
03-20 00:40:02.297  3925  3925 D DNC-0   : onSimAbsent
03-20 00:40:02.305  3925  3925 D TelephonyNetworkFactory[0]: got request NetworkRequest [ REQUEST id=43, [ Capabilities: INTERNET&NOT_RESTRICTED&TRUSTED&NOT_VCN_MANAGED Uid: 1001 RequestorUid: 1001 RequestorPkg: com.qti.dpmserviceapp UnderlyingNetworks: Null] ]
03-20 00:40:02.305  3925  3925 D TelephonyNetworkFactory[1]: got request NetworkRequest [ REQUEST id=43, [ Capabilities: INTERNET&NOT_RESTRICTED&TRUSTED&NOT_VCN_MANAGED Uid: 1001 RequestorUid: 1001 RequestorPkg: com.qti.dpmserviceapp UnderlyingNetworks: Null] ]
03-20 00:40:02.305  3925  3925 D DNC-0   : handleMessage, msg.what = 15
03-20 00:40:02.305  3925  3925 D DNC-1   : handleMessage, msg.what = 15
03-20 00:40:02.305  3925  3925 D QtiGsmCdmaPhone: [0 ] handleMessage: Event: 62
03-20 00:40:02.305  3925  3925 D VendorGsmCdmaPhone: handleMessage: Event: 62
03-20 00:40:02.305  3925  3925 D GsmCdmaPhone: [0] EVENT_SUBSCRIPTIONS_CHANGED
03-20 00:40:02.305  3925  3925 D QtiGsmCdmaPhone: [1 ] handleMessage: Event: 62
03-20 00:40:02.305  3925  3925 D VendorGsmCdmaPhone: handleMessage: Event: 62
03-20 00:40:02.306  3925  3925 D GsmCdmaPhone: [1] EVENT_SUBSCRIPTIONS_CHANGED
03-20 00:40:02.306  3925  3925 D PhoneSwitcher: handle event - 102
03-20 00:40:02.308  3925  3925 E CarrierActionAgent: [0]Unsupported action: 7
03-20 00:40:02.308  3925  3925 E CarrierActionAgent: [1]Unsupported action: 7
03-20 00:40:02.308  3925  3925 D PinStorage: SIM card/application changed[1]: PRESENT
03-20 00:40:02.308  3925  3925 D LocaleTracker-1: updateLocale: countryIso = , countryIsoDebugInfo = empty as default
03-20 00:40:02.308  3925  3925 D LocaleTracker-1: updateLocale: timeZoneCountryIso = , timeZoneCountryIsoDebugInfo = empty as default
03-20 00:40:02.308  3925  3925 D NitzStateMachineImpl: handleCountryUnavailable: mLatestNitzSignal=null
03-20 00:40:02.308  3925  3925 D NitzStateMachineImpl: doTimeZoneDetection: countryIsoCode=null, nitzSignal=null, suggestion=TelephonyTimeZoneSuggestion{mSlotIndex=1, mZoneId='null', mMatchType=0, mQuality=0, mDebugInfo=[getTimeZoneSuggestion: nitzSignal=null, countryIsoCode=null, Detection reason=handleCountryUnavailable]}, reason=handleCountryUnavailable
03-20 00:40:02.308  3925  3925 D DNC-1   : handleMessage, msg.what = 9
03-20 00:40:02.308  3925  3925 D DNC-1   : onSimStateChanged: state=PRESENT
03-20 00:40:02.308  3925  3925 D PinStorage: SIM card/application changed[1]: NOT_READY
03-20 00:40:02.308  3925  3925 D PhoneSwitcher: handle event - 119
03-20 00:40:02.308  3925  3925 D DNC-1   : handleMessage, msg.what = 9
03-20 00:40:02.308  3925  3925 D DNC-1   : QtiDNC setEssentialRecordsLoaded to false
03-20 00:40:02.308  3925  3925 D DNC-1   : onSimStateChanged: state=NOT_READY
03-20 00:40:02.309  3925  3925 D SST     : [1] handleMessage: received event 7
03-20 00:40:02.309  3925  3925 D SST     : [1] QTISST: handlePollStateResultMessage processing 7
03-20 00:40:02.310  3925  3925 D TelephonyNetworkFactory[0]: onActivePhoneSwitch
03-20 00:40:02.310  3925  3925 D TelephonyNetworkFactory[0]: onActivePhoneSwitch: set primary flag for phoneId: 0
03-20 00:40:02.310  3925  3925 D TelephonyNetworkFactory[1]: onActivePhoneSwitch
03-20 00:40:02.310  3925  3925 D TelephonyNetworkFactory[1]: onActivePhoneSwitch: set primary flag for phoneId: 1
03-20 00:40:02.310  3925  3925 D QtiDSMGR-0: handleMessage: 100
03-20 00:40:02.310  3925  3925 D QtiDSMGR-0: sendDataDuringCall SUB ID is invalid
03-20 00:40:02.310  3925  3925 D QtiDSMGR-1: handleMessage: 100
03-20 00:40:02.310  3925  3925 D QtiDSMGR-1: sendDataDuringCall SUB ID is invalid
03-20 00:40:02.310  3925  3925 D SST     : [1] handleMessage: received event 14
03-20 00:40:02.310  3925  3925 D SST     : [1] EVENT_POLL_STATE_NETWORK_SELECTION_MODE
03-20 00:40:02.310  3925  3925 D SST     : [1] QTISST: handlePollStateResultMessage processing 14
03-20 00:40:02.310  3925  3925 D SST     : [0] handleMessage: received event 7
03-20 00:40:02.310  3925  3925 D SST     : [0] QTISST: handlePollStateResultMessage processing 7
03-20 00:40:02.310  3925  3925 D SST     : [0] handleMessage: received event 14
03-20 00:40:02.310  3925  3925 D SST     : [0] EVENT_POLL_STATE_NETWORK_SELECTION_MODE
03-20 00:40:02.310  3925  3925 D SST     : [0] QTISST: handlePollStateResultMessage processing 14
03-20 00:40:02.310  3925  3925 D SST     : [1] handleMessage: received event 6
03-20 00:40:02.310  3925  3925 D SST     : [1] QTISST: handlePollStateResultMessage processing 6
03-20 00:40:02.310  3925  3925 D SST     : [1] handlePollStateResultMessage: PS IWLAN. NetworkRegistrationInfo{ domain=PS transportType=WLAN registrationState=NOT_REG_OR_SEARCHING mInitialRegistrationState=NOT_REG_OR_SEARCHING roamingType=NOT_ROAMING accessNetworkTechnology=UNKNOWN rejectCause=0 emergencyEnabled=false availableServices=[] cellIdentity=null voiceSpecificInfo=null dataSpecificInfo=null nrState=NONE rRplmn= isUsingCarrierAggregation=false}
03-20 00:40:02.310  3925  3925 D SST     : [0] handleMessage: received event 6
03-20 00:40:02.310  3925  3925 D SST     : [0] QTISST: handlePollStateResultMessage processing 6
