03-20 00:39:54.392  2160  2160 V SystemServerTiming: OnBootPhase_520_com.android.server.trust.TrustManagerService took to complete: 0ms
03-20 00:39:54.392  2160  2160 D SystemServerTiming: OnBootPhase_520_com.android.server.backup.BackupManagerService$Lifecycle
03-20 00:39:54.392  2160  2160 V SystemServerTiming: OnBootPhase_520_com.android.server.backup.BackupManagerService$Lifecycle took to complete: 0ms
03-20 00:39:54.392  2160  2160 D SystemServerTiming: OnBootPhase_520_com.android.server.appwidget.AppWidgetService
03-20 00:39:54.392  2160  2160 V SystemServerTiming: OnBootPhase_520_com.android.server.appwidget.AppWidgetService took to complete: 0ms
03-20 00:39:54.392  2160  2160 D SystemServerTiming: OnBootPhase_520_com.android.server.voiceinteraction.VoiceInteractionManagerService
03-20 00:39:54.392  2160  2160 V SystemServerTiming: OnBootPhase_520_com.android.server.voiceinteraction.VoiceInteractionManagerService took to complete: 0ms
03-20 00:39:54.392  2160  2160 D SystemServerTiming: OnBootPhase_520_com.android.server.apphibernation.AppHibernationService
03-20 00:39:54.392  2160  2160 V SystemServerTiming: OnBootPhase_520_com.android.server.apphibernation.AppHibernationService took to complete: 0ms
03-20 00:39:54.392  2160  2160 D SystemServerTiming: OnBootPhase_520_com.android.server.GestureLauncherService
03-20 00:39:54.392  2160  2160 V SystemServerTiming: OnBootPhase_520_com.android.server.GestureLauncherService took to complete: 0ms
03-20 00:39:54.392  2160  2160 D SystemServerTiming: OnBootPhase_520_com.android.server.SensorNotificationService
03-20 00:39:54.392  2160  2160 V SystemServerTiming: OnBootPhase_520_com.android.server.SensorNotificationService took to complete: 0ms
03-20 00:39:54.392  2160  2160 D SystemServerTiming: OnBootPhase_520_com.android.server.emergency.EmergencyAffordanceService
03-20 00:39:54.392  2160  2160 V SystemServerTiming: OnBootPhase_520_com.android.server.emergency.EmergencyAffordanceService took to complete: 0ms
03-20 00:39:54.392  2160  2160 D SystemServerTiming: OnBootPhase_520_com.android.server.blob.BlobStoreManagerService
03-20 00:39:54.393  2160  2160 V SystemServerTiming: OnBootPhase_520_com.android.server.blob.BlobStoreManagerService took to complete: 0ms
03-20 00:39:54.393  2160  2160 D SystemServerTiming: OnBootPhase_520_com.android.server.dreams.DreamManagerService
03-20 00:39:54.393  2160  2160 V SystemServerTiming: OnBootPhase_520_com.android.server.dreams.DreamManagerService took to complete: 0ms
03-20 00:39:54.393  2160  2160 D SystemServerTiming: OnBootPhase_520_com.android.server.print.PrintManagerService
03-20 00:39:54.393  2160  2160 V SystemServerTiming: OnBootPhase_520_com.android.server.print.PrintManagerService took to complete: 0ms
03-20 00:39:54.393  2160  2160 D SystemServerTiming: OnBootPhase_520_com.android.server.security.AttestationVerificationManagerService
03-20 00:39:54.393  2160  2160 V SystemServerTiming: OnBootPhase_520_com.android.server.security.AttestationVerificationManagerService took to complete: 0ms
03-20 00:39:54.393  2160  2160 D SystemServerTiming: OnBootPhase_520_com.android.server.companion.CompanionDeviceManagerService
03-20 00:39:54.393  2160  2160 V SystemServerTiming: OnBootPhase_520_com.android.server.companion.CompanionDeviceManagerService took to complete: 0ms
03-20 00:39:54.393  2160  2160 D SystemServerTiming: OnBootPhase_520_com.android.server.companion.virtual.VirtualDeviceManagerService
03-20 00:39:54.393  2160  2160 V SystemServerTiming: OnBootPhase_520_com.android.server.companion.virtual.VirtualDeviceManagerService took to complete: 0ms
03-20 00:39:54.393  2160  2160 D SystemServerTiming: OnBootPhase_520_com.android.server.restrictions.RestrictionsManagerService
03-20 00:39:54.393  2160  2160 V SystemServerTiming: OnBootPhase_520_com.android.server.restrictions.RestrictionsManagerService took to complete: 0ms
03-20 00:39:54.393  2160  2160 D SystemServerTiming: OnBootPhase_520_com.android.server.media.MediaSessionService
03-20 00:39:54.393  2160  2160 V SystemServerTiming: OnBootPhase_520_com.android.server.media.MediaSessionService took to complete: 0ms
03-20 00:39:54.393  2160  2160 D SystemServerTiming: OnBootPhase_520_com.android.server.media.MediaResourceMonitorService
03-20 00:39:54.393  2160  2160 V SystemServerTiming: OnBootPhase_520_com.android.server.media.MediaResourceMonitorService took to complete: 0ms
03-20 00:39:54.393  2160  2160 D SystemServerTiming: OnBootPhase_520_com.android.server.biometrics.sensors.fingerprint.FingerprintService
03-20 00:39:54.393  2160  2160 V SystemServerTiming: OnBootPhase_520_com.android.server.biometrics.sensors.fingerprint.FingerprintService took to complete: 0ms
03-20 00:39:54.393  2160  2160 D SystemServerTiming: OnBootPhase_520_com.android.server.biometrics.BiometricService
03-20 00:39:54.393  2160  2160 V SystemServerTiming: OnBootPhase_520_com.android.server.biometrics.BiometricService took to complete: 0ms
03-20 00:39:54.394  2160  2160 D SystemServerTiming: OnBootPhase_520_com.android.server.biometrics.AuthService
03-20 00:39:54.394  2160  2160 V SystemServerTiming: OnBootPhase_520_com.android.server.biometrics.AuthService took to complete: 0ms
03-20 00:39:54.394  2160  2160 D SystemServerTiming: OnBootPhase_520_com.android.server.pm.ShortcutService$Lifecycle
03-20 00:39:54.394  2160  2160 V SystemServerTiming: OnBootPhase_520_com.android.server.pm.ShortcutService$Lifecycle took to complete: 0ms
03-20 00:39:54.394  2160  2160 D SystemServerTiming: OnBootPhase_520_com.android.server.pm.LauncherAppsService
03-20 00:39:54.394  2160  2160 V SystemServerTiming: OnBootPhase_520_com.android.server.pm.LauncherAppsService took to complete: 0ms
03-20 00:39:54.394  2160  2160 D SystemServerTiming: OnBootPhase_520_com.android.server.pm.CrossProfileAppsService
03-20 00:39:54.394  2160  2160 V SystemServerTiming: OnBootPhase_520_com.android.server.pm.CrossProfileAppsService took to complete: 0ms
03-20 00:39:54.394  2160  2160 D SystemServerTiming: OnBootPhase_520_com.android.server.people.PeopleService
03-20 00:39:54.394  2160  2160 V SystemServerTiming: OnBootPhase_520_com.android.server.people.PeopleService took to complete: 0ms
03-20 00:39:54.394  2160  2160 D SystemServerTiming: OnBootPhase_520_com.android.server.media.metrics.MediaMetricsManagerService
03-20 00:39:54.394  2160  2160 V SystemServerTiming: OnBootPhase_520_com.android.server.media.metrics.MediaMetricsManagerService took to complete: 0ms
03-20 00:39:54.394  2160  2160 D SystemServerTiming: OnBootPhase_520_com.android.server.media.projection.MediaProjectionManagerService
03-20 00:39:54.394  2160  2160 V SystemServerTiming: OnBootPhase_520_com.android.server.media.projection.MediaProjectionManagerService took to complete: 0ms
03-20 00:39:54.394  2160  2160 D SystemServerTiming: OnBootPhase_520_com.android.server.slice.SliceManagerService$Lifecycle
03-20 00:39:54.394  2160  2160 V SystemServerTiming: OnBootPhase_520_com.android.server.slice.SliceManagerService$Lifecycle took to complete: 0ms
03-20 00:39:54.394  2160  2160 D SystemServerTiming: OnBootPhase_520_com.android.server.stats.StatsCompanion$Lifecycle
03-20 00:39:54.394  2160  2160 V SystemServerTiming: OnBootPhase_520_com.android.server.stats.StatsCompanion$Lifecycle took to complete: 0ms
03-20 00:39:54.394  2160  2160 D SystemServerTiming: OnBootPhase_520_com.android.server.scheduling.RebootReadinessManagerService$Lifecycle
03-20 00:39:54.394  2160  2160 V SystemServerTiming: OnBootPhase_520_com.android.server.scheduling.RebootReadinessManagerService$Lifecycle took to complete: 0ms
03-20 00:39:54.394  2160  2160 D SystemServerTiming: OnBootPhase_520_com.android.server.stats.pull.StatsPullAtomService
03-20 00:39:54.394  2160  2160 V SystemServerTiming: OnBootPhase_520_com.android.server.stats.pull.StatsPullAtomService took to complete: 0ms
03-20 00:39:54.394  2160  2160 D SystemServerTiming: OnBootPhase_520_com.android.server.stats.bootstrap.StatsBootstrapAtomService$Lifecycle
03-20 00:39:54.395  2160  2160 V SystemServerTiming: OnBootPhase_520_com.android.server.stats.bootstrap.StatsBootstrapAtomService$Lifecycle took to complete: 0ms
03-20 00:39:54.395  2160  2160 D SystemServerTiming: OnBootPhase_520_com.android.server.incident.IncidentCompanionService
03-20 00:39:54.395  2160  2160 V SystemServerTiming: OnBootPhase_520_com.android.server.incident.IncidentCompanionService took to complete: 0ms
03-20 00:39:54.395  2160  2160 D SystemServerTiming: OnBootPhase_520_com.android.server.sdksandbox.SdkSandboxManagerService$Lifecycle
03-20 00:39:54.395  2160  2160 V SystemServerTiming: OnBootPhase_520_com.android.server.sdksandbox.SdkSandboxManagerService$Lifecycle took to complete: 0ms
03-20 00:39:54.395  2160  2160 D SystemServerTiming: OnBootPhase_520_com.android.server.adservices.AdServicesManagerService$Lifecycle
03-20 00:39:54.395  2160  2160 V SystemServerTiming: OnBootPhase_520_com.android.server.adservices.AdServicesManagerService$Lifecycle took to complete: 0ms
03-20 00:39:54.395  2160  2160 D SystemServerTiming: OnBootPhase_520_com.android.server.MmsServiceBroker
03-20 00:39:54.395  2160  2160 V SystemServerTiming: OnBootPhase_520_com.android.server.MmsServiceBroker took to complete: 0ms
03-20 00:39:54.395  2160  2160 D SystemServerTiming: OnBootPhase_520_com.android.server.autofill.AutofillManagerService
03-20 00:39:54.395  2160  2160 V SystemServerTiming: OnBootPhase_520_com.android.server.autofill.AutofillManagerService took to complete: 0ms
03-20 00:39:54.395  2160  2160 D SystemServerTiming: OnBootPhase_520_com.android.server.clipboard.ClipboardService
03-20 00:39:54.395  2160  2160 V SystemServerTiming: OnBootPhase_520_com.android.server.clipboard.ClipboardService took to complete: 0ms
03-20 00:39:54.395  2160  2160 D SystemServerTiming: OnBootPhase_520_com.android.server.appbinding.AppBindingService$Lifecycle
03-20 00:39:54.395  2160  2160 V SystemServerTiming: OnBootPhase_520_com.android.server.appbinding.AppBindingService$Lifecycle took to complete: 0ms
03-20 00:39:54.395  2160  2160 D SystemServerTiming: OnBootPhase_520_com.android.server.tracing.TracingServiceProxy
03-20 00:39:54.395  2160  2160 V SystemServerTiming: OnBootPhase_520_com.android.server.tracing.TracingServiceProxy took to complete: 0ms
03-20 00:39:54.396  2160  2160 D SystemServerTiming: OnBootPhase_520_com.android.server.policy.PermissionPolicyService
03-20 00:39:54.396  2160  2160 V SystemServerTiming: OnBootPhase_520_com.android.server.policy.PermissionPolicyService took to complete: 0ms
03-20 00:39:54.396  2160  2160 D SystemServerTiming: OnBootPhase_520_com.android.server.pm.StagingManager$Lifecycle
03-20 00:39:54.396  2160  2160 V SystemServerTiming: OnBootPhase_520_com.android.server.pm.StagingManager$Lifecycle took to complete: 0ms
03-20 00:39:54.396  2160  2160 D SystemServerTiming: OnBootPhase_520_com.android.server.app.GameManagerService$Lifecycle
03-20 00:39:54.396  2160  2160 V SystemServerTiming: OnBootPhase_520_com.android.server.app.GameManagerService$Lifecycle took to complete: 0ms
03-20 00:39:54.396  2160  2160 V SystemServerTiming: OnBootPhase_520 took to complete: 14ms
03-20 00:39:54.396  2160  2160 V SystemServerTiming: StartBootPhaseDeviceSpecificServicesReady took to complete: 14ms
03-20 00:39:54.396  2160  2160 D SystemServerTiming: StartSafetyCenterService
03-20 00:39:54.396  2160  2160 I SystemServiceManager: Starting com.android.safetycenter.SafetyCenterService
03-20 00:39:54.399  2160  2160 V SystemServerTiming: StartSafetyCenterService took to complete: 3ms
03-20 00:39:54.399  2160  2160 D SystemServerTiming: AppSearchModule
03-20 00:39:54.402  2160  2160 I SystemServiceManager: Starting com.android.server.appsearch.AppSearchModule$Lifecycle
03-20 00:39:54.404  2160  2160 V SystemServerTiming: AppSearchModule took to complete: 5ms
03-20 00:39:54.404  2160  2160 D SystemServerTiming: StartMediaCommunicationService
03-20 00:39:54.404  2160  2160 I SystemServiceManager: Starting com.android.server.media.MediaCommunicationService
03-20 00:39:54.404  2160  2160 V SystemServerTiming: StartMediaCommunicationService took to complete: 0ms
03-20 00:39:54.404  2160  2160 D SystemServerTiming: AppCompatOverridesService
03-20 00:39:54.404  2160  2160 I SystemServiceManager: Starting com.android.server.compat.overrides.AppCompatOverridesService$Lifecycle
03-20 00:39:54.405  2160  2160 V SystemServerTiming: AppCompatOverridesService took to complete: 0ms
03-20 00:39:54.405  2160  2160 D SystemServerTiming: PhaseActivityManagerReady
03-20 00:39:54.405  2160  2160 D SystemServerTiming: controllersReady
03-20 00:39:54.406  2160  2966 D SystemServerTimingAsync: InitThreadPoolExec:Update app-ops uidState in case package android changed
03-20 00:39:54.406  2160  2966 D SystemServerInitThreadPool: Started executing Update app-ops uidState in case package android changed
03-20 00:39:54.406  2160  2966 D SystemServerInitThreadPool: Finished executing Update app-ops uidState in case package android changed
03-20 00:39:54.406  2160  2966 V SystemServerTimingAsync: InitThreadPoolExec:Update app-ops uidState in case package android changed took to complete: 0ms
03-20 00:39:54.408  2160  2160 V SystemServerTiming: controllersReady took to complete: 3ms
03-20 00:39:54.409  2160  2160 D SystemServerTiming: killProcesses
03-20 00:39:54.409  2160  2160 V SystemServerTiming: killProcesses took to complete: 0ms
03-20 00:39:54.409  2160  2160 I ActivityManager: System now ready
03-20 00:39:54.409  2160  2160 D SystemServerTiming: updateTopComponentForFactoryTest
03-20 00:39:54.409  2160  2160 V SystemServerTiming: updateTopComponentForFactoryTest took to complete: 0ms
03-20 00:39:54.409  2160  2160 D SystemServerTiming: registerActivityLaunchObserver
03-20 00:39:54.409  2160  2160 V SystemServerTiming: registerActivityLaunchObserver took to complete: 0ms
03-20 00:39:54.409  2160  2160 D SystemServerTiming: watchDeviceProvisioning
03-20 00:39:54.409  2160  2160 V SystemServerTiming: watchDeviceProvisioning took to complete: 1ms
03-20 00:39:54.409  2160  2160 D SystemServerTiming: retrieveSettings
03-20 00:39:54.410  2160  2160 I ActivityTaskManager: Config changes=10000000 {1.0 ?mcc?mnc [en_US] ldltr sw360dp w360dp h800dp 480dpi nrml long port finger -keyb/h/h -nav/h winConfig={ mBounds=Rect(0, 0 - 1080, 2400) mAppBounds=Rect(0, 0 - 1080, 2400) mMaxBounds=Rect(0, 0 - 1080, 2400) mDisplayRotation=ROTATION_0 mWindowingMode=fullscreen mDisplayWindowingMode=fullscreen mActivityType=undefined mAlwaysOnTop=undefined mRotation=ROTATION_0} s.8 fontWeightAdjustment=0}
03-20 00:39:54.411  2160  2160 I WindowManager: Override config changes=10000000 {1.0 ?mcc?mnc [en_US] ldltr sw360dp w360dp h800dp 480dpi nrml long port finger -keyb/h/h -nav/h winConfig={ mBounds=Rect(0, 0 - 1080, 2400) mAppBounds=Rect(0, 0 - 1080, 2400) mMaxBounds=Rect(0, 0 - 1080, 2400) mDisplayRotation=ROTATION_0 mWindowingMode=fullscreen mDisplayWindowingMode=fullscreen mActivityType=undefined mAlwaysOnTop=undefined mRotation=ROTATION_0} s.8 fontWeightAdjustment=0} for displayId=0
03-20 00:39:54.412  2160  2160 V SystemServerTiming: retrieveSettings took to complete: 2ms
03-20 00:39:54.412  2160  2160 D SystemServerTiming: Ugm.onSystemReady
03-20 00:39:54.412  2160  2160 V SystemServerTiming: Ugm.onSystemReady took to complete: 0ms
03-20 00:39:54.412  2160  2160 D SystemServerTiming: updateForceBackgroundCheck
03-20 00:39:54.412  2160  2160 V SystemServerTiming: updateForceBackgroundCheck took to complete: 0ms
03-20 00:39:54.412  2160  2160 I SystemServer: Making services ready
03-20 00:39:54.412  2160  2160 D SystemServerTiming: StartActivityManagerReadyPhase
03-20 00:39:54.412  2160  2160 I SystemServiceManager: Starting phase 550
03-20 00:39:54.412  2160  2160 D SystemServerTiming: OnBootPhase_550
03-20 00:39:54.412  2160  2160 D SystemServerTiming: OnBootPhase_550_com.android.server.security.FileIntegrityService
03-20 00:39:54.412  2160  2160 V SystemServerTiming: OnBootPhase_550_com.android.server.security.FileIntegrityService took to complete: 0ms
03-20 00:39:54.412  2160  2160 D SystemServerTiming: OnBootPhase_550_com.android.server.pm.Installer
03-20 00:39:54.412  2160  2160 V SystemServerTiming: OnBootPhase_550_com.android.server.pm.Installer took to complete: 0ms
03-20 00:39:54.412  2160  2160 D SystemServerTiming: OnBootPhase_550_com.android.server.os.DeviceIdentifiersPolicyService
03-20 00:39:54.412  2160  2160 V SystemServerTiming: OnBootPhase_550_com.android.server.os.DeviceIdentifiersPolicyService took to complete: 0ms
03-20 00:39:54.412  2160  2160 D SystemServerTiming: OnBootPhase_550_com.android.server.uri.UriGrantsManagerService$Lifecycle
03-20 00:39:54.412  2160  2160 V SystemServerTiming: OnBootPhase_550_com.android.server.uri.UriGrantsManagerService$Lifecycle took to complete: 0ms
03-20 00:39:54.412  2160  2160 D SystemServerTiming: OnBootPhase_550_com.android.server.powerstats.PowerStatsService
03-20 00:39:54.412  2160  2160 V SystemServerTiming: OnBootPhase_550_com.android.server.powerstats.PowerStatsService took to complete: 0ms
03-20 00:39:54.412  2160  2160 D SystemServerTiming: OnBootPhase_550_com.android.server.wm.ActivityTaskManagerService$Lifecycle
03-20 00:39:54.412  2160  2160 V SystemServerTiming: OnBootPhase_550_com.android.server.wm.ActivityTaskManagerService$Lifecycle took to complete: 0ms
03-20 00:39:54.412  2160  2160 D SystemServerTiming: OnBootPhase_550_com.android.server.am.ActivityManagerService$Lifecycle
03-20 00:39:54.413  2160  2160 V SystemServerTiming: OnBootPhase_550_com.android.server.am.ActivityManagerService$Lifecycle took to complete: 0ms
03-20 00:39:54.413  2160  2160 D SystemServerTiming: OnBootPhase_550_com.android.server.pm.DataLoaderManagerService
03-20 00:39:54.413  2160  2160 V SystemServerTiming: OnBootPhase_550_com.android.server.pm.DataLoaderManagerService took to complete: 0ms
03-20 00:39:54.413  2160  2160 D SystemServerTiming: OnBootPhase_550_com.android.server.power.PowerManagerService
03-20 00:39:54.413  2160  2160 V SystemServerTiming: OnBootPhase_550_com.android.server.power.PowerManagerService took to complete: 0ms
03-20 00:39:54.413  2160  2160 D SystemServerTiming: OnBootPhase_550_com.android.server.power.ThermalManagerService
03-20 00:39:54.414  2160  2160 I ThermalHalWrapper: Thermal HAL 2.0 service connected.
03-20 00:39:54.420  2160  2160 V SystemServerTiming: OnBootPhase_550_com.android.server.power.ThermalManagerService took to complete: 8ms
03-20 00:39:54.420  2160  2160 D SystemServerTiming: OnBootPhase_550_com.android.server.power.hint.HintManagerService
03-20 00:39:54.421  2160  2160 V SystemServerTiming: OnBootPhase_550_com.android.server.power.hint.HintManagerService took to complete: 0ms
03-20 00:39:54.421  2160  2160 D SystemServerTiming: OnBootPhase_550_com.android.server.recoverysystem.RecoverySystemService$Lifecycle
03-20 00:39:54.421  2160  2160 V SystemServerTiming: OnBootPhase_550_com.android.server.recoverysystem.RecoverySystemService$Lifecycle took to complete: 0ms
03-20 00:39:54.421  2160  2160 D SystemServerTiming: OnBootPhase_550_com.android.server.lights.LightsService
03-20 00:39:54.421  2160  2160 V SystemServerTiming: OnBootPhase_550_com.android.server.lights.LightsService took to complete: 0ms
03-20 00:39:54.421  2160  2160 D SystemServerTiming: OnBootPhase_550_com.android.server.display.DisplayManagerService
03-20 00:39:54.421  2160  2160 V SystemServerTiming: OnBootPhase_550_com.android.server.display.DisplayManagerService took to complete: 0ms
03-20 00:39:54.421  2160  2160 D SystemServerTiming: OnBootPhase_550_com.android.server.pm.verify.domain.DomainVerificationService
03-20 00:39:54.421  2160  2160 V SystemServerTiming: OnBootPhase_550_com.android.server.pm.verify.domain.DomainVerificationService took to complete: 0ms
03-20 00:39:54.421  2160  2160 D SystemServerTiming: OnBootPhase_550_com.android.server.pm.PackageInstallerService$Lifecycle
03-20 00:39:54.421  2160  2160 V SystemServerTiming: OnBootPhase_550_com.android.server.pm.PackageInstallerService$Lifecycle took to complete: 0ms
03-20 00:39:54.421  2160  2160 D SystemServerTiming: OnBootPhase_550_com.android.server.pm.UserManagerService$LifeCycle
03-20 00:39:54.421  2160  2160 V SystemServerTiming: OnBootPhase_550_com.android.server.pm.UserManagerService$LifeCycle took to complete: 0ms
03-20 00:39:54.421  2160  2160 D SystemServerTiming: OnBootPhase_550_com.android.server.om.OverlayManagerService
03-20 00:39:54.421  2160  2160 V SystemServerTiming: OnBootPhase_550_com.android.server.om.OverlayManagerService took to complete: 0ms
03-20 00:39:54.421  2160  2160 D SystemServerTiming: OnBootPhase_550_com.android.server.resources.ResourcesManagerService
03-20 00:39:54.421  2160  2160 V SystemServerTiming: OnBootPhase_550_com.android.server.resources.ResourcesManagerService took to complete: 0ms
03-20 00:39:54.421  2160  2160 D SystemServerTiming: OnBootPhase_550_com.android.server.sensorprivacy.SensorPrivacyService
03-20 00:39:54.422  2160  2160 V SystemServerTiming: OnBootPhase_550_com.android.server.sensorprivacy.SensorPrivacyService took to complete: 0ms
03-20 00:39:54.422  2160  2160 D SystemServerTiming: OnBootPhase_550_com.android.server.sensors.SensorService
03-20 00:39:54.422  2160  2160 V SystemServerTiming: OnBootPhase_550_com.android.server.sensors.SensorService took to complete: 0ms
03-20 00:39:54.422  2160  2160 D SystemServerTiming: OnBootPhase_550_com.android.server.SystemConfigService
03-20 00:39:54.422  2160  2160 V SystemServerTiming: OnBootPhase_550_com.android.server.SystemConfigService took to complete: 0ms
03-20 00:39:54.422  2160  2160 D SystemServerTiming: OnBootPhase_550_com.android.server.BatteryService
03-20 00:39:54.422  2160  2160 V SystemServerTiming: OnBootPhase_550_com.android.server.BatteryService took to complete: 0ms
03-20 00:39:54.422  2160  2160 D SystemServerTiming: OnBootPhase_550_com.android.server.usage.UsageStatsService
03-20 00:39:54.422  2160  2160 V SystemServerTiming: OnBootPhase_550_com.android.server.usage.UsageStatsService took to complete: 0ms
03-20 00:39:54.422  2160  2160 D SystemServerTiming: OnBootPhase_550_com.android.server.webkit.WebViewUpdateService
03-20 00:39:54.422  2160  2160 V SystemServerTiming: OnBootPhase_550_com.android.server.webkit.WebViewUpdateService took to complete: 0ms
03-20 00:39:54.422  2160  2160 D SystemServerTiming: OnBootPhase_550_com.android.server.CachedDeviceStateService
03-20 00:39:54.422  2160  2160 V SystemServerTiming: OnBootPhase_550_com.android.server.CachedDeviceStateService took to complete: 0ms
03-20 00:39:54.422  2160  2160 D SystemServerTiming: OnBootPhase_550_com.android.server.BinderCallsStatsService$LifeCycle
03-20 00:39:54.422  2160  2160 V SystemServerTiming: OnBootPhase_550_com.android.server.BinderCallsStatsService$LifeCycle took to complete: 0ms
03-20 00:39:54.422  2160  2160 D SystemServerTiming: OnBootPhase_550_com.android.server.LooperStatsService$Lifecycle
03-20 00:39:54.423  2160  2160 V SystemServerTiming: OnBootPhase_550_com.android.server.LooperStatsService$Lifecycle took to complete: 0ms
03-20 00:39:54.423  2160  2160 D SystemServerTiming: OnBootPhase_550_com.android.server.rollback.RollbackManagerService
03-20 00:39:54.423  2160  2160 V SystemServerTiming: OnBootPhase_550_com.android.server.rollback.RollbackManagerService took to complete: 0ms
03-20 00:39:54.423  2160  2160 D SystemServerTiming: OnBootPhase_550_com.android.server.os.NativeTombstoneManagerService
03-20 00:39:54.423  2160  2160 V SystemServerTiming: OnBootPhase_550_com.android.server.os.NativeTombstoneManagerService took to complete: 0ms
03-20 00:39:54.423  2160  2160 D SystemServerTiming: OnBootPhase_550_com.android.server.os.BugreportManagerService
03-20 00:39:54.423  2160  2160 V SystemServerTiming: OnBootPhase_550_com.android.server.os.BugreportManagerService took to complete: 0ms
03-20 00:39:54.423  2160  2160 D SystemServerTiming: OnBootPhase_550_com.android.server.gpu.GpuService
03-20 00:39:54.423  2160  2160 V SystemServerTiming: OnBootPhase_550_com.android.server.gpu.GpuService took to complete: 0ms
03-20 00:39:54.423  2160  2160 D SystemServerTiming: OnBootPhase_550_com.android.server.security.KeyChainSystemService
03-20 00:39:54.423  2160  2160 V SystemServerTiming: OnBootPhase_550_com.android.server.security.KeyChainSystemService took to complete: 0ms
03-20 00:39:54.423  2160  2160 D SystemServerTiming: OnBootPhase_550_com.android.server.BinaryTransparencyService
03-20 00:39:54.423  2160  2160 V SystemServerTiming: OnBootPhase_550_com.android.server.BinaryTransparencyService took to complete: 0ms
03-20 00:39:54.423  2160  2160 D SystemServerTiming: OnBootPhase_550_com.android.server.telecom.TelecomLoaderService
03-20 00:39:54.424  2160  2160 W ActivityManager: Too early to start/bind service in system_server: Phase=550 ComponentInfo{com.android.server.telecom/com.android.server.telecom.components.TelecomService}
03-20 00:39:54.424  2160  2160 D CompatibilityChangeReporter: Compat change id reported: 168419799; UID 1000; state: DISABLED
03-20 00:39:54.424  2160  2160 D CompatibilityChangeReporter: Compat change id reported: 273564678; UID 1000; state: DISABLED
03-20 00:39:54.425  2160  2160 W ActivityManager: Too early to start/bind service in system_server: Phase=550 ComponentInfo{com.android.server.telecom/com.android.server.telecom.components.TelecomService}
03-20 00:39:54.425  2160  2160 D OomAdjuster: Not killing cached processes
03-20 00:39:54.425  2160  2160 V SystemServerTiming: OnBootPhase_550_com.android.server.telecom.TelecomLoaderService took to complete: 1ms
03-20 00:39:54.425  2160  2160 D SystemServerTiming: OnBootPhase_550_com.android.server.accounts.AccountManagerService$Lifecycle
03-20 00:39:54.425  2160  2160 V SystemServerTiming: OnBootPhase_550_com.android.server.accounts.AccountManagerService$Lifecycle took to complete: 0ms
03-20 00:39:54.425  2160  2160 D SystemServerTiming: OnBootPhase_550_com.android.server.content.ContentService$Lifecycle
03-20 00:39:54.425  2160  2160 V SystemServerTiming: OnBootPhase_550_com.android.server.content.ContentService$Lifecycle took to complete: 0ms
03-20 00:39:54.425  2160  2160 D SystemServerTiming: OnBootPhase_550_com.android.server.DropBoxManagerService
03-20 00:39:54.425  2160  2160 V SystemServerTiming: OnBootPhase_550_com.android.server.DropBoxManagerService took to complete: 0ms
03-20 00:39:54.425  2160  2160 D SystemServerTiming: OnBootPhase_550_com.android.role.RoleService
03-20 00:39:54.426  2160  2160 V SystemServerTiming: OnBootPhase_550_com.android.role.RoleService took to complete: 0ms
03-20 00:39:54.426  2160  2160 D SystemServerTiming: OnBootPhase_550_com.android.server.vibrator.VibratorManagerService$Lifecycle
03-20 00:39:54.426  2160  2160 V SystemServerTiming: OnBootPhase_550_com.android.server.vibrator.VibratorManagerService$Lifecycle took to complete: 0ms
03-20 00:39:54.426  2160  2160 D SystemServerTiming: OnBootPhase_550_com.android.server.tare.InternalResourceService
03-20 00:39:54.426  2160  2160 V SystemServerTiming: OnBootPhase_550_com.android.server.tare.InternalResourceService took to complete: 0ms
03-20 00:39:54.426  2160  2160 D SystemServerTiming: OnBootPhase_550_com.android.server.alarm.AlarmManagerService
03-20 00:39:54.426  2160  2160 V SystemServerTiming: OnBootPhase_550_com.android.server.alarm.AlarmManagerService took to complete: 0ms
03-20 00:39:54.426  2160  2160 D SystemServerTiming: OnBootPhase_550_com.android.server.devicestate.DeviceStateManagerService
03-20 00:39:54.426  2160  2160 V SystemServerTiming: OnBootPhase_550_com.android.server.devicestate.DeviceStateManagerService took to complete: 0ms
03-20 00:39:54.426  2160  2160 D SystemServerTiming: OnBootPhase_550_com.android.server.camera.CameraServiceProxy
03-20 00:39:54.426  2160  2160 V SystemServerTiming: OnBootPhase_550_com.android.server.camera.CameraServiceProxy took to complete: 0ms
03-20 00:39:54.426  2160  2160 D SystemServerTiming: OnBootPhase_550_com.android.server.bluetooth.BluetoothService
03-20 00:39:54.426  2160  2160 V SystemServerTiming: OnBootPhase_550_com.android.server.bluetooth.BluetoothService took to complete: 0ms
03-20 00:39:54.426  2160  2160 D SystemServerTiming: OnBootPhase_550_com.android.server.connectivity.IpConnectivityMetrics
03-20 00:39:54.426  2160  2160 V SystemServerTiming: OnBootPhase_550_com.android.server.connectivity.IpConnectivityMetrics took to complete: 0ms
03-20 00:39:54.426  2160  2160 D SystemServerTiming: OnBootPhase_550_com.android.server.net.watchlist.NetworkWatchlistService$Lifecycle
03-20 00:39:54.427  2160  2160 V SystemServerTiming: OnBootPhase_550_com.android.server.net.watchlist.NetworkWatchlistService$Lifecycle took to complete: 0ms
03-20 00:39:54.427  2160  2160 D SystemServerTiming: OnBootPhase_550_com.android.server.PinnerService
03-20 00:39:54.427  2160  2160 V SystemServerTiming: OnBootPhase_550_com.android.server.PinnerService took to complete: 0ms
03-20 00:39:54.427  2160  2160 D SystemServerTiming: OnBootPhase_550_com.android.server.ActivityTriggerService
03-20 00:39:54.427  2160  2160 V SystemServerTiming: OnBootPhase_550_com.android.server.ActivityTriggerService took to complete: 0ms
03-20 00:39:54.427  2160  2160 D SystemServerTiming: OnBootPhase_550_com.android.server.integrity.AppIntegrityManagerService
03-20 00:39:54.427  2160  2160 V SystemServerTiming: OnBootPhase_550_com.android.server.integrity.AppIntegrityManagerService took to complete: 0ms
03-20 00:39:54.427  2160  2160 D SystemServerTiming: OnBootPhase_550_com.android.server.logcat.LogcatManagerService
03-20 00:39:54.427  2160  2160 V SystemServerTiming: OnBootPhase_550_com.android.server.logcat.LogcatManagerService took to complete: 0ms
03-20 00:39:54.427  2160  2160 D SystemServerTiming: OnBootPhase_550_com.android.server.inputmethod.InputMethodManagerService$Lifecycle
03-20 00:39:54.428  2160  3072 D SystemServerTimingAsync: InitThreadPoolExec:Lazily initialize IMMS#mImeDrawsImeNavBarRes
03-20 00:39:54.428  2160  3072 D SystemServerInitThreadPool: Started executing Lazily initialize IMMS#mImeDrawsImeNavBarRes
03-20 00:39:54.438  2160  2160 V SystemServerTiming: OnBootPhase_550_com.android.server.inputmethod.InputMethodManagerService$Lifecycle took to complete: 10ms
03-20 00:39:54.438  2160  2160 D SystemServerTiming: OnBootPhase_550_com.android.server.accessibility.AccessibilityManagerService$Lifecycle
03-20 00:39:54.438  2160  2160 V SystemServerTiming: OnBootPhase_550_com.android.server.accessibility.AccessibilityManagerService$Lifecycle took to complete: 0ms
03-20 00:39:54.438  2160  2160 D SystemServerTiming: OnBootPhase_550_com.android.server.StorageManagerService$Lifecycle
03-20 00:39:54.438  2160  2160 V SystemServerTiming: OnBootPhase_550_com.android.server.StorageManagerService$Lifecycle took to complete: 0ms
03-20 00:39:54.438  2160  2160 D SystemServerTiming: OnBootPhase_550_com.android.server.usage.StorageStatsService$Lifecycle
03-20 00:39:54.438  2160  2160 V SystemServerTiming: OnBootPhase_550_com.android.server.usage.StorageStatsService$Lifecycle took to complete: 0ms
03-20 00:39:54.438  2160  2160 D SystemServerTiming: OnBootPhase_550_com.android.server.UiModeManagerService
03-20 00:39:54.438  2160  2160 V SystemServerTiming: OnBootPhase_550_com.android.server.UiModeManagerService took to complete: 0ms
03-20 00:39:54.438  2160  2160 D SystemServerTiming: OnBootPhase_550_com.android.server.locales.LocaleManagerService
03-20 00:39:54.438  2160  2160 V SystemServerTiming: OnBootPhase_550_com.android.server.locales.LocaleManagerService took to complete: 0ms
03-20 00:39:54.438  2160  2160 D SystemServerTiming: OnBootPhase_550_com.android.server.locksettings.LockSettingsService$Lifecycle
03-20 00:39:54.440  2160  3072 D SystemServerInitThreadPool: Finished executing Lazily initialize IMMS#mImeDrawsImeNavBarRes
03-20 00:39:54.440  2160  3072 V SystemServerTimingAsync: InitThreadPoolExec:Lazily initialize IMMS#mImeDrawsImeNavBarRes took to complete: 12ms
03-20 00:39:54.442  2160  2160 I LockSettingsService: Migrated migrated_frp.
03-20 00:39:54.442  2160  2160 I RebootEscrowManager: No reboot escrow data found for users, skipping loading escrow data
03-20 00:39:54.445  2160  2160 V SystemServerTiming: OnBootPhase_550_com.android.server.locksettings.LockSettingsService$Lifecycle took to complete: 7ms
03-20 00:39:54.445  2160  2160 D SystemServerTiming: OnBootPhase_550_com.android.server.PersistentDataBlockService
03-20 00:39:54.445  2160  2160 V SystemServerTiming: OnBootPhase_550_com.android.server.PersistentDataBlockService took to complete: 0ms
03-20 00:39:54.445  2160  2160 D SystemServerTiming: OnBootPhase_550_com.android.server.testharness.TestHarnessModeService
03-20 00:39:54.446  2160  2160 V SystemServerTiming: OnBootPhase_550_com.android.server.testharness.TestHarnessModeService took to complete: 0ms
03-20 00:39:54.446  2160  2160 D SystemServerTiming: OnBootPhase_550_com.android.server.oemlock.OemLockService
03-20 00:39:54.446  2160  2160 V SystemServerTiming: OnBootPhase_550_com.android.server.oemlock.OemLockService took to complete: 0ms
03-20 00:39:54.446  2160  2160 D SystemServerTiming: OnBootPhase_550_com.android.server.DeviceIdleController
03-20 00:39:54.446  2160  2160 V SystemServerTiming: OnBootPhase_550_com.android.server.DeviceIdleController took to complete: 0ms
03-20 00:39:54.446  2160  2160 D SystemServerTiming: OnBootPhase_550_com.android.server.devicepolicy.DevicePolicyManagerService$Lifecycle
03-20 00:39:54.446  2160  2160 V SystemServerTiming: OnBootPhase_550_com.android.server.devicepolicy.DevicePolicyManagerService$Lifecycle took to complete: 0ms
03-20 00:39:54.446  2160  2160 D SystemServerTiming: OnBootPhase_550_com.android.server.texttospeech.TextToSpeechManagerService
03-20 00:39:54.446  2160  2160 V SystemServerTiming: OnBootPhase_550_com.android.server.texttospeech.TextToSpeechManagerService took to complete: 0ms
03-20 00:39:54.446  2160  2160 D SystemServerTiming: OnBootPhase_550_com.android.server.ambientcontext.AmbientContextManagerService
03-20 00:39:54.446  2160  2160 V SystemServerTiming: OnBootPhase_550_com.android.server.ambientcontext.AmbientContextManagerService took to complete: 0ms
03-20 00:39:54.446  2160  2160 D SystemServerTiming: OnBootPhase_550_com.android.server.speech.SpeechRecognitionManagerService
03-20 00:39:54.446  2160  2160 V SystemServerTiming: OnBootPhase_550_com.android.server.speech.SpeechRecognitionManagerService took to complete: 0ms
03-20 00:39:54.446  2160  2160 D SystemServerTiming: OnBootPhase_550_com.android.server.searchui.SearchUiManagerService
03-20 00:39:54.446  2160  2160 V SystemServerTiming: OnBootPhase_550_com.android.server.searchui.SearchUiManagerService took to complete: 0ms
03-20 00:39:54.446  2160  2160 D SystemServerTiming: OnBootPhase_550_com.android.server.smartspace.SmartspaceManagerService
03-20 00:39:54.446  2160  2160 V SystemServerTiming: OnBootPhase_550_com.android.server.smartspace.SmartspaceManagerService took to complete: 0ms
03-20 00:39:54.446  2160  2160 D SystemServerTiming: OnBootPhase_550_com.android.server.graphics.fonts.FontManagerService$Lifecycle
03-20 00:39:54.446  2160  2160 V SystemServerTiming: OnBootPhase_550_com.android.server.graphics.fonts.FontManagerService$Lifecycle took to complete: 0ms
03-20 00:39:54.446  2160  2160 D SystemServerTiming: OnBootPhase_550_com.android.server.textservices.TextServicesManagerService$Lifecycle
03-20 00:39:54.446  2160  2160 V SystemServerTiming: OnBootPhase_550_com.android.server.textservices.TextServicesManagerService$Lifecycle took to complete: 0ms
03-20 00:39:54.446  2160  2160 D SystemServerTiming: OnBootPhase_550_com.android.server.textclassifier.TextClassificationManagerService$Lifecycle
03-20 00:39:54.447  2160  2160 V SystemServerTiming: OnBootPhase_550_com.android.server.textclassifier.TextClassificationManagerService$Lifecycle took to complete: 0ms
03-20 00:39:54.447  2160  2160 D SystemServerTiming: OnBootPhase_550_com.android.server.NetworkScoreService$Lifecycle
03-20 00:39:54.447  2160  2160 V SystemServerTiming: OnBootPhase_550_com.android.server.NetworkScoreService$Lifecycle took to complete: 0ms
03-20 00:39:54.447  2160  2160 D SystemServerTiming: OnBootPhase_550_com.android.server.NetworkStatsServiceInitializer
03-20 00:39:54.455  2160  2160 V SystemServerTiming: OnBootPhase_550_com.android.server.NetworkStatsServiceInitializer took to complete: 8ms
03-20 00:39:54.455  2160  2160 D SystemServerTiming: OnBootPhase_550_com.android.server.wifi.WifiService
03-20 00:39:54.455  2160  2160 V SystemServerTiming: OnBootPhase_550_com.android.server.wifi.WifiService took to complete: 0ms
03-20 00:39:54.455  2160  2160 D SystemServerTiming: OnBootPhase_550_com.android.server.wifi.scanner.WifiScanningService
03-20 00:39:54.455  2160  2160 V SystemServerTiming: OnBootPhase_550_com.android.server.wifi.scanner.WifiScanningService took to complete: 0ms
03-20 00:39:54.455  2160  2160 D SystemServerTiming: OnBootPhase_550_com.android.server.wifi.rtt.RttService
03-20 00:39:54.455  2160  2160 V SystemServerTiming: OnBootPhase_550_com.android.server.wifi.rtt.RttService took to complete: 0ms
03-20 00:39:54.455  2160  2160 D SystemServerTiming: OnBootPhase_550_com.android.server.wifi.aware.WifiAwareService
03-20 00:39:54.455  2160  2160 V SystemServerTiming: OnBootPhase_550_com.android.server.wifi.aware.WifiAwareService took to complete: 0ms
03-20 00:39:54.455  2160  2160 D SystemServerTiming: OnBootPhase_550_com.android.server.wifi.p2p.WifiP2pService
03-20 00:39:54.455  2160  2160 V SystemServerTiming: OnBootPhase_550_com.android.server.wifi.p2p.WifiP2pService took to complete: 0ms
03-20 00:39:54.456  2160  2160 D SystemServerTiming: OnBootPhase_550_com.android.server.ConnectivityServiceInitializer
03-20 00:39:54.456  2160  2160 V SystemServerTiming: OnBootPhase_550_com.android.server.ConnectivityServiceInitializer took to complete: 0ms
03-20 00:39:54.456  2160  2160 D SystemServerTiming: OnBootPhase_550_com.android.server.notification.NotificationManagerService
03-20 00:39:54.456  2160  2160 V SystemServerTiming: OnBootPhase_550_com.android.server.notification.NotificationManagerService took to complete: 0ms
03-20 00:39:54.456  2160  2160 D SystemServerTiming: OnBootPhase_550_com.android.server.storage.DeviceStorageMonitorService
03-20 00:39:54.456  2160  2160 V SystemServerTiming: OnBootPhase_550_com.android.server.storage.DeviceStorageMonitorService took to complete: 0ms
03-20 00:39:54.456  2160  2160 D SystemServerTiming: OnBootPhase_550_com.android.server.location.LocationManagerService$Lifecycle
03-20 00:39:54.456  2160  2160 V SystemServerTiming: OnBootPhase_550_com.android.server.location.LocationManagerService$Lifecycle took to complete: 0ms
03-20 00:39:54.456  2160  2160 D SystemServerTiming: OnBootPhase_550_com.android.server.timedetector.TimeDetectorService$Lifecycle
03-20 00:39:54.456  2160  2160 V SystemServerTiming: OnBootPhase_550_com.android.server.timedetector.TimeDetectorService$Lifecycle took to complete: 0ms
03-20 00:39:54.456  2160  2160 D SystemServerTiming: OnBootPhase_550_com.android.server.timezonedetector.TimeZoneDetectorService$Lifecycle
03-20 00:39:54.456  2160  2160 V SystemServerTiming: OnBootPhase_550_com.android.server.timezonedetector.TimeZoneDetectorService$Lifecycle took to complete: 0ms
03-20 00:39:54.456  2160  2160 D SystemServerTiming: OnBootPhase_550_com.android.server.timezonedetector.location.LocationTimeZoneManagerService$Lifecycle
03-20 00:39:54.456  2160  2160 V SystemServerTiming: OnBootPhase_550_com.android.server.timezonedetector.location.LocationTimeZoneManagerService$Lifecycle took to complete: 0ms
03-20 00:39:54.456  2160  2160 D SystemServerTiming: OnBootPhase_550_com.android.server.search.SearchManagerService$Lifecycle
03-20 00:39:54.456  2160  2160 V SystemServerTiming: OnBootPhase_550_com.android.server.search.SearchManagerService$Lifecycle took to complete: 0ms
03-20 00:39:54.456  2160  2160 D SystemServerTiming: OnBootPhase_550_com.android.server.wallpaper.WallpaperManagerService$Lifecycle
03-20 00:39:54.457  2160  2160 I WallpaperManagerService: No static wallpaper imagery; defaults will be shown
03-20 00:39:54.457  2160  2160 V WallpaperManagerService: bindWallpaperComponentLocked: componentName=ComponentInfo{com.android.systemui/com.android.systemui.wallpapers.ImageWallpaper}
03-20 00:39:54.457  2160  2160 D WallpaperManagerService: WPMS.bindWallpaperComponentLocked-ComponentInfo{com.android.systemui/com.android.systemui.wallpapers.ImageWallpaper}
03-20 00:39:54.458  2160  2160 D CompatibilityChangeReporter: Compat change id reported: 135634846; UID 10108; state: DISABLED
03-20 00:39:54.458  2160  2160 D CompatibilityChangeReporter: Compat change id reported: 177438394; UID 10108; state: DISABLED
03-20 00:39:54.458  2160  2160 D CompatibilityChangeReporter: Compat change id reported: 135772972; UID 10108; state: DISABLED
03-20 00:39:54.458  2160  2160 D CompatibilityChangeReporter: Compat change id reported: 135754954; UID 10108; state: ENABLED
03-20 00:39:54.459  2160  2160 V WallpaperManagerService: WPMS.bindWallpaperComponentLocked-ComponentInfo{com.android.systemui/com.android.systemui.wallpapers.ImageWallpaper} took to complete: 2ms
03-20 00:39:54.459  2160  2614 D CompatibilityChangeReporter: Compat change id reported: 143937733; UID 10108; state: ENABLED
03-20 00:39:54.459  2160  2160 W WallpaperManagerService: no current wallpaper -- first boot?
03-20 00:39:54.459  2160  2614 W ActivityManager: com.android.systemui inode == 0 (b/152760674)
03-20 00:39:54.459  2160  2160 V SystemServerTiming: OnBootPhase_550_com.android.server.wallpaper.WallpaperManagerService$Lifecycle took to complete: 2ms
03-20 00:39:54.459  2160  2160 D SystemServerTiming: OnBootPhase_550_com.android.server.wallpapereffectsgeneration.WallpaperEffectsGenerationManagerService
03-20 00:39:54.459  2160  2160 V SystemServerTiming: OnBootPhase_550_com.android.server.wallpapereffectsgeneration.WallpaperEffectsGenerationManagerService took to complete: 0ms
03-20 00:39:54.459  2160  2160 D SystemServerTiming: OnBootPhase_550_com.android.server.audio.AudioService$Lifecycle
03-20 00:39:54.459  2160  2160 V SystemServerTiming: OnBootPhase_550_com.android.server.audio.AudioService$Lifecycle took to complete: 0ms
03-20 00:39:54.459  2160  2160 D SystemServerTiming: OnBootPhase_550_com.android.server.soundtrigger_middleware.SoundTriggerMiddlewareService$Lifecycle
03-20 00:39:54.459  2160  2160 V SystemServerTiming: OnBootPhase_550_com.android.server.soundtrigger_middleware.SoundTriggerMiddlewareService$Lifecycle took to complete: 0ms
03-20 00:39:54.459  2160  2160 D SystemServerTiming: OnBootPhase_550_com.android.server.DockObserver
03-20 00:39:54.460  2160  2160 V SystemServerTiming: OnBootPhase_550_com.android.server.DockObserver took to complete: 0ms
03-20 00:39:54.460  2160  2160 D SystemServerTiming: OnBootPhase_550_com.android.server.midi.MidiService$Lifecycle
03-20 00:39:54.460  2160  2160 V SystemServerTiming: OnBootPhase_550_com.android.server.midi.MidiService$Lifecycle took to complete: 0ms
03-20 00:39:54.460  2160  2160 D SystemServerTiming: OnBootPhase_550_com.android.server.adb.AdbService$Lifecycle
03-20 00:39:54.460  2160  2160 V SystemServerTiming: OnBootPhase_550_com.android.server.adb.AdbService$Lifecycle took to complete: 0ms
03-20 00:39:54.460  2160  2160 D SystemServerTiming: OnBootPhase_550_com.android.server.usb.UsbService$Lifecycle
03-20 00:39:54.460  2160  2160 V SystemServerTiming: OnBootPhase_550_com.android.server.usb.UsbService$Lifecycle took to complete: 0ms
03-20 00:39:54.461  2160  2160 D SystemServerTiming: OnBootPhase_550_com.android.server.twilight.TwilightService
03-20 00:39:54.461  2160  3118 D SystemServerTimingAsync: InitThreadPoolExec:UsbService$Lifecycle#onBootPhase
03-20 00:39:54.461  2160  3118 D SystemServerInitThreadPool: Started executing UsbService$Lifecycle#onBootPhase
03-20 00:39:54.461  2160  2160 V SystemServerTiming: OnBootPhase_550_com.android.server.twilight.TwilightService took to complete: 0ms
03-20 00:39:54.461  2160  2160 D SystemServerTiming: OnBootPhase_550_com.android.server.display.color.ColorDisplayService
03-20 00:39:54.461  2160  2160 V SystemServerTiming: OnBootPhase_550_com.android.server.display.color.ColorDisplayService took to complete: 0ms
03-20 00:39:54.461  2160  2160 D SystemServerTiming: OnBootPhase_550_com.android.server.job.JobSchedulerService
03-20 00:39:54.461  2160  2160 V SystemServerTiming: OnBootPhase_550_com.android.server.job.JobSchedulerService took to complete: 0ms
03-20 00:39:54.461  2160  2160 D SystemServerTiming: OnBootPhase_550_com.android.server.soundtrigger.SoundTriggerService
03-20 00:39:54.461  2160  2160 D SoundTriggerService: onBootPhase: 550 : false
03-20 00:39:54.461  2160  2160 V SystemServerTiming: OnBootPhase_550_com.android.server.soundtrigger.SoundTriggerService took to complete: 1ms
03-20 00:39:54.461  2160  2160 D SystemServerTiming: OnBootPhase_550_com.android.server.trust.TrustManagerService
03-20 00:39:54.461  2160  2160 V SystemServerTiming: OnBootPhase_550_com.android.server.trust.TrustManagerService took to complete: 0ms
03-20 00:39:54.461  2160  2160 D SystemServerTiming: OnBootPhase_550_com.android.server.backup.BackupManagerService$Lifecycle
03-20 00:39:54.461  2160  2160 V SystemServerTiming: OnBootPhase_550_com.android.server.backup.BackupManagerService$Lifecycle took to complete: 0ms
03-20 00:39:54.461  2160  2160 D SystemServerTiming: OnBootPhase_550_com.android.server.appwidget.AppWidgetService
03-20 00:39:54.461  2160  2160 V SystemServerTiming: OnBootPhase_550_com.android.server.appwidget.AppWidgetService took to complete: 0ms
03-20 00:39:54.461  2160  2160 D SystemServerTiming: OnBootPhase_550_com.android.server.voiceinteraction.VoiceInteractionManagerService
03-20 00:39:54.462  2160  2160 V SystemServerTiming: OnBootPhase_550_com.android.server.voiceinteraction.VoiceInteractionManagerService took to complete: 0ms
03-20 00:39:54.462  2160  3118 D SystemServerInitThreadPool: Finished executing UsbService$Lifecycle#onBootPhase
03-20 00:39:54.462  2160  3118 V SystemServerTimingAsync: InitThreadPoolExec:UsbService$Lifecycle#onBootPhase took to complete: 1ms
03-20 00:39:54.462  2160  2160 D SystemServerTiming: OnBootPhase_550_com.android.server.apphibernation.AppHibernationService
03-20 00:39:54.462  2160  2160 V SystemServerTiming: OnBootPhase_550_com.android.server.apphibernation.AppHibernationService took to complete: 0ms
03-20 00:39:54.462  2160  2160 D SystemServerTiming: OnBootPhase_550_com.android.server.GestureLauncherService
03-20 00:39:54.462  2160  2160 V SystemServerTiming: OnBootPhase_550_com.android.server.GestureLauncherService took to complete: 0ms
03-20 00:39:54.462  2160  2160 D SystemServerTiming: OnBootPhase_550_com.android.server.SensorNotificationService
03-20 00:39:54.462  2160  2160 V SystemServerTiming: OnBootPhase_550_com.android.server.SensorNotificationService took to complete: 0ms
03-20 00:39:54.462  2160  2160 D SystemServerTiming: OnBootPhase_550_com.android.server.emergency.EmergencyAffordanceService
03-20 00:39:54.462  2160  2160 V SystemServerTiming: OnBootPhase_550_com.android.server.emergency.EmergencyAffordanceService took to complete: 0ms
03-20 00:39:54.462  2160  2160 D SystemServerTiming: OnBootPhase_550_com.android.server.blob.BlobStoreManagerService
03-20 00:39:54.462  2160  2160 V SystemServerTiming: OnBootPhase_550_com.android.server.blob.BlobStoreManagerService took to complete: 0ms
03-20 00:39:54.462  2160  2160 D SystemServerTiming: OnBootPhase_550_com.android.server.dreams.DreamManagerService
03-20 00:39:54.462  2160  2160 V SystemServerTiming: OnBootPhase_550_com.android.server.dreams.DreamManagerService took to complete: 0ms
03-20 00:39:54.462  2160  2160 D SystemServerTiming: OnBootPhase_550_com.android.server.print.PrintManagerService
03-20 00:39:54.462  2160  2160 V SystemServerTiming: OnBootPhase_550_com.android.server.print.PrintManagerService took to complete: 0ms
03-20 00:39:54.462  2160  2160 D SystemServerTiming: OnBootPhase_550_com.android.server.security.AttestationVerificationManagerService
03-20 00:39:54.462  2160  2160 V SystemServerTiming: OnBootPhase_550_com.android.server.security.AttestationVerificationManagerService took to complete: 0ms
03-20 00:39:54.462  2160  2160 D SystemServerTiming: OnBootPhase_550_com.android.server.companion.CompanionDeviceManagerService
03-20 00:39:54.462  2160  2160 V SystemServerTiming: OnBootPhase_550_com.android.server.companion.CompanionDeviceManagerService took to complete: 0ms
03-20 00:39:54.462  2160  2160 D SystemServerTiming: OnBootPhase_550_com.android.server.companion.virtual.VirtualDeviceManagerService
03-20 00:39:54.462  2160  2160 V SystemServerTiming: OnBootPhase_550_com.android.server.companion.virtual.VirtualDeviceManagerService took to complete: 0ms
03-20 00:39:54.462  2160  2160 D SystemServerTiming: OnBootPhase_550_com.android.server.restrictions.RestrictionsManagerService
03-20 00:39:54.462  2160  2160 V SystemServerTiming: OnBootPhase_550_com.android.server.restrictions.RestrictionsManagerService took to complete: 0ms
03-20 00:39:54.462  2160  2160 D SystemServerTiming: OnBootPhase_550_com.android.server.media.MediaSessionService
03-20 00:39:54.462  2160  2160 V SystemServerTiming: OnBootPhase_550_com.android.server.media.MediaSessionService took to complete: 0ms
03-20 00:39:54.462  2160  2160 D SystemServerTiming: OnBootPhase_550_com.android.server.media.MediaResourceMonitorService
03-20 00:39:54.462  2160  2160 V SystemServerTiming: OnBootPhase_550_com.android.server.media.MediaResourceMonitorService took to complete: 0ms
03-20 00:39:54.462  2160  2160 D SystemServerTiming: OnBootPhase_550_com.android.server.biometrics.sensors.fingerprint.FingerprintService
