03-20 02:34:28.906  6111  6111 I wm_on_stop_called: [54479862,com.android.dialer.main.impl.MainActivity,STOP_ACTIVITY_ITEM]
03-20 02:34:29.223  2160  3083 I am_compact: [3964,com.android.settings,anon,191452,127856,62356,2064,-22196,0,-22196,22196,303,2,20189,900,15,3636732,-21760]
03-20 02:34:29.676  2160  3634 I wm_task_moved: [8,1,3]
03-20 02:34:29.677  2160  3634 I wm_task_to_front: [0,8]
03-20 02:34:29.678  2160  3634 I wm_focused_root_task: [0,0,8,1,bringingFoundTaskToFront]
03-20 02:34:29.679  2160  3634 I wm_set_resumed_activity: [0,com.android.settings/.SubSettings,bringingFoundTaskToFront]
03-20 02:34:29.680  2160  3634 I wm_finish_activity: [0,27112118,8,com.android.settings/.SubSettings,clear-task-stack]
03-20 02:34:29.682  2160  3634 I wm_destroy_activity: [0,27112118,8,com.android.settings/.SubSettings,finish-imm:finishIfPossible]
03-20 02:34:29.683  2160  3634 I wm_new_intent: [0,148465717,8,com.android.settings/.Settings,android.intent.action.MAIN,NULL,NULL,270532608]
03-20 02:34:29.687  2160  3634 I wm_pause_activity: [0,89805089,com.android.launcher3/.uioverrides.QuickstepLauncher,userLeaving=true,pauseBackTasks]
03-20 02:34:29.693  2160  2593 I input_focus: [Requesting to set focus to null window,reason=UpdateInputWindows]
03-20 02:34:29.695  4003  4003 I wm_on_top_resumed_lost_called: [89805089,com.android.launcher3.uioverrides.QuickstepLauncher,topStateChangedWhenResumed]
03-20 02:34:29.697  4003  4003 I wm_on_paused_called: [89805089,com.android.launcher3.uioverrides.QuickstepLauncher,performPause]
03-20 02:34:29.702  2160  3634 I wm_set_resumed_activity: [0,com.android.settings/.Settings,resumeTopActivity - onActivityStateChanged]
03-20 02:34:29.703  2160  3634 I wm_add_to_stopping: [0,89805089,com.android.launcher3/.uioverrides.QuickstepLauncher,makeInvisible]
03-20 02:34:29.703  2160  3634 I wm_resume_activity: [0,148465717,8,com.android.settings/.Settings]
03-20 02:34:29.708  2160  2589 I sysui_multi_action: [757,803,799,window_time_0,802,1]
03-20 02:34:29.710  2160  3120 I input_focus: [Focus leaving 4295fe com.android.launcher3/com.android.launcher3.uioverrides.QuickstepLauncher (server),reason=Waiting for window because NOT_FOCUSABLE]
03-20 02:34:29.724  3964  3964 I wm_on_destroy_called: [27112118,com.android.settings.SubSettings,performDestroy]
03-20 02:34:29.732  3964  3964 I wm_on_restart_called: [148465717,com.android.settings.Settings,performRestartActivity]
03-20 02:34:29.740  3964  3964 I wm_on_start_called: [148465717,com.android.settings.Settings,handleStartActivity]
03-20 02:34:29.743  3964  3964 I snet_event_log: [120484087,-1,]
03-20 02:34:29.744  3964  3964 I wm_on_resume_called: [148465717,com.android.settings.Settings,RESUME_ACTIVITY]
03-20 02:34:29.745  3964  3964 I sysui_multi_action: [757,35,758,1,833,0,1089,0]
03-20 02:34:29.752  3964  3964 I wm_on_top_resumed_gained_called: [148465717,com.android.settings.Settings,topWhenResuming]
03-20 02:34:29.757  2160  2593 I input_focus: [Focus request b53e1cd com.android.settings/com.android.settings.Settings,reason=UpdateInputWindows]
03-20 02:34:29.784  2160  5057 I am_uid_active: 10138
03-20 02:34:29.789  2160  2589 I sysui_multi_action: [319,73,321,69,322,124,325,541,757,761,758,9,759,1,806,com.android.settings,871,com.android.settings.Settings,904,com.android.launcher3,905,0,1320,4,1321,23]
03-20 02:34:29.825  2160  3120 I input_focus: [Focus entering b53e1cd com.android.settings/com.android.settings.Settings (server),reason=Window became focusable. Previous reason: NOT_VISIBLE]
03-20 02:34:30.031  2160  3120 I input_interaction: Interaction with: b53e1cd com.android.settings/com.android.settings.Settings (server), PointerEventDispatcher0 (server), 
03-20 02:34:30.279  2160  2593 I wm_wallpaper_surface: [0,0,null]
03-20 02:34:30.286  2160  2592 I wm_stop_activity: [0,89805089,com.android.launcher3/.uioverrides.QuickstepLauncher]
03-20 02:34:30.300  4003  4003 I wm_on_stop_called: [89805089,com.android.launcher3.uioverrides.QuickstepLauncher,STOP_ACTIVITY_ITEM]
03-20 02:34:30.717  3964  3964 I sysui_multi_action: [757,830,758,4,833,0,854,top_level_about_device,1089,0]
03-20 02:34:30.733  2160  5086 I wm_task_moved: [8,1,3]
03-20 02:34:30.733  2160  5086 I wm_create_activity: [0,160429859,8,com.android.settings/.SubSettings,android.intent.action.MAIN,NULL,NULL,0]
03-20 02:34:30.738  2160  5086 I wm_pause_activity: [0,148465717,com.android.settings/.Settings,userLeaving=true,resumeTopActivity]
03-20 02:34:30.746  3964  3964 I wm_on_top_resumed_lost_called: [148465717,com.android.settings.Settings,topStateChangedWhenResumed]
03-20 02:34:30.747  3964  3964 I sysui_multi_action: [757,35,758,2,1089,1002]
03-20 02:34:30.748  3964  3964 I wm_on_paused_called: [148465717,com.android.settings.Settings,performPause]
03-20 02:34:30.749  2160  5080 I wm_add_to_stopping: [0,148465717,com.android.settings/.Settings,makeInvisible]
03-20 02:34:30.749  2160  5080 I wm_restart_activity: [0,160429859,8,com.android.settings/.SubSettings]
03-20 02:34:30.750  2160  5080 I wm_set_resumed_activity: [0,com.android.settings/.SubSettings,minimalResumeActivityLocked - onActivityStateChanged]
03-20 02:34:30.751  2160  2589 I sysui_multi_action: [757,803,799,window_time_0,802,1]
03-20 02:34:30.752  2160  2593 I input_focus: [Requesting to set focus to null window,reason=UpdateInputWindows]
03-20 02:34:30.773  2160  3120 I input_focus: [Focus leaving b53e1cd com.android.settings/com.android.settings.Settings (server),reason=NO_WINDOW]
03-20 02:34:30.781  3964  3964 I wm_on_create_called: [160429859,com.android.settings.SubSettings,performCreate]
03-20 02:34:30.791  3964  3964 I wm_on_start_called: [160429859,com.android.settings.SubSettings,handleStartActivity]
03-20 02:34:30.791  3964  3964 I snet_event_log: [120484087,-1,]
03-20 02:34:30.794  3964  3964 I wm_on_resume_called: [160429859,com.android.settings.SubSettings,RESUME_ACTIVITY]
03-20 02:34:30.794  3964  3964 I sysui_multi_action: [757,40,758,1,833,35,1089,26]
03-20 02:34:30.804  3964  3964 I sysui_multi_action: [757,1729,758,4,854,isParalleledControllers:false,1089,36]
03-20 02:34:30.808  3964  3964 I wm_on_top_resumed_gained_called: [160429859,com.android.settings.SubSettings,topStateChangedWhenResumed]
03-20 02:34:30.819  2160  2593 I input_focus: [Focus request 310375a com.android.settings/com.android.settings.SubSettings,reason=UpdateInputWindows]
03-20 02:34:30.830  2160  2589 I wm_activity_launch_time: [0,160429859,com.android.settings/.SubSettings,110]
03-20 02:34:30.928  2160  3120 I input_focus: [Focus entering 310375a com.android.settings/com.android.settings.SubSettings (server),reason=Window became focusable. Previous reason: NOT_VISIBLE]
03-20 02:34:31.306  2160  2592 I wm_stop_activity: [0,148465717,com.android.settings/.Settings]
03-20 02:34:31.316  2160  3120 I input_interaction: Interaction with: 310375a com.android.settings/com.android.settings.SubSettings (server), PointerEventDispatcher0 (server), 
03-20 02:34:31.322  3964  3964 I wm_on_stop_called: [148465717,com.android.settings.Settings,STOP_ACTIVITY_ITEM]
03-20 02:34:34.773  2160  5086 I sysui_multi_action: [757,1417,758,4,1418,97,1421,2]
03-20 02:34:34.774  2160  5086 I battery_discharge: [6749329,98,97]
03-20 02:34:34.775  2160  5086 I battery_status: [3,2,1,2,Li-ion]
03-20 02:34:34.794  2160  2160 I battery_saving_stats: [0,1,0,13914,0,0,353144,5819,0]
03-20 02:34:34.811  2160  2613 I am_wtf  : [0,2160,system_server,-1,Binder,Outgoing transactions from this process must be FLAG_ONEWAY]
03-20 02:34:34.842   984   984 I auditd  : type=1400 audit(0.0:272): avc: denied { read } for comm="binder:984_3" name="wakeup10" dev="sysfs" ino=102917 scontext=u:r:system_suspend:s0 tcontext=u:object_r:sysfs:s0 tclass=dir permissive=0
03-20 02:34:34.850   984   984 I auditd  : type=1400 audit(0.0:273): avc: denied { read } for comm="binder:984_3" name="wakeup13" dev="sysfs" ino=106572 scontext=u:r:system_suspend:s0 tcontext=u:object_r:sysfs:s0 tclass=dir permissive=0
03-20 02:34:35.009  2160  5057 I battery_status: [2,2,1,2,Li-ion]
03-20 02:34:35.162  2160  2611 I commit_sys_config_file: [batterystats,19]
03-20 02:34:35.166  2160  2611 I commit_sys_config_file: [batterystats,4]
03-20 02:34:35.292  2160  5057 I sysui_multi_action: [757,1417,758,5,1418,97,1419,97,1420,519,1421,2]
03-20 02:34:35.292  2160  5057 I battery_status: [3,2,1,0,Li-ion]
03-20 02:34:35.298  2160  2160 I battery_saving_stats: [0,1,0,503,0,0,115114,5371,0]
03-20 02:34:35.318   984   984 I auditd  : type=1400 audit(0.0:274): avc: denied { read } for comm="binder:984_6" name="wakeup10" dev="sysfs" ino=102917 scontext=u:r:system_suspend:s0 tcontext=u:object_r:sysfs:s0 tclass=dir permissive=0
03-20 02:34:35.322   984   984 I auditd  : type=1400 audit(0.0:275): avc: denied { read } for comm="binder:984_6" name="wakeup13" dev="sysfs" ino=106572 scontext=u:r:system_suspend:s0 tcontext=u:object_r:sysfs:s0 tclass=dir permissive=0
03-20 02:34:35.367  2160  2611 I commit_sys_config_file: [batterystats,23]
03-20 02:34:35.371  2160  2611 I commit_sys_config_file: [batterystats,4]
03-20 02:34:35.370   984   984 I auditd  : type=1400 audit(0.0:276): avc: denied { read } for comm="binder:984_3" name="wakeup10" dev="sysfs" ino=102917 scontext=u:r:system_suspend:s0 tcontext=u:object_r:sysfs:s0 tclass=dir permissive=0
03-20 02:34:35.374   984   984 I auditd  : type=1400 audit(0.0:277): avc: denied { read } for comm="binder:984_3" name="wakeup13" dev="sysfs" ino=106572 scontext=u:r:system_suspend:s0 tcontext=u:object_r:sysfs:s0 tclass=dir permissive=0
03-20 02:34:35.437  2160  2160 I notification_enqueue: [1000,2160,android,32,NULL,-1,Notification(channel=USB shortcut=null contentView=null vibrate=null sound=null tick defaults=0x0 flags=0x802 color=0x00000000 vis=PUBLIC),0]
03-20 02:34:35.438  2160  2160 I notification_enqueue: [1000,2160,android,26,NULL,-1,Notification(channel=DEVELOPER_IMPORTANT shortcut=null contentView=null vibrate=null sound=null tick defaults=0x0 flags=0x802 color=0x00000000 vis=PUBLIC),0]
03-20 02:34:35.558  2160  5080 I sysui_multi_action: [757,1417,758,4,1418,97,1421,2]
03-20 02:34:35.558  2160  5080 I battery_status: [3,2,1,2,Li-ion]
03-20 02:34:35.566  2160  2160 I battery_saving_stats: [0,1,0,268,0,0,353412,5819,0]
03-20 02:34:35.606   984   984 I auditd  : type=1400 audit(0.0:278): avc: denied { read } for comm="binder:984_6" name="wakeup10" dev="sysfs" ino=102917 scontext=u:r:system_suspend:s0 tcontext=u:object_r:sysfs:s0 tclass=dir permissive=0
03-20 02:34:35.614   984   984 I auditd  : type=1400 audit(0.0:279): avc: denied { read } for comm="binder:984_6" name="wakeup13" dev="sysfs" ino=106572 scontext=u:r:system_suspend:s0 tcontext=u:object_r:sysfs:s0 tclass=dir permissive=0
03-20 02:34:35.638  2160  2160 I sysui_multi_action: [757,1501,758,1,793,203,794,0,795,203,796,32,806,android,857,USB,858,1,947,0,1500,0]
03-20 02:34:35.638  2160  2160 I sysui_multi_action: [757,804,799,note_interruptive,801,0,802,1]
03-20 02:34:35.640  2160  2160 I sysui_multi_action: [757,1501,758,1,793,203,794,0,795,203,796,26,806,android,857,DEVELOPER_IMPORTANT,858,4,947,0,1500,0]
03-20 02:34:35.640  2160  2160 I sysui_multi_action: [757,804,799,note_interruptive,801,0,802,1]
03-20 02:34:35.641  2160  2160 I sysui_multi_action: [757,1501,758,1,793,204,794,0,795,204,796,26,806,android,857,DEVELOPER_IMPORTANT,858,4,947,0,1500,0,1688,1]
03-20 02:34:35.641  2160  2160 I sysui_multi_action: [757,804,799,note_interruptive,801,0,802,1]
03-20 02:34:35.641  2160  2160 I sysui_multi_action: [757,199,758,1,759,2,793,204,794,0,795,204,796,26,806,android,857,DEVELOPER_IMPORTANT,858,4,947,0,1500,0,1688,1]
03-20 02:34:35.641  2160  2160 I notification_alert: [-1|android|26|null|1000,0,1,0]
03-20 02:34:35.644  2160  2160 I notification_autogrouped: -1|android|32|null|1000
03-20 02:34:35.644  2160  2160 I notification_autogrouped: -1|android|26|null|1000
03-20 02:34:35.644  2160  3503 I notification_adjusted: [-1|android|26|null|1000,key_group_key,ranker_group]
03-20 02:34:35.645  2160  3503 I notification_adjusted: [-1|android|32|null|1000,key_group_key,ranker_group]
03-20 02:34:35.645  2160  2160 I notification_enqueue: [1000,2160,android,2147483647,ranker_group,-1,Notification(channel=USB shortcut=null contentView=null vibrate=null sound=null defaults=0x0 flags=0x702 color=0x00000000 groupKey=ranker_group vis=PRIVATE),0]
03-20 02:34:35.700  3550  3550 I sysui_multi_action: [757,803,799,note_peek,802,1]
03-20 02:34:35.705  2160  5057 I sysui_multi_action: [757,127,758,1]
03-20 02:34:35.706  2160  5057 I sysui_multi_action: [757,804,799,note_load,801,1,802,1]
03-20 02:34:35.706  3550  3550 I sysui_heads_up_status: [-1|android|26|null|1000,1]
03-20 02:34:35.706  2160  5057 I notification_panel_revealed: 1
03-20 02:34:35.891  2160  5086 I battery_status: [2,2,1,2,Li-ion]
03-20 02:34:36.208  2160  5086 I sysui_multi_action: [757,128,758,1,793,771,794,0,795,771,796,26,798,0,806,android,857,DEVELOPER_IMPORTANT,858,4,946,ranker_group,947,0,1395,2,1500,567,1688,1]
03-20 02:34:36.208  2160  5086 I sysui_multi_action: [757,1501,758,1,793,771,794,0,795,771,796,26,806,android,857,DEVELOPER_IMPORTANT,858,4,946,ranker_group,947,0,1500,0,1688,1]
03-20 02:34:36.208  2160  5086 I sysui_multi_action: [757,804,799,note_interruptive,801,0,802,1]
03-20 02:34:36.208  2160  5086 I sysui_multi_action: [757,804,799,note_freshness,801,771,802,1]
03-20 02:34:36.208  2160  5086 I notification_visibility: [-1|android|26|null|1000,1,771,771,0,0]
03-20 02:34:39.987  2160  3083 I am_compact: [3555,com.android.permissioncontroller,anon,106608,59304,46256,7372,-4548,0,-4548,4548,84,2,341885,905,19,3642108,-4608]
03-20 02:34:41.413  3550  3550 I sysui_heads_up_status: [-1|android|26|null|1000,0]
03-20 02:34:41.463  2160  5080 I sysui_multi_action: [757,128,758,2,793,6026,794,5255,795,6026,796,26,798,0,806,android,857,DEVELOPER_IMPORTANT,858,4,946,ranker_group,947,0,1395,2,1500,5255,1688,1]
03-20 02:34:41.463  2160  5080 I notification_visibility: [-1|android|26|null|1000,0,6026,6026,0,0]
03-20 02:34:41.465  2160  5080 I sysui_multi_action: [757,127,758,2]
03-20 02:34:41.465  2160  5080 I notification_panel_hidden: 
03-20 02:35:28.594  2160  2705 I sysui_multi_action: [757,1696,758,6,759,2]
03-20 02:35:28.876  2160  2613 I am_uid_idle: 10075
03-20 02:35:28.877  2160  2613 I am_uid_idle: 10024
03-20 02:35:35.576  2160  2705 I power_sleep_requested: 0
03-20 02:35:35.630  2160  2705 I sysui_multi_action: [757,1696,758,6,759,0]
03-20 02:35:35.647  2160  2160 I battery_saving_stats: [0,1,0,60081,0,0,175195,5371,0]
03-20 02:35:36.081  2160  2705 I wm_pause_activity: [0,160429859,com.android.settings/.SubSettings,userLeaving=false,sleep]
03-20 02:35:36.082  3964  3964 I wm_on_top_resumed_lost_called: [160429859,com.android.settings.SubSettings,topStateChangedWhenResumed]
03-20 02:35:36.103  3964  3964 I sysui_multi_action: [757,40,758,2,1089,65308]
03-20 02:35:36.105  3964  3964 I wm_on_paused_called: [160429859,com.android.settings.SubSettings,performPause]
03-20 02:35:36.106  2160  6528 I wm_add_to_stopping: [0,160429859,com.android.settings/.SubSettings,completePauseLocked]
03-20 02:35:36.110  2160  2589 I sysui_multi_action: [757,803,799,window_time_0,802,66]
03-20 02:35:36.113  2160  2592 I wm_stop_activity: [0,160429859,com.android.settings/.SubSettings]
03-20 02:35:36.114  2160  2593 I input_focus: [Requesting to set focus to null window,reason=UpdateInputWindows]
03-20 02:35:36.119  3964  3964 I wm_on_stop_called: [160429859,com.android.settings.SubSettings,STOP_ACTIVITY_ITEM]
03-20 02:35:36.257  2160  3120 I input_focus: [Focus leaving 310375a com.android.settings/com.android.settings.SubSettings (server),reason=NO_WINDOW]
03-20 02:35:36.269  2160  2589 I sysui_multi_action: [757,223,758,1]
03-20 02:35:36.288  3550  3550 I sysui_multi_action: [757,111,758,1]
03-20 02:35:36.288  3550  3550 I sysui_multi_action: [757,126,758,1,759,126,927,0,928,0,1593,0]
03-20 02:35:36.288  3550  3550 I sysui_multi_action: [757,113,758,1,759,113,927,1,928,1,1593,0]
03-20 02:35:36.288  3550  3550 I sysui_multi_action: [757,119,758,1,759,119,927,2,928,0,1593,0]
03-20 02:35:36.288  3550  3550 I sysui_multi_action: [757,118,758,1,759,118,927,3,928,0,1593,0]
03-20 02:35:36.290  2160  5080 I wm_set_keyguard_shown: [0,0,1,0,0,setKeyguardShown]
03-20 02:35:36.299  3550  3550 I sysui_multi_action: [757,196,758,2,759,0]
03-20 02:35:36.299  3550  3550 I sysui_status_bar_state: [1,0,0,0,0,1]
03-20 02:35:36.305  2160  5086 I sysui_multi_action: [757,127,758,1]
03-20 02:35:36.305  2160  5086 I sysui_multi_action: [757,804,799,note_load,801,3,802,1]
03-20 02:35:36.305  2160  5086 I notification_panel_revealed: 3
03-20 02:35:36.313  2160  2705 I sysui_multi_action: [757,1696,758,6,759,1]
03-20 02:35:36.313  2160  2160 I sysui_multi_action: [757,198,758,2,759,3,1359,744,1695,2]
03-20 02:35:36.313  2160  2160 I power_screen_state: [0,3,0,0,744]
03-20 02:35:36.313  2160  2160 I screen_toggled: 0
03-20 02:35:36.313  2160  2160 I sysui_multi_action: [757,804,799,screen_timeout,801,60,802,1]
03-20 02:35:36.314  2160  2160 I sysui_multi_action: [757,1594,758,4,759,-2147483648,1359,75270]
03-20 02:35:36.314  2160  2160 I power_screen_broadcast_send: 1
03-20 02:35:36.356  2160  5080 I sysui_multi_action: [757,127,758,2]
03-20 02:35:36.356  2160  5080 I notification_panel_hidden: 
03-20 02:35:36.365  2160  2593 I input_focus: [Focus request aaf5a5 NotificationShade,reason=UpdateInputWindows]
03-20 02:35:36.383  2160  3120 I input_focus: [Focus entering aaf5a5 NotificationShade (server),reason=setFocusedWindow]
03-20 02:35:36.404  2160  2160 I power_screen_broadcast_done: [0,90,1]
03-20 02:35:36.512  2160  3076 I commit_sys_config_file: [settings-2-0,11]
03-20 02:35:38.774  2160  2591 I commit_sys_config_file: [package-session,594537]
03-20 02:35:38.779  2160  2591 I commit_sys_config_file: [package-session,594542]
03-20 02:35:38.805  2160  2918 I commit_sys_config_file: [package-session,594568]
03-20 02:35:38.861  2160  2591 I commit_sys_config_file: [package-session,594624]
03-20 02:35:38.871  2160  2713 I pm_critical_info: Adding duplicate shared id: 1000 name=com.evenwell.DbgCfgTool
03-20 02:35:38.947  2160  2713 I commit_sys_config_file: [package-user-0,3]
03-20 02:35:38.947  2160  2713 I commit_sys_config_file: [package,36]
03-20 02:35:39.354  2160  2713 I unknown_sources_enabled: 1
03-20 02:35:39.366  2160  2591 I commit_sys_config_file: [package-session,595129]
03-20 02:35:39.374  2160  2920 I commit_sys_config_file: [overlays,600250]
03-20 02:35:39.377  2160  2918 I commit_sys_config_file: [package-session,595140]
03-20 02:35:39.404  2160  2160 I notification_cancel_all: [1000,2160,com.evenwell.DbgCfgTool,0,0,0,5,NULL]
03-20 02:35:39.780  2160  3121 I sysui_multi_action: [757,804,799,power_consecutive_short_tap_count,801,1,802,1]
03-20 02:35:39.780  2160  3121 I sysui_multi_action: [757,804,799,power_double_tap_interval,801,79137,802,1]
03-20 02:35:39.780  2160  3121 I intercept_power: [ACTION_DOWN,0,1]
03-20 02:35:39.798  2160  2160 I screen_toggled: 1
03-20 02:35:39.799  2160  2160 I power_screen_broadcast_send: 1
03-20 02:35:39.802  2160  2705 I sysui_multi_action: [757,1696,758,6,759,3]
03-20 02:35:39.816  2160  2275 I sysui_multi_action: [757,127,758,1]
03-20 02:35:39.816  2160  2275 I sysui_multi_action: [757,804,799,note_load,801,1,802,1]
03-20 02:35:39.816  2160  2275 I notification_panel_revealed: 1
03-20 02:35:39.819  3550  3550 I sysui_multi_action: [757,111,758,2]
03-20 02:35:39.820  2160  2275 I wm_set_keyguard_shown: [0,0,0,0,0,setKeyguardShown]
03-20 02:35:39.822  2160  2275 I wm_set_resumed_activity: [0,com.android.settings/.SubSettings,resumeTopActivity - onActivityStateChanged]
03-20 02:35:39.822  2160  2275 I wm_resume_activity: [0,160429859,8,com.android.settings/.SubSettings]
03-20 02:35:39.825  3550  3550 I sysui_multi_action: [757,196,758,2,759,0]
03-20 02:35:39.825  3550  3550 I sysui_status_bar_state: [0,0,0,0,0,1]
03-20 02:35:39.836  3964  3964 I wm_on_restart_called: [160429859,com.android.settings.SubSettings,performRestartActivity]
03-20 02:35:39.837  2160  2160 I battery_saving_stats: [0,0,0,4190,0,0,19120,-448,0]
03-20 02:35:39.845  3964  3964 I wm_on_start_called: [160429859,com.android.settings.SubSettings,handleStartActivity]
03-20 02:35:39.846  3964  3964 I snet_event_log: [120484087,-1,]
03-20 02:35:39.847  3964  3964 I wm_on_resume_called: [160429859,com.android.settings.SubSettings,RESUME_ACTIVITY]
03-20 02:35:39.848  3964  3964 I sysui_multi_action: [757,40,758,1,833,35,1089,0]
03-20 02:35:39.854  2160  2593 I input_focus: [Requesting to set focus to null window,reason=UpdateInputWindows]
03-20 02:35:39.864  3964  3964 I wm_on_top_resumed_gained_called: [160429859,com.android.settings.SubSettings,topWhenResuming]
03-20 02:35:39.867  2160  2160 I power_screen_broadcast_done: [1,67,1]
03-20 02:35:39.868  2160  2593 I input_focus: [Focus request 310375a com.android.settings/com.android.settings.SubSettings,reason=UpdateInputWindows]
03-20 02:35:39.876  2160  5080 I sysui_multi_action: [757,127,758,2]
03-20 02:35:39.877  2160  5080 I notification_panel_hidden: 
03-20 02:35:39.977  2160  3121 I intercept_power: [ACTION_UP,0,0]
03-20 02:35:40.009  2160  3120 I input_focus: [Focus leaving aaf5a5 NotificationShade (server),reason=Waiting for window because NOT_FOCUSABLE]
03-20 02:35:40.010  2160  2705 I sysui_latency: [5,225]
03-20 02:35:40.011  2160  2160 I sysui_multi_action: [757,198,758,1,759,1,1359,232,1694,1]
03-20 02:35:40.011  2160  2160 I power_screen_state: [1,0,0,0,232]
03-20 02:35:40.017  2160  3120 I input_focus: [Focus entering 310375a com.android.settings/com.android.settings.SubSettings (server),reason=setFocusedWindow]
03-20 02:35:40.034  2160  3076 I commit_sys_config_file: [settings-2-0,7]
03-20 02:35:40.077  2160  2589 I sysui_multi_action: [757,223,758,2]
03-20 02:35:40.077  2160  2589 I sysui_multi_action: [757,804,799,dozing_minutes,801,0,802,1]
03-20 02:35:44.668  2160  3120 I input_interaction: Interaction with: a6afe5e NavigationBar0 (server), PointerEventDispatcher0 (server), 
03-20 02:35:44.673  3550  3550 I sysui_multi_action: [757,931,758,4,759,4,932,0,933,0]
03-20 02:35:44.682  2160  3120 I input_interaction: Interaction with: 310375a com.android.settings/com.android.settings.SubSettings (server), PointerEventDispatcher0 (server), 
03-20 02:35:44.687  2160  3120 I input_interaction: Interaction with: a6afe5e NavigationBar0 (server), PointerEventDispatcher0 (server), 
03-20 02:35:44.763  3550  3550 I sysui_multi_action: [757,931,758,4,759,4,932,0,933,1]
03-20 02:35:44.766  2160  3688 I sysui_multi_action: [757,803,799,key_back_press,802,1]
03-20 02:35:44.777  2160  3688 I wm_finish_activity: [0,160429859,8,com.android.settings/.SubSettings,app-request]
03-20 02:35:44.788  2160  3688 I wm_pause_activity: [0,160429859,com.android.settings/.SubSettings,userLeaving=false,finish]
03-20 02:35:44.793  3964  3964 I wm_on_top_resumed_lost_called: [160429859,com.android.settings.SubSettings,topStateChangedWhenResumed]
03-20 02:35:44.798  3964  3964 I sysui_multi_action: [757,40,758,2,1089,4950]
03-20 02:35:44.799  3964  3964 I wm_on_paused_called: [160429859,com.android.settings.SubSettings,performPause]
03-20 02:35:44.799  2160  3634 I wm_add_to_stopping: [0,160429859,com.android.settings/.SubSettings,completeFinishing]
03-20 02:35:44.802  2160  3634 I wm_set_resumed_activity: [0,com.android.settings/.Settings,resumeTopActivity - onActivityStateChanged]
03-20 02:35:44.802  2160  3634 I wm_resume_activity: [0,148465717,8,com.android.settings/.Settings]
03-20 02:35:44.803  2160  2589 I sysui_multi_action: [757,803,799,window_time_0,802,8]
03-20 02:35:44.805  3964  3964 I wm_on_restart_called: [148465717,com.android.settings.Settings,performRestartActivity]
03-20 02:35:44.808  3964  3964 I wm_on_start_called: [148465717,com.android.settings.Settings,handleStartActivity]
03-20 02:35:44.808  3964  3964 I snet_event_log: [120484087,-1,]
03-20 02:35:44.808  3964  3964 I wm_on_resume_called: [148465717,com.android.settings.Settings,RESUME_ACTIVITY]
03-20 02:35:44.808  3964  3964 I sysui_multi_action: [757,35,758,1,833,0,1089,0]
03-20 02:35:44.811  3964  3964 I wm_on_top_resumed_gained_called: [148465717,com.android.settings.Settings,topWhenResuming]
03-20 02:35:44.813  2160  3120 I input_focus: [Focus leaving 310375a com.android.settings/com.android.settings.SubSettings (server),reason=NO_WINDOW]
03-20 02:35:44.815  2160  2593 I input_focus: [Focus request b53e1cd com.android.settings/com.android.settings.Settings,reason=UpdateInputWindows]
03-20 02:35:44.896  2160  3120 I input_focus: [Focus entering b53e1cd com.android.settings/com.android.settings.Settings (server),reason=Window became focusable. Previous reason: NOT_VISIBLE]
03-20 02:35:45.170  2160  3120 I input_interaction: Interaction with: b53e1cd com.android.settings/com.android.settings.Settings (server), PointerEventDispatcher0 (server), 
03-20 02:35:45.322  2160  2592 I wm_destroy_activity: [0,160429859,8,com.android.settings/.SubSettings,finish-imm:idle]
03-20 02:35:45.344  3964  3964 I wm_on_stop_called: [160429859,com.android.settings.SubSettings,LIFECYCLER_STOP_ACTIVITY]
03-20 02:35:45.347  3964  3964 I wm_on_destroy_called: [160429859,com.android.settings.SubSettings,performDestroy]
03-20 02:35:47.263  3964  3964 I sysui_multi_action: [757,830,758,4,833,0,854,top_level_display,1089,0]
03-20 02:35:47.287  2160  3688 I wm_task_moved: [8,1,3]
03-20 02:35:47.287  2160  3688 I wm_create_activity: [0,232624167,8,com.android.settings/.SubSettings,android.intent.action.MAIN,NULL,NULL,0]
03-20 02:35:47.288  2160  3688 I wm_pause_activity: [0,148465717,com.android.settings/.Settings,userLeaving=true,resumeTopActivity]
03-20 02:35:47.290  3964  3964 I wm_on_top_resumed_lost_called: [148465717,com.android.settings.Settings,topStateChangedWhenResumed]
03-20 02:35:47.291  3964  3964 I sysui_multi_action: [757,35,758,2,1089,2483]
03-20 02:35:47.291  3964  3964 I wm_on_paused_called: [148465717,com.android.settings.Settings,performPause]
03-20 02:35:47.293  2160  6535 I wm_add_to_stopping: [0,148465717,com.android.settings/.Settings,makeInvisible]
03-20 02:35:47.293  2160  6535 I wm_restart_activity: [0,232624167,8,com.android.settings/.SubSettings]
03-20 02:35:47.294  2160  6535 I wm_set_resumed_activity: [0,com.android.settings/.SubSettings,minimalResumeActivityLocked - onActivityStateChanged]
03-20 02:35:47.294  2160  2589 I sysui_multi_action: [757,803,799,window_time_0,802,3]
03-20 02:35:47.295  2160  2593 I input_focus: [Requesting to set focus to null window,reason=UpdateInputWindows]
03-20 02:35:47.317  2160  3120 I input_focus: [Focus leaving b53e1cd com.android.settings/com.android.settings.Settings (server),reason=NO_WINDOW]
03-20 02:35:47.331  3964  3964 I wm_on_create_called: [232624167,com.android.settings.SubSettings,performCreate]
03-20 02:35:47.339  3964  3964 I wm_on_start_called: [232624167,com.android.settings.SubSettings,handleStartActivity]
03-20 02:35:47.339  3964  3964 I snet_event_log: [120484087,-1,]
03-20 02:35:47.340  3964  3964 I wm_on_resume_called: [232624167,com.android.settings.SubSettings,RESUME_ACTIVITY]
03-20 02:35:47.341  3964  3964 I sysui_multi_action: [757,46,758,1,833,35,1089,38]
03-20 02:35:47.353  3964  3964 I sysui_multi_action: [757,1729,758,4,854,isParalleledControllers:false,1089,50]
03-20 02:35:47.357  3964  3964 I wm_on_top_resumed_gained_called: [232624167,com.android.settings.SubSettings,topStateChangedWhenResumed]
03-20 02:35:47.370  2160  2593 I input_focus: [Focus request d036ccc com.android.settings/com.android.settings.SubSettings,reason=UpdateInputWindows]
03-20 02:35:47.382  2160  2589 I wm_activity_launch_time: [0,232624167,com.android.settings/.SubSettings,108]
03-20 02:35:47.503  2160  3120 I input_focus: [Focus entering d036ccc com.android.settings/com.android.settings.SubSettings (server),reason=Window became focusable. Previous reason: NOT_VISIBLE]
03-20 02:35:47.882  2160  2592 I wm_stop_activity: [0,148465717,com.android.settings/.Settings]
03-20 02:35:47.897  3964  3964 I wm_on_stop_called: [148465717,com.android.settings.Settings,STOP_ACTIVITY_ITEM]
03-20 02:35:47.925  2160  3083 I am_freeze: [4872,com.android.provision]
03-20 02:35:48.275  2160  3120 I input_interaction: Interaction with: d036ccc com.android.settings/com.android.settings.SubSettings (server), PointerEventDispatcher0 (server), 
03-20 02:35:48.375  3964  3964 I sysui_multi_action: [757,830,758,4,833,0,854,screen_timeout,1089,0]
03-20 02:35:48.383  2160  3083 I am_freeze: [5090,com.android.quicksearchbox]
03-20 02:35:48.386  2160  6535 I wm_task_moved: [8,1,3]
03-20 02:35:48.386  2160  6535 I wm_create_activity: [0,135086380,8,com.android.settings/.SubSettings,android.intent.action.MAIN,NULL,NULL,0]
03-20 02:35:48.387  2160  6535 I wm_pause_activity: [0,232624167,com.android.settings/.SubSettings,userLeaving=true,resumeTopActivity]
03-20 02:35:48.391  3964  3964 I wm_on_top_resumed_lost_called: [232624167,com.android.settings.SubSettings,topStateChangedWhenResumed]
03-20 02:35:48.392  3964  3964 I sysui_multi_action: [757,46,758,2,1089,1052]
03-20 02:35:48.393  3964  3964 I wm_on_paused_called: [232624167,com.android.settings.SubSettings,performPause]
03-20 02:35:48.396  2160  5057 I wm_add_to_stopping: [0,232624167,com.android.settings/.SubSettings,makeInvisible]
03-20 02:35:48.396  2160  5057 I wm_restart_activity: [0,135086380,8,com.android.settings/.SubSettings]
03-20 02:35:48.397  2160  5057 I wm_set_resumed_activity: [0,com.android.settings/.SubSettings,minimalResumeActivityLocked - onActivityStateChanged]
03-20 02:35:48.397  2160  2589 I sysui_multi_action: [757,803,799,window_time_0,802,1]
03-20 02:35:48.398  2160  2593 I input_focus: [Requesting to set focus to null window,reason=UpdateInputWindows]
03-20 02:35:48.410  3964  3964 I wm_on_create_called: [135086380,com.android.settings.SubSettings,performCreate]
03-20 02:35:48.415  3964  3964 I wm_on_start_called: [135086380,com.android.settings.SubSettings,handleStartActivity]
03-20 02:35:48.415  3964  3964 I snet_event_log: [120484087,-1,]
03-20 02:35:48.416  3964  3964 I wm_on_resume_called: [135086380,com.android.settings.SubSettings,RESUME_ACTIVITY]
03-20 02:35:48.416  3964  3964 I sysui_multi_action: [757,1852,758,1,833,46,1089,10]
03-20 02:35:48.420  2160  3120 I input_focus: [Focus leaving d036ccc com.android.settings/com.android.settings.SubSettings (server),reason=NO_WINDOW]
03-20 02:35:48.420  3964  3964 I wm_on_top_resumed_gained_called: [135086380,com.android.settings.SubSettings,topStateChangedWhenResumed]
03-20 02:35:48.431  2160  2593 I input_focus: [Focus request 8d29fcf com.android.settings/com.android.settings.SubSettings,reason=UpdateInputWindows]
03-20 02:35:48.444  2160  2589 I wm_activity_launch_time: [0,135086380,com.android.settings/.SubSettings,66]
03-20 02:35:48.555  2160  3120 I input_focus: [Focus entering 8d29fcf com.android.settings/com.android.settings.SubSettings (server),reason=Window became focusable. Previous reason: NOT_VISIBLE]
03-20 02:35:48.933  2160  2592 I wm_stop_activity: [0,232624167,com.android.settings/.SubSettings]
03-20 02:35:48.958  3964  3964 I wm_on_stop_called: [232624167,com.android.settings.SubSettings,STOP_ACTIVITY_ITEM]
03-20 02:35:49.021  2160  3120 I input_interaction: Interaction with: 8d29fcf com.android.settings/com.android.settings.SubSettings (server), PointerEventDispatcher0 (server), 
03-20 02:35:49.109  3964  3964 I sysui_multi_action: [757,1754,758,4,759,1800000]
03-20 02:35:49.112  3964  3964 I sysui_multi_action: [757,830,758,4,833,0,854,1800000,1089,0]
03-20 02:35:49.327  2160  3076 I commit_sys_config_file: [settings-1-0,14]
03-20 02:35:49.451  2160  3120 I input_interaction: Interaction with: a6afe5e NavigationBar0 (server), PointerEventDispatcher0 (server), 
03-20 02:35:49.463  3550  3550 I sysui_multi_action: [757,931,758,4,759,3,932,0,933,0]
03-20 02:35:49.530  3550  3550 I sysui_multi_action: [757,931,758,4,759,3,932,0,933,1]
03-20 02:35:49.544  2160  2590 I wm_task_moved: [1,1,3]
03-20 02:35:49.546  2160  2590 I wm_task_moved: [7,1,2147483647]
03-20 02:35:49.546  2160  2590 I wm_task_to_front: [0,7]
03-20 02:35:49.548  2160  2590 I wm_focused_root_task: [0,0,1,8,bringingFoundTaskToFront]
03-20 02:35:49.548  3964  3964 I wm_on_top_resumed_lost_called: [135086380,com.android.settings.SubSettings,topStateChangedWhenResumed]
03-20 02:35:49.549  2160  2590 I wm_set_resumed_activity: [0,com.android.launcher3/.uioverrides.QuickstepLauncher,bringingFoundTaskToFront]
03-20 02:35:49.550  2160  2590 I wm_new_intent: [0,89805089,7,com.android.launcher3/.uioverrides.QuickstepLauncher,android.intent.action.MAIN,NULL,NULL,268435712]
03-20 02:35:49.551  2160  2590 I wm_pause_activity: [0,135086380,com.android.settings/.SubSettings,userLeaving=true,pauseBackTasks]
03-20 02:35:49.554  2160  2590 I wm_add_to_stopping: [0,135086380,com.android.settings/.SubSettings,makeInvisible]
03-20 02:35:49.555  2160  2589 I sysui_multi_action: [757,803,799,window_time_0,802,1]
03-20 02:35:49.557  2160  2590 I wm_set_resumed_activity: [0,com.android.launcher3/.uioverrides.QuickstepLauncher,resumeTopActivity - onActivityStateChanged]
03-20 02:35:49.557  2160  2590 I wm_resume_activity: [0,89805089,7,com.android.launcher3/.uioverrides.QuickstepLauncher]
03-20 02:35:49.560  2160  2593 I input_focus: [Requesting to set focus to null window,reason=UpdateInputWindows]
03-20 02:35:49.564  4003  4003 I wm_on_restart_called: [89805089,com.android.launcher3.uioverrides.QuickstepLauncher,performRestartActivity]
03-20 02:35:49.566  4003  4003 I wm_on_start_called: [89805089,com.android.launcher3.uioverrides.QuickstepLauncher,handleStartActivity]
03-20 02:35:49.568  4003  4003 I wm_on_resume_called: [89805089,com.android.launcher3.uioverrides.QuickstepLauncher,RESUME_ACTIVITY]
03-20 02:35:49.576  2160  3120 I input_focus: [Focus leaving 8d29fcf com.android.settings/com.android.settings.SubSettings (server),reason=Waiting for window because NOT_FOCUSABLE]
03-20 02:35:49.577  3964  3964 I sysui_multi_action: [757,1852,758,2,1089,1158]
03-20 02:35:49.582  3964  3964 I wm_on_paused_called: [135086380,com.android.settings.SubSettings,performPause]
03-20 02:35:49.583  2160  2593 I input_focus: [Focus request 4295fe com.android.launcher3/com.android.launcher3.uioverrides.QuickstepLauncher,reason=UpdateInputWindows]
03-20 02:35:49.592  4003  4003 I wm_on_top_resumed_gained_called: [89805089,com.android.launcher3.uioverrides.QuickstepLauncher,topStateChangedWhenResumed]
03-20 02:35:49.593  2160  2593 I wm_wallpaper_surface: [0,1,Window{4295fe u0 com.android.launcher3/com.android.launcher3.uioverrides.QuickstepLauncher}]
03-20 02:35:49.621  2160  2589 I sysui_multi_action: [319,62,322,56,325,621,757,761,758,9,759,2,806,com.android.launcher3,871,com.android.launcher3.uioverrides.QuickstepLauncher,905,0,1320,4,1321,23]
03-20 02:35:49.627  2160  3120 I input_focus: [Focus entering 4295fe com.android.launcher3/com.android.launcher3.uioverrides.QuickstepLauncher (server),reason=Window became focusable. Previous reason: NOT_VISIBLE]
03-20 02:35:49.949  2160  2592 I wm_stop_activity: [0,135086380,com.android.settings/.SubSettings]
03-20 02:35:49.983  3964  3964 I wm_on_stop_called: [135086380,com.android.settings.SubSettings,STOP_ACTIVITY_ITEM]
03-20 02:35:50.293  2160  3083 I am_compact: [6111,com.android.dialer,anon,167876,103504,63412,0,-22792,0,-22792,22792,296,0,0,900,15,3651324,-22784]
03-20 02:35:50.373  2160  3083 I am_compact: [4938,android.process.acore,anon,109128,62392,45808,3536,-4164,0,-4164,4164,80,2,120595,905,15,3628540,-4096]
03-20 02:35:51.460  2160  3083 I am_freeze: [4844,com.android.printspooler]
03-20 02:35:52.351  2160  3083 I am_freeze: [6143,com.android.carrierconfig]
03-20 02:35:52.752  2160  3120 I input_interaction: Interaction with: 4295fe com.android.launcher3/com.android.launcher3.uioverrides.QuickstepLauncher (server), c8b78ac com.android.systemui.wallpapers.ImageWallpaper (server), PointerEventDispatcher0 (server), 
03-20 02:35:52.825  2160  5057 I wm_task_moved: [9,1,3]
03-20 02:35:52.825  2160  5057 I wm_task_to_front: [0,9]
03-20 02:35:52.827  2160  5057 I wm_focused_root_task: [0,0,9,1,bringingFoundTaskToFront]
03-20 02:35:52.834  2160  5057 I wm_set_resumed_activity: [0,com.android.dialer/.main.impl.MainActivity,bringingFoundTaskToFront]
03-20 02:35:52.834  2160  5057 I wm_new_intent: [0,54479862,9,com.android.dialer/.main.impl.MainActivity,android.intent.action.MAIN,NULL,NULL,270532608]
03-20 02:35:52.837  2160  5057 I wm_pause_activity: [0,89805089,com.android.launcher3/.uioverrides.QuickstepLauncher,userLeaving=true,pauseBackTasks]
03-20 02:35:52.840  2160  2593 I input_focus: [Requesting to set focus to null window,reason=UpdateInputWindows]
03-20 02:35:52.842  4003  4003 I wm_on_top_resumed_lost_called: [89805089,com.android.launcher3.uioverrides.QuickstepLauncher,topStateChangedWhenResumed]
03-20 02:35:52.845  4003  4003 I wm_on_paused_called: [89805089,com.android.launcher3.uioverrides.QuickstepLauncher,performPause]
03-20 02:35:52.848  2160  3120 I input_focus: [Focus leaving 4295fe com.android.launcher3/com.android.launcher3.uioverrides.QuickstepLauncher (server),reason=Waiting for window because NOT_FOCUSABLE]
03-20 02:35:52.852  2160  5057 I wm_set_resumed_activity: [0,com.android.dialer/.main.impl.MainActivity,resumeTopActivity - onActivityStateChanged]
03-20 02:35:52.852  2160  5057 I wm_add_to_stopping: [0,89805089,com.android.launcher3/.uioverrides.QuickstepLauncher,makeInvisible]
03-20 02:35:52.853  2160  5057 I wm_resume_activity: [0,54479862,9,com.android.dialer/.main.impl.MainActivity]
03-20 02:35:52.853  2160  2589 I sysui_multi_action: [757,803,799,window_time_0,802,3]
03-20 02:35:52.858  2160  2592 I am_uid_active: 10075
03-20 02:35:52.859  2160  2592 I am_uid_active: 10024
03-20 02:35:52.863  6111  6111 I wm_on_restart_called: [54479862,com.android.dialer.main.impl.MainActivity,performRestartActivity]
03-20 02:35:52.864  6111  6111 I wm_on_start_called: [54479862,com.android.dialer.main.impl.MainActivity,handleStartActivity]
03-20 02:35:52.885  6111  6111 I wm_on_resume_called: [54479862,com.android.dialer.main.impl.MainActivity,RESUME_ACTIVITY]
03-20 02:35:52.893  6111  6111 I wm_on_top_resumed_gained_called: [54479862,com.android.dialer.main.impl.MainActivity,topWhenResuming]
03-20 02:35:52.898  2160  2593 I input_focus: [Focus request c1a9e5c com.android.dialer/com.android.dialer.main.impl.MainActivity,reason=UpdateInputWindows]
03-20 02:35:52.919  2160  2589 I sysui_multi_action: [319,38,321,31,322,100,325,624,757,761,758,9,759,4,806,com.android.dialer,871,com.android.dialer.main.impl.MainActivity,904,com.android.launcher3,905,0,1320,4,1321,23]
03-20 02:35:52.931  2160  3120 I input_focus: [Focus entering c1a9e5c com.android.dialer/com.android.dialer.main.impl.MainActivity (server),reason=setFocusedWindow]
03-20 02:35:53.375  2160  2592 I wm_stop_activity: [0,89805089,com.android.launcher3/.uioverrides.QuickstepLauncher]
03-20 02:35:53.376  2160  2593 I wm_wallpaper_surface: [0,0,null]
03-20 02:35:53.391  4003  4003 I wm_on_stop_called: [89805089,com.android.launcher3.uioverrides.QuickstepLauncher,STOP_ACTIVITY_ITEM]
03-20 02:35:53.720  2160  3083 I am_freeze: [4993,com.android.externalstorage]
03-20 02:35:53.722  2160  3120 I input_interaction: Interaction with: c1a9e5c com.android.dialer/com.android.dialer.main.impl.MainActivity (server), PointerEventDispatcher0 (server), 
03-20 02:35:55.026  2160  3083 I am_compact: [3555,com.android.permissioncontroller,anon,108492,59812,47592,7676,-6272,0,-6272,6272,128,2,552151,905,19,3645948,-5376]
03-20 02:35:55.255  2160  2614 I am_proc_start: [0,8069,1000,com.evenwell.DbgCfgTool,broadcast,{com.evenwell.DbgCfgTool/com.evenwell.DbgCfgTool.DbgCfgToolBasicReceiver}]
03-20 02:35:55.296  2160  5056 I am_proc_bound: [0,8069,com.evenwell.DbgCfgTool]
03-20 02:35:55.314  8069  8069 I auditd  : type=1400 audit(0.0:280): avc: denied { write } for comm="well.DbgCfgTool" name="com.evenwell.DbgCfgTool-ENNJN4KG4-QHAj4kUARpKA==" dev="dm-14" ino=4038 scontext=u:r:system_app:s0 tcontext=u:object_r:apk_data_file:s0 tclass=dir permissive=0
03-20 02:35:55.343  2160  5056 I wm_task_created: [10,-1]
03-20 02:35:55.348  2160  5056 I wm_task_moved: [10,1,4]
03-20 02:35:55.348  2160  5056 I wm_task_to_front: [0,10]
03-20 02:35:55.348  2160  5056 I wm_create_task: [0,10]
03-20 02:35:55.348  2160  5056 I wm_create_activity: [0,70937461,10,com.evenwell.DbgCfgTool/.FunctionList,android.intent.action.MAIN,NULL,NULL,268435456]
03-20 02:35:55.349  2160  5056 I wm_task_moved: [10,1,4]
03-20 02:35:55.349  6111  6111 I wm_on_top_resumed_lost_called: [54479862,com.android.dialer.main.impl.MainActivity,topStateChangedWhenResumed]
03-20 02:35:55.350  2160  5056 I wm_pause_activity: [0,54479862,com.android.dialer/.main.impl.MainActivity,userLeaving=true,pauseBackTasks]
03-20 02:35:55.354  6111  6111 I wm_on_paused_called: [54479862,com.android.dialer.main.impl.MainActivity,performPause]
03-20 02:35:55.360  2160  3623 I wm_add_to_stopping: [0,54479862,com.android.dialer/.main.impl.MainActivity,makeInvisible]
03-20 02:35:55.360  2160  3623 I wm_restart_activity: [0,70937461,10,com.evenwell.DbgCfgTool/.FunctionList]
03-20 02:35:55.361  2160  3623 I wm_set_resumed_activity: [0,com.evenwell.DbgCfgTool/.FunctionList,minimalResumeActivityLocked - onActivityStateChanged]
03-20 02:35:55.361  2160  2589 I sysui_multi_action: [757,803,799,window_time_0,802,3]
03-20 02:35:55.364  2160  2593 I input_focus: [Requesting to set focus to null window,reason=UpdateInputWindows]
03-20 02:35:55.385  8069  8069 I wm_on_create_called: [70937461,com.evenwell.DbgCfgTool.FunctionList,performCreate]
03-20 02:35:55.385  8069  8069 I wm_on_start_called: [70937461,com.evenwell.DbgCfgTool.FunctionList,handleStartActivity]
03-20 02:35:55.387  8069  8069 I wm_on_resume_called: [70937461,com.evenwell.DbgCfgTool.FunctionList,RESUME_ACTIVITY]
03-20 02:35:55.387  2160  3120 I input_focus: [Focus leaving c1a9e5c com.android.dialer/com.android.dialer.main.impl.MainActivity (server),reason=NO_WINDOW]
03-20 02:35:55.396  8069  8069 I wm_on_top_resumed_gained_called: [70937461,com.evenwell.DbgCfgTool.FunctionList,topStateChangedWhenResumed]
03-20 02:35:55.406  2160  2593 I input_focus: [Focus request 8a17ae3 com.evenwell.DbgCfgTool/com.evenwell.DbgCfgTool.FunctionList,reason=UpdateInputWindows]
03-20 02:35:55.466  2160  2589 I sysui_multi_action: [319,42,321,35,322,123,325,627,757,761,758,8,759,1,806,com.evenwell.DbgCfgTool,871,com.evenwell.DbgCfgTool.FunctionList,904,com.evenwell.DbgCfgTool,905,0,1320,4,1321,4]
03-20 02:35:55.466  2160  2589 I wm_activity_launch_time: [0,70937461,com.evenwell.DbgCfgTool/.FunctionList,123]
03-20 02:35:55.471  2160  3120 I input_focus: [Focus entering 8a17ae3 com.evenwell.DbgCfgTool/com.evenwell.DbgCfgTool.FunctionList (server),reason=Window became focusable. Previous reason: NOT_VISIBLE]
03-20 02:35:55.873  2160  2592 I wm_stop_activity: [0,54479862,com.android.dialer/.main.impl.MainActivity]
03-20 02:35:55.915  6111  6111 I wm_on_stop_called: [54479862,com.android.dialer.main.impl.MainActivity,STOP_ACTIVITY_ITEM]
03-20 02:35:56.240  2160  3083 I am_compact: [3964,com.android.settings,anon,195508,130508,63664,7536,-23900,0,-23900,23900,315,2,541386,900,15,3642364,-24064]
03-20 02:35:56.365  2160  3120 I input_interaction: Interaction with: 8a17ae3 com.evenwell.DbgCfgTool/com.evenwell.DbgCfgTool.FunctionList (server), PointerEventDispatcher0 (server), 
03-20 02:35:56.437  2160  3623 I wm_task_moved: [10,1,4]
03-20 02:35:56.437  2160  3623 I wm_create_activity: [0,235039775,10,com.evenwell.DbgCfgTool/.TestOptions,android.intent.action.MAIN,NULL,NULL,268435456]
03-20 02:35:56.438  2160  3623 I wm_pause_activity: [0,70937461,com.evenwell.DbgCfgTool/.FunctionList,userLeaving=true,resumeTopActivity]
03-20 02:35:56.462  8069  8069 I wm_on_top_resumed_lost_called: [70937461,com.evenwell.DbgCfgTool.FunctionList,topStateChangedWhenResumed]
03-20 02:35:56.462  8069  8069 I wm_on_paused_called: [70937461,com.evenwell.DbgCfgTool.FunctionList,performPause]
03-20 02:35:56.464  2160  5057 I wm_add_to_stopping: [0,70937461,com.evenwell.DbgCfgTool/.FunctionList,makeInvisible]
03-20 02:35:56.464  2160  5057 I wm_restart_activity: [0,235039775,10,com.evenwell.DbgCfgTool/.TestOptions]
03-20 02:35:56.465  2160  5057 I wm_set_resumed_activity: [0,com.evenwell.DbgCfgTool/.TestOptions,minimalResumeActivityLocked - onActivityStateChanged]
03-20 02:35:56.465  2160  2589 I sysui_multi_action: [757,803,799,window_time_0,802,1]
03-20 02:35:56.466  2160  2593 I input_focus: [Requesting to set focus to null window,reason=UpdateInputWindows]
03-20 02:35:56.479  8069  8069 I wm_on_create_called: [235039775,com.evenwell.DbgCfgTool.TestOptions,performCreate]
03-20 02:35:56.479  8069  8069 I wm_on_start_called: [235039775,com.evenwell.DbgCfgTool.TestOptions,handleStartActivity]
03-20 02:35:56.480  8069  8069 I wm_on_resume_called: [235039775,com.evenwell.DbgCfgTool.TestOptions,RESUME_ACTIVITY]
03-20 02:35:56.483  8069  8069 I wm_on_top_resumed_gained_called: [235039775,com.evenwell.DbgCfgTool.TestOptions,topStateChangedWhenResumed]
03-20 02:35:56.486  2160  2593 I input_focus: [Focus request 5328c96 com.evenwell.DbgCfgTool/com.evenwell.DbgCfgTool.TestOptions,reason=UpdateInputWindows]
03-20 02:35:56.489  2160  3120 I input_focus: [Focus leaving 8a17ae3 com.evenwell.DbgCfgTool/com.evenwell.DbgCfgTool.FunctionList (server),reason=NO_WINDOW]
03-20 02:35:56.499  2160  2589 I wm_activity_launch_time: [0,235039775,com.evenwell.DbgCfgTool/.TestOptions,75]
03-20 02:35:56.608  2160  3120 I input_focus: [Focus entering 5328c96 com.evenwell.DbgCfgTool/com.evenwell.DbgCfgTool.TestOptions (server),reason=Window became focusable. Previous reason: NOT_VISIBLE]
03-20 02:35:56.985  2160  2592 I wm_stop_activity: [0,70937461,com.evenwell.DbgCfgTool/.FunctionList]
03-20 02:35:57.005  8069  8069 I wm_on_stop_called: [70937461,com.evenwell.DbgCfgTool.FunctionList,STOP_ACTIVITY_ITEM]
03-20 02:35:57.275  2160  3120 I input_interaction: Interaction with: a6afe5e NavigationBar0 (server), PointerEventDispatcher0 (server), 
03-20 02:35:57.281  3550  3550 I sysui_multi_action: [757,931,758,4,759,4,932,0,933,0]
03-20 02:35:57.286  2160  3120 I input_interaction: Interaction with: 5328c96 com.evenwell.DbgCfgTool/com.evenwell.DbgCfgTool.TestOptions (server), PointerEventDispatcher0 (server), 
03-20 02:35:57.384  3550  3550 I sysui_multi_action: [757,931,758,4,759,4,932,0,933,1]
03-20 02:35:57.388  2160  3623 I sysui_multi_action: [757,803,799,key_back_press,802,1]
03-20 02:35:57.399  2160  5057 I wm_finish_activity: [0,235039775,10,com.evenwell.DbgCfgTool/.TestOptions,app-request]
03-20 02:35:57.415  2160  5057 I wm_pause_activity: [0,235039775,com.evenwell.DbgCfgTool/.TestOptions,userLeaving=false,finish]
03-20 02:35:57.418  8069  8069 I wm_on_top_resumed_lost_called: [235039775,com.evenwell.DbgCfgTool.TestOptions,topStateChangedWhenResumed]
03-20 02:35:57.420  8069  8069 I wm_on_paused_called: [235039775,com.evenwell.DbgCfgTool.TestOptions,performPause]
03-20 02:35:57.421  2160  5057 I wm_add_to_stopping: [0,235039775,com.evenwell.DbgCfgTool/.TestOptions,completeFinishing]
03-20 02:35:57.423  2160  5057 I wm_set_resumed_activity: [0,com.evenwell.DbgCfgTool/.FunctionList,resumeTopActivity - onActivityStateChanged]
03-20 02:35:57.428  2160  5057 I wm_resume_activity: [0,70937461,10,com.evenwell.DbgCfgTool/.FunctionList]
03-20 02:35:57.428  2160  2589 I sysui_multi_action: [757,803,799,window_time_0,802,1]
03-20 02:35:57.430  8069  8069 I wm_on_restart_called: [70937461,com.evenwell.DbgCfgTool.FunctionList,performRestartActivity]
03-20 02:35:57.431  8069  8069 I wm_on_start_called: [70937461,com.evenwell.DbgCfgTool.FunctionList,handleStartActivity]
03-20 02:35:57.431  8069  8069 I wm_on_resume_called: [70937461,com.evenwell.DbgCfgTool.FunctionList,RESUME_ACTIVITY]
03-20 02:35:57.431  8069  8069 I wm_on_top_resumed_gained_called: [70937461,com.evenwell.DbgCfgTool.FunctionList,topWhenResuming]
03-20 02:35:57.445  2160  3120 I input_focus: [Focus leaving 5328c96 com.evenwell.DbgCfgTool/com.evenwell.DbgCfgTool.TestOptions (server),reason=NO_WINDOW]
03-20 02:35:57.449  2160  2593 I input_focus: [Focus request 8a17ae3 com.evenwell.DbgCfgTool/com.evenwell.DbgCfgTool.FunctionList,reason=UpdateInputWindows]
03-20 02:35:57.528  2160  3120 I input_focus: [Focus entering 8a17ae3 com.evenwell.DbgCfgTool/com.evenwell.DbgCfgTool.FunctionList (server),reason=Window became focusable. Previous reason: NOT_VISIBLE]
03-20 02:35:57.917  2160  3120 I input_interaction: Interaction with: 8a17ae3 com.evenwell.DbgCfgTool/com.evenwell.DbgCfgTool.FunctionList (server), PointerEventDispatcher0 (server), 
03-20 02:35:57.958  2160  2592 I wm_destroy_activity: [0,235039775,10,com.evenwell.DbgCfgTool/.TestOptions,finish-imm:idle]
03-20 02:35:57.962  8069  8069 I wm_on_stop_called: [235039775,com.evenwell.DbgCfgTool.TestOptions,LIFECYCLER_STOP_ACTIVITY]
03-20 02:35:57.964  8069  8069 I wm_on_destroy_called: [235039775,com.evenwell.DbgCfgTool.TestOptions,performDestroy]
03-20 02:3--------- beginning of events
03-20 02:35:57.986  2160  5056 I wm_task_moved: [10,1,4]
03-20 02:35:57.987  2160  5056 I wm_create_activity: [0,123505403,10,com.evenwell.DbgCfgTool/.logger_config,android.intent.action.MAIN,NULL,NULL,268435456]
03-20 02:35:57.988  2160  5056 I wm_pause_activity: [0,70937461,com.evenwell.DbgCfgTool/.FunctionList,userLeaving=true,resumeTopActivity]
03-20 02:35:57.994  8069  8069 I wm_on_top_resumed_lost_called: [70937461,com.evenwell.DbgCfgTool.FunctionList,topStateChangedWhenResumed]
03-20 02:35:57.995  8069  8069 I wm_on_paused_called: [70937461,com.evenwell.DbgCfgTool.FunctionList,performPause]
