03-20 00:39:54.462  2160  2160 V SystemServerTiming: OnBootPhase_550_com.android.server.biometrics.sensors.fingerprint.FingerprintService took to complete: 0ms
03-20 00:39:54.462  2160  2160 D SystemServerTiming: OnBootPhase_550_com.android.server.biometrics.BiometricService
03-20 00:39:54.462  2160  2160 V SystemServerTiming: OnBootPhase_550_com.android.server.biometrics.BiometricService took to complete: 0ms
03-20 00:39:54.462  2160  2160 D SystemServerTiming: OnBootPhase_550_com.android.server.biometrics.AuthService
03-20 00:39:54.462  2160  2160 V SystemServerTiming: OnBootPhase_550_com.android.server.biometrics.AuthService took to complete: 0ms
03-20 00:39:54.462  2160  2160 D SystemServerTiming: OnBootPhase_550_com.android.server.pm.ShortcutService$Lifecycle
03-20 00:39:54.462  2160  2160 V SystemServerTiming: OnBootPhase_550_com.android.server.pm.ShortcutService$Lifecycle took to complete: 0ms
03-20 00:39:54.462  2160  2160 D SystemServerTiming: OnBootPhase_550_com.android.server.pm.LauncherAppsService
03-20 00:39:54.462  2160  2160 V SystemServerTiming: OnBootPhase_550_com.android.server.pm.LauncherAppsService took to complete: 0ms
03-20 00:39:54.463  2160  2160 D SystemServerTiming: OnBootPhase_550_com.android.server.pm.CrossProfileAppsService
03-20 00:39:54.463  2160  2160 V SystemServerTiming: OnBootPhase_550_com.android.server.pm.CrossProfileAppsService took to complete: 0ms
03-20 00:39:54.463  2160  2160 D SystemServerTiming: OnBootPhase_550_com.android.server.people.PeopleService
03-20 00:39:54.463  2160  2160 V SystemServerTiming: OnBootPhase_550_com.android.server.people.PeopleService took to complete: 0ms
03-20 00:39:54.463  2160  2160 D SystemServerTiming: OnBootPhase_550_com.android.server.media.metrics.MediaMetricsManagerService
03-20 00:39:54.463  2160  2160 V SystemServerTiming: OnBootPhase_550_com.android.server.media.metrics.MediaMetricsManagerService took to complete: 0ms
03-20 00:39:54.463  2160  2160 D SystemServerTiming: OnBootPhase_550_com.android.server.media.projection.MediaProjectionManagerService
03-20 00:39:54.463  2160  2160 V SystemServerTiming: OnBootPhase_550_com.android.server.media.projection.MediaProjectionManagerService took to complete: 0ms
03-20 00:39:54.463  2160  2160 D SystemServerTiming: OnBootPhase_550_com.android.server.slice.SliceManagerService$Lifecycle
03-20 00:39:54.463  2160  2160 V SystemServerTiming: OnBootPhase_550_com.android.server.slice.SliceManagerService$Lifecycle took to complete: 0ms
03-20 00:39:54.463  2160  2160 D SystemServerTiming: OnBootPhase_550_com.android.server.stats.StatsCompanion$Lifecycle
03-20 00:39:54.463  2160  2160 V SystemServerTiming: OnBootPhase_550_com.android.server.stats.StatsCompanion$Lifecycle took to complete: 0ms
03-20 00:39:54.463  2160  2160 D SystemServerTiming: OnBootPhase_550_com.android.server.scheduling.RebootReadinessManagerService$Lifecycle
03-20 00:39:54.463  2160  2160 V SystemServerTiming: OnBootPhase_550_com.android.server.scheduling.RebootReadinessManagerService$Lifecycle took to complete: 0ms
03-20 00:39:54.463  2160  2160 D SystemServerTiming: OnBootPhase_550_com.android.server.stats.pull.StatsPullAtomService
03-20 00:39:54.463  2160  2160 V SystemServerTiming: OnBootPhase_550_com.android.server.stats.pull.StatsPullAtomService took to complete: 0ms
03-20 00:39:54.463  2160  2160 D SystemServerTiming: OnBootPhase_550_com.android.server.stats.bootstrap.StatsBootstrapAtomService$Lifecycle
03-20 00:39:54.463  2160  2160 V SystemServerTiming: OnBootPhase_550_com.android.server.stats.bootstrap.StatsBootstrapAtomService$Lifecycle took to complete: 0ms
03-20 00:39:54.463  2160  2160 D SystemServerTiming: OnBootPhase_550_com.android.server.incident.IncidentCompanionService
03-20 00:39:54.463  2160  2160 V SystemServerTiming: OnBootPhase_550_com.android.server.incident.IncidentCompanionService took to complete: 0ms
03-20 00:39:54.463  2160  2160 D SystemServerTiming: OnBootPhase_550_com.android.server.sdksandbox.SdkSandboxManagerService$Lifecycle
03-20 00:39:54.463  2160  2160 V SystemServerTiming: OnBootPhase_550_com.android.server.sdksandbox.SdkSandboxManagerService$Lifecycle took to complete: 0ms
03-20 00:39:54.463  2160  2160 D SystemServerTiming: OnBootPhase_550_com.android.server.adservices.AdServicesManagerService$Lifecycle
03-20 00:39:54.463  2160  2160 V SystemServerTiming: OnBootPhase_550_com.android.server.adservices.AdServicesManagerService$Lifecycle took to complete: 0ms
03-20 00:39:54.463  2160  2160 D SystemServerTiming: OnBootPhase_550_com.android.server.MmsServiceBroker
03-20 00:39:54.463  2160  2160 V SystemServerTiming: OnBootPhase_550_com.android.server.MmsServiceBroker took to complete: 0ms
03-20 00:39:54.463  2160  2160 D SystemServerTiming: OnBootPhase_550_com.android.server.autofill.AutofillManagerService
03-20 00:39:54.463  2160  2160 V SystemServerTiming: OnBootPhase_550_com.android.server.autofill.AutofillManagerService took to complete: 0ms
03-20 00:39:54.463  2160  2160 D SystemServerTiming: OnBootPhase_550_com.android.server.clipboard.ClipboardService
03-20 00:39:54.463  2160  2160 V SystemServerTiming: OnBootPhase_550_com.android.server.clipboard.ClipboardService took to complete: 0ms
03-20 00:39:54.463  2160  2160 D SystemServerTiming: OnBootPhase_550_com.android.server.appbinding.AppBindingService$Lifecycle
03-20 00:39:54.464  2160  2160 I AppBindingService: Updating constants with: null
03-20 00:39:54.464  2160  2160 V SystemServerTiming: OnBootPhase_550_com.android.server.appbinding.AppBindingService$Lifecycle took to complete: 1ms
03-20 00:39:54.464  2160  2160 D SystemServerTiming: OnBootPhase_550_com.android.server.tracing.TracingServiceProxy
03-20 00:39:54.464  2160  2160 V SystemServerTiming: OnBootPhase_550_com.android.server.tracing.TracingServiceProxy took to complete: 0ms
03-20 00:39:54.464  2160  2160 D SystemServerTiming: OnBootPhase_550_com.android.server.policy.PermissionPolicyService
03-20 00:39:54.464  2160  2160 D SystemServerTiming: Permission_grant_default_permissions-0
03-20 00:39:54.464  2160  2160 D SystemServerTiming: Permission_callback_waiting-0
03-20 00:39:54.465  2160  3127 I UsbPortManager: ClientCallback V1_2: port0
03-20 00:39:54.466  2160  2614 I ActivityManager: Start proc 3550:com.android.systemui/u0a108 for service {com.android.systemui/com.android.systemui.wallpapers.ImageWallpaper}
03-20 00:39:54.467  2160  2589 D CompatibilityChangeReporter: Compat change id reported: 135634846; UID 10138; state: DISABLED
03-20 00:39:54.467  2160  2589 D CompatibilityChangeReporter: Compat change id reported: 177438394; UID 10138; state: DISABLED
03-20 00:39:54.467  2160  2589 D CompatibilityChangeReporter: Compat change id reported: 135772972; UID 10138; state: DISABLED
03-20 00:39:54.468  2160  2589 D CompatibilityChangeReporter: Compat change id reported: 135754954; UID 10138; state: ENABLED
03-20 00:39:54.468  2160  2614 D CompatibilityChangeReporter: Compat change id reported: 143937733; UID 10138; state: ENABLED
03-20 00:39:54.468  2160  2614 W ActivityManager: com.android.permissioncontroller inode == 0 (b/152760674)
03-20 00:39:54.469  2160  2589 I UsbPortManager: USB port added: port=UsbPort{id=port0, supportedModes=dual, audio_accsupportedContaminantProtectionModes=5supportsEnableContaminantPresenceProtection=falsesupportsEnableContaminantPresenceDetection=false, status=UsbPortStatus{connected=true, currentMode=ufp, currentPowerRole=sink, currentDataRole=device, supportedRoleCombinations=[source:host, sink:device], contaminantDetectionStatus=2, contaminantProtectionStatus=1, usbDataStatus=unknown, isPowerTransferLimited=false, powerBrickConnectionStatus=unknown}, canChangeMode=true, canChangePowerRole=false, canChangeDataRole=false, connectedAtMillis=16547, lastConnectDurationMillis=0
03-20 00:39:54.474  2160  2614 I ActivityManager: Start proc 3555:com.android.permissioncontroller/u0a138 for service {com.android.permissioncontroller/com.android.permissioncontroller.permission.service.PermissionControllerServiceImpl}
03-20 00:39:54.488  2160  2275 D CompatibilityChangeReporter: Compat change id reported: 168419799; UID 10108; state: DISABLED
03-20 00:39:54.488  2160  2275 D CompatibilityChangeReporter: Compat change id reported: 273564678; UID 10108; state: DISABLED
03-20 00:39:54.496  2160  2273 D CompatibilityChangeReporter: Compat change id reported: 168419799; UID 10138; state: DISABLED
03-20 00:39:54.496  2160  2273 D CompatibilityChangeReporter: Compat change id reported: 273564678; UID 10138; state: DISABLED
03-20 00:39:54.523  2160  2273 W StorageManagerService: No primary storage defined yet; hacking together a stub
03-20 00:39:54.531  3550  3550 V WindowManagerShell: Adding init callback for DisplayChangeController
03-20 00:39:54.531  3550  3550 V WindowManagerShell: Adding init callback for DisplayController
03-20 00:39:54.531  3550  3550 V WindowManagerShell: Adding init callback for DisplayInsetsController
03-20 00:39:54.531  3550  3550 V WindowManagerShell: Adding init callback for DisplayImeController
03-20 00:39:54.531  3550  3550 V WindowManagerShell: Adding init callback for ShellController
03-20 00:39:54.532  3550  3550 V WindowManagerShell: Adding init callback for DragAndDropController
03-20 00:39:54.537  3550  3550 V WindowManagerShell: Adding init callback for CompatUIController
03-20 00:39:54.538  3550  3550 V WindowManagerShell: Adding init callback for RecentTasksController
03-20 00:39:54.539  3550  3550 V WindowManagerShell: Adding init callback for ShellTaskOrganizer
03-20 00:39:54.542  2160  2273 D PackageManager: Instant App installer not found with android.intent.action.INSTALL_INSTANT_APP_PACKAGE
03-20 00:39:54.543  2160  2273 D PackageManager: Clear ephemeral installer activity
03-20 00:39:54.547  3550  3550 V WindowManagerShell: Adding init callback for OneHandedController
03-20 00:39:54.550  3550  3550 V WindowManagerShell: Adding init callback for DefaultTransitionHandler
03-20 00:39:54.550  3550  3550 V WindowManagerShell: addHandler: Default
03-20 00:39:54.550  3550  3550 V WindowManagerShell: addHandler: Remote
03-20 00:39:54.550  3550  3550 V WindowManagerShell: Adding init callback for Transitions
03-20 00:39:54.553  3550  3550 V WindowManagerShell: Adding init callback for BubbleController
03-20 00:39:54.553  2160  2275 D CompatibilityChangeReporter: Compat change id reported: 161145287; UID 10138; state: DISABLED
03-20 00:39:54.559  3550  3550 V WindowManagerShell: Adding init callback for SplitScreenController
03-20 00:39:54.560  2160  2275 D CompatibilityChangeReporter: Compat change id reported: 161145287; UID 10108; state: DISABLED
03-20 00:39:54.568  3550  3550 V WindowManagerShell: Adding init callback for PipTouchHandler
03-20 00:39:54.568  3550  3550 V WindowManagerShell: Adding init callback for DevicePostureController
03-20 00:39:54.568  3550  3550 V WindowManagerShell: Adding init callback for TabletopModeController
03-20 00:39:54.568  3550  3550 V WindowManagerShell: Adding init callback for PipController
03-20 00:39:54.570  3550  3550 V WindowManagerShell: Adding init callback for FullscreenTaskListener
03-20 00:39:54.577  3550  3550 V WindowManagerShell: Adding init callback for StartingWindowController
03-20 00:39:54.577  3550  3550 V WindowManagerShell: Adding init callback for ProtoLogController
03-20 00:39:54.578  3550  3550 V WindowManagerShell: Adding init callback for KidsModeTaskOrganizer
03-20 00:39:54.579  3550  3550 V WindowManagerShell: Adding init callback for BackAnimationController
03-20 00:39:54.579  3550  3550 V WindowManagerShell: Initializing Shell Components: 23
03-20 00:39:54.579  3550  3550 V WindowManagerShell: 	DisplayChangeController init took 0ms
03-20 00:39:54.580  3550  3550 V WindowManagerShell: 	DisplayController init took 1ms
03-20 00:39:54.580  3550  3550 V WindowManagerShell: 	DisplayInsetsController init took 0ms
03-20 00:39:54.580  3550  3550 V WindowManagerShell: 	DisplayImeController init took 1ms
03-20 00:39:54.580  3550  3550 V WindowManagerShell: Adding dump callback for ShellController
03-20 00:39:54.580  3550  3550 V WindowManagerShell: 	ShellController init took 0ms
03-20 00:39:54.581  3550  3550 V WindowManagerShell: 	DragAndDropController init took 0ms
03-20 00:39:54.581  3550  3550 V WindowManagerShell: Adding command class compatui for CompatUIShellCommandHandler
03-20 00:39:54.581  3550  3550 V WindowManagerShell: 	CompatUIController init took 0ms
03-20 00:39:54.581  3550  3550 V WindowManagerShell: Adding external interface from RecentTasksController with key extra_shell_recent_tasks
03-20 00:39:54.581  3550  3550 V WindowManagerShell: Adding dump callback for RecentTasksController
03-20 00:39:54.581  3550  3550 V WindowManagerShell: 	RecentTasksController init took 0ms
03-20 00:39:54.581  3550  3550 V WindowManagerShell: Adding dump callback for ShellTaskOrganizer
03-20 00:39:54.582  3550  3550 V WindowManagerShell: 	ShellTaskOrganizer init took 1ms
03-20 00:39:54.582  3550  3550 V WindowManagerShell: Adding dump callback for OneHandedController
03-20 00:39:54.587  3550  3550 V WindowManagerShell: Adding external interface from OneHandedController with key extra_shell_one_handed
03-20 00:39:54.587  3550  3550 V WindowManagerShell: 	OneHandedController init took 5ms
03-20 00:39:54.588  3550  3550 V WindowManagerShell: 	DefaultTransitionHandler init took 1ms
03-20 00:39:54.588  3550  3550 V WindowManagerShell: Adding external interface from Transitions with key extra_shell_shell_transitions
03-20 00:39:54.589  3550  3550 V WindowManagerShell: 	Transitions init took 1ms
03-20 00:39:54.590  3550  3550 V WindowManagerShell: Adding dump callback for BubbleController
03-20 00:39:54.591  3550  3550 V WindowManagerShell: 	BubbleController init took 2ms
03-20 00:39:54.591  3550  3550 V WindowManagerShell: Adding dump callback for SplitScreenController
03-20 00:39:54.591  3550  3550 V WindowManagerShell: Adding command class splitscreen for SplitScreenController
03-20 00:39:54.591  3550  3550 V WindowManagerShell: Adding external interface from SplitScreenController with key extra_shell_split_screen
03-20 00:39:54.597  3550  3550 V WindowManagerShell: addHandler: StageCoordinator
03-20 00:39:54.597  3550  3550 V WindowManagerShell: 	SplitScreenController init took 6ms
03-20 00:39:54.603  3550  3550 V WindowManagerShell: 	PipTouchHandler init took 5ms
03-20 00:39:54.603  3550  3550 V WindowManagerShell: 	DevicePostureController init took 0ms
03-20 00:39:54.603  3550  3550 V WindowManagerShell: 	TabletopModeController init took 0ms
03-20 00:39:54.604  3550  3550 V WindowManagerShell: Adding dump callback for PipController
03-20 00:39:54.606  3550  3550 V WindowManagerShell: Adding external interface from PipController with key extra_shell_pip
03-20 00:39:54.606  3550  3550 V WindowManagerShell: 	PipController init took 2ms
03-20 00:39:54.607  3550  3550 V WindowManagerShell: 	FullscreenTaskListener init took 1ms
03-20 00:39:54.607  3550  3550 V WindowManagerShell: Adding external interface from StartingWindowController with key extra_shell_starting_window
03-20 00:39:54.607  3550  3550 V WindowManagerShell: 	StartingWindowController init took 0ms
03-20 00:39:54.607  3550  3550 V WindowManagerShell: Adding command class protolog for ProtoLogController
03-20 00:39:54.607  3550  3550 V WindowManagerShell: 	ProtoLogController init took 0ms
03-20 00:39:54.607  3550  3550 V WindowManagerShell: Adding dump callback for KidsModeTaskOrganizer
03-20 00:39:54.609  3550  3550 V WindowManagerShell: 	KidsModeTaskOrganizer init took 2ms
03-20 00:39:54.610  3550  3550 D ShellBackPreview: Back animation enabled=false
03-20 00:39:54.610  3550  3550 V WindowManagerShell: Adding external interface from BackAnimationController with key extra_shell_back_animation
03-20 00:39:54.610  3550  3550 V WindowManagerShell: 	BackAnimationController init took 2ms
03-20 00:39:54.660  2160  3623 D CompatibilityChangeReporter: Compat change id reported: 157233955; UID 10108; state: ENABLED
03-20 00:39:54.661  2160  2160 V SystemServerTiming: Permission_callback_waiting-0 took to complete: 197ms
03-20 00:39:54.662  2160  2160 V SystemServerTiming: Permission_grant_default_permissions-0 took to complete: 198ms
03-20 00:39:54.662  2160  2160 D SystemServerTiming: Permission_synchronize_permissions-0
03-20 00:39:54.662  2160  2160 D SystemServerTiming: Permission_synchronize_addPackages-0
03-20 00:39:54.668  2160  3625 D PackageManager: Instant App installer not found with android.intent.action.INSTALL_INSTANT_APP_PACKAGE
03-20 00:39:54.668  2160  3625 D PackageManager: Clear ephemeral installer activity
03-20 00:39:54.669  2160  2160 V SystemServerTiming: Permission_synchronize_addPackages-0 took to complete: 7ms
03-20 00:39:54.669  2160  2160 D SystemServerTiming: Permission_syncPackages-0
03-20 00:39:54.669  2160  2160 V StorageManagerService: Package null has legacy storage
03-20 00:39:54.669  2160  2160 V StorageManagerService: Package null has legacy storage
03-20 00:39:54.670  2160  2160 V StorageManagerService: Package null has legacy storage
03-20 00:39:54.670  2160  2160 V StorageManagerService: Package null does not have legacy storage
03-20 00:39:54.671  2160  2160 V StorageManagerService: Package null does not have legacy storage
03-20 00:39:54.671  2160  2160 V StorageManagerService: Package null does not have legacy storage
03-20 00:39:54.671  2160  2160 V StorageManagerService: Package null does not have legacy storage
03-20 00:39:54.671  2160  2160 V StorageManagerService: Package null does not have legacy storage
03-20 00:39:54.671  2160  2160 V StorageManagerService: Package null does not have legacy storage
03-20 00:39:54.671  2160  2160 V StorageManagerService: Package null does not have legacy storage
03-20 00:39:54.671  2160  2160 V StorageManagerService: Package null does not have legacy storage
03-20 00:39:54.671  2160  2160 V StorageManagerService: Package null does not have legacy storage
03-20 00:39:54.672  2160  2160 V StorageManagerService: Package null does not have legacy storage
03-20 00:39:54.672  2160  2160 V StorageManagerService: Package null does not have legacy storage
03-20 00:39:54.672  2160  2160 V StorageManagerService: Package null does not have legacy storage
03-20 00:39:54.672  2160  2160 V StorageManagerService: Package null does not have legacy storage
03-20 00:39:54.672  2160  2160 V StorageManagerService: Package null does not have legacy storage
03-20 00:39:54.673  2160  2160 V StorageManagerService: Package null does not have legacy storage
03-20 00:39:54.673  2160  2160 V StorageManagerService: Package null does not have legacy storage
03-20 00:39:54.673  2160  2160 V StorageManagerService: Package null does not have legacy storage
03-20 00:39:54.673  2160  2160 V StorageManagerService: Package null does not have legacy storage
03-20 00:39:54.673  2160  2160 V StorageManagerService: Package null does not have legacy storage
03-20 00:39:54.673  2160  2160 V StorageManagerService: Package null does not have legacy storage
03-20 00:39:54.673  2160  2160 V StorageManagerService: Package null does not have legacy storage
03-20 00:39:54.674  2160  2160 V StorageManagerService: Package null does not have legacy storage
03-20 00:39:54.674  2160  2160 V SystemServerTiming: Permission_syncPackages-0 took to complete: 5ms
03-20 00:39:54.674  2160  2160 V SystemServerTiming: Permission_synchronize_permissions-0 took to complete: 12ms
03-20 00:39:54.674  2160  2160 D SystemServerTiming: Permission_onInitialized-0
03-20 00:39:54.674  2160  2160 I PackageManager: Permission ownership changed. Updating all permissions.
03-20 00:39:54.695  2160  2160 V SystemServerTiming: Permission_onInitialized-0 took to complete: 21ms
03-20 00:39:54.695  2160  2160 W SystemServiceManager: Service com.android.server.policy.PermissionPolicyService took 232 ms in onBootPhase
03-20 00:39:54.695  2160  2160 V SystemServerTiming: OnBootPhase_550_com.android.server.policy.PermissionPolicyService took to complete: 232ms
03-20 00:39:54.695  2160  2160 D SystemServerTiming: OnBootPhase_550_com.android.server.pm.StagingManager$Lifecycle
03-20 00:39:54.695  2160  2160 V SystemServerTiming: OnBootPhase_550_com.android.server.pm.StagingManager$Lifecycle took to complete: 0ms
03-20 00:39:54.695  2160  2160 D SystemServerTiming: OnBootPhase_550_com.android.server.app.GameManagerService$Lifecycle
03-20 00:39:54.695  2160  2160 V SystemServerTiming: OnBootPhase_550_com.android.server.app.GameManagerService$Lifecycle took to complete: 0ms
03-20 00:39:54.695  2160  2160 D SystemServerTiming: OnBootPhase_550_com.android.safetycenter.SafetyCenterService
03-20 00:39:54.695  2160  2160 V SystemServerTiming: OnBootPhase_550_com.android.safetycenter.SafetyCenterService took to complete: 0ms
03-20 00:39:54.695  2160  2160 D SystemServerTiming: OnBootPhase_550_com.android.server.appsearch.AppSearchModule$Lifecycle
03-20 00:39:54.695  2160  2160 V SystemServerTiming: OnBootPhase_550_com.android.server.appsearch.AppSearchModule$Lifecycle took to complete: 0ms
03-20 00:39:54.696  2160  2160 D SystemServerTiming: OnBootPhase_550_com.android.server.media.MediaCommunicationService
03-20 00:39:54.696  2160  2160 V SystemServerTiming: OnBootPhase_550_com.android.server.media.MediaCommunicationService took to complete: 0ms
03-20 00:39:54.696  2160  2160 D SystemServerTiming: OnBootPhase_550_com.android.server.compat.overrides.AppCompatOverridesService$Lifecycle
03-20 00:39:54.696  2160  2160 V SystemServerTiming: OnBootPhase_550_com.android.server.compat.overrides.AppCompatOverridesService$Lifecycle took to complete: 0ms
03-20 00:39:54.696  2160  2160 V SystemServerTiming: OnBootPhase_550 took to complete: 284ms
03-20 00:39:54.696  2160  2160 V SystemServerTiming: StartActivityManagerReadyPhase took to complete: 284ms
03-20 00:39:54.696  2160  2160 D SystemServerTiming: StartObservingNativeCrashes
03-20 00:39:54.696  2160  2160 V SystemServerTiming: StartObservingNativeCrashes took to complete: 0ms
03-20 00:39:54.696  2160  2160 D SystemServerTiming: RegisterAppOpsPolicy
03-20 00:39:54.696  2160  2160 V SystemServerTiming: RegisterAppOpsPolicy took to complete: 1ms
03-20 00:39:54.697  2160  2160 D SystemServerTiming: MakeNetworkManagementServiceReady
03-20 00:39:54.697  2160  3170 D SystemServerTimingAsync: InitThreadPoolExec:WebViewFactoryPreparation
03-20 00:39:54.697  2160  3170 D SystemServerInitThreadPool: Started executing WebViewFactoryPreparation
03-20 00:39:54.697  2160  3170 I SystemServer: WebViewFactoryPreparation
03-20 00:39:54.697  2160  3170 D SystemServerTimingAsync: WebViewFactoryPreparation
03-20 00:39:54.697  2160  2160 V SystemServerTiming: MakeNetworkManagementServiceReady took to complete: 1ms
03-20 00:39:54.698  2160  2160 D SystemServerTiming: MakeConnectivityServiceReady
03-20 00:39:54.698  2160  3170 E AppOps  : Bad call made by uid 1000. Package "android" does not belong to uid 1037.
03-20 00:39:54.698  2160  3170 E AppOps  : checkOperation
03-20 00:39:54.698  2160  3170 E AppOps  : java.lang.SecurityException: Specified package "android" under uid 1037 but it is not
03-20 00:39:54.698  2160  3170 E AppOps  : 	at com.android.server.appop.AppOpsService.verifyAndGetBypass(AppOpsService.java:4692)
03-20 00:39:54.698  2160  3170 E AppOps  : 	at com.android.server.appop.AppOpsService.verifyAndGetBypass(AppOpsService.java:4560)
03-20 00:39:54.698  2160  3170 E AppOps  : 	at com.android.server.appop.AppOpsService.checkOperationUnchecked(AppOpsService.java:3253)
03-20 00:39:54.698  2160  3170 E AppOps  : 	at com.android.server.appop.AppOpsService.checkOperationImpl(AppOpsService.java:3236)
03-20 00:39:54.698  2160  3170 E AppOps  : 	at com.android.server.appop.AppOpsService.-$$Nest$mcheckOperationImpl(Unknown Source:0)
03-20 00:39:54.698  2160  3170 E AppOps  : 	at com.android.server.appop.AppOpsService$CheckOpsDelegateDispatcher.lambda$checkOperation$0(AppOpsService.java:7592)
03-20 00:39:54.698  2160  3170 E AppOps  : 	at com.android.server.appop.AppOpsService$CheckOpsDelegateDispatcher.$r8$lambda$KrwrxMLmGzFSEjEyo0aJ63o5J9E(Unknown Source:0)
03-20 00:39:54.698  2160  3170 E AppOps  : 	at com.android.server.appop.AppOpsService$CheckOpsDelegateDispatcher$$ExternalSyntheticLambda9.apply(Unknown Source:24)
03-20 00:39:54.698  2160  3170 E AppOps  : 	at com.android.server.policy.AppOpsPolicy.checkOperation(AppOpsPolicy.java:211)
03-20 00:39:54.698  2160  3170 E AppOps  : 	at com.android.server.appop.AppOpsService$CheckOpsDelegateDispatcher.checkOperation(AppOpsService.java:7591)
03-20 00:39:54.698  2160  3170 E AppOps  : 	at com.android.server.appop.AppOpsService.checkOperation(AppOpsService.java:3223)
03-20 00:39:54.698  2160  3170 E AppOps  : 	at com.android.server.StorageManagerService$StorageManagerInternalImpl.hasExternalStorageAccess(StorageManagerService.java:4841)
03-20 00:39:54.698  2160  3170 E AppOps  : 	at com.android.server.am.ProcessList.startProcessLocked(ProcessList.java:1696)
03-20 00:39:54.698  2160  3170 E AppOps  : 	at com.android.server.am.ProcessList.startProcessLocked(ProcessList.java:2384)
03-20 00:39:54.698  2160  3170 E AppOps  : 	at com.android.server.am.ProcessList.startProcessLocked(ProcessList.java:2524)
03-20 00:39:54.698  2160  3170 E AppOps  : 	at com.android.server.am.ActivityManagerService.startIsolatedProcess(ActivityManagerService.java:2825)
03-20 00:39:54.698  2160  3170 E AppOps  : 	at com.android.server.am.ActivityManagerService$LocalService.startIsolatedProcess(ActivityManagerService.java:16634)
03-20 00:39:54.698  2160  3170 E AppOps  : 	at android.webkit.WebViewLibraryLoader.createRelroFile(WebViewLibraryLoader.java:126)
03-20 00:39:54.698  2160  3170 E AppOps  : 	at android.webkit.WebViewLibraryLoader.createRelros(WebViewLibraryLoader.java:164)
03-20 00:39:54.698  2160  3170 E AppOps  : 	at android.webkit.WebViewLibraryLoader.prepareNativeLibraries(WebViewLibraryLoader.java:152)
03-20 00:39:54.698  2160  3170 E AppOps  : 	at android.webkit.WebViewFactory.onWebViewProviderChanged(WebViewFactory.java:555)
03-20 00:39:54.698  2160  3170 E AppOps  : 	at com.android.server.webkit.SystemImpl.onWebViewProviderChanged(SystemImpl.java:174)
03-20 00:39:54.698  2160  3170 E AppOps  : 	at com.android.server.webkit.WebViewUpdateServiceImpl.onWebViewProviderChanged(WebViewUpdateServiceImpl.java:351)
03-20 00:39:54.698  2160  3170 E AppOps  : 	at com.android.server.webkit.WebViewUpdateServiceImpl.prepareWebViewInSystemServer(WebViewUpdateServiceImpl.java:182)
03-20 00:39:54.698  2160  3170 E AppOps  : 	at com.android.server.webkit.WebViewUpdateService.prepareWebViewInSystemServer(WebViewUpdateService.java:129)
03-20 00:39:54.698  2160  3170 E AppOps  : 	at com.android.server.SystemServer.lambda$startOtherServices$3(SystemServer.java:2879)
03-20 00:39:54.698  2160  3170 E AppOps  : 	at com.android.server.SystemServer.$r8$lambda$nG7XwJlwV2eNiP3C-iTim-mbKmM(Unknown Source:0)
03-20 00:39:54.698  2160  3170 E AppOps  : 	at com.android.server.SystemServer$$ExternalSyntheticLambda6.run(Unknown Source:2)
03-20 00:39:54.698  2160  3170 E AppOps  : 	at com.android.server.SystemServerInitThreadPool.lambda$submitTask$0(SystemServerInitThreadPool.java:106)
03-20 00:39:54.698  2160  3170 E AppOps  : 	at com.android.server.SystemServerInitThreadPool.$r8$lambda$aGlXt69ihU44Qi7EB_RNeu8pnrY(Unknown Source:0)
03-20 00:39:54.698  2160  3170 E AppOps  : 	at com.android.server.SystemServerInitThreadPool$$ExternalSyntheticLambda0.run(Unknown Source:6)
03-20 00:39:54.698  2160  3170 E AppOps  : 	at java.util.concurrent.Executors$RunnableAdapter.call(Executors.java:463)
03-20 00:39:54.698  2160  3170 E AppOps  : 	at java.util.concurrent.FutureTask.run(FutureTask.java:264)
03-20 00:39:54.698  2160  3170 E AppOps  : 	at java.util.concurrent.ThreadPoolExecutor.runWorker(ThreadPoolExecutor.java:1137)
03-20 00:39:54.698  2160  3170 E AppOps  : 	at java.util.concurrent.ThreadPoolExecutor$Worker.run(ThreadPoolExecutor.java:637)
03-20 00:39:54.698  2160  3170 E AppOps  : 	at com.android.internal.util.ConcurrentUtils$1$1.run(ConcurrentUtils.java:65)
03-20 00:39:54.698  2160  3170 D CompatibilityChangeReporter: Compat change id reported: 135634846; UID 1000; state: DISABLED
03-20 00:39:54.699  2160  3170 D CompatibilityChangeReporter: Compat change id reported: 177438394; UID 1000; state: DISABLED
03-20 00:39:54.699  2160  3170 D CompatibilityChangeReporter: Compat change id reported: 135772972; UID 1000; state: DISABLED
03-20 00:39:54.699  2160  3170 D CompatibilityChangeReporter: Compat change id reported: 178038272; UID 1000; state: DISABLED
03-20 00:39:54.699  2160  3170 E AppOps  : Bad call made by uid 1000. Package "android" does not belong to uid 1037.
03-20 00:39:54.699  2160  2614 W ActivityManager: com.qualcomm.qti.services.secureui inode == 0 (b/152760674)
03-20 00:39:54.702  2160  2690 W BatteryExternalStatsWorker: error reading modem stats:ERROR_PHONE_NOT_AVAILABLE
03-20 00:39:54.703  2160  3170 E AppOps  : checkOperation
03-20 00:39:54.703  2160  3170 E AppOps  : java.lang.SecurityException: Specified package "android" under uid 1037 but it is not
03-20 00:39:54.703  2160  3170 E AppOps  : 	at com.android.server.appop.AppOpsService.verifyAndGetBypass(AppOpsService.java:4692)
03-20 00:39:54.703  2160  3170 E AppOps  : 	at com.android.server.appop.AppOpsService.verifyAndGetBypass(AppOpsService.java:4560)
03-20 00:39:54.703  2160  3170 E AppOps  : 	at com.android.server.appop.AppOpsService.checkOperationUnchecked(AppOpsService.java:3253)
03-20 00:39:54.703  2160  3170 E AppOps  : 	at com.android.server.appop.AppOpsService.checkOperationImpl(AppOpsService.java:3236)
03-20 00:39:54.703  2160  3170 E AppOps  : 	at com.android.server.appop.AppOpsService.-$$Nest$mcheckOperationImpl(Unknown Source:0)
03-20 00:39:54.703  2160  3170 E AppOps  : 	at com.android.server.appop.AppOpsService$CheckOpsDelegateDispatcher.lambda$checkOperation$0(AppOpsService.java:7592)
03-20 00:39:54.703  2160  3170 E AppOps  : 	at com.android.server.appop.AppOpsService$CheckOpsDelegateDispatcher.$r8$lambda$KrwrxMLmGzFSEjEyo0aJ63o5J9E(Unknown Source:0)
03-20 00:39:54.703  2160  3170 E AppOps  : 	at com.android.server.appop.AppOpsService$CheckOpsDelegateDispatcher$$ExternalSyntheticLambda9.apply(Unknown Source:24)
03-20 00:39:54.703  2160  3170 E AppOps  : 	at com.android.server.policy.AppOpsPolicy.checkOperation(AppOpsPolicy.java:211)
03-20 00:39:54.703  2160  3170 E AppOps  : 	at com.android.server.appop.AppOpsService$CheckOpsDelegateDispatcher.checkOperation(AppOpsService.java:7591)
03-20 00:39:54.703  2160  3170 E AppOps  : 	at com.android.server.appop.AppOpsService.checkOperation(AppOpsService.java:3223)
03-20 00:39:54.703  2160  3170 E AppOps  : 	at com.android.server.StorageManagerService$StorageManagerInternalImpl.hasExternalStorageAccess(StorageManagerService.java:4841)
03-20 00:39:54.703  2160  3170 E AppOps  : 	at com.android.server.am.ProcessList.startProcessLocked(ProcessList.java:1696)
03-20 00:39:54.703  2160  3170 E AppOps  : 	at com.android.server.am.ProcessList.startProcessLocked(ProcessList.java:2384)
03-20 00:39:54.703  2160  3170 E AppOps  : 	at com.android.server.am.ProcessList.startProcessLocked(ProcessList.java:2524)
03-20 00:39:54.703  2160  3170 E AppOps  : 	at com.android.server.am.ActivityManagerService.startIsolatedProcess(ActivityManagerService.java:2825)
03-20 00:39:54.703  2160  3170 E AppOps  : 	at com.android.server.am.ActivityManagerService$LocalService.startIsolatedProcess(ActivityManagerService.java:16634)
03-20 00:39:54.703  2160  3170 E AppOps  : 	at android.webkit.WebViewLibraryLoader.createRelroFile(WebViewLibraryLoader.java:126)
03-20 00:39:54.703  2160  3170 E AppOps  : 	at android.webkit.WebViewLibraryLoader.createRelros(WebViewLibraryLoader.java:170)
03-20 00:39:54.703  2160  3170 E AppOps  : 	at android.webkit.WebViewLibraryLoader.prepareNativeLibraries(WebViewLibraryLoader.java:152)
03-20 00:39:54.703  2160  3170 E AppOps  : 	at android.webkit.WebViewFactory.onWebViewProviderChanged(WebViewFactory.java:555)
03-20 00:39:54.703  2160  3170 E AppOps  : 	at com.android.server.webkit.SystemImpl.onWebViewProviderChanged(SystemImpl.java:174)
03-20 00:39:54.703  2160  3170 E AppOps  : 	at com.android.server.webkit.WebViewUpdateServiceImpl.onWebViewProviderChanged(WebViewUpdateServiceImpl.java:351)
03-20 00:39:54.703  2160  3170 E AppOps  : 	at com.android.server.webkit.WebViewUpdateServiceImpl.prepareWebViewInSystemServer(WebViewUpdateServiceImpl.java:182)
03-20 00:39:54.703  2160  3170 E AppOps  : 	at com.android.server.webkit.WebViewUpdateService.prepareWebViewInSystemServer(WebViewUpdateService.java:129)
03-20 00:39:54.703  2160  3170 E AppOps  : 	at com.android.server.SystemServer.lambda$startOtherServices$3(SystemServer.java:2879)
03-20 00:39:54.703  2160  3170 E AppOps  : 	at com.android.server.SystemServer.$r8$lambda$nG7XwJlwV2eNiP3C-iTim-mbKmM(Unknown Source:0)
03-20 00:39:54.703  2160  3170 E AppOps  : 	at com.android.server.SystemServer$$ExternalSyntheticLambda6.run(Unknown Source:2)
03-20 00:39:54.703  2160  3170 E AppOps  : 	at com.android.server.SystemServerInitThreadPool.lambda$submitTask$0(SystemServerInitThreadPool.java:106)
03-20 00:39:54.703  2160  3170 E AppOps  : 	at com.android.server.SystemServerInitThreadPool.$r8$lambda$aGlXt69ihU44Qi7EB_RNeu8pnrY(Unknown Source:0)
03-20 00:39:54.703  2160  3170 E AppOps  : 	at com.android.server.SystemServerInitThreadPool$$ExternalSyntheticLambda0.run(Unknown Source:6)
03-20 00:39:54.703  2160  3170 E AppOps  : 	at java.util.concurrent.Executors$RunnableAdapter.call(Executors.java:463)
03-20 00:39:54.703  2160  3170 E AppOps  : 	at java.util.concurrent.FutureTask.run(FutureTask.java:264)
03-20 00:39:54.703  2160  3170 E AppOps  : 	at java.util.concurrent.ThreadPoolExecutor.runWorker(ThreadPoolExecutor.java:1137)
03-20 00:39:54.703  2160  3170 E AppOps  : 	at java.util.concurrent.ThreadPoolExecutor$Worker.run(ThreadPoolExecutor.java:637)
03-20 00:39:54.703  2160  3170 E AppOps  : 	at com.android.internal.util.ConcurrentUtils$1$1.run(ConcurrentUtils.java:65)
03-20 00:39:54.703  2160  3487 W NetworkPolicy: setRestrictBackgroundUL: already false
03-20 00:39:54.704  2160  3170 V SystemServerTimingAsync: WebViewFactoryPreparation took to complete: 7ms
03-20 00:39:54.704  2160  3170 D SystemServerInitThreadPool: Finished executing WebViewFactoryPreparation
03-20 00:39:54.704  2160  3170 V SystemServerTimingAsync: InitThreadPoolExec:WebViewFactoryPreparation took to complete: 7ms
03-20 00:39:54.727  2160  2160 V SystemServerTiming: MakeConnectivityServiceReady took to complete: 29ms
03-20 00:39:54.727  2160  2160 D SystemServerTiming: MakeVpnManagerServiceReady
03-20 00:39:54.731  2160  3634 I MR2ServiceImpl: registerManager | uid: 10108, pid: 3550, package: com.android.systemui, user: 0
03-20 00:39:54.733  2160  2160 V SystemServerTiming: MakeVpnManagerServiceReady took to complete: 6ms
03-20 00:39:54.733  2160  2160 D SystemServerTiming: MakeVcnManagementServiceReady
03-20 00:39:54.735  2160  2160 V SystemServerTiming: MakeVcnManagementServiceReady took to complete: 3ms
03-20 00:39:54.735  2160  2160 D SystemServerTiming: MakeNetworkPolicyServiceReady
03-20 00:39:54.736  2160  2160 V SystemServerTiming: MakeNetworkPolicyServiceReady took to complete: 0ms
03-20 00:39:54.736  2160  2160 D SystemServerTiming: PhaseThirdPartyAppsCanStart
03-20 00:39:54.736  2160  2160 I SystemServiceManager: Starting phase 600
03-20 00:39:54.736  2160  2160 D SystemServerTiming: OnBootPhase_600
03-20 00:39:54.736  2160  2160 D SystemServerTiming: OnBootPhase_600_com.android.server.security.FileIntegrityService
03-20 00:39:54.736  2160  2160 V SystemServerTiming: OnBootPhase_600_com.android.server.security.FileIntegrityService took to complete: 0ms
03-20 00:39:54.736  2160  2160 D SystemServerTiming: OnBootPhase_600_com.android.server.pm.Installer
03-20 00:39:54.736  2160  2160 V SystemServerTiming: OnBootPhase_600_com.android.server.pm.Installer took to complete: 0ms
03-20 00:39:54.736  2160  2160 D SystemServerTiming: OnBootPhase_600_com.android.server.os.DeviceIdentifiersPolicyService
03-20 00:39:54.736  2160  2160 V SystemServerTiming: OnBootPhase_600_com.android.server.os.DeviceIdentifiersPolicyService took to complete: 0ms
03-20 00:39:54.736  2160  2160 D SystemServerTiming: OnBootPhase_600_com.android.server.uri.UriGrantsManagerService$Lifecycle
03-20 00:39:54.736  2160  2160 V SystemServerTiming: OnBootPhase_600_com.android.server.uri.UriGrantsManagerService$Lifecycle took to complete: 0ms
03-20 00:39:54.736  2160  2160 D SystemServerTiming: OnBootPhase_600_com.android.server.powerstats.PowerStatsService
03-20 00:39:54.736  2160  2160 V SystemServerTiming: OnBootPhase_600_com.android.server.powerstats.PowerStatsService took to complete: 0ms
03-20 00:39:54.736  2160  2160 D SystemServerTiming: OnBootPhase_600_com.android.server.wm.ActivityTaskManagerService$Lifecycle
03-20 00:39:54.736  2160  2160 V SystemServerTiming: OnBootPhase_600_com.android.server.wm.ActivityTaskManagerService$Lifecycle took to complete: 0ms
03-20 00:39:54.736  2160  2160 D SystemServerTiming: OnBootPhase_600_com.android.server.am.ActivityManagerService$Lifecycle
03-20 00:39:54.737  2160  2160 I ExplicitHealthCheckController: Explicit health checks enabled.
03-20 00:39:54.737  2160  2160 I PackageWatchdog: Syncing state, reason: health check state enabled
03-20 00:39:54.737  2160  2160 I PackageWatchdog: Not pruning observers, elapsed time: 0ms
03-20 00:39:54.737  2160  2160 I PackageWatchdog: Cancelling state sync, nothing to sync
03-20 00:39:54.737  2160  2611 I PackageWatchdog: Saving observer state to file
03-20 00:39:54.737  2160  2160 V SystemServerTiming: OnBootPhase_600_com.android.server.am.ActivityManagerService$Lifecycle took to complete: 0ms
03-20 00:39:54.737  2160  3502 I VcnManagementService: new snapshot: TelephonySubscriptionSnapshot{ mActiveDataSubId=-1, mSubIdToInfoMap={}, mSubIdToCarrierConfigMap={}, mPrivilegedPackages={} }
03-20 00:39:54.738  2160  2160 D SystemServerTiming: OnBootPhase_600_com.android.server.pm.DataLoaderManagerService
03-20 00:39:54.738  2160  2160 V SystemServerTiming: OnBootPhase_600_com.android.server.pm.DataLoaderManagerService took to complete: 0ms
03-20 00:39:54.738  2160  2160 D SystemServerTiming: OnBootPhase_600_com.android.server.power.PowerManagerService
03-20 00:39:54.738  2160  2160 V SystemServerTiming: OnBootPhase_600_com.android.server.power.PowerManagerService took to complete: 1ms
03-20 00:39:54.739  2160  2160 D SystemServerTiming: OnBootPhase_600_com.android.server.power.ThermalManagerService
03-20 00:39:54.739  2160  2160 V SystemServerTiming: OnBootPhase_600_com.android.server.power.ThermalManagerService took to complete: 0ms
03-20 00:39:54.739  2160  2160 D SystemServerTiming: OnBootPhase_600_com.android.server.power.hint.HintManagerService
03-20 00:39:54.739  2160  2160 V SystemServerTiming: OnBootPhase_600_com.android.server.power.hint.HintManagerService took to complete: 0ms
03-20 00:39:54.739  2160  2160 D SystemServerTiming: OnBootPhase_600_com.android.server.recoverysystem.RecoverySystemService$Lifecycle
03-20 00:39:54.739  2160  2160 V SystemServerTiming: OnBootPhase_600_com.android.server.recoverysystem.RecoverySystemService$Lifecycle took to complete: 0ms
03-20 00:39:54.739  2160  2160 D SystemServerTiming: OnBootPhase_600_com.android.server.lights.LightsService
03-20 00:39:54.739  2160  2160 V SystemServerTiming: OnBootPhase_600_com.android.server.lights.LightsService took to complete: 0ms
03-20 00:39:54.739  2160  2160 D SystemServerTiming: OnBootPhase_600_com.android.server.display.DisplayManagerService
03-20 00:39:54.739  2160  2160 V SystemServerTiming: OnBootPhase_600_com.android.server.display.DisplayManagerService took to complete: 0ms
03-20 00:39:54.739  2160  2160 D SystemServerTiming: OnBootPhase_600_com.android.server.pm.verify.domain.DomainVerificationService
03-20 00:39:54.740  2160  2160 V SystemServerTiming: OnBootPhase_600_com.android.server.pm.verify.domain.DomainVerificationService took to complete: 0ms
03-20 00:39:54.740  2160  2160 D SystemServerTiming: OnBootPhase_600_com.android.server.pm.PackageInstallerService$Lifecycle
03-20 00:39:54.740  2160  2160 V SystemServerTiming: OnBootPhase_600_com.android.server.pm.PackageInstallerService$Lifecycle took to complete: 0ms
03-20 00:39:54.740  2160  2160 D SystemServerTiming: OnBootPhase_600_com.android.server.pm.UserManagerService$LifeCycle
03-20 00:39:54.740  2160  2160 V SystemServerTiming: OnBootPhase_600_com.android.server.pm.UserManagerService$LifeCycle took to complete: 0ms
03-20 00:39:54.740  2160  2160 D SystemServerTiming: OnBootPhase_600_com.android.server.om.OverlayManagerService
03-20 00:39:54.740  2160  2160 V SystemServerTiming: OnBootPhase_600_com.android.server.om.OverlayManagerService took to complete: 0ms
03-20 00:39:54.740  2160  2160 D SystemServerTiming: OnBootPhase_600_com.android.server.resources.ResourcesManagerService
03-20 00:39:54.740  2160  2160 V SystemServerTiming: OnBootPhase_600_com.android.server.resources.ResourcesManagerService took to complete: 0ms
03-20 00:39:54.740  2160  2160 D SystemServerTiming: OnBootPhase_600_com.android.server.sensorprivacy.SensorPrivacyService
03-20 00:39:54.740  2160  2160 V SystemServerTiming: OnBootPhase_600_com.android.server.sensorprivacy.SensorPrivacyService took to complete: 0ms
03-20 00:39:54.740  2160  2160 D SystemServerTiming: OnBootPhase_600_com.android.server.sensors.SensorService
03-20 00:39:54.740  2160  2160 V SystemServerTiming: OnBootPhase_600_com.android.server.sensors.SensorService took to complete: 0ms
03-20 00:39:54.740  2160  2160 D SystemServerTiming: OnBootPhase_600_com.android.server.SystemConfigService
03-20 00:39:54.740  2160  2160 V SystemServerTiming: OnBootPhase_600_com.android.server.SystemConfigService took to complete: 0ms
03-20 00:39:54.740  2160  2160 D SystemServerTiming: OnBootPhase_600_com.android.server.BatteryService
03-20 00:39:54.740  2160  2160 V SystemServerTiming: OnBootPhase_600_com.android.server.BatteryService took to complete: 0ms
03-20 00:39:54.740  2160  2160 D SystemServerTiming: OnBootPhase_600_com.android.server.usage.UsageStatsService
03-20 00:39:54.740  2160  2160 V SystemServerTiming: OnBootPhase_600_com.android.server.usage.UsageStatsService took to complete: 0ms
03-20 00:39:54.740  2160  2160 D SystemServerTiming: OnBootPhase_600_com.android.server.webkit.WebViewUpdateService
03-20 00:39:54.740  2160  2160 V SystemServerTiming: OnBootPhase_600_com.android.server.webkit.WebViewUpdateService took to complete: 0ms
03-20 00:39:54.740  2160  2160 D SystemServerTiming: OnBootPhase_600_com.android.server.CachedDeviceStateService
03-20 00:39:54.740  2160  2160 V SystemServerTiming: OnBootPhase_600_com.android.server.CachedDeviceStateService took to complete: 0ms
03-20 00:39:54.740  2160  2160 D SystemServerTiming: OnBootPhase_600_com.android.server.BinderCallsStatsService$LifeCycle
03-20 00:39:54.740  2160  2160 V SystemServerTiming: OnBootPhase_600_com.android.server.BinderCallsStatsService$LifeCycle took to complete: 0ms
03-20 00:39:54.740  2160  2160 D SystemServerTiming: OnBootPhase_600_com.android.server.LooperStatsService$Lifecycle
03-20 00:39:54.740  2160  2160 V SystemServerTiming: OnBootPhase_600_com.android.server.LooperStatsService$Lifecycle took to complete: 0ms
03-20 00:39:54.740  2160  2160 D SystemServerTiming: OnBootPhase_600_com.android.server.rollback.RollbackManagerService
03-20 00:39:54.740  2160  2160 V SystemServerTiming: OnBootPhase_600_com.android.server.rollback.RollbackManagerService took to complete: 0ms
03-20 00:39:54.740  2160  2160 D SystemServerTiming: OnBootPhase_600_com.android.server.os.NativeTombstoneManagerService
03-20 00:39:54.740  2160  2160 V SystemServerTiming: OnBootPhase_600_com.android.server.os.NativeTombstoneManagerService took to complete: 0ms
03-20 00:39:54.740  2160  2160 D SystemServerTiming: OnBootPhase_600_com.android.server.os.BugreportManagerService
03-20 00:39:54.740  2160  2160 V SystemServerTiming: OnBootPhase_600_com.android.server.os.BugreportManagerService took to complete: 0ms
03-20 00:39:54.740  2160  2160 D SystemServerTiming: OnBootPhase_600_com.android.server.gpu.GpuService
03-20 00:39:54.740  2160  2160 V SystemServerTiming: OnBootPhase_600_com.android.server.gpu.GpuService took to complete: 0ms
03-20 00:39:54.740  2160  2160 D SystemServerTiming: OnBootPhase_600_com.android.server.security.KeyChainSystemService
03-20 00:39:54.740  2160  2160 V SystemServerTiming: OnBootPhase_600_com.android.server.security.KeyChainSystemService took to complete: 0ms
03-20 00:39:54.740  2160  2160 D SystemServerTiming: OnBootPhase_600_com.android.server.BinaryTransparencyService
03-20 00:39:54.740  2160  2160 V SystemServerTiming: OnBootPhase_600_com.android.server.BinaryTransparencyService took to complete: 0ms
03-20 00:39:54.740  2160  2160 D SystemServerTiming: OnBootPhase_600_com.android.server.telecom.TelecomLoaderService
03-20 00:39:54.740  2160  2160 V SystemServerTiming: OnBootPhase_600_com.android.server.telecom.TelecomLoaderService took to complete: 0ms
03-20 00:39:54.740  2160  2160 D SystemServerTiming: OnBootPhase_600_com.android.server.accounts.AccountManagerService$Lifecycle
03-20 00:39:54.740  2160  2160 V SystemServerTiming: OnBootPhase_600_com.android.server.accounts.AccountManagerService$Lifecycle took to complete: 0ms
03-20 00:39:54.740  2160  2160 D SystemServerTiming: OnBootPhase_600_com.android.server.content.ContentService$Lifecycle
03-20 00:39:54.740  2160  2160 V SystemServerTiming: OnBootPhase_600_com.android.server.content.ContentService$Lifecycle took to complete: 0ms
03-20 00:39:54.740  2160  2160 D SystemServerTiming: OnBootPhase_600_com.android.server.DropBoxManagerService
03-20 00:39:54.740  2160  2160 V SystemServerTiming: OnBootPhase_600_com.android.server.DropBoxManagerService took to complete: 0ms
03-20 00:39:54.740  2160  2160 D SystemServerTiming: OnBootPhase_600_com.android.role.RoleService
03-20 00:39:54.740  2160  2160 V SystemServerTiming: OnBootPhase_600_com.android.role.RoleService took to complete: 0ms
03-20 00:39:54.740  2160  2160 D SystemServerTiming: OnBootPhase_600_com.android.server.vibrator.VibratorManagerService$Lifecycle
03-20 00:39:54.740  2160  2160 V SystemServerTiming: OnBootPhase_600_com.android.server.vibrator.VibratorManagerService$Lifecycle took to complete: 0ms
03-20 00:39:54.740  2160  2160 D SystemServerTiming: OnBootPhase_600_com.android.server.tare.InternalResourceService
03-20 00:39:54.740  2160  2160 V SystemServerTiming: OnBootPhase_600_com.android.server.tare.InternalResourceService took to complete: 0ms
03-20 00:39:54.740  2160  2160 D SystemServerTiming: OnBootPhase_600_com.android.server.alarm.AlarmManagerService
03-20 00:39:54.740  2160  2160 V SystemServerTiming: OnBootPhase_600_com.android.server.alarm.AlarmManagerService took to complete: 0ms
03-20 00:39:54.740  2160  2160 D SystemServerTiming: OnBootPhase_600_com.android.server.devicestate.DeviceStateManagerService
03-20 00:39:54.740  2160  2160 V SystemServerTiming: OnBootPhase_600_com.android.server.devicestate.DeviceStateManagerService took to complete: 0ms
03-20 00:39:54.740  2160  2160 D SystemServerTiming: OnBootPhase_600_com.android.server.camera.CameraServiceProxy
03-20 00:39:54.740  2160  2160 V SystemServerTiming: OnBootPhase_600_com.android.server.camera.CameraServiceProxy took to complete: 0ms
03-20 00:39:54.740  2160  2160 D SystemServerTiming: OnBootPhase_600_com.android.server.bluetooth.BluetoothService
03-20 00:39:54.740  2160  2160 V SystemServerTiming: OnBootPhase_600_com.android.server.bluetooth.BluetoothService took to complete: 0ms
03-20 00:39:54.740  2160  2160 D SystemServerTiming: OnBootPhase_600_com.android.server.connectivity.IpConnectivityMetrics
03-20 00:39:54.741  2160  2160 V SystemServerTiming: OnBootPhase_600_com.android.server.connectivity.IpConnectivityMetrics took to complete: 0ms
03-20 00:39:54.741  2160  2160 D SystemServerTiming: OnBootPhase_600_com.android.server.net.watchlist.NetworkWatchlistService$Lifecycle
03-20 00:39:54.741  2160  2160 V SystemServerTiming: OnBootPhase_600_com.android.server.net.watchlist.NetworkWatchlistService$Lifecycle took to complete: 0ms
03-20 00:39:54.741  2160  2160 D SystemServerTiming: OnBootPhase_600_com.android.server.PinnerService
03-20 00:39:54.741  2160  2160 V SystemServerTiming: OnBootPhase_600_com.android.server.PinnerService took to complete: 0ms
03-20 00:39:54.741  2160  2160 D SystemServerTiming: OnBootPhase_600_com.android.server.ActivityTriggerService
03-20 00:39:54.741  2160  2160 V SystemServerTiming: OnBootPhase_600_com.android.server.ActivityTriggerService took to complete: 0ms
03-20 00:39:54.741  2160  2160 D SystemServerTiming: OnBootPhase_600_com.android.server.integrity.AppIntegrityManagerService
03-20 00:39:54.741  2160  2160 V SystemServerTiming: OnBootPhase_600_com.android.server.integrity.AppIntegrityManagerService took to complete: 0ms
03-20 00:39:54.741  2160  2160 D SystemServerTiming: OnBootPhase_600_com.android.server.logcat.LogcatManagerService
03-20 00:39:54.741  2160  2160 V SystemServerTiming: OnBootPhase_600_com.android.server.logcat.LogcatManagerService took to complete: 0ms
03-20 00:39:54.741  2160  2160 D SystemServerTiming: OnBootPhase_600_com.android.server.inputmethod.InputMethodManagerService$Lifecycle
03-20 00:39:54.741  2160  2160 V SystemServerTiming: OnBootPhase_600_com.android.server.inputmethod.InputMethodManagerService$Lifecycle took to complete: 0ms
03-20 00:39:54.741  2160  2160 D SystemServerTiming: OnBootPhase_600_com.android.server.accessibility.AccessibilityManagerService$Lifecycle
03-20 00:39:54.742  2160  2160 V SystemServerTiming: OnBootPhase_600_com.android.server.accessibility.AccessibilityManagerService$Lifecycle took to complete: 1ms
