--------- beginning of events
01-15 03:50:41.148   372   372 I liblog  : 167
01-15 03:50:41.292   473   473 I snet_event_log: [121035042,-1,]
01-15 03:50:41.294   486   486 I snet_event_log: [121035042,-1,]
01-15 03:50:41.295   473   473 I auditd  : SELinux: Loaded service_contexts from:
01-15 03:50:41.295   473   473 I auditd  :     /system/etc/selinux/plat_service_contexts
01-15 03:50:41.295   473   473 I auditd  :     /system_ext/etc/selinux/system_ext_service_contexts
01-15 03:50:41.295   473   473 I auditd  :     /product/etc/selinux/product_service_contexts
01-15 03:50:41.295   473   473 I auditd  :     /vendor/etc/selinux/vendor_service_contexts
01-01 08:00:00.124   451   451 I auditd  : type=2000 audit(0.0:1): state=initialized audit_enabled=0 res=1
01-15 03:50:39.967   451   451 I auditd  : type=1403 audit(0.0:2): auid=4294967295 ses=4294967295 lsm=selinux res=1
01-15 03:50:39.979   451   451 I auditd  : type=1404 audit(0.0:3): enforcing=1 old_enforcing=0 auid=4294967295 ses=4294967295 enabled=1 old-enabled=1 lsm=selinux res=1
01-15 03:50:40.355     1     1 I auditd  : type=1400 audit(0.0:4): avc: denied { mounton } for comm="init" path="/sys/kernel/tracing" dev="tracefs" ino=1 scontext=u:r:init:s0 tcontext=u:object_r:debugfs_tracing_debug:s0 tclass=dir permissive=0
01-15 03:50:40.515     1     1 I auditd  : type=1400 audit(0.0:5): avc: denied { mounton } for comm="init" path="/sys/kernel/tracing" dev="tracefs" ino=1 scontext=u:r:init:s0 tcontext=u:object_r:debugfs_tracing_debug:s0 tclass=dir permissive=0
01-15 03:50:41.835   372   372 I liblog  : 542
01-15 03:50:41.647   549   549 I auditd  : type=1400 audit(0.0:6): avc: denied { write } for comm="modprobe" scontext=u:r:vendor_modprobe:s0 tcontext=u:r:vendor_modprobe:s0 tclass=key permissive=0
01-15 03:50:42.111     1     1 I auditd  : type=1400 audit(0.0:7): avc: denied { write } for comm="init" name="printk" dev="proc" ino=24723 scontext=u:r:init:s0 tcontext=u:object_r:proc:s0 tclass=file permissive=0
01-15 03:50:42.735   206   206 I auditd  : type=1400 audit(0.0:8): avc: denied { setattr } for comm="init" name="aw_vibrator" dev="sysfs" ino=109804 scontext=u:r:vendor_init:s0 tcontext=u:object_r:sysfs:s0 tclass=lnk_file permissive=0
01-15 03:50:42.759   885   885 I auditd  : type=1400 audit(0.0:9): avc: denied { read write } for comm="qseecomd" name="0:0:0:0" dev="tmpfs" ino=710 scontext=u:r:tee:s0 tcontext=u:object_r:device:s0 tclass=chr_file permissive=0
01-15 03:50:42.759   885   885 I auditd  : type=1400 audit(0.0:10): avc: denied { read } for comm="qseecomd" name="sda" dev="tmpfs" ino=945 scontext=u:r:tee:s0 tcontext=u:object_r:vendor_gpt_block_device:s0 tclass=blk_file permissive=0
01-15 03:50:42.759   885   885 I auditd  : type=1400 audit(0.0:11): avc: denied { read write } for comm="qseecomd" name="0:0:0:2" dev="tmpfs" ino=888 scontext=u:r:tee:s0 tcontext=u:object_r:device:s0 tclass=chr_file permissive=0
01-15 03:50:42.759   885   885 I auditd  : type=1400 audit(0.0:12): avc: denied { read } for comm="qseecomd" name="sdc" dev="tmpfs" ino=687 scontext=u:r:tee:s0 tcontext=u:object_r:vendor_xbl_block_device:s0 tclass=blk_file permissive=0
01-15 03:50:42.759   885   885 I auditd  : type=1400 audit(0.0:13): avc: denied { read write } for comm="qseecomd" name="0:0:0:1" dev="tmpfs" ino=840 scontext=u:r:tee:s0 tcontext=u:object_r:device:s0 tclass=chr_file permissive=0
01-15 03:50:42.759   885   885 I auditd  : type=1400 audit(0.0:14): avc: denied { read } for comm="qseecomd" name="sdb" dev="tmpfs" ino=543 scontext=u:r:tee:s0 tcontext=u:object_r:vendor_xbl_block_device:s0 tclass=blk_file permissive=0
01-15 03:50:42.759   885   885 I auditd  : type=1400 audit(0.0:15): avc: denied { read write } for comm="qseecomd" name="0:0:0:3" dev="tmpfs" ino=698 scontext=u:r:tee:s0 tcontext=u:object_r:device:s0 tclass=chr_file permissive=0
01-15 03:50:42.759   885   885 I auditd  : type=1400 audit(0.0:16): avc: denied { read } for comm="qseecomd" name="sdd" dev="tmpfs" ino=837 scontext=u:r:tee:s0 tcontext=u:object_r:vendor_gpt_block_device:s0 tclass=blk_file permissive=0
01-15 03:50:42.759   885   885 I auditd  : type=1400 audit(0.0:17): avc: denied { read write } for comm="qseecomd" name="0:0:0:5" dev="tmpfs" ino=526 scontext=u:r:tee:s0 tcontext=u:object_r:device:s0 tclass=chr_file permissive=0
01-15 03:50:42.759   885   885 I auditd  : type=1400 audit(0.0:18): avc: denied { read } for comm="qseecomd" name="sdf" dev="tmpfs" ino=693 scontext=u:r:tee:s0 tcontext=u:object_r:boot_block_device:s0 tclass=blk_file permissive=0
01-15 03:50:42.961   473   473 I auditd  : avc:  denied  { find } for pid=977 uid=1000 name=android.system.suspend.ISystemSuspend/default scontext=u:r:vendor_spdaemon:s0 tcontext=u:object_r:hal_system_suspend_service:s0 tclass=service_manager permissive=0
01-15 03:50:42.962   473   473 I auditd  : avc:  denied  { find } for pid=977 uid=1000 name=android.system.suspend.ISystemSuspend/default scontext=u:r:vendor_spdaemon:s0 tcontext=u:object_r:hal_system_suspend_service:s0 tclass=service_manager permissive=0
01-15 03:50:43.064   985   985 I auditd  : SELinux: Loaded keystore2_key_contexts from:
01-15 03:50:43.064   985   985 I auditd  :     /system/etc/selinux/plat_keystore2_key_contexts
01-15 03:50:45.207     1     1 I auditd  : type=1107 audit(0.0:19): uid=0 auid=4294967295 ses=4294967295 subj=u:r:init:s0 msg='avc: denied { set } for property=debug.sf.disable_client_composition_cache pid=1178 uid=1000 gid=1000 scontext=u:r:qti_display_boot:s0 tcontext=u:object_r:debug_prop:s0 tclass=property_service permissive=0'
01-15 03:50:45.677  1191  1191 I boot_progress_start: 6521
01-15 03:50:45.679     1     1 I auditd  : type=1400 audit(0.0:20): avc: denied { write } for comm="init" name="discard_max_bytes" dev="sysfs" ino=89060 scontext=u:r:init:s0 tcontext=u:object_r:sysfs:s0 tclass=file permissive=0
01-15 03:50:46.135  1446  1446 I auditd  : type=1400 audit(0.0:21): avc: denied { read } for comm="vendor.qti.secu" name="u:object_r:init_service_status_private_prop:s0" dev="tmpfs" ino=240 scontext=u:r:hal_secure_element_default:s0 tcontext=u:object_r:init_service_status_private_prop:s0 tclass=file permissive=0
01-15 03:50:46.291  1496  1496 I auditd  : type=1400 audit(0.0:22): avc: denied { dac_override } for comm="rmt_storage" capability=1 scontext=u:r:vendor_rmt_storage:s0 tcontext=u:r:vendor_rmt_storage:s0 tclass=capability permissive=0
01-15 03:50:46.295  1547  1547 I auditd  : type=1400 audit(0.0:23): avc: denied { read } for comm="getprop" name="u:object_r:persist_debug_prop:s0" dev="tmpfs" ino=280 scontext=u:r:vendor-qti-testscripts:s0 tcontext=u:object_r:persist_debug_prop:s0 tclass=file permissive=1
01-15 03:50:46.295  1547  1547 I auditd  : type=1400 audit(0.0:24): avc: denied { open } for comm="getprop" path="/dev/__properties__/u:object_r:persist_debug_prop:s0" dev="tmpfs" ino=280 scontext=u:r:vendor-qti-testscripts:s0 tcontext=u:object_r:persist_debug_prop:s0 tclass=file permissive=1
01-15 03:50:46.295  1547  1547 I auditd  : type=1400 audit(0.0:25): avc: denied { getattr } for comm="getprop" path="/dev/__properties__/u:object_r:persist_debug_prop:s0" dev="tmpfs" ino=280 scontext=u:r:vendor-qti-testscripts:s0 tcontext=u:object_r:persist_debug_prop:s0 tclass=file permissive=1
01-15 03:50:46.295  1547  1547 I auditd  : type=1400 audit(0.0:26): avc: denied { map } for comm="getprop" path="/dev/__properties__/u:object_r:persist_debug_prop:s0" dev="tmpfs" ino=280 scontext=u:r:vendor-qti-testscripts:s0 tcontext=u:object_r:persist_debug_prop:s0 tclass=file permissive=1
01-15 03:50:46.495  1192  1192 I snet_event_log: [200284993,-1,]
01-15 03:50:46.503  1191  1191 I snet_event_log: [200284993,-1,]
01-15 03:50:46.593  1349  1349 I liblog  : 7
01-15 03:50:46.597  1191  1191 I boot_progress_preload_start: 7441
01-15 03:50:47.665  1191  1191 I boot_progress_preload_end: 8509
01-15 03:50:48.366  2160  2160 I system_server_start: [1,9184,9184]
01-15 03:50:48.372  2160  2160 I boot_progress_system_run: 9216
01-15 03:50:49.095  1250  1250 I auditd  : type=1400 audit(0.0:27): avc: denied { read } for comm="binder:1250_2" name="/" dev="debugfs" ino=1 scontext=u:r:hal_audio_default:s0 tcontext=u:object_r:debugfs:s0 tclass=dir permissive=0
01-15 03:50:49.095  1250  1250 I auditd  : type=1400 audit(0.0:28): avc: denied { read } for comm="binder:1250_2" name="/" dev="debugfs" ino=1 scontext=u:r:hal_audio_default:s0 tcontext=u:object_r:debugfs:s0 tclass=dir permissive=0
01-15 03:50:49.095  1250  1250 I auditd  : type=1400 audit(0.0:29): avc: denied { read } for comm="binder:1250_2" name="/" dev="debugfs" ino=1 scontext=u:r:hal_audio_default:s0 tcontext=u:object_r:debugfs:s0 tclass=dir permissive=0
01-15 03:50:49.095  1250  1250 I auditd  : type=1400 audit(0.0:30): avc: denied { read } for comm="binder:1250_2" name="/" dev="debugfs" ino=1 scontext=u:r:hal_audio_default:s0 tcontext=u:object_r:debugfs:s0 tclass=dir permissive=0
01-15 03:50:49.227   984   984 I auditd  : type=1400 audit(0.0:31): avc: denied { read } for comm="binder:984_5" name="wakeup10" dev="sysfs" ino=102917 scontext=u:r:system_suspend:s0 tcontext=u:object_r:sysfs:s0 tclass=dir permissive=0
01-15 03:50:49.235   984   984 I auditd  : type=1400 audit(0.0:32): avc: denied { read } for comm="binder:984_5" name="wakeup13" dev="sysfs" ino=106572 scontext=u:r:system_suspend:s0 tcontext=u:object_r:sysfs:s0 tclass=dir permissive=0
01-15 03:50:49.240  2160  2611 I commit_sys_config_file: [batterystats,1]
01-15 03:50:49.241  2160  2611 I commit_sys_config_file: [batterystats,0]
01-15 03:50:49.260  2160  2160 I rescue_note: [0,1,10103]
01-15 03:50:49.283  2160  2611 I commit_sys_config_file: [display-state,1]
01-15 03:50:49.297  2160  2160 I boot_progress_pms_start: 10141
01-15 03:50:49.312  2160  2160 I pm_critical_info: No settings file; creating initial state
01-15 03:50:49.314  2160  2160 I boot_progress_pms_system_scan_start: 10157
01-15 03:50:49.386  2160  2160 I pm_critical_info: Adding duplicate shared id: 1000 name=android
01-15 03:50:49.393  2160  2160 I pm_critical_info: Adding duplicate app id: 10024 name=com.android.providers.blockednumber
01-15 03:50:49.396  2160  2160 I pm_critical_info: Adding duplicate shared id: 1000 name=com.android.providers.settings
01-15 03:50:49.400  2160  2160 I pm_critical_info: Adding duplicate app id: 10025 name=com.android.providers.downloads
01-15 03:50:49.405  2160  2160 I pm_critical_info: Adding duplicate shared id: 1000 name=com.android.dynsystem
01-15 03:50:49.409  2160  2160 I pm_critical_info: Adding duplicate shared id: 1000 name=com.android.localtransport
01-15 03:50:49.412  2160  2160 I pm_critical_info: Adding duplicate app id: 10024 name=com.android.providers.contacts
01-15 03:50:49.414  2160  2160 I pm_critical_info: Adding duplicate app id: 10025 name=com.android.providers.media
01-15 03:50:49.418  2160  2160 I pm_critical_info: Adding duplicate shared id: 1000 name=com.android.server.telecom
01-15 03:50:49.420  2160  2160 I pm_critical_info: Adding duplicate shared id: 1073 name=com.android.networkstack
01-15 03:50:49.423  2160  2160 I pm_critical_info: Adding duplicate shared id: 1000 name=com.android.inputdevices
01-15 03:50:49.427  2160  2160 I pm_critical_info: Adding duplicate app id: 10025 name=com.android.soundpicker
01-15 03:50:49.434  2160  2160 I pm_critical_info: Adding duplicate app id: 10025 name=com.android.providers.downloads.ui
01-15 03:50:49.436  2160  2160 I pm_critical_info: Adding duplicate app id: 10025 name=com.android.mtp
01-15 03:50:49.438  2160  2160 I pm_critical_info: Adding duplicate shared id: 1001 name=com.android.providers.telephony
01-15 03:50:49.441  2160  2160 I pm_critical_info: Adding duplicate app id: 10024 name=com.android.calllogbackup
01-15 03:50:49.443  2160  2160 I pm_critical_info: Adding duplicate app id: 10024 name=com.android.providers.userdictionary
01-15 03:50:49.444  2160  2160 I pm_critical_info: Adding duplicate shared id: 1001 name=com.android.phone
01-15 03:50:49.445  2160  2160 I service_manager_stats: [100,34,10289]
01-15 03:50:49.447  2160  2160 I pm_critical_info: Adding duplicate shared id: 1001 name=com.android.ons
01-15 03:50:49.451  2160  2160 I pm_critical_info: Adding duplicate shared id: 1000 name=com.android.location.fused
01-15 03:50:49.455  2160  2160 I pm_critical_info: Adding duplicate shared id: 2000 name=com.android.shell
01-15 03:50:49.456  2160  2160 I pm_critical_info: Adding duplicate shared id: 1001 name=com.android.mms.service
01-15 03:50:49.463  2160  2160 I pm_critical_info: Adding duplicate app id: 10039 name=com.android.providers.calendar
01-15 03:50:49.478  2160  2160 I pm_critical_info: Adding duplicate shared id: 1000 name=com.android.wallpaperbackup
01-15 03:50:49.480  2160  2160 I pm_critical_info: Adding duplicate shared id: 1001 name=com.android.stk
01-15 03:50:49.489  2160  2160 I pm_critical_info: Adding duplicate shared id: 1000 name=com.android.keychain
01-15 03:50:49.492  2160  2160 I pm_critical_info: Adding duplicate shared id: 1002 name=com.android.bluetooth
01-15 03:50:49.498  2160  2160 I pm_critical_info: Adding duplicate app id: 10049 name=com.android.cts.ctsshim
01-15 03:50:49.507  2160  2160 I pm_critical_info: Adding duplicate shared id: 1068 name=com.android.se
01-15 03:50:49.536  2160  2160 I service_manager_slow: [10,platform_compat]
01-15 03:50:49.537  2160  2160 I pm_critical_info: Adding duplicate app id: 10064 name=vendor.qti.hardware.cacert.server
01-15 03:50:49.540  2160  2160 I pm_critical_info: Adding duplicate app id: 10064 name=vendor.qti.iwlan
01-15 03:50:49.542  2160  2160 I pm_critical_info: Adding duplicate app id: 10064 name=com.qualcomm.qti.cne
01-15 03:50:49.545  2160  2160 I pm_critical_info: Adding duplicate app id: 10068 name=vendor.qti.data.txpwradmin
01-15 03:50:49.600  2160  2160 I pm_critical_info: Adding duplicate app id: 10082 name=com.qti.xdivert
01-15 03:50:49.648  2160  2160 I pm_critical_info: Adding duplicate shared id: 1000 name=com.qualcomm.qti.xrvd.service
01-15 03:50:49.674  2160  2160 I pm_critical_info: Adding duplicate app id: 10082 name=com.qualcomm.qcrilmsgtunnel
01-15 03:50:49.675  2160  2160 I pm_critical_info: Adding duplicate shared id: 1001 name=com.qti.dpmserviceapp
01-15 03:50:49.740  2160  2160 I pm_critical_info: Adding duplicate app id: 10108 name=com.android.systemui
01-15 03:50:49.772  2160  2160 I pm_critical_info: Adding duplicate app id: 10115 name=com.qualcomm.location.XT
01-15 03:50:49.776  2160  2160 I pm_critical_info: Adding duplicate app id: 10117 name=com.android.emergency
01-15 03:50:49.870  2160  2160 I pm_critical_info: Adding duplicate shared id: 1000 name=com.android.settings
01-15 03:50:49.886  2160  2160 I pm_critical_info: Adding duplicate shared id: 1001 name=com.qualcomm.qti.uceShimService
01-15 03:50:49.897  2160  2160 I pm_critical_info: Adding duplicate shared id: 1000 name=vendor.qti.qesdk.sysservice
01-15 03:50:49.901  2160  2160 I pm_critical_info: Adding duplicate shared id: 1001 name=com.qualcomm.qti.dynamicddsservice
01-15 03:50:49.909  2160  2160 I pm_critical_info: Adding duplicate shared id: 1001 name=vendor.qti.imsrcs
01-15 03:50:49.911  2160  2160 I pm_critical_info: Adding duplicate shared id: 1027 name=com.android.nfc
01-15 03:50:49.913  2160  2160 I pm_critical_info: Adding duplicate app id: 10082 name=com.qualcomm.qti.devicestatisticsservice
01-15 03:50:49.911     1     1 I auditd  : type=1107 audit(0.0:33): uid=0 auid=4294967295 ses=4294967295 subj=u:r:init:s0 msg='avc: denied { set } for property=gf.debug.fp_vendor pid=2352 uid=1000 gid=1000 scontext=u:r:hal_fingerprint_default:s0 tcontext=u:object_r:default_prop:s0 tclass=property_service permissive=0'
01-15 03:50:49.911     1     1 I auditd  : type=1107 audit(0.0:34): uid=0 auid=4294967295 ses=4294967295 subj=u:r:init:s0 msg='avc: denied { set } for property=gf.debug.fp_model pid=2352 uid=1000 gid=1000 scontext=u:r:hal_fingerprint_default:s0 tcontext=u:object_r:default_prop:s0 tclass=property_service permissive=0'
01-15 03:50:49.911     1     1 I auditd  : type=1107 audit(0.0:35): uid=0 auid=4294967295 ses=4294967295 subj=u:r:init:s0 msg='avc: denied { set } for property=gf.debug.fp_serial pid=2352 uid=1000 gid=1000 scontext=u:r:hal_fingerprint_default:s0 tcontext=u:object_r:default_prop:s0 tclass=property_service permissive=0'
01-15 03:50:49.917  2160  2160 I pm_critical_info: Adding duplicate shared id: 1001 name=com.qti.qualcomm.datastatusnotification
01-15 03:50:49.923  2160  2160 I pm_critical_info: Adding duplicate shared id: 1001 name=com.qualcomm.atfwd
01-15 03:50:49.925  2160  2160 I pm_critical_info: Adding duplicate shared id: 1027 name=com.android.nfcstm
01-15 03:50:49.933  2160  2160 I pm_critical_info: Adding duplicate app id: 10082 name=com.qualcomm.qti.telephonyservice
01-15 03:50:49.934  2160  2160 I pm_critical_info: Adding duplicate shared id: 1000 name=com.qti.diagservices
01-15 03:50:49.937  2160  2160 I pm_critical_info: Adding duplicate shared id: 1000 name=com.qualcomm.qti.services.secureui
01-15 03:50:49.939  2160  2160 I pm_critical_info: Adding duplicate shared id: 1001 name=vendor.qti.imsdatachannel
01-15 03:50:49.944  2160  2160 I pm_critical_info: Adding duplicate app id: 10082 name=com.qti.phone
01-15 03:50:49.984  2160  2160 I pm_critical_info: Adding duplicate shared id: 1073 name=com.android.networkstack.tethering
01-15 03:50:50.063  2352  2352 I auditd  : type=1400 audit(0.0:36): avc: denied { read } for comm="android.hardwar" name="u:object_r:vendor_system_prop:s0" dev="tmpfs" ino=461 scontext=u:r:hal_fingerprint_default:s0 tcontext=u:object_r:vendor_system_prop:s0 tclass=file permissive=0
01-15 03:50:50.066  2160  2160 I pm_critical_info: Adding duplicate shared id: 1073 name=com.android.cellbroadcastservice
01-15 03:50:50.079  2352  2352 I auditd  : type=1400 audit(0.0:37): avc: denied { read } for comm="android.hardwar" name="input" dev="tmpfs" ino=1080 scontext=u:r:hal_fingerprint_default:s0 tcontext=u:object_r:input_device:s0 tclass=dir permissive=0
01-15 03:50:50.100  2160  2160 I boot_progress_pms_data_scan_start: 10944
01-15 03:50:50.104  2160  2160 I boot_progress_pms_scan_end: 10948
01-15 03:50:50.183  2160  2160 I commit_sys_config_file: [package-user-0,0]
01-15 03:50:50.183  2160  2160 I commit_sys_config_file: [package,9]
01-15 03:50:50.183  2160  2160 I boot_progress_pms_ready: 11027
01-15 03:50:50.202  2160  2160 I am_uid_running: 1000
01-15 03:50:50.204  2160  2160 I am_uid_active: 1000
01-15 03:50:50.459  2160  2160 I commit_sys_config_file: [overlays,15]
01-15 03:50:50.830  2160  2941 I battery_status: [2,2,1,2,Li-ion]
01-15 03:50:50.830  2160  2941 I battery_level: [98,4321,310]
01-15 03:50:51.177  2160  2160 I commit_sys_config_file: [settings-1-0,0]
01-15 03:50:51.178  2160  2160 I commit_sys_config_file: [settings-2-0,1]
01-15 03:50:51.181  2160  2160 I commit_sys_config_file: [settings-0-0,1]
01-15 03:50:51.182  2160  2160 I commit_sys_config_file: [settings-0-0,1]
01-15 03:50:51.184  2160  2160 I commit_sys_config_file: [settings-2-0,1]
01-15 03:50:51.184  2160  2160 I commit_sys_config_file: [settings-1-0,1]
03-20 00:39:50.060  2160  2160 I wm_task_created: [1,-1]
03-20 00:39:50.075  2160  2592 I sysui_multi_action: [757,1594,758,4,759,0,806,NULL]
03-20 00:39:50.094  2160  2160 I commit_sys_config_file: [net-watchlist,0]
03-20 00:39:50.107  2160  2160 I auditd  : type=1400 audit(0.0:38): avc: denied { read } for comm="InputReader" name="max_brightness" dev="sysfs" ino=109806 scontext=u:r:system_server:s0 tcontext=u:object_r:sysfs:s0 tclass=file permissive=0
03-20 00:39:50.152  2160  3076 I commit_sys_config_file: [settings-0-0,2]
03-20 00:39:50.155  2160  3076 I commit_sys_config_file: [settings-2-0,2]
03-20 00:39:50.156  2160  3076 I commit_sys_config_file: [settings-1-0,1]
03-20 00:39:50.170  2160  3076 I commit_sys_config_file: [settings-4-0,1]
03-20 00:39:50.174  2160  2160 I configuration_changed: 536894968
03-20 00:39:50.176  2160  2160 I sysui_multi_action: [757,1659,758,4,759,1,1660,0]
03-20 00:39:50.178  2160  2160 I configuration_changed: 8
03-20 00:39:50.200  2160  2591 I am_uid_running: 10141
03-20 00:39:50.235  2160  2160 I auditd  : type=1400 audit(0.0:39): avc: denied { read } for comm="pool-1-thread-1" name="u:object_r:vendor_persist_camera_prop:s0" dev="tmpfs" ino=424 scontext=u:r:system_server:s0 tcontext=u:object_r:vendor_persist_camera_prop:s0 tclass=file permissive=0
03-20 00:39:50.235  2160  2160 I auditd  : type=1400 audit(0.0:40): avc: denied { read } for comm="pool-1-thread-1" name="u:object_r:vendor_persist_camera_prop:s0" dev="tmpfs" ino=424 scontext=u:r:system_server:s0 tcontext=u:object_r:vendor_persist_camera_prop:s0 tclass=file permissive=0
03-20 00:39:50.235  2160  2160 I auditd  : type=1400 audit(0.0:41): avc: denied { read } for comm="pool-1-thread-1" name="u:object_r:vendor_persist_camera_prop:s0" dev="tmpfs" ino=424 scontext=u:r:system_server:s0 tcontext=u:object_r:vendor_persist_camera_prop:s0 tclass=file permissive=0
03-20 00:39:50.235  2160  2160 I auditd  : type=1400 audit(0.0:42): avc: denied { read } for comm="pool-1-thread-1" name="u:object_r:vendor_persist_camera_prop:s0" dev="tmpfs" ino=424 scontext=u:r:system_server:s0 tcontext=u:object_r:vendor_persist_camera_prop:s0 tclass=file permissive=0
03-20 00:39:50.239  2160  2160 I auditd  : type=1400 audit(0.0:43): avc: denied { read } for comm="binder:2160_2" name="u:object_r:vendor_persist_camera_prop:s0" dev="tmpfs" ino=424 scontext=u:r:system_server:s0 tcontext=u:object_r:vendor_persist_camera_prop:s0 tclass=file permissive=0
03-20 00:39:50.239  2160  2160 I auditd  : type=1400 audit(0.0:44): avc: denied { read } for comm="binder:2160_2" name="u:object_r:vendor_persist_camera_prop:s0" dev="tmpfs" ino=424 scontext=u:r:system_server:s0 tcontext=u:object_r:vendor_persist_camera_prop:s0 tclass=file permissive=0
03-20 00:39:50.239  2160  2160 I auditd  : type=1400 audit(0.0:45): avc: denied { read } for comm="binder:2160_2" name="u:object_r:vendor_persist_camera_prop:s0" dev="tmpfs" ino=424 scontext=u:r:system_server:s0 tcontext=u:object_r:vendor_persist_camera_prop:s0 tclass=file permissive=0
03-20 00:39:53.968  2160  2160 I sysui_multi_action: [757,804,799,opt_dialog_num_dexopted,801,18,802,1]
03-20 00:39:53.968  2160  2160 I sysui_multi_action: [757,804,799,opt_dialog_num_skipped,801,174,802,1]
03-20 00:39:53.968  2160  2160 I sysui_multi_action: [757,804,799,opt_dialog_num_failed,801,0,802,1]
03-20 00:39:53.968  2160  2160 I sysui_multi_action: [757,804,799,opt_dialog_num_total,801,167,802,1]
03-20 00:39:53.968  2160  2160 I sysui_multi_action: [757,804,799,opt_dialog_time_s,801,3,802,1]
03-20 00:39:53.969  2160  2160 I service_manager_stats: [181,81,5758]
03-20 00:39:53.980  2160  2160 I device_idle: [0,boot]
03-20 00:39:53.980  2160  2160 I device_idle_light: [0,boot]
03-20 00:39:53.979   888   888 I auditd  : type=1400 audit(0.0:46): avc: denied { search } for comm="binder:888_2" name="product" dev="tmpfs" ino=3 scontext=u:r:vold:s0 tcontext=u:object_r:mnt_product_file:s0 tclass=dir permissive=0
03-20 00:39:53.979   888   888 I auditd  : type=1400 audit(0.0:47): avc: denied { read } for comm="binder:888_2" name="/" dev="sde25" ino=1 scontext=u:r:vold:s0 tcontext=u:object_r:vendor_qmcs_file:s0 tclass=dir permissive=0
03-20 00:39:54.133  2160  2160 I sysui_multi_action: [757,856,758,1,806,android,857,VIRTUAL_KEYBOARD,858,2]
03-20 00:39:54.133  2160  2160 I sysui_multi_action: [757,856,758,1,806,android,857,PHYSICAL_KEYBOARD,858,3]
03-20 00:39:54.133  2160  2160 I sysui_multi_action: [757,856,758,1,806,android,857,SECURITY,858,2]
03-20 00:39:54.133  2160  2160 I sysui_multi_action: [757,856,758,1,806,android,857,CAR_MODE,858,2]
03-20 00:39:54.133  2160  2160 I sysui_multi_action: [757,856,758,1,806,android,857,ACCOUNT,858,2]
03-20 00:39:54.134  2160  2160 I sysui_multi_action: [757,856,758,1,806,android,857,DEVELOPER,858,2]
03-20 00:39:54.134  2160  2160 I sysui_multi_action: [757,856,758,1,806,android,857,DEVELOPER_IMPORTANT,858,4]
03-20 00:39:54.134  2160  2160 I sysui_multi_action: [757,856,758,1,806,android,857,UPDATES,858,2]
03-20 00:39:54.134  2160  2160 I sysui_multi_action: [757,856,758,1,806,android,857,NETWORK_STATUS,858,2]
03-20 00:39:54.134  2160  2160 I sysui_multi_action: [757,856,758,1,806,android,857,NETWORK_ALERTS,858,4]
03-20 00:39:54.134  2160  2160 I sysui_multi_action: [757,856,758,1,806,android,857,NETWORK_AVAILABLE,858,2]
03-20 00:39:54.134  2160  2160 I sysui_multi_action: [757,856,758,1,806,android,857,VPN,858,2]
03-20 00:39:54.134  2160  2160 I sysui_multi_action: [757,856,758,1,806,android,857,DEVICE_ADMIN_ALERTS,858,4]
03-20 00:39:54.134  2160  2160 I sysui_multi_action: [757,856,758,1,806,android,857,ALERTS,858,3]
03-20 00:39:54.134  2160  2160 I sysui_multi_action: [757,856,758,1,806,android,857,RETAIL_MODE,858,2]
03-20 00:39:54.134  2160  2160 I sysui_multi_action: [757,856,758,1,806,android,857,USB,858,1]
03-20 00:39:54.134  2160  2160 I sysui_multi_action: [757,856,758,1,806,android,857,FOREGROUND_SERVICE,858,2]
03-20 00:39:54.135  2160  2160 I sysui_multi_action: [757,856,758,1,806,android,857,HEAVY_WEIGHT_APP,858,3]
03-20 00:39:54.135  2160  2160 I sysui_multi_action: [757,856,758,1,806,android,857,SYSTEM_CHANGES_ALERTS,858,3]
03-20 00:39:54.135  2160  2160 I sysui_multi_action: [757,856,758,1,806,android,857,DO_NOT_DISTURB,858,2]
03-20 00:39:54.135  2160  2160 I sysui_multi_action: [757,856,758,1,806,android,857,ACCESSIBILITY_MAGNIFICATION,858,4]
03-20 00:39:54.135  2160  2160 I sysui_multi_action: [757,856,758,1,806,android,857,ACCESSIBILITY_SECURITY_POLICY,858,2]
03-20 00:39:54.135  2160  2160 I sysui_multi_action: [757,856,758,1,806,android,857,ABUSIVE_BACKGROUND_APPS,858,2]
03-20 00:39:54.136  2160  3505 I storage_state: [41217664-9172-527a-b3d5-edabb50a7d69,0,0,228952350720,231814803456]
03-20 00:39:54.214  2160  3507 I stream_devices_changed: [4,0,2]
03-20 00:39:54.215  2160  3507 I stream_devices_changed: [6,0,1]
03-20 00:39:54.217  2160  3507 I stream_devices_changed: [3,0,2]
03-20 00:39:54.218  2160  3507 I stream_devices_changed: [2,0,2]
03-20 00:39:54.219  2160  3507 I stream_devices_changed: [0,0,1]
03-20 00:39:54.291  2160  2613 I am_wtf  : [0,2160,system_server,-1,LazyAlarmStore,Removed TIME_TICK alarm]
03-20 00:39:54.295  2160  2160 I configuration_changed: 512
03-20 00:39:54.323  2160  2160 I commit_sys_config_file: [package-session,1]
03-20 00:39:54.333  2160  3076 I commit_sys_config_file: [settings-0-0,1]
03-20 00:39:54.347  2160  2160 I sysui_multi_action: [757,1243,758,4,806,com.android.dynsystem,1241,android.permission.POST_NOTIFICATIONS]
03-20 00:39:54.347  2160  2160 I sysui_multi_action: [757,1243,758,4,806,com.android.server.telecom,1241,android.permission.READ_CALL_LOG]
03-20 00:39:54.347  2160  2160 I sysui_multi_action: [757,1243,758,4,806,com.android.settings,1241,android.permission.ACCESS_FINE_LOCATION]
03-20 00:39:54.347  2160  2160 I sysui_multi_action: [757,1243,758,4,806,com.android.settings,1241,android.permission.BLUETOOTH_CONNECT]
03-20 00:39:54.348  2160  2160 I sysui_multi_action: [757,1243,758,4,806,com.android.server.telecom,1241,android.permission.READ_EXTERNAL_STORAGE]
03-20 00:39:54.348  2160  2160 I sysui_multi_action: [757,1243,758,4,806,com.android.settings,1241,android.permission.ACCESS_COARSE_LOCATION]
03-20 00:39:54.348  2160  2160 I sysui_multi_action: [757,1243,758,4,806,com.android.settings,1241,android.permission.READ_PHONE_STATE]
03-20 00:39:54.348  2160  2160 I sysui_multi_action: [757,1243,758,4,806,com.android.server.telecom,1241,android.permission.SEND_SMS]
03-20 00:39:54.348  2160  2160 I sysui_multi_action: [757,1243,758,4,806,com.android.settings,1241,android.permission.CALL_PHONE]
03-20 00:39:54.348  2160  2160 I sysui_multi_action: [757,1243,758,4,806,com.android.settings,1241,android.permission.READ_MEDIA_IMAGES]
03-20 00:39:54.348  2160  2160 I sysui_multi_action: [757,1243,758,4,806,com.android.settings,1241,android.permission.WRITE_CONTACTS]
03-20 00:39:54.348  2160  2160 I sysui_multi_action: [757,1243,758,4,806,com.android.settings,1241,android.permission.CAMERA]
03-20 00:39:54.349  2160  2160 I sysui_multi_action: [757,1243,758,4,806,com.android.server.telecom,1241,android.permission.WRITE_CALL_LOG]
03-20 00:39:54.349  2160  2160 I sysui_multi_action: [757,1243,758,4,806,com.android.settings,1241,android.permission.READ_MEDIA_AUDIO]
03-20 00:39:54.349  2160  2160 I sysui_multi_action: [757,1243,758,4,806,com.android.settings,1241,android.permission.READ_MEDIA_VIDEO]
03-20 00:39:54.349  2160  2160 I sysui_multi_action: [757,1243,758,4,806,com.android.settings,1241,android.permission.BLUETOOTH_ADVERTISE]
03-20 00:39:54.349  2160  2160 I sysui_multi_action: [757,1243,758,4,806,android,1241,android.permission.GET_ACCOUNTS]
03-20 00:39:54.349  2160  2160 I sysui_multi_action: [757,1243,758,4,806,com.android.settings,1241,android.permission.WRITE_EXTERNAL_STORAGE]
03-20 00:39:54.349  2160  2160 I sysui_multi_action: [757,1243,758,4,806,com.android.server.telecom,1241,android.permission.READ_CONTACTS]
03-20 00:39:54.349  2160  2160 I sysui_multi_action: [757,1243,758,4,806,com.android.location.fused,1241,android.permission.ACCESS_BACKGROUND_LOCATION]
03-20 00:39:54.350  2160  2160 I sysui_multi_action: [757,1243,758,4,806,com.android.settings,1241,android.permission.BLUETOOTH_SCAN]
03-20 00:39:54.350  2160  2160 I sysui_multi_action: [757,1243,758,4,806,com.android.mms.service,1241,android.permission.READ_SMS]
03-20 00:39:54.350  2160  2160 I sysui_multi_action: [757,1243,758,4,806,com.android.stk,1241,android.permission.POST_NOTIFICATIONS]
03-20 00:39:54.350  2160  2160 I sysui_multi_action: [757,1243,758,4,806,com.android.phone,1241,android.permission.READ_CALL_LOG]
03-20 00:39:54.350  2160  2160 I sysui_multi_action: [757,1243,758,4,806,com.android.phone,1241,android.permission.ACCESS_FINE_LOCATION]
03-20 00:39:54.350  2160  2160 I sysui_multi_action: [757,1243,758,4,806,com.android.providers.telephony,1241,android.permission.RECEIVE_SMS]
03-20 00:39:54.350  2160  2160 I sysui_multi_action: [757,1243,758,4,806,com.android.phone,1241,android.permission.BLUETOOTH_CONNECT]
03-20 00:39:54.350  2160  2160 I sysui_multi_action: [757,1243,758,4,806,com.android.providers.telephony,1241,android.permission.READ_EXTERNAL_STORAGE]
03-20 00:39:54.350  2160  2160 I sysui_multi_action: [757,1243,758,4,806,com.android.phone,1241,android.permission.ACCESS_COARSE_LOCATION]
03-20 00:39:54.351  2160  2160 I sysui_multi_action: [757,1243,758,4,806,com.qti.qualcomm.datastatusnotification,1241,android.permission.READ_PHONE_STATE]
03-20 00:39:54.351  2160  2160 I sysui_multi_action: [757,1243,758,4,806,com.android.phone,1241,android.permission.SEND_SMS]
03-20 00:39:54.351  2160  2160 I sysui_multi_action: [757,1243,758,4,806,com.android.phone,1241,android.permission.CALL_PHONE]
03-20 00:39:54.351  2160  2160 I sysui_multi_action: [757,1243,758,4,806,com.android.phone,1241,android.permission.WRITE_CONTACTS]
03-20 00:39:54.351  2160  2160 I sysui_multi_action: [757,1243,758,4,806,com.android.phone,1241,android.permission.WRITE_CALL_LOG]
03-20 00:39:54.351  2160  2160 I sysui_multi_action: [757,1243,758,4,806,com.android.phone,1241,android.permission.USE_SIP]
03-20 00:39:54.351  2160  2160 I sysui_multi_action: [757,1243,758,4,806,com.android.phone,1241,android.permission.GET_ACCOUNTS]
03-20 00:39:54.351  2160  2160 I sysui_multi_action: [757,1243,758,4,806,com.android.providers.telephony,1241,android.permission.WRITE_EXTERNAL_STORAGE]
03-20 00:39:54.352  2160  2160 I sysui_multi_action: [757,1243,758,4,806,com.android.phone,1241,android.permission.RECORD_AUDIO]
03-20 00:39:54.352  2160  2160 I sysui_multi_action: [757,1243,758,4,806,com.android.phone,1241,android.permission.READ_CONTACTS]
03-20 00:39:54.352  2160  2160 I sysui_multi_action: [757,1243,758,4,806,com.android.phone,1241,android.permission.BLUETOOTH_SCAN]
03-20 00:39:54.352  2160  2160 I sysui_multi_action: [757,1243,758,4,806,com.android.phone,1241,com.android.voicemail.permission.ADD_VOICEMAIL]
03-20 00:39:54.352  2160  2160 I sysui_multi_action: [757,1243,758,4,806,com.android.bluetooth,1241,android.permission.READ_SMS]
03-20 00:39:54.352  2160  2160 I sysui_multi_action: [757,1243,758,4,806,com.android.bluetooth,1241,android.permission.POST_NOTIFICATIONS]
03-20 00:39:54.352  2160  2160 I sysui_multi_action: [757,1243,758,4,806,com.android.bluetooth,1241,android.permission.READ_CALL_LOG]
03-20 00:39:54.352  2160  2160 I sysui_multi_action: [757,1243,758,4,806,com.android.bluetooth,1241,android.permission.ACCESS_FINE_LOCATION]
03-20 00:39:54.352  2160  2160 I sysui_multi_action: [757,1243,758,4,806,com.android.bluetooth,1241,android.permission.RECEIVE_SMS]
03-20 00:39:54.353  2160  2160 I sysui_multi_action: [757,1243,758,4,806,com.android.bluetooth,1241,android.permission.BLUETOOTH_CONNECT]
03-20 00:39:54.353  2160  2160 I sysui_multi_action: [757,1243,758,4,806,com.android.bluetooth,1241,android.permission.READ_EXTERNAL_STORAGE]
03-20 00:39:54.353  2160  2160 I sysui_multi_action: [757,1243,758,4,806,com.android.bluetooth,1241,android.permission.ACCESS_COARSE_LOCATION]
03-20 00:39:54.353  2160  2160 I sysui_multi_action: [757,1243,758,4,806,com.android.bluetooth,1241,android.permission.SEND_SMS]
03-20 00:39:54.353  2160  2160 I sysui_multi_action: [757,1243,758,4,806,com.android.bluetooth,1241,android.permission.WRITE_CONTACTS]
03-20 00:39:54.353  2160  2160 I sysui_multi_action: [757,1243,758,4,806,com.android.bluetooth,1241,android.permission.WRITE_CALL_LOG]
03-20 00:39:54.353  2160  2160 I sysui_multi_action: [757,1243,758,4,806,com.android.bluetooth,1241,android.permission.BLUETOOTH_ADVERTISE]
03-20 00:39:54.353  2160  2160 I sysui_multi_action: [757,1243,758,4,806,com.android.bluetooth,1241,android.permission.GET_ACCOUNTS]
03-20 00:39:54.354  2160  2160 I sysui_multi_action: [757,1243,758,4,806,com.android.bluetooth,1241,android.permission.WRITE_EXTERNAL_STORAGE]
03-20 00:39:54.354  2160  2160 I sysui_multi_action: [757,1243,758,4,806,com.android.bluetooth,1241,android.permission.READ_CONTACTS]
03-20 00:39:54.354  2160  2160 I sysui_multi_action: [757,1243,758,4,806,com.android.bluetooth,1241,android.permission.BLUETOOTH_SCAN]
03-20 00:39:54.354  2160  2160 I sysui_multi_action: [757,1243,758,4,806,com.android.nfcstm,1241,android.permission.POST_NOTIFICATIONS]
03-20 00:39:54.354  2160  2160 I sysui_multi_action: [757,1243,758,4,806,com.android.nfc,1241,android.permission.BLUETOOTH_CONNECT]
03-20 00:39:54.354  2160  2160 I sysui_multi_action: [757,1243,758,4,806,com.android.nfc,1241,android.permission.READ_EXTERNAL_STORAGE]
03-20 00:39:54.354  2160  2160 I sysui_multi_action: [757,1243,758,4,806,com.android.nfc,1241,android.permission.WRITE_EXTERNAL_STORAGE]
03-20 00:39:54.354  2160  2160 I sysui_multi_action: [757,1243,758,4,806,com.android.nfc,1241,android.permission.READ_CONTACTS]
03-20 00:39:54.354  2160  2160 I sysui_multi_action: [757,1243,758,4,806,com.android.nfc,1241,android.permission.BLUETOOTH_SCAN]
03-20 00:39:54.355  2160  2160 I sysui_multi_action: [757,1243,758,4,806,com.android.networkstack.tethering,1241,android.permission.POST_NOTIFICATIONS]
03-20 00:39:54.355  2160  2160 I sysui_multi_action: [757,1243,758,4,806,com.android.networkstack,1241,android.permission.ACCESS_FINE_LOCATION]
03-20 00:39:54.355  2160  2160 I sysui_multi_action: [757,1243,758,4,806,com.android.cellbroadcastservice,1241,android.permission.RECEIVE_SMS]
03-20 00:39:54.355  2160  2160 I sysui_multi_action: [757,1243,758,4,806,com.android.networkstack.tethering,1241,android.permission.BLUETOOTH_CONNECT]
03-20 00:39:54.355  2160  2160 I sysui_multi_action: [757,1243,758,4,806,com.android.networkstack,1241,android.permission.ACCESS_COARSE_LOCATION]
03-20 00:39:54.355  2160  2160 I sysui_multi_action: [757,1243,758,4,806,com.android.networkstack.tethering,1241,android.permission.READ_PHONE_STATE]
03-20 00:39:54.355  2160  2160 I sysui_multi_action: [757,1243,758,4,806,com.android.cellbroadcastservice,1241,android.permission.READ_CELL_BROADCASTS]
03-20 00:39:54.355  2160  2160 I sysui_multi_action: [757,1243,758,4,806,com.android.shell,1241,android.permission.READ_SMS]
03-20 00:39:54.355  2160  2160 I sysui_multi_action: [757,1243,758,4,806,com.android.shell,1241,android.permission.READ_CALENDAR]
03-20 00:39:54.356  2160  2160 I sysui_multi_action: [757,1243,758,4,806,com.android.shell,1241,android.permission.POST_NOTIFICATIONS]
03-20 00:39:54.356  2160  2160 I sysui_multi_action: [757,1243,758,4,806,com.android.shell,1241,android.permission.READ_CALL_LOG]
03-20 00:39:54.356  2160  2160 I sysui_multi_action: [757,1243,758,4,806,com.android.shell,1241,android.permission.ACCESS_FINE_LOCATION]
03-20 00:39:54.356  2160  2160 I sysui_multi_action: [757,1243,758,4,806,com.android.shell,1241,android.permission.ANSWER_PHONE_CALLS]
03-20 00:39:54.356  2160  2160 I sysui_multi_action: [757,1243,758,4,806,com.android.shell,1241,android.permission.RECEIVE_WAP_PUSH]
03-20 00:39:54.356  2160  2160 I sysui_multi_action: [757,1243,758,4,806,com.android.shell,1241,android.permission.BODY_SENSORS]
03-20 00:39:54.356  2160  2160 I sysui_multi_action: [757,1243,758,4,806,com.android.shell,1241,android.permission.READ_PHONE_NUMBERS]
03-20 00:39:54.356  2160  2160 I sysui_multi_action: [757,1243,758,4,806,com.android.shell,1241,android.permission.NEARBY_WIFI_DEVICES]
03-20 00:39:54.356  2160  2160 I sysui_multi_action: [757,1243,758,4,806,com.android.shell,1241,android.permission.RECEIVE_MMS]
03-20 00:39:54.356  2160  2160 I sysui_multi_action: [757,1243,758,4,806,com.android.shell,1241,android.permission.RECEIVE_SMS]
03-20 00:39:54.357  2160  2160 I sysui_multi_action: [757,1243,758,4,806,com.android.shell,1241,android.permission.BLUETOOTH_CONNECT]
03-20 00:39:54.357  2160  2160 I sysui_multi_action: [757,1243,758,4,806,com.android.shell,1241,android.permission.READ_EXTERNAL_STORAGE]
03-20 00:39:54.357  2160  2160 I sysui_multi_action: [757,1243,758,4,806,com.android.shell,1241,android.permission.ACCESS_COARSE_LOCATION]
03-20 00:39:54.357  2160  2160 I sysui_multi_action: [757,1243,758,4,806,com.android.shell,1241,android.permission.READ_PHONE_STATE]
03-20 00:39:54.357  2160  2160 I sysui_multi_action: [757,1243,758,4,806,com.android.shell,1241,android.permission.SEND_SMS]
03-20 00:39:54.357  2160  2160 I sysui_multi_action: [757,1243,758,4,806,com.android.shell,1241,android.permission.CALL_PHONE]
03-20 00:39:54.357  2160  2160 I sysui_multi_action: [757,1243,758,4,806,com.android.shell,1241,android.permission.WRITE_CONTACTS]
03-20 00:39:54.358  2160  2160 I sysui_multi_action: [757,1243,758,4,806,com.android.shell,1241,android.permission.ACCEPT_HANDOVER]
03-20 00:39:54.358  2160  2160 I sysui_multi_action: [757,1243,758,4,806,com.android.shell,1241,android.permission.CAMERA]
03-20 00:39:54.358  2160  2160 I sysui_multi_action: [757,1243,758,4,806,com.android.shell,1241,android.permission.WRITE_CALENDAR]
03-20 00:39:54.358  2160  2160 I sysui_multi_action: [757,1243,758,4,806,com.android.shell,1241,android.permission.WRITE_CALL_LOG]
03-20 00:39:54.358  2160  2160 I sysui_multi_action: [757,1243,758,4,806,com.android.shell,1241,android.permission.USE_SIP]
03-20 00:39:54.358  2160  2160 I sysui_multi_action: [757,1243,758,4,806,com.android.shell,1241,android.permission.PROCESS_OUTGOING_CALLS]
03-20 00:39:54.358  2160  2160 I sysui_multi_action: [757,1243,758,4,806,com.android.shell,1241,android.permission.READ_CELL_BROADCASTS]
03-20 00:39:54.358  2160  2160 I sysui_multi_action: [757,1243,758,4,806,com.android.shell,1241,android.permission.BLUETOOTH_ADVERTISE]
03-20 00:39:54.358  2160  2160 I sysui_multi_action: [757,1243,758,4,806,com.android.shell,1241,android.permission.GET_ACCOUNTS]
03-20 00:39:54.359  2160  2160 I sysui_multi_action: [757,1243,758,4,806,com.android.shell,1241,android.permission.WRITE_EXTERNAL_STORAGE]
03-20 00:39:54.359  2160  2160 I sysui_multi_action: [757,1243,758,4,806,com.android.shell,1241,android.permission.UWB_RANGING]
03-20 00:39:54.359  2160  2160 I sysui_multi_action: [757,1243,758,4,806,com.android.shell,1241,android.permission.ACTIVITY_RECOGNITION]
03-20 00:39:54.359  2160  2160 I sysui_multi_action: [757,1243,758,4,806,com.android.shell,1241,android.permission.RECORD_AUDIO]
03-20 00:39:54.359  2160  2160 I sysui_multi_action: [757,1243,758,4,806,com.android.shell,1241,android.permission.READ_CONTACTS]
03-20 00:39:54.359  2160  2160 I sysui_multi_action: [757,1243,758,4,806,com.android.shell,1241,android.permission.ACCESS_BACKGROUND_LOCATION]
03-20 00:39:54.359  2160  2160 I sysui_multi_action: [757,1243,758,4,806,com.android.shell,1241,android.permission.BLUETOOTH_SCAN]
03-20 00:39:54.359  2160  2160 I sysui_multi_action: [757,1243,758,4,806,com.android.shell,1241,android.permission.ACCESS_MEDIA_LOCATION]
03-20 00:39:54.360  2160  2160 I sysui_multi_action: [757,1243,758,4,806,com.android.shell,1241,com.android.voicemail.permission.ADD_VOICEMAIL]
03-20 00:39:54.360  2160  2160 I sysui_multi_action: [757,1243,758,4,806,com.android.calllogbackup,1241,android.permission.READ_PHONE_STATE]
03-20 00:39:54.360  2160  2160 I sysui_multi_action: [757,1243,758,4,806,com.android.providers.contacts,1241,android.permission.WRITE_CONTACTS]
03-20 00:39:54.360  2160  2160 I sysui_multi_action: [757,1243,758,4,806,com.android.providers.contacts,1241,android.permission.GET_ACCOUNTS]
03-20 00:39:54.360  2160  2160 I sysui_multi_action: [757,1243,758,4,806,com.android.providers.contacts,1241,android.permission.READ_CONTACTS]
03-20 00:39:54.360  2160  2160 I sysui_multi_action: [757,1243,758,4,806,com.android.providers.downloads,1241,android.permission.POST_NOTIFICATIONS]
03-20 00:39:54.360  2160  2160 I sysui_multi_action: [757,1243,758,4,806,com.android.providers.downloads,1241,android.permission.READ_EXTERNAL_STORAGE]
03-20 00:39:54.360  2160  2160 I sysui_multi_action: [757,1243,758,4,806,com.android.providers.downloads,1241,android.permission.WRITE_EXTERNAL_STORAGE]
03-20 00:39:54.360  2160  2160 I sysui_multi_action: [757,1243,758,4,806,com.android.documentsui,1241,android.permission.POST_NOTIFICATIONS]
03-20 00:39:54.361  2160  2160 I sysui_multi_action: [757,1243,758,4,806,com.android.statementservice,1241,android.permission.POST_NOTIFICATIONS]
03-20 00:39:54.361  2160  2160 I sysui_multi_action: [757,1243,758,4,806,com.android.sharedstoragebackup,1241,android.permission.READ_EXTERNAL_STORAGE]
03-20 00:39:54.361  2160  2160 I sysui_multi_action: [757,1243,758,4,806,com.android.sharedstoragebackup,1241,android.permission.WRITE_EXTERNAL_STORAGE]
03-20 00:39:54.361  2160  2160 I sysui_multi_action: [757,1243,758,4,806,com.android.externalstorage,1241,android.permission.READ_EXTERNAL_STORAGE]
03-20 00:39:54.361  2160  2160 I sysui_multi_action: [757,1243,758,4,806,com.android.externalstorage,1241,android.permission.WRITE_EXTERNAL_STORAGE]
03-20 00:39:54.361  2160  2160 I sysui_multi_action: [757,1243,758,4,806,com.android.bips,1241,android.permission.POST_NOTIFICATIONS]
03-20 00:39:54.361  2160  2160 I sysui_multi_action: [757,1243,758,4,806,com.android.managedprovisioning,1241,android.permission.POST_NOTIFICATIONS]
03-20 00:39:54.362  2160  2160 I sysui_multi_action: [757,1243,758,4,806,com.android.providers.calendar,1241,android.permission.READ_CALENDAR]
03-20 00:39:54.362  2160  2160 I sysui_multi_action: [757,1243,758,4,806,com.android.providers.calendar,1241,android.permission.READ_EXTERNAL_STORAGE]
03-20 00:39:54.362  2160  2160 I sysui_multi_action: [757,1243,758,4,806,com.android.providers.calendar,1241,android.permission.WRITE_CALENDAR]
03-20 00:39:54.362  2160  2160 I sysui_multi_action: [757,1243,758,4,806,com.android.providers.calendar,1241,android.permission.GET_ACCOUNTS]
03-20 00:39:54.362  2160  2160 I sysui_multi_action: [757,1243,758,4,806,com.android.providers.calendar,1241,android.permission.WRITE_EXTERNAL_STORAGE]
03-20 00:39:54.362  2160  2160 I sysui_multi_action: [757,1243,758,4,806,com.android.apps.tag,1241,android.permission.CALL_PHONE]
03-20 00:39:54.362  2160  2160 I sysui_multi_action: [757,1243,758,4,806,com.android.apps.tag,1241,android.permission.READ_CONTACTS]
03-20 00:39:54.362  2160  2160 I sysui_multi_action: [757,1243,758,4,806,com.android.packageinstaller,1241,android.permission.POST_NOTIFICATIONS]
03-20 00:39:54.362  2160  2160 I sysui_multi_action: [757,1243,758,4,806,com.android.companiondevicemanager,1241,android.permission.ACCESS_FINE_LOCATION]
03-20 00:39:54.362  2160  2160 I sysui_multi_action: [757,1243,758,4,806,com.android.companiondevicemanager,1241,android.permission.BLUETOOTH_CONNECT]
03-20 00:39:54.363  2160  2160 I sysui_multi_action: [757,1243,758,4,806,com.android.companiondevicemanager,1241,android.permission.ACCESS_COARSE_LOCATION]
03-20 00:39:54.363  2160  2160 I sysui_multi_action: [757,1243,758,4,806,com.android.companiondevicemanager,1241,android.permission.BLUETOOTH_ADVERTISE]
03-20 00:39:54.363  2160  2160 I sysui_multi_action: [757,1243,758,4,806,com.android.companiondevicemanager,1241,android.permission.ACCESS_BACKGROUND_LOCATION]
03-20 00:39:54.363  2160  2160 I sysui_multi_action: [757,1243,758,4,806,com.android.companiondevicemanager,1241,android.permission.BLUETOOTH_SCAN]
03-20 00:39:54.363  2160  2160 I sysui_multi_action: [757,1243,758,4,806,com.android.captiveportallogin,1241,android.permission.POST_NOTIFICATIONS]
03-20 00:39:54.363  2160  2160 I sysui_multi_action: [757,1243,758,4,806,com.android.carrierdefaultapp,1241,android.permission.POST_NOTIFICATIONS]
03-20 00:39:54.363  2160  2160 I sysui_multi_action: [757,1243,758,4,806,com.android.egg,1241,android.permission.POST_NOTIFICATIONS]
03-20 00:39:54.363  2160  2160 I sysui_multi_action: [757,1243,758,4,806,com.android.bluetoothmidiservice,1241,android.permission.BLUETOOTH_CONNECT]
03-20 00:39:54.363  2160  2160 I sysui_multi_action: [757,1243,758,4,806,com.android.bluetoothmidiservice,1241,android.permission.BLUETOOTH_ADVERTISE]
03-20 00:39:54.363  2160  2160 I sysui_multi_action: [757,1243,758,4,806,com.android.bluetoothmidiservice,1241,android.permission.BLUETOOTH_SCAN]
03-20 00:39:54.364  2160  3076 I commit_sys_config_file: [settings-1-0,1]
03-20 00:39:54.364  2160  2160 I sysui_multi_action: [757,1243,758,4,806,com.android.printspooler,1241,android.permission.POST_NOTIFICATIONS]
03-20 00:39:54.364  2160  2160 I sysui_multi_action: [757,1243,758,4,806,com.android.printspooler,1241,android.permission.ACCESS_FINE_LOCATION]
03-20 00:39:54.364  2160  2160 I sysui_multi_action: [757,1243,758,4,806,com.android.printspooler,1241,android.permission.ACCESS_COARSE_LOCATION]
03-20 00:39:54.364  2160  2160 I sysui_multi_action: [757,1243,758,4,806,com.android.traceur,1241,android.permission.POST_NOTIFICATIONS]
03-20 00:39:54.364  2160  2160 I sysui_multi_action: [757,1243,758,4,806,com.qualcomm.qti.cne,1241,android.permission.NEARBY_WIFI_DEVICES]
03-20 00:39:54.364  2160  2160 I sysui_multi_action: [757,1243,758,4,806,com.qualcomm.qti.cne,1241,android.permission.ACCESS_COARSE_LOCATION]
03-20 00:39:54.364  2160  2160 I sysui_multi_action: [757,1243,758,4,806,vendor.qti.hardware.cacert.server,1241,android.permission.READ_PHONE_STATE]
03-20 00:39:54.364  2160  2160 I sysui_multi_action: [757,1243,758,4,806,com.qualcomm.qti.qms.service.connectionsecurity,1241,android.permission.POST_NOTIFICATIONS]
03-20 00:39:54.364  2160  2160 I sysui_multi_action: [757,1243,758,4,806,com.android.dialer,1241,android.permission.POST_NOTIFICATIONS]
03-20 00:39:54.365  2160  2160 I sysui_multi_action: [757,1243,758,4,806,com.android.dialer,1241,android.permission.READ_CALL_LOG]
03-20 00:39:54.365  2160  2160 I sysui_multi_action: [757,1243,758,4,806,com.android.dialer,1241,android.permission.READ_PHONE_STATE]
03-20 00:39:54.365  2160  2160 I sysui_multi_action: [757,1243,758,4,806,com.android.dialer,1241,android.permission.SEND_SMS]
03-20 00:39:54.365  2160  2160 I sysui_multi_action: [757,1243,758,4,806,com.android.dialer,1241,android.permission.CALL_PHONE]
03-20 00:39:54.365  2160  2160 I sysui_multi_action: [757,1243,758,4,806,com.android.dialer,1241,android.permission.WRITE_CONTACTS]
03-20 00:39:54.366  2160  2160 I sysui_multi_action: [757,1243,758,4,806,com.android.dialer,1241,android.permission.CAMERA]
03-20 00:39:54.366  2160  2160 I sysui_multi_action: [757,1243,758,4,806,com.android.dialer,1241,android.permission.WRITE_CALL_LOG]
03-20 00:39:54.366  2160  2160 I sysui_multi_action: [757,1243,758,4,806,com.android.dialer,1241,android.permission.PROCESS_OUTGOING_CALLS]
03-20 00:39:54.366  2160  2160 I sysui_multi_action: [757,1243,758,4,806,com.android.dialer,1241,android.permission.GET_ACCOUNTS]
03-20 00:39:54.366  2160  2160 I sysui_multi_action: [757,1243,758,4,806,com.android.dialer,1241,android.permission.READ_CONTACTS]
03-20 00:39:54.366  2160  2160 I sysui_multi_action: [757,1243,758,4,806,com.android.dialer,1241,com.android.voicemail.permission.ADD_VOICEMAIL]
03-20 00:39:54.366  2160  2160 I sysui_multi_action: [757,1243,758,4,806,com.katim.camera2,1241,android.permission.READ_EXTERNAL_STORAGE]
03-20 00:39:54.367  2160  2160 I sysui_multi_action: [757,1243,758,4,806,com.katim.camera2,1241,android.permission.READ_MEDIA_IMAGES]
03-20 00:39:54.367  2160  2160 I sysui_multi_action: [757,1243,758,4,806,com.katim.camera2,1241,android.permission.CAMERA]
03-20 00:39:54.367  2160  2160 I sysui_multi_action: [757,1243,758,4,806,com.katim.camera2,1241,android.permission.WRITE_EXTERNAL_STORAGE]
03-20 00:39:54.367  2160  2160 I sysui_multi_action: [757,1243,758,4,806,com.katim.camera2,1241,android.permission.RECORD_AUDIO]
03-20 00:39:54.367  2160  2160 I sysui_multi_action: [757,1243,758,4,806,com.android.contacts,1241,android.permission.READ_PHONE_STATE]
03-20 00:39:54.367  2160  2160 I sysui_multi_action: [757,1243,758,4,806,com.android.contacts,1241,android.permission.CALL_PHONE]
