03-25 13:32:28.816  1261  5464 I PAL: PayloadBuilder: getSelectorValues: 2685: stream type: 1
03-25 13:32:28.816  1261  5464 I PAL: PayloadBuilder: findKVs: 2499: key: 0xa2000000 value: 0xa2000001
03-25 13:32:28.816  1261  5464 I PAL: PayloadBuilder: findKVs: 2499: key: 0xac000000 value: 0xac000002
03-25 13:32:28.816  1261  5464 I PAL: PayloadBuilder: populateDevicePPCkv: 3184: SpeakerProt Status[1], RAS Status[0]
03-25 13:32:28.817  1261  5464 I AGM: device: device_set_metadata: 707 Setting device metadata for CODEC_DMA-LPAIF_WSA-RX-0
03-25 13:32:28.817  1261  5464 D AGM: metadata: metadata_print: 79 *************************Metadata*************************
03-25 13:32:28.817  1261  5464 D AGM: metadata: metadata_print: 80 GKV size:1
03-25 13:32:28.817  1261  5464 D AGM: metadata: metadata_print: 83 key:0xa2000000, value:0xa2000001 
03-25 13:32:28.817  1261  5464 D AGM: metadata: metadata_print: 87 
03-25 13:32:28.817  1261  5464 D AGM: metadata: CKV count:2
03-25 13:32:28.817  1261  5464 D AGM: metadata: metadata_print: 90 key:0xa9000000, value:0x1 
03-25 13:32:28.817  4489  4489 D SYS_EVENT: send event 64 notification to client
03-25 13:32:28.817  1261  5464 D AGM: metadata: metadata_print: 90 key:0xbe000000, value:0x1 
03-25 13:32:28.817  1261  5464 D AGM: metadata: metadata_print: 92 
03-25 13:32:28.817  1261  5464 D AGM: metadata: metadata_print: 94 Property ID:134217744
03-25 13:32:28.817  1261  5464 D AGM: metadata: metadata_print: 95 property count:2
03-25 13:32:28.817  1261  5464 D AGM: metadata: metadata_print: 98 Property Values: 
03-25 13:32:28.817  4396  4396 D NfcService: MSG_APPLY_SCREEN_STATE 8
03-25 13:32:28.817  1261  5464 D AGM: metadata: metadata_print: 100 0x2 
03-25 13:32:28.817  1261  5464 D AGM: metadata: metadata_print: 100 0x5 
03-25 13:32:28.818  1261  5464 D AGM: metadata: metadata_print: 102 
03-25 13:32:28.818  1261  5464 D AGM: metadata: metadata_print: 103 ****************Metadata Done***************************
03-25 13:32:28.818  1261  5464 D AGM: metadata: 
03-25 13:32:28.818  1261  5464 D agm_server_wrapper: Aif id 7 already added to session list of 125
03-25 13:32:28.818  1261  5464 I AGM: session: session_obj_set_sess_aif_metadata: 1825 Setting metadata for sess_id 125, aif id 7
03-25 13:32:28.818  1261  5464 D AGM: metadata: metadata_print: 79 *************************Metadata*************************
03-25 13:32:28.818  4396  4396 D NfcService: applyRouting enter
03-25 13:32:28.818  1261  5464 D AGM: metadata: metadata_print: 80 GKV size:2
03-25 13:32:28.818  1261  5464 D AGM: metadata: metadata_print: 83 key:0xa2000000, value:0xa2000001 
03-25 13:32:28.818  1261  5464 D AGM: metadata: metadata_print: 83 key:0xac000000, value:0xac000002 
03-25 13:32:28.818  1261  5464 D AGM: metadata: metadata_print: 87 
03-25 13:32:28.818  1261  5464 D AGM: metadata: CKV count:1
03-25 13:32:28.818  1261  5464 D AGM: metadata: metadata_print: 90 key:0xd2000000, value:0x0 
03-25 13:32:28.818  1261  5464 D AGM: metadata: metadata_print: 92 
03-25 13:32:28.818  1261  5464 D AGM: metadata: metadata_print: 94 Property ID:134217744
03-25 13:32:28.818  1261  5464 D AGM: metadata: metadata_print: 95 property count:1
03-25 13:32:28.818  4396  4396 D NfcService: Discovery configuration equal, not updating.
03-25 13:32:28.818  1261  5464 D AGM: metadata: metadata_print: 98 Property Values: 
03-25 13:32:28.818  4396  4396 I libnfc_nci: [INFO:NativeNfcManager.cpp(3112)] nfcManager_doSetScreenState: state = 8 prevScreenState= 4, discovry_param = 1
03-25 13:32:28.818  4396  4396 I libnfc_nci: [INFO:nfa_dm_api.cc(236)] NFA_SetPowerSubStateForScreenState: state:0x8
03-25 13:32:28.818  1261  5464 D AGM: metadata: metadata_print: 100 0x3 
03-25 13:32:28.818  4396  4396 I libnfc_nci: [INFO:gki_buffer.cc(328)] GKI_getbuf 0xb400007a3a812a80 39:43
03-25 13:32:28.818  1261  5464 D AGM: metadata: metadata_print: 102 
03-25 13:32:28.819  1261  5464 D AGM: metadata: metadata_print: 103 ****************Metadata Done***************************
03-25 13:32:28.819  1261  5464 D AGM: metadata: 
03-25 13:32:28.819  1261  5464 I AGM: session: session_obj_set_sess_aif_metadata: 1830 Exit
03-25 13:32:28.819  1261  5464 D agm_server_wrapper: Aif id 7 already added to session list of 125
03-25 13:32:28.819  1261  5464 I AGM: API: agm_session_aif_connect: 652 connecting aifid:7 with session id=125
03-25 13:32:28.819  4396  7632 I libnfc_nci: [INFO:nfa_sys_main.cc(96)] NFA got event 0x011A
03-25 13:32:28.819  4396  7632 I libnfc_nci: [INFO:nfa_dm_main.cc(152)] event: NFA_DM_API_SET_POWER_SUB_STATE_EVT (0x1a)
03-25 13:32:28.819  4396  7632 I libnfc_nci: [INFO:nfa_dm_act.cc(686)] nfa_dm_set_power_sub_state
03-25 13:32:28.819  4396  7632 I libnfc_nci: [INFO:gki_buffer.cc(328)] GKI_getbuf 0xb400007b0a807940 40:43
03-25 13:32:28.819  1261  5464 I PAL: ResourceManager: GetConcurrencyInfo: 5024: stream type 1 Tx conc 0, Rx conc 0, concurrency allowed
03-25 13:32:28.819  4396  7632 I libnfc_nci: [INFO:nfc_ncif.cc(497)] nfc_ncif_send_cmd()
03-25 13:32:28.819  4396  7632 I libnfc_nci: [INFO:nfc_ncif.cc(145)] check_and_store_last_cmd:
03-25 13:32:28.819  4396  7632 I libnfc_nci: [INFO:NfcAdaptation.cc(743)] NfcAdaptation::HalWrite
03-25 13:32:28.819  1261  5464 I PAL: ResourceManager: GetConcurrencyInfo: 5024: stream type 1 Tx conc 0, Rx conc 0, concurrency allowed
03-25 13:32:28.819  1261  5464 I PAL: ResourceManager: GetConcurrencyInfo: 5024: stream type 1 Tx conc 0, Rx conc 0, concurrency allowed
03-25 13:32:28.819  1261  5464 I PAL: API: pal_stream_open: 261: Exit. Value of stream_handle 0xb400007afce53ad0K, status 0
03-25 13:32:28.819  1261  5464 D AHAL: AudioStream: GetBufferSize: 2885: type 1
03-25 13:32:28.819  1009  7635 D NxpTml  : PN54X - Write requested.....
03-25 13:32:28.819  1009  7635 D NxpTml  : PN54X - Invoking I2C Write.....
03-25 13:32:28.819  1261  5464 D AHAL: AudioStream: Open: 3241: fragment_size_ 768 fragments_ 2
03-25 13:32:28.819  1261  5464 D AHAL: AudioStream: Open: 3271: Exit ret: 0
03-25 13:32:28.820  1261  5464 D AHAL: AudioStream: ~AutoPerfLock: 175: (release) perf_lock_handle: 0x23e, count: 1
03-25 13:32:28.820  1261  5464 D AHAL: AudioStream: ~AutoPerfLock: 179: Releasing perf_lock_handle: 0x23e
03-25 13:32:28.822  1261  5464 D AHAL: AudioStream: AutoPerfLock: 165: (Acquired) perf_lock_handle: 0x23f, count: 1
03-25 13:32:28.822  1261  5464 I PAL: API: pal_stream_start: 326: Enter. Stream handle 0xb400007afce53ad0K
03-25 13:32:28.822  1261  5464 I PAL: PayloadBuilder: findKVs: 2512: key: 0xa3000000 value: 0xa3000009
03-25 13:32:28.822  1261  5464 I AGM: device: device_set_metadata: 707 Setting device metadata for CODEC_DMA-LPAIF_WSA-TX-0
03-25 13:32:28.822  1261  5464 D AGM: metadata: metadata_print: 79 *************************Metadata*************************
03-25 13:32:28.822  1261  5464 D AGM: metadata: metadata_print: 80 GKV size:1
03-25 13:32:28.822  1261  5464 D AGM: metadata: metadata_print: 83 key:0xa3000000, value:0xa3000009 
03-25 13:32:28.822  1261  5464 D AGM: metadata: metadata_print: 87 
03-25 13:32:28.822  1261  5464 D AGM: metadata: CKV count:1
03-25 13:32:28.822  1261  5464 D AGM: metadata: metadata_print: 90 key:0xbf000000, value:0x0 
03-25 13:32:28.822  1261  5464 D AGM: metadata: metadata_print: 92 
03-25 13:32:28.822  1261  5464 D AGM: metadata: metadata_print: 94 Property ID:134217744
03-25 13:32:28.822  1261  5464 D AGM: metadata: metadata_print: 95 property count:1
03-25 13:32:28.822  1261  5464 D AGM: metadata: metadata_print: 98 Property Values: 
03-25 13:32:28.822  1261  5464 D AGM: metadata: metadata_print: 100 0x2 
03-25 13:32:28.823  1261  5464 D AGM: metadata: metadata_print: 102 
03-25 13:32:28.823  1261  5464 D AGM: metadata: metadata_print: 103 ****************Metadata Done***************************
03-25 13:32:28.823  1261  5464 D AGM: metadata: 
03-25 13:32:28.823  1261  5464 I PAL: SessionAlsaUtils: setDeviceMediaConfig: 1048: CODEC_DMA-LPAIF_WSA-TX-0 rate ch fmt data_fmt 48000 1 10 1
03-25 13:32:28.823  1261  5464 I PAL: ResourceManager: allocateFrontEndIds: 6599: allocateFrontEndIds: front end 121
03-25 13:32:28.823  1261  5464 D agm_server_wrapper: Aif id 10 already added to session list of 121
03-25 13:32:28.823  1261  5464 I AGM: API: agm_session_aif_connect: 652 connecting aifid:10 with session id=121
03-25 13:32:28.823  1261  5464 I PAL: SpeakerProtection: spkrProtProcessingMode: 2082: Normal mode being used
03-25 13:32:28.823  1261  5464 I PAL: Device: updateCustomPayload: 405: customPayloadSize = 32
03-25 13:32:28.823  4489  4489 D SYS_EVENT: send event 64 notification to client
03-25 13:32:28.823  1261  5464 I PAL: Device: updateCustomPayload: 405: customPayloadSize = 64
03-25 13:32:28.823  1261  5464 I PAL: Device: updateCustomPayload: 405: customPayloadSize = 88
03-25 13:32:28.823  1261  5464 I PAL: SpeakerProtection: spkrProtProcessingMode: 2198: Read R0T0 from file
03-25 13:32:28.824  1261  5464 I PAL: SpeakerProtection: spkrProtProcessingMode: 2239: R0 707eba7 
03-25 13:32:28.824  1261  5464 I PAL: SpeakerProtection: spkrProtProcessingMode: 2240: T0 880 
03-25 13:32:28.824  1261  5464 I PAL: Device: updateCustomPayload: 405: customPayloadSize = 120
03-25 13:32:28.825  1009  7635 D NxpTml  : Write errno : 6b
03-25 13:32:28.825  1009  7635 D NxpTml  : PN54X - Error in I2C Write.....
03-25 13:32:28.825  1009  7635 D NxpTml  : PN54X - Posting Fresh Write message.....
03-25 13:32:28.825  1261  5464 D agm_client_wrapper: agm_session_open called with handle = 1894f9a0 , *handle = 0
03-25 13:32:28.825  1009  7635 D NxpTml  : PN54X - Tml Writer Thread Running................
03-25 13:32:28.825  1009  7637 D NxpHal  : write error status = 0x1ff
03-25 13:32:28.825  1009  1009 D NxpHal  : write_unlocked failed - PN54X Maybe in Standby Mode - Retry
03-25 13:32:28.827  1261  5464 D AGM: graph: graph_open: 548 entry
03-25 13:32:28.827  1261  5464 D AGM: metadata: metadata_print: 79 *************************Metadata*************************
03-25 13:32:28.827  1261  5464 D AGM: metadata: metadata_print: 80 GKV size:1
03-25 13:32:28.827  1261  5464 D AGM: metadata: metadata_print: 83 key:0xa3000000, value:0xa3000009 
03-25 13:32:28.827  1261  5464 D AGM: metadata: metadata_print: 87 
03-25 13:32:28.827  1261  5464 D AGM: metadata: CKV count:1
03-25 13:32:28.827  1261  5464 D AGM: metadata: metadata_print: 90 key:0xbf000000, value:0x0 
03-25 13:32:28.827  1261  5464 D AGM: metadata: metadata_print: 92 
03-25 13:32:28.827  1261  5464 D AGM: metadata: metadata_print: 94 Property ID:134217744
03-25 13:32:28.827  1261  5464 D AGM: metadata: metadata_print: 95 property count:1
03-25 13:32:28.827  1261  5464 D AGM: metadata: metadata_print: 98 Property Values: 
03-25 13:32:28.828  1261  5464 D AGM: metadata: metadata_print: 100 0x2 
03-25 13:32:28.828  1261  5464 D AGM: metadata: metadata_print: 102 
03-25 13:32:28.828  1261  5464 D AGM: metadata: metadata_print: 103 ****************Metadata Done***************************
03-25 13:32:28.828  1261  5464 D AGM: metadata: 
03-25 13:32:28.828  1261  5464 D AGM: graph: print_graph_alias: 2328 GKV Alias 11 | DeviceTX_VI_TX
03-25 13:32:28.828  1261  5464 D AGM: graph: graph_open: 676 miid 4589 mid 7001024 tag c0000005
03-25 13:32:28.828  1261  5464 I GPR:    : __gpr_cmd_register_v2:902 GPR Register: Source Port is 8209 heap_index: 0
03-25 13:32:28.843  7635  7635 W i2c_write: write failed ret(-107), maybe in standby
03-25 13:32:28.830   288  1941 I audioadsprpcd: vendor/qcom/proprietary/adsprpc/src/apps_std_imp.c:984: Successfully opened file /vendor/dsp/adsp/spv5_module.so.1
03-25 13:32:28.835  1009  7635 D NxpTml  : PN54X - Write requested.....
03-25 13:32:28.835  1009  7635 D NxpTml  : PN54X - Invoking I2C Write.....
03-25 13:32:28.836  1009  7635 I NxpNciX : len =   4 > 20090100
03-25 13:32:28.836  1009  7635 D NxpTml  : PN54X - I2C Write successful.....
03-25 13:32:28.836  1009  7635 D NxpTml  : PN54X - Posting Fresh Write message.....
03-25 13:32:28.836  1009  7635 D NxpTml  : PN54X - Tml Writer Thread Running................
03-25 13:32:28.836  1009  7637 D NxpHal  : write successful status = 0x0
03-25 13:32:28.837  1009  7634 D NxpTml  : PN54X - I2C Read successful.....
03-25 13:32:28.837  1009  7634 I NxpNciR : len =   4 > 40090100
03-25 13:32:28.837  1009  7634 D NxpTml  : PN54X - Posting read message.....
03-25 13:32:28.837  1009  7637 D NxpHal  : read successful status = 0x0
03-25 13:32:28.838  4396  4911 I libnfc_nci: [INFO:gki_buffer.cc(328)] GKI_getbuf 0xb400007b0a81cac0 39:43
03-25 13:32:28.838  4396  7632 I libnfc_nci: [INFO:nfc_ncif.cc(583)] NFC received rsp gid:0
03-25 13:32:28.837   288  1941 I audioadsprpcd: vendor/qcom/proprietary/adsprpc/src/apps_std_imp.c:984: Successfully opened file /vendor/dsp/adsp/SAPlusCmnModule.so.1
03-25 13:32:28.838  1009  7634 D NxpTml  : PN54X - Read requested.....
03-25 13:32:28.838  1009  7634 D NxpTml  : PN54X - Invoking I2C Read.....
03-25 13:32:28.838  4396  7632 I libnfc_nci: [INFO:nci_hrcv.cc(87)] nci_proc_core_rsp opcode:0x9
03-25 13:32:28.838  4396  7632 I libnfc_nci: [INFO:nfa_dm_act.cc(303)] unknown revt(0x5012)
03-25 13:32:28.838  4396  7632 I libnfc_nci: [INFO:NativeNfcManager.cpp(1079)] nfaDeviceManagementCallback: enter; event=0xB
03-25 13:32:28.838  4396  7632 I libnfc_nci: [INFO:NativeNfcManager.cpp(1283)] nfaDeviceManagementCallback: NFA_DM_SET_POWER_SUB_STATE_EVT; status=0x0
03-25 13:32:28.838  4396  4396 I libnfc_nci: [INFO:nfa_dm_api.cc(294)] param_id:0x2
03-25 13:32:28.838  4396  4396 I libnfc_nci: [INFO:gki_buffer.cc(328)] GKI_getbuf 0xb400007a4a8396e0 39:43
03-25 13:32:28.838  4396  7632 I libnfc_nci: [INFO:nfa_sys_main.cc(96)] NFA got event 0x0102
03-25 13:32:28.838  4396  7632 I libnfc_nci: [INFO:nfa_dm_main.cc(152)] event: NFA_DM_API_SET_CONFIG_EVT (0x02)
03-25 13:32:28.839  4396  7632 I libnfc_nci: [INFO:nfa_dm_main.cc(256)] nfa_dm_check_set_config
03-25 13:32:28.839  4396  7632 I libnfc_nci: [INFO:gki_buffer.cc(328)] GKI_getbuf 0xb400007b0a81cac0 40:43
03-25 13:32:28.839  4396  7632 I libnfc_nci: [INFO:nfc_ncif.cc(497)] nfc_ncif_send_cmd()
03-25 13:32:28.839  4396  7632 I libnfc_nci: [INFO:nfc_ncif.cc(145)] check_and_store_last_cmd:
03-25 13:32:28.839  4396  7632 I libnfc_nci: [INFO:NfcAdaptation.cc(743)] NfcAdaptation::HalWrite
03-25 13:32:28.839  1009  7635 D NxpTml  : PN54X - Write requested.....
03-25 13:32:28.839  1009  7635 D NxpTml  : PN54X - Invoking I2C Write.....
03-25 13:32:28.839  1009  7635 I NxpNciX : len =   7 > 20020401020101
03-25 13:32:28.839  1009  7635 D NxpTml  : PN54X - I2C Write successful.....
03-25 13:32:28.839  1009  7635 D NxpTml  : PN54X - Posting Fresh Write message.....
03-25 13:32:28.839  1009  7635 D NxpTml  : PN54X - Tml Writer Thread Running................
03-25 13:32:28.839  1009  7637 D NxpHal  : write successful status = 0x0
03-25 13:32:28.840  1009  7634 D NxpTml  : PN54X - I2C Read successful.....
03-25 13:32:28.840  1009  7634 I NxpNciR : len =   5 > 4002020000
03-25 13:32:28.840  1009  7634 D NxpTml  : PN54X - Posting read message.....
03-25 13:32:28.840  1009  7637 D NxpHal  : read successful status = 0x0
03-25 13:32:28.840  1009  7637 D NxpHal  : phNxpNciHal_print_res_status: response status =STATUS_OK
03-25 13:32:28.840  4396  4911 I libnfc_nci: [INFO:gki_buffer.cc(328)] GKI_getbuf 0xb400007b0a812520 39:43
03-25 13:32:28.840  4396  7632 I libnfc_nci: [INFO:nfc_ncif.cc(583)] NFC received rsp gid:0
03-25 13:32:28.840  1009  7634 D NxpTml  : PN54X - Read requested.....
03-25 13:32:28.840  1009  7634 D NxpTml  : PN54X - Invoking I2C Read.....
03-25 13:32:28.841  4396  7632 I libnfc_nci: [INFO:nci_hrcv.cc(87)] nci_proc_core_rsp opcode:0x2
03-25 13:32:28.841  4396  7632 I libnfc_nci: [INFO:nfa_dm_act.cc(303)] NFC_SET_CONFIG_REVT(0x5002)
03-25 13:32:28.841  4396  7632 I libnfc_nci: [INFO:NativeNfcManager.cpp(1079)] nfaDeviceManagementCallback: enter; event=0x2
03-25 13:32:28.841  4396  7632 I libnfc_nci: [INFO:NativeNfcManager.cpp(1108)] nfaDeviceManagementCallback: NFA_DM_SET_CONFIG_EVT
03-25 13:32:28.847  1261  5464 E ACDB    : AcdbCmdGetProcSubgraphCalDataPersist:8217 Error[19]: No calibration found
03-25 13:32:28.847  1261  5464 D AGM: graph: graph_open: 707 graph_handle 0x147534c
03-25 13:32:28.848  1261  5464 D AGM: graph: graph_open: 743 exit, ret 0
03-25 13:32:28.848  1261  5464 D AGM: graph: graph_set_config: 1105 entry graph_handle 0x147534c
03-25 13:32:28.848  1261  5464 D AGM: graph: graph_set_config: 1113 exit, graph handle 0x147534c, ret 0
03-25 13:32:28.848  1261  5464 D agm_client_wrapper: agm_session_open Received handle = 0x7a1894f9a0 , *handle = b400007afce406d0
03-25 13:32:28.848  1261  5464 D PLUGIN: pcm: agm_pcm_hw_params: 477 agm_pcm_hw_params: mode: 268435456
03-25 13:32:28.849  1261  5464 I PAL: SpeakerProtection: spkrProtProcessingMode: 2339: Normal mode being used
03-25 13:32:28.849  1261  5464 I PAL: SpeakerProtection: spkrProtProcessingMode: 2366: Normal mode being used
03-25 13:32:28.849  1261  5464 I PAL: Device: updateCustomPayload: 405: customPayloadSize = 24
03-25 13:32:28.849  1261  5464 D audio_route: Apply path: vi-feedback
03-25 13:32:28.850  1261  5464 D AGM: graph: graph_prepare: 804 entry graph_handle 0x147534c
03-25 13:32:28.850  1261  5464 D AGM: graph_module: configure_hw_ep_media_config: 697 entry mod tag c0000005 miid 4589 mid 7001024
03-25 13:32:28.850  1261  5464 D AGM: graph_module: configure_hw_ep_media_config: 727 rate 48000 bw 32 ch 1, data_fmt 1
03-25 13:32:28.850  1261  5464 D AGM: graph_module: configure_hw_ep_media_config: 737 exit, ret 0
03-25 13:32:28.850  1261  5464 D AGM: graph_module: configure_codec_dma_ep: 314 cdc_dma intf cfg lpaif 2 indx 1 ch_msk 1
03-25 13:32:28.851  1261  5464 D AGM: graph_module: configure_codec_dma_ep: 329 exit, ret 0
03-25 13:32:28.852  1261  5464 D AGM: graph: graph_prepare: 882 exit, ret 0
03-25 13:32:28.852  1261  5464 D AGM: graph: graph_start: 896 entry graph_handle 0x147534c
03-25 13:32:28.854  1261  5464 D AGM: graph: graph_start: 908 exit, ret 0
03-25 13:32:28.854  1261  5464 D AGM: graph: graph_start: 896 entry graph_handle 0x147534c
03-25 13:32:28.854  1261  5464 D AGM: graph: graph_start: 908 exit, ret 0
03-25 13:32:28.856  1261  5464 E PAL: SpeakerProtection: spkrProtProcessingMode: 2439: Opening CPS 
03-25 13:32:28.856  1261  5464 I PAL: PayloadBuilder: findKVs: 2512: key: 0xa3000000 value: 0xa300000e
03-25 13:32:28.856  1261  5464 I AGM: device: device_set_metadata: 707 Setting device metadata for CODEC_DMA-LPAIF_WSA-TX-2
03-25 13:32:28.856  1261  5464 D AGM: metadata: metadata_print: 79 *************************Metadata*************************
03-25 13:32:28.856  1261  5464 D AGM: metadata: metadata_print: 80 GKV size:1
03-25 13:32:28.856  1261  5464 D AGM: metadata: metadata_print: 83 key:0xa3000000, value:0xa300000e 
03-25 13:32:28.856  1261  5464 D AGM: metadata: metadata_print: 87 
03-25 13:32:28.856  1261  5464 D AGM: metadata: CKV count:1
03-25 13:32:28.856  1261  5464 D AGM: metadata: metadata_print: 90 key:0xe3000000, value:0x0 
03-25 13:32:28.856  1261  5464 D AGM: metadata: metadata_print: 92 
03-25 13:32:28.856  1261  5464 D AGM: metadata: metadata_print: 94 Property ID:134217744
03-25 13:32:28.856  1261  5464 D AGM: metadata: metadata_print: 95 property count:1
03-25 13:32:28.856  1261  5464 D AGM: metadata: metadata_print: 98 Property Values: 
03-25 13:32:28.856  1261  5464 D AGM: metadata: metadata_print: 100 0x2 
03-25 13:32:28.856  1261  5464 D AGM: metadata: metadata_print: 102 
03-25 13:32:28.856  1261  5464 D AGM: metadata: metadata_print: 103 ****************Metadata Done***************************
03-25 13:32:28.856  1261  5464 D AGM: metadata: 
03-25 13:32:28.856  1261  5464 I PAL: SessionAlsaUtils: setDeviceMediaConfig: 1048: CODEC_DMA-LPAIF_WSA-TX-2 rate ch fmt data_fmt 24000 1 10 1
03-25 13:32:28.856  1261  5464 I PAL: ResourceManager: allocateFrontEndIds: 6599: allocateFrontEndIds: front end 120
03-25 13:32:28.856  1261  5464 D agm_server_wrapper: Aif id 11 already added to session list of 120
03-25 13:32:28.857  1261  5464 I AGM: API: agm_session_aif_connect: 652 connecting aifid:11 with session id=120
03-25 13:32:28.857  1261  5464 I PAL: Device: updateCustomPayload: 405: customPayloadSize = 64
03-25 13:32:28.858  1261  5464 D agm_client_wrapper: agm_session_open called with handle = 1894f9a0 , *handle = 0
03-25 13:32:28.858  1261  5464 D AGM: device: device_open: 357 Unsupported PCM rate 24000 changing to default rate 48000
03-25 13:32:28.859  1261  5464 D AGM: graph: graph_open: 548 entry
03-25 13:32:28.859  1261  5464 D AGM: metadata: metadata_print: 79 *************************Metadata*************************
03-25 13:32:28.859  1261  5464 D AGM: metadata: metadata_print: 80 GKV size:1
03-25 13:32:28.859  1261  5464 D AGM: metadata: metadata_print: 83 key:0xa3000000, value:0xa300000e 
03-25 13:32:28.859  1261  5464 D AGM: metadata: metadata_print: 87 
03-25 13:32:28.859  1261  5464 D AGM: metadata: CKV count:1
03-25 13:32:28.859  1261  5464 D AGM: metadata: metadata_print: 90 key:0xe3000000, value:0x0 
03-25 13:32:28.859  1261  5464 D AGM: metadata: metadata_print: 92 
03-25 13:32:28.859  1261  5464 D AGM: metadata: metadata_print: 94 Property ID:134217744
03-25 13:32:28.859  1261  5464 D AGM: metadata: metadata_print: 95 property count:1
03-25 13:32:28.860  1261  5464 D AGM: metadata: metadata_print: 98 Property Values: 
03-25 13:32:28.860  1261  5464 D AGM: metadata: metadata_print: 100 0x2 
03-25 13:32:28.860  1261  5464 D AGM: metadata: metadata_print: 102 
03-25 13:32:28.860  1261  5464 D AGM: metadata: metadata_print: 103 ****************Metadata Done***************************
03-25 13:32:28.860  1261  5464 D AGM: metadata: 
03-25 13:32:28.860  1261  5464 E ACDB    : AcdbCmdGetGraphAlias:3933 Error[19]: Unable to find graph key vector. No matching key value pairs were found
03-25 13:32:28.860  1261  5464 E gsl     : gsl_get_graph_alias:2241 acdb get graph alias failed 19, len 255
03-25 13:32:28.860  1261  5464 D AGM: graph: print_graph_alias: 2325 gsl_get_graph_alias failed: ret = 19
03-25 13:32:28.860  1261  5464 D AGM: graph: graph_open: 676 miid 4617 mid 7001024 tag c0000005
03-25 13:32:28.860  1261  5464 I GPR:    : __gpr_cmd_register_v2:902 GPR Register: Source Port is 8210 heap_index: 0
03-25 13:32:28.861   288  1941 I audioadsprpcd: vendor/qcom/proprietary/adsprpc/src/apps_std_imp.c:984: Successfully opened file /vendor/dsp/adsp/cps_module.so.1
03-25 13:32:28.865  1291  1291 I QTI PowerHAL: Power createHintSession
03-25 13:32:28.870  1261  5464 E ACDB    : AcdbCmdGetProcSubgraphCalDataPersist:8217 Error[19]: No calibration found
03-25 13:32:28.870  1261  5464 D AGM: graph: graph_open: 707 graph_handle 0x247534c
03-25 13:32:28.870  1261  5464 D AGM: graph: graph_open: 743 exit, ret 0
03-25 13:32:28.870  1261  5464 D agm_client_wrapper: agm_session_open Received handle = 0x7a1894f9a0 , *handle = b400007afce422d0
03-25 13:32:28.870  1261  5464 D PLUGIN: pcm: agm_pcm_hw_params: 477 agm_pcm_hw_params: mode: 268435456
03-25 13:32:28.871  1261  5464 D audio_route: Apply path: cps-feedback
03-25 13:32:28.871  1261  5464 D AGM: graph: graph_prepare: 804 entry graph_handle 0x247534c
03-25 13:32:28.871  1261  5464 D AGM: graph_module: configure_hw_ep_media_config: 697 entry mod tag c0000005 miid 4617 mid 7001024
03-25 13:32:28.871  1261  5464 D AGM: graph_module: configure_hw_ep_media_config: 727 rate 24000 bw 32 ch 1, data_fmt 1
03-25 13:32:28.871  1261  5464 D AGM: graph_module: configure_hw_ep_media_config: 737 exit, ret 0
03-25 13:32:28.871  1261  5464 D AGM: graph_module: configure_codec_dma_ep: 314 cdc_dma intf cfg lpaif 2 indx 3 ch_msk 1
03-25 13:32:28.872  1261  5464 D AGM: graph_module: configure_codec_dma_ep: 329 exit, ret 0
03-25 13:32:28.872  1261  5464 D AGM: graph: graph_prepare: 882 exit, ret 0
03-25 13:32:28.873  1261  5464 D AGM: graph: graph_start: 896 entry graph_handle 0x247534c
03-25 13:32:28.874  1261  5464 D AGM: graph: graph_start: 908 exit, ret 0
03-25 13:32:28.874  1261  5464 D AGM: graph: graph_start: 896 entry graph_handle 0x247534c
03-25 13:32:28.874  1261  5464 D AGM: graph: graph_start: 908 exit, ret 0
03-25 13:32:28.896  5464  5464 I adsp_sleepmon: Audio: num_sessions=1,num_lpi_sessions=0,timer_pending=0
03-25 13:32:28.874  1261  5464 I PAL: SessionAlsaUtils: setDeviceMediaConfig: 1048: CODEC_DMA-LPAIF_WSA-RX-0 rate ch fmt data_fmt 48000 1 2 1
03-25 13:32:28.874  1261  5464 I PAL: ResourceManager: voteSleepMonitor: 1827: Voting done for nlpi use case, lpi votes 0, nlpi votes : 1
03-25 13:32:28.875  1261  5464 D agm_client_wrapper: agm_session_open called with handle = 18950c60 , *handle = 0
03-25 13:32:28.877  1261  5464 D AGM: graph: graph_open: 548 entry
03-25 13:32:28.877  1261  5464 D AGM: metadata: metadata_print: 79 *************************Metadata*************************
03-25 13:32:28.877  1261  5464 D AGM: metadata: metadata_print: 80 GKV size:4
03-25 13:32:28.877  1261  5464 D AGM: metadata: metadata_print: 83 key:0xa1000000, value:0xa100000e 
03-25 13:32:28.877  1261  5464 D AGM: metadata: metadata_print: 83 key:0xab000000, value:0x1 
03-25 13:32:28.877  1261  5464 D AGM: metadata: metadata_print: 83 key:0xa2000000, value:0xa2000001 
03-25 13:32:28.877  1261  5464 D AGM: metadata: metadata_print: 83 key:0xac000000, value:0xac000002 
03-25 13:32:28.877  1261  5464 D AGM: metadata: metadata_print: 87 
03-25 13:32:28.877  1261  5464 D AGM: metadata: CKV count:4
03-25 13:32:28.877  1261  5464 D AGM: metadata: metadata_print: 90 key:0xa4000000, value:0xf 
03-25 13:32:28.877  1261  5464 D AGM: metadata: metadata_print: 90 key:0xd2000000, value:0x0 
03-25 13:32:28.877  1261  5464 D AGM: metadata: metadata_print: 90 key:0xa9000000, value:0x1 
03-25 13:32:28.878  1261  5464 D AGM: metadata: metadata_print: 90 key:0xbe000000, value:0x1 
03-25 13:32:28.878  1261  5464 D AGM: metadata: metadata_print: 92 
03-25 13:32:28.878  1261  5464 D AGM: metadata: metadata_print: 94 Property ID:134217744
03-25 13:32:28.878  1261  5464 D AGM: metadata: metadata_print: 95 property count:4
03-25 13:32:28.878  1261  5464 D AGM: metadata: metadata_print: 98 Property Values: 
03-25 13:32:28.878  1261  5464 D AGM: metadata: metadata_print: 100 0x1 
03-25 13:32:28.878  1261  5464 D AGM: metadata: metadata_print: 100 0x3 
03-25 13:32:28.878  1261  5464 D AGM: metadata: metadata_print: 100 0x2 
03-25 13:32:28.878  1261  5464 D AGM: metadata: metadata_print: 100 0x5 
03-25 13:32:28.878  1261  5464 D AGM: metadata: metadata_print: 102 
03-25 13:32:28.878  1261  5464 D AGM: metadata: metadata_print: 103 ****************Metadata Done***************************
03-25 13:32:28.878  1261  5464 D AGM: metadata: 
03-25 13:32:28.878  1261  5464 D AGM: graph: print_graph_alias: 2328 GKV Alias 142 | StreamRX_PCM_LL_Playback_DeviceRX_Speaker_Instance_Instance_1_DevicePP_Rx_Audio_MBDRC
03-25 13:32:28.878  1261  5464 D AGM: graph: graph_open: 628 miid 40bd mid 7001000 tag c0000002
03-25 13:32:28.878  1261  5464 D AGM: graph: graph_open: 676 miid 43b1 mid 7001023 tag c0000004
03-25 13:32:28.878  1261  5464 D AGM: graph: graph_open: 628 miid 40c4 mid 7001019 tag c0000006
03-25 13:32:28.878  1261  5464 D AGM: graph: graph_open: 628 miid 40bf mid 7001005 tag c000000e
03-25 13:32:28.878  1261  5464 D AGM: graph: graph_open: 628 miid 40c0 mid 7001003 tag c0000010
03-25 13:32:28.878  1261  5464 D AGM: graph: graph_open: 628 miid 4165 mid 7001032 tag c0000013
03-25 13:32:28.879  1261  5464 I GPR:    : __gpr_cmd_register_v2:902 GPR Register: Source Port is 8211 heap_index: 0
03-25 13:32:28.880   288  1941 I audioadsprpcd: vendor/qcom/proprietary/adsprpc/src/apps_std_imp.c:984: Successfully opened file /vendor/dsp/adsp/CFCM.so.1
03-25 13:32:28.887  1261  5464 E ACDB    : AcdbCmdGetProcSubgraphCalDataPersist:8217 Error[19]: No calibration found
03-25 13:32:28.887  1261  5464 E ACDB    : AcdbCmdGetProcSubgraphCalDataPersist:8217 Error[19]: No calibration found
03-25 13:32:28.887  1261  5464 E ACDB    : AcdbCmdGetProcSubgraphCalDataPersist:8217 Error[19]: No calibration found
03-25 13:32:28.887  1261  5464 E ACDB    : AcdbCmdGetProcSubgraphCalDataPersist:8217 Error[19]: No calibration found
03-25 13:32:28.887  1261  5464 D AGM: graph: graph_open: 707 graph_handle 0x347534c
03-25 13:32:28.887  1261  5464 D AGM: graph: graph_open: 743 exit, ret 0
03-25 13:32:28.887  1261  5464 D AGM: graph: graph_set_config: 1105 entry graph_handle 0x347534c
03-25 13:32:28.888  1261  5464 D AGM: graph: graph_set_config: 1113 exit, graph handle 0x347534c, ret 0
03-25 13:32:28.888  1261  5464 D agm_client_wrapper: agm_session_open Received handle = 0x7a18950c60 , *handle = b400007afce40a50
03-25 13:32:28.888  1261  5464 D PLUGIN: pcm: agm_pcm_hw_params: 477 agm_pcm_hw_params: mode: 0
03-25 13:32:28.888  1261  5464 I PAL: Session: updateCustomPayload: 619: customPayloadSize = 32
03-25 13:32:28.888  1261  5464 D AGM: graph: graph_set_config: 1105 entry graph_handle 0x347534c
03-25 13:32:28.889  1261  5464 D AGM: graph: graph_set_config: 1113 exit, graph handle 0x347534c, ret 0
03-25 13:32:28.889  1261  5464 D AGM: graph: graph_prepare: 804 entry graph_handle 0x347534c
03-25 13:32:28.889  1261  5464 D AGM: graph_module: configure_pcm_shared_mem_ep: 1660 entry mod tag c0000002 miid 40bd mid 7001000
03-25 13:32:28.889  1261  5464 D AGM: graph_module: configure_pcm_shared_mem_ep: 1736 exit, ret 0
03-25 13:32:28.889  1261  5464 D AGM: graph_module: configure_hw_ep_media_config: 697 entry mod tag c0000004 miid 43b1 mid 7001023
03-25 13:32:28.890  1261  5464 D AGM: graph_module: configure_hw_ep_media_config: 727 rate 48000 bw 16 ch 1, data_fmt 1
03-25 13:32:28.890  1261  5464 D AGM: graph_module: configure_hw_ep_media_config: 737 exit, ret 0
03-25 13:32:28.890  1261  5464 D AGM: graph_module: configure_codec_dma_ep: 314 cdc_dma intf cfg lpaif 2 indx 1 ch_msk 1
03-25 13:32:28.890  1261  5464 D AGM: graph_module: configure_codec_dma_ep: 329 exit, ret 0
03-25 13:32:28.890  1261  5464 D AGM: graph_module: configure_output_media_format: 820 entry mod tag c000000e miid 40bf mid 7001005
03-25 13:32:28.891  1261  5464 D AGM: graph_module: configure_output_media_format: 951 exit, ret 0
03-25 13:32:28.891  1261  5464 D AGM: graph_module: configure_output_media_format: 820 entry mod tag c0000010 miid 40c0 mid 7001003
03-25 13:32:28.891  1261  5464 D AGM: graph_module: configure_output_media_format: 951 exit, ret 0
03-25 13:32:28.891  1261  5464 D AGM: graph_module: configure_spr: 1864 SPR module IID 4165
03-25 13:32:28.891  1261  5464 D AGM: graph_module: configure_spr: 1887 HW EP module IID 43b1
03-25 13:32:28.892  1261  5464 D AGM: graph: configure_buffer_params: 199 Enter
03-25 13:32:28.892  1261  5464 D AGM: graph: configure_buffer_params: 262 Playback sess buf_sz 768 num_bufs 2
03-25 13:32:28.892  1261  5464 E AGM: graph: configure_buffer_params: 295 Unsupported buffer mode : 0, Default to Blocking
03-25 13:32:28.892  1261  5464 D AGM: graph: configure_buffer_params: 315 exit, ret 0
03-25 13:32:28.895  1261  5464 D AGM: graph: graph_prepare: 882 exit, ret 0
03-25 13:32:28.895  1261  5464 D AGM: graph: graph_start: 896 entry graph_handle 0x347534c
03-25 13:32:28.898  1261  5464 D AGM: graph: graph_start: 908 exit, ret 0
03-25 13:32:28.898  1261  5464 D AGM: graph: graph_start: 896 entry graph_handle 0x347534c
03-25 13:32:28.898  1261  5464 D AGM: graph: graph_start: 908 exit, ret 0
03-25 13:32:28.936  2075  3354 W InputManager-JNI: Input channel object '32ff2b7 SnapshotStartingWindow for taskId=16 (client)' was disposed without first being removed with the input manager!
03-25 13:32:28.944  1261  5464 I PAL: API: pal_stream_start: 374: Exit. status 0
03-25 13:32:28.944  1261  5464 I AHAL: AudioStream: configurePalOutputStream: 3482: notify GEF client of device config
03-25 13:32:28.944  1261  5464 D generic_effect_ar: gef_device_config_cb: stream type=6 sample_rate=48000 device=2
03-25 13:32:28.944  1261  5464 D AHAL: AudioStream: ~AutoPerfLock: 175: (release) perf_lock_handle: 0x23f, count: 1
03-25 13:32:28.945  1261  5464 D AHAL: AudioStream: ~AutoPerfLock: 179: Releasing perf_lock_handle: 0x23f
03-25 13:32:29.005  3305  3456 D ControlsListingControllerImpl: Unsubscribing callback
03-25 13:32:29.007  3305  3456 D ControlsListingControllerImpl: Unsubscribing callback
03-25 13:32:29.008  3305  3456 D ControlsListingControllerImpl: Unsubscribing callback
03-25 13:32:29.122  1513  1693 W TransactionTracing: Could not find layer handle 0xb4000074ce634b30
03-25 13:32:29.122  1513  1693 W TransactionTracing: Could not find layer handle 0xb4000074ce637170
03-25 13:32:29.122  1513  1693 W TransactionTracing: Could not find layer handle 0xb4000074ce635370
03-25 13:32:29.122  1513  1693 W TransactionTracing: Could not find layer handle 0xb4000074ce635370
03-25 13:32:29.122  1513  1693 W TransactionTracing: Could not find layer handle 0xb4000074ce637170
03-25 13:32:29.122  1513  1693 W TransactionTracing: Could not find layer id -1
03-25 13:32:29.122  1513  1693 W TransactionTracing: Could not find layer id -1
03-25 13:32:29.122  1513  1693 W TransactionTracing: Could not find layer id -1
03-25 13:32:29.122  1513  1693 W TransactionTracing: Could not find layer id -1
03-25 13:32:29.198  1417  1554 I SDM     : DisplayBase::CommitThread: Received idle timeout
03-25 13:32:29.245  1417  1554 I SDM     : HWDeviceDRM::SetupConcurrentWriteback: Tear down the Concurrent Writeback topology
03-25 13:32:29.261  1261  1302 D AHAL: AudioStream: out_update_source_metadata_v7: 1070: track count is 0 for usecase(1: low-latency-playback)
03-25 13:32:29.358  1447  5234 E ANDR-PERF-LM: SilkyScrolls: emptyContentDetection() 651: empty Content found
03-25 13:32:29.603  5665  5665 W TcmReceiver: type=1400 audit(0.0:391): avc: denied { write } for name="tcmd" dev="tmpfs" ino=1348 scontext=u:r:remote_prov_app:s0:c102,c256,c512,c768 tcontext=u:object_r:vendor_dpmtcm_socket:s0 tclass=sock_file permissive=0 app=com.android.remoteprovisioner
03-25 13:32:29.738  3305  3305 I KeyButtonView: Back button event: ACTION_DOWN
03-25 13:32:29.746  1465  1465 D vendor.qti.vibrator: Vibrator on for timeoutMs: 20
03-25 13:32:29.768  1465  1465 I [haptic_hv][1779]index_store: value=1
03-25 13:32:29.774  1465  1465 I [haptic_hv][1686]duration_store: duration=20
03-25 13:32:29.774  1465  1465 I [haptic_hv][1711]activate_store: value=1
03-25 13:32:29.754  1465  7767 D vendor.qti.vibrator: Starting on on another thread
03-25 13:32:29.776   174   174 I [haptic_hv][0253]aw8692x_wait_enter_standby: entered standby!
03-25 13:32:29.776   174   174 I [haptic_hv][0391]aw8692x_upload_lra: write f0_cali_data to trim_lra = 0x34
03-25 13:32:29.777  1465  1465 I [haptic_hv][1835]gain_store: value=0x80
03-25 13:32:29.779   174   174 I [haptic_hv][0253]aw8692x_wait_enter_standby: entered standby!
03-25 13:32:29.760  1261  1302 D AHAL: AudioStream: out_update_source_metadata_v7: 1070: track count is 1 for usecase(1: low-latency-playback)
03-25 13:32:29.760  1261  1302 D AHAL: AudioStream: out_update_source_metadata_v7: 1112: Source metadata usage:13 content_type:4
03-25 13:32:29.760  1261  1302 D AHAL: AudioStream: SetAggregateSourceMetadata: 3793: Aggregated Source metadata usage:13 content_type:4
03-25 13:32:29.775  1465  7767 D vendor.qti.vibrator: Notifying on complete
03-25 13:32:29.791   174   174 I [haptic_hv][1158]aw8692x_get_vbat: awinic->vbat=4342mV, vbat_code=0x2DC
03-25 13:32:29.792   174   174 I [haptic_hv][0477]ram_vbat_comp: ram vbat comp open
03-25 13:32:29.792   174   174 I [haptic_hv][0309]aw8692x_play_mode: enter ram loop mode
03-25 13:32:29.796   174   174 I [haptic_hv][0274]aw8692x_bst_mode_config: haptic bst mode = bypass
03-25 13:32:29.798   174   174 I [haptic_hv][0237]aw8692x_play_go: enter, flag = 1
03-25 13:32:29.779  1465  1465 D vendor.qti.vibrator: QTI Vibrator off
03-25 13:32:29.800  1465  1465 I [haptic_hv][1711]activate_store: value=0
03-25 13:32:29.816  3305  3305 I KeyButtonView: Back button event: ACTION_UP
03-25 13:32:29.847   174   174 I [haptic_hv][0253]aw8692x_wait_enter_standby: entered standby!
03-25 13:32:29.836  2075  3354 D ActivityTrigger: ActivityTrigger activityPauseTrigger 
03-25 13:32:29.892  3653  6752 D SettingsActivity: No enabled state changed, skipping updateCategory call
03-25 13:32:29.895  2075  4406 D CompatibilityInfo: mCompatibilityFlags - 0
03-25 13:32:29.895  2075  4406 D CompatibilityInfo: applicationDensity - 480
03-25 13:32:29.895  2075  4406 D CompatibilityInfo: applicationScale - 1.0
03-25 13:32:29.907  1513  1693 W TransactionTracing: Could not find layer id -1
03-25 13:32:29.916  3653  3769 E OpenGLRenderer: Unable to match the desired swap behavior.
03-25 13:32:29.956  1291  1291 I QTI PowerHAL: Power createHintSession
03-25 13:32:29.960  1291  1291 I QTI PowerHAL: Power createHintSession
03-25 13:32:29.985  1261  1302 D AHAL: AudioStream: out_update_source_metadata_v7: 1070: track count is 0 for usecase(1: low-latency-playback)
03-25 13:32:30.057  1513  1693 W TransactionTracing: Could not find layer id -1
03-25 13:32:30.425  1513  1693 W TransactionTracing: Could not find layer handle 0xb4000074ce631d70
03-25 13:32:30.426  1513  1693 W TransactionTracing: Could not find layer handle 0xb4000074ce62fc70
03-25 13:32:30.426  1513  1693 W TransactionTracing: Could not find layer handle 0xb4000074ce635bb0
03-25 13:32:30.427  1513  1693 W TransactionTracing: Could not find layer handle 0xb4000074ce632550
03-25 13:32:30.430  1513  1693 W TransactionTracing: Could not find layer handle 0xb4000074ce634290
03-25 13:32:30.430  1513  1693 W TransactionTracing: Could not find layer handle 0xb4000074ce62e530
03-25 13:32:30.433  1513  1693 W TransactionTracing: Could not find layer handle 0xb4000074ce632550
03-25 13:32:30.433  1513  1693 W TransactionTracing: Could not find layer handle 0xb4000074ce631d70
03-25 13:32:30.438  2075  4406 W InputManager-JNI: Input channel object '15155aa com.android.settings/com.android.settings.SubSettings (client)' was disposed without first being removed with the input manager!
03-25 13:32:30.442  1513  1693 W TransactionTracing: Could not find layer handle 0xb4000074ce62dcf0
03-25 13:32:30.457  1513  1693 W TransactionTracing: Could not find layer id -1
03-25 13:32:30.459  1513  1693 W TransactionTracing: Could not find layer id -1
03-25 13:32:30.459  1513  1693 W TransactionTracing: Could not find layer id -1
03-25 13:32:30.459  1513  1693 W TransactionTracing: Could not find layer id -1
03-25 13:32:30.474  1513  1693 W TransactionTracing: Could not find layer handle 0xb4000074ce635d90
03-25 13:32:30.549  1417  1554 I SDM     : DisplayBase::CommitThread: Received idle timeout
03-25 13:32:30.570  1273  1273 W healthd : battery l=98 v=4360 t=30.0 h=2 st=3 c=-321174 fc=4476000 cc=1 chg=
03-25 13:32:30.567  3565  3565 D QtiCarrierConfigHelper: WARNING, no carrier configs on phone Id: 1
03-25 13:32:30.571  1854  1876 D tcmd    : IDpmServiceTcmCallbackImpl:: get tcm fd list size
03-25 13:32:30.571  1854  1876 D tcmd    : IDpmServiceTcmCallbackImpl:: DpmTcmServer fd list size 2
03-25 13:32:30.572  1854  1876 D tcmd    : IDpmServiceTcmCallbackImpl:: close tcp idle socket connections
03-25 13:32:30.572  1854  1876 D tcmd    : enqueueDpmTmCbEvent: cmd = 2
03-25 13:32:30.572  1854  1854 D tcmd    : DpmCom :there are 1 file descriptor(s) with events pending
03-25 13:32:30.572  1854  1854 D tcmd    : DpmCom : 1 events pending, handling 1 for 7
03-25 13:32:30.572  1854  1854 D tcmd    : DpmCom :fd '7' is processing events [callback:0x57e8d33648, data:0xb400007b36e55690]
03-25 13:32:30.572  1854  1854 D tcmd    : DpmTcmServer::closeTcpIdleConnection number of registered connections: 2
03-25 13:32:30.572  1854  1854 D tcmd    : DpmTcmMgr handleDpmTcmCbEvents queue is empty 
03-25 13:32:30.573  1854  1854 D tcmd    : waiting on events (-1ms)
03-25 13:32:30.581  1417  1554 I SDM     : HWDeviceDRM::SetupConcurrentWriteback: Tear down the Concurrent Writeback topology
03-25 13:32:30.607  5665  5665 W TcmReceiver: type=1400 audit(0.0:392): avc: denied { write } for name="tcmd" dev="tmpfs" ino=1348 scontext=u:r:remote_prov_app:s0:c102,c256,c512,c768 tcontext=u:object_r:vendor_dpmtcm_socket:s0 tclass=sock_file permissive=0 app=com.android.remoteprovisioner
03-25 13:32:30.635  3465  3465 V DeviceStatisticsService: chargerType=0 batteryLevel=98 totalBatteryCapacity=4469100
03-25 13:32:30.640  3565  3565 D QtiCarrierConfigHelper: WARNING, no carrier configs on phone Id: 1
03-25 13:32:30.645  3465  3465 V DeviceStatisticsService: chargerType=0 batteryLevel=98 totalBatteryCapacity=4469100
03-25 13:32:30.750  1417  1554 I SDM     : DisplayBase::CommitThread: Received idle timeout
03-25 13:32:30.782  1417  1554 I SDM     : HWDeviceDRM::SetupConcurrentWriteback: Tear down the Concurrent Writeback topology
03-25 13:32:30.818  1465  1465 I [haptic_hv][1779]index_store: value=1
03-25 13:32:30.796  1465  1465 D vendor.qti.vibrator: Vibrator on for timeoutMs: 20
03-25 13:32:30.802  1465  7778 D vendor.qti.vibrator: Starting on on another thread
03-25 13:32:30.822  1465  1465 I [haptic_hv][1686]duration_store: duration=20
03-25 13:32:30.822  1465  1465 I [haptic_hv][1711]activate_store: value=1
03-25 13:32:30.824   174   174 I [haptic_hv][0253]aw8692x_wait_enter_standby: entered standby!
03-25 13:32:30.826  1465  1465 I [haptic_hv][1835]gain_store: value=0x80
03-25 13:32:30.826   174   174 I [haptic_hv][0391]aw8692x_upload_lra: write f0_cali_data to trim_lra = 0x34
03-25 13:32:30.828   174   174 I [haptic_hv][0253]aw8692x_wait_enter_standby: entered standby!
03-25 13:32:30.807  1261  1302 D AHAL: AudioStream: out_update_source_metadata_v7: 1070: track count is 1 for usecase(1: low-latency-playback)
03-25 13:32:30.813  1261  1302 D AHAL: AudioStream: out_update_source_metadata_v7: 1112: Source metadata usage:13 content_type:4
03-25 13:32:30.814  1261  1302 D AHAL: AudioStream: SetAggregateSourceMetadata: 3793: Aggregated Source metadata usage:13 content_type:4
03-25 13:32:30.822  1465  7778 D vendor.qti.vibrator: Notifying on complete
03-25 13:32:30.844   174   174 I [haptic_hv][1158]aw8692x_get_vbat: awinic->vbat=4336mV, vbat_code=0x2DB
03-25 13:32:30.846   174   174 I [haptic_hv][0477]ram_vbat_comp: ram vbat comp open
03-25 13:32:30.846   174   174 I [haptic_hv][0309]aw8692x_play_mode: enter ram loop mode
03-25 13:32:30.848   174   174 I [haptic_hv][0274]aw8692x_bst_mode_config: haptic bst mode = bypass
03-25 13:32:30.850   174   174 I [haptic_hv][0237]aw8692x_play_go: enter, flag = 1
03-25 13:32:30.831  1465  1465 D vendor.qti.vibrator: QTI Vibrator off
03-25 13:32:30.853  1465  1465 I [haptic_hv][1711]activate_store: value=0
03-25 13:32:30.888  3305  3305 I vol.VolumeDialogImpl: mDialog.dismiss() reason: volume_controller from: com.android.systemui.volume.VolumeDialogImpl$7.onDismissRequested:2
03-25 13:32:30.907   174   174 I [haptic_hv][0253]aw8692x_wait_enter_standby: entered standby!
03-25 13:32:30.893  2075  2502 D ActivityTrigger: ActivityTrigger activityPauseTrigger 
03-25 13:32:30.897  1447  1447 E ANDR-PERF-LM: PrefAppsFeature: getData() 322: Could not get preferred apps, Prefered apps list is empty or device is low on memory.
03-25 13:32:30.909  1513  1693 W TransactionTracing: Could not find layer id -1
03-25 13:32:30.910  1513  1693 W TransactionTracing: Could not find layer id -1
03-25 13:32:30.929  3305  3305 I vol.VolumeDialogImpl: mDialog.dismiss() reason: volume_controller from: com.android.systemui.volume.VolumeDialogImpl$7.onDismissRequested:2
03-25 13:32:30.929  3305  3305 D vol.VolumeDialogImpl: dismissH: isAnimatingDismiss
03-25 13:32:30.943  3902  4586 E OpenGLRenderer: Unable to match the desired swap behavior.
03-25 13:32:31.026  1513  1693 W TransactionTracing: Could not find layer handle 0xb4000074ce630f90
03-25 13:32:31.035  1261  1302 D AHAL: AudioStream: out_update_source_metadata_v7: 1070: track count is 0 for usecase(1: low-latency-playback)
03-25 13:32:31.383  1447  1485 E ANDR-PERF-RESOURCEQS: ANDR-PERF-RESOURCEQS: AddAndApply() 167: Failed to apply optimization [10, 9]
03-25 13:32:31.393  1513  1693 W TransactionTracing: Could not find layer handle 0xb4000074ce6342f0
03-25 13:32:31.469  1417  1554 I SDM     : DisplayBase::CommitThread: Received idle timeout
03-25 13:32:31.500  1417  1554 I SDM     : HWDeviceDRM::SetupConcurrentWriteback: Tear down the Concurrent Writeback topology
03-25 13:32:31.607  5665  5665 W TcmReceiver: type=1400 audit(0.0:393): avc: denied { write } for name="tcmd" dev="tmpfs" ino=1348 scontext=u:r:remote_prov_app:s0:c102,c256,c512,c768 tcontext=u:object_r:vendor_dpmtcm_socket:s0 tclass=sock_file permissive=0 app=com.android.remoteprovisioner
03-25 13:32:32.611  5665  5665 W TcmReceiver: type=1400 audit(0.0:394): avc: denied { write } for name="tcmd" dev="tmpfs" ino=1348 scontext=u:r:remote_prov_app:s0:c102,c256,c512,c768 tcontext=u:object_r:vendor_dpmtcm_socket:s0 tclass=sock_file permissive=0 app=com.android.remoteprovisioner
03-25 13:32:33.079  1261  1302 D AHAL: AudioStream: astream_out_standby: 694: enter: stream (0xb400007b3ce3e010), usecase(1: low-latency-playback)
03-25 13:32:33.079  1261  1302 D AHAL: AudioStream: Standby: 2264: Enter
03-25 13:32:33.079  1261  1302 I PAL: API: pal_stream_stop: 389: Enter. Stream handle :0xb400007afce53ad0K
03-25 13:32:33.079  1261  1302 D AGM: graph: graph_stop: 924 entry graph_handle 0x347534c
03-25 13:32:33.089  1261  1302 D AGM: graph: graph_stop: 971 exit, ret 0
03-25 13:32:33.091  1261  1302 I PAL: ResourceManager: voteSleepMonitor: 1827: Unvoting done for nlpi use case, lpi votes 0, nlpi votes : 0
03-25 13:32:33.092  1261  1302 I PAL: SpeakerProtection: spkrProtSetSpkrStatus: 240: Speaker used last time 699
03-25 13:32:33.113  1302  1302 I adsp_sleepmon: Audio: num_sessions=0,num_lpi_sessions=0,timer_pending=1
03-25 13:32:33.094  1261  1302 D AGM: graph: graph_stop: 924 entry graph_handle 0x147534c
03-25 13:32:33.097  1261  1302 D AGM: graph: graph_stop: 971 exit, ret 0
03-25 13:32:33.098  1261  1302 I AGM: API: agm_session_aif_connect: 652 disconnecting aifid:10 with session id=121
03-25 13:32:33.099  1261  1302 D AGM: graph: graph_stop: 924 entry graph_handle 0x147534c
03-25 13:32:33.099  1261  1302 D AGM: metadata: metadata_print: 79 *************************Metadata*************************
03-25 13:32:33.100  1261  1302 D AGM: metadata: metadata_print: 80 GKV size:1
03-25 13:32:33.100  1261  1302 D AGM: metadata: metadata_print: 83 key:0xa3000000, value:0xa3000009 
03-25 13:32:33.101  1261  1302 D AGM: metadata: metadata_print: 87 
03-25 13:32:33.101  1261  1302 D AGM: metadata: CKV count:1
03-25 13:32:33.101  1261  1302 D AGM: metadata: metadata_print: 90 key:0xbf000000, value:0x0 
03-25 13:32:33.102  1261  1302 D AGM: metadata: metadata_print: 92 
03-25 13:32:33.102  1261  1302 D AGM: metadata: metadata_print: 94 Property ID:134217744
03-25 13:32:33.102  1261  1302 D AGM: metadata: metadata_print: 95 property count:1
03-25 13:32:33.102  1261  1302 D AGM: metadata: metadata_print: 98 Property Values: 
03-25 13:32:33.102  1261  1302 D AGM: metadata: metadata_print: 100 0x2 
03-25 13:32:33.102  1261  1302 D AGM: metadata: metadata_print: 102 
03-25 13:32:33.103  1261  1302 D AGM: metadata: metadata_print: 103 ****************Metadata Done***************************
03-25 13:32:33.103  1261  1302 D AGM: metadata: 
03-25 13:32:33.105  1261  1302 D AGM: graph: graph_stop: 971 exit, ret 0
03-25 13:32:33.107  1261  1302 I AGM: device: device_set_metadata: 707 Setting device metadata for CODEC_DMA-LPAIF_WSA-TX-0
03-25 13:32:33.107  1261  1302 D AGM: metadata: metadata_print: 79 *************************Metadata*************************
03-25 13:32:33.107  1261  1302 D AGM: metadata: metadata_print: 80 GKV size:0
03-25 13:32:33.107  1261  1302 D AGM: metadata: metadata_print: 87 
03-25 13:32:33.107  1261  1302 D AGM: metadata: CKV count:0
03-25 13:32:33.107  1261  1302 D AGM: metadata: metadata_print: 92 
03-25 13:32:33.107  1261  1302 D AGM: metadata: metadata_print: 94 Property ID:134217744
03-25 13:32:33.107  1261  1302 D AGM: metadata: metadata_print: 95 property count:2
03-25 13:32:33.107  1261  1302 D AGM: metadata: metadata_print: 98 Property Values: 
03-25 13:32:33.107  1261  1302 D AGM: metadata: metadata_print: 100 0x2 
03-25 13:32:33.107  1261  1302 D AGM: metadata: metadata_print: 100 0x5 
03-25 13:32:33.108  1261  1302 D AGM: metadata: metadata_print: 102 
03-25 13:32:33.108  1261  1302 D AGM: metadata: metadata_print: 103 ****************Metadata Done***************************
03-25 13:32:33.108  1261  1302 D AGM: metadata: 
03-25 13:32:33.108  1261  1302 I PAL: ResourceManager: freeFrontEndIds: 6773: stream type 1, freeing 121
03-25 13:32:33.108  1261  1302 D AGM: session: session_close: 1318 enter
03-25 13:32:33.108  1261  1302 D AGM: graph: graph_close: 760 entry handle 0x147534c
03-25 13:32:33.108  1261  1302 D AGM: graph: graph_close: 780 exit, ret 0
03-25 13:32:33.108  1261  1302 D AGM: session: session_close: 1369 exit, ret 0
03-25 13:32:33.109  1261  1302 D AGM: graph: graph_stop: 924 entry graph_handle 0x247534c
03-25 13:32:33.112  1261  1302 D AGM: graph: graph_stop: 971 exit, ret 0
03-25 13:32:33.113  1261  1302 I AGM: API: agm_session_aif_connect: 652 disconnecting aifid:11 with session id=120
03-25 13:32:33.113  1261  1302 D AGM: graph: graph_stop: 924 entry graph_handle 0x247534c
03-25 13:32:33.114  1261  1302 D AGM: metadata: metadata_print: 79 *************************Metadata*************************
03-25 13:32:33.114  1261  1302 D AGM: metadata: metadata_print: 80 GKV size:1
03-25 13:32:33.114  1261  1302 D AGM: metadata: metadata_print: 83 key:0xa3000000, value:0xa300000e 
03-25 13:32:33.114  1261  1302 D AGM: metadata: metadata_print: 87 
03-25 13:32:33.114  1261  1302 D AGM: metadata: CKV count:1
03-25 13:32:33.115  1261  1302 D AGM: metadata: metadata_print: 90 key:0xe3000000, value:0x0 
03-25 13:32:33.115  1261  1302 D AGM: metadata: metadata_print: 92 
