--------- beginning of system
01-15 03:50:42.784   885   925 I QISL    : QSEE Interrupt Service Listener Thread is started
01-15 03:50:42.785   885   925 I QISL    : QSEE Interrupt Service Listener was activated successfully
01-15 03:50:42.793   885   885 D SPL     : Call QSEECom_register_listener()
01-15 03:50:42.794   888   888 I vold    : Vold 3.0 (the awakening) firing up
01-15 03:50:42.794   885   885 D SPL     : Registered listener sucessfully!
01-15 03:50:42.794   888   888 D vold    : Detected support for: ext4 f2fs vfat
01-15 03:50:42.794   885   885 D SPL     : pipe read-fd [45] write-fd [46]
01-15 03:50:42.794   885   885 D SPL     : Create thread
01-15 03:50:42.794   885   885 D SPL     : Thread created sucessfully.
01-15 03:50:42.794   885   939 D SPL     : spl_dispatch() started
01-15 03:50:42.794   885   939 D SPL     : ==== Wait For Request ======
01-15 03:50:42.797   888   888 I vold    : [libfs_mgr]dt_fstab: Skip disabled entry for partition vendor
01-15 03:50:42.799   888   888 D vold    : VoldNativeService::start() completed OK
01-15 03:50:42.962   977   977 D spdaemon: Start wait for [/dev/spcom] device node.
01-15 03:50:42.962   977   977 D spdaemon: file [/dev/spcom] exist!
01-15 03:50:42.962   977   977 D spdaemon: file [/dev/spcom] is ready in [0] msec.
01-15 03:50:42.962   977   977 D spdaemon: file [/dev/sp_kernel] is ready in [0] msec.
01-15 03:50:42.962   977   977 D spdaemon: Firmware Name [spss1p.md].
01-15 03:50:42.962   977   977 D spdaemon: Prod FW.
01-15 03:50:42.962   977   977 D spdaemon: firmware_type [p].
01-15 03:50:42.962   977   977 E iardb   : [iar_db_get_iar_state] failed to open file /mnt/vendor/spunvm/iar_db/iar_state.bin [2] [No such file or directory]
01-15 03:50:42.962   977   977 D iarlib  : [iar_get_state] Can't get iar_state, return DISABLED
01-15 03:50:42.962   977   977 I spdaemon: IAR is not activated
01-15 03:50:42.962   977   977 D spdaemon: Going to start SP From kernel.
01-15 03:50:42.962   977   977 D spcomlib: [spcom_restart_sp_subsystem] SPCom restart SP subsystem cmd
01-15 03:50:42.968   980   980 E secnvm  : No channel names file.
01-15 03:50:42.968   980   980 D secnvm  : App name in the list is : sp_nvm index: 0
01-15 03:50:42.968   980   980 D secnvm  : App name in the list is : sp_keymaster index: 1
01-15 03:50:42.968   980   980 D secnvm  : App name in the list is : sampleapp index: 2
01-15 03:50:42.968   980   980 D secnvm  : App name in the list is : iuicc index: 3
01-15 03:50:42.968   980   980 D secnvm  : App name in the list is : iuicc0 index: 4
01-15 03:50:42.968   980   980 D secnvm  : App name in the list is : iuicc1 index: 5
01-15 03:50:42.969   980   980 D secnvm  : Suppors [6] threads
01-15 03:50:42.969   980   980 D secnvm  : successfully created thread #[0] [sp_nvm]
01-15 03:50:42.969   980   980 D secnvm  : successfully created thread #[1] [sp_keymaster]
01-15 03:50:42.969   980   980 D secnvm  : successfully created thread #[2] [sampleapp]
01-15 03:50:42.969   980   980 D secnvm  : successfully created thread #[3] [iuicc]
01-15 03:50:42.969   980   980 D secnvm  : successfully created thread #[4] [iuicc0]
01-15 03:50:42.969   980   980 D secnvm  : successfully created thread #[5] [iuicc1]
01-15 03:50:42.969   980   991 D secnvm  : start routine of appName [iuicc]
01-15 03:50:42.970   980   991 D secnvm  : ch [sec_nvm_iuicc] Wait for link UP...
01-15 03:50:42.970   980   993 D secnvm  : start routine of appName [iuicc1]
01-15 03:50:42.970   980   993 D secnvm  : ch [sec_nvm_iuicc1] Wait for link UP...
01-15 03:50:42.970   980   992 D secnvm  : start routine of appName [iuicc0]
01-15 03:50:42.970   980   992 D secnvm  : ch [sec_nvm_iuicc0] Wait for link UP...
01-15 03:50:42.970   980   992 D spcomlib: [spcom_check_link_up_state] SPCom check for link up: wait[0], event_id[100]
01-15 03:50:42.970   980   992 D spcomlib: [open_control_ch] Control channel opened successfully
01-15 03:50:42.970   980   992 D spcomlib: [spcom_ioctl] spcom_ioctl: command ID [3222295528]
01-15 03:50:42.970   980   990 D secnvm  : start routine of appName [sampleapp]
01-15 03:50:42.970   980   992 D spcomlib: [spcom_check_link_up_state] SPCom check for link up done - ret[0]
01-15 03:50:42.971   980   990 D secnvm  : ch [sec_nvm_sampleapp] Wait for link UP...
01-15 03:50:42.971   980   990 D spcomlib: [spcom_check_link_up_state] SPCom check for link up: wait[0], event_id[100]
01-15 03:50:42.971   980   990 D spcomlib: [spcom_ioctl] spcom_ioctl: command ID [3222295528]
01-15 03:50:42.971   980   990 D spcomlib: [spcom_check_link_up_state] SPCom check for link up done - ret[0]
01-15 03:50:42.971   980   988 D secnvm  : start routine of appName [sp_nvm]
01-15 03:50:42.971   980   989 D secnvm  : start routine of appName [sp_keymaster]
01-15 03:50:42.972   980   988 D secnvm  : ch [sec_nvm_sp_nvm] Wait for link UP...
01-15 03:50:42.972   980   988 D spcomlib: [spcom_check_link_up_state] SPCom check for link up: wait[0], event_id[100]
01-15 03:50:42.972   980   988 D spcomlib: [spcom_ioctl] spcom_ioctl: command ID [3222295528]
01-15 03:50:42.972   980   988 D spcomlib: [spcom_check_link_up_state] SPCom check for link up done - ret[0]
01-15 03:50:42.972   980   989 D secnvm  : ch [sec_nvm_sp_keymaster] Wait for link UP...
01-15 03:50:42.972   980   989 D spcomlib: [spcom_check_link_up_state] SPCom check for link up: wait[0], event_id[100]
01-15 03:50:42.972   980   989 D spcomlib: [spcom_ioctl] spcom_ioctl: command ID [3222295528]
01-15 03:50:42.972   980   989 D spcomlib: [spcom_check_link_up_state] SPCom check for link up done - ret[0]
01-15 03:50:42.980   980   991 D spcomlib: [spcom_check_link_up_state] SPCom check for link up: wait[0], event_id[100]
01-15 03:50:42.980   980   991 D spcomlib: [spcom_ioctl] spcom_ioctl: command ID [3222295528]
01-15 03:50:42.980   980   991 D spcomlib: [spcom_check_link_up_state] SPCom check for link up done - ret[0]
01-15 03:50:42.980   980   993 D spcomlib: [spcom_check_link_up_state] SPCom check for link up: wait[0], event_id[100]
01-15 03:50:42.980   980   993 D spcomlib: [spcom_ioctl] spcom_ioctl: command ID [3222295528]
01-15 03:50:42.980   980   993 D spcomlib: [spcom_check_link_up_state] SPCom check for link up done - ret[0]
01-15 03:50:42.983   977   977 D spcomlib: [open_control_ch] Control channel opened successfully
01-15 03:50:42.983   977   977 D spcomlib: [spcom_ioctl] spcom_ioctl: command ID [21491]
01-15 03:50:42.994   977   977 D spdaemon: spcom supports PBL error handling. ret [0].
01-15 03:50:42.994   977   977 D spcomlib: [spcom_signal_event] event [0] [pil_called] EVENT_STATUS_SIGNALED
01-15 03:50:42.994   977   977 E iardb   : [iar_db_get_iar_state] failed to open file /mnt/vendor/spunvm/iar_db/iar_state.bin [2] [No such file or directory]
01-15 03:50:42.994   977   977 D iarlib  : [iar_get_state] Can't get iar_state, return DISABLED
01-15 03:50:43.001   980   992 D spcomlib: [spcom_check_link_up_state] SPCom check for link up: wait[0], event_id[100]
01-15 03:50:43.001   980   992 D spcomlib: [spcom_ioctl] spcom_ioctl: command ID [3222295528]
01-15 03:50:43.001   980   992 D spcomlib: [spcom_check_link_up_state] SPCom check for link up done - ret[0]
01-15 03:50:43.001   980   990 D spcomlib: [spcom_check_link_up_state] SPCom check for link up: wait[0], event_id[100]
01-15 03:50:43.001   980   990 D spcomlib: [spcom_ioctl] spcom_ioctl: command ID [3222295528]
01-15 03:50:43.001   980   990 D spcomlib: [spcom_check_link_up_state] SPCom check for link up done - ret[0]
01-15 03:50:43.002   980   989 D spcomlib: [spcom_check_link_up_state] SPCom check for link up: wait[0], event_id[100]
01-15 03:50:43.002   980   989 D spcomlib: [spcom_ioctl] spcom_ioctl: command ID [3222295528]
01-15 03:50:43.002   980   989 D spcomlib: [spcom_check_link_up_state] SPCom check for link up done - ret[0]
01-15 03:50:43.002   980   988 D spcomlib: [spcom_check_link_up_state] SPCom check for link up: wait[0], event_id[100]
01-15 03:50:43.002   980   988 D spcomlib: [spcom_ioctl] spcom_ioctl: command ID [3222295528]
01-15 03:50:43.002   980   988 D spcomlib: [spcom_check_link_up_state] SPCom check for link up done - ret[0]
01-15 03:50:43.010   980   991 D spcomlib: [spcom_check_link_up_state] SPCom check for link up: wait[0], event_id[100]
01-15 03:50:43.010   980   991 D spcomlib: [spcom_ioctl] spcom_ioctl: command ID [3222295528]
01-15 03:50:43.010   980   991 D spcomlib: [spcom_check_link_up_state] SPCom check for link up done - ret[1]
01-15 03:50:43.011   980   993 D spcomlib: [spcom_check_link_up_state] SPCom check for link up: wait[0], event_id[100]
01-15 03:50:43.011   980   993 D spcomlib: [spcom_ioctl] spcom_ioctl: command ID [3222295528]
01-15 03:50:43.011   980   993 D spcomlib: [spcom_check_link_up_state] SPCom check for link up done - ret[1]
01-15 03:50:43.031   980   992 D spcomlib: [spcom_check_link_up_state] SPCom check for link up: wait[0], event_id[100]
01-15 03:50:43.031   980   992 D spcomlib: [spcom_ioctl] spcom_ioctl: command ID [3222295528]
01-15 03:50:43.031   980   992 D spcomlib: [spcom_check_link_up_state] SPCom check for link up done - ret[1]
01-15 03:50:43.031   980   990 D spcomlib: [spcom_check_link_up_state] SPCom check for link up: wait[0], event_id[100]
01-15 03:50:43.031   980   990 D spcomlib: [spcom_ioctl] spcom_ioctl: command ID [3222295528]
01-15 03:50:43.031   980   990 D spcomlib: [spcom_check_link_up_state] SPCom check for link up done - ret[1]
01-15 03:50:43.032   980   989 D spcomlib: [spcom_check_link_up_state] SPCom check for link up: wait[0], event_id[100]
01-15 03:50:43.032   980   988 D spcomlib: [spcom_check_link_up_state] SPCom check for link up: wait[0], event_id[100]
01-15 03:50:43.032   980   988 D spcomlib: [spcom_ioctl] spcom_ioctl: command ID [3222295528]
01-15 03:50:43.032   980   989 D spcomlib: [spcom_ioctl] spcom_ioctl: command ID [3222295528]
01-15 03:50:43.032   980   988 D spcomlib: [spcom_check_link_up_state] SPCom check for link up done - ret[1]
01-15 03:50:43.032   980   989 D spcomlib: [spcom_check_link_up_state] SPCom check for link up done - ret[1]
01-15 03:50:43.041   980   991 D secnvm  : ch [sec_nvm_iuicc] SP LINK is UP
01-15 03:50:43.041   980   991 D secnvm  : ch [sec_nvm_iuicc] register spcom service, channel:sec_nvm_iuicc
01-15 03:50:43.041   980   993 D secnvm  : ch [sec_nvm_iuicc1] SP LINK is UP
01-15 03:50:43.041   980   991 D spcomlib: [spcom_ch_register] SPCom channel register cmd: ch_name[sec_nvm_iuicc], PID [0x87647cb0]
01-15 03:50:43.041   980   993 D secnvm  : ch [sec_nvm_iuicc1] register spcom service, channel:sec_nvm_iuicc1
01-15 03:50:43.041   980   991 D spcomlib: [spcom_ioctl] spcom_ioctl: command ID [1075860458]
01-15 03:50:43.041   980   991 D spcomlib: [spcom_ch_register] SPCom register cmd done: ch_name[sec_nvm_iuicc]
01-15 03:50:43.041   980   991 D spcomlib: [spcom_add_ssr_cb] SPCom add SSR callback: ch_name[sec_nvm_iuicc], cb[0x56254189e0]
01-15 03:50:43.041   980   991 D spcomlib: [add_ssr_cb] ssr cb added at entry 0!
01-15 03:50:43.041   980   991 D spcomlib: [start_ssr_thread] main thread pid[0x87647cb0]
01-15 03:50:43.041   980   991 D spcomlib: [start_ssr_thread] Wait for SSR thread to run
01-15 03:50:43.041   980  1007 D spcomlib: [notify_ssr_thread] notify SSR thread started
01-15 03:50:43.041   980   991 D spcomlib: [start_ssr_thread] pthread_cond_wait ret [0]
01-15 03:50:43.041   980   991 D spcomlib: [start_ssr_thread] start ssr thread done
01-15 03:50:43.041   980   991 D spcomlib: [spcom_add_ssr_cb] SPCom add SSR callback done: ch_name[sec_nvm_iuicc], cb[0x56254189e0]
01-15 03:50:43.041   980   991 D spcomlib: [add_ch] add ch [sec_nvm_iuicc].
01-15 03:50:43.042   980   991 D spcomlib: [spcom_register_service] SPCom register service: Channel name [sec_nvm_iuicc], pid [0x87647cb0] - done
01-15 03:50:43.042   980   991 D spcomlib: [spcom_server_get_next_request_size] SPCom server get next request cmd: ch_name[sec_nvm_iuicc], next_req_size[0]
01-15 03:50:43.042   980   991 D spcomlib: [spcom_ioctl] spcom_ioctl: command ID [3223868399]
01-15 03:50:43.042   980   993 D spcomlib: [spcom_ch_register] SPCom channel register cmd: ch_name[sec_nvm_iuicc1], PID [0x8744bcb0]
01-15 03:50:43.042   980   993 D spcomlib: [spcom_ioctl] spcom_ioctl: command ID [1075860458]
01-15 03:50:43.042   980   993 D spcomlib: [spcom_ch_register] SPCom register cmd done: ch_name[sec_nvm_iuicc1]
01-15 03:50:43.042   980   993 D spcomlib: [spcom_add_ssr_cb] SPCom add SSR callback: ch_name[sec_nvm_iuicc1], cb[0x56254189e0]
01-15 03:50:43.042   980   993 D spcomlib: [add_ssr_cb] ssr cb already exist!
01-15 03:50:43.042   980   993 D spcomlib: [spcom_add_ssr_cb] SPCom add SSR callback done: ch_name[sec_nvm_iuicc1], cb[0x56254189e0]
01-15 03:50:43.042   980   993 D spcomlib: [add_ch] add ch [sec_nvm_iuicc1].
01-15 03:50:43.042   980   993 D spcomlib: [spcom_register_service] SPCom register service: Channel name [sec_nvm_iuicc1], pid [0x8744bcb0] - done
01-15 03:50:43.042   980   993 D spcomlib: [spcom_server_get_next_request_size] SPCom server get next request cmd: ch_name[sec_nvm_iuicc1], next_req_size[0]
01-15 03:50:43.042   980   993 D spcomlib: [spcom_ioctl] spcom_ioctl: command ID [3223868399]
01-15 03:50:43.042   980  1007 D spcomlib: [spcom_check_link_up_state] SPCom check for link up: wait[1], event_id[100]
01-15 03:50:43.042   980  1007 D spcomlib: [spcom_ioctl] spcom_ioctl: command ID [3222295528]
01-15 03:50:43.042   985   985 I keystore2: keystore2_main: Keystore2 is starting.
01-15 03:50:43.042   985   985 I keystore2: keystore2_main: Setting up sqlite logging for keystore2
01-15 03:50:43.042   985   985 W keystore2: keystore2::metrics_store: In update_keystore_crash_sysprop: Failed to read the existing system property due to: In read_keystore_crash_count: Property not set..Therefore, keystore crashes will not be logged.
01-15 03:50:43.043   985   985 I keystore2: keystore2_main: Starting thread pool now.
01-15 03:50:43.048   985   985 I keystore2: keystore2::globals: KeyMint device is current version (Some(200)) for security level: SecurityLevel(1)
01-15 03:50:43.055   985   985 I keystore2: keystore2::globals: Add emulation wrapper around Keymaster device for security level: SecurityLevel(2)
01-15 03:50:43.057   985  1008 I keystore2: keystore2::shared_secret_negotiation: Shared secret negotiation concluded successfully.
01-15 03:50:43.057   985  1008 I keystore2: keystore2::shared_secret_negotiation: StrongBox does not provide a challenge, so no RoT transfer: Status(-8, EX_SERVICE_SPECIFIC): '-100: '
01-15 03:50:43.058   985   985 I keystore2: keystore2_main: Successfully registered Keystore 2.0 service.
01-15 03:50:43.058   985   985 I keystore2: keystore2_main: Joining thread pool now.
01-15 03:50:43.059   888   888 D vold    : fscrypt_mount_metadata_encrypted: /data encrypt: 1 format: 1 with f2fs
01-15 03:50:43.059   888   888 D vold    : metadata_key_dir/key: /metadata/vold/metadata_encryption/key
01-15 03:50:43.060   888   888 D vold    : Created directory /metadata/vold/metadata_encryption
01-15 03:50:43.061   888   888 I vold    : Metadata key does not exist, calling deleteAllKeys
01-15 03:50:43.061   980   992 D secnvm  : ch [sec_nvm_iuicc0] SP LINK is UP
01-15 03:50:43.061   980   992 D secnvm  : ch [sec_nvm_iuicc0] register spcom service, channel:sec_nvm_iuicc0
01-15 03:50:43.061   980   992 D spcomlib: [spcom_ch_register] SPCom channel register cmd: ch_name[sec_nvm_iuicc0], PID [0x87549cb0]
01-15 03:50:43.061   980   992 D spcomlib: [spcom_ioctl] spcom_ioctl: command ID [1075860458]
01-15 03:50:43.061   980   990 D secnvm  : ch [sec_nvm_sampleapp] SP LINK is UP
01-15 03:50:43.061   980   992 D spcomlib: [spcom_ch_register] SPCom register cmd done: ch_name[sec_nvm_iuicc0]
01-15 03:50:43.061   980   990 D secnvm  : ch [sec_nvm_sampleapp] register spcom service, channel:sec_nvm_sampleapp
01-15 03:50:43.061   980   992 D spcomlib: [spcom_add_ssr_cb] SPCom add SSR callback: ch_name[sec_nvm_iuicc0], cb[0x56254189e0]
01-15 03:50:43.061   980   992 D spcomlib: [add_ssr_cb] ssr cb already exist!
01-15 03:50:43.061   980   992 D spcomlib: [spcom_add_ssr_cb] SPCom add SSR callback done: ch_name[sec_nvm_iuicc0], cb[0x56254189e0]
01-15 03:50:43.061   980   992 D spcomlib: [add_ch] add ch [sec_nvm_iuicc0].
01-15 03:50:43.061   980   992 D spcomlib: [spcom_register_service] SPCom register service: Channel name [sec_nvm_iuicc0], pid [0x87549cb0] - done
01-15 03:50:43.061   980   992 D spcomlib: [spcom_server_get_next_request_size] SPCom server get next request cmd: ch_name[sec_nvm_iuicc0], next_req_size[0]
01-15 03:50:43.061   980   990 D spcomlib: [spcom_ch_register] SPCom channel register cmd: ch_name[sec_nvm_sampleapp], PID [0x87745cb0]
01-15 03:50:43.061   980   992 D spcomlib: [spcom_ioctl] spcom_ioctl: command ID [3223868399]
01-15 03:50:43.061   980   990 D spcomlib: [spcom_ioctl] spcom_ioctl: command ID [1075860458]
01-15 03:50:43.061   980   990 D spcomlib: [spcom_ch_register] SPCom register cmd done: ch_name[sec_nvm_sampleapp]
01-15 03:50:43.061   980   990 D spcomlib: [spcom_add_ssr_cb] SPCom add SSR callback: ch_name[sec_nvm_sampleapp], cb[0x56254189e0]
01-15 03:50:43.062   980   990 D spcomlib: [add_ssr_cb] ssr cb already exist!
01-15 03:50:43.062   985   985 I keystore2: keystore2::maintenance: In delete_all_keys.
01-15 03:50:43.062   980   990 D spcomlib: [spcom_add_ssr_cb] SPCom add SSR callback done: ch_name[sec_nvm_sampleapp], cb[0x56254189e0]
01-15 03:50:43.062   980   990 D spcomlib: [add_ch] add ch [sec_nvm_sampleapp].
01-15 03:50:43.062   980   990 D spcomlib: [spcom_register_service] SPCom register service: Channel name [sec_nvm_sampleapp], pid [0x87745cb0] - done
01-15 03:50:43.062   980   990 D spcomlib: [spcom_server_get_next_request_size] SPCom server get next request cmd: ch_name[sec_nvm_sampleapp], next_req_size[0]
01-15 03:50:43.062   980   990 D spcomlib: [spcom_ioctl] spcom_ioctl: command ID [3223868399]
01-15 03:50:43.062   980   988 D secnvm  : ch [sec_nvm_sp_nvm] SP LINK is UP
01-15 03:50:43.062   980   989 D secnvm  : ch [sec_nvm_sp_keymaster] SP LINK is UP
01-15 03:50:43.062   980   988 D secnvm  : ch [sec_nvm_sp_nvm] register spcom service, channel:sec_nvm_sp_nvm
01-15 03:50:43.062   980   989 D secnvm  : ch [sec_nvm_sp_keymaster] register spcom service, channel:sec_nvm_sp_keymaster
01-15 03:50:43.062   980   988 D spcomlib: [spcom_ch_register] SPCom channel register cmd: ch_name[sec_nvm_sp_nvm], PID [0x87941cb0]
01-15 03:50:43.062   980   988 D spcomlib: [spcom_ioctl] spcom_ioctl: command ID [1075860458]
01-15 03:50:43.063   985   985 I keystore2: keystore2::maintenance: Call to deleteAllKeys succeeded for security level TRUSTED_ENVIRONMENT.
01-15 03:50:43.063   985   985 I keystore2: keystore2::maintenance: Call to deleteAllKeys succeeded for security level STRONGBOX.
01-15 03:50:43.063   888   888 I vold    : Creating new key in /metadata/vold/metadata_encryption/key
01-15 03:50:43.063   888   888 D vold    : Generating wrapped storage key
01-15 03:50:43.072   980   988 D spcomlib: [spcom_ch_register] SPCom register cmd done: ch_name[sec_nvm_sp_nvm]
01-15 03:50:43.072   980   988 D spcomlib: [spcom_add_ssr_cb] SPCom add SSR callback: ch_name[sec_nvm_sp_nvm], cb[0x56254189e0]
01-15 03:50:43.072   980   988 D spcomlib: [add_ssr_cb] ssr cb already exist!
01-15 03:50:43.072   980   988 D spcomlib: [spcom_add_ssr_cb] SPCom add SSR callback done: ch_name[sec_nvm_sp_nvm], cb[0x56254189e0]
01-15 03:50:43.072   980   988 D spcomlib: [add_ch] add ch [sec_nvm_sp_nvm].
01-15 03:50:43.072   980   988 D spcomlib: [spcom_register_service] SPCom register service: Channel name [sec_nvm_sp_nvm], pid [0x87941cb0] - done
01-15 03:50:43.072   980   988 D spcomlib: [spcom_server_get_next_request_size] SPCom server get next request cmd: ch_name[sec_nvm_sp_nvm], next_req_size[0]
01-15 03:50:43.072   980   988 D spcomlib: [spcom_ioctl] spcom_ioctl: command ID [3223868399]
01-15 03:50:43.073   980   989 D spcomlib: [spcom_ch_register] SPCom channel register cmd: ch_name[sec_nvm_sp_keymaster], PID [0x87843cb0]
01-15 03:50:43.073   980   989 D spcomlib: [spcom_ioctl] spcom_ioctl: command ID [1075860458]
01-15 03:50:43.073   980   989 D spcomlib: [spcom_ch_register] SPCom register cmd done: ch_name[sec_nvm_sp_keymaster]
01-15 03:50:43.073   980   989 D spcomlib: [spcom_add_ssr_cb] SPCom add SSR callback: ch_name[sec_nvm_sp_keymaster], cb[0x56254189e0]
01-15 03:50:43.073   980   989 D spcomlib: [add_ssr_cb] ssr cb already exist!
01-15 03:50:43.073   980   989 D spcomlib: [spcom_add_ssr_cb] SPCom add SSR callback done: ch_name[sec_nvm_sp_keymaster], cb[0x56254189e0]
01-15 03:50:43.073   980   989 D spcomlib: [add_ch] add ch [sec_nvm_sp_keymaster].
01-15 03:50:43.073   980   989 D spcomlib: [spcom_register_service] SPCom register service: Channel name [sec_nvm_sp_keymaster], pid [0x87843cb0] - done
01-15 03:50:43.073   980   989 D spcomlib: [spcom_server_get_next_request_size] SPCom server get next request cmd: ch_name[sec_nvm_sp_keymaster], next_req_size[0]
01-15 03:50:43.073   980   989 D spcomlib: [spcom_ioctl] spcom_ioctl: command ID [3223868399]
01-15 03:50:43.074   980   988 D spcomlib: [spcom_server_get_next_request_size] SPCom get next request size done: Channel name [sec_nvm_sp_nvm], next_req_size [2]
01-15 03:50:43.074   980   988 D spcomlib: [spcom_get_message] SPCom get message cmd: ch_name [sec_nvm_sp_nvm], buffer_size [2], timeout_ms [0]
01-15 03:50:43.074   980   988 D spcomlib: [spcom_ioctl] spcom_ioctl: command ID [3223868400]
01-15 03:50:43.074   980   988 D spcomlib: [spcom_get_message] SPCom get message cmd done: ch_name[sec_nvm_sp_nvm], message size[2]
01-15 03:50:43.074   980   988 D spcomlib: [spcom_server_wait_for_request] SPCom server wait for request: Channel name: [sec_nvm_sp_nvm], actual request size:[2]
01-15 03:50:43.074   980   988 D secnvm  : ch [sec_nvm_sp_nvm] create new request: reqId = 5
01-15 03:50:43.074   980   988 D secnvm  : ch [sec_nvm_sp_nvm] Invalid m_ionHandle.fd [-1] for reqId [5]
01-15 03:50:43.074   980   988 D secnvm  : IsCommitOp
01-15 03:50:43.074   980   988 D secnvm  : NVM version is supported: 5
01-15 03:50:43.075   980   988 D spcomlib: [spcom_send_message] SPCom send message cmd: ch_name [sec_nvm_sp_nvm], buffer_size [53], timeout_ms [0]
01-15 03:50:43.075   980   988 D spcomlib: [spcom_ioctl] spcom_ioctl: command ID [1076384749]
01-15 03:50:43.075   980   988 D spcomlib: [spcom_send_message] SPCom send message cmd done: ch_name[sec_nvm_sp_nvm], ret[53]
01-15 03:50:43.075   980   988 D secnvm  : setNvmManagerState: is_skp:0, reqId:5, m_state=0
01-15 03:50:43.075   980   988 D spcomlib: [spcom_server_get_next_request_size] SPCom server get next request cmd: ch_name[sec_nvm_sp_nvm], next_req_size[2]
01-15 03:50:43.075   980   988 D spcomlib: [spcom_ioctl] spcom_ioctl: command ID [3223868399]
01-15 03:50:43.076   980   988 D spcomlib: [spcom_server_get_next_request_size] SPCom get next request size done: Channel name [sec_nvm_sp_nvm], next_req_size [150]
01-15 03:50:43.076   980   988 D spcomlib: [spcom_get_message] SPCom get message cmd: ch_name [sec_nvm_sp_nvm], buffer_size [150], timeout_ms [0]
01-15 03:50:43.076   980   988 D spcomlib: [spcom_ioctl] spcom_ioctl: command ID [3223868400]
01-15 03:50:43.076   980   988 D spcomlib: [spcom_get_message] SPCom get message cmd done: ch_name[sec_nvm_sp_nvm], message size[150]
01-15 03:50:43.076   980   988 D spcomlib: [spcom_server_wait_for_request] SPCom server wait for request: Channel name: [sec_nvm_sp_nvm], actual request size:[150]
01-15 03:50:43.076   980   988 D secnvm  : ch [sec_nvm_sp_nvm] create new request: reqId = 12
01-15 03:50:43.076   980   988 D secnvm  : ch [sec_nvm_sp_nvm] Invalid m_ionHandle.fd [-1] for reqId [12]
01-15 03:50:43.076   980   988 D secnvm  : OpenPartitionOp
01-15 03:50:43.076   980   988 D secnvm  : ch [sec_nvm_sp_nvm] allocate segment#0 out of 1
01-15 03:50:43.076   980   988 D secnvm  : Log file exists, dump to memory buffer
01-15 03:50:43.077   980   988 E secnvm  : !@ sec_nvm error log content (800 bytes of 1195):vmSegment::createSegment() for uuid=471480361391619214618258156162147168243172
01-15 03:50:43.077   980   988 E secnvm  : 2024-03-20 19:09:51@!@ NvmSegment::createSegment() for uuid=471480361391619214618258156162147168243172
01-15 03:50:43.077   980   988 E secnvm  : 2024-03-20 13:06:20@!@ NvmSegment::createSegment() for uuid=471480361391619214618258156162147168243172
01-15 03:50:43.077   980   988 E secnvm  : 2024-03-20 13:06:20@!@ NvmSegment::createSegment() for uuid=471480361391619214618258156162147168243172
01-15 03:50:43.077   980   988 E secnvm  : 2024-03-20 16:39:57@!@ NvmSegment::createSegment() for uuid=471480361391619214618258156162147168243172
01-15 03:50:43.077   980   988 E secnvm  : 2024-03-13 12:41:18@!@ NvmSegment::createSegment() for uuid=471480361391619214618258156162147168243172
01-15 03:50:43.077   980   988 E secnvm  : 2024-03-13 12:41:18@!@ NvmSegment::createSegment() for uuid=471480361391619214618258156162147168243172
01-15 03:50:43.077   980   988 E secnvm  : 2024-03-23 04:59:46@!@ NvmSegment::createSegment() for uuid=471480361391619214618258156162147168243172
01-15 03:50:43.078   980   988 D spcomlib: [spcom_ion_alloc_ex] Allocated dma_buf: fd [7] size [0x9000] OK.
01-15 03:50:43.078   980   988 D spcomlib: [spcom_ion_alloc_ex] call hyp_assign() for fd [7].
01-15 03:50:43.078   980   988 D spcomlib: [spcom_ion_alloc_ex] FindVmByName() ret vm_sp [9].
01-15 03:50:43.078   980   988 D spcomlib: [spcom_ion_alloc_ex] FindVmByName() ret vm_hlos [10].
01-15 03:50:43.084   980   988 D secnvm  : ch [sec_nvm_sp_nvm] openPartition() m_ionHandle.fd [7]
01-15 03:50:43.084   980   988 D secnvm  : ch [sec_nvm_sp_nvm] ari, skp: marker points to req ARC
01-15 03:50:43.084   980   988 D secnvm  : found marker for file
01-15 03:50:43.085   980   988 D secnvm  : found marker for file
01-15 03:50:43.085   980   988 D secnvm  : m_is_ari: 1, m_is_ari_bypass: 1
01-15 03:50:43.085   980   988 D secnvm  : ari bypass: check counters
01-15 03:50:43.085   980   988 D secnvm  : counters: cnt0: 784, cnt1: 785
01-15 03:50:43.085   980   988 D secnvm  : match counter 785 of /mnt/vendor/persist/secnvm/552412310573718226167662182032189844128_0_1
01-15 03:50:43.085   980   988 D secnvm  : load 32 blocks starting from 0
01-15 03:50:43.085   980   988 D secnvm  : load 32 hash blocks starting from 32768
01-15 03:50:43.085   980   988 D secnvm  : actual transaction counter: 785
01-15 03:50:43.085   980   988 D secnvm  : successfully uploaded segment to DDR
01-15 03:50:43.085   980   988 D spcomlib: [spcom_manage_dma_buffer_lock] SPCom manage DMA buffer lock cmd: ch_name[sec_nvm_sp_nvm], fd[7], PID[0x87941cb0]
01-15 03:50:43.085   980   988 D spcomlib: [spcom_ioctl] spcom_ioctl: command ID [1076384753]
01-15 03:50:43.085   980   988 D spcomlib: [spcom_manage_dma_buffer_lock] SPCom manage DMA buffer lock cmd done: ch_name[sec_nvm_sp_nvm], ret[0]
01-15 03:50:43.085   980   988 E secnvm  : !@1970-01-02 00:03:21@!@ 552412310573718226167662182032189844128
01-15 03:50:43.085   980   988 E secnvm  : !@!@  failed to open files ; -2
01-15 03:50:43.085   980   988 E secnvm  : !@!@ marker eebdc297d0d6b507f6f70a0af8777eaa56f8f629bb25ab123fdb42403cf2e7d5
01-15 03:50:43.085   980   988 E secnvm  : !@1970-01-02 00:03:21@!@ NvmSegment::createSegment() for uuid=552412310573718226167662182032189844128
01-15 03:50:43.085   980   988 E secnvm  : !@1970-01-02 00:03:42@!@ NvmSegment::createSegment() for uuid=471480361391619214618258156162147168243172
01-15 03:50:43.085   980   988 E secnvm  : !@2024-03-20 13:06:20@!@ NvmSegment::createSegment() for uuid=471480361391619214618258156162147168243172
01-15 03:50:43.085   980   988 E secnvm  : !@2024-03-20 19:09:51@!@ NvmSegment::createSegment() for uuid=471480361391619214618258156162147168243172
01-15 03:50:43.085   980   988 E secnvm  : !@2024-03-20 13:06:20@!@ NvmSegment::createSegment() for uuid=471480361391619214618258156162147168243172
01-15 03:50:43.085   980   988 E secnvm  : !@2024-03-20 13:06:20@!@ NvmSegment::createSegment() for uuid=471480361391619214618258156162147168243172
01-15 03:50:43.085   980   988 E secnvm  : !@2024-03-20 16:39:57@!@ NvmSegment::createSegment() for uuid=471480361391619214618258156162147168243172
01-15 03:50:43.085   980   988 E secnvm  : !@2024-03-13 12:41:18@!@ NvmSegment::createSegment() for uuid=471480361391619214618258156162147168243172
01-15 03:50:43.085   980   988 E secnvm  : !@2024-03-13 12:41:18@!@ NvmSegment::createSegment() for uuid=471480361391619214618258156162147168243172
01-15 03:50:43.085   980   988 E secnvm  : !@2024-03-23 04:59:46@!@ NvmSegment::createSegment() for uuid=471480361391619214618258156162147168243172
01-15 03:50:43.085   980   988 D spcomlib: [spcom_send_modified_message] SPCom send modified message cmd: ch_name [sec_nvm_sp_nvm], buffer_size [47], timeout_ms [0]
01-15 03:50:43.085   980   988 D spcomlib: [spcom_send_modified_message] DMA info table [7]: fd[18] - offset[2139062143]
01-15 03:50:43.085   980   988 D spcomlib: [spcom_send_modified_message] DMA info table [-1]: fd[0] - offset[2139062143]
01-15 03:50:43.085   980   988 D spcomlib: [spcom_send_modified_message] DMA info table [-1]: fd[0] - offset[2139062143]
01-15 03:50:43.085   980   988 D spcomlib: [spcom_send_modified_message] DMA info table [-1]: fd[0] - offset[2139062143]
01-15 03:50:43.085   980   988 D spcomlib: [spcom_ioctl] spcom_ioctl: command ID [1078481902]
01-15 03:50:43.085   980   988 D spcomlib: [spcom_send_modified_message] SPCom send modified message cmd done: ch_name[sec_nvm_sp_nvm], ret[47]
01-15 03:50:43.085   980   988 D spcomlib: [spcom_server_get_next_request_size] SPCom server get next request cmd: ch_name[sec_nvm_sp_nvm], next_req_size[150]
01-15 03:50:43.085   980   988 D spcomlib: [spcom_ioctl] spcom_ioctl: command ID [3223868399]
01-15 03:50:43.088   888   888 D vold    : Generating "key storage" key
01-15 03:50:43.089   985   985 E keystore2: keystore2::error: In generate_key.
01-15 03:50:43.089   985   985 E keystore2: 
01-15 03:50:43.089   985   985 E keystore2: Caused by:
01-15 03:50:43.089   985   985 E keystore2:     0: While generating Key without explicit attestation key.
01-15 03:50:43.089   985   985 E keystore2:     1: Error::Km(ErrorCode(-67))
01-15 03:50:43.089   888   888 E vold    : keystore2 Keystore generateKey returned service specific error: -67
01-15 03:50:43.089   888   888 W vold    : Failed to generate rollback-resistant key.  This is expected if keystore doesn't support rollback resistance.  Falling back to non-rollback-resistant key.
01-15 03:50:43.112   980   988 D spcomlib: [spcom_server_get_next_request_size] SPCom get next request size done: Channel name [sec_nvm_sp_nvm], next_req_size [135]
01-15 03:50:43.112   980   988 D spcomlib: [spcom_get_message] SPCom get message cmd: ch_name [sec_nvm_sp_nvm], buffer_size [135], timeout_ms [0]
01-15 03:50:43.112   980   988 D spcomlib: [spcom_ioctl] spcom_ioctl: command ID [3223868400]
01-15 03:50:43.112   980   988 D spcomlib: [spcom_get_message] SPCom get message cmd done: ch_name[sec_nvm_sp_nvm], message size[135]
01-15 03:50:43.112   980   988 D spcomlib: [spcom_server_wait_for_request] SPCom server wait for request: Channel name: [sec_nvm_sp_nvm], actual request size:[135]
01-15 03:50:43.112   980   988 D secnvm  : ch [sec_nvm_sp_nvm] create new request: reqId = 8
01-15 03:50:43.112   980   988 D secnvm  : CommitOp::execute() start, m_is_skp [1]
01-15 03:50:43.112   980   988 D secnvm  : ch [sec_nvm_sp_nvm] update segment#0 out of 1
01-15 03:50:43.112   980   988 D secnvm  : ch [sec_nvm_sp_nvm] ari, skp: marker points to req ARC
01-15 03:50:43.112   980   988 D secnvm  : found marker for file
01-15 03:50:43.112   980   988 D secnvm  : found marker for file
01-15 03:50:43.112   980   988 D secnvm  : m_is_ari: 1, m_is_ari_bypass: 1
01-15 03:50:43.112   980   988 D secnvm  : ari bypass: check counters
01-15 03:50:43.112   980   988 D secnvm  : counters: cnt0: 784, cnt1: 785
01-15 03:50:43.112   980   988 D secnvm  : match counter 785 of /mnt/vendor/persist/secnvm/552412310573718226167662182032189844128_0_1
01-15 03:50:43.114   980   988 D secnvm  : commit 1 blocks starting from 0
01-15 03:50:43.114   980   988 D secnvm  : commit 1 hash blocks starting from 32768
01-15 03:50:43.114   980   988 D secnvm  : commit 1 blocks starting from 18432
01-15 03:50:43.114   980   988 D secnvm  : commit 1 hash blocks starting from 33632
01-15 03:50:43.115   980   988 D secnvm  : updated active file with transaction counter: 786, m_is_ari_bypass: 1
01-15 03:50:43.115   980   988 D secnvm  : successfully updated DDR->flash (transaction counter: 786)
01-15 03:50:43.115   980   988 D secnvm  : successfully commited to the backup file, save bytemap for the next time
01-15 03:50:43.115   980   988 D secnvm  : CommitOp::execute: m_is_skp [1] t_avg usec [2617] t_min [2617] t_max [2617] count [1]
01-15 03:50:43.115   980   988 D secnvm  : CommitOp::execute: sync [2] write [0] read [0]
01-15 03:50:43.115   980   988 D spcomlib: [spcom_send_message] SPCom send message cmd: ch_name [sec_nvm_sp_nvm], buffer_size [50], timeout_ms [0]
01-15 03:50:43.115   980   988 D spcomlib: [spcom_ioctl] spcom_ioctl: command ID [1076384749]
01-15 03:50:43.115   980   988 D spcomlib: [spcom_send_message] SPCom send message cmd done: ch_name[sec_nvm_sp_nvm], ret[50]
01-15 03:50:43.115   980   988 D secnvm  : SKP's segment opened/create success
01-15 03:50:43.115   980   988 D spcomlib: [spcom_signal_event] event [1] [nvm_ready] EVENT_STATUS_SIGNALED
01-15 03:50:43.115   980   988 D spcomlib: [spcom_server_get_next_request_size] SPCom server get next request cmd: ch_name[sec_nvm_sp_nvm], next_req_size[135]
01-15 03:50:43.115   977   977 D spcomlib: [spcom_wait_for_event] event [1] [nvm_ready] EVENT_STATUS_SIGNALED
01-15 03:50:43.115   980   988 D spcomlib: [spcom_ioctl] spcom_ioctl: command ID [3223868399]
01-15 03:50:43.115   977   977 D spcomlib: [spcom_register_client] SPCom register client: ch_name[spdaemon_ssr], PID[0x5e3084f8]
01-15 03:50:43.115   977   977 D spcomlib: [spcom_ch_register] SPCom channel register cmd: ch_name[spdaemon_ssr], PID [0x5e3084f8]
01-15 03:50:43.115   977   977 D spcomlib: [spcom_ioctl] spcom_ioctl: command ID [1075860458]
01-15 03:50:43.115   888   888 D vold    : Created key: /metadata/vold/metadata_encryption/key
01-15 03:50:43.115   977   977 D spcomlib: [spcom_ch_register] SPCom register cmd done: ch_name[spdaemon_ssr]
01-15 03:50:43.115   977   977 D spcomlib: [spcom_add_ssr_cb] SPCom add SSR callback: ch_name[spdaemon_ssr], cb[0x5a0b2da070]
01-15 03:50:43.115   977   977 D spcomlib: [add_ssr_cb] ssr cb added at entry 0!
01-15 03:50:43.115   977   977 D spcomlib: [start_ssr_thread] main thread pid[0x5e3084f8]
01-15 03:50:43.116   977   977 D spcomlib: [start_ssr_thread] Wait for SSR thread to run
01-15 03:50:43.116   977  1028 D spcomlib: [notify_ssr_thread] notify SSR thread started
01-15 03:50:43.116   977   977 D spcomlib: [start_ssr_thread] pthread_cond_wait ret [0]
01-15 03:50:43.116   977  1028 D spcomlib: [spcom_check_link_up_state] SPCom check for link up: wait[1], event_id[100]
01-15 03:50:43.116   977   977 D spcomlib: [start_ssr_thread] start ssr thread done
01-15 03:50:43.116   977   977 D spcomlib: [spcom_add_ssr_cb] SPCom add SSR callback done: ch_name[spdaemon_ssr], cb[0x5a0b2da070]
01-15 03:50:43.116   977   977 D spcomlib: [add_ch] add ch [spdaemon_ssr].
01-15 03:50:43.116   977   977 D spcomlib: [spcom_register_client] SPCom register done: ch_name[spdaemon_ssr]
01-15 03:50:43.116   977  1028 D spcomlib: [spcom_ioctl] spcom_ioctl: command ID [3222295528]
01-15 03:50:43.116   977   977 D spdaemon: SSR callback registered ok.
01-15 03:50:43.116   977   977 E iardb   : [iar_db_get_iar_state] failed to open file /mnt/vendor/spunvm/iar_db/iar_state.bin [2] [No such file or directory]
01-15 03:50:43.116   977   977 D iarlib  : [iar_get_state] Can't get iar_state, return DISABLED
01-15 03:50:43.116   977   977 D spdaemon: Wait for sp link up.
01-15 03:50:43.116   977   977 D spcomlib: [spcom_check_link_up_state] SPCom check for link up: wait[0], event_id[100]
01-15 03:50:43.116   977   977 D spcomlib: [spcom_ioctl] spcom_ioctl: command ID [3222295528]
01-15 03:50:43.116   977   977 D spcomlib: [spcom_check_link_up_state] SPCom check for link up done - ret[1]
01-15 03:50:43.117   980   988 D spcomlib: [spcom_server_get_next_request_size] SPCom get next request size done: Channel name [sec_nvm_sp_nvm], next_req_size [32]
01-15 03:50:43.117   980   988 D spcomlib: [spcom_get_message] SPCom get message cmd: ch_name [sec_nvm_sp_nvm], buffer_size [32], timeout_ms [0]
01-15 03:50:43.117   980   988 D spcomlib: [spcom_ioctl] spcom_ioctl: command ID [3223868400]
01-15 03:50:43.117   980   988 D spcomlib: [spcom_get_message] SPCom get message cmd done: ch_name[sec_nvm_sp_nvm], message size[32]
01-15 03:50:43.117   980   988 D spcomlib: [spcom_server_wait_for_request] SPCom server wait for request: Channel name: [sec_nvm_sp_nvm], actual request size:[32]
01-15 03:50:43.117   980   988 D secnvm  : ch [sec_nvm_sp_nvm] create new request: reqId = 13
01-15 03:50:43.126   977   977 D spdaemon: SP LINK is UP in [10] msec.
01-15 03:50:43.126   977   977 D spcomlib: [spcom_check_link_up_state] SPCom check for link up: wait[0], event_id[100]
01-15 03:50:43.126   977   977 D spcomlib: [spcom_ioctl] spcom_ioctl: command ID [3222295528]
01-15 03:50:43.126   977   977 D spcomlib: [spcom_check_link_up_state] SPCom check for link up done - ret[1]
01-15 03:50:43.126   977   977 D spcomlib: [spcom_register_client] SPCom register client: ch_name[cryptoapp], PID[0x5e3084f8]
01-15 03:50:43.126   977   977 D spcomlib: [spcom_ch_register] SPCom channel register cmd: ch_name[cryptoapp], PID [0x5e3084f8]
01-15 03:50:43.126   977   977 D spcomlib: [spcom_ioctl] spcom_ioctl: command ID [1075860458]
01-15 03:50:43.127   977   977 D spcomlib: [spcom_ch_register] SPCom register cmd done: ch_name[cryptoapp]
01-15 03:50:43.127   977   977 D spcomlib: [spcom_add_ssr_cb] SPCom add SSR callback: ch_name[cryptoapp], cb[0x7a58860648]
01-15 03:50:43.127   977   977 D spcomlib: [add_ssr_cb] ssr cb added at entry 1!
01-15 03:50:43.127   977   977 D spcomlib: [spcom_add_ssr_cb] SPCom add SSR callback done: ch_name[cryptoapp], cb[0x7a58860648]
01-15 03:50:43.127   977   977 D spcomlib: [add_ch] add ch [cryptoapp].
01-15 03:50:43.127   977   977 D spcomlib: [spcom_register_client] SPCom register done: ch_name[cryptoapp]
01-15 03:50:43.127   977   977 D spcomlib: [spcom_client_is_server_connected] SPCom client is sever connected cmd: ch_name[cryptoapp]
01-15 03:50:43.127   977   977 D spcomlib: [spcom_ioctl] spcom_ioctl: command ID [1075860460]
01-15 03:50:43.127   977   977 D spcomlib: [spcom_sp_sysparam_read_ext] Issue SP_CMD_ID_SYSPARAM_READ (3).
01-15 03:50:43.127   977   977 D spcomlib: [spcom_send_message] SPCom send message cmd: ch_name [cryptoapp], buffer_size [16], timeout_ms [9000]
01-15 03:50:43.127   977   977 D spcomlib: [spcom_ioctl] spcom_ioctl: command ID [1076384749]
01-15 03:50:43.127   977   977 D spcomlib: [spcom_send_message] SPCom send message cmd done: ch_name[cryptoapp], ret[16]
01-15 03:50:43.127   977   977 D spcomlib: [spcom_get_message] SPCom get message cmd: ch_name [cryptoapp], buffer_size [8], timeout_ms [9000]
01-15 03:50:43.127   977   977 D spcomlib: [spcom_ioctl] spcom_ioctl: command ID [3223868400]
01-15 03:50:43.131   980   988 D spcomlib: [spcom_ion_alloc_ex] Allocated dma_buf: fd [8] size [0x1000] OK.
01-15 03:50:43.131   980   988 D spcomlib: [spcom_ion_alloc_ex] call hyp_assign() for fd [8].
01-15 03:50:43.132   980   988 D spcomlib: [spcom_ion_alloc_ex] FindVmByName() ret vm_sp [10].
01-15 03:50:43.132   980   988 D spcomlib: [spcom_ion_alloc_ex] FindVmByName() ret vm_hlos [11].
01-15 03:50:43.134   977   977 D spcomlib: [spcom_get_message] SPCom get message cmd done: ch_name[cryptoapp], message size[8]
01-15 03:50:43.134   977   977 D spcomlib: [spcom_sp_sysparam_read_ext] SP_CMD_ID_SYSPARAM_READ returned value (0x00490000).
01-15 03:50:43.134   977   977 D spcomlib: [spcom_sp_sysparam_read_ext] Issue SP_CMD_ID_SYSPARAM_READ (4).
01-15 03:50:43.134   977   977 D spcomlib: [spcom_send_message] SPCom send message cmd: ch_name [cryptoapp], buffer_size [16], timeout_ms [9000]
01-15 03:50:43.134   977   977 D spcomlib: [spcom_ioctl] spcom_ioctl: command ID [1076384749]
01-15 03:50:43.134   977   977 D spcomlib: [spcom_send_message] SPCom send message cmd done: ch_name[cryptoapp], ret[16]
01-15 03:50:43.134   977   977 D spcomlib: [spcom_get_message] SPCom get message cmd: ch_name [cryptoapp], buffer_size [8], timeout_ms [9000]
01-15 03:50:43.134   977   977 D spcomlib: [spcom_ioctl] spcom_ioctl: command ID [3223868400]
01-15 03:50:43.137   977   977 D spcomlib: [spcom_get_message] SPCom get message cmd done: ch_name[cryptoapp], message size[8]
01-15 03:50:43.137   977   977 D spcomlib: [spcom_sp_sysparam_read_ext] SP_CMD_ID_SYSPARAM_READ returned value (0xA9A3F7D8).
01-15 03:50:43.137   977   977 I spdaemon: asym_cryptoapp, v73.0.A9A3F7D8
01-15 03:50:43.137   977   977 D spcomlib: [spcom_sp_sysparam_read_ext] Issue SP_CMD_ID_SYSPARAM_READ (3).
01-15 03:50:43.137   977   977 D spcomlib: [spcom_send_message] SPCom send message cmd: ch_name [cryptoapp], buffer_size [16], timeout_ms [9000]
01-15 03:50:43.137   977   977 D spcomlib: [spcom_ioctl] spcom_ioctl: command ID [1076384749]
01-15 03:50:43.137   977   977 D spcomlib: [spcom_send_message] SPCom send message cmd done: ch_name[cryptoapp], ret[16]
01-15 03:50:43.137   977   977 D spcomlib: [spcom_get_message] SPCom get message cmd: ch_name [cryptoapp], buffer_size [8], timeout_ms [9000]
01-15 03:50:43.137   977   977 D spcomlib: [spcom_ioctl] spcom_ioctl: command ID [3223868400]
01-15 03:50:43.140   977   977 D spcomlib: [spcom_get_message] SPCom get message cmd done: ch_name[cryptoapp], message size[8]
01-15 03:50:43.140   977   977 D spcomlib: [spcom_sp_sysparam_read_ext] SP_CMD_ID_SYSPARAM_READ returned value (0x00490000).
01-15 03:50:43.140   977   977 D spcomlib: [spcom_sp_sysparam_read_ext] Issue SP_CMD_ID_SYSPARAM_READ (4).
01-15 03:50:43.140   977   977 D spcomlib: [spcom_send_message] SPCom send message cmd: ch_name [cryptoapp], buffer_size [16], timeout_ms [9000]
01-15 03:50:43.140   977   977 D spcomlib: [spcom_ioctl] spcom_ioctl: command ID [1076384749]
01-15 03:50:43.140   977   977 D spcomlib: [spcom_send_message] SPCom send message cmd done: ch_name[cryptoapp], ret[16]
01-15 03:50:43.140   977   977 D spcomlib: [spcom_get_message] SPCom get message cmd: ch_name [cryptoapp], buffer_size [8], timeout_ms [9000]
01-15 03:50:43.140   977   977 D spcomlib: [spcom_ioctl] spcom_ioctl: command ID [3223868400]
01-15 03:50:43.140   980   988 D secnvm  : allocateScratchDb_ion() m_ionScratchHandle.fd [8]
01-15 03:50:43.141   980   988 D spcomlib: [spcom_manage_dma_buffer_lock] SPCom manage DMA buffer lock cmd: ch_name[sec_nvm_sp_nvm], fd[8], PID[0x87941cb0]
01-15 03:50:43.141   980   988 D spcomlib: [spcom_ioctl] spcom_ioctl: command ID [1076384753]
01-15 03:50:43.141   980   988 D spcomlib: [spcom_manage_dma_buffer_lock] SPCom manage DMA buffer lock cmd done: ch_name[sec_nvm_sp_nvm], ret[0]
01-15 03:50:43.141   980   988 D spcomlib: [spcom_send_modified_message] SPCom send modified message cmd: ch_name [sec_nvm_sp_nvm], buffer_size [32], timeout_ms [0]
01-15 03:50:43.141   980   988 D spcomlib: [spcom_send_modified_message] DMA info table [8]: fd[2] - offset[2139062143]
01-15 03:50:43.141   980   988 D spcomlib: [spcom_send_modified_message] DMA info table [-1]: fd[0] - offset[2139062143]
01-15 03:50:43.141   980   988 D spcomlib: [spcom_send_modified_message] DMA info table [-1]: fd[0] - offset[2139062143]
01-15 03:50:43.141   980   988 D spcomlib: [spcom_send_modified_message] DMA info table [-1]: fd[0] - offset[2139062143]
01-15 03:50:43.141   980   988 D spcomlib: [spcom_ioctl] spcom_ioctl: command ID [1078481902]
01-15 03:50:43.141   980   988 D spcomlib: [spcom_send_modified_message] SPCom send modified message cmd done: ch_name[sec_nvm_sp_nvm], ret[32]
01-15 03:50:43.141   980   988 D secnvm  : setNvmManagerState: is_skp:0, reqId:13, m_state=4
01-15 03:50:43.141   980   988 D spcomlib: [spcom_server_get_next_request_size] SPCom server get next request cmd: ch_name[sec_nvm_sp_nvm], next_req_size[32]
01-15 03:50:43.141   980   988 D spcomlib: [spcom_ioctl] spcom_ioctl: command ID [3223868399]
01-15 03:50:43.146   977   977 D spcomlib: [spcom_get_message] SPCom get message cmd done: ch_name[cryptoapp], message size[8]
01-15 03:50:43.146   977   977 D spcomlib: [spcom_sp_sysparam_read_ext] SP_CMD_ID_SYSPARAM_READ returned value (0xA9A3F7D8).
01-15 03:50:43.146   977   977 I spdaemon: cryptoapp, v73.0.A9A3F7D8
01-15 03:50:43.146   977   977 D spcomlib: [spcom_sp_sysparam_read_ext] Issue SP_CMD_ID_SYSPARAM_READ (3).
01-15 03:50:43.146   977   977 D spcomlib: [spcom_send_message] SPCom send message cmd: ch_name [cryptoapp], buffer_size [16], timeout_ms [9000]
01-15 03:50:43.146   977   977 D spcomlib: [spcom_ioctl] spcom_ioctl: command ID [1076384749]
01-15 03:50:43.146   977   977 D spcomlib: [spcom_send_message] SPCom send message cmd done: ch_name[cryptoapp], ret[16]
01-15 03:50:43.146   977   977 D spcomlib: [spcom_get_message] SPCom get message cmd: ch_name [cryptoapp], buffer_size [8], timeout_ms [9000]
01-15 03:50:43.146   977   977 D spcomlib: [spcom_ioctl] spcom_ioctl: command ID [3223868400]
01-15 03:50:43.156   980   988 D spcomlib: [spcom_server_get_next_request_size] SPCom get next request size done: Channel name [sec_nvm_sp_nvm], next_req_size [135]
01-15 03:50:43.156   980   988 D spcomlib: [spcom_get_message] SPCom get message cmd: ch_name [sec_nvm_sp_nvm], buffer_size [135], timeout_ms [0]
01-15 03:50:43.156   980   988 D spcomlib: [spcom_ioctl] spcom_ioctl: command ID [3223868400]
01-15 03:50:43.156   980   988 D spcomlib: [spcom_get_message] SPCom get message cmd done: ch_name[sec_nvm_sp_nvm], message size[135]
01-15 03:50:43.156   980   988 D spcomlib: [spcom_server_wait_for_request] SPCom server wait for request: Channel name: [sec_nvm_sp_nvm], actual request size:[135]
01-15 03:50:43.156   980   988 D secnvm  : ch [sec_nvm_sp_nvm] create new request: reqId = 8
01-15 03:50:43.156   980   988 D secnvm  : CommitOp::execute() start, m_is_skp [1]
01-15 03:50:43.156   980   988 D secnvm  : ch [sec_nvm_sp_nvm] update segment#0 out of 1
01-15 03:50:43.156   980   988 D secnvm  : ch [sec_nvm_sp_nvm] ari, skp: marker points to req ARC
01-15 03:50:43.157   980   988 D secnvm  : found marker for file
01-15 03:50:43.157   980   988 D secnvm  : found marker for file
01-15 03:50:43.157   980   988 D secnvm  : m_is_ari: 1, m_is_ari_bypass: 1
01-15 03:50:43.157   980   988 D secnvm  : ari bypass: check counters
01-15 03:50:43.157   980   988 D secnvm  : counters: cnt0: 786, cnt1: 785
01-15 03:50:43.157   980   988 D secnvm  : match counter 786 of /mnt/vendor/persist/secnvm/552412310573718226167662182032189844128_0_0
01-15 03:50:43.157   980   988 D secnvm  : commit 1 blocks starting from 0
01-15 03:50:43.157   980   988 D secnvm  : commit 1 hash blocks starting from 32768
01-15 03:50:43.157   980   988 D secnvm  : commit 1 blocks starting from 18432
01-15 03:50:43.157   980   988 D secnvm  : commit 1 hash blocks starting from 33632
01-15 03:50:43.157   977   977 D spcomlib: [spcom_get_message] SPCom get message cmd done: ch_name[cryptoapp], message size[8]
01-15 03:50:43.157   977   977 D spcomlib: [spcom_sp_sysparam_read_ext] SP_CMD_ID_SYSPARAM_READ returned value (0x00490000).
01-15 03:50:43.157   977   977 D spcomlib: [spcom_sp_sysparam_read_ext] Issue SP_CMD_ID_SYSPARAM_READ (4).
01-15 03:50:43.157   977   977 D spcomlib: [spcom_send_message] SPCom send message cmd: ch_name [cryptoapp], buffer_size [16], timeout_ms [9000]
01-15 03:50:43.157   977   977 D spcomlib: [spcom_ioctl] spcom_ioctl: command ID [1076384749]
01-15 03:50:43.157   977   977 D spcomlib: [spcom_send_message] SPCom send message cmd done: ch_name[cryptoapp], ret[16]
01-15 03:50:43.157   977   977 D spcomlib: [spcom_get_message] SPCom get message cmd: ch_name [cryptoapp], buffer_size [8], timeout_ms [9000]
01-15 03:50:43.157   977   977 D spcomlib: [spcom_ioctl] spcom_ioctl: command ID [3223868400]
01-15 03:50:43.158   980   988 D secnvm  : updated active file with transaction counter: 787, m_is_ari_bypass: 1
01-15 03:50:43.158   980   988 D secnvm  : successfully updated DDR->flash (transaction counter: 787)
01-15 03:50:43.158   980   988 D secnvm  : successfully commited to the backup file, save bytemap for the next time
01-15 03:50:43.158   980   988 D secnvm  : CommitOp::execute: m_is_skp [1] t_avg usec [2021] t_min [1426] t_max [2617] count [2]
01-15 03:50:43.158   980   988 D secnvm  : CommitOp::execute: sync [2] write [0] read [0]
01-15 03:50:43.158   980   988 D spcomlib: [spcom_send_message] SPCom send message cmd: ch_name [sec_nvm_sp_nvm], buffer_size [50], timeout_ms [0]
01-15 03:50:43.158   980   988 D spcomlib: [spcom_ioctl] spcom_ioctl: command ID [1076384749]
01-15 03:50:43.158   980   988 D spcomlib: [spcom_send_message] SPCom send message cmd done: ch_name[sec_nvm_sp_nvm], ret[50]
01-15 03:50:43.158   980   988 D secnvm  : setNvmManagerState: is_skp:1, reqId:8, m_state=4
01-15 03:50:43.158   980   988 D spcomlib: [spcom_server_get_next_request_size] SPCom server get next request cmd: ch_name[sec_nvm_sp_nvm], next_req_size[135]
01-15 03:50:43.158   980   988 D spcomlib: [spcom_ioctl] spcom_ioctl: command ID [3223868399]
01-15 03:50:43.163   977   977 D spcomlib: [spcom_get_message] SPCom get message cmd done: ch_name[cryptoapp], message size[8]
01-15 03:50:43.163   977   977 D spcomlib: [spcom_sp_sysparam_read_ext] SP_CMD_ID_SYSPARAM_READ returned value (0xA9A3F7D8).
01-15 03:50:43.163   977   977 I spdaemon: sp_keymaster, v73.0.A9A3F7D8
