03-20 00:39:53.988  2160  2160 D SystemServer: ContentSuggestionsService not defined by OEM
03-20 00:39:53.989  2160  2160 D SystemServerTiming: StartSearchUiService
03-20 00:39:53.989  2160  2160 I SystemServiceManager: Starting com.android.server.searchui.SearchUiManagerService
03-20 00:39:53.989  2160  2160 V SystemServerTiming: StartSearchUiService took to complete: 0ms
03-20 00:39:53.989  2160  2160 D SystemServerTiming: StartSmartspaceService
03-20 00:39:53.989  2160  2160 I SystemServiceManager: Starting com.android.server.smartspace.SmartspaceManagerService
03-20 00:39:53.990  2160  2160 V SystemServerTiming: StartSmartspaceService took to complete: 1ms
03-20 00:39:53.990  2160  2160 D SystemServerTiming: InitConnectivityModuleConnector
03-20 00:39:53.990  2160  2160 D ConnectivityModuleConnector: Network stack init
03-20 00:39:53.990  2160  2160 V SystemServerTiming: InitConnectivityModuleConnector took to complete: 0ms
03-20 00:39:53.990  2160  2160 D SystemServerTiming: InitNetworkStackClient
03-20 00:39:53.990  2160  2160 V SystemServerTiming: InitNetworkStackClient took to complete: 0ms
03-20 00:39:53.990  2160  2160 D SystemServerTiming: StartNetworkManagementService
03-20 00:39:53.991  2160  2160 V SystemServerTiming: StartNetworkManagementService took to complete: 1ms
03-20 00:39:53.991  2160  2160 D SystemServerTiming: StartFontManagerService
03-20 00:39:54.040  2160  2160 V SystemServerTiming: StartFontManagerService took to complete: 50ms
03-20 00:39:54.040  2160  2160 D SystemServerTiming: StartTextServicesManager
03-20 00:39:54.041  2160  2160 I SystemServiceManager: Starting com.android.server.textservices.TextServicesManagerService$Lifecycle
03-20 00:39:54.041  2160  2160 V SystemServerTiming: StartTextServicesManager took to complete: 0ms
03-20 00:39:54.041  2160  2160 D SystemServerTiming: StartTextClassificationManagerService
03-20 00:39:54.041  2160  2160 I SystemServiceManager: Starting com.android.server.textclassifier.TextClassificationManagerService$Lifecycle
03-20 00:39:54.042  2160  2160 V SystemServerTiming: StartTextClassificationManagerService took to complete: 1ms
03-20 00:39:54.042  2160  2160 D SystemServerTiming: StartNetworkScoreService
03-20 00:39:54.042  2160  2160 I SystemServiceManager: Starting com.android.server.NetworkScoreService$Lifecycle
03-20 00:39:54.043  2160  2160 V SystemServerTiming: StartNetworkScoreService took to complete: 1ms
03-20 00:39:54.043  2160  2160 D SystemServerTiming: StartNetworkStatsService
03-20 00:39:54.048  2160  2160 I SystemServiceManager: Starting com.android.server.NetworkStatsServiceInitializer
03-20 00:39:54.059  2160  2160 V SystemServerTiming: StartNetworkStatsService took to complete: 16ms
03-20 00:39:54.059  2160  2160 D SystemServerTiming: StartNetworkPolicyManagerService
03-20 00:39:54.061  2160  2160 V SystemServerTiming: StartNetworkPolicyManagerService took to complete: 2ms
03-20 00:39:54.061  2160  2160 D SystemServerTiming: StartWifi
03-20 00:39:54.070  2160  2160 I SystemServiceManager: Starting com.android.server.wifi.WifiService
03-20 00:39:54.091  2049  2049 I wificond: New wificond event callback registered
03-20 00:39:54.092  2160  2160 V HistoricalRegistry: Interaction before persistence initialized
03-20 00:39:54.094  2160  2160 V SystemServerTiming: StartWifi took to complete: 33ms
03-20 00:39:54.094  2160  2160 D SystemServerTiming: StartWifiScanning
03-20 00:39:54.094  2160  2160 I SystemServiceManager: Starting com.android.server.wifi.scanner.WifiScanningService
03-20 00:39:54.096  2160  2160 V SystemServerTiming: StartWifiScanning took to complete: 2ms
03-20 00:39:54.096  2160  2160 D SystemServerTiming: StartRttService
03-20 00:39:54.096  2160  2160 I SystemServiceManager: Starting com.android.server.wifi.rtt.RttService
03-20 00:39:54.097  2160  2160 V SystemServerTiming: StartRttService took to complete: 1ms
03-20 00:39:54.097  2160  2160 D SystemServerTiming: StartWifiAware
03-20 00:39:54.097  2160  2160 I SystemServiceManager: Starting com.android.server.wifi.aware.WifiAwareService
03-20 00:39:54.098  2160  2160 V SystemServerTiming: StartWifiAware took to complete: 1ms
03-20 00:39:54.098  2160  2160 D SystemServerTiming: StartWifiP2P
03-20 00:39:54.098  2160  2160 I SystemServiceManager: Starting com.android.server.wifi.p2p.WifiP2pService
03-20 00:39:54.100  2160  2160 V SystemServerTiming: StartWifiP2P took to complete: 2ms
03-20 00:39:54.100  2160  2160 D SystemServerTiming: StartPacProxyService
03-20 00:39:54.101  2160  2160 V SystemServerTiming: StartPacProxyService took to complete: 1ms
03-20 00:39:54.101  2160  2160 D SystemServerTiming: StartConnectivityService
03-20 00:39:54.101  2160  2160 I SystemServiceManager: Starting com.android.server.ConnectivityServiceInitializer
03-20 00:39:54.111  2160  2160 D CompatibilityChangeReporter: Compat change id reported: 182478738; UID 1000; state: ENABLED
03-20 00:39:54.121  2160  2160 V SystemServerTiming: StartConnectivityService took to complete: 20ms
03-20 00:39:54.121  2160  2160 D SystemServerTiming: StartVpnManagerService
03-20 00:39:54.123  2160  2160 V SystemServerTiming: StartVpnManagerService took to complete: 2ms
03-20 00:39:54.123  2160  2160 D SystemServerTiming: StartVcnManagementService
03-20 00:39:54.124  2160  2160 V SystemServerTiming: StartVcnManagementService took to complete: 1ms
03-20 00:39:54.124  2160  2160 D SystemServerTiming: StartSystemUpdateManagerService
03-20 00:39:54.124  2160  2160 I SystemUpdateManagerService: No existing info file /data/system/system-update-info.xml
03-20 00:39:54.124  2160  2160 V SystemServerTiming: StartSystemUpdateManagerService took to complete: 0ms
03-20 00:39:54.124  2160  2160 D SystemServerTiming: StartUpdateLockService
03-20 00:39:54.124  2160  2160 V SystemServerTiming: StartUpdateLockService took to complete: 1ms
03-20 00:39:54.125  2160  2160 D SystemServerTiming: StartNotificationManager
03-20 00:39:54.125  2160  2160 I SystemServiceManager: Starting com.android.server.notification.NotificationManagerService
03-20 00:39:54.127  2160  2160 D ConditionProviders.SCP: new ScheduleConditionProvider()
03-20 00:39:54.129  2160  2160 I ConditionProviders:  Allowing condition provider com.android.camera2 (userSet: true)
03-20 00:39:54.130  2160  2160 I ConditionProviders:  Allowing condition provider android.ext.services/android.ext.services.notification.Assistant (userSet: true)
03-20 00:39:54.130  2160  2160 I NotificationAssistants:  Allowing notification assistant android.ext.services/android.ext.services.notification.Assistant (userSet: false)
03-20 00:39:54.130  2160  2160 V NotificationAssistants: enabling notification assistant for 0: ComponentInfo{android.ext.services/android.ext.services.notification.Assistant}
03-20 00:39:54.130  2160  2160 V NotificationAssistants: binding: Intent { act=android.service.notification.NotificationAssistantService cmp=android.ext.services/.notification.Assistant (has extras) }
03-20 00:39:54.131  2160  2160 D CompatibilityChangeReporter: Compat change id reported: 157233955; UID 1000; state: ENABLED
03-20 00:39:54.135  2160  2160 V SystemServerTiming: StartNotificationManager took to complete: 10ms
03-20 00:39:54.135  2160  2160 D SystemServerTiming: StartDeviceMonitor
03-20 00:39:54.135  2160  2160 I SystemServiceManager: Starting com.android.server.storage.DeviceStorageMonitorService
03-20 00:39:54.136  2160  2160 V SystemServerTiming: StartDeviceMonitor took to complete: 0ms
03-20 00:39:54.136  2160  2160 D SystemServerTiming: StartLocationManagerService
03-20 00:39:54.136  2160  2160 I SystemServiceManager: Starting com.android.server.location.LocationManagerService$Lifecycle
03-20 00:39:54.138  2160  2160 V SystemServerTiming: StartLocationManagerService took to complete: 2ms
03-20 00:39:54.138  2160  2160 D SystemServerTiming: StartCountryDetectorService
03-20 00:39:54.138  2160  2160 V SystemServerTiming: StartCountryDetectorService took to complete: 0ms
03-20 00:39:54.138  2160  2160 D SystemServerTiming: StartTimeDetectorService
03-20 00:39:54.138  2160  2160 I SystemServiceManager: Starting com.android.server.timedetector.TimeDetectorService$Lifecycle
03-20 00:39:54.139  2160  2160 V SystemServerTiming: StartTimeDetectorService took to complete: 1ms
03-20 00:39:54.139  2160  2160 D SystemServerTiming: StartTimeZoneDetectorService
03-20 00:39:54.139  2160  2160 I SystemServiceManager: Starting com.android.server.timezonedetector.TimeZoneDetectorService$Lifecycle
03-20 00:39:54.140  2160  2160 V SystemServerTiming: StartTimeZoneDetectorService took to complete: 1ms
03-20 00:39:54.140  2160  2160 D SystemServerTiming: StartLocationTimeZoneManagerService
03-20 00:39:54.140  2160  2160 I SystemServiceManager: Starting com.android.server.timezonedetector.location.LocationTimeZoneManagerService$Lifecycle
03-20 00:39:54.140  2160  2160 V SystemServerTiming: StartLocationTimeZoneManagerService took to complete: 0ms
03-20 00:39:54.140  2160  2160 D SystemServerTiming: StartSearchManagerService
03-20 00:39:54.140  2160  2160 I SystemServiceManager: Starting com.android.server.search.SearchManagerService$Lifecycle
03-20 00:39:54.141  2160  2160 V SystemServerTiming: StartSearchManagerService took to complete: 0ms
03-20 00:39:54.141  2160  2160 D SystemServerTiming: StartWallpaperManagerService
03-20 00:39:54.141  2160  2160 I SystemServiceManager: Starting com.android.server.wallpaper.WallpaperManagerService$Lifecycle
03-20 00:39:54.141  2160  2160 V SystemServerTiming: StartWallpaperManagerService took to complete: 0ms
03-20 00:39:54.141  2160  2160 D SystemServerTiming: StartWallpaperEffectsGenerationService
03-20 00:39:54.141  2160  2160 I SystemServiceManager: Starting com.android.server.wallpapereffectsgeneration.WallpaperEffectsGenerationManagerService
03-20 00:39:54.142  2160  2160 V SystemServerTiming: StartWallpaperEffectsGenerationService took to complete: 1ms
03-20 00:39:54.142  2160  2160 D SystemServerTiming: StartAudioService
03-20 00:39:54.142  2160  2160 I SystemServiceManager: Starting com.android.server.audio.AudioService$Lifecycle
03-20 00:39:54.171  2160  2160 V SystemServerTiming: StartAudioService took to complete: 29ms
03-20 00:39:54.171  2160  2160 D SystemServerTiming: StartSoundTriggerMiddlewareService
03-20 00:39:54.171  2160  2160 I SystemServiceManager: Starting com.android.server.soundtrigger_middleware.SoundTriggerMiddlewareService$Lifecycle
03-20 00:39:54.175  2160  2160 V SystemServerTiming: StartSoundTriggerMiddlewareService took to complete: 4ms
03-20 00:39:54.175  2160  2160 D SystemServerTiming: StartDockObserver
03-20 00:39:54.175  2160  2160 I SystemServiceManager: Starting com.android.server.DockObserver
03-20 00:39:54.176  2160  2160 I DockObserver: No extcon dock device found in this kernel.
03-20 00:39:54.176  2160  2160 V SystemServerTiming: StartDockObserver took to complete: 0ms
03-20 00:39:54.176  2160  2160 D SystemServerTiming: StartWiredAccessoryManager
03-20 00:39:54.176  2160  2160 W WiredAccessoryManager: This kernel does not have usb audio support
03-20 00:39:54.176  2160  2160 W WiredAccessoryManager: This kernel does not have HDMI audio support
03-20 00:39:54.176  2160  2160 E WiredAccessoryManager: file /sys/devices/platform/soc/soc:qcom,msm-ext-disp/extcon/extcon3/name not found
03-20 00:39:54.176  2160  2160 W WiredAccessoryManager: Conn soc:qcom,msm-ext-disp/3/1 does not have DP audio support
03-20 00:39:54.177  2160  2160 E WiredAccessoryManager: set dev_index 2
03-20 00:39:54.177  2160  2160 W WiredAccessoryManager: checkCableIndex no name match, skip 
03-20 00:39:54.177  2160  2160 W WiredAccessoryManager: checkCableIndex set cable 1
03-20 00:39:54.178  2160  2160 E WiredAccessoryManager: set dev_index 1
03-20 00:39:54.178  2160  2160 W WiredAccessoryManager: checkCableIndex no name match, skip 
03-20 00:39:54.178  2160  2160 W WiredAccessoryManager: checkCableIndex set cable 1
03-20 00:39:54.178  2160  2160 E WiredAccessoryManager: file /sys/devices/platform/soc/soc:qcom,msm-ext-disp/extcon/extcon0/name not found
03-20 00:39:54.178  2160  2160 W WiredAccessoryManager: Conn soc:qcom,msm-ext-disp/0/1 does not have DP audio support
03-20 00:39:54.178  2160  2160 E WiredAccessoryManager: file /sys/devices/platform/soc/soc:qcom,msm-ext-disp/extcon/extcon3/name not found
03-20 00:39:54.178  2160  2160 W WiredAccessoryManager: Conn soc:qcom,msm-ext-disp/3/0 does not have DP audio support
03-20 00:39:54.179  2160  2160 E WiredAccessoryManager: set dev_index 2
03-20 00:39:54.179  2160  2160 W WiredAccessoryManager: checkCableIndex set cable 0
03-20 00:39:54.179  2160  2160 E WiredAccessoryManager: set dev_index 1
03-20 00:39:54.179  2160  2160 W WiredAccessoryManager: checkCableIndex set cable 0
03-20 00:39:54.179  2160  2160 E WiredAccessoryManager: file /sys/devices/platform/soc/soc:qcom,msm-ext-disp/extcon/extcon0/name not found
03-20 00:39:54.179  2160  2160 W WiredAccessoryManager: Conn soc:qcom,msm-ext-disp/0/0 does not have DP audio support
03-20 00:39:54.180  2160  2160 V SystemServerTiming: StartWiredAccessoryManager took to complete: 4ms
03-20 00:39:54.180  2160  2160 D SystemServerTiming: StartMidiManager
03-20 00:39:54.180  2160  2160 I SystemServiceManager: Starting com.android.server.midi.MidiService$Lifecycle
03-20 00:39:54.180  2160  2160 V SystemServerTiming: StartMidiManager took to complete: 0ms
03-20 00:39:54.180  2160  2160 D SystemServerTiming: StartAdbService
03-20 00:39:54.180  2160  2160 I SystemServiceManager: Starting com.android.server.adb.AdbService$Lifecycle
03-20 00:39:54.181  2160  2160 V SystemServerTiming: StartAdbService took to complete: 1ms
03-20 00:39:54.181  2160  2160 D SystemServerTiming: StartUsbService
03-20 00:39:54.181  2160  2160 I SystemServiceManager: Starting com.android.server.usb.UsbService$Lifecycle
03-20 00:39:54.181  2160  2160 V SystemServerTiming: StartUsbService took to complete: 0ms
03-20 00:39:54.181  2160  2160 D SystemServerTiming: StartSerialService
03-20 00:39:54.181  2160  2597 D SystemServerTimingAsync: InitThreadPoolExec:UsbService$Lifecycle#onStart
03-20 00:39:54.181  2160  2597 D SystemServerInitThreadPool: Started executing UsbService$Lifecycle#onStart
03-20 00:39:54.182  2160  2160 V SystemServerTiming: StartSerialService took to complete: 1ms
03-20 00:39:54.182  2160  2160 D SystemServerTiming: StartHardwarePropertiesManagerService
03-20 00:39:54.182  2160  2597 I UsbDeviceManager: failed to write to /sys/class/android_usb/android0/f_rndis/ethaddr
03-20 00:39:54.183  2160  2160 V SystemServerTiming: StartHardwarePropertiesManagerService took to complete: 1ms
03-20 00:39:54.183  2160  2160 D SystemServerTiming: StartTwilightService
03-20 00:39:54.183  2160  2160 I SystemServiceManager: Starting com.android.server.twilight.TwilightService
03-20 00:39:54.183  2160  2160 V SystemServerTiming: StartTwilightService took to complete: 0ms
03-20 00:39:54.183  2160  2160 D SystemServerTiming: StartColorDisplay
03-20 00:39:54.183  2160  2160 I SystemServiceManager: Starting com.android.server.display.color.ColorDisplayService
03-20 00:39:54.184  2160  2160 V SystemServerTiming: StartColorDisplay took to complete: 1ms
03-20 00:39:54.184  2160  2160 D SystemServerTiming: StartJobScheduler
03-20 00:39:54.184  2160  2160 I SystemServiceManager: Starting com.android.server.job.JobSchedulerService
03-20 00:39:54.184  2160  2597 W StorageManagerService: No primary storage defined yet; hacking together a stub
03-20 00:39:54.185  2160  2160 I JobStore: Read 0 jobs
03-20 00:39:54.186  2160  2688 I UsbDeviceManager: Usb gadget hal service started android.hardware.usb.gadget@1.0::IUsbGadget default
03-20 00:39:54.187  2160  2160 V HistoricalRegistry: Interaction before persistence initialized
03-20 00:39:54.187  2160  2160 V HistoricalRegistry: Interaction before persistence initialized
03-20 00:39:54.187  2160  2160 V SystemServerTiming: StartJobScheduler took to complete: 4ms
03-20 00:39:54.187  2160  2160 D SystemServerTiming: StartSoundTrigger
03-20 00:39:54.187  2160  2160 I SystemServiceManager: Starting com.android.server.soundtrigger.SoundTriggerService
03-20 00:39:54.188  2160  2160 V SystemServerTiming: StartSoundTrigger took to complete: 0ms
03-20 00:39:54.189  2160  2160 D SystemServerTiming: StartTrustManager
03-20 00:39:54.189  2160  2160 I SystemServiceManager: Starting com.android.server.trust.TrustManagerService
03-20 00:39:54.189  2160  2597 D UsbPortManager: Querying USB HAL version
03-20 00:39:54.189  2160  2589 I UsbDeviceManager: processing MSG_GET_CURRENT_USB_FUNCTIONS
03-20 00:39:54.189  2160  2589 I UsbDeviceManager: updating mCurrentFunctions
03-20 00:39:54.189  2160  2589 I UsbDeviceManager: mCurrentFunctions:0applied:1
03-20 00:39:54.190  2160  2160 V SystemServerTiming: StartTrustManager took to complete: 1ms
03-20 00:39:54.190  2160  2160 D SystemServerTiming: StartBackupManager
03-20 00:39:54.190  2160  2160 I SystemServiceManager: Starting com.android.server.backup.BackupManagerService$Lifecycle
03-20 00:39:54.191  2160  2160 V SystemServerTiming: StartBackupManager took to complete: 1ms
03-20 00:39:54.191  2160  2160 D SystemServerTiming: StartAppWidgetService
03-20 00:39:54.191  2160  2160 I SystemServiceManager: Starting com.android.server.appwidget.AppWidgetService
03-20 00:39:54.191  2160  2597 I UsbPortManager: USB HAL HIDL present
03-20 00:39:54.193  2160  2688 I UsbPortManager: Usb hal service started android.hardware.usb@1.0::IUsb default
03-20 00:39:54.193  2160  2160 V SystemServerTiming: StartAppWidgetService took to complete: 2ms
03-20 00:39:54.193  2160  2160 D SystemServerTiming: StartVoiceRecognitionManager
03-20 00:39:54.193  2160  2160 I SystemServiceManager: Starting com.android.server.voiceinteraction.VoiceInteractionManagerService
03-20 00:39:54.194  2160  2597 D UsbPortManager: getInstance done
03-20 00:39:54.194  2160  2160 I RoleServicePlatformHelperImpl: Legacy roles.xml not found
03-20 00:39:54.195  2160  2597 D SystemServerInitThreadPool: Finished executing UsbService$Lifecycle#onStart
03-20 00:39:54.195  2160  2597 V SystemServerTimingAsync: InitThreadPoolExec:UsbService$Lifecycle#onStart took to complete: 14ms
03-20 00:39:54.195  2160  2160 V SystemServerTiming: StartVoiceRecognitionManager took to complete: 2ms
03-20 00:39:54.195  2160  2160 D SystemServerTiming: StartAppHibernationService
03-20 00:39:54.195  2160  2160 I SystemServiceManager: Starting com.android.server.apphibernation.AppHibernationService
03-20 00:39:54.196  2160  2160 V SystemServerTiming: StartAppHibernationService took to complete: 2ms
03-20 00:39:54.196  2160  2160 D SystemServerTiming: StartGestureLauncher
03-20 00:39:54.197  2160  2160 I SystemServiceManager: Starting com.android.server.GestureLauncherService
03-20 00:39:54.197  2160  2160 V SystemServerTiming: StartGestureLauncher took to complete: 0ms
03-20 00:39:54.197  2160  2160 D SystemServerTiming: StartSensorNotification
03-20 00:39:54.197  2160  2160 I SystemServiceManager: Starting com.android.server.SensorNotificationService
03-20 00:39:54.197  2160  2160 V SystemServerTiming: StartSensorNotification took to complete: 0ms
03-20 00:39:54.197  2160  2160 D SystemServerTiming: StartDiskStatsService
03-20 00:39:54.198  2160  2160 D CompatibilityChangeReporter: Compat change id reported: 194532703; UID 1000; state: ENABLED
03-20 00:39:54.199  2160  2160 V SystemServerTiming: StartDiskStatsService took to complete: 2ms
03-20 00:39:54.199  2160  2160 D SystemServerTiming: RuntimeService
03-20 00:39:54.199  2160  2160 V SystemServerTiming: RuntimeService took to complete: 0ms
03-20 00:39:54.199  2160  2160 D SystemServerTiming: StartNetworkTimeUpdateService
03-20 00:39:54.200  2160  2160 V SystemServerTiming: StartNetworkTimeUpdateService took to complete: 1ms
03-20 00:39:54.200  2160  2160 D SystemServerTiming: CertBlacklister
03-20 00:39:54.200  2160  2160 V SystemServerTiming: CertBlacklister took to complete: 0ms
03-20 00:39:54.200  2160  2160 D SystemServerTiming: StartEmergencyAffordanceService
03-20 00:39:54.200  2160  2160 I SystemServiceManager: Starting com.android.server.emergency.EmergencyAffordanceService
03-20 00:39:54.200  2160  2160 V SystemServerTiming: StartEmergencyAffordanceService took to complete: 1ms
03-20 00:39:54.200  2160  2160 D SystemServerTiming: startBlobStoreManagerService
03-20 00:39:54.200  2160  2160 I SystemServiceManager: Starting com.android.server.blob.BlobStoreManagerService
03-20 00:39:54.201  2160  2160 V SystemServerTiming: startBlobStoreManagerService took to complete: 1ms
03-20 00:39:54.202  2160  2160 D SystemServerTiming: StartDreamManager
03-20 00:39:54.202  2160  2160 I SystemServiceManager: Starting com.android.server.dreams.DreamManagerService
03-20 00:39:54.202  2160  2160 V SystemServerTiming: StartDreamManager took to complete: 0ms
03-20 00:39:54.202  2160  2160 D SystemServerTiming: AddGraphicsStatsService
03-20 00:39:54.203  2160  2160 V SystemServerTiming: AddGraphicsStatsService took to complete: 1ms
03-20 00:39:54.203  2160  2160 D SystemServerTiming: StartPrintManager
03-20 00:39:54.203  2160  2160 I SystemServiceManager: Starting com.android.server.print.PrintManagerService
03-20 00:39:54.204  2160  2160 V SystemServerTiming: StartPrintManager took to complete: 1ms
03-20 00:39:54.204  2160  2160 D SystemServerTiming: StartAttestationVerificationService
03-20 00:39:54.204  2160  2160 I SystemServiceManager: Starting com.android.server.security.AttestationVerificationManagerService
03-20 00:39:54.204  2160  2160 D AVF     : Started
03-20 00:39:54.204  2160  2160 V SystemServerTiming: StartAttestationVerificationService took to complete: 0ms
03-20 00:39:54.204  2160  2160 D SystemServerTiming: StartCompanionDeviceManager
03-20 00:39:54.204  2160  2160 I SystemServiceManager: Starting com.android.server.companion.CompanionDeviceManagerService
03-20 00:39:54.205  2160  2160 I CompanionDevice_PersistentDataStore: Reading associations for user 0 from disk
03-20 00:39:54.205  2160  2160 V SystemServerTiming: StartCompanionDeviceManager took to complete: 0ms
03-20 00:39:54.205  2160  2160 D SystemServerTiming: StartVirtualDeviceManager
03-20 00:39:54.205  2160  2160 I SystemServiceManager: Starting com.android.server.companion.virtual.VirtualDeviceManagerService
03-20 00:39:54.206  2160  2160 V SystemServerTiming: StartVirtualDeviceManager took to complete: 1ms
03-20 00:39:54.206  2160  2160 D SystemServerTiming: StartRestrictionManager
03-20 00:39:54.206  2160  2160 I SystemServiceManager: Starting com.android.server.restrictions.RestrictionsManagerService
03-20 00:39:54.207  2160  2160 V SystemServerTiming: StartRestrictionManager took to complete: 1ms
03-20 00:39:54.207  2160  2160 D SystemServerTiming: StartMediaSessionService
03-20 00:39:54.207  2160  2160 I SystemServiceManager: Starting com.android.server.media.MediaSessionService
03-20 00:39:54.208  2160  2160 V SystemServerTiming: StartMediaSessionService took to complete: 1ms
03-20 00:39:54.208  2160  2160 D SystemServerTiming: StartMediaResourceMonitor
03-20 00:39:54.208  2160  2160 I SystemServiceManager: Starting com.android.server.media.MediaResourceMonitorService
03-20 00:39:54.208  2160  2160 V SystemServerTiming: StartMediaResourceMonitor took to complete: 0ms
03-20 00:39:54.208  2160  2160 D SystemServerTiming: StartMediaRouterService
03-20 00:39:54.208  2160  2160 V HistoricalRegistry: Interaction before persistence initialized
03-20 00:39:54.209  2160  2160 V SystemServerTiming: StartMediaRouterService took to complete: 1ms
03-20 00:39:54.209  2160  2160 D SystemServerTiming: StartFingerprintSensor
03-20 00:39:54.209  2160  2160 I SystemServiceManager: Starting com.android.server.biometrics.sensors.fingerprint.FingerprintService
03-20 00:39:54.209  2160  2160 V SystemServerTiming: StartFingerprintSensor took to complete: 1ms
03-20 00:39:54.209  2160  2160 D SystemServerTiming: StartBiometricService
03-20 00:39:54.209  2160  2160 I SystemServiceManager: Starting com.android.server.biometrics.BiometricService
03-20 00:39:54.210  2160  2160 V SystemServerTiming: StartBiometricService took to complete: 1ms
03-20 00:39:54.210  2160  2160 D SystemServerTiming: StartAuthService
03-20 00:39:54.211  2160  2160 I SystemServiceManager: Starting com.android.server.biometrics.AuthService
03-20 00:39:54.211  2160  2160 D AuthService: Registering HIDL ID: 0 Modality: 2 Strength: 15
03-20 00:39:54.212  2160  2160 V SystemServerTiming: StartAuthService took to complete: 2ms
03-20 00:39:54.212  2160  2160 D SystemServerTiming: StartDynamicCodeLoggingService
03-20 00:39:54.213  2160  2160 V SystemServerTiming: StartDynamicCodeLoggingService took to complete: 0ms
03-20 00:39:54.213  2160  2160 D SystemServerTiming: StartPruneInstantAppsJobService
03-20 00:39:54.213  2160  2160 V SystemServerTiming: StartPruneInstantAppsJobService took to complete: 0ms
03-20 00:39:54.213  2160  2160 D SystemServerTiming: StartShortcutServiceLifecycle
03-20 00:39:54.213  2160  2160 I SystemServiceManager: Starting com.android.server.pm.ShortcutService$Lifecycle
03-20 00:39:54.213  2160  3529 D BiometricService: Registering ID: 0 Modality: 2 Strength: 15
03-20 00:39:54.213  2160  2160 V HistoricalRegistry: Interaction before persistence initialized
03-20 00:39:54.213  2160  3529 D BiometricStrengthController: updateStrengths: revert sensorId=0 to oemStrength=15
03-20 00:39:54.213  2160  3529 D BiometricService/Sensor: updateStrength: Before(ID(0), oemStrength: 15, updatedStrength: 15, modality 2, state: 0, cookie: 0) After(ID(0), oemStrength: 15, updatedStrength: 15, modality 2, state: 0, cookie: 0)
03-20 00:39:54.214  2160  2160 V SystemServerTiming: StartShortcutServiceLifecycle took to complete: 1ms
03-20 00:39:54.214  2160  2160 D SystemServerTiming: StartLauncherAppsService
03-20 00:39:54.214  2160  2160 I SystemServiceManager: Starting com.android.server.pm.LauncherAppsService
03-20 00:39:54.215  2160  2160 V SystemServerTiming: StartLauncherAppsService took to complete: 1ms
03-20 00:39:54.215  2160  2160 D SystemServerTiming: StartCrossProfileAppsService
03-20 00:39:54.215  2160  2160 I SystemServiceManager: Starting com.android.server.pm.CrossProfileAppsService
03-20 00:39:54.215  2160  2160 V SystemServerTiming: StartCrossProfileAppsService took to complete: 0ms
03-20 00:39:54.215  2160  2160 D SystemServerTiming: StartPeopleService
03-20 00:39:54.215  2160  2160 I SystemServiceManager: Starting com.android.server.people.PeopleService
03-20 00:39:54.216  2160  2160 V SystemServerTiming: StartPeopleService took to complete: 1ms
03-20 00:39:54.216  2160  2160 D SystemServerTiming: StartMediaMetricsManager
03-20 00:39:54.216  2160  2160 I SystemServiceManager: Starting com.android.server.media.metrics.MediaMetricsManagerService
03-20 00:39:54.216  2160  2160 V SystemServerTiming: StartMediaMetricsManager took to complete: 0ms
03-20 00:39:54.216  2160  2160 D SystemServerTiming: StartMediaProjectionManager
03-20 00:39:54.216  2160  2160 I SystemServiceManager: Starting com.android.server.media.projection.MediaProjectionManagerService
03-20 00:39:54.218  2160  2160 V SystemServerTiming: StartMediaProjectionManager took to complete: 1ms
03-20 00:39:54.218  2160  2160 D SystemServerTiming: StartSliceManagerService
03-20 00:39:54.218  2160  2160 I SystemServiceManager: Starting com.android.server.slice.SliceManagerService$Lifecycle
03-20 00:39:54.219  2160  2160 V SystemServerTiming: StartSliceManagerService took to complete: 1ms
03-20 00:39:54.219  2160  2160 D SystemServerTiming: StartStatsCompanion
03-20 00:39:54.220  2160  2160 I SystemServiceManager: Starting com.android.server.stats.StatsCompanion$Lifecycle
03-20 00:39:54.221  2160  2160 V SystemServerTiming: StartStatsCompanion took to complete: 1ms
03-20 00:39:54.221  2160  2160 D SystemServerTiming: StartRebootReadinessManagerService
03-20 00:39:54.221  2160  2160 I SystemServiceManager: Starting com.android.server.scheduling.RebootReadinessManagerService$Lifecycle
03-20 00:39:54.223  2160  2160 V SystemServerTiming: StartRebootReadinessManagerService took to complete: 2ms
03-20 00:39:54.223  2160  2160 D SystemServerTiming: StartStatsPullAtomService
03-20 00:39:54.223  2160  2160 I SystemServiceManager: Starting com.android.server.stats.pull.StatsPullAtomService
03-20 00:39:54.223  2160  2160 V SystemServerTiming: StartStatsPullAtomService took to complete: 0ms
03-20 00:39:54.223  2160  2160 D SystemServerTiming: StatsBootstrapAtomService
03-20 00:39:54.223  2160  2160 I SystemServiceManager: Starting com.android.server.stats.bootstrap.StatsBootstrapAtomService$Lifecycle
03-20 00:39:54.224  2160  2160 V SystemServerTiming: StatsBootstrapAtomService took to complete: 1ms
03-20 00:39:54.224  2160  2160 D SystemServerTiming: StartIncidentCompanionService
03-20 00:39:54.224  2160  2160 I SystemServiceManager: Starting com.android.server.incident.IncidentCompanionService
03-20 00:39:54.224  2160  2160 V SystemServerTiming: StartIncidentCompanionService took to complete: 0ms
03-20 00:39:54.224  2160  2160 D SystemServerTiming: StarSdkSandboxManagerService
03-20 00:39:54.224  2160  2160 I SystemServiceManager: Starting com.android.server.sdksandbox.SdkSandboxManagerService$Lifecycle
03-20 00:39:54.226  2160  2160 V SystemServerTiming: StarSdkSandboxManagerService took to complete: 2ms
03-20 00:39:54.226  2160  2160 D SystemServerTiming: StartAdServicesManagerService
03-20 00:39:54.226  2160  2160 I SystemServiceManager: Starting com.android.server.adservices.AdServicesManagerService$Lifecycle
03-20 00:39:54.226  2160  2160 V SystemServerTiming: StartAdServicesManagerService took to complete: 0ms
03-20 00:39:54.226  2160  2160 D SystemServerTiming: StartMmsService
03-20 00:39:54.226  2160  2160 I SystemServiceManager: Starting com.android.server.MmsServiceBroker
03-20 00:39:54.226  2160  2160 V SystemServerTiming: StartMmsService took to complete: 1ms
03-20 00:39:54.226  2160  2160 D SystemServerTiming: StartAutoFillService
03-20 00:39:54.226  2160  2160 I SystemServiceManager: Starting com.android.server.autofill.AutofillManagerService
03-20 00:39:54.227  2160  2160 D AutofillManagerService: setLogLevelFromSettings(): level=2, debug=true, verbose=false
03-20 00:39:54.227  2160  2160 D AutofillManagerService: setMaxPartitionsFromSettings(): 10
03-20 00:39:54.227  2160  2160 D AutofillManagerService: setMaxVisibleDatasetsFromSettings(): 0
03-20 00:39:54.227  2160  2160 D AutofillManagerServiceImpl: Reset component for user 0:
03-20 00:39:54.227  2160  2590 D AutofillUI: destroySaveUiUiThread(): already destroyed
03-20 00:39:54.228  2160  2160 V SystemServerTiming: StartAutoFillService took to complete: 1ms
03-20 00:39:54.228  2160  2160 D SystemServer: TranslationService not defined by OEM
03-20 00:39:54.228  2160  2160 D SystemServerTiming: StartClipboardService
03-20 00:39:54.228  2160  2160 I SystemServiceManager: Starting com.android.server.clipboard.ClipboardService
03-20 00:39:54.229  2160  2160 V SystemServerTiming: StartClipboardService took to complete: 2ms
03-20 00:39:54.229  2160  2160 D SystemServerTiming: AppServiceManager
03-20 00:39:54.229  2160  2160 I SystemServiceManager: Starting com.android.server.appbinding.AppBindingService$Lifecycle
03-20 00:39:54.230  2160  2160 V SystemServerTiming: AppServiceManager took to complete: 0ms
03-20 00:39:54.230  2160  2160 D SystemServerTiming: startTracingServiceProxy
03-20 00:39:54.230  2160  2160 I SystemServiceManager: Starting com.android.server.tracing.TracingServiceProxy
03-20 00:39:54.230  2160  2160 V SystemServerTiming: startTracingServiceProxy took to complete: 1ms
03-20 00:39:54.230  2160  2160 D SystemServerTiming: MakeLockSettingsServiceReady
03-20 00:39:54.235  2160  2160 I LockSettingsService: Migrated lock settings to new location
03-20 00:39:54.236  2160  2160 I LockSettingsService: Migrated per-user lock settings to new location
03-20 00:39:54.239  2160  2160 I LockSettingsService: Migrated biometric weak to use the fallback instead
03-20 00:39:54.240  2160  2160 I LockSettingsService: Migrated lockscreen disabled flag
03-20 00:39:54.241  2160  2160 I LockSettingsService: Migrated keys to LSS namespace
03-20 00:39:54.242  2160  2160 I SyntheticPasswordManager: Device does not support weaver
03-20 00:39:54.242  2160  2160 I LockSettingsService: Device doesn't implement AuthSecret HAL
03-20 00:39:54.243  2160  2160 V SystemServerTiming: MakeLockSettingsServiceReady took to complete: 12ms
03-20 00:39:54.243  2160  2160 D SystemServerTiming: StartBootPhaseLockSettingsReady
03-20 00:39:54.243  2160  2160 I SystemServiceManager: Starting phase 480
03-20 00:39:54.243  2160  2160 D SystemServerTiming: OnBootPhase_480
03-20 00:39:54.243  2160  2160 D SystemServerTiming: OnBootPhase_480_com.android.server.security.FileIntegrityService
03-20 00:39:54.243  2160  2160 V SystemServerTiming: OnBootPhase_480_com.android.server.security.FileIntegrityService took to complete: 0ms
03-20 00:39:54.243  2160  2160 D SystemServerTiming: OnBootPhase_480_com.android.server.pm.Installer
03-20 00:39:54.243  2160  2160 V SystemServerTiming: OnBootPhase_480_com.android.server.pm.Installer took to complete: 0ms
03-20 00:39:54.243  2160  2160 D SystemServerTiming: OnBootPhase_480_com.android.server.os.DeviceIdentifiersPolicyService
03-20 00:39:54.243  2160  2160 V SystemServerTiming: OnBootPhase_480_com.android.server.os.DeviceIdentifiersPolicyService took to complete: 0ms
03-20 00:39:54.243  2160  2160 D SystemServerTiming: OnBootPhase_480_com.android.server.uri.UriGrantsManagerService$Lifecycle
03-20 00:39:54.243  2160  2160 V SystemServerTiming: OnBootPhase_480_com.android.server.uri.UriGrantsManagerService$Lifecycle took to complete: 0ms
03-20 00:39:54.243  2160  2160 D SystemServerTiming: OnBootPhase_480_com.android.server.powerstats.PowerStatsService
03-20 00:39:54.243  2160  2160 V SystemServerTiming: OnBootPhase_480_com.android.server.powerstats.PowerStatsService took to complete: 0ms
03-20 00:39:54.243  2160  2160 D SystemServerTiming: OnBootPhase_480_com.android.server.wm.ActivityTaskManagerService$Lifecycle
03-20 00:39:54.243  2160  2160 V SystemServerTiming: OnBootPhase_480_com.android.server.wm.ActivityTaskManagerService$Lifecycle took to complete: 0ms
03-20 00:39:54.243  2160  2160 D SystemServerTiming: OnBootPhase_480_com.android.server.am.ActivityManagerService$Lifecycle
03-20 00:39:54.243  2160  2160 V SystemServerTiming: OnBootPhase_480_com.android.server.am.ActivityManagerService$Lifecycle took to complete: 0ms
03-20 00:39:54.243  2160  2160 D SystemServerTiming: OnBootPhase_480_com.android.server.pm.DataLoaderManagerService
03-20 00:39:54.243  2160  2160 V SystemServerTiming: OnBootPhase_480_com.android.server.pm.DataLoaderManagerService took to complete: 0ms
03-20 00:39:54.243  2160  2160 D SystemServerTiming: OnBootPhase_480_com.android.server.power.PowerManagerService
03-20 00:39:54.243  2160  2160 V SystemServerTiming: OnBootPhase_480_com.android.server.power.PowerManagerService took to complete: 0ms
03-20 00:39:54.243  2160  2160 D SystemServerTiming: OnBootPhase_480_com.android.server.power.ThermalManagerService
03-20 00:39:54.243  2160  2160 V SystemServerTiming: OnBootPhase_480_com.android.server.power.ThermalManagerService took to complete: 0ms
03-20 00:39:54.243  2160  2160 D SystemServerTiming: OnBootPhase_480_com.android.server.power.hint.HintManagerService
03-20 00:39:54.243  2160  2160 V SystemServerTiming: OnBootPhase_480_com.android.server.power.hint.HintManagerService took to complete: 0ms
03-20 00:39:54.243  2160  2160 D SystemServerTiming: OnBootPhase_480_com.android.server.recoverysystem.RecoverySystemService$Lifecycle
03-20 00:39:54.243  2160  2160 V SystemServerTiming: OnBootPhase_480_com.android.server.recoverysystem.RecoverySystemService$Lifecycle took to complete: 0ms
03-20 00:39:54.244  2160  2160 D SystemServerTiming: OnBootPhase_480_com.android.server.lights.LightsService
03-20 00:39:54.244  2160  2160 V SystemServerTiming: OnBootPhase_480_com.android.server.lights.LightsService took to complete: 0ms
03-20 00:39:54.244  2160  2160 D SystemServerTiming: OnBootPhase_480_com.android.server.display.DisplayManagerService
03-20 00:39:54.244  2160  2160 V SystemServerTiming: OnBootPhase_480_com.android.server.display.DisplayManagerService took to complete: 0ms
03-20 00:39:54.244  2160  2160 D SystemServerTiming: OnBootPhase_480_com.android.server.pm.verify.domain.DomainVerificationService
03-20 00:39:54.244  2160  2160 V SystemServerTiming: OnBootPhase_480_com.android.server.pm.verify.domain.DomainVerificationService took to complete: 0ms
03-20 00:39:54.244  2160  2160 D SystemServerTiming: OnBootPhase_480_com.android.server.pm.PackageInstallerService$Lifecycle
03-20 00:39:54.244  2160  2160 V SystemServerTiming: OnBootPhase_480_com.android.server.pm.PackageInstallerService$Lifecycle took to complete: 0ms
03-20 00:39:54.244  2160  2160 D SystemServerTiming: OnBootPhase_480_com.android.server.pm.UserManagerService$LifeCycle
03-20 00:39:54.244  2160  2160 V SystemServerTiming: OnBootPhase_480_com.android.server.pm.UserManagerService$LifeCycle took to complete: 0ms
03-20 00:39:54.244  2160  2160 D SystemServerTiming: OnBootPhase_480_com.android.server.om.OverlayManagerService
03-20 00:39:54.244  2160  2160 V SystemServerTiming: OnBootPhase_480_com.android.server.om.OverlayManagerService took to complete: 0ms
03-20 00:39:54.244  2160  2160 D SystemServerTiming: OnBootPhase_480_com.android.server.resources.ResourcesManagerService
03-20 00:39:54.244  2160  2160 V SystemServerTiming: OnBootPhase_480_com.android.server.resources.ResourcesManagerService took to complete: 0ms
03-20 00:39:54.244  2160  2160 D SystemServerTiming: OnBootPhase_480_com.android.server.sensorprivacy.SensorPrivacyService
03-20 00:39:54.244  2160  2160 V SystemServerTiming: OnBootPhase_480_com.android.server.sensorprivacy.SensorPrivacyService took to complete: 0ms
03-20 00:39:54.244  2160  2160 D SystemServerTiming: OnBootPhase_480_com.android.server.sensors.SensorService
03-20 00:39:54.244  2160  2160 V SystemServerTiming: OnBootPhase_480_com.android.server.sensors.SensorService took to complete: 0ms
03-20 00:39:54.244  2160  2160 D SystemServerTiming: OnBootPhase_480_com.android.server.SystemConfigService
03-20 00:39:54.244  2160  2160 V SystemServerTiming: OnBootPhase_480_com.android.server.SystemConfigService took to complete: 0ms
03-20 00:39:54.244  2160  2160 D SystemServerTiming: OnBootPhase_480_com.android.server.BatteryService
03-20 00:39:54.244  2160  2160 V SystemServerTiming: OnBootPhase_480_com.android.server.BatteryService took to complete: 0ms
03-20 00:39:54.244  2160  2160 D SystemServerTiming: OnBootPhase_480_com.android.server.usage.UsageStatsService
03-20 00:39:54.244  2160  2160 V SystemServerTiming: OnBootPhase_480_com.android.server.usage.UsageStatsService took to complete: 0ms
03-20 00:39:54.244  2160  2160 D SystemServerTiming: OnBootPhase_480_com.android.server.webkit.WebViewUpdateService
03-20 00:39:54.244  2160  2160 V SystemServerTiming: OnBootPhase_480_com.android.server.webkit.WebViewUpdateService took to complete: 0ms
03-20 00:39:54.244  2160  2160 D SystemServerTiming: OnBootPhase_480_com.android.server.CachedDeviceStateService
03-20 00:39:54.244  2160  2160 V SystemServerTiming: OnBootPhase_480_com.android.server.CachedDeviceStateService took to complete: 0ms
03-20 00:39:54.244  2160  2160 D SystemServerTiming: OnBootPhase_480_com.android.server.BinderCallsStatsService$LifeCycle
03-20 00:39:54.244  2160  2160 V SystemServerTiming: OnBootPhase_480_com.android.server.BinderCallsStatsService$LifeCycle took to complete: 0ms
03-20 00:39:54.244  2160  2160 D SystemServerTiming: OnBootPhase_480_com.android.server.LooperStatsService$Lifecycle
03-20 00:39:54.244  2160  2160 V SystemServerTiming: OnBootPhase_480_com.android.server.LooperStatsService$Lifecycle took to complete: 0ms
03-20 00:39:54.244  2160  2160 D SystemServerTiming: OnBootPhase_480_com.android.server.rollback.RollbackManagerService
03-20 00:39:54.244  2160  2160 V SystemServerTiming: OnBootPhase_480_com.android.server.rollback.RollbackManagerService took to complete: 0ms
03-20 00:39:54.244  2160  2160 D SystemServerTiming: OnBootPhase_480_com.android.server.os.NativeTombstoneManagerService
03-20 00:39:54.244  2160  2160 V SystemServerTiming: OnBootPhase_480_com.android.server.os.NativeTombstoneManagerService took to complete: 0ms
03-20 00:39:54.244  2160  2160 D SystemServerTiming: OnBootPhase_480_com.android.server.os.BugreportManagerService
03-20 00:39:54.244  2160  2160 V SystemServerTiming: OnBootPhase_480_com.android.server.os.BugreportManagerService took to complete: 0ms
03-20 00:39:54.244  2160  2160 D SystemServerTiming: OnBootPhase_480_com.android.server.gpu.GpuService
03-20 00:39:54.244  2160  2160 V SystemServerTiming: OnBootPhase_480_com.android.server.gpu.GpuService took to complete: 0ms
03-20 00:39:54.244  2160  2160 D SystemServerTiming: OnBootPhase_480_com.android.server.security.KeyChainSystemService
03-20 00:39:54.244  2160  2160 V SystemServerTiming: OnBootPhase_480_com.android.server.security.KeyChainSystemService took to complete: 0ms
03-20 00:39:54.244  2160  2160 D SystemServerTiming: OnBootPhase_480_com.android.server.BinaryTransparencyService
03-20 00:39:54.244  2160  2160 V SystemServerTiming: OnBootPhase_480_com.android.server.BinaryTransparencyService took to complete: 0ms
03-20 00:39:54.244  2160  2160 D SystemServerTiming: OnBootPhase_480_com.android.server.telecom.TelecomLoaderService
03-20 00:39:54.245  2160  2160 V SystemServerTiming: OnBootPhase_480_com.android.server.telecom.TelecomLoaderService took to complete: 0ms
03-20 00:39:54.245  2160  2160 D SystemServerTiming: OnBootPhase_480_com.android.server.accounts.AccountManagerService$Lifecycle
03-20 00:39:54.245  2160  2160 V SystemServerTiming: OnBootPhase_480_com.android.server.accounts.AccountManagerService$Lifecycle took to complete: 0ms
03-20 00:39:54.245  2160  2160 D SystemServerTiming: OnBootPhase_480_com.android.server.content.ContentService$Lifecycle
03-20 00:39:54.245  2160  2160 V SystemServerTiming: OnBootPhase_480_com.android.server.content.ContentService$Lifecycle took to complete: 0ms
03-20 00:39:54.245  2160  2160 D SystemServerTiming: OnBootPhase_480_com.android.server.DropBoxManagerService
03-20 00:39:54.245  2160  2160 V SystemServerTiming: OnBootPhase_480_com.android.server.DropBoxManagerService took to complete: 0ms
03-20 00:39:54.245  2160  2160 D SystemServerTiming: OnBootPhase_480_com.android.role.RoleService
03-20 00:39:54.245  2160  2160 V SystemServerTiming: OnBootPhase_480_com.android.role.RoleService took to complete: 0ms
03-20 00:39:54.245  2160  2160 D SystemServerTiming: OnBootPhase_480_com.android.server.vibrator.VibratorManagerService$Lifecycle
03-20 00:39:54.245  2160  2160 V SystemServerTiming: OnBootPhase_480_com.android.server.vibrator.VibratorManagerService$Lifecycle took to complete: 0ms
03-20 00:39:54.245  2160  2160 D SystemServerTiming: OnBootPhase_480_com.android.server.tare.InternalResourceService
03-20 00:39:54.245  2160  2160 V SystemServerTiming: OnBootPhase_480_com.android.server.tare.InternalResourceService took to complete: 0ms
03-20 00:39:54.245  2160  2160 D SystemServerTiming: OnBootPhase_480_com.android.server.alarm.AlarmManagerService
03-20 00:39:54.245  2160  2160 V SystemServerTiming: OnBootPhase_480_com.android.server.alarm.AlarmManagerService took to complete: 0ms
03-20 00:39:54.245  2160  2160 D SystemServerTiming: OnBootPhase_480_com.android.server.devicestate.DeviceStateManagerService
03-20 00:39:54.245  2160  2160 V SystemServerTiming: OnBootPhase_480_com.android.server.devicestate.DeviceStateManagerService took to complete: 0ms
03-20 00:39:54.245  2160  2160 D SystemServerTiming: OnBootPhase_480_com.android.server.camera.CameraServiceProxy
03-20 00:39:54.245  2160  2160 V SystemServerTiming: OnBootPhase_480_com.android.server.camera.CameraServiceProxy took to complete: 0ms
03-20 00:39:54.245  2160  2160 D SystemServerTiming: OnBootPhase_480_com.android.server.bluetooth.BluetoothService
03-20 00:39:54.245  2160  2160 V SystemServerTiming: OnBootPhase_480_com.android.server.bluetooth.BluetoothService took to complete: 0ms
03-20 00:39:54.245  2160  2160 D SystemServerTiming: OnBootPhase_480_com.android.server.connectivity.IpConnectivityMetrics
03-20 00:39:54.245  2160  2160 V SystemServerTiming: OnBootPhase_480_com.android.server.connectivity.IpConnectivityMetrics took to complete: 0ms
03-20 00:39:54.245  2160  2160 D SystemServerTiming: OnBootPhase_480_com.android.server.net.watchlist.NetworkWatchlistService$Lifecycle
03-20 00:39:54.245  2160  2160 V SystemServerTiming: OnBootPhase_480_com.android.server.net.watchlist.NetworkWatchlistService$Lifecycle took to complete: 0ms
03-20 00:39:54.245  2160  2160 D SystemServerTiming: OnBootPhase_480_com.android.server.PinnerService
03-20 00:39:54.245  2160  2160 V SystemServerTiming: OnBootPhase_480_com.android.server.PinnerService took to complete: 0ms
03-20 00:39:54.245  2160  2160 D SystemServerTiming: OnBootPhase_480_com.android.server.ActivityTriggerService
03-20 00:39:54.245  2160  2160 V SystemServerTiming: OnBootPhase_480_com.android.server.ActivityTriggerService took to complete: 0ms
03-20 00:39:54.245  2160  2160 D SystemServerTiming: OnBootPhase_480_com.android.server.integrity.AppIntegrityManagerService
03-20 00:39:54.245  2160  2160 V SystemServerTiming: OnBootPhase_480_com.android.server.integrity.AppIntegrityManagerService took to complete: 0ms
03-20 00:39:54.245  2160  2160 D SystemServerTiming: OnBootPhase_480_com.android.server.logcat.LogcatManagerService
03-20 00:39:54.245  2160  2160 V SystemServerTiming: OnBootPhase_480_com.android.server.logcat.LogcatManagerService took to complete: 0ms
03-20 00:39:54.245  2160  2160 D SystemServerTiming: OnBootPhase_480_com.android.server.inputmethod.InputMethodManagerService$Lifecycle
03-20 00:39:54.245  2160  2160 V SystemServerTiming: OnBootPhase_480_com.android.server.inputmethod.InputMethodManagerService$Lifecycle took to complete: 0ms
03-20 00:39:54.245  2160  2160 D SystemServerTiming: OnBootPhase_480_com.android.server.accessibility.AccessibilityManagerService$Lifecycle
03-20 00:39:54.245  2160  2160 V SystemServerTiming: OnBootPhase_480_com.android.server.accessibility.AccessibilityManagerService$Lifecycle took to complete: 0ms
03-20 00:39:54.245  2160  2160 D SystemServerTiming: OnBootPhase_480_com.android.server.StorageManagerService$Lifecycle
03-20 00:39:54.245  2160  2160 V SystemServerTiming: OnBootPhase_480_com.android.server.StorageManagerService$Lifecycle took to complete: 0ms
03-20 00:39:54.245  2160  2160 D SystemServerTiming: OnBootPhase_480_com.android.server.usage.StorageStatsService$Lifecycle
03-20 00:39:54.245  2160  2160 V SystemServerTiming: OnBootPhase_480_com.android.server.usage.StorageStatsService$Lifecycle took to complete: 0ms
03-20 00:39:54.245  2160  2160 D SystemServerTiming: OnBootPhase_480_com.android.server.UiModeManagerService
03-20 00:39:54.246  2160  2160 V SystemServerTiming: OnBootPhase_480_com.android.server.UiModeManagerService took to complete: 0ms
03-20 00:39:54.246  2160  2160 D SystemServerTiming: OnBootPhase_480_com.android.server.locales.LocaleManagerService
03-20 00:39:54.246  2160  2160 V SystemServerTiming: OnBootPhase_480_com.android.server.locales.LocaleManagerService took to complete: 0ms
03-20 00:39:54.246  2160  2160 D SystemServerTiming: OnBootPhase_480_com.android.server.locksettings.LockSettingsService$Lifecycle
03-20 00:39:54.246  2160  2160 V SystemServerTiming: OnBootPhase_480_com.android.server.locksettings.LockSettingsService$Lifecycle took to complete: 0ms
03-20 00:39:54.246  2160  2160 D SystemServerTiming: OnBootPhase_480_com.android.server.PersistentDataBlockService
03-20 00:39:54.246  2160  2160 V SystemServerTiming: OnBootPhase_480_com.android.server.PersistentDataBlockService took to complete: 0ms
03-20 00:39:54.246  2160  2160 D SystemServerTiming: OnBootPhase_480_com.android.server.testharness.TestHarnessModeService
03-20 00:39:54.246  2160  2160 V SystemServerTiming: OnBootPhase_480_com.android.server.testharness.TestHarnessModeService took to complete: 0ms
03-20 00:39:54.246  2160  2160 D SystemServerTiming: OnBootPhase_480_com.android.server.oemlock.OemLockService
03-20 00:39:54.246  2160  2160 V SystemServerTiming: OnBootPhase_480_com.android.server.oemlock.OemLockService took to complete: 0ms
03-20 00:39:54.246  2160  2160 D SystemServerTiming: OnBootPhase_480_com.android.server.DeviceIdleController
03-20 00:39:54.246  2160  2160 V SystemServerTiming: OnBootPhase_480_com.android.server.DeviceIdleController took to complete: 0ms
03-20 00:39:54.246  2160  2160 D SystemServerTiming: OnBootPhase_480_com.android.server.devicepolicy.DevicePolicyManagerService$Lifecycle
03-20 00:39:54.248  2160  2160 I UsbPortManager: USB HAL HIDL version: 12
03-20 00:39:54.249  2160  2160 V SystemServerTiming: OnBootPhase_480_com.android.server.devicepolicy.DevicePolicyManagerService$Lifecycle took to complete: 3ms
03-20 00:39:54.249  2160  2160 D SystemServerTiming: OnBootPhase_480_com.android.server.texttospeech.TextToSpeechManagerService
03-20 00:39:54.249  2160  2160 V SystemServerTiming: OnBootPhase_480_com.android.server.texttospeech.TextToSpeechManagerService took to complete: 0ms
03-20 00:39:54.249  2160  2917 D SystemServerTimingAsync: InitThreadPoolExec:DevicePolicyManager
03-20 00:39:54.249  2160  2917 D SystemServerInitThreadPool: Started executing DevicePolicyManager
03-20 00:39:54.249  2160  2160 D SystemServerTiming: OnBootPhase_480_com.android.server.ambientcontext.AmbientContextManagerService
03-20 00:39:54.249  2160  2160 V SystemServerTiming: OnBootPhase_480_com.android.server.ambientcontext.AmbientContextManagerService took to complete: 0ms
03-20 00:39:54.249  2160  2160 D SystemServerTiming: OnBootPhase_480_com.android.server.speech.SpeechRecognitionManagerService
