03-20 00:40:00.178  1264  2879 D RequestManager: [RequestManager.cpp: 278] [Loc_hal_worker(1264,2879)] writeToSocket: Wrote 4 bytes to the socket.
03-20 00:40:00.178  1264  2879 D RequestManager: [RequestManager.cpp: 268] [Loc_hal_worker(1264,2879)] writeToSocket: Buffer contents: 01 00 00 00 
03-20 00:40:00.178  1264  2879 D RequestManager: [RequestManager.cpp: 278] [Loc_hal_worker(1264,2879)] writeToSocket: Wrote 4 bytes to the socket.
03-20 00:40:00.178  1264  2879 D RequestManager: [RequestManager.cpp: 268] [Loc_hal_worker(1264,2879)] writeToSocket: Buffer contents: 10 92 A9 7A 7B 00 00 B4 
03-20 00:40:00.178  1264  2879 D RequestManager: [RequestManager.cpp: 278] [Loc_hal_worker(1264,2879)] writeToSocket: Wrote 8 bytes to the socket.
03-20 00:40:00.178  1947  2073 I qcrilNrd: Buffer size: 56
03-20 00:40:00.179  1947  2073 I qcrilNrd: Buffer contents: 1C 00 00 00 D0 7E A9 7A 7B 00 00 B4 00 00 00 B0 00 00 6F AD 00 00 00 08 33 46 30 30 37 46 46 46 00 00 00 00 00 00 00 00 00 00 00 00 FF FF FF FF FF FF FF FF 00 00 00 00 
03-20 00:40:00.179  1947  2073 I qcrilNrd: Buffer size: 12
03-20 00:40:00.179  1947  2073 I qcrilNrd: Buffer contents: 01 00 00 00 10 92 A9 7A 7B 00 00 B4 
03-20 00:40:00.180  1947  2836 I qcrilNrd: RIL Response bytes written:4
03-20 00:40:00.180  1264  2880 D RequestManager: [RequestManager.cpp: 341] [Loc_hal_worker(1264,2880)] listenForResponses: record_stream_get_next: recordLen: 385, ret: -1, errno: 11, errStr: Try again, socket fd: 32
03-20 00:40:00.180  1947  2836 I qcrilNrd: RIL Response bytes written:28
03-20 00:40:00.180  1264  2880 D RequestManager: [RequestManager.cpp: 341] [Loc_hal_worker(1264,2880)] listenForResponses: record_stream_get_next: recordLen: 28, ret: 0, errno: 0, errStr: Success, socket fd: 32
03-20 00:40:00.180  1264  2880 D RequestManager: [RequestManager.cpp: 358] [Loc_hal_worker(1264,2880)] listenForResponses: Got a response parcel
03-20 00:40:00.180  1264  2880 D RequestManager: [RequestManager.cpp: 483] [Loc_hal_worker(1264,2880)] issueRequest: Pushing a request to the queue.
03-20 00:40:00.180  1264  2880 D RequestManager: [RequestManager.cpp: 495] [Loc_hal_worker(1264,2880)] issueRequest: Pushed a request to the queue.
03-20 00:40:00.180  1264  2879 D RequestManager: [RequestManager.cpp: 135] [Loc_hal_worker(1264,2879)] listenForRequests: Got one or more requests.
03-20 00:40:00.180  1264  2879 D RequestManager: [RequestManager.cpp: 139] [Loc_hal_worker(1264,2879)] listenForRequests: Processing request with ID 11.
03-20 00:40:00.180  1264  2879 D RequestManager: [RequestManager.cpp: 167] [Loc_hal_worker(1264,2879)] listenForRequests: Sending request to the server.
03-20 00:40:00.180  1264  2879 D RequestManager: [RequestManager.cpp: 222] [Loc_hal_worker(1264,2879)] sendRequestToServer: Sending buffer of size 20
03-20 00:40:00.180  1264  2879 D RequestManager: [RequestManager.cpp: 268] [Loc_hal_worker(1264,2879)] writeToSocket: Buffer contents: 00 00 00 14 
03-20 00:40:00.180  1264  2879 D RequestManager: [RequestManager.cpp: 278] [Loc_hal_worker(1264,2879)] writeToSocket: Wrote 4 bytes to the socket.
03-20 00:40:00.180  1264  2879 D RequestManager: [RequestManager.cpp: 268] [Loc_hal_worker(1264,2879)] writeToSocket: Buffer contents: 0B 00 00 00 
03-20 00:40:00.180  1264  2879 D RequestManager: [RequestManager.cpp: 278] [Loc_hal_worker(1264,2879)] writeToSocket: Wrote 4 bytes to the socket.
03-20 00:40:00.180  1264  2879 D RequestManager: [RequestManager.cpp: 268] [Loc_hal_worker(1264,2879)] writeToSocket: Buffer contents: 50 8F A9 7A 7B 00 00 B4 
03-20 00:40:00.180  1264  2879 D RequestManager: [RequestManager.cpp: 278] [Loc_hal_worker(1264,2879)] writeToSocket: Wrote 8 bytes to the socket.
03-20 00:40:00.180  1264  2879 D RequestManager: [RequestManager.cpp: 268] [Loc_hal_worker(1264,2879)] writeToSocket: Buffer contents: 00 00 00 01 00 00 00 00 
03-20 00:40:00.180  1264  2879 D RequestManager: [RequestManager.cpp: 278] [Loc_hal_worker(1264,2879)] writeToSocket: Wrote 8 bytes to the socket.
03-20 00:40:00.180  1947  2073 I qcrilNrd: Buffer size: 20
03-20 00:40:00.180  1947  2073 I qcrilNrd: Buffer contents: 0B 00 00 00 50 8F A9 7A 7B 00 00 B4 00 00 00 01 00 00 00 00 
03-20 00:40:00.181  1947  2836 I qcrilNrd: RIL Response bytes written:4
03-20 00:40:00.181  1947  2836 I qcrilNrd: RIL Response bytes written:60
03-20 00:40:00.181  1264  2880 D RequestManager: [RequestManager.cpp: 341] [Loc_hal_worker(1264,2880)] listenForResponses: record_stream_get_next: recordLen: 60, ret: 0, errno: 0, errStr: Success, socket fd: 32
03-20 00:40:00.181  1264  2880 D RequestManager: [RequestManager.cpp: 358] [Loc_hal_worker(1264,2880)] listenForResponses: Got a response parcel
03-20 00:40:00.182  1264  2880 D RequestManager: [RequestManager.cpp: 483] [Loc_hal_worker(1264,2880)] issueRequest: Pushing a request to the queue.
03-20 00:40:00.182  1264  2880 D RequestManager: [RequestManager.cpp: 495] [Loc_hal_worker(1264,2880)] issueRequest: Pushed a request to the queue.
03-20 00:40:00.182  1947  2836 I qcrilNrd: RIL Response bytes written:4
03-20 00:40:00.182  1947  2836 I qcrilNrd: RIL Response bytes written:20
03-20 00:40:00.182  1264  2879 D RequestManager: [RequestManager.cpp: 135] [Loc_hal_worker(1264,2879)] listenForRequests: Got one or more requests.
03-20 00:40:00.182  1264  2879 D RequestManager: [RequestManager.cpp: 139] [Loc_hal_worker(1264,2879)] listenForRequests: Processing request with ID 28.
03-20 00:40:00.182  1264  2879 D RequestManager: [RequestManager.cpp: 167] [Loc_hal_worker(1264,2879)] listenForRequests: Sending request to the server.
03-20 00:40:00.182  1264  2879 D RequestManager: [RequestManager.cpp: 222] [Loc_hal_worker(1264,2879)] sendRequestToServer: Sending buffer of size 56
03-20 00:40:00.182  1264  2879 D RequestManager: [RequestManager.cpp: 268] [Loc_hal_worker(1264,2879)] writeToSocket: Buffer contents: 00 00 00 38 
03-20 00:40:00.182  1264  2880 D RequestManager: [RequestManager.cpp: 341] [Loc_hal_worker(1264,2880)] listenForResponses: record_stream_get_next: recordLen: 20, ret: 0, errno: 0, errStr: Success, socket fd: 32
03-20 00:40:00.182  1264  2879 D RequestManager: [RequestManager.cpp: 278] [Loc_hal_worker(1264,2879)] writeToSocket: Wrote 4 bytes to the socket.
03-20 00:40:00.182  1264  2880 D RequestManager: [RequestManager.cpp: 358] [Loc_hal_worker(1264,2880)] listenForResponses: Got a response parcel
03-20 00:40:00.182  1264  2879 D RequestManager: [RequestManager.cpp: 268] [Loc_hal_worker(1264,2879)] writeToSocket: Buffer contents: 1C 00 00 00 
03-20 00:40:00.182  1264  2879 D RequestManager: [RequestManager.cpp: 278] [Loc_hal_worker(1264,2879)] writeToSocket: Wrote 4 bytes to the socket.
03-20 00:40:00.182  1264  2879 D RequestManager: [RequestManager.cpp: 268] [Loc_hal_worker(1264,2879)] writeToSocket: Buffer contents: D0 7E A9 7A 7B 00 00 B4 
03-20 00:40:00.183  1264  2879 D RequestManager: [RequestManager.cpp: 278] [Loc_hal_worker(1264,2879)] writeToSocket: Wrote 8 bytes to the socket.
03-20 00:40:00.183  1264  2879 D RequestManager: [RequestManager.cpp: 268] [Loc_hal_worker(1264,2879)] writeToSocket: Buffer contents: 00 00 00 B0 00 00 6F AD 00 00 00 08 33 46 30 30 37 46 46 46 00 00 00 00 00 00 00 00 00 00 00 00 FF FF FF FF FF FF FF FF 00 00 00 00 
03-20 00:40:00.183  1947  2856 I qcrilNrd: RIL Response bytes written:4
03-20 00:40:00.183  1947  2856 I qcrilNrd: RIL Response bytes written:385
03-20 00:40:00.183  1947  2073 I qcrilNrd: Buffer size: 56
03-20 00:40:00.183  1947  2073 I qcrilNrd: Buffer contents: 1C 00 00 00 D0 7E A9 7A 7B 00 00 B4 00 00 00 B0 00 00 6F AD 00 00 00 08 33 46 30 30 37 46 46 46 00 00 00 00 00 00 00 00 00 00 00 00 FF FF FF FF FF FF FF FF 00 00 00 00 
03-20 00:40:00.183  1264  2880 D RequestManager: [RequestManager.cpp: 341] [Loc_hal_worker(1264,2880)] listenForResponses: record_stream_get_next: recordLen: 385, ret: 0, errno: 0, errStr: Success, socket fd: 32
03-20 00:40:00.183  1264  2880 D RequestManager: [RequestManager.cpp: 358] [Loc_hal_worker(1264,2880)] listenForResponses: Got a response parcel
03-20 00:40:00.183  1264  2879 D RequestManager: [RequestManager.cpp: 278] [Loc_hal_worker(1264,2879)] writeToSocket: Wrote 44 bytes to the socket.
03-20 00:40:00.185  1947  2836 I qcrilNrd: RIL Response bytes written:4
03-20 00:40:00.185  1947  2836 I qcrilNrd: RIL Response bytes written:28
03-20 00:40:00.185  1264  2880 D RequestManager: [RequestManager.cpp: 341] [Loc_hal_worker(1264,2880)] listenForResponses: record_stream_get_next: recordLen: 28, ret: 0, errno: 0, errStr: Success, socket fd: 32
03-20 00:40:00.185  1264  2880 D RequestManager: [RequestManager.cpp: 358] [Loc_hal_worker(1264,2880)] listenForResponses: Got a response parcel
03-20 00:40:00.185  1264  2880 D RequestManager: [RequestManager.cpp: 483] [Loc_hal_worker(1264,2880)] issueRequest: Pushing a request to the queue.
03-20 00:40:00.185  1264  2880 D RequestManager: [RequestManager.cpp: 495] [Loc_hal_worker(1264,2880)] issueRequest: Pushed a request to the queue.
03-20 00:40:00.186  1264  2879 D RequestManager: [RequestManager.cpp: 135] [Loc_hal_worker(1264,2879)] listenForRequests: Got one or more requests.
03-20 00:40:00.186  1264  2879 D RequestManager: [RequestManager.cpp: 139] [Loc_hal_worker(1264,2879)] listenForRequests: Processing request with ID 11.
03-20 00:40:00.186  1264  2879 D RequestManager: [RequestManager.cpp: 167] [Loc_hal_worker(1264,2879)] listenForRequests: Sending request to the server.
03-20 00:40:00.186  1264  2879 D RequestManager: [RequestManager.cpp: 222] [Loc_hal_worker(1264,2879)] sendRequestToServer: Sending buffer of size 20
03-20 00:40:00.186  1264  2879 D RequestManager: [RequestManager.cpp: 268] [Loc_hal_worker(1264,2879)] writeToSocket: Buffer contents: 00 00 00 14 
03-20 00:40:00.186  1264  2879 D RequestManager: [RequestManager.cpp: 278] [Loc_hal_worker(1264,2879)] writeToSocket: Wrote 4 bytes to the socket.
03-20 00:40:00.186  1264  2879 D RequestManager: [RequestManager.cpp: 268] [Loc_hal_worker(1264,2879)] writeToSocket: Buffer contents: 0B 00 00 00 
03-20 00:40:00.186  1264  2879 D RequestManager: [RequestManager.cpp: 278] [Loc_hal_worker(1264,2879)] writeToSocket: Wrote 4 bytes to the socket.
03-20 00:40:00.186  1264  2879 D RequestManager: [RequestManager.cpp: 268] [Loc_hal_worker(1264,2879)] writeToSocket: Buffer contents: 10 92 A9 7A 7B 00 00 B4 
03-20 00:40:00.187  1264  2879 D RequestManager: [RequestManager.cpp: 278] [Loc_hal_worker(1264,2879)] writeToSocket: Wrote 8 bytes to the socket.
03-20 00:40:00.187  1264  2879 D RequestManager: [RequestManager.cpp: 268] [Loc_hal_worker(1264,2879)] writeToSocket: Buffer contents: 00 00 00 01 00 00 00 00 
03-20 00:40:00.187  1947  2073 I qcrilNrd: Buffer size: 20
03-20 00:40:00.187  1947  2073 I qcrilNrd: Buffer contents: 0B 00 00 00 10 92 A9 7A 7B 00 00 B4 00 00 00 01 00 00 00 00 
03-20 00:40:00.187  1264  2879 D RequestManager: [RequestManager.cpp: 278] [Loc_hal_worker(1264,2879)] writeToSocket: Wrote 8 bytes to the socket.
03-20 00:40:00.187  1947  2856 I qcrilNrd: RIL Response bytes written:4
03-20 00:40:00.187  1947  2856 I qcrilNrd: RIL Response bytes written:385
03-20 00:40:00.187  1264  2880 D RequestManager: [RequestManager.cpp: 341] [Loc_hal_worker(1264,2880)] listenForResponses: record_stream_get_next: recordLen: 385, ret: 0, errno: 0, errStr: Success, socket fd: 32
03-20 00:40:00.187  1264  2880 D RequestManager: [RequestManager.cpp: 358] [Loc_hal_worker(1264,2880)] listenForResponses: Got a response parcel
03-20 00:40:00.188  1947  2836 I qcrilNrd: RIL Response bytes written:4
03-20 00:40:00.188  1947  2836 I qcrilNrd: RIL Response bytes written:20
03-20 00:40:00.188  1264  2880 D RequestManager: [RequestManager.cpp: 341] [Loc_hal_worker(1264,2880)] listenForResponses: record_stream_get_next: recordLen: 20, ret: 0, errno: 0, errStr: Success, socket fd: 32
03-20 00:40:00.188  1264  2880 D RequestManager: [RequestManager.cpp: 358] [Loc_hal_worker(1264,2880)] listenForResponses: Got a response parcel
03-20 00:40:00.730  3925  3925 W TelephonyComponentFactory: Injection jar is not protected , path: /system/framework/qti-telephony-common.jarstatvfs failed: ENOENT (No such file or directory)
03-20 00:40:00.730  3925  3925 W TelephonyComponentFactory: Injection jar is not protected , path: /product/framework/qti-telephony-common.jarstatvfs failed: ENOENT (No such file or directory)
03-20 00:40:00.730  3925  3925 W TelephonyComponentFactory: Injection jar is not protected , path: /product/framework/qti-telephony-hidl-wrapper.jarstatvfs failed: ENOENT (No such file or directory)
03-20 00:40:00.730  3925  3925 W TelephonyComponentFactory: Injection jar is not protected , path: /product/framework/qti-telephony-utils.jarstatvfs failed: ENOENT (No such file or directory)
03-20 00:40:00.730  3925  3925 W TelephonyComponentFactory: Injection jar is not protected , path: /system/framework/qti-telephony-utils.jarstatvfs failed: ENOENT (No such file or directory)
03-20 00:40:00.730  3925  3925 D TelephonyComponentFactory: validated paths: /system_ext/framework/qti-telephony-common.jar:/system_ext/framework/qti-telephony-hidl-wrapper.jar:/system_ext/framework/qti-telephony-utils.jar:/system_ext/framework/extphonelib.jar:/product/framework/ims-ext-common.jar
03-20 00:40:00.750  3925  3925 W TelephonyComponentFactory: Injection jar is not protected , path: /system/framework/qti-telephony-common.jarstatvfs failed: ENOENT (No such file or directory)
03-20 00:40:00.750  3925  3925 W TelephonyComponentFactory: Injection jar is not protected , path: /product/framework/qti-telephony-common.jarstatvfs failed: ENOENT (No such file or directory)
03-20 00:40:00.750  3925  3925 W TelephonyComponentFactory: Injection jar is not protected , path: /product/framework/qti-telephony-hidl-wrapper.jarstatvfs failed: ENOENT (No such file or directory)
03-20 00:40:00.750  3925  3925 W TelephonyComponentFactory: Injection jar is not protected , path: /product/framework/qti-telephony-utils.jarstatvfs failed: ENOENT (No such file or directory)
03-20 00:40:00.750  3925  3925 W TelephonyComponentFactory: Injection jar is not protected , path: /system/framework/qti-telephony-utils.jarstatvfs failed: ENOENT (No such file or directory)
03-20 00:40:00.750  3925  3925 D TelephonyComponentFactory: Total components injected: 19
03-20 00:40:00.750  3925  3925 D TDC     : updateOrInsert: inserting: Modem { uuid=modem, state=0, rilModel=0, rat={}, maxActiveVoiceCall=1, maxActiveDataCall=1, maxStandby=1 }
03-20 00:40:00.751  3925  3925 D TDC     : updateOrInsert: inserting: Sim { uuid=sim, modemUuid=modem, state=0 }
03-20 00:40:00.752  3925  3925 D PersistAtomsStorage: PersistAtoms file not found
03-20 00:40:00.752  3925  3925 D PersistAtomsStorage: created new PersistAtoms
03-20 00:40:00.757  3925  3925 D MetricsCollector: registered
03-20 00:40:00.759  3925  3925 D CdmaSSM : subscriptionSource from settings: 0
03-20 00:40:00.759  3925  3925 I PhoneFactory: Cdma Subscription set to 0
03-20 00:40:00.759  3925  3925 I PhoneFactory: Network Mode set to 33
03-20 00:40:00.759  3925  3925 D QtiTelephonyComponentFactory: makeQtiRIL
03-20 00:40:00.759  3925  3925 D RILJ    : RIL: init allowedNetworkTypes=916479 cdmaSubscription=0) [PHONEnull]
03-20 00:40:00.766  3925  3925 D RadioModemProxy: AIDL initialized
03-20 00:40:00.769  3925  3925 D RILJ    : [0000]> GET_HARDWARE_CONFIG [PHONE0]
03-20 00:40:00.769  1947  1947 I qcrilNrd: currentState() -> Radio On(10)
03-20 00:40:00.770  1947  1947 I qcrilNrd: RIL Response bytes written:4
03-20 00:40:00.770  1947  1947 I qcrilNrd: RIL Response bytes written:12
03-20 00:40:00.771  1264  2880 D RequestManager: [RequestManager.cpp: 341] [Loc_hal_worker(1264,2880)] listenForResponses: record_stream_get_next: recordLen: 12, ret: 0, errno: 0, errStr: Success, socket fd: 32
03-20 00:40:00.771  1264  2880 D RequestManager: [RequestManager.cpp: 358] [Loc_hal_worker(1264,2880)] listenForResponses: Got a response parcel
03-20 00:40:00.771  3925  3971 D RILJ    : [0000]< GET_HARDWARE_CONFIG error 6 [PHONE0]
03-20 00:40:00.771  3925  3971 D RilRequest: [0000]< GET_HARDWARE_CONFIG error: com.android.internal.telephony.CommandException: REQUEST_NOT_SUPPORTED ret=  result=null
03-20 00:40:00.771  3925  3925 D RadioDataProxy: AIDL initialized
03-20 00:40:00.773  3925  3925 D RadioMessagingProxy: AIDL initialized
03-20 00:40:00.775  3925  3925 D RadioNetworkProxy: AIDL initialized
03-20 00:40:00.779  3925  3925 D RadioSimProxy: AIDL initialized
03-20 00:40:00.781  3925  3925 D RadioVoiceProxy: AIDL initialized
03-20 00:40:00.782  3925  3925 D RILJ    : Radio HAL version: 2.0 [PHONE0]
03-20 00:40:00.782  3925  3925 D QTIRILJ : QtiRIL
03-20 00:40:00.782  3925  5670 D RILJ    : Unsol response received; Sending ack to ril.cpp [PHONE0]
03-20 00:40:00.782  3925  5670 D RILJ    : [UNSL]< UNSOL_RIL_CONNECTED [PHONE0]
03-20 00:40:00.783  3925  5670 D RILJ    : [0002]> RADIO_POWER on = false forEmergencyCall= false preferredForEmergencyCall=false [PHONE0]
03-20 00:40:00.784  3925  5670 D RILJ    : [0003]> CDMA_SET_SUBSCRIPTION_SOURCE cdmaSubscription = 0 [PHONE0]
03-20 00:40:00.784  1947  2856 I qcrilNrd: RIL Response bytes written:4
03-20 00:40:00.784  3925  4007 D RILJ    : [UNSL]< UNSOL_EMERGENCY_NUMBER_LIST [EmergencyNumber:Number-*911|CountryIso-|Mnc-|ServiceCategories-0|Urns-[]|Sources-1000|Routing-0, EmergencyNumber:Number-112|CountryIso-|Mnc-|ServiceCategories-0|Urns-[]|Sources-1000|Routing-0, EmergencyNumber:Number-911|CountryIso-|Mnc-|ServiceCategories-0|Urns-[]|Sources-1000|Routing-0, EmergencyNumber:Number-000|CountryIso-|Mnc-|ServiceCategories-0|Urns-[]|Sources-1000|Routing-0, EmergencyNumber:Number-999|CountryIso-|Mnc-|ServiceCategories-0|Urns-[]|Sources-1000|Routing-0, EmergencyNumber:Number-#911|CountryIso-|Mnc-|ServiceCategories-0|Urns-[]|Sources-1000|Routing-0, EmergencyNumber:Number-110|CountryIso-|Mnc-|ServiceCategories-0|Urns-[]|Sources-1000|Routing-0, EmergencyNumber:Number-118|CountryIso-|Mnc-|ServiceCategories-0|Urns-[]|Sources-1000|Routing-0, EmergencyNumber:Number-08|CountryIso-|Mnc-|ServiceCategories-0|Urns-[]|Sources-1000|Routing-0, EmergencyNumber:Number-119|CountryIso-|Mnc-|ServiceCategories-0|Urns-[]|Sources-1000|Routing-0, EmergencyNumber:Number-120|CountryIso-|Mnc-|ServiceCategories-0|Urns-[]|Sources-100|Routing-0, EmergencyNumber:Number-122|CountryIso-|Mnc-|ServiceCategories-0|Urns-[]|Sources-100|Routing-0] [PHONE0]
03-20 00:40:00.784  1947  2856 I qcrilNrd: RIL Response bytes written:385
03-20 00:40:00.785  3925  5670 D RILJ    : Unsol response received; Sending ack to ril.cpp [PHONE0]
03-20 00:40:00.785  3925  5670 D RILJ    : [UNSL]< UNSOL_RESPONSE_RADIO_STATE_CHANGED radioStateChanged: 1 [PHONE0]
03-20 00:40:00.785  1264  2880 D RequestManager: [RequestManager.cpp: 341] [Loc_hal_worker(1264,2880)] listenForResponses: record_stream_get_next: recordLen: 385, ret: 0, errno: 0, errStr: Success, socket fd: 32
03-20 00:40:00.785  1264  2880 D RequestManager: [RequestManager.cpp: 358] [Loc_hal_worker(1264,2880)] listenForResponses: Got a response parcel
03-20 00:40:00.788  3925  3925 I PhoneFactory: Network Mode set to 33
03-20 00:40:00.788  3925  3925 D QtiTelephonyComponentFactory: makeQtiRIL
03-20 00:40:00.788  3925  3925 D RILJ    : RIL: init allowedNetworkTypes=916479 cdmaSubscription=0) [PHONEnull]
03-20 00:40:00.790  3925  3925 D RadioModemProxy: AIDL initialized
03-20 00:40:00.791  3925  3925 D RILJ    : [0005]> GET_HARDWARE_CONFIG [PHONE1]
03-20 00:40:00.794  1963  1963 I qcrilNrd: currentState() -> Radio On(10)
03-20 00:40:00.794  1963  1963 I qcrilNrd: RIL Response bytes written:4
03-20 00:40:00.794  1963  1963 I qcrilNrd: RIL Response bytes written:12
03-20 00:40:00.794  1264  2882 D RequestManager: [RequestManager.cpp: 341] [Loc_hal_worker(1264,2882)] listenForResponses: record_stream_get_next: recordLen: 12, ret: 0, errno: 0, errStr: Success, socket fd: 33
03-20 00:40:00.794  1264  2882 D RequestManager: [RequestManager.cpp: 358] [Loc_hal_worker(1264,2882)] listenForResponses: Got a response parcel
03-20 00:40:00.795  3925  4007 D RILJ    : [0005]< GET_HARDWARE_CONFIG error 6 [PHONE1]
03-20 00:40:00.795  3925  4007 D RilRequest: [0005]< GET_HARDWARE_CONFIG error: com.android.internal.telephony.CommandException: REQUEST_NOT_SUPPORTED ret=  result=null
03-20 00:40:00.795  3925  3925 D RadioDataProxy: AIDL initialized
03-20 00:40:00.797  3925  4007 D RILJ    : [0003]< CDMA_SET_SUBSCRIPTION_SOURCE error 6 [PHONE0]
03-20 00:40:00.797  3925  4007 D RilRequest: [0003]< CDMA_SET_SUBSCRIPTION_SOURCE error: com.android.internal.telephony.CommandException: REQUEST_NOT_SUPPORTED ret= result=null
03-20 00:40:00.798  3925  3925 D RadioMessagingProxy: AIDL initialized
03-20 00:40:00.799  3925  3925 D RadioNetworkProxy: AIDL initialized
03-20 00:40:00.800  3925  3925 D RadioSimProxy: AIDL initialized
03-20 00:40:00.801  3925  3925 D RadioVoiceProxy: AIDL initialized
03-20 00:40:00.801  3925  3925 D RILJ    : Radio HAL version: 2.0 [PHONE1]
03-20 00:40:00.801  3925  3925 D QTIRILJ : QtiRIL
03-20 00:40:00.802  3925  5670 D RILJ    : Unsol response received; Sending ack to ril.cpp [PHONE1]
03-20 00:40:00.802  3925  5670 D RILJ    : [UNSL]< UNSOL_RIL_CONNECTED [PHONE1]
03-20 00:40:00.802  3925  5670 D RILJ    : [0007]> RADIO_POWER on = false forEmergencyCall= false preferredForEmergencyCall=false [PHONE1]
03-20 00:40:00.803  3925  5670 D RILJ    : [0008]> CDMA_SET_SUBSCRIPTION_SOURCE cdmaSubscription = 0 [PHONE1]
03-20 00:40:00.805  3925  5672 D RILJ    : Unsol response received; Sending ack to ril.cpp [PHONE1]
03-20 00:40:00.805  3925  5672 D RILJ    : [UNSL]< UNSOL_RESPONSE_RADIO_STATE_CHANGED radioStateChanged: 1 [PHONE1]
03-20 00:40:00.806  3925  4007 D RILJ    : [UNSL]< UNSOL_EMERGENCY_NUMBER_LIST [EmergencyNumber:Number-911|CountryIso-|Mnc-|ServiceCategories-0|Urns-[]|Sources-1000|Routing-0, EmergencyNumber:Number-*911|CountryIso-|Mnc-|ServiceCategories-0|Urns-[]|Sources-1000|Routing-0, EmergencyNumber:Number-112|CountryIso-|Mnc-|ServiceCategories-0|Urns-[]|Sources-1000|Routing-0, EmergencyNumber:Number-000|CountryIso-|Mnc-|ServiceCategories-0|Urns-[]|Sources-1000|Routing-0, EmergencyNumber:Number-119|CountryIso-|Mnc-|ServiceCategories-0|Urns-[]|Sources-1000|Routing-0, EmergencyNumber:Number-118|CountryIso-|Mnc-|ServiceCategories-0|Urns-[]|Sources-1000|Routing-0, EmergencyNumber:Number-#911|CountryIso-|Mnc-|ServiceCategories-0|Urns-[]|Sources-1000|Routing-0, EmergencyNumber:Number-08|CountryIso-|Mnc-|ServiceCategories-0|Urns-[]|Sources-1000|Routing-0, EmergencyNumber:Number-110|CountryIso-|Mnc-|ServiceCategories-0|Urns-[]|Sources-1000|Routing-0, EmergencyNumber:Number-999|CountryIso-|Mnc-|ServiceCategories-0|Urns-[]|Sources-1000|Routing-0] [PHONE1]
03-20 00:40:00.806  1963  2854 I qcrilNrd: RIL Response bytes written:4
03-20 00:40:00.806  1963  2854 I qcrilNrd: RIL Response bytes written:323
03-20 00:40:00.806  1264  2882 D RequestManager: [RequestManager.cpp: 341] [Loc_hal_worker(1264,2882)] listenForResponses: record_stream_get_next: recordLen: 12, ret: -1, errno: 11, errStr: Try again, socket fd: 33
03-20 00:40:00.806  1264  2882 D RequestManager: [RequestManager.cpp: 341] [Loc_hal_worker(1264,2882)] listenForResponses: record_stream_get_next: recordLen: 323, ret: 0, errno: 0, errStr: Success, socket fd: 33
03-20 00:40:00.806  1264  2882 D RequestManager: [RequestManager.cpp: 358] [Loc_hal_worker(1264,2882)] listenForResponses: Got a response parcel
03-20 00:40:00.809  3925  3925 D UiccController: Creating UiccController
03-20 00:40:00.809  3925  3925 D UiccController: config_num_physical_slots = 2
03-20 00:40:00.815  3925  5691 D RadioConfig: [0010]> GET_HAL_DEVICE_CAPABILITIES
03-20 00:40:00.815  3925  5691 E RadioInterfaceCapabilityController: getRadioInterfaceCapabilities: Radio Capabilities not loaded in time
03-20 00:40:00.817  3925  3925 D PinStorage: KeyStore: alias PinStorage_longTerm_always_key does not exist - Creating (exp=, auth=false)
03-20 00:40:00.818  3925  5670 D RILUtils: Radio Hal Version = 2.0
03-20 00:40:00.818  3925  5670 D RILUtils: CAPABILITY_USES_ALLOWED_NETWORK_TYPES_BITMASK
03-20 00:40:00.818  3925  5670 D RILUtils: CAPABILITY_SIM_PHONEBOOK_IN_MODEM
03-20 00:40:00.818  3925  5670 D RadioConfigResponseAidl: [0010]< GET_HAL_DEVICE_CAPABILITIES
03-20 00:40:00.818  3925  5691 D RadioInterfaceCapabilityController: setupRadioInterfaceCapabilities: mRadioInterfaceCapabilities now setup
03-20 00:40:00.827  3925  5672 D RILJ    : [0008]< CDMA_SET_SUBSCRIPTION_SOURCE error 6 [PHONE1]
03-20 00:40:00.827  3925  5672 D RilRequest: [0008]< CDMA_SET_SUBSCRIPTION_SOURCE error: com.android.internal.telephony.CommandException: REQUEST_NOT_SUPPORTED ret= result=null
03-20 00:40:00.829  3925  5672 D RILJ    : [0007]< RADIO_POWER  [PHONE1]
03-20 00:40:00.830  1963  3254 I qcrilNrd: currentState() -> Radio On(10)
03-20 00:40:00.831  1963  3254 I qcrilNrd: RIL Response bytes written:4
03-20 00:40:00.831  1963  3254 I qcrilNrd: RIL Response bytes written:12
03-20 00:40:00.831  1264  2882 D RequestManager: [RequestManager.cpp: 341] [Loc_hal_worker(1264,2882)] listenForResponses: record_stream_get_next: recordLen: 12, ret: 0, errno: 0, errStr: Success, socket fd: 33
03-20 00:40:00.831  1264  2882 D RequestManager: [RequestManager.cpp: 358] [Loc_hal_worker(1264,2882)] listenForResponses: Got a response parcel
03-20 00:40:00.832  3925  3971 D RILJ    : [0002]< RADIO_POWER  [PHONE0]
03-20 00:40:00.833  1947  5683 I qcrilNrd: currentState() -> Radio On(10)
03-20 00:40:00.834  1947  5683 I qcrilNrd: RIL Response bytes written:4
03-20 00:40:00.834  1947  5683 I qcrilNrd: RIL Response bytes written:12
03-20 00:40:00.835  1947  5683 I qcrilNrd: RIL Response bytes written:4
03-20 00:40:00.835  1947  5683 I qcrilNrd: RIL Response bytes written:8
03-20 00:40:00.836  3925  3925 D PinStorage: onDeviceReady
03-20 00:40:00.836  1264  2880 D RequestManager: [RequestManager.cpp: 341] [Loc_hal_worker(1264,2880)] listenForResponses: record_stream_get_next: recordLen: 12, ret: 0, errno: 0, errStr: Success, socket fd: 32
03-20 00:40:00.836  1264  2880 D RequestManager: [RequestManager.cpp: 358] [Loc_hal_worker(1264,2880)] listenForResponses: Got a response parcel
03-20 00:40:00.836  1264  2880 D RequestManager: [RequestManager.cpp: 341] [Loc_hal_worker(1264,2880)] listenForResponses: record_stream_get_next: recordLen: 8, ret: 0, errno: 0, errStr: Success, socket fd: 32
03-20 00:40:00.836  1264  2880 D RequestManager: [RequestManager.cpp: 358] [Loc_hal_worker(1264,2880)] listenForResponses: Got a response parcel
03-20 00:40:00.837  1264  2880 D RequestManager: [RequestManager.cpp: 483] [Loc_hal_worker(1264,2880)] issueRequest: Pushing a request to the queue.
03-20 00:40:00.837  1264  2880 D RequestManager: [RequestManager.cpp: 495] [Loc_hal_worker(1264,2880)] issueRequest: Pushed a request to the queue.
03-20 00:40:00.837  1963  3254 I qcrilNrd: RIL Response bytes written:4
03-20 00:40:00.837  3925  3925 D PinStorage: KeyStore: alias PinStorage_shortTerm_key does not exist - Nothing to do
03-20 00:40:00.837  1963  3254 I qcrilNrd: RIL Response bytes written:8
03-20 00:40:00.837  1264  2879 D RequestManager: [RequestManager.cpp: 135] [Loc_hal_worker(1264,2879)] listenForRequests: Got one or more requests.
03-20 00:40:00.837  1264  2879 D RequestManager: [RequestManager.cpp: 139] [Loc_hal_worker(1264,2879)] listenForRequests: Processing request with ID 1.
03-20 00:40:00.837  1264  2879 D RequestManager: [RequestManager.cpp: 167] [Loc_hal_worker(1264,2879)] listenForRequests: Sending request to the server.
03-20 00:40:00.837  1264  2879 D RequestManager: [RequestManager.cpp: 222] [Loc_hal_worker(1264,2879)] sendRequestToServer: Sending buffer of size 12
03-20 00:40:00.837  1264  2879 D RequestManager: [RequestManager.cpp: 268] [Loc_hal_worker(1264,2879)] writeToSocket: Buffer contents: 00 00 00 0C 
03-20 00:40:00.837  1264  2879 D RequestManager: [RequestManager.cpp: 278] [Loc_hal_worker(1264,2879)] writeToSocket: Wrote 4 bytes to the socket.
03-20 00:40:00.837  1264  2879 D RequestManager: [RequestManager.cpp: 268] [Loc_hal_worker(1264,2879)] writeToSocket: Buffer contents: 01 00 00 00 
03-20 00:40:00.837  1264  2879 D RequestManager: [RequestManager.cpp: 278] [Loc_hal_worker(1264,2879)] writeToSocket: Wrote 4 bytes to the socket.
03-20 00:40:00.837  1264  2879 D RequestManager: [RequestManager.cpp: 268] [Loc_hal_worker(1264,2879)] writeToSocket: Buffer contents: 50 21 A9 7A 7B 00 00 B4 
03-20 00:40:00.837  1264  2879 D RequestManager: [RequestManager.cpp: 278] [Loc_hal_worker(1264,2879)] writeToSocket: Wrote 8 bytes to the socket.
03-20 00:40:00.837  1947  2073 I qcrilNrd: Buffer size: 12
03-20 00:40:00.837  1947  2073 I qcrilNrd: Buffer contents: 01 00 00 00 50 21 A9 7A 7B 00 00 B4 
03-20 00:40:00.837  1264  2882 D RequestManager: [RequestManager.cpp: 341] [Loc_hal_worker(1264,2882)] listenForResponses: record_stream_get_next: recordLen: 8, ret: 0, errno: 0, errStr: Success, socket fd: 33
03-20 00:40:00.837  1264  2882 D RequestManager: [RequestManager.cpp: 358] [Loc_hal_worker(1264,2882)] listenForResponses: Got a response parcel
03-20 00:40:00.838  1264  1332 D RequestManager: [RequestManager.cpp: 483] [Loc_hal_worker(1264,1332)] issueRequest: Pushing a request to the queue.
03-20 00:40:00.838  1947  2836 I qcrilNrd: RIL Response bytes written:4
03-20 00:40:00.838  1947  2836 I qcrilNrd: RIL Response bytes written:60
03-20 00:40:00.838  1264  1332 D RequestManager: [RequestManager.cpp: 495] [Loc_hal_worker(1264,1332)] issueRequest: Pushed a request to the queue.
03-20 00:40:00.838  1264  2881 D RequestManager: [RequestManager.cpp: 135] [Loc_hal_worker(1264,2881)] listenForRequests: Got one or more requests.
03-20 00:40:00.838  1264  2881 D RequestManager: [RequestManager.cpp: 139] [Loc_hal_worker(1264,2881)] listenForRequests: Processing request with ID 108.
03-20 00:40:00.838  1264  2880 D RequestManager: [RequestManager.cpp: 341] [Loc_hal_worker(1264,2880)] listenForResponses: record_stream_get_next: recordLen: 60, ret: 0, errno: 0, errStr: Success, socket fd: 32
03-20 00:40:00.838  1264  2881 D RequestManager: [RequestManager.cpp: 167] [Loc_hal_worker(1264,2881)] listenForRequests: Sending request to the server.
03-20 00:40:00.838  1264  2881 D RequestManager: [RequestManager.cpp: 222] [Loc_hal_worker(1264,2881)] sendRequestToServer: Sending buffer of size 12
03-20 00:40:00.838  1264  2880 D RequestManager: [RequestManager.cpp: 358] [Loc_hal_worker(1264,2880)] listenForResponses: Got a response parcel
03-20 00:40:00.839  1264  2881 D RequestManager: [RequestManager.cpp: 268] [Loc_hal_worker(1264,2881)] writeToSocket: Buffer contents: 00 00 00 0C 
03-20 00:40:00.839  1264  2880 D RequestManager: [RequestManager.cpp: 483] [Loc_hal_worker(1264,2880)] issueRequest: Pushing a request to the queue.
03-20 00:40:00.839  1264  2881 D RequestManager: [RequestManager.cpp: 278] [Loc_hal_worker(1264,2881)] writeToSocket: Wrote 4 bytes to the socket.
03-20 00:40:00.839  1264  2881 D RequestManager: [RequestManager.cpp: 268] [Loc_hal_worker(1264,2881)] writeToSocket: Buffer contents: 6C 00 00 00 
03-20 00:40:00.839  1264  2880 D RequestManager: [RequestManager.cpp: 495] [Loc_hal_worker(1264,2880)] issueRequest: Pushed a request to the queue.
03-20 00:40:00.839  1264  2881 D RequestManager: [RequestManager.cpp: 278] [Loc_hal_worker(1264,2881)] writeToSocket: Wrote 4 bytes to the socket.
03-20 00:40:00.839  1264  2881 D RequestManager: [RequestManager.cpp: 268] [Loc_hal_worker(1264,2881)] writeToSocket: Buffer contents: 50 95 A9 7A 7B 00 00 B4 
03-20 00:40:00.839  1264  2881 D RequestManager: [RequestManager.cpp: 278] [Loc_hal_worker(1264,2881)] writeToSocket: Wrote 8 bytes to the socket.
03-20 00:40:00.839  1264  2879 D RequestManager: [RequestManager.cpp: 135] [Loc_hal_worker(1264,2879)] listenForRequests: Got one or more requests.
03-20 00:40:00.839  1264  2881 D RequestManager: [RequestManager.cpp: 268] [Loc_hal_worker(1264,2881)] writeToSocket: Buffer contents: 
03-20 00:40:00.839  1264  2879 D RequestManager: [RequestManager.cpp: 139] [Loc_hal_worker(1264,2879)] listenForRequests: Processing request with ID 28.
03-20 00:40:00.839  1264  2879 D RequestManager: [RequestManager.cpp: 167] [Loc_hal_worker(1264,2879)] listenForRequests: Sending request to the server.
03-20 00:40:00.839  1264  1332 D RequestManager: [RequestManager.cpp: 483] [Loc_hal_worker(1264,1332)] issueRequest: Pushing a request to the queue.
03-20 00:40:00.839  1264  2879 D RequestManager: [RequestManager.cpp: 222] [Loc_hal_worker(1264,2879)] sendRequestToServer: Sending buffer of size 56
03-20 00:40:00.839  1264  2879 D RequestManager: [RequestManager.cpp: 268] [Loc_hal_worker(1264,2879)] writeToSocket: Buffer contents: 00 00 00 38 
03-20 00:40:00.839  1963  2146 I qcrilNrd: Buffer size: 12
03-20 00:40:00.839  1264  2879 D RequestManager: [RequestManager.cpp: 278] [Loc_hal_worker(1264,2879)] writeToSocket: Wrote 4 bytes to the socket.
03-20 00:40:00.839  1963  2146 I qcrilNrd: Buffer contents: 6C 00 00 00 50 95 A9 7A 7B 00 00 B4 
03-20 00:40:00.839  1264  2879 D RequestManager: [RequestManager.cpp: 268] [Loc_hal_worker(1264,2879)] writeToSocket: Buffer contents: 1C 00 00 00 
03-20 00:40:00.839  1264  2879 D RequestManager: [RequestManager.cpp: 278] [Loc_hal_worker(1264,2879)] writeToSocket: Wrote 4 bytes to the socket.
03-20 00:40:00.839  1264  2879 D RequestManager: [RequestManager.cpp: 268] [Loc_hal_worker(1264,2879)] writeToSocket: Buffer contents: 50 8F A9 7A 7B 00 00 B4 
03-20 00:40:00.839  1264  2879 D RequestManager: [RequestManager.cpp: 278] [Loc_hal_worker(1264,2879)] writeToSocket: Wrote 8 bytes to the socket.
03-20 00:40:00.839  1264  1332 D RequestManager: [RequestManager.cpp: 495] [Loc_hal_worker(1264,1332)] issueRequest: Pushed a request to the queue.
03-20 00:40:00.839  1264  2881 D RequestManager: [RequestManager.cpp: 135] [Loc_hal_worker(1264,2881)] listenForRequests: Got one or more requests.
03-20 00:40:00.839  1264  2879 D RequestManager: [RequestManager.cpp: 268] [Loc_hal_worker(1264,2879)] writeToSocket: Buffer contents: 00 00 00 B0 00 00 6F AD 00 00 00 08 33 46 30 30 37 46 46 46 00 00 00 00 00 00 00 00 00 00 00 00 FF FF FF FF FF FF FF FF 00 00 00 00 
03-20 00:40:00.839  1264  2879 D RequestManager: [RequestManager.cpp: 278] [Loc_hal_worker(1264,2879)] writeToSocket: Wrote 44 bytes to the socket.
03-20 00:40:00.839  1264  2881 D RequestManager: [RequestManager.cpp: 139] [Loc_hal_worker(1264,2881)] listenForRequests: Processing request with ID 20.
03-20 00:40:00.839  1264  1332 D RequestManager: [RequestManager.cpp: 483] [Loc_hal_worker(1264,1332)] issueRequest: Pushing a request to the queue.
03-20 00:40:00.839  1264  2881 D RequestManager: [RequestManager.cpp: 167] [Loc_hal_worker(1264,2881)] listenForRequests: Sending request to the server.
03-20 00:40:00.839  1264  2881 D RequestManager: [RequestManager.cpp: 222] [Loc_hal_worker(1264,2881)] sendRequestToServer: Sending buffer of size 12
03-20 00:40:00.839  1264  2881 D RequestManager: [RequestManager.cpp: 268] [Loc_hal_worker(1264,2881)] writeToSocket: Buffer contents: 00 00 00 0C 
03-20 00:40:00.839  1264  1332 D RequestManager: [RequestManager.cpp: 495] [Loc_hal_worker(1264,1332)] issueRequest: Pushed a request to the queue.
03-20 00:40:00.839  1264  1332 D RequestManager: [RequestManager.cpp: 483] [Loc_hal_worker(1264,1332)] issueRequest: Pushing a request to the queue.
03-20 00:40:00.839  1264  1332 D RequestManager: [RequestManager.cpp: 495] [Loc_hal_worker(1264,1332)] issueRequest: Pushed a request to the queue.
03-20 00:40:00.839  1947  2073 I qcrilNrd: Buffer size: 56
03-20 00:40:00.839  1947  2073 I qcrilNrd: Buffer contents: 1C 00 00 00 50 8F A9 7A 7B 00 00 B4 00 00 00 B0 00 00 6F AD 00 00 00 08 33 46 30 30 37 46 46 46 00 00 00 00 00 00 00 00 00 00 00 00 FF FF FF FF FF FF FF FF 00 00 00 00 
03-20 00:40:00.839  1264  1332 D RequestManager: [RequestManager.cpp: 483] [Loc_hal_worker(1264,1332)] issueRequest: Pushing a request to the queue.
03-20 00:40:00.839  1264  1332 D RequestManager: [RequestManager.cpp: 495] [Loc_hal_worker(1264,1332)] issueRequest: Pushed a request to the queue.
03-20 00:40:00.839  1264  1332 D RequestManager: [RequestManager.cpp: 483] [Loc_hal_worker(1264,1332)] issueRequest: Pushing a request to the queue.
03-20 00:40:00.839  1264  2881 D RequestManager: [RequestManager.cpp: 278] [Loc_hal_worker(1264,2881)] writeToSocket: Wrote 4 bytes to the socket.
03-20 00:40:00.840  1264  1332 D RequestManager: [RequestManager.cpp: 495] [Loc_hal_worker(1264,1332)] issueRequest: Pushed a request to the queue.
03-20 00:40:00.840  1264  2881 D RequestManager: [RequestManager.cpp: 268] [Loc_hal_worker(1264,2881)] writeToSocket: Buffer contents: 14 00 00 00 
03-20 00:40:00.840  1947  2836 I qcrilNrd: RIL Response bytes written:4
03-20 00:40:00.840  1947  2836 I qcrilNrd: RIL Response bytes written:28
03-20 00:40:00.840  1264  2881 D RequestManager: [RequestManager.cpp: 278] [Loc_hal_worker(1264,2881)] writeToSocket: Wrote 4 bytes to the socket.
03-20 00:40:00.840  1264  2881 D RequestManager: [RequestManager.cpp: 268] [Loc_hal_worker(1264,2881)] writeToSocket: Buffer contents: 50 15 A9 7A 7B 00 00 B4 
03-20 00:40:00.841  1264  2881 D RequestManager: [RequestManager.cpp: 278] [Loc_hal_worker(1264,2881)] writeToSocket: Wrote 8 bytes to the socket.
03-20 00:40:00.841  1264  2881 D RequestManager: [RequestManager.cpp: 268] [Loc_hal_worker(1264,2881)] writeToSocket: Buffer contents: 
03-20 00:40:00.841  1264  2881 D RequestManager: [RequestManager.cpp: 135] [Loc_hal_worker(1264,2881)] listenForRequests: Got one or more requests.
03-20 00:40:00.841  1264  2881 D RequestManager: [RequestManager.cpp: 139] [Loc_hal_worker(1264,2881)] listenForRequests: Processing request with ID 21.
03-20 00:40:00.841  1264  2881 D RequestManager: [RequestManager.cpp: 167] [Loc_hal_worker(1264,2881)] listenForRequests: Sending request to the server.
03-20 00:40:00.841  1264  2881 D RequestManager: [RequestManager.cpp: 222] [Loc_hal_worker(1264,2881)] sendRequestToServer: Sending buffer of size 12
03-20 00:40:00.841  1264  2881 D RequestManager: [RequestManager.cpp: 268] [Loc_hal_worker(1264,2881)] writeToSocket: Buffer contents: 00 00 00 0C 
03-20 00:40:00.841  1264  2881 D RequestManager: [RequestManager.cpp: 278] [Loc_hal_worker(1264,2881)] writeToSocket: Wrote 4 bytes to the socket.
03-20 00:40:00.841  1264  2881 D RequestManager: [RequestManager.cpp: 268] [Loc_hal_worker(1264,2881)] writeToSocket: Buffer contents: 15 00 00 00 
03-20 00:40:00.841  1264  2881 D RequestManager: [RequestManager.cpp: 278] [Loc_hal_worker(1264,2881)] writeToSocket: Wrote 4 bytes to the socket.
03-20 00:40:00.841  1264  2881 D RequestManager: [RequestManager.cpp: 268] [Loc_hal_worker(1264,2881)] writeToSocket: Buffer contents: 10 92 A9 7A 7B 00 00 B4 
03-20 00:40:00.841  1963  2146 I qcrilNrd: Buffer size: 12
03-20 00:40:00.841  3925  5702 D RILJ    : Unsol response received; Sending ack to ril.cpp [PHONE0]
03-20 00:40:00.841  1264  2880 D RequestManager: [RequestManager.cpp: 341] [Loc_hal_worker(1264,2880)] listenForResponses: record_stream_get_next: recordLen: 28, ret: 0, errno: 0, errStr: Success, socket fd: 32
03-20 00:40:00.841  1264  2880 D RequestManager: [RequestManager.cpp: 358] [Loc_hal_worker(1264,2880)] listenForResponses: Got a response parcel
03-20 00:40:00.841  1264  2880 D RequestManager: [RequestManager.cpp: 483] [Loc_hal_worker(1264,2880)] issueRequest: Pushing a request to the queue.
03-20 00:40:00.841  1264  2880 D RequestManager: [RequestManager.cpp: 495] [Loc_hal_worker(1264,2880)] issueRequest: Pushed a request to the queue.
03-20 00:40:00.841  1264  2879 D RequestManager: [RequestManager.cpp: 135] [Loc_hal_worker(1264,2879)] listenForRequests: Got one or more requests.
03-20 00:40:00.841  1264  2879 D RequestManager: [RequestManager.cpp: 139] [Loc_hal_worker(1264,2879)] listenForRequests: Processing request with ID 11.
03-20 00:40:00.841  1264  2879 D RequestManager: [RequestManager.cpp: 167] [Loc_hal_worker(1264,2879)] listenForRequests: Sending request to the server.
03-20 00:40:00.841  1264  2879 D RequestManager: [RequestManager.cpp: 222] [Loc_hal_worker(1264,2879)] sendRequestToServer: Sending buffer of size 20
03-20 00:40:00.841  1264  2879 D RequestManager: [RequestManager.cpp: 268] [Loc_hal_worker(1264,2879)] writeToSocket: Buffer contents: 00 00 00 14 
03-20 00:40:00.842  1264  2879 D RequestManager: [RequestManager.cpp: 278] [Loc_hal_worker(1264,2879)] writeToSocket: Wrote 4 bytes to the socket.
03-20 00:40:00.842  1264  2879 D RequestManager: [RequestManager.cpp: 268] [Loc_hal_worker(1264,2879)] writeToSocket: Buffer contents: 0B 00 00 00 
03-20 00:40:00.842  1264  2879 D RequestManager: [RequestManager.cpp: 278] [Loc_hal_worker(1264,2879)] writeToSocket: Wrote 4 bytes to the socket.
03-20 00:40:00.842  1264  2879 D RequestManager: [RequestManager.cpp: 268] [Loc_hal_worker(1264,2879)] writeToSocket: Buffer contents: D0 8A A9 7A 7B 00 00 B4 
03-20 00:40:00.842  1264  2881 D RequestManager: [RequestManager.cpp: 278] [Loc_hal_worker(1264,2881)] writeToSocket: Wrote 8 bytes to the socket.
03-20 00:40:00.842  1264  2881 D RequestManager: [RequestManager.cpp: 268] [Loc_hal_worker(1264,2881)] writeToSocket: Buffer contents: 
03-20 00:40:00.842  1264  2881 D RequestManager: [RequestManager.cpp: 139] [Loc_hal_worker(1264,2881)] listenForRequests: Processing request with ID 28.
03-20 00:40:00.842  1264  2881 D RequestManager: [RequestManager.cpp: 167] [Loc_hal_worker(1264,2881)] listenForRequests: Sending request to the server.
03-20 00:40:00.842  1264  2879 D RequestManager: [RequestManager.cpp: 278] [Loc_hal_worker(1264,2879)] writeToSocket: Wrote 8 bytes to the socket.
03-20 00:40:00.842  1264  2881 D RequestManager: [RequestManager.cpp: 222] [Loc_hal_worker(1264,2881)] sendRequestToServer: Sending buffer of size 56
03-20 00:40:00.842  1264  2881 D RequestManager: [RequestManager.cpp: 268] [Loc_hal_worker(1264,2881)] writeToSocket: Buffer contents: 00 00 00 38 
03-20 00:40:00.842  1264  2879 D RequestManager: [RequestManager.cpp: 268] [Loc_hal_worker(1264,2879)] writeToSocket: Buffer contents: 00 00 00 01 00 00 00 00 
03-20 00:40:00.842  1264  2881 D RequestManager: [RequestManager.cpp: 278] [Loc_hal_worker(1264,2881)] writeToSocket: Wrote 4 bytes to the socket.
03-20 00:40:00.842  1264  2881 D RequestManager: [RequestManager.cpp: 268] [Loc_hal_worker(1264,2881)] writeToSocket: Buffer contents: 1C 00 00 00 
03-20 00:40:00.842  1264  2881 D RequestManager: [RequestManager.cpp: 278] [Loc_hal_worker(1264,2881)] writeToSocket: Wrote 4 bytes to the socket.
03-20 00:40:00.842  1264  2881 D RequestManager: [RequestManager.cpp: 268] [Loc_hal_worker(1264,2881)] writeToSocket: Buffer contents: D0 28 A9 7A 7B 00 00 B4 
03-20 00:40:00.842  1947  2073 I qcrilNrd: Buffer size: 20
03-20 00:40:00.842  1264  2881 D RequestManager: [RequestManager.cpp: 278] [Loc_hal_worker(1264,2881)] writeToSocket: Wrote 8 bytes to the socket.
03-20 00:40:00.842  1947  2073 I qcrilNrd: Buffer contents: 0B 00 00 00 D0 8A A9 7A 7B 00 00 B4 00 00 00 01 00 00 00 00 
03-20 00:40:00.842  1264  2881 D RequestManager: [RequestManager.cpp: 268] [Loc_hal_worker(1264,2881)] writeToSocket: Buffer contents: 00 00 00 B0 00 00 6F AD 00 00 00 08 33 46 30 30 37 46 46 46 00 00 00 00 00 00 00 00 00 00 00 00 FF FF FF FF FF FF FF FF 00 00 00 00 
03-20 00:40:00.842  1264  2881 D RequestManager: [RequestManager.cpp: 278] [Loc_hal_worker(1264,2881)] writeToSocket: Wrote 44 bytes to the socket.
03-20 00:40:00.842  1264  2881 D RequestManager: [RequestManager.cpp: 139] [Loc_hal_worker(1264,2881)] listenForRequests: Processing request with ID 22.
03-20 00:40:00.842  1264  2881 D RequestManager: [RequestManager.cpp: 167] [Loc_hal_worker(1264,2881)] listenForRequests: Sending request to the server.
03-20 00:40:00.842  1264  2881 D RequestManager: [RequestManager.cpp: 222] [Loc_hal_worker(1264,2881)] sendRequestToServer: Sending buffer of size 12
03-20 00:40:00.842  1264  2881 D RequestManager: [RequestManager.cpp: 268] [Loc_hal_worker(1264,2881)] writeToSocket: Buffer contents: 00 00 00 0C 
03-20 00:40:00.842  1264  2881 D RequestManager: [RequestManager.cpp: 278] [Loc_hal_worker(1264,2881)] writeToSocket: Wrote 4 bytes to the socket.
03-20 00:40:00.842  1264  2881 D RequestManager: [RequestManager.cpp: 268] [Loc_hal_worker(1264,2881)] writeToSocket: Buffer contents: 16 00 00 00 
03-20 00:40:00.842  1264  2881 D RequestManager: [RequestManager.cpp: 278] [Loc_hal_worker(1264,2881)] writeToSocket: Wrote 4 bytes to the socket.
03-20 00:40:00.842  1264  2879 D RequestManager: [RequestManager.cpp: 278] [Loc_hal_worker(1264,2879)] writeToSocket: Wrote 8 bytes to the socket.
03-20 00:40:00.842  1264  2881 D RequestManager: [RequestManager.cpp: 268] [Loc_hal_worker(1264,2881)] writeToSocket: Buffer contents: 10 82 A9 7A 7B 00 00 B4 
03-20 00:40:00.842  1264  2881 D RequestManager: [RequestManager.cpp: 278] [Loc_hal_worker(1264,2881)] writeToSocket: Wrote 8 bytes to the socket.
03-20 00:40:00.842  1963  2146 I qcrilNrd: Buffer contents: 14 00 00 00 50 15 A9 7A 7B 00 00 B4 
03-20 00:40:00.843  3925  5702 D RILJ    : [UNSL]< UNSOL_RESPONSE_NETWORK_STATE_CHANGED [PHONE0]
03-20 00:40:00.843  1264  2881 D RequestManager: [RequestManager.cpp: 268] [Loc_hal_worker(1264,2881)] writeToSocket: Buffer contents: 
03-20 00:40:00.843  3925  3925 I PhoneFactory: Creating SubscriptionController
03-20 00:40:00.843  1264  2881 D RequestManager: [RequestManager.cpp: 139] [Loc_hal_worker(1264,2881)] listenForRequests: Processing request with ID 109.
03-20 00:40:00.843  1264  2881 D RequestManager: [RequestManager.cpp: 167] [Loc_hal_worker(1264,2881)] listenForRequests: Sending request to the server.
03-20 00:40:00.843  1963  2146 I qcrilNrd: Dispatching get voice registration state.
03-20 00:40:00.843  1264  2881 D RequestManager: [RequestManager.cpp: 222] [Loc_hal_worker(1264,2881)] sendRequestToServer: Sending buffer of size 12
03-20 00:40:00.843  1264  2881 D RequestManager: [RequestManager.cpp: 268] [Loc_hal_worker(1264,2881)] writeToSocket: Buffer contents: 00 00 00 0C 
03-20 00:40:00.843  1947  2836 I qcrilNrd: RIL Response bytes written:4
03-20 00:40:00.843  1264  2881 D RequestManager: [RequestManager.cpp: 278] [Loc_hal_worker(1264,2881)] writeToSocket: Wrote 4 bytes to the socket.
03-20 00:40:00.843  3925  3925 D QtiTelephonyComponentFactory: initSubscriptionController
03-20 00:40:00.843  1264  2881 D RequestManager: [RequestManager.cpp: 268] [Loc_hal_worker(1264,2881)] writeToSocket: Buffer contents: 6D 00 00 00 
03-20 00:40:00.843  1947  2836 I qcrilNrd: RIL Response bytes written:20
03-20 00:40:00.843  3925  5670 D RILJ    : Unsol response received; Sending ack to ril.cpp [PHONE1]
03-20 00:40:00.843  1963  2146 I qcrilNrd: Buffer size: 12
03-20 00:40:00.843  1264  2881 D RequestManager: [RequestManager.cpp: 278] [Loc_hal_worker(1264,2881)] writeToSocket: Wrote 4 bytes to the socket.
03-20 00:40:00.843  1963  2146 I qcrilNrd: Buffer contents: 15 00 00 00 10 92 A9 7A 7B 00 00 B4 
03-20 00:40:00.843  3925  5670 D RILJ    : [UNSL]< UNSOL_RESPONSE_NETWORK_STATE_CHANGED [PHONE1]
03-20 00:40:00.843  1264  2881 D RequestManager: [RequestManager.cpp: 268] [Loc_hal_worker(1264,2881)] writeToSocket: Buffer contents: 90 8B A9 7A 7B 00 00 B4 
03-20 00:40:00.843  1264  2881 D RequestManager: [RequestManager.cpp: 278] [Loc_hal_worker(1264,2881)] writeToSocket: Wrote 8 bytes to the socket.
03-20 00:40:00.843  1264  2881 D RequestManager: [RequestManager.cpp: 268] [Loc_hal_worker(1264,2881)] writeToSocket: Buffer contents: 
03-20 00:40:00.843  3925  4007 D RILJ    : Unsol response received; Sending ack to ril.cpp [PHONE1]
03-20 00:40:00.843  1963  2146 I qcrilNrd: Buffer size: 56
03-20 00:40:00.843  3925  4007 D RILJ    : [UNSL]< UNSOL_RESPONSE_RADIO_STATE_CHANGED radioStateChanged: 1 [PHONE1]
03-20 00:40:00.843  1963  2146 I qcrilNrd: Buffer contents: 1C 00 00 00 D0 28 A9 7A 7B 00 00 B4 00 00 00 B0 00 00 6F AD 00 00 00 08 33 46 30 30 37 46 46 46 00 00 00 00 00 00 00 00 00 00 00 00 FF FF FF FF FF FF FF FF 00 00 00 00 
03-20 00:40:00.843  3925  3963 D RILJ    : Unsol response received; Sending ack to ril.cpp [PHONE0]
03-20 00:40:00.843  1264  2880 D RequestManager: [RequestManager.cpp: 341] [Loc_hal_worker(1264,2880)] listenForResponses: record_stream_get_next: recordLen: 20, ret: 0, errno: 0, errStr: Success, socket fd: 32
03-20 00:40:00.843  3925  3963 D RILJ    : [UNSL]< UNSOL_RESPONSE_RADIO_STATE_CHANGED radioStateChanged: 1 [PHONE0]
03-20 00:40:00.844  1264  2880 D RequestManager: [RequestManager.cpp: 358] [Loc_hal_worker(1264,2880)] listenForResponses: Got a response parcel
03-20 00:40:00.844  1963  2146 I qcrilNrd: Buffer size: 12
03-20 00:40:00.844  1963  2146 I qcrilNrd: Buffer contents: 16 00 00 00 10 82 A9 7A 7B 00 00 B4 
03-20 00:40:00.844  1963  2146 I qcrilNrd: Buffer size: 12
03-20 00:40:00.845  1963  2146 I qcrilNrd: Buffer contents: 6D 00 00 00 90 8B A9 7A 7B 00 00 B4 
03-20 00:40:00.845  1963  2854 I qcrilNrd: RIL Response bytes written:4
03-20 00:40:00.845  1963  2854 I qcrilNrd: RIL Response bytes written:20
03-20 00:40:00.845  1264  2882 D RequestManager: [RequestManager.cpp: 341] [Loc_hal_worker(1264,2882)] listenForResponses: record_stream_get_next: recordLen: 20, ret: 0, errno: 0, errStr: Success, socket fd: 33
03-20 00:40:00.845  1264  2882 D RequestManager: [RequestManager.cpp: 358] [Loc_hal_worker(1264,2882)] listenForResponses: Got a response parcel
03-20 00:40:00.846  1963  2835 I qcrilNrd: RIL Response bytes written:4
03-20 00:40:00.846  1963  2835 I qcrilNrd: RIL Response bytes written:28
03-20 00:40:00.846  1264  2882 D RequestManager: [RequestManager.cpp: 341] [Loc_hal_worker(1264,2882)] listenForResponses: record_stream_get_next: recordLen: 28, ret: 0, errno: 0, errStr: Success, socket fd: 33
