01-15 03:50:41.094   402   402 I         : [GF][gf_parse_dts] gf_dev->pwr_gpio = 479
01-15 03:50:41.094   402   402 I         : [GF][gf_parse_dts] ---
01-15 03:50:41.094   364   364 W         : SPI driver spidev has no spi_device_id for qcom,spi-msm-codec-slave
01-15 03:50:41.094   364   364 W         : SPI driver spidev has no spi_device_id for qcom,si5518-clk
01-15 03:50:41.094   355   355 I msm_geni_serial 898000.qcom,qup_uart: Serial port0 added.FifoSize 64 is_console0
01-15 03:50:41.095   356   356 I adsprpc : fastrpc_setup_service_locator: pdr_add_lookup enabled for tms/servreg (sensors_pdr_adsprpc, msm/adsp/sensor_pd), DTSI (qcom,fastrpc-adsp-sensors-pdr)
01-15 03:50:41.098   355   355 I msm_geni_serial 898000.qcom,qup_uart: gsi_mode:0
01-15 03:50:41.098   355   355 I 898000.qcom,qup_uart: ttyHS0 at MMIO 0x898000 (irq = 290, base_baud = 0) is a MSM
01-15 03:50:41.101   365   365 I spi_geni 880000.spi: spi_geni_probe: completed 0
01-15 03:50:41.103   164   164 E cdsp-loader soc: qcom,msm-cdsp-loader: cdsp_loader_probe: rproc not found
01-15 03:50:41.105   164   164 E cdsp-loader soc: qcom,msm-cdsp-loader: cdsp_loader_probe: rproc not found
01-15 03:50:41.105   402   402 E fingerprint: [GF][gf_probe] device_create status = 0, name = goodix_fp, minor = 0
01-15 03:50:41.105   402   402 I input   : goodixfp as /devices/virtual/input/input58
01-15 03:50:41.105   371   371 I spmi-2  : SPMI PMIC arbiter debug bus controller added
01-15 03:50:41.105   402   402 E         : [GF][gf_power_on] +++
01-15 03:50:41.105   402   402 I         : [GF][gf_power_on] power gpio enabled!
01-15 03:50:41.105   356   356 I fastrpc soc: qcom,msm_fastrpc:qcom,msm_fastrpc_compute_cb1: Adding to iommu group 5
01-15 03:50:41.105   164   164 E cdsp-loader soc: qcom,msm-cdsp-loader: cdsp_loader_probe: rproc not found
01-15 03:50:41.108     1     1 I         : Registered swp emulation handler
01-15 03:50:41.112   361   361 I <haptic_hv>aw_i2c_init: aw_haptic driver version v1.4.0
01-15 03:50:41.112   164   164 E cdsp-loader soc: qcom,msm-cdsp-loader: cdsp_loader_probe: rproc not found
01-15 03:50:41.113   356   356 I fastrpc soc: qcom,msm_fastrpc:qcom,msm_fastrpc_compute_cb2: Adding to iommu group 6
01-15 03:50:41.123   402   402 E         : [GF][gf_power_on] reset gpio enable!
01-15 03:50:41.124   164   164 E cdsp-loader soc: qcom,msm-cdsp-loader: cdsp_loader_probe: rproc not found
01-15 03:50:41.126   164   164 E cdsp-loader soc: qcom,msm-cdsp-loader: cdsp_loader_probe: rproc not found
01-15 03:50:41.126   356   356 I fastrpc soc: qcom,msm_fastrpc:qcom,msm_fastrpc_compute_cb3: Adding to iommu group 7
01-15 03:50:41.131   402   402 E         : [GF][gf_power_on] ---
01-15 03:50:41.131   402   402 I         : [GF][fp_gf_create_sysfs] fp_create_group() succeeded!!
01-15 03:50:41.134   164   164 E cdsp-loader soc: qcom,msm-cdsp-loader: cdsp_loader_probe: rproc not found
01-15 03:50:41.137   415   415 E spmi-0  : pmic_arb_wait_for_done: 0xb 0xa04: transaction failed (0x3)
01-15 03:50:41.137   415   415 E spmi-temp-alarm c42d000.qcom,spmi: qcom,pmr735d@b:pmr735d-l-temp-alarm@a00: could not read type
01-15 03:50:41.137   415   415 W spmi-temp-alarm: probe of c42d000.qcom,spmi:qcom,pmr735d@b:pmr735d-l-temp-alarm@a00 failed with error -5
01-15 03:50:41.137   164   164 E cdsp-loader soc: qcom,msm-cdsp-loader: cdsp_loader_probe: rproc not found
01-15 03:50:41.140   402   402 I fingerprint: [GF][gf_probe] version V1.2.04.02
01-15 03:50:41.140   402   402 E fingerprint: [GF][gf_probe] goodix fingerprint 3626 probe end
01-15 03:50:41.140   164   164 E cdsp-loader soc: qcom,msm-cdsp-loader: cdsp_loader_probe: rproc not found
01-15 03:50:41.141   402   402 I fingerprint: status = 0x0
01-15 03:50:41.143   417   417 I cpu_voltage_cooling: build_unified_table CPU1:7 CPU2:3
01-15 03:50:41.143   417   417 I cpu_voltage_cooling: build_unified_table freq1:3187200 freq2:2803200
01-15 03:50:41.143   417   417 I cpu_voltage_cooling: build_unified_table freq1:2956800 freq2:2457600
01-15 03:50:41.143   417   417 I cpu_voltage_cooling: build_unified_table freq1:2841600 freq2:2323200
01-15 03:50:41.143   417   417 I cpu_voltage_cooling: build_unified_table freq1:2726400 freq2:2188800
01-15 03:50:41.143   417   417 I cpu_voltage_cooling: build_unified_table freq1:2592000 freq2:2188800
01-15 03:50:41.143   417   417 I cpu_voltage_cooling: build_unified_table freq1:2476800 freq2:2054400
01-15 03:50:41.143   417   417 I cpu_voltage_cooling: build_unified_table freq1:2342400 freq2:1785600
01-15 03:50:41.143   417   417 I cpu_voltage_cooling: build_unified_table freq1:2227200 freq2:1785600
01-15 03:50:41.143   417   417 I cpu_voltage_cooling: build_unified_table freq1:2092800 freq2:1651200
01-15 03:50:41.143   417   417 I cpu_voltage_cooling: build_unified_table freq1:1977600 freq2:1536000
01-15 03:50:41.143   417   417 I cpu_voltage_cooling: build_unified_table freq1:1843200 freq2:1401600
01-15 03:50:41.143   417   417 I cpu_voltage_cooling: build_unified_table freq1:1708800 freq2:1286400
01-15 03:50:41.143   417   417 I cpu_voltage_cooling: build_unified_table freq1:1593600 freq2:1171200
01-15 03:50:41.143   417   417 I cpu_voltage_cooling: build_unified_table freq1:1478400 freq2:1056000
01-15 03:50:41.143   417   417 I cpu_voltage_cooling: build_unified_table freq1:1363200 freq2:940800
01-15 03:50:41.143   417   417 I cpu_voltage_cooling: build_unified_table freq1:1248000 freq2:940800
01-15 03:50:41.143   417   417 I cpu_voltage_cooling: build_unified_table freq1:1132800 freq2:844800
01-15 03:50:41.143   417   417 I cpu_voltage_cooling: build_unified_table freq1:998400 freq2:729600
01-15 03:50:41.143   417   417 I cpu_voltage_cooling: build_unified_table freq1:864000 freq2:614400
01-15 03:50:41.143   417   417 I cpu_voltage_cooling: build_unified_table freq1:729600 freq2:499200
01-15 03:50:41.143   417   417 I cpu_voltage_cooling: build_unified_table freq1:595200 freq2:499200
01-15 03:50:41.144   407   407 I synx    : synx device initialization start
01-15 03:50:41.144   407   407 I         : client callback registered with ipc_lite
01-15 03:50:41.144   407   407 I synx    : synx device initialization success
01-15 03:50:41.144   374   374 I msm_sharedmem: msm_sharedmem_probe: Device created for client 'rmtfs'
01-15 03:50:41.144   365   365 I spi_geni 88c000.spi: spi_geni_probe: completed 0
01-15 03:50:41.146   164   164 E cdsp-loader soc: qcom,msm-cdsp-loader: cdsp_loader_probe: rproc not found
01-15 03:50:41.153   356   356 I fastrpc soc: qcom,msm_fastrpc:qcom,msm_fastrpc_compute_cb4: Adding to iommu group 8
01-15 03:50:41.155   164   164 E cdsp-loader soc: qcom,msm-cdsp-loader: cdsp_loader_probe: rproc not found
01-15 03:50:41.165   166   166 E cdsp-loader soc: qcom,msm-cdsp-loader: cdsp_loader_probe: rproc not found
01-15 03:50:41.170   365   365 I spi_geni 89c000.spi: spi_geni_probe: completed 0
01-15 03:50:41.170   166   166 E cdsp-loader soc: qcom,msm-cdsp-loader: cdsp_loader_probe: rproc not found
01-15 03:50:41.172   356   356 I fastrpc soc: qcom,msm_fastrpc:qcom,msm_fastrpc_compute_cb5: Adding to iommu group 9
01-15 03:50:41.174   166   166 E cdsp-loader soc: qcom,msm-cdsp-loader: cdsp_loader_probe: rproc not found
01-15 03:50:41.175   403   403 I i2c_geni 988000.i2c: Bus frequency is set to 400000Hz.
01-15 03:50:41.175   403   403 I i2c_geni 988000.i2c: geni_i2c_resources_init: RTL based SE
01-15 03:50:41.178   404   404 I i2c_dev : i2c /dev entries driver
01-15 03:50:41.187   356   356 I fastrpc soc: qcom,msm_fastrpc:qcom,msm_fastrpc_compute_cb6: Adding to iommu group 10
01-15 03:50:41.193   166   166 E cdsp-loader soc: qcom,msm-cdsp-loader: cdsp_loader_probe: rproc not found
01-15 03:50:41.193   356   356 I fastrpc soc: qcom,msm_fastrpc:qcom,msm_fastrpc_compute_cb7: Adding to iommu group 11
01-15 03:50:41.196   166   166 E cdsp-loader soc: qcom,msm-cdsp-loader: cdsp_loader_probe: rproc not found
01-15 03:50:41.197   412   412 I input   : pmic_pwrkey as /devices/platform/soc/c42d000.qcom,spmi/spmi-0/0-00/c42d000.qcom,spmi:qcom,pmk8550@0:pon_hlos@1300/c42d000.qcom,spmi:qcom,pmk8550@0:pon_hlos@1300:pwrkey/input/input59
01-15 03:50:41.200   166   166 E cdsp-loader soc: qcom,msm-cdsp-loader: cdsp_loader_probe: rproc not found
01-15 03:50:41.201   412   412 I input   : pmic_resin as /devices/platform/soc/c42d000.qcom,spmi/spmi-0/0-00/c42d000.qcom,spmi:qcom,pmk8550@0:pon_hlos@1300/c42d000.qcom,spmi:qcom,pmk8550@0:pon_hlos@1300:resin/input/input60
01-15 03:50:41.205   403   403 E         : pi2dpx1217_probe Device node is not compatible with diodes,redriver
01-15 03:50:41.206   403   403 I nb7vpq904m_probe compatible: onnn,redriver exit !
01-15 03:50:41.206   403   403 I i2c_geni 988000.i2c: I2C probed
01-15 03:50:41.207   166   166 E cdsp-loader soc: qcom,msm-cdsp-loader: cdsp_loader_probe: rproc not found
01-15 03:50:41.207   403   403 I i2c_geni 990000.i2c: Bus frequency is set to 400000Hz.
01-15 03:50:41.207   403   403 I i2c_geni 990000.i2c: geni_i2c_resources_init: RTL based SE
01-15 03:50:41.208   403   403 I i2c_geni 990000.i2c: I2C probed
01-15 03:50:41.208   403   403 I i2c_geni a80000.i2c: Bus frequency is set to 1000000Hz.
01-15 03:50:41.211   403   403 I i2c_geni a80000.i2c: I2C probed
01-15 03:50:41.212   403   403 I i2c_geni a8c000.i2c: Bus frequency is set to 400000Hz.
01-15 03:50:41.213   454   454 I         : IPA framework init
01-15 03:50:41.214   356   356 I fastrpc soc: qcom,msm_fastrpc:qcom,msm_fastrpc_compute_cb8: Adding to iommu group 12
01-15 03:50:41.229   166   166 E cdsp-loader soc: qcom,msm-cdsp-loader: cdsp_loader_probe: rproc not found
01-15 03:50:41.232   166   166 E cdsp-loader soc: qcom,msm-cdsp-loader: cdsp_loader_probe: rproc not found
01-15 03:50:41.233   435   435 I userspace-cdev soc: qcom,userspace-cdev: cdev:display-fps lvl:16 registered
01-15 03:50:41.237   443   443 I cpuidle : using governor qcom-cpu-lpm
01-15 03:50:41.243   403   403 I <haptic_hv>aw_i2c_probe: enter
01-15 03:50:41.243   403   403 I input   : aw-haptic-hv as /devices/platform/soc/ac0000.qcom,qupv3_1_geni_se/a8c000.i2c/i2c-3/3-005a/input/input61
01-15 03:50:41.243   403   403 I [haptic_hv][0120]parse_dt_gpio: reset gpio provide ok 350
01-15 03:50:41.243   403   403 I [haptic_hv][0125]parse_dt_gpio: irq gpio provide ok irq = 349.
01-15 03:50:41.244   403   403 I [haptic_hv][0224]ctrl_init: enter
01-15 03:50:41.244   403   403 I [haptic_hv][0151]hw_reset: enter
01-15 03:50:41.246   356   356 I fastrpc soc: qcom,msm_fastrpc:qcom,msm_fastrpc_compute_cb9: Adding to iommu group 13
01-15 03:50:41.249   166   166 E cdsp-loader soc: qcom,msm-cdsp-loader: cdsp_loader_probe: rproc not found
01-15 03:50:41.257   403   403 I [haptic_hv][0035]aw8692x_check_qualify: enter
01-15 03:50:41.261   403   403 I [haptic_hv][0378]parse_chipid: detected aw86927.
01-15 03:50:41.262   164   164 E cdsp-loader soc: qcom,msm-cdsp-loader: cdsp_loader_probe: rproc not found
01-15 03:50:41.265   403   403 I [haptic_hv][1386]aw8692x_parse_dt: aw_haptic->info.is_enabled_track_en = 1
01-15 03:50:41.265   403   403 I [haptic_hv][1389]aw8692x_parse_dt: aw_haptic->info.is_enabled_auto_bst = 0
01-15 03:50:41.265   403   403 I [haptic_hv][1392]aw8692x_parse_dt: aw_haptic->info.is_enabled_one_wire = 0
01-15 03:50:41.265   403   403 I [haptic_hv][0704]aw8692x_interrupt_setup: reg SYSINT=0x00
01-15 03:50:41.266   439   439 I EDAC DEVICE0: Giving out device to module qcom_llcc_edac controller llcc: DEV qcom_llcc_edac (INTERRUPT)
01-15 03:50:41.270   164   164 E cdsp-loader soc: qcom,msm-cdsp-loader: cdsp_loader_probe: rproc not found
01-15 03:50:41.282   403   403 I [haptic_hv][3269]vibrator_init: enter
01-15 03:50:41.282   403   403 I [haptic_hv][3297]vibrator_init: loaded in leds_cdev framework!
01-15 03:50:41.282   403   403 I [haptic_hv][3338]haptic_init: enter
01-15 03:50:41.282   403   403 I [haptic_hv][0289]aw8692x_play_mode: enter standby mode
01-15 03:50:41.282   164   164 E cdsp-loader soc: qcom,msm-cdsp-loader: cdsp_loader_probe: rproc not found
01-15 03:50:41.290   403   403 I [haptic_hv][0438]aw8692x_protect_config: enable protection mode
01-15 03:50:41.290   403   403 I [haptic_hv][0099]aw8692x_set_bst_peak_cur: bst pc = L1
01-15 03:50:41.299   356   356 I fastrpc soc: qcom,msm_fastrpc:qcom,msm_fastrpc_compute_cb10: Adding to iommu group 14
01-15 03:50:41.302   164   164 E cdsp-loader soc: qcom,msm-cdsp-loader: cdsp_loader_probe: rproc not found
01-15 03:50:41.303   403   403 I [haptic_hv][3501]aw_i2c_probe: probe completed successfully!
01-15 03:50:41.315   403   403 I stmvl53l3: stmvl53l3_probe: CONFIG FIH PINCTRL DEFAULT
01-15 03:50:41.315   403   403 I stmvl53l3: stmvl53l3_parse_tree: Find xsdn-gpio 481
01-15 03:50:41.315   403   403 W stmvl53l3: stmvl53l3_parse_tree: Unable to find intr-gpio -2
01-15 03:50:41.315   403   403 I stmvl53l3: get_xsdn: request xsdn_gpio 481
01-15 03:50:41.315   403   403 W stmvl53l3: get_pwren: pwren gpio disable
01-15 03:50:41.315   403   403 W stmvl53l3: get_intr: no interrupt gpio
01-15 03:50:41.316   403   403 I stmvl53l3: stmvl53l3_power_up_i2c: power on VDD
01-15 03:50:41.317   403   403 I stmvl53l3: stmvl53l3_enable_iovdd: power on IOVDD
01-15 03:50:41.317   403   403 I stmvl53l3: release_reset: Enable xsdn_gpio: 481
01-15 03:50:41.317   163   163 E cdsp-loader soc: qcom,msm-cdsp-loader: cdsp_loader_probe: rproc not found
01-15 03:50:41.318   403   403 I input   : STM VL53L3 proximity sensor as /devices/virtual/input/input62
01-15 03:50:41.326   496   496 I cs_system_cfg: CoreSight Configuration manager initialised
01-15 03:50:41.358   469   469 I remoteproc1: 3000000.remoteproc-adsp is available
01-15 03:50:41.358   356   356 I fastrpc soc: qcom,msm_fastrpc:qcom,msm_fastrpc_compute_cb11: Adding to iommu group 15
01-15 03:50:41.359   403   403 I stmvl53l3: stmvl53l3_setup: device name: VL53L3 cut1.1, type: VL53L3
01-15 03:50:41.359   403   403 I stmvl53l3: stmvl53l3_setup: Misc device registration name:stmvl53l3_ranging
01-15 03:50:41.360   403   403 I stmvl53l3: stmvl53l3_reset_hold_i2c: Disable xsdn_gpio: 481
01-15 03:50:41.360   403   403 I stmvl53l3 3-0029: stmvl53l3 probe success
01-15 03:50:41.360   403   403 I i2c_geni a8c000.i2c: I2C probed
01-15 03:50:41.363   164   164 E cdsp-loader soc: qcom,msm-cdsp-loader: cdsp_loader_probe: rproc not found
01-15 03:50:41.367   469   469 I remoteproc2: 32300000.remoteproc-cdsp is available
01-15 03:50:41.368   356   356 I fastrpc soc: qcom,msm_fastrpc:qcom,msm_fastrpc_compute_cb12: Adding to iommu group 16
01-15 03:50:41.378   356   356 I fastrpc soc: qcom,msm_fastrpc:qcom,msm_fastrpc_compute_cb13: Adding to iommu group 17
01-15 03:50:41.384   469   469 I qcom_q6v5_pas 4080000.remoteproc-mss: assigned reserved memory node linux,cma
01-15 03:50:41.388   503   503 I         : CSCFG registered coresight-ete0
01-15 03:50:41.388   503   503 I coresight-ete0: CPU0: coresight-ete v1.0 initialized
01-15 03:50:41.389   469   469 I remoteproc3: 4080000.remoteproc-mss is available
01-15 03:50:41.394   503   503 I         : CSCFG registered coresight-ete1
01-15 03:50:41.394   503   503 I coresight-ete1: CPU1: coresight-ete v1.0 initialized
01-15 03:50:41.394   503   503 I         : CSCFG registered coresight-ete2
01-15 03:50:41.394   503   503 I coresight-ete2: CPU2: coresight-ete v1.0 initialized
01-15 03:50:41.394   503   503 I         : CSCFG registered coresight-ete3
01-15 03:50:41.394   503   503 I coresight-ete3: CPU3: coresight-ete v1.0 initialized
01-15 03:50:41.395   503   503 I         : CSCFG registered coresight-ete4
01-15 03:50:41.395   503   503 I coresight-ete4: CPU4: coresight-ete v1.0 initialized
01-15 03:50:41.395   503   503 I         : CSCFG registered coresight-ete5
01-15 03:50:41.395   503   503 I coresight-ete5: CPU5: coresight-ete v1.0 initialized
01-15 03:50:41.395   503   503 I         : CSCFG registered coresight-ete6
01-15 03:50:41.395   503   503 I coresight-ete6: CPU6: coresight-ete v1.0 initialized
01-15 03:50:41.396   508   508 I coresight-csr 10001000.csr: CSR initialized: coresight-csr
01-15 03:50:41.397   508   508 I coresight-csr 10b11000.csr: CSR initialized: coresight-swao-csr
01-15 03:50:41.399   503   503 I         : CSCFG registered coresight-ete7
01-15 03:50:41.399   503   503 I coresight-ete7: CPU7: coresight-ete v1.0 initialized
01-15 03:50:41.401   356   356 I fastrpc soc: qcom,msm_fastrpc:qcom,msm_fastrpc_compute_cb14: Adding to iommu group 18
01-15 03:50:41.406   509   509 I coresight-dummy soc: tpdm_lpass_lpi: Dummy device initialized
01-15 03:50:41.408   505   505 I coresight-cti-qc_cti: CTI initialized
01-15 03:50:41.409   505   505 I coresight-cti-cti0: CTI initialized
01-15 03:50:41.409   505   505 I coresight-cti-dlmm_cti0: CTI initialized
01-15 03:50:41.410   505   505 I coresight-cti-ddr_dl_0_cti_0: CTI initialized
01-15 03:50:41.411   505   505 I coresight-cti-ddr_ch02_dl_cti_0: CTI initialized
01-15 03:50:41.411   505   505 I coresight-cti-ddr_ch13_dl_cti_0: CTI initialized
01-15 03:50:41.412   505   505 I coresight-cti-lpass_dl_cti: CTI initialized
01-15 03:50:41.412   505   505 I coresight-cti-iris_dl_cti: CTI initialized
01-15 03:50:41.412   505   505 I coresight-cti-mdss_dl_cti: CTI initialized
01-15 03:50:41.413   505   505 I coresight-cti-turing_dl_cti_0: CTI initialized
01-15 03:50:41.413   505   505 I coresight-cti-turing_q6_cti: CTI initialized
01-15 03:50:41.414   505   505 I coresight-cti-swao_cti: CTI initialized
01-15 03:50:41.414   505   505 I coresight-cti-ddr_dl_1_cti_0: CTI initialized
01-15 03:50:41.414   505   505 I coresight-cti-apss_cti0: CTI initialized
01-15 03:50:41.415   505   505 I coresight-cti-apss_cti1: CTI initialized
01-15 03:50:41.416   533   533 I fih_fver_module_init: MLF,DG2-1250000-0-0UWW-A01.mlf
01-15 03:50:41.416   533   533 I fver    : fih_fver_proc_len = 31
01-15 03:50:41.416   509   509 I coresight-dummy soc: lpass_stm: Dummy device initialized
01-15 03:50:41.420   356   356 I fastrpc soc: qcom,msm_fastrpc:qcom,msm_fastrpc_compute_cb15: Adding to iommu group 19
01-15 03:50:41.422   328   328 E msm-dwc3 a600000.ssusb: IRQ hs_phy_irq not found
01-15 03:50:41.422   521   521 I fih_info_property: devmodel = DG2
01-15 03:50:41.422   521   521 I fih_info_property: baseband = 4.3
01-15 03:50:41.422   521   521 I fih_info_property: bandinfo = G_850_900_1800_1900^W_1_2_4_5_8^L_1_2_3_4_5_7_8_12_13_14_17_20_25_26_28_29_30_32_38_40_41_42_43_48_66_68_71^N_1_2_3_5_7_8_12_13_14_20_25_26_28_29_30_38_40_41_48_66_71_77_78
01-15 03:50:41.422   521   521 I fih_info_property: hwmodel = DG2
01-15 03:50:41.422   521   521 I fih_info_property: simslot = 2
01-15 03:50:41.426   505   505 I coresight-cti-apss_cti2: CTI initialized
01-15 03:50:41.427   511   511 I coresight-remote-etm soc: audio_etm0: Remote ETM initialized
01-15 03:50:41.427   505   505 I coresight-cti-mss_q6_cti: CTI initialized
01-15 03:50:41.428   505   505 I coresight-cti-modem_tp_cti: CTI initialized
01-15 03:50:41.430   356   356 I fastrpc soc: qcom,msm_fastrpc:qcom,msm_fastrpc_compute_cb16: Adding to iommu group 20
01-15 03:50:41.446   528   528 I fih_ufs_property: ufsinfo = SAMSUNG UFS 256GB
01-15 03:50:41.447   526   526 I fih_ddr_property: draminfo = MICRON LPDDRX 16384MB
01-15 03:50:41.448   526   526 I fih_ddr_property: dramtest = 0
01-15 03:50:41.450   527   527 I fih_mfd_property: pid = DG2LHE2430110149
01-15 03:50:41.450   527   527 I fih_mfd_property: bt_mac = 1841FE10F358
01-15 03:50:41.450   527   527 I fih_mfd_property: wifi_mac = 1841FE10F506
01-15 03:50:41.450   527   527 I fih_mfd_property: wifi_mac2 =
01-15 03:50:41.450   527   527 I fih_mfd_property: 190, modemport not specified
01-15 03:50:41.452   539   539 I VIC     : hall_sensor_probe start
01-15 03:50:41.452   539   539 I [Hall sensor]: hall_sensor_probe enter
01-15 03:50:41.452   539   539 I hall_sensor_probe: NHallSensor Get GPIO From DTSI=318
01-15 03:50:41.452   539   539 I hall_sensor_probe: SHallSensor Get GPIO From DTSI=319
01-15 03:50:41.452   539   539 I hall_sensor_probe: NHallSensor IRQ=326
01-15 03:50:41.452   539   539 I hall_sensor_probe: SHallSensor IRQ=327
01-15 03:50:41.452   539   539 I hall_sensor_probe: Hall-OPEN KEY=752
01-15 03:50:41.452   539   539 I hall_sensor_probe: Hall-CLOSE KEY=753
01-15 03:50:41.452   539   539 I hall_sensor_probe: SHall-OPEN KEY=700
01-15 03:50:41.452   539   539 I hall_sensor_probe: SHall-CLOSE KEY=701
01-15 03:50:41.453   539   539 I input   : hallsensor2P as /devices/virtual/input/input63
01-15 03:50:41.453   539   539 I [Hall sensor]: hall_sensor_probe exit
01-15 03:50:41.453   539   539 I VIC     : hall_sensor_probe END
01-15 03:50:41.454   511   511 I coresight-remote-etm soc: turing_etm0: Remote ETM initialized
01-15 03:50:41.454   509   509 I coresight-dummy soc: tpdm_turing_llm: Dummy device initialized
01-15 03:50:41.455   505   505 I coresight-cti-apss_atb_cti: CTI initialized
01-15 03:50:41.455   505   505 I coresight-cti-cpu0: CTI initialized
01-15 03:50:41.455   505   505 I coresight-cti-cpu1: CTI initialized
01-15 03:50:41.456   505   505 I coresight-cti-cpu2: CTI initialized
01-15 03:50:41.456   505   505 I coresight-cti-cpu3: CTI initialized
01-15 03:50:41.456   505   505 I coresight-cti-cpu4: CTI initialized
01-15 03:50:41.457   511   511 I coresight-remote-etm soc: modem_etm0: Remote ETM initialized
01-15 03:50:41.457   505   505 I coresight-cti-cpu5: CTI initialized
01-15 03:50:41.457   509   509 I coresight-dummy soc: snoc: Dummy device initialized
01-15 03:50:41.458   505   505 I coresight-cti-cpu6: CTI initialized
01-15 03:50:41.458   505   505 I coresight-cti-cpu7: CTI initialized
01-15 03:50:41.459   511   511 I coresight-remote-etm soc: modem2_etm0: Remote ETM initialized
01-15 03:50:41.460   504   504 I coresight-stm: STM32 initialized
01-15 03:50:41.465   532   532 I         : smcu_gpio_probe
01-15 03:50:41.465   532   532 I smcu_gpio soc: smcu_gpio: pin-rst-n:302
01-15 03:50:41.465   532   532 I smcu_gpio soc: smcu_gpio: pin-mic-sw:393
01-15 03:50:41.465   532   532 I smcu_gpio soc: smcu_gpio: pin-cam-rear-sw:313
01-15 03:50:41.465   532   532 I smcu_gpio soc: smcu_gpio: pin-cam-front-sw:314
01-15 03:50:41.465   532   532 I smcu_gpio soc: smcu_gpio: pin-usb2-sw:324
01-15 03:50:41.465   532   532 I smcu_gpio soc: smcu_gpio: pin-spi-tz-mrdy:406
01-15 03:50:41.465   532   532 I smcu_gpio soc: smcu_gpio: pin-spi-ns-mrdy:410
01-15 03:50:41.465   532   532 I smcu_gpio soc: smcu_gpio: pin-spi-tz-srdy:392
01-15 03:50:41.465   532   532 I smcu_gpio soc: smcu_gpio: pin-spi-ns-srdy:343
01-15 03:50:41.465   532   532 I smcu_gpio soc: smcu_gpio: smcu_gpio_probe: Success
01-15 03:50:41.466   509   509 I coresight-dummy soc: modem_diag: Dummy device initialized
01-15 03:50:41.467   509   509 I coresight-dummy soc: tpdm_lpicc: Dummy device initialized
01-15 03:50:41.469   509   509 I coresight-dummy soc: gladiator: Dummy device initialized
01-15 03:50:41.469   509   509 I coresight-dummy soc: dummy_sink: Dummy device initialized
01-15 03:50:41.475   559   559 W swr_dlkm: loading out-of-tree module taints kernel.
01-15 03:50:41.481   356   356 I fastrpc soc: qcom,msm_fastrpc:qcom,msm_fastrpc_compute_cb17: Adding to iommu group 21
01-15 03:50:41.490   356   356 I fastrpc soc: qcom,msm_fastrpc:qcom,msm_fastrpc_compute_cb18: Adding to iommu group 22
01-15 03:50:41.493   356   356 I adsprpc : fastrpc_device_init: SSR notifier registered for lpass
01-15 03:50:41.493   356   356 I adsprpc : fastrpc_device_init: SSR notifier registered for mpss
01-15 03:50:41.493   356   356 I adsprpc : fastrpc_device_init: SSR notifier registered for dsps
01-15 03:50:41.498   328   328 E msm-dwc3 a600000.ssusb: Nominal values not found.
01-15 03:50:41.498   328   328 E msm-dwc3 a600000.ssusb: Using default bus votes
01-15 03:50:41.503   356   356 I adsprpc : fastrpc_device_init: SSR notifier registered for cdsp
01-15 03:50:41.503   356   356 I adsprpc : fastrpc_device_init: SSR notifier registered for cdsp1
01-15 03:50:41.503   356   356 I adsprpc : fastrpc_device_init: SSR notifier registered for gpdsp0
01-15 03:50:41.503   356   356 I adsprpc : fastrpc_device_init: SSR notifier registered for gpdsp1
01-15 03:50:41.524   556   556 W         : **********************************************************
01-15 03:50:41.524   556   556 W         : **   NOTICE NOTICE NOTICE NOTICE NOTICE NOTICE NOTICE   **
01-15 03:50:41.524   556   556 W         : **                                                      **
01-15 03:50:41.524   556   556 W         : ** trace_printk() being used. Allocating extra memory.  **
01-15 03:50:41.524   556   556 W         : **                                                      **
01-15 03:50:41.524   556   556 W         : ** This means that this is a DEBUG kernel and it is     **
01-15 03:50:41.524   556   556 W         : ** unsafe for production use.                           **
01-15 03:50:41.524   556   556 W         : **                                                      **
01-15 03:50:41.524   556   556 W         : ** If you see this message and you are not debugging    **
01-15 03:50:41.524   556   556 W         : ** the kernel, report this immediately to your vendor!  **
01-15 03:50:41.524   556   556 W         : **                                                      **
01-15 03:50:41.524   556   556 W         : **   NOTICE NOTICE NOTICE NOTICE NOTICE NOTICE NOTICE   **
01-15 03:50:41.524   556   556 W         : **********************************************************
01-15 03:50:41.527   583   583 I st54spi_gpio_dev_init: Loading st54spi gpio_driver 1.0
01-15 03:50:41.596   600   600 I CLD80211: Initializing
01-15 03:50:41.598   655   655 I cnss_plat: CNSS Platform IPC QMI Service is started
01-15 03:50:41.602   556   556 E         : spf_core_platform_driver_probe
01-15 03:50:41.603   163   163 W msm-cdc-pinctrl soc: wsa_spkr_en1_pinctrl: deferred probe timeout, ignoring dependency
01-15 03:50:41.603   538   538 I         : usbext_gpio_probe
01-15 03:50:41.603   538   538 I usbext_gpio soc: usbext_output: pin_bri_ponrstb:374
01-15 03:50:41.604   538   538 I usbext_gpio soc: usbext_output: pin_ex_mod_io_en:391
01-15 03:50:41.604   538   538 I usbext_gpio soc: usbext_output: pin_ex_mod_sw_en:428
01-15 03:50:41.604   538   538 I usbext_gpio soc: usbext_output: pin_ex_mod_boost_en:429
01-15 03:50:41.604   538   538 I usbext_gpio soc: usbext_output: pin_ex_mod_swout_en:283
01-15 03:50:41.604   538   538 I usbext_gpio soc: usbext_output: pin_ex_mo_data_en:307
01-15 03:50:41.605   538   538 I usbext_gpio soc: usbext_output: pin_bri_3v3_en:289
01-15 03:50:41.605   538   538 I usbext_gpio soc: usbext_output: usbext_gpio_probe: Success
01-15 03:50:41.605   538   538 I         : usbext_gpio_probe!/n
01-15 03:50:41.605   538   538 I usbext_gpio soc: usbext_output: usbext_gpio_probe: Success
01-15 03:50:41.606   163   163 W msm-cdc-pinctrl soc: wsa_spkr_en1_pinctrl: deferred probe timeout, ignoring dependency
01-15 03:50:41.606   163   163 W msm-cdc-pinctrl soc: wsa_spkr_en1_pinctrl: deferred probe timeout, ignoring dependency
01-15 03:50:41.608   166   166 W msm-cdc-pinctrl soc: wsa_spkr_en1_pinctrl: deferred probe timeout, ignoring dependency
01-15 03:50:41.612   500   500 I coresight-tmc 10048000.tmc: Adding to iommu group 23
01-15 03:50:41.625   166   166 W msm-cdc-pinctrl soc: wsa_spkr_en1_pinctrl: deferred probe timeout, ignoring dependency
01-15 03:50:41.628   500   500 I coresight-tmc 10048000.tmc: setting tmc etr sw usb buf size 0x4000000
01-15 03:50:41.645   166   166 W msm-cdc-pinctrl soc: wsa_spkr_en1_pinctrl: deferred probe timeout, ignoring dependency
01-15 03:50:41.646   166   166 W msm-cdc-pinctrl soc: wsa_spkr_en1_pinctrl: deferred probe timeout, ignoring dependency
01-15 03:50:41.657   540   540 I uaudio-qmi soc: usb_audio_qmi_dev: Adding to iommu group 24
01-15 03:50:41.661   163   163 W msm-cdc-pinctrl soc: wsa_spkr_en1_pinctrl: deferred probe timeout, ignoring dependency
01-15 03:50:41.663   584   584 I qce 1de0000.qcedev: Adding to iommu group 25
01-15 03:50:41.664   163   163 W msm-cdc-pinctrl soc: wsa_spkr_en1_pinctrl: deferred probe timeout, ignoring dependency
01-15 03:50:41.665   664   664 E         : (NULL device *): msm_gsi_probe:5903 No MSIs configured
01-15 03:50:41.665   163   163 W msm-cdc-pinctrl soc: wsa_spkr_en1_pinctrl: deferred probe timeout, ignoring dependency
01-15 03:50:41.666   163   163 W msm-cdc-pinctrl soc: wsa_spkr_en1_pinctrl: deferred probe timeout, ignoring dependency
01-15 03:50:41.666   584   584 W qcedev_probe_device: No icc avg BW set, using default
01-15 03:50:41.666   584   584 W qcedev_probe_device: No icc peak BW set, using default
01-15 03:50:41.667   540   540 E uaudio-qmi soc: usb_audio_qmi_dev: failed to register disconnect callback ret = 0
01-15 03:50:41.668   163   163 W msm-cdc-pinctrl soc: wsa_spkr_en1_pinctrl: deferred probe timeout, ignoring dependency
01-15 03:50:41.669   584   584 I QCE50   : __qce_get_device_tree_data: CE operating frequency is not defined, setting to default 100MHZ
01-15 03:50:41.669   584   584 I qce 1de0000.qcedev: QTI Crypto 5.7.0 device found @0x1de0000
01-15 03:50:41.669   584   584 I sps_register_bam_device: sps:BAM 0x0000000001dc4000 is registered
01-15 03:50:41.670   584   584 I sps_bam_enable: sps:BAM 0x0000000001dc4000 (va:0xffffffc015e00000) enabled: ver:0x28, number of pipes:20
01-15 03:50:41.671   584   584 I QCE50   : qce_sps_init:  QTI MSM CE-BAM at 0x0000000001dc4000 irq 27
01-15 03:50:41.675   549   549 I cfg80211: Loading compiled-in X.509 certificates for regulatory database
01-15 03:50:41.676   166   166 W msm-cdc-pinctrl soc: wsa_spkr_en1_pinctrl: deferred probe timeout, ignoring dependency
01-15 03:50:41.676   549   549 E cfg80211: Problem loading in-kernel X.509 certificate (-13)
01-15 03:50:41.676    81    81 W platform regulatory.0: Direct firmware load for regulatory.db failed with error -2
01-15 03:50:41.676    81    81 W platform regulatory.0: Falling back to sysfs fallback for: regulatory.db
01-15 03:50:41.676   584   584 I qce 1de0000.qcedev: qcom_cedev_ns_cb: Adding to iommu group 25
01-15 03:50:41.676   706   706 E smcinvoke: smcinvoke_start_adci_thread: ADCI feature is not supported on this chipsets, ret = 2
01-15 03:50:41.676   706   706 I tzobject_delete: me->fd = 0, me->refs = 0, files = ffffffd92be17640
01-15 03:50:41.676   706   706 W smcinvoke: smcinvoke_postprocess_kthread_func: kthread(worker_thread) processed, worker_thread type is 2
01-15 03:50:41.677   584   584 I qce 1de0000.qcedev: qcom_cedev_s_cb: Adding to iommu group 26
01-15 03:50:41.680   166   166 W msm-cdc-pinctrl soc: wsa_spkr_en1_pinctrl: deferred probe timeout, ignoring dependency
01-15 03:50:41.681   659   659 W btpower : no symbol version for get_client_env_object
01-15 03:50:41.681   166   166 W msm-cdc-pinctrl soc: wsa_spkr_en1_pinctrl: deferred probe timeout, ignoring dependency
01-15 03:50:41.682   659   659 I bt_power_probe: WLAN_SW_CNTRL_GPIO value= 0
01-15 03:50:41.682   659   659 I cnss_utils: cnss_utils: device type:0
01-15 03:50:41.682   659   659 I cnss_utils: cnss_utils: set device type:0
01-15 03:50:41.682   659   659 I tzobject_delete: me->fd = 4, me->refs = 0, files = ffffff880151a3c0
01-15 03:50:41.682   659   659 I tzobject_delete: me->fd = 4, me->refs = 0, files = ffffff880151a3c0
01-15 03:50:41.682   659   659 I tzobject_delete: me->fd = 5, me->refs = 0, files = ffffff880151a3c0
01-15 03:50:41.683   659   659 I bt_power_populate_dt_pinfo: bt_kiwi device node found
01-15 03:50:41.683   659   659 W         : bt-debug-gpio not provided in devicetree
01-15 03:50:41.683   659   659 W         : xo-clk-gpio not provided in devicetree
01-15 03:50:41.683   659   659 E bt_dt_parse_clk_info: clocks is not provided in device tree
01-15 03:50:41.683   659   659 W bt_power_populate_dt_pinfo: clock not provided in device tree
01-15 03:50:41.683   659   659 W bt_power_populate_dt_pinfo: temperature sensor is not provided in dts
01-15 03:50:41.683   659   659 I         : PDC Init table configured
01-15 03:50:41.684   659   659 I btpower_aop_mbox_init: vreg for iPA not configured
01-15 03:50:41.685   166   166 W msm-cdc-pinctrl soc: wsa_spkr_en1_pinctrl: deferred probe timeout, ignoring dependency
01-15 03:50:41.688   166   166 W msm-cdc-pinctrl soc: wsa_spkr_en1_pinctrl: deferred probe timeout, ignoring dependency
01-15 03:50:41.690   680   680 W msm-hw-fence: probe of soc:qcom,hw-fence failed with error -95
01-15 03:50:41.694   166   166 W msm-cdc-pinctrl soc: wsa_spkr_en1_pinctrl: deferred probe timeout, ignoring dependency
01-15 03:50:41.695   659   659 W         : qcom_slim_ngd_runtime_resume QMI handle is NULL
01-15 03:50:41.695   659   659 I btfm_slim_probe: name = 217:221:1:0
01-15 03:50:41.695   659   659 I btfm_slim_probe: name = btfmslim_slave
01-15 03:50:41.695   659   659 E btfm_slim_probe: is_laddr_valid is true
01-15 03:50:41.695   659   659 E btfmslim-driver btfmslim_slave:  
01-15 03:50:41.696   166   166 W msm-cdc-pinctrl soc: wsa_spkr_en1_pinctrl: deferred probe timeout, ignoring dependency
01-15 03:50:41.697   677   677 I aps     : init (1.2)
01-15 03:50:41.704   679   679 I DATARMNET7eb0fa5c8f(): rmnet_wlan initializing
01-15 03:50:41.704   679   679 I DATARMNET7eb0fa5c8f(): rmnet_wlan_set_hooks set
01-15 03:50:41.704   673   673 I DATARMNETb1c42acd9c(): rmnet_offload initializing
01-15 03:50:41.706   695   695 E         : [NVT-ts] nvt_driver_init 2000: start
01-15 03:50:41.706   695   695 E         : [NVT-ts] nvt_driver_init 2008: finished
01-15 03:50:41.709   166   166 W tz_log_dlkm: [tzdbg_get_tz_version][1724]: tz diag version is 2404000
01-15 03:50:41.709   166   166 W tz_log_dlkm: [tzdbg_query_encrypted_log][1758]: encrypted qseelog enabled is 0
01-15 03:50:41.746   166   166 W msm-cdc-pinctrl soc: wsa_spkr_en1_pinctrl: deferred probe timeout, ignoring dependency
01-15 03:50:41.747   500   500 I coresight-tmc 1004f000.tmc: Adding to iommu group 27
01-15 03:50:41.747   166   166 W msm-cdc-pinctrl soc: wsa_spkr_en1_pinctrl: deferred probe timeout, ignoring dependency
01-15 03:50:41.749   166   166 W msm-cdc-pinctrl soc: wsa_spkr_en1_pinctrl: deferred probe timeout, ignoring dependency
01-15 03:50:41.749   500   500 E tmc_etr_usb_init: ETR usb property is not configured!
01-15 03:50:41.750   166   166 W msm-cdc-pinctrl soc: wsa_spkr_en1_pinctrl: deferred probe timeout, ignoring dependency
01-15 03:50:41.753   163   163 W msm-cdc-pinctrl soc: wsa_spkr_en1_pinctrl: deferred probe timeout, ignoring dependency
01-15 03:50:41.753   163   163 W msm-cdc-pinctrl soc: wsa_spkr_en1_pinctrl: deferred probe timeout, ignoring dependency
01-15 03:50:41.772   592   592 I cnss_utils: cnss_utils: device type:0
01-15 03:50:41.772   592   592 I cnss_utils: cnss_utils: device type already set :0
01-15 03:50:41.772   592   592 I cnss_prealloc: assign cnss pool for device id 0x1107
01-15 03:50:41.775   687   687 I         : Loading st21nfc driver
01-15 03:50:41.775   688   688 I nfc_i2c_dev_init: Loading NXP NFC I2C driver
01-15 03:50:41.775   592   592 I cnss_prealloc: created mempool cnss-pool-8k of min size 16 * 8192
01-15 03:50:41.775   592   592 I cnss_prealloc: created mempool cnss-pool-16k of min size 16 * 16384
01-15 03:50:41.775   592   592 I cnss_prealloc: created mempool cnss-pool-32k of min size 22 * 32768
01-15 03:50:41.776   163   163 I nfc_parse_dt: irq 356
01-15 03:50:41.776   163   163 W nfc_parse_dt: nfc dwl_req gpio invalid -2
01-15 03:50:41.776   163   163 I nfc_parse_dt: irq 356, ven 331, dwl -2, clkreq 332, clk_pin_voting 0
01-15 03:50:41.776   163   163 I nfc_i2c_dev_probe: requesting IRQ 336
01-15 03:50:41.777   163   163 I tzobject_delete: me->fd = 0, me->refs = 0, files = ffffffd92be17640
01-15 03:50:41.777   163   163 I TZ ret  : 10 nfc_sec_state: 0
01-15 03:50:41.777   163   163 I tzobject_delete: me->fd = 0, me->refs = 0, files = ffffffd92be17640
01-15 03:50:41.777   163   163 I tzobject_delete: me->fd = 1, me->refs = 0, files = ffffffd92be17640
01-15 03:50:41.777   163   163 E configure_gpio: invalid gpio
01-15 03:50:41.777   163   163 E nfc_post_init: unable to request nfc firm downl gpio [-2]
01-15 03:50:41.782   166   166 W msm-cdc-pinctrl soc: wsa_spkr_en1_pinctrl: deferred probe timeout, ignoring dependency
01-15 03:50:41.783   165   165 W msm-cdc-pinctrl soc: wsa_spkr_en1_pinctrl: deferred probe timeout, ignoring dependency
01-15 03:50:41.784   165   165 W msm-cdc-pinctrl soc: wsa_spkr_en1_pinctrl: deferred probe timeout, ignoring dependency
01-15 03:50:41.784   592   592 I cnss_prealloc: created mempool cnss-pool-64k of min size 38 * 65536
01-15 03:50:41.784   592   592 I cnss_prealloc: created mempool cnss-pool-128k of min size 10 * 131072
01-15 03:50:41.792   165   165 W msm-cdc-pinctrl soc: wsa_spkr_en1_pinctrl: deferred probe timeout, ignoring dependency
01-15 03:50:41.793   166   166 W msm-cdc-pinctrl soc: wsa_spkr_en1_pinctrl: deferred probe timeout, ignoring dependency
01-15 03:50:41.794   166   166 W msm-cdc-pinctrl soc: wsa_spkr_en1_pinctrl: deferred probe timeout, ignoring dependency
01-15 03:50:41.795   166   166 W msm-cdc-pinctrl soc: wsa_spkr_en1_pinctrl: deferred probe timeout, ignoring dependency
01-15 03:50:41.796   166   166 W msm-cdc-pinctrl soc: wsa_spkr_en1_pinctrl: deferred probe timeout, ignoring dependency
01-15 03:50:41.797   166   166 W msm-cdc-pinctrl soc: wsa_spkr_en1_pinctrl: deferred probe timeout, ignoring dependency
01-15 03:50:41.798   166   166 W msm-cdc-pinctrl soc: wsa_spkr_en1_pinctrl: deferred probe timeout, ignoring dependency
01-15 03:50:41.802   592   592 I tzobject_delete: me->fd = 4, me->refs = 0, files = ffffff8063b27440
01-15 03:50:41.802   592   592 I tzobject_delete: me->fd = 4, me->refs = 0, files = ffffff8063b27440
01-15 03:50:41.802   592   592 I tzobject_delete: me->fd = 5, me->refs = 0, files = ffffff8063b27440
01-15 03:50:41.803   166   166 W msm-cdc-pinctrl soc: wsa_spkr_en1_pinctrl: deferred probe timeout, ignoring dependency
01-15 03:50:41.804   166   166 W msm-cdc-pinctrl soc: wsa_spkr_en1_pinctrl: deferred probe timeout, ignoring dependency
01-15 03:50:41.805   166   166 W msm-cdc-pinctrl soc: wsa_spkr_en1_pinctrl: deferred probe timeout, ignoring dependency
01-15 03:50:41.806   166   166 W msm-cdc-pinctrl soc: wsa_spkr_en1_pinctrl: deferred probe timeout, ignoring dependency
01-15 03:50:41.807   166   166 W msm-cdc-pinctrl soc: wsa_spkr_en1_pinctrl: deferred probe timeout, ignoring dependency
01-15 03:50:41.811   592   592 I msm_pcie_enable: PCIe: Assert the reset of endpoint of RC0.
01-15 03:50:41.818   166   166 W msm-cdc-pinctrl soc: wsa_spkr_en1_pinctrl: deferred probe timeout, ignoring dependency
01-15 03:50:41.819   675   675 I DATARMNET63abbdc3d3(): Loading
01-15 03:50:41.820   163   163 W         : invalid GPIO -2
01-15 03:50:41.820   696   696 I         : [GTP-INF][goodix_ts_core_init:2784] Core layer init:v1.2.4
01-15 03:50:41.820   696   696 I         : [GTP-INF][goodix_spi_bus_init:309] Goodix spi driver init
01-15 03:50:41.820   696   696 W         : SPI driver gtx8_spi has no spi_device_id for goodix,gt9897S
01-15 03:50:41.820   696   696 W         : SPI driver gtx8_spi has no spi_device_id for goodix,gt9897T
01-15 03:50:41.820   696   696 W         : SPI driver gtx8_spi has no spi_device_id for goodix,gt9966S
01-15 03:50:41.820   696   696 W         : SPI driver gtx8_spi has no spi_device_id for goodix,gt9916S
01-15 03:50:41.820   696   696 W         : SPI driver gtx8_spi has no spi_device_id for goodix,gt9916S2
01-15 03:50:41.820   663   663 I CAM_INFO: CAM-UTIL: camera_init: 293: Camera-Banner: (cm@cm-build-V3) (Tue Mar 19 15:08:30 UTC 2024)
01-15 03:50:41.820   696   696 I         : [GTP-INF][goodix_spi_probe:197] goodix spi probe in
01-15 03:50:41.820   696   696 I         : [GTP-INF][goodix_get_ic_type:178] ic type is BerlinD
01-15 03:50:41.821   696   696 I         : [GTP-INF][goodix_spi_probe:257] spi probe out
01-15 03:50:41.821   696   696 I         : [GTP-INF][goodix_i2c_bus_init:264] Goodix i2c driver init
01-15 03:50:41.823   696   696 I         : [GTP-INF][goodix_ts_probe:2571] goodix_ts_probe IN
01-15 03:50:41.823   166   166 W msm-cdc-pinctrl soc: wsa_spkr_en1_pinctrl: deferred probe timeout, ignoring dependency
01-15 03:50:41.824   592   592 I msm_pcie_enable: PCIe: RC0: PCIE20_PARF_INT_ALL_MASK: 0x7f80d202
01-15 03:50:41.824   681   681 I msm_cvp ab00000.qcom,cvp: cvp_non_secure_cb: Adding to iommu group 28
01-15 03:50:41.824   166   166 I         : [GTP-INF][goodix_ts_probe:2571] goodix_ts_probe IN
01-15 03:50:41.825   166   166 W msm-cdc-pinctrl soc: wsa_spkr_en1_pinctrl: deferred probe timeout, ignoring dependency
01-15 03:50:41.826   681   681 I msm_cvp ab00000.qcom,cvp: cvp_secure_nonpixel_cb: Adding to iommu group 29
01-15 03:50:41.827   166   166 I         : [GTP-INF][goodix_ts_probe:2571] goodix_ts_probe IN
01-15 03:50:41.828   681   681 I msm_cvp ab00000.qcom,cvp: cvp_secure_pixel_cb: Adding to iommu group 30
01-15 03:50:41.828   166   166 W msm-cdc-pinctrl soc: wsa_spkr_en1_pinctrl: deferred probe timeout, ignoring dependency
01-15 03:50:41.829   681   681 I msm_cvp ab00000.qcom,cvp: qcom,msm-cvp,mem_cdsp: assigned reserved memory node cdsp_eva_region
01-15 03:50:41.829   166   166 I         : [GTP-INF][goodix_ts_probe:2571] goodix_ts_probe IN
01-15 03:50:41.831   166   166 W msm-cdc-pinctrl soc: wsa_spkr_en1_pinctrl: deferred probe timeout, ignoring dependency
01-15 03:50:41.831   164   164 I msm_vidc_v4l2 aa00000.qcom,vidc: non_secure_pixel_cb: Adding to iommu group 31
01-15 03:50:41.832    10    10 I msm_vidc_v4l2 aa00000.qcom,vidc: non_secure_cb: Adding to iommu group 32
01-15 03:50:41.832   592   592 I pcie_phy_init: PCIe RC0 PHY is ready!
01-15 03:50:41.833   165   165 I video_cc-kalama aaf0000.clock-controller: sync-state
01-15 03:50:41.833     8     8 I msm_vidc_v4l2 aa00000.qcom,vidc: secure_bitstream_cb: Adding to iommu group 33
01-15 03:50:41.833   166   166 I msm_vidc_v4l2 aa00000.qcom,vidc: secure_non_pixel_cb: Adding to iommu group 34
01-15 03:50:41.833    95    95 I msm_vidc_v4l2 aa00000.qcom,vidc: secure_pixel_cb: Adding to iommu group 35
01-15 03:50:41.833   165   165 I         : [GTP-INF][goodix_ts_probe:2571] goodix_ts_probe IN
01-15 03:50:41.834   165   165 W msm-cdc-pinctrl soc: wsa_spkr_en1_pinctrl: deferred probe timeout, ignoring dependency
01-15 03:50:41.834   165   165 I         : [GTP-INF][goodix_ts_probe:2571] goodix_ts_probe IN
01-15 03:50:41.834   165   165 W msm-cdc-pinctrl soc: wsa_spkr_en1_pinctrl: deferred probe timeout, ignoring dependency
01-15 03:50:41.835    95    95 I         : [GTP-INF][goodix_ts_probe:2571] goodix_ts_probe IN
01-15 03:50:41.835   709   709 I kgsl-iommu 3da0000.qcom,kgsl-iommu: gfx3d_user: Adding to iommu group 36
01-15 03:50:41.836    95    95 W msm-cdc-pinctrl soc: wsa_spkr_en1_pinctrl: deferred probe timeout, ignoring dependency
01-15 03:50:41.836   709   709 I kgsl-iommu 3da0000.qcom,kgsl-iommu: gfx3d_lpac: Adding to iommu group 37
01-15 03:50:41.836    95    95 I         : [GTP-INF][goodix_ts_probe:2571] goodix_ts_probe IN
01-15 03:50:41.836    95    95 W msm-cdc-pinctrl soc: wsa_spkr_en1_pinctrl: deferred probe timeout, ignoring dependency
01-15 03:50:41.837   709   709 I kgsl-iommu 3da0000.qcom,kgsl-iommu: gfx3d_secure: Adding to iommu group 38
01-15 03:50:41.837    95    95 I         : [GTP-INF][goodix_ts_probe:2571] goodix_ts_probe IN
01-15 03:50:41.837    95    95 W msm-cdc-pinctrl soc: wsa_spkr_en1_pinctrl: deferred probe timeout, ignoring dependency
01-15 03:50:41.838    95    95 I         : [GTP-INF][goodix_ts_probe:2571] goodix_ts_probe IN
01-15 03:50:41.838   709   709 I adreno-gen7-gmu 3d68000.qcom,gmu: Adding to iommu group 39
01-15 03:50:41.839    95    95 W msm-cdc-pinctrl soc: wsa_spkr_en1_pinctrl: deferred probe timeout, ignoring dependency
01-15 03:50:41.839    95    95 I         : [GTP-INF][goodix_ts_probe:2571] goodix_ts_probe IN
01-15 03:50:41.840   163   163 I         : nfc_post_init success
01-15 03:50:41.840   163   163 I nfc_i2c_dev_probe: nfc secure_zone = false
01-15 03:50:41.840   163   163 I nfc_i2c_dev_probe: probing nfc i2c success
01-15 03:50:41.840   674   674 I DATARMNET5e4be08a32(): Loading
01-15 03:50:41.840   678   678 I sch     : init (1.1)
01-15 03:50:41.840   676   676 I DATARMNET163e93649e(): Starting rmnet SHS module 43a6b
01-15 03:50:41.842    95    95 W msm-cdc-pinctrl soc: wsa_spkr_en1_pinctrl: deferred probe timeout, ignoring dependency
01-15 03:50:41.842    95    95 I         : [GTP-INF][goodix_ts_probe:2571] goodix_ts_probe IN
01-15 03:50:41.842   592   592 I msm_pcie_enable: PCIe: Release the reset of endpoint of RC0.
01-15 03:50:41.843   451   451 W logd    : libprocessgroup: JoinCgroup: controller schedtune is not found
01-15 03:50:41.843    95    95 W msm-cdc-pinctrl soc: wsa_spkr_en1_pinctrl: deferred probe timeout, ignoring dependency
01-15 03:50:41.844   680   680 I [sde_rsc_hw:rsc_hw_init_v3:545]: sde rsc init successfully done
01-15 03:50:41.844   680   680 I [sde_rsc:sde_rsc_probe:1830]: sde rsc index:0 probed successfully
01-15 03:50:41.844    95    95 I         : [GTP-INF][goodix_ts_probe:2571] goodix_ts_probe IN
01-15 03:50:41.847   669   669 I ipa 3e00000.qcom,ipa: ipa_smmu_ap: Adding to iommu group 40
01-15 03:50:41.847   451   451 I logd.auditd: start
01-15 03:50:41.848    95    95 W msm-cdc-pinctrl soc: wsa_spkr_en1_pinctrl: deferred probe timeout, ignoring dependency
01-15 03:50:41.849    95    95 I         : [GTP-INF][goodix_ts_probe:2571] goodix_ts_probe IN
01-15 03:50:41.850   709   709 I kgsl-3d 3d00000.qcom,kgsl-3d0: bound 3da0000.qcom,kgsl-iommu (ops kgsl_mmu_component_ops [msm_kgsl])
01-15 03:50:41.850   709   709 I kgsl-3d 3d00000.qcom,kgsl-3d0: bound 3da0000.qcom,kgsl-iommu:gfx3d_user (ops kgsl_mmu_cb_component_ops [msm_kgsl])
01-15 03:50:41.850   709   709 I kgsl-3d 3d00000.qcom,kgsl-3d0: bound 3da0000.qcom,kgsl-iommu:gfx3d_lpac (ops kgsl_mmu_cb_component_ops [msm_kgsl])
01-15 03:50:41.850   709   709 I kgsl-3d 3d00000.qcom,kgsl-3d0: bound 3da0000.qcom,kgsl-iommu:gfx3d_secure (ops kgsl_mmu_cb_component_ops [msm_kgsl])
01-15 03:50:41.852   451   451 I logd    : Loaded bug_map file: /system_ext/etc/selinux/bug_map
01-15 03:50:41.852    95    95 W msm-cdc-pinctrl soc: wsa_spkr_en1_pinctrl: deferred probe timeout, ignoring dependency
01-15 03:50:41.852   451   451 I logd    : Loaded bug_map file: /vendor/etc/selinux/selinux_denial_metadata
01-15 03:50:41.853   669   669 I ipa 3e00000.qcom,ipa: ipa_smmu_wlan: Adding to iommu group 41
01-15 03:50:41.853   451   451 I logd    : Loaded bug_map file: /system/etc/selinux/bug_map
01-15 03:50:41.853    95    95 I         : [GTP-INF][goodix_ts_probe:2571] goodix_ts_probe IN
01-15 03:50:41.853   709   709 I kgsl-3d 3d00000.qcom,kgsl-3d0: bound 3d68000.qcom,gmu (ops gen7_gmu_component_ops [msm_kgsl])
01-15 03:50:41.859   592   592 I msm_pcie_link_train: PCIe RC0 link initialized
01-15 03:50:41.859   592   592 I pci-msm 1c00000.qcom,pcie: host bridge /soc/qcom,pcie@1c00000 ranges:
01-15 03:50:41.859   592   592 I pci-msm 1c00000.qcom,pcie: No bus range found for /soc/qcom,pcie@1c00000, using [bus 00-ff]
01-15 03:50:41.860   592   592 I pci-msm 1c00000.qcom,pcie: MEM 0x0060200000..0x0063ffffff -> 0x0060200000
01-15 03:50:41.860   592   592 I pci-msm 1c00000.qcom,pcie: PCI host bridge to bus 0000:00
01-15 03:50:41.860   592   592 I pci_bus 0000: 00: root bus resource [bus 00-ff]
01-15 03:50:41.860   592   592 I pci_bus 0000: 00: root bus resource [mem 0x60200000-0x63ffffff]
01-15 03:50:41.860   592   592 I pci 0000: 00:00.0: [17cb:0113] type 01 class 0x060400
01-15 03:50:41.860   592   592 I pci 0000: 00:00.0: reg 0x10: [mem 0x00000000-0x00000fff 64bit]
01-15 03:50:41.860   592   592 I pci 0000: 00:00.0: PME# supported from D0 D3hot D3cold
01-15 03:50:41.864   592   592 I pci 0000: 00:00.0: bridge configuration invalid ([bus 00-00]), reconfiguring
01-15 03:50:41.865   592   592 I pci 0000: 01:00.0: [17cb:1107] type 00 class 0x028000
01-15 03:50:41.865    95    95 W msm-cdc-pinctrl soc: wsa_spkr_en1_pinctrl: deferred probe timeout, ignoring dependency
01-15 03:50:41.865   592   592 I pci 0000: 01:00.0: reg 0x10: [mem 0x00000000-0x001fffff 64bit]
01-15 03:50:41.865   669   669 I ipa 3e00000.qcom,ipa: ipa_smmu_uc: Adding to iommu group 42
01-15 03:50:41.865    95    95 I         : [GTP-INF][goodix_ts_probe:2571] goodix_ts_probe IN
01-15 03:50:41.865   592   592 I pci 0000: 01:00.0: PME# supported from D0 D3hot D3cold
01-15 03:50:41.866     8     8 I msm_vidc_v4l2 aa00000.qcom,vidc: bound aa00000.qcom,vidc:non_secure_pixel_cb (ops msm_vidc_component_cb_ops [msm_video])
01-15 03:50:41.866     8     8 I msm_vidc_v4l2 aa00000.qcom,vidc: bound aa00000.qcom,vidc:non_secure_cb (ops msm_vidc_component_cb_ops [msm_video])
01-15 03:50:41.867     8     8 I msm_vidc_v4l2 aa00000.qcom,vidc: bound aa00000.qcom,vidc:secure_non_pixel_cb (ops msm_vidc_component_cb_ops [msm_video])
01-15 03:50:41.867     8     8 I msm_vidc_v4l2 aa00000.qcom,vidc: bound aa00000.qcom,vidc:secure_bitstream_cb (ops msm_vidc_component_cb_ops [msm_video])
01-15 03:50:41.867     8     8 I msm_vidc_v4l2 aa00000.qcom,vidc: bound aa00000.qcom,vidc:secure_pixel_cb (ops msm_vidc_component_cb_ops [msm_video])
01-15 03:50:41.870   592   592 I pci_bus 0000: 01: busn_res: [bus 01-ff] end is updated to 01
01-15 03:50:41.870   592   592 I pci 0000: 00:00.0: BAR 14: assigned [mem 0x60200000-0x603fffff]
01-15 03:50:41.870   592   592 I pci 0000: 00:00.0: BAR 15: assigned [mem 0x60400000-0x605fffff 64bit pref]
01-15 03:50:41.870   592   592 I pci 0000: 00:00.0: BAR 0: assigned [mem 0x60600000-0x60600fff 64bit]
01-15 03:50:41.870   592   592 I pci 0000: 00:00.0: BAR 13: no space for [io  size 0x1000]
01-15 03:50:41.870   592   592 I pci 0000: 00:00.0: BAR 13: failed to assign [io  size 0x1000]
01-15 03:50:41.870   592   592 I pci 0000: 01:00.0: BAR 0: assigned [mem 0x60200000-0x603fffff 64bit]
01-15 03:50:41.870   592   592 I pci 0000: 00:00.0: PCI bridge to [bus 01]
