03-20 00:40:00.846  1264  2882 D RequestManager: [RequestManager.cpp: 358] [Loc_hal_worker(1264,2882)] listenForResponses: Got a response parcel
03-20 00:40:00.847  1264  2882 D RequestManager: [RequestManager.cpp: 483] [Loc_hal_worker(1264,2882)] issueRequest: Pushing a request to the queue.
03-20 00:40:00.847  1264  2882 D RequestManager: [RequestManager.cpp: 495] [Loc_hal_worker(1264,2882)] issueRequest: Pushed a request to the queue.
03-20 00:40:00.847  1264  2881 D RequestManager: [RequestManager.cpp: 135] [Loc_hal_worker(1264,2881)] listenForRequests: Got one or more requests.
03-20 00:40:00.847  1264  2881 D RequestManager: [RequestManager.cpp: 139] [Loc_hal_worker(1264,2881)] listenForRequests: Processing request with ID 11.
03-20 00:40:00.847  1264  2881 D RequestManager: [RequestManager.cpp: 167] [Loc_hal_worker(1264,2881)] listenForRequests: Sending request to the server.
03-20 00:40:00.847  1264  2881 D RequestManager: [RequestManager.cpp: 222] [Loc_hal_worker(1264,2881)] sendRequestToServer: Sending buffer of size 20
03-20 00:40:00.847  1264  2881 D RequestManager: [RequestManager.cpp: 268] [Loc_hal_worker(1264,2881)] writeToSocket: Buffer contents: 00 00 00 14 
03-20 00:40:00.847  1264  2881 D RequestManager: [RequestManager.cpp: 278] [Loc_hal_worker(1264,2881)] writeToSocket: Wrote 4 bytes to the socket.
03-20 00:40:00.847  1264  2881 D RequestManager: [RequestManager.cpp: 268] [Loc_hal_worker(1264,2881)] writeToSocket: Buffer contents: 0B 00 00 00 
03-20 00:40:00.847  1264  2881 D RequestManager: [RequestManager.cpp: 278] [Loc_hal_worker(1264,2881)] writeToSocket: Wrote 4 bytes to the socket.
03-20 00:40:00.847  1264  2881 D RequestManager: [RequestManager.cpp: 268] [Loc_hal_worker(1264,2881)] writeToSocket: Buffer contents: D0 8A A9 7A 7B 00 00 B4 
03-20 00:40:00.847  1264  2881 D RequestManager: [RequestManager.cpp: 278] [Loc_hal_worker(1264,2881)] writeToSocket: Wrote 8 bytes to the socket.
03-20 00:40:00.847  1264  2881 D RequestManager: [RequestManager.cpp: 268] [Loc_hal_worker(1264,2881)] writeToSocket: Buffer contents: 00 00 00 01 00 00 00 00 
03-20 00:40:00.847  1963  2146 I qcrilNrd: Buffer size: 20
03-20 00:40:00.847  1963  2146 I qcrilNrd: Buffer contents: 0B 00 00 00 D0 8A A9 7A 7B 00 00 B4 00 00 00 01 00 00 00 00 
03-20 00:40:00.848  1264  2881 D RequestManager: [RequestManager.cpp: 278] [Loc_hal_worker(1264,2881)] writeToSocket: Wrote 8 bytes to the socket.
03-20 00:40:00.848  1963  2835 I qcrilNrd: RIL Response bytes written:4
03-20 00:40:00.848  1963  2835 I qcrilNrd: RIL Response bytes written:20
03-20 00:40:00.849  1264  2882 D RequestManager: [RequestManager.cpp: 341] [Loc_hal_worker(1264,2882)] listenForResponses: record_stream_get_next: recordLen: 20, ret: 0, errno: 0, errStr: Success, socket fd: 33
03-20 00:40:00.849  1264  2882 D RequestManager: [RequestManager.cpp: 358] [Loc_hal_worker(1264,2882)] listenForResponses: Got a response parcel
03-20 00:40:00.849  1963  3254 I qcrilNrd: RIL Response bytes written:4
03-20 00:40:00.849  1963  3254 I qcrilNrd: RIL Response bytes written:44
03-20 00:40:00.849  1264  2882 D RequestManager: [RequestManager.cpp: 341] [Loc_hal_worker(1264,2882)] listenForResponses: record_stream_get_next: recordLen: 44, ret: 0, errno: 0, errStr: Success, socket fd: 33
03-20 00:40:00.850  1264  2882 D RequestManager: [RequestManager.cpp: 358] [Loc_hal_worker(1264,2882)] listenForResponses: Got a response parcel
03-20 00:40:00.852  1963  3254 I qcrilNrd: RIL Response bytes written:4
03-20 00:40:00.852  1963  3254 I qcrilNrd: RIL Response bytes written:16
03-20 00:40:00.852  1264  2882 D RequestManager: [RequestManager.cpp: 341] [Loc_hal_worker(1264,2882)] listenForResponses: record_stream_get_next: recordLen: 16, ret: 0, errno: 0, errStr: Success, socket fd: 33
03-20 00:40:00.852  1264  2882 D RequestManager: [RequestManager.cpp: 358] [Loc_hal_worker(1264,2882)] listenForResponses: Got a response parcel
03-20 00:40:00.853  1963  5718 I qcrilNrd: RIL Response bytes written:4
03-20 00:40:00.853  1963  5718 I qcrilNrd: RIL Response bytes written:35
03-20 00:40:00.855  1963  5719 I qcrilNrd: RIL Response bytes written:4
03-20 00:40:00.855  1963  5719 I qcrilNrd: RIL Response bytes written:28
03-20 00:40:00.856  3925  3925 I TelephonyComponentFactory:  initMultiSimSettingController 
03-20 00:40:00.856  1264  2882 D RequestManager: [RequestManager.cpp: 341] [Loc_hal_worker(1264,2882)] listenForResponses: record_stream_get_next: recordLen: 35, ret: 0, errno: 0, errStr: Success, socket fd: 33
03-20 00:40:00.856  1264  2882 D RequestManager: [RequestManager.cpp: 358] [Loc_hal_worker(1264,2882)] listenForResponses: Got a response parcel
03-20 00:40:00.856  1264  2882 D RequestManager: [RequestManager.cpp: 341] [Loc_hal_worker(1264,2882)] listenForResponses: record_stream_get_next: recordLen: 28, ret: 0, errno: 0, errStr: Success, socket fd: 33
03-20 00:40:00.856  1264  2882 D RequestManager: [RequestManager.cpp: 358] [Loc_hal_worker(1264,2882)] listenForResponses: Got a response parcel
03-20 00:40:00.857  1947  2856 E RILC    : Unsupported unsolicited response code 1028
03-20 00:40:00.863  3925  3925 D QtiTelephonyComponentFactory: makePhone
03-20 00:40:00.864  3925  3925 D TelephonyTester: register for intent action=com.qualcomm.qti.internal.telephony.action_detached
03-20 00:40:00.864  3925  3925 D TelephonyTester: register for intent action=com.qualcomm.qti.internal.telephony.action_attached
03-20 00:40:00.864  3925  3925 D TelephonyTester: register for intent action=com.android.internal.telephony.TestServiceState
03-20 00:40:00.864  3925  3925 D TelephonyTester: register for intent action=com.android.internal.telephony.TestChangeNumber
03-20 00:40:00.865  3925  3925 D Phone   : mDoesRilSendMultipleCallRing=false
03-20 00:40:00.865  3925  3925 D Phone   : mCallRingDelay=3000
03-20 00:40:00.865  3925  3925 D TelephonyComponentFactory: makeSmsStorageMonitor
03-20 00:40:00.865  1963  2854 E RILC    : Unsupported unsolicited response code 1028
03-20 00:40:00.866  1947  2856 I qcrilNrd: RIL Response bytes written:4
03-20 00:40:00.866  1947  2856 I qcrilNrd: RIL Response bytes written:12
03-20 00:40:00.866  3925  3925 D TelephonyComponentFactory: makeSmsUsageMonitor
03-20 00:40:00.866  1264  2880 D RequestManager: [RequestManager.cpp: 341] [Loc_hal_worker(1264,2880)] listenForResponses: record_stream_get_next: recordLen: 12, ret: 0, errno: 0, errStr: Success, socket fd: 32
03-20 00:40:00.866  1264  2880 D RequestManager: [RequestManager.cpp: 358] [Loc_hal_worker(1264,2880)] listenForResponses: Got a response parcel
03-20 00:40:00.867  3925  3963 D RILJ    : Unsol response received; Sending ack to ril.cpp [PHONE0]
03-20 00:40:00.869  3925  3925 D RILJ    : startLceService: REQUEST_NOT_SUPPORTED
03-20 00:40:00.869  3925  3925 D TelephonyComponentFactory: makeGsmCdmaCallTracker
03-20 00:40:00.870  3925  3925 D QtiTelephonyComponentFactory: makeIccPhoneBookInterfaceManager
03-20 00:40:00.870  3925  3925 D TelephonyComponentFactory: makeIccPhoneBookInterfaceManager
03-20 00:40:00.870  3925  3925 D TelephonyComponentFactory: makeIccSmsInterfaceManager
03-20 00:40:00.870  3925  3925 D QtiTelephonyComponentFactory: makeQtiSmsDispatchersController
03-20 00:40:00.870  3925  3925 D SmsDispatchersController: SmsDispatchersController created
03-20 00:40:00.872  3925  3925 D SMSDispatcher: SMSDispatcher: ctor mSmsCapable=true format=unknown mSmsSendDisabled=false
03-20 00:40:00.872  3925  3925 D SMSDispatcher: SMSDispatcher: ctor mSmsCapable=true format=3gpp2 mSmsSendDisabled=false
03-20 00:40:00.872  3925  3925 D CdmaSMSDispatcher: CdmaSMSDispatcher created
03-20 00:40:00.872  1963  2854 I qcrilNrd: RIL Response bytes written:4
03-20 00:40:00.873  1264  2882 D RequestManager: [RequestManager.cpp: 341] [Loc_hal_worker(1264,2882)] listenForResponses: record_stream_get_next: recordLen: 28, ret: -1, errno: 11, errStr: Try again, socket fd: 33
03-20 00:40:00.873  1963  2854 I qcrilNrd: RIL Response bytes written:113
03-20 00:40:00.873  1264  2882 D RequestManager: [RequestManager.cpp: 341] [Loc_hal_worker(1264,2882)] listenForResponses: record_stream_get_next: recordLen: 113, ret: 0, errno: 0, errStr: Success, socket fd: 33
03-20 00:40:00.873  1264  2882 D RequestManager: [RequestManager.cpp: 358] [Loc_hal_worker(1264,2882)] listenForResponses: Got a response parcel
03-20 00:40:00.875  1947  2856 I qcrilNrd: RIL Response bytes written:4
03-20 00:40:00.875  1264  2880 D RequestManager: [RequestManager.cpp: 341] [Loc_hal_worker(1264,2880)] listenForResponses: record_stream_get_next: recordLen: 12, ret: -1, errno: 11, errStr: Try again, socket fd: 32
03-20 00:40:00.875  1947  2856 I qcrilNrd: RIL Response bytes written:113
03-20 00:40:00.875  1264  2880 D RequestManager: [RequestManager.cpp: 341] [Loc_hal_worker(1264,2880)] listenForResponses: record_stream_get_next: recordLen: 113, ret: 0, errno: 0, errStr: Success, socket fd: 32
03-20 00:40:00.875  1264  2880 D RequestManager: [RequestManager.cpp: 358] [Loc_hal_worker(1264,2880)] listenForResponses: Got a response parcel
03-20 00:40:00.875  3925  3963 D RILJ    : Unsol response received; Sending ack to ril.cpp [PHONE1]
03-20 00:40:00.875  3925  3963 D RILJ    : [UNSL]< UNSOL_RESPONSE_NETWORK_STATE_CHANGED [PHONE1]
03-20 00:40:00.876  1264  2882 D RequestManager: [RequestManager.cpp: 341] [Loc_hal_worker(1264,2882)] listenForResponses: record_stream_get_next: recordLen: 113, ret: -1, errno: 11, errStr: Try again, socket fd: 33
03-20 00:40:00.876  1963  2854 I qcrilNrd: RIL Response bytes written:4
03-20 00:40:00.877  1264  2882 D RequestManager: [RequestManager.cpp: 341] [Loc_hal_worker(1264,2882)] listenForResponses: record_stream_get_next: recordLen: 8, ret: 0, errno: 0, errStr: Success, socket fd: 33
03-20 00:40:00.877  1264  2882 D RequestManager: [RequestManager.cpp: 358] [Loc_hal_worker(1264,2882)] listenForResponses: Got a response parcel
03-20 00:40:00.877  1963  2854 I qcrilNrd: RIL Response bytes written:8
03-20 00:40:00.878  3925  3925 D GsmInboundSmsHandler: created InboundSmsHandler
03-20 00:40:00.878  1264  1332 D RequestManager: [RequestManager.cpp: 483] [Loc_hal_worker(1264,1332)] issueRequest: Pushing a request to the queue.
03-20 00:40:00.879  1264  2881 D RequestManager: [RequestManager.cpp: 135] [Loc_hal_worker(1264,2881)] listenForRequests: Got one or more requests.
03-20 00:40:00.879  1264  2881 D RequestManager: [RequestManager.cpp: 139] [Loc_hal_worker(1264,2881)] listenForRequests: Processing request with ID 108.
03-20 00:40:00.879  1947  2856 I qcrilNrd: RIL Response bytes written:4
03-20 00:40:00.879  1264  2881 D RequestManager: [RequestManager.cpp: 167] [Loc_hal_worker(1264,2881)] listenForRequests: Sending request to the server.
03-20 00:40:00.879  1264  2881 D RequestManager: [RequestManager.cpp: 222] [Loc_hal_worker(1264,2881)] sendRequestToServer: Sending buffer of size 12
03-20 00:40:00.879  1947  2856 I qcrilNrd: RIL Response bytes written:8
03-20 00:40:00.879  1264  2881 D RequestManager: [RequestManager.cpp: 268] [Loc_hal_worker(1264,2881)] writeToSocket: Buffer contents: 00 00 00 0C 
03-20 00:40:00.879  1264  2881 D RequestManager: [RequestManager.cpp: 278] [Loc_hal_worker(1264,2881)] writeToSocket: Wrote 4 bytes to the socket.
03-20 00:40:00.879  1264  2881 D RequestManager: [RequestManager.cpp: 268] [Loc_hal_worker(1264,2881)] writeToSocket: Buffer contents: 6C 00 00 00 
03-20 00:40:00.879  3925  3963 D RILJ    : Unsol response received; Sending ack to ril.cpp [PHONE0]
03-20 00:40:00.879  1264  2881 D RequestManager: [RequestManager.cpp: 278] [Loc_hal_worker(1264,2881)] writeToSocket: Wrote 4 bytes to the socket.
03-20 00:40:00.879  3925  3963 D RILJ    : [UNSL]< UNSOL_RESPONSE_NETWORK_STATE_CHANGED [PHONE0]
03-20 00:40:00.879  1264  2881 D RequestManager: [RequestManager.cpp: 268] [Loc_hal_worker(1264,2881)] writeToSocket: Buffer contents: D0 84 A9 7A 7B 00 00 B4 
03-20 00:40:00.879  1963  2146 I qcrilNrd: Buffer size: 12
03-20 00:40:00.879  1963  2146 I qcrilNrd: Buffer contents: 6C 00 00 00 D0 84 A9 7A 7B 00 00 B4 
03-20 00:40:00.879  1264  1332 D RequestManager: [RequestManager.cpp: 495] [Loc_hal_worker(1264,1332)] issueRequest: Pushed a request to the queue.
03-20 00:40:00.879  1264  2881 D RequestManager: [RequestManager.cpp: 278] [Loc_hal_worker(1264,2881)] writeToSocket: Wrote 8 bytes to the socket.
03-20 00:40:00.879  1264  2881 D RequestManager: [RequestManager.cpp: 268] [Loc_hal_worker(1264,2881)] writeToSocket: Buffer contents: 
03-20 00:40:00.879  1264  1332 D RequestManager: [RequestManager.cpp: 483] [Loc_hal_worker(1264,1332)] issueRequest: Pushing a request to the queue.
03-20 00:40:00.879  1264  1332 D RequestManager: [RequestManager.cpp: 495] [Loc_hal_worker(1264,1332)] issueRequest: Pushed a request to the queue.
03-20 00:40:00.880  1264  1332 D RequestManager: [RequestManager.cpp: 483] [Loc_hal_worker(1264,1332)] issueRequest: Pushing a request to the queue.
03-20 00:40:00.880  1264  2881 D RequestManager: [RequestManager.cpp: 135] [Loc_hal_worker(1264,2881)] listenForRequests: Got one or more requests.
03-20 00:40:00.880  1264  1332 D RequestManager: [RequestManager.cpp: 495] [Loc_hal_worker(1264,1332)] issueRequest: Pushed a request to the queue.
03-20 00:40:00.880  1264  1332 D RequestManager: [RequestManager.cpp: 483] [Loc_hal_worker(1264,1332)] issueRequest: Pushing a request to the queue.
03-20 00:40:00.880  1264  1332 D RequestManager: [RequestManager.cpp: 495] [Loc_hal_worker(1264,1332)] issueRequest: Pushed a request to the queue.
03-20 00:40:00.880  1264  1332 D RequestManager: [RequestManager.cpp: 483] [Loc_hal_worker(1264,1332)] issueRequest: Pushing a request to the queue.
03-20 00:40:00.880  1264  1332 D RequestManager: [RequestManager.cpp: 495] [Loc_hal_worker(1264,1332)] issueRequest: Pushed a request to the queue.
03-20 00:40:00.880  1264  1332 D RequestManager: [RequestManager.cpp: 483] [Loc_hal_worker(1264,1332)] issueRequest: Pushing a request to the queue.
03-20 00:40:00.880  1264  1332 D RequestManager: [RequestManager.cpp: 495] [Loc_hal_worker(1264,1332)] issueRequest: Pushed a request to the queue.
03-20 00:40:00.880  1264  2881 D RequestManager: [RequestManager.cpp: 139] [Loc_hal_worker(1264,2881)] listenForRequests: Processing request with ID 20.
03-20 00:40:00.880  1264  2881 D RequestManager: [RequestManager.cpp: 167] [Loc_hal_worker(1264,2881)] listenForRequests: Sending request to the server.
03-20 00:40:00.880  1264  2881 D RequestManager: [RequestManager.cpp: 222] [Loc_hal_worker(1264,2881)] sendRequestToServer: Sending buffer of size 12
03-20 00:40:00.880  1264  2881 D RequestManager: [RequestManager.cpp: 268] [Loc_hal_worker(1264,2881)] writeToSocket: Buffer contents: 00 00 00 0C 
03-20 00:40:00.880  1963  2854 I qcrilNrd: RIL Response bytes written:4
03-20 00:40:00.880  1963  2854 I qcrilNrd: RIL Response bytes written:20
03-20 00:40:00.881  1264  2881 D RequestManager: [RequestManager.cpp: 278] [Loc_hal_worker(1264,2881)] writeToSocket: Wrote 4 bytes to the socket.
03-20 00:40:00.881  1264  2881 D RequestManager: [RequestManager.cpp: 268] [Loc_hal_worker(1264,2881)] writeToSocket: Buffer contents: 14 00 00 00 
03-20 00:40:00.881  1264  2882 D RequestManager: [RequestManager.cpp: 341] [Loc_hal_worker(1264,2882)] listenForResponses: record_stream_get_next: recordLen: 20, ret: 0, errno: 0, errStr: Success, socket fd: 33
03-20 00:40:00.881  1264  2882 D RequestManager: [RequestManager.cpp: 358] [Loc_hal_worker(1264,2882)] listenForResponses: Got a response parcel
03-20 00:40:00.881  1264  2881 D RequestManager: [RequestManager.cpp: 278] [Loc_hal_worker(1264,2881)] writeToSocket: Wrote 4 bytes to the socket.
03-20 00:40:00.881  1264  2881 D RequestManager: [RequestManager.cpp: 268] [Loc_hal_worker(1264,2881)] writeToSocket: Buffer contents: D0 92 A9 7A 7B 00 00 B4 
03-20 00:40:00.881  1963  2146 I qcrilNrd: Buffer size: 12
03-20 00:40:00.881  1963  2146 I qcrilNrd: Buffer contents: 14 00 00 00 D0 92 A9 7A 7B 00 00 B4 
03-20 00:40:00.881  1963  2146 I qcrilNrd: Dispatching get voice registration state.
03-20 00:40:00.881  1264  2881 D RequestManager: [RequestManager.cpp: 278] [Loc_hal_worker(1264,2881)] writeToSocket: Wrote 8 bytes to the socket.
03-20 00:40:00.882  1264  2881 D RequestManager: [RequestManager.cpp: 268] [Loc_hal_worker(1264,2881)] writeToSocket: Buffer contents: 
03-20 00:40:00.882  1264  2881 D RequestManager: [RequestManager.cpp: 135] [Loc_hal_worker(1264,2881)] listenForRequests: Got one or more requests.
03-20 00:40:00.882  1264  2881 D RequestManager: [RequestManager.cpp: 139] [Loc_hal_worker(1264,2881)] listenForRequests: Processing request with ID 21.
03-20 00:40:00.882  1264  2881 D RequestManager: [RequestManager.cpp: 167] [Loc_hal_worker(1264,2881)] listenForRequests: Sending request to the server.
03-20 00:40:00.882  1264  2881 D RequestManager: [RequestManager.cpp: 222] [Loc_hal_worker(1264,2881)] sendRequestToServer: Sending buffer of size 12
03-20 00:40:00.882  1264  2881 D RequestManager: [RequestManager.cpp: 268] [Loc_hal_worker(1264,2881)] writeToSocket: Buffer contents: 00 00 00 0C 
03-20 00:40:00.882  1264  2881 D RequestManager: [RequestManager.cpp: 278] [Loc_hal_worker(1264,2881)] writeToSocket: Wrote 4 bytes to the socket.
03-20 00:40:00.882  1264  2881 D RequestManager: [RequestManager.cpp: 268] [Loc_hal_worker(1264,2881)] writeToSocket: Buffer contents: 15 00 00 00 
03-20 00:40:00.882  1264  2881 D RequestManager: [RequestManager.cpp: 278] [Loc_hal_worker(1264,2881)] writeToSocket: Wrote 4 bytes to the socket.
03-20 00:40:00.882  1264  2881 D RequestManager: [RequestManager.cpp: 268] [Loc_hal_worker(1264,2881)] writeToSocket: Buffer contents: 50 82 A9 7A 7B 00 00 B4 
03-20 00:40:00.882  1963  2146 I qcrilNrd: Buffer size: 12
03-20 00:40:00.882  1963  2146 I qcrilNrd: Buffer contents: 15 00 00 00 50 82 A9 7A 7B 00 00 B4 
03-20 00:40:00.882  1264  2881 D RequestManager: [RequestManager.cpp: 278] [Loc_hal_worker(1264,2881)] writeToSocket: Wrote 8 bytes to the socket.
03-20 00:40:00.882  1264  2881 D RequestManager: [RequestManager.cpp: 268] [Loc_hal_worker(1264,2881)] writeToSocket: Buffer contents: 
03-20 00:40:00.883  1264  2881 D RequestManager: [RequestManager.cpp: 139] [Loc_hal_worker(1264,2881)] listenForRequests: Processing request with ID 28.
03-20 00:40:00.883  1264  2881 D RequestManager: [RequestManager.cpp: 167] [Loc_hal_worker(1264,2881)] listenForRequests: Sending request to the server.
03-20 00:40:00.883  1264  2881 D RequestManager: [RequestManager.cpp: 222] [Loc_hal_worker(1264,2881)] sendRequestToServer: Sending buffer of size 56
03-20 00:40:00.883  1264  2881 D RequestManager: [RequestManager.cpp: 268] [Loc_hal_worker(1264,2881)] writeToSocket: Buffer contents: 00 00 00 38 
03-20 00:40:00.883  1264  2881 D RequestManager: [RequestManager.cpp: 278] [Loc_hal_worker(1264,2881)] writeToSocket: Wrote 4 bytes to the socket.
03-20 00:40:00.883  1264  2881 D RequestManager: [RequestManager.cpp: 268] [Loc_hal_worker(1264,2881)] writeToSocket: Buffer contents: 1C 00 00 00 
03-20 00:40:00.883  1264  2881 D RequestManager: [RequestManager.cpp: 278] [Loc_hal_worker(1264,2881)] writeToSocket: Wrote 4 bytes to the socket.
03-20 00:40:00.883  1264  2881 D RequestManager: [RequestManager.cpp: 268] [Loc_hal_worker(1264,2881)] writeToSocket: Buffer contents: 90 8C A9 7A 7B 00 00 B4 
03-20 00:40:00.883  1264  2881 D RequestManager: [RequestManager.cpp: 278] [Loc_hal_worker(1264,2881)] writeToSocket: Wrote 8 bytes to the socket.
03-20 00:40:00.883  1264  2881 D RequestManager: [RequestManager.cpp: 268] [Loc_hal_worker(1264,2881)] writeToSocket: Buffer contents: 00 00 00 B0 00 00 6F AD 00 00 00 08 33 46 30 30 37 46 46 46 00 00 00 00 00 00 00 00 00 00 00 00 FF FF FF FF FF FF FF FF 00 00 00 00 
03-20 00:40:00.883  1963  2146 I qcrilNrd: Buffer size: 56
03-20 00:40:00.883  1963  2146 I qcrilNrd: Buffer contents: 1C 00 00 00 90 8C A9 7A 7B 00 00 B4 00 00 00 B0 00 00 6F AD 00 00 00 08 33 46 30 30 37 46 46 46 00 00 00 00 00 00 00 00 00 00 00 00 FF FF FF FF FF FF FF FF 00 00 00 00 
03-20 00:40:00.883  1264  2881 D RequestManager: [RequestManager.cpp: 278] [Loc_hal_worker(1264,2881)] writeToSocket: Wrote 44 bytes to the socket.
03-20 00:40:00.883  1264  2881 D RequestManager: [RequestManager.cpp: 139] [Loc_hal_worker(1264,2881)] listenForRequests: Processing request with ID 22.
03-20 00:40:00.883  1264  2881 D RequestManager: [RequestManager.cpp: 167] [Loc_hal_worker(1264,2881)] listenForRequests: Sending request to the server.
03-20 00:40:00.883  1264  2881 D RequestManager: [RequestManager.cpp: 222] [Loc_hal_worker(1264,2881)] sendRequestToServer: Sending buffer of size 12
03-20 00:40:00.883  1264  2881 D RequestManager: [RequestManager.cpp: 268] [Loc_hal_worker(1264,2881)] writeToSocket: Buffer contents: 00 00 00 0C 
03-20 00:40:00.883  1264  2881 D RequestManager: [RequestManager.cpp: 278] [Loc_hal_worker(1264,2881)] writeToSocket: Wrote 4 bytes to the socket.
03-20 00:40:00.883  1264  2881 D RequestManager: [RequestManager.cpp: 268] [Loc_hal_worker(1264,2881)] writeToSocket: Buffer contents: 16 00 00 00 
03-20 00:40:00.884  1264  2881 D RequestManager: [RequestManager.cpp: 278] [Loc_hal_worker(1264,2881)] writeToSocket: Wrote 4 bytes to the socket.
03-20 00:40:00.884  1264  2881 D RequestManager: [RequestManager.cpp: 268] [Loc_hal_worker(1264,2881)] writeToSocket: Buffer contents: D0 8F A9 7A 7B 00 00 B4 
03-20 00:40:00.884  1963  2146 I qcrilNrd: Buffer size: 12
03-20 00:40:00.884  1963  2146 I qcrilNrd: Buffer contents: 16 00 00 00 D0 8F A9 7A 7B 00 00 B4 
03-20 00:40:00.884  1264  2881 D RequestManager: [RequestManager.cpp: 278] [Loc_hal_worker(1264,2881)] writeToSocket: Wrote 8 bytes to the socket.
03-20 00:40:00.884  1264  2881 D RequestManager: [RequestManager.cpp: 268] [Loc_hal_worker(1264,2881)] writeToSocket: Buffer contents: 
03-20 00:40:00.884  1264  2881 D RequestManager: [RequestManager.cpp: 139] [Loc_hal_worker(1264,2881)] listenForRequests: Processing request with ID 109.
03-20 00:40:00.884  1264  2881 D RequestManager: [RequestManager.cpp: 167] [Loc_hal_worker(1264,2881)] listenForRequests: Sending request to the server.
03-20 00:40:00.884  1264  2881 D RequestManager: [RequestManager.cpp: 222] [Loc_hal_worker(1264,2881)] sendRequestToServer: Sending buffer of size 12
03-20 00:40:00.884  1264  2881 D RequestManager: [RequestManager.cpp: 268] [Loc_hal_worker(1264,2881)] writeToSocket: Buffer contents: 00 00 00 0C 
03-20 00:40:00.884  1963  2835 I qcrilNrd: RIL Response bytes written:4
03-20 00:40:00.884  1264  2880 D RequestManager: [RequestManager.cpp: 341] [Loc_hal_worker(1264,2880)] listenForResponses: record_stream_get_next: recordLen: 8, ret: 0, errno: 0, errStr: Success, socket fd: 32
03-20 00:40:00.884  1963  2835 I qcrilNrd: RIL Response bytes written:28
03-20 00:40:00.884  1264  2881 D RequestManager: [RequestManager.cpp: 278] [Loc_hal_worker(1264,2881)] writeToSocket: Wrote 4 bytes to the socket.
03-20 00:40:00.884  1264  2880 D RequestManager: [RequestManager.cpp: 358] [Loc_hal_worker(1264,2880)] listenForResponses: Got a response parcel
03-20 00:40:00.884  1264  2881 D RequestManager: [RequestManager.cpp: 268] [Loc_hal_worker(1264,2881)] writeToSocket: Buffer contents: 6D 00 00 00 
03-20 00:40:00.884  1264  2880 D RequestManager: [RequestManager.cpp: 483] [Loc_hal_worker(1264,2880)] issueRequest: Pushing a request to the queue.
03-20 00:40:00.884  1264  2882 D RequestManager: [RequestManager.cpp: 341] [Loc_hal_worker(1264,2882)] listenForResponses: record_stream_get_next: recordLen: 28, ret: 0, errno: 0, errStr: Success, socket fd: 33
03-20 00:40:00.884  1264  2882 D RequestManager: [RequestManager.cpp: 358] [Loc_hal_worker(1264,2882)] listenForResponses: Got a response parcel
03-20 00:40:00.884  1264  2882 D RequestManager: [RequestManager.cpp: 483] [Loc_hal_worker(1264,2882)] issueRequest: Pushing a request to the queue.
03-20 00:40:00.884  1264  2882 D RequestManager: [RequestManager.cpp: 495] [Loc_hal_worker(1264,2882)] issueRequest: Pushed a request to the queue.
03-20 00:40:00.884  1264  2881 D RequestManager: [RequestManager.cpp: 278] [Loc_hal_worker(1264,2881)] writeToSocket: Wrote 4 bytes to the socket.
03-20 00:40:00.884  1264  2881 D RequestManager: [RequestManager.cpp: 268] [Loc_hal_worker(1264,2881)] writeToSocket: Buffer contents: 50 8D A9 7A 7B 00 00 B4 
03-20 00:40:00.885  1963  2146 I qcrilNrd: Buffer size: 12
03-20 00:40:00.885  1963  2146 I qcrilNrd: Buffer contents: 6D 00 00 00 50 8D A9 7A 7B 00 00 B4 
03-20 00:40:00.885  1264  2880 D RequestManager: [RequestManager.cpp: 495] [Loc_hal_worker(1264,2880)] issueRequest: Pushed a request to the queue.
03-20 00:40:00.885  1264  2881 D RequestManager: [RequestManager.cpp: 278] [Loc_hal_worker(1264,2881)] writeToSocket: Wrote 8 bytes to the socket.
03-20 00:40:00.885  1264  2881 D RequestManager: [RequestManager.cpp: 268] [Loc_hal_worker(1264,2881)] writeToSocket: Buffer contents: 
03-20 00:40:00.885  1264  2881 D RequestManager: [RequestManager.cpp: 135] [Loc_hal_worker(1264,2881)] listenForRequests: Got one or more requests.
03-20 00:40:00.885  1264  2881 D RequestManager: [RequestManager.cpp: 139] [Loc_hal_worker(1264,2881)] listenForRequests: Processing request with ID 11.
03-20 00:40:00.885  1264  2881 D RequestManager: [RequestManager.cpp: 167] [Loc_hal_worker(1264,2881)] listenForRequests: Sending request to the server.
03-20 00:40:00.885  1264  2881 D RequestManager: [RequestManager.cpp: 222] [Loc_hal_worker(1264,2881)] sendRequestToServer: Sending buffer of size 20
03-20 00:40:00.885  1963  3254 I qcrilNrd: RIL Response bytes written:4
03-20 00:40:00.885  1264  2881 D RequestManager: [RequestManager.cpp: 268] [Loc_hal_worker(1264,2881)] writeToSocket: Buffer contents: 00 00 00 14 
03-20 00:40:00.885  1963  3254 I qcrilNrd: RIL Response bytes written:44
03-20 00:40:00.885  1264  2881 D RequestManager: [RequestManager.cpp: 278] [Loc_hal_worker(1264,2881)] writeToSocket: Wrote 4 bytes to the socket.
03-20 00:40:00.885  1264  2879 D RequestManager: [RequestManager.cpp: 135] [Loc_hal_worker(1264,2879)] listenForRequests: Got one or more requests.
03-20 00:40:00.885  1264  2881 D RequestManager: [RequestManager.cpp: 268] [Loc_hal_worker(1264,2881)] writeToSocket: Buffer contents: 0B 00 00 00 
03-20 00:40:00.885  1264  2879 D RequestManager: [RequestManager.cpp: 139] [Loc_hal_worker(1264,2879)] listenForRequests: Processing request with ID 1.
03-20 00:40:00.885  1264  2879 D RequestManager: [RequestManager.cpp: 167] [Loc_hal_worker(1264,2879)] listenForRequests: Sending request to the server.
03-20 00:40:00.885  1264  2879 D RequestManager: [RequestManager.cpp: 222] [Loc_hal_worker(1264,2879)] sendRequestToServer: Sending buffer of size 12
03-20 00:40:00.885  1264  2879 D RequestManager: [RequestManager.cpp: 268] [Loc_hal_worker(1264,2879)] writeToSocket: Buffer contents: 00 00 00 0C 
03-20 00:40:00.885  1264  2881 D RequestManager: [RequestManager.cpp: 278] [Loc_hal_worker(1264,2881)] writeToSocket: Wrote 4 bytes to the socket.
03-20 00:40:00.885  1264  2881 D RequestManager: [RequestManager.cpp: 268] [Loc_hal_worker(1264,2881)] writeToSocket: Buffer contents: D0 84 A9 7A 7B 00 00 B4 
03-20 00:40:00.886  1264  2881 D RequestManager: [RequestManager.cpp: 278] [Loc_hal_worker(1264,2881)] writeToSocket: Wrote 8 bytes to the socket.
03-20 00:40:00.886  1264  2882 D RequestManager: [RequestManager.cpp: 341] [Loc_hal_worker(1264,2882)] listenForResponses: record_stream_get_next: recordLen: 44, ret: 0, errno: 0, errStr: Success, socket fd: 33
03-20 00:40:00.886  1264  2882 D RequestManager: [RequestManager.cpp: 358] [Loc_hal_worker(1264,2882)] listenForResponses: Got a response parcel
03-20 00:40:00.886  1264  2881 D RequestManager: [RequestManager.cpp: 268] [Loc_hal_worker(1264,2881)] writeToSocket: Buffer contents: 00 00 00 01 00 00 00 00 
03-20 00:40:00.886  1264  2879 D RequestManager: [RequestManager.cpp: 278] [Loc_hal_worker(1264,2879)] writeToSocket: Wrote 4 bytes to the socket.
03-20 00:40:00.886  1264  2879 D RequestManager: [RequestManager.cpp: 268] [Loc_hal_worker(1264,2879)] writeToSocket: Buffer contents: 01 00 00 00 
03-20 00:40:00.886  1963  2146 I qcrilNrd: Buffer size: 20
03-20 00:40:00.886  1963  2146 I qcrilNrd: Buffer contents: 0B 00 00 00 D0 84 A9 7A 7B 00 00 B4 00 00 00 01 00 00 00 00 
03-20 00:40:00.886  1264  2879 D RequestManager: [RequestManager.cpp: 278] [Loc_hal_worker(1264,2879)] writeToSocket: Wrote 4 bytes to the socket.
03-20 00:40:00.886  1264  2879 D RequestManager: [RequestManager.cpp: 268] [Loc_hal_worker(1264,2879)] writeToSocket: Buffer contents: 90 8C A9 7A 7B 00 00 B4 
03-20 00:40:00.886  1947  2073 I qcrilNrd: Buffer size: 12
03-20 00:40:00.886  1264  2881 D RequestManager: [RequestManager.cpp: 278] [Loc_hal_worker(1264,2881)] writeToSocket: Wrote 8 bytes to the socket.
03-20 00:40:00.886  1947  2073 I qcrilNrd: Buffer contents: 01 00 00 00 90 8C A9 7A 7B 00 00 B4 
03-20 00:40:00.886  1264  2879 D RequestManager: [RequestManager.cpp: 278] [Loc_hal_worker(1264,2879)] writeToSocket: Wrote 8 bytes to the socket.
03-20 00:40:00.887  1963  2835 I qcrilNrd: RIL Response bytes written:4
03-20 00:40:00.887  1963  2835 I qcrilNrd: RIL Response bytes written:20
03-20 00:40:00.887  1947  2836 I qcrilNrd: RIL Response bytes written:4
03-20 00:40:00.887  1947  2836 I qcrilNrd: RIL Response bytes written:60
03-20 00:40:00.887  1264  2880 D RequestManager: [RequestManager.cpp: 341] [Loc_hal_worker(1264,2880)] listenForResponses: record_stream_get_next: recordLen: 60, ret: 0, errno: 0, errStr: Success, socket fd: 32
03-20 00:40:00.887  1264  2882 D RequestManager: [RequestManager.cpp: 341] [Loc_hal_worker(1264,2882)] listenForResponses: record_stream_get_next: recordLen: 20, ret: 0, errno: 0, errStr: Success, socket fd: 33
03-20 00:40:00.887  1264  2880 D RequestManager: [RequestManager.cpp: 358] [Loc_hal_worker(1264,2880)] listenForResponses: Got a response parcel
03-20 00:40:00.887  1264  2882 D RequestManager: [RequestManager.cpp: 358] [Loc_hal_worker(1264,2882)] listenForResponses: Got a response parcel
03-20 00:40:00.887  1264  2880 D RequestManager: [RequestManager.cpp: 483] [Loc_hal_worker(1264,2880)] issueRequest: Pushing a request to the queue.
03-20 00:40:00.887  1264  2880 D RequestManager: [RequestManager.cpp: 495] [Loc_hal_worker(1264,2880)] issueRequest: Pushed a request to the queue.
03-20 00:40:00.887  1264  2879 D RequestManager: [RequestManager.cpp: 135] [Loc_hal_worker(1264,2879)] listenForRequests: Got one or more requests.
03-20 00:40:00.887  1264  2879 D RequestManager: [RequestManager.cpp: 139] [Loc_hal_worker(1264,2879)] listenForRequests: Processing request with ID 28.
03-20 00:40:00.887  1264  2879 D RequestManager: [RequestManager.cpp: 167] [Loc_hal_worker(1264,2879)] listenForRequests: Sending request to the server.
03-20 00:40:00.887  1264  2879 D RequestManager: [RequestManager.cpp: 222] [Loc_hal_worker(1264,2879)] sendRequestToServer: Sending buffer of size 56
03-20 00:40:00.887  1264  2879 D RequestManager: [RequestManager.cpp: 268] [Loc_hal_worker(1264,2879)] writeToSocket: Buffer contents: 00 00 00 38 
03-20 00:40:00.887  1264  2879 D RequestManager: [RequestManager.cpp: 278] [Loc_hal_worker(1264,2879)] writeToSocket: Wrote 4 bytes to the socket.
03-20 00:40:00.888  1264  2879 D RequestManager: [RequestManager.cpp: 268] [Loc_hal_worker(1264,2879)] writeToSocket: Buffer contents: 1C 00 00 00 
03-20 00:40:00.888  1963  3254 I qcrilNrd: RIL Response bytes written:4
03-20 00:40:00.888  1264  2879 D RequestManager: [RequestManager.cpp: 278] [Loc_hal_worker(1264,2879)] writeToSocket: Wrote 4 bytes to the socket.
03-20 00:40:00.888  1963  3254 I qcrilNrd: RIL Response bytes written:16
03-20 00:40:00.888  1264  2879 D RequestManager: [RequestManager.cpp: 268] [Loc_hal_worker(1264,2879)] writeToSocket: Buffer contents: D0 84 A9 7A 7B 00 00 B4 
03-20 00:40:00.888  1264  2879 D RequestManager: [RequestManager.cpp: 278] [Loc_hal_worker(1264,2879)] writeToSocket: Wrote 8 bytes to the socket.
03-20 00:40:00.888  1264  2879 D RequestManager: [RequestManager.cpp: 268] [Loc_hal_worker(1264,2879)] writeToSocket: Buffer contents: 00 00 00 B0 00 00 6F AD 00 00 00 08 33 46 30 30 37 46 46 46 00 00 00 00 00 00 00 00 00 00 00 00 FF FF FF FF FF FF FF FF 00 00 00 00 
03-20 00:40:00.888  1947  2073 I qcrilNrd: Buffer size: 56
03-20 00:40:00.888  1947  2073 I qcrilNrd: Buffer contents: 1C 00 00 00 D0 84 A9 7A 7B 00 00 B4 00 00 00 B0 00 00 6F AD 00 00 00 08 33 46 30 30 37 46 46 46 00 00 00 00 00 00 00 00 00 00 00 00 FF FF FF FF FF FF FF FF 00 00 00 00 
03-20 00:40:00.888  1264  2879 D RequestManager: [RequestManager.cpp: 278] [Loc_hal_worker(1264,2879)] writeToSocket: Wrote 44 bytes to the socket.
03-20 00:40:00.888  1264  2882 D RequestManager: [RequestManager.cpp: 341] [Loc_hal_worker(1264,2882)] listenForResponses: record_stream_get_next: recordLen: 16, ret: 0, errno: 0, errStr: Success, socket fd: 33
03-20 00:40:00.888  1264  2882 D RequestManager: [RequestManager.cpp: 358] [Loc_hal_worker(1264,2882)] listenForResponses: Got a response parcel
03-20 00:40:00.888  3925  5743 D GsmInboundSmsHandler: StartupState.enter: entering StartupState
03-20 00:40:00.889  1947  2836 I qcrilNrd: RIL Response bytes written:4
03-20 00:40:00.889  1947  2836 I qcrilNrd: RIL Response bytes written:28
03-20 00:40:00.890  1264  2880 D RequestManager: [RequestManager.cpp: 341] [Loc_hal_worker(1264,2880)] listenForResponses: record_stream_get_next: recordLen: 28, ret: 0, errno: 0, errStr: Success, socket fd: 32
03-20 00:40:00.891  1264  2880 D RequestManager: [RequestManager.cpp: 358] [Loc_hal_worker(1264,2880)] listenForResponses: Got a response parcel
03-20 00:40:00.891  1264  2880 D RequestManager: [RequestManager.cpp: 483] [Loc_hal_worker(1264,2880)] issueRequest: Pushing a request to the queue.
03-20 00:40:00.891  3925  3925 D CdmaInboundSmsHandler: created InboundSmsHandler
03-20 00:40:00.891  1264  2880 D RequestManager: [RequestManager.cpp: 495] [Loc_hal_worker(1264,2880)] issueRequest: Pushed a request to the queue.
03-20 00:40:00.891  1264  2879 D RequestManager: [RequestManager.cpp: 135] [Loc_hal_worker(1264,2879)] listenForRequests: Got one or more requests.
03-20 00:40:00.891  1264  2879 D RequestManager: [RequestManager.cpp: 139] [Loc_hal_worker(1264,2879)] listenForRequests: Processing request with ID 11.
03-20 00:40:00.891  1264  2879 D RequestManager: [RequestManager.cpp: 167] [Loc_hal_worker(1264,2879)] listenForRequests: Sending request to the server.
03-20 00:40:00.891  1264  2879 D RequestManager: [RequestManager.cpp: 222] [Loc_hal_worker(1264,2879)] sendRequestToServer: Sending buffer of size 20
03-20 00:40:00.891  1264  2879 D RequestManager: [RequestManager.cpp: 268] [Loc_hal_worker(1264,2879)] writeToSocket: Buffer contents: 00 00 00 14 
03-20 00:40:00.891  1264  2879 D RequestManager: [RequestManager.cpp: 278] [Loc_hal_worker(1264,2879)] writeToSocket: Wrote 4 bytes to the socket.
03-20 00:40:00.892  1264  2879 D RequestManager: [RequestManager.cpp: 268] [Loc_hal_worker(1264,2879)] writeToSocket: Buffer contents: 0B 00 00 00 
03-20 00:40:00.892  1264  2879 D RequestManager: [RequestManager.cpp: 278] [Loc_hal_worker(1264,2879)] writeToSocket: Wrote 4 bytes to the socket.
03-20 00:40:00.892  1264  2879 D RequestManager: [RequestManager.cpp: 268] [Loc_hal_worker(1264,2879)] writeToSocket: Buffer contents: 90 8C A9 7A 7B 00 00 B4 
03-20 00:40:00.892  1264  2879 D RequestManager: [RequestManager.cpp: 278] [Loc_hal_worker(1264,2879)] writeToSocket: Wrote 8 bytes to the socket.
03-20 00:40:00.892  1264  2879 D RequestManager: [RequestManager.cpp: 268] [Loc_hal_worker(1264,2879)] writeToSocket: Buffer contents: 00 00 00 01 00 00 00 00 
03-20 00:40:00.892  1963  5747 I qcrilNrd: RIL Response bytes written:4
03-20 00:40:00.892  1947  2073 I qcrilNrd: Buffer size: 20
03-20 00:40:00.892  1947  2073 I qcrilNrd: Buffer contents: 0B 00 00 00 90 8C A9 7A 7B 00 00 B4 00 00 00 01 00 00 00 00 
03-20 00:40:00.892  1963  5747 I qcrilNrd: RIL Response bytes written:35
03-20 00:40:00.892  1264  2879 D RequestManager: [RequestManager.cpp: 278] [Loc_hal_worker(1264,2879)] writeToSocket: Wrote 8 bytes to the socket.
03-20 00:40:00.893  1947  2836 I qcrilNrd: RIL Response bytes written:4
03-20 00:40:00.893  1947  2836 I qcrilNrd: RIL Response bytes written:20
03-20 00:40:00.893  1264  2882 D RequestManager: [RequestManager.cpp: 341] [Loc_hal_worker(1264,2882)] listenForResponses: record_stream_get_next: recordLen: 35, ret: 0, errno: 0, errStr: Success, socket fd: 33
03-20 00:40:00.893  1264  2880 D RequestManager: [RequestManager.cpp: 341] [Loc_hal_worker(1264,2880)] listenForResponses: record_stream_get_next: recordLen: 20, ret: 0, errno: 0, errStr: Success, socket fd: 32
03-20 00:40:00.893  1264  2880 D RequestManager: [RequestManager.cpp: 358] [Loc_hal_worker(1264,2880)] listenForResponses: Got a response parcel
03-20 00:40:00.893  1264  2882 D RequestManager: [RequestManager.cpp: 358] [Loc_hal_worker(1264,2882)] listenForResponses: Got a response parcel
03-20 00:40:00.893  1963  5748 I qcrilNrd: RIL Response bytes written:4
03-20 00:40:00.893  1963  5748 I qcrilNrd: RIL Response bytes written:28
03-20 00:40:00.894  1264  2882 D RequestManager: [RequestManager.cpp: 341] [Loc_hal_worker(1264,2882)] listenForResponses: record_stream_get_next: recordLen: 28, ret: 0, errno: 0, errStr: Success, socket fd: 33
03-20 00:40:00.894  3925  5749 D CdmaInboundSmsHandler: StartupState.enter: entering StartupState
03-20 00:40:00.894  1264  2882 D RequestManager: [RequestManager.cpp: 358] [Loc_hal_worker(1264,2882)] listenForResponses: Got a response parcel
03-20 00:40:00.894  3925  3925 D SMSDispatcher: SMSDispatcher: ctor mSmsCapable=true format=3gpp mSmsSendDisabled=false
03-20 00:40:00.894  3925  3925 D GsmSMSDispatcher: GsmSMSDispatcher created
03-20 00:40:00.895  3925  5743 D GsmInboundSmsHandler: StartupState.processMessage: processing EVENT_START_ACCEPTING_SMS
03-20 00:40:00.895  3925  5743 D GsmInboundSmsHandler: IdleState.enter: entering IdleState
03-20 00:40:00.895  3925  5743 D GsmInboundSmsHandler: IdleState.processMessage: processing EVENT_RELEASE_WAKELOCK
03-20 00:40:00.895  3925  5749 D CdmaInboundSmsHandler: StartupState.processMessage: processing EVENT_START_ACCEPTING_SMS
03-20 00:40:00.896  3925  3925 D QtiSmsDispatchersController: Constructor
03-20 00:40:00.897  3925  5743 D GsmInboundSmsHandler: IdleState.processMessage: EVENT_RELEASE_WAKELOCK: mWakeLock released
03-20 00:40:00.897  3925  5749 D CdmaInboundSmsHandler: IdleState.enter: entering IdleState
03-20 00:40:00.897  3925  5749 D CdmaInboundSmsHandler: IdleState.processMessage: processing EVENT_RELEASE_WAKELOCK
03-20 00:40:00.897  3925  5749 D CdmaInboundSmsHandler: IdleState.processMessage: EVENT_RELEASE_WAKELOCK: mWakeLock released
03-20 00:40:00.898  3925  3925 D TelephonyComponentFactory: getCdmaSubscriptionSourceManagerInstance
03-20 00:40:00.898  3925  3925 D CdmaSSM : subscriptionSource from settings: 0
03-20 00:40:00.898  3925  3925 D CdmaSSM : cdmaSSM constructor: 0
03-20 00:40:00.899  3925  5751 W CarrierConfigManager: Error getting config for subId -1 ICarrierConfigLoader is null
03-20 00:40:00.899  3925  5751 D SmsBroadcastUndelivered: scanning raw table for undelivered messages
03-20 00:40:00.899  3925  3925 D QtiTelephonyComponentFactory: makeCarrierInfoManager
03-20 00:40:00.900  3925  3925 D GsmCdmaPhone: [0] Precise phone type 1
03-20 00:40:00.900  3925  3925 D RILJ    : setPhoneType=1 old value=0 [PHONE0]
03-20 00:40:00.901  3925  3925 D CarrierActionAgent: [0]Creating CarrierActionAgent
03-20 00:40:00.902  3925  3925 W CarrierConfigManager: Error getting config for subId -1 ICarrierConfigLoader is null
03-20 00:40:00.903  3925  3925 D ANM-0   : operates in AP-assisted mode.
03-20 00:40:00.904  3925  3925 W CarrierConfigManager: Error getting config for subId -1 ICarrierConfigLoader is null
03-20 00:40:00.905  3925  3925 D QtiTelephonyComponentFactory: makeQtiServiceStateTracker
03-20 00:40:00.907  3925  3925 D TelephonyComponentFactory: makeEriManager
03-20 00:40:00.908  3925  3925 W CarrierConfigManager: Error getting config for subId -1 ICarrierConfigLoader is null
03-20 00:40:00.909  2160  5080 D TelephonyRegistry: listen oscl: mHasNotifySubscriptionInfoChangedOccurred==false no callback
03-20 00:40:00.910  3925  3925 D NRM-C-0 : registerForNetworkRegistrationInfoChanged
03-20 00:40:00.910  3925  3925 D NRM-I-0 : registerForNetworkRegistrationInfoChanged
03-20 00:40:00.916  3925  3925 D RILJ    : [0018]> SIGNAL_STRENGTH [PHONE0]
03-20 00:40:00.916  3925  3925 D SST     : [0] notifyVoiceRegStateRilRadioTechnologyChanged: vrs=1 rat=0
03-20 00:40:00.917  2160  3624 D TelephonyRegistry: listen oscl: mHasNotifySubscriptionInfoChangedOccurred==false no callback
03-20 00:40:00.917  3925  3925 D Phone   : [0] SubId-1,get allowed network types user: value = GPRS|EDGE|UMTS|CDMA|CDMA - EvDo rev. 0|CDMA - EvDo rev. A|CDMA - 1xRTT|HSDPA|HSUPA|HSPA|CDMA - EvDo rev. B|LTE|CDMA - eHRPD|HSPA+|GSM|TD_SCDMA|LTE_CA|NR
03-20 00:40:00.917  3925  3925 D Phone   : isVoiceOverCellularImsEnabled=false
03-20 00:40:00.917  3925  3925 D Phone   : isWifiCallingEnabled =false
03-20 00:40:00.918  3925  3925 D NetworkService: network service created
03-20 00:40:00.918  3925  3925 D SST     : [0] QtiServiceStateTracker created
03-20 00:40:00.918  3925  4007 D RILJ    : [0018]< SIGNAL_STRENGTH SignalStrength:{mCdma=CellSignalStrengthCdma: cdmaDbm=2147483647 cdmaEcio=2147483647 evdoDbm=2147483647 evdoEcio=2147483647 evdoSnr=2147483647 level=0,mGsm=CellSignalStrengthGsm: rssi=2147483647 ber=2147483647 mTa=2147483647 mLevel=0,mWcdma=CellSignalStrengthWcdma: ss=2147483647 ber=2147483647 rscp=2147483647 ecno=2147483647 level=0,mTdscdma=CellSignalStrengthTdscdma: rssi=2147483647 ber=2147483647 rscp=2147483647 level=0,mLte=CellSignalStrengthLte: rssi=2147483647 rsrp=2147483647 rsrq=2147483647 rssnr=2147483647 cqiTableIndex=2147483647 cqi=2147483647 ta=2147483647 level=0 parametersUseForLevel=1,mNr=CellSignalStrengthNr:{ csiRsrp = 2147483647 csiRsrq = 2147483647 csiCqiTableIndex = 2147483647 csiCqiReport = [] ssRsrp = 2147483647 ssRsrq = 2147483647 ssSinr = 2147483647 level = 0 parametersUseForLevel = 1 },primary=CellSignalStrengthLte} [PHONE0]
03-20 00:40:00.919  3925  3925 W CarrierConfigManager: Error getting config for subId -1 ICarrierConfigLoader is null
03-20 00:40:00.921  3925  3925 D EmergencyNumberTracker:  asset emergency database is loaded. Ver: 1 Phone Id: 0
03-20 00:40:00.921  3925  3925 E EmergencyNumberTracker: Cache ota emergency database IOException: java.io.FileNotFoundException: /data/misc/emergencynumberdb/emergency_number_db: open failed: ENOENT (No such file or directory)
03-20 00:40:00.921  3925  3925 D EmergencyNumberTracker: Using Asset Emergency database. Version: 1
03-20 00:40:00.928  3925  3925 D DNC-0   : DataNetworkController created.
03-20 00:40:00.928  3925  3925 D QtiTelephonyComponentFactory: makeDataServiceManager
03-20 00:40:00.930  3925  3925 W CarrierConfigManager: Error getting config for subId -1 ICarrierConfigLoader is null
03-20 00:40:00.931  3925  3925 W CarrierConfigManager: Error getting config for subId -1 ICarrierConfigLoader is null
03-20 00:40:00.931  3925  3925 W CarrierConfigManager: Error getting config for subId -1 ICarrierConfigLoader is null
03-20 00:40:00.932  3925  3925 W CarrierConfigManager: Error getting config for subId -1 ICarrierConfigLoader is null
03-20 00:40:00.935  3925  3925 E QTIRILJ : getPropertyValueBool HAL API not available
03-20 00:40:00.936  3925  3925 D QtiDSM-C-0: mIsFetchQosPropertyEnabled: false
03-20 00:40:00.936  3925  3925 D QtiTelephonyComponentFactory: makeDataServiceManager
03-20 00:40:00.937  3925  3925 W CarrierConfigManager: Error getting config for subId -1 ICarrierConfigLoader is null
03-20 00:40:00.938  3925  3925 W CarrierConfigManager: Error getting config for subId -1 ICarrierConfigLoader is null
03-20 00:40:00.938  3925  3925 W CarrierConfigManager: Error getting config for subId -1 ICarrierConfigLoader is null
03-20 00:40:00.939  3925  3925 W CarrierConfigManager: Error getting config for subId -1 ICarrierConfigLoader is null
03-20 00:40:00.943  3925  3925 E QTIRILJ : getPropertyValueBool HAL API not available
03-20 00:40:00.943  3925  3925 D QtiDSM-I-0: mIsFetchQosPropertyEnabled: false
03-20 00:40:00.943  3925  3925 D DCM-0   : DataConfigManager created.
03-20 00:40:00.945  3925  3925 W CarrierConfigManager: Error getting config for subId -1 ICarrierConfigLoader is null
03-20 00:40:00.947  3925  3925 D DCM-0   : Carrier config updated. Config is not carrier specific.
03-20 00:40:00.948  3925  3925 D DCM-0   : QtiDataConfigManager: constructor
03-20 00:40:00.948  3925  3925 D DSMGR-0 : DataSettingsManager created.
03-20 00:40:00.949  3925  3925 D QtiDSMGR-0: Constructor ends
03-20 00:40:00.950  3925  3925 D DPM-0   : QtiDataProfileManager: constructor
03-20 00:40:00.950  3925  3925 D DSRM-0  : DataStallRecoveryManager created.
03-20 00:40:00.950  3925  3925 D DRM-0   : QtiDataRetryManager: constructor
03-20 00:40:00.951  3925  3925 D DNC-0   : QtiDataNetworkController: constructor
03-20 00:40:00.951  3925  3925 D CarrierResolver: Creating CarrierResolver[0]
03-20 00:40:00.953  3925  3925 D SST     : [0] notifyVoiceRegStateRilRadioTechnologyChanged: vrs=1 rat=0
03-20 00:40:00.959  3925  3925 I GsmCdmaPhone: [0] updateTtyMode ttyMode=0
03-20 00:40:00.960  3925  3925 D RILJ    : [0019]> SET_TTY_MODE ttyMode = 0 [PHONE0]
03-20 00:40:00.961  3925  3925 I GsmCdmaPhone: [0] updateUiTtyMode ttyMode=0
03-20 00:40:00.961  3925  3925 D CallManager: registerPhone(GSM Handler (com.qualcomm.qti.internal.telephony.QtiGsmCdmaPhone) {5701819})
03-20 00:40:00.962  2160  5080 D TelephonyRegistry: listen oscl: mHasNotifySubscriptionInfoChangedOccurred==false no callback
03-20 00:40:00.962  3925  3925 D GsmCdmaPhone: [0] GsmCdmaPhone: constructor: sub = 0
03-20 00:40:00.962  3925  3925 D VendorGsmCdmaPhone: Constructor
03-20 00:40:00.963  3925  3925 D QtiGsmCdmaPhone: [0 ] Constructor
03-20 00:40:00.964  3925  3925 D QtiRilInterface:  in constructor 
03-20 00:40:00.965  3805  3805 D DataService: Data service created
03-20 00:40:00.967  3925  3925 I PhoneFactory: Creating Phone with type = 1 sub = 0
03-20 00:40:00.967  3925  3925 D QtiTelephonyComponentFactory: makePhone
03-20 00:40:00.967  3925  3925 D TelephonyTester: register for intent action=com.qualcomm.qti.internal.telephony.action_detached
03-20 00:40:00.967  3925  3925 D TelephonyTester: register for intent action=com.qualcomm.qti.internal.telephony.action_attached
03-20 00:40:00.968  3925  3925 D TelephonyTester: register for intent action=com.android.internal.telephony.TestServiceState
03-20 00:40:00.968  3925  3925 D TelephonyTester: register for intent action=com.android.internal.telephony.TestChangeNumber
03-20 00:40:00.968  3925  3925 D Phone   : mDoesRilSendMultipleCallRing=false
03-20 00:40:00.968  3925  3925 D Phone   : mCallRingDelay=3000
03-20 00:40:00.968  3925  3925 D TelephonyComponentFactory: makeSmsStorageMonitor
03-20 00:40:00.969  3925  3925 D TelephonyComponentFactory: makeSmsUsageMonitor
03-20 00:40:00.970  3925  3925 D RILJ    : startLceService: REQUEST_NOT_SUPPORTED
03-20 00:40:00.970  3925  3925 D TelephonyComponentFactory: makeGsmCdmaCallTracker
03-20 00:40:00.971  3925  4007 D RILJ    : [0019]< SET_TTY_MODE  [PHONE0]
03-20 00:40:00.971  3925  3925 D QtiTelephonyComponentFactory: makeIccPhoneBookInterfaceManager
03-20 00:40:00.971  3925  3925 D TelephonyComponentFactory: makeIccPhoneBookInterfaceManager
03-20 00:40:00.971  3925  3925 D TelephonyComponentFactory: makeIccSmsInterfaceManager
03-20 00:40:00.972  3925  3925 D QtiTelephonyComponentFactory: makeQtiSmsDispatchersController
03-20 00:40:00.972  3925  3925 D SmsDispatchersController: SmsDispatchersController created
03-20 00:40:00.972  3925  3925 D SMSDispatcher: SMSDispatcher: ctor mSmsCapable=true format=unknown mSmsSendDisabled=false
03-20 00:40:00.973  3925  3925 D SMSDispatcher: SMSDispatcher: ctor mSmsCapable=true format=3gpp2 mSmsSendDisabled=false
03-20 00:40:00.973  3925  3925 D CdmaSMSDispatcher: CdmaSMSDispatcher created
03-20 00:40:00.975  3925  3925 D GsmInboundSmsHandler: created InboundSmsHandler
03-20 00:40:00.978  3925  5786 D GsmInboundSmsHandler: StartupState.enter: entering StartupState
03-20 00:40:00.979  3925  3925 D CdmaInboundSmsHandler: created InboundSmsHandler
03-20 00:40:00.980  3925  5788 D CdmaInboundSmsHandler: StartupState.enter: entering StartupState
03-20 00:40:00.981  3925  3925 D SMSDispatcher: SMSDispatcher: ctor mSmsCapable=true format=3gpp mSmsSendDisabled=false
03-20 00:40:00.981  3925  3925 D GsmSMSDispatcher: GsmSMSDispatcher created
03-20 00:40:00.981  3925  5786 D GsmInboundSmsHandler: StartupState.processMessage: processing EVENT_START_ACCEPTING_SMS
03-20 00:40:00.981  3925  5786 D GsmInboundSmsHandler: IdleState.enter: entering IdleState
03-20 00:40:00.981  3925  5786 D GsmInboundSmsHandler: IdleState.processMessage: processing EVENT_RELEASE_WAKELOCK
03-20 00:40:00.981  3925  5788 D CdmaInboundSmsHandler: StartupState.processMessage: processing EVENT_START_ACCEPTING_SMS
03-20 00:40:00.982  3925  5788 D CdmaInboundSmsHandler: IdleState.enter: entering IdleState
03-20 00:40:00.982  3925  5788 D CdmaInboundSmsHandler: IdleState.processMessage: processing EVENT_RELEASE_WAKELOCK
03-20 00:40:00.983  3925  3925 D QtiSmsDispatchersController: Constructor
03-20 00:40:00.983  3925  5786 D GsmInboundSmsHandler: IdleState.processMessage: EVENT_RELEASE_WAKELOCK: mWakeLock released
03-20 00:40:00.983  3925  5788 D CdmaInboundSmsHandler: IdleState.processMessage: EVENT_RELEASE_WAKELOCK: mWakeLock released
03-20 00:40:00.984  3925  3925 D TelephonyComponentFactory: getCdmaSubscriptionSourceManagerInstance
03-20 00:40:00.985  3925  3925 D QtiTelephonyComponentFactory: makeCarrierInfoManager
