03-20 00:41:38.280  2160  2611 I am_pss  : [6283,1000,com.android.dynsystem,4898816,577536,2920448,88023040,0,19,6]
03-20 00:41:38.291  2160  2611 I am_pss  : [6111,10075,com.android.dialer,13167616,11341824,0,109289472,0,19,7]
03-20 00:41:38.302  2160  2611 I am_pss  : [4938,10024,android.process.acore,13362176,10416128,0,116588544,0,19,7]
03-20 00:41:38.309  2160  3083 I am_compact: [4500,com.android.providers.media.module,anon,127576,69828,56492,0,-15800,0,-15800,15800,209,0,0,-700,0,3743484,-15616]
03-20 00:41:38.310  2160  2611 I am_pss  : [6261,10077,com.android.contacts,9472000,7184384,0,98762752,0,19,6]
03-20 00:41:38.320  2160  2611 I am_pss  : [6143,10107,com.android.carrierconfig,5144576,872448,2891776,89432064,0,19,7]
03-20 00:41:38.329  2160  2611 I am_pss  : [5969,10062,com.android.traceur,11192320,9703424,0,101249024,0,19,6]
03-20 00:41:38.339  2160  2611 I am_pss  : [4844,10061,com.android.printspooler,5906432,3108864,1392640,92446720,0,19,7]
03-20 00:41:38.348  2160  2611 I am_pss  : [5750,10128,com.android.smspush,4670464,3330048,0,90468352,0,6,6]
03-20 00:41:38.356  2160  2611 I am_pss  : [4766,10115,com.qualcomm.location.XT,5585920,4038656,0,96481280,0,0,6]
03-20 00:41:38.366  2160  2611 I am_pss  : [4720,1000,com.qualcomm.qti.services.secureui:sui_service,5368832,2076672,1798144,93204480,0,0,6]
03-20 00:41:38.374  2160  2611 I am_pss  : [4682,10063,.powermodule,5331968,3735552,0,95883264,0,0,6]
03-20 00:41:38.384  2160  2611 I am_pss  : [4704,1000,com.qti.diagservices,5895168,1863680,2125824,95215616,0,0,6]
03-20 00:41:38.392  2160  2611 I am_pss  : [4660,1027,com.android.nfcstm,12613632,9256960,1953792,99299328,0,0,6]
03-20 00:41:38.395  2160  3083 I am_compact: [4945,android.process.media,anon,100612,52524,47188,0,-4940,0,-4940,4940,86,0,0,935,15,3727868,-5120]
03-20 00:41:38.402  2160  2611 I am_pss  : [4627,10129,com.qualcomm.qti.workloadclassifier,11545600,9609216,0,105283584,0,0,8]
03-20 00:41:38.411  2160  2611 I am_pss  : [4614,10097,com.qualcomm.qti.services.systemhelper:systemhelper_service,5665792,4194304,0,94617600,0,0,7]
03-20 00:41:38.422  2160  2611 I am_pss  : [4604,10065,.pasr,4871168,3551232,0,90873856,0,0,6]
03-20 00:41:38.433  2160  2611 I am_pss  : [4576,1027,com.android.nfc,16098304,9486336,3633152,113922048,0,0,7]
03-20 00:41:38.442  2160  2611 I am_pss  : [3907,1068,com.android.se,5511168,2191360,1863680,92758016,0,0,6]
03-20 00:41:38.453  2160  2611 I am_pss  : [3947,10127,com.qti.qcc,8848384,6610944,0,106315776,0,0,7]
03-20 00:41:38.465  2160  2611 I am_pss  : [3925,1001,com.android.phone,38825984,15220736,17649664,137830400,0,0,9]
03-20 00:41:38.475  2160  2611 I am_pss  : [3892,10110,org.codeaurora.ims,9306112,6774784,0,107143168,0,0,7]
03-20 00:41:38.483  2160  2611 I am_pss  : [3882,1000,vendor.qti.qesdk.sysservice,5074944,1859584,1794048,91701248,0,0,6]
03-20 00:41:38.490  2160  2611 I am_pss  : [3869,10098,com.qualcomm.qtil.aptxals,8399872,6541312,0,102854656,0,0,5]
03-20 00:41:38.498  2160  2611 I am_pss  : [3833,10130,com.qualcomm.qtil.aptxacu,7470080,6111232,0,94834688,0,0,6]
03-20 00:41:38.507  2160  2611 I am_pss  : [3819,10068,.qms,5656576,4071424,0,97312768,0,0,7]
03-20 00:41:38.517  2160  2611 I am_pss  : [3810,10082,com.qti.phone,9721856,7696384,0,104165376,0,0,7]
03-20 00:41:38.517  2160  3083 I am_compact: [4938,android.process.acore,anon,111688,61548,49220,0,-7496,0,-7496,7496,121,0,0,975,15,3722748,-7424]
03-20 00:41:38.526  2160  2611 I am_pss  : [3805,10064,.qtidataservices,8439808,6660096,0,102281216,0,0,6]
03-20 00:41:38.587  4003  4003 I wm_on_top_resumed_lost_called: [89805089,com.android.launcher3.uioverrides.QuickstepLauncher,topStateChangedWhenResumed]
03-20 00:41:38.588  2160  2705 I wm_pause_activity: [0,89805089,com.android.launcher3/.uioverrides.QuickstepLauncher,userLeaving=false,sleep]
03-20 00:41:38.593  4003  4003 I wm_on_paused_called: [89805089,com.android.launcher3.uioverrides.QuickstepLauncher,performPause]
03-20 00:41:38.594  2160  5080 I wm_add_to_stopping: [0,89805089,com.android.launcher3/.uioverrides.QuickstepLauncher,completePauseLocked]
03-20 00:41:38.596  2160  2589 I sysui_multi_action: [757,803,799,window_time_0,802,101]
03-20 00:41:38.597  2160  5080 I wm_wallpaper_surface: [0,0,null]
03-20 00:41:38.599  2160  2593 I input_focus: [Requesting to set focus to null window,reason=UpdateInputWindows]
03-20 00:41:38.605  2160  2592 I wm_stop_activity: [0,89805089,com.android.launcher3/.uioverrides.QuickstepLauncher]
03-20 00:41:38.614  2160  3083 I am_compact: [3770,com.android.bluetooth,anon,129720,84092,44692,9356,-4440,0,-4440,4456,96,0,0,-700,0,3715324,-3840]
03-20 00:41:38.626  4003  4003 I wm_on_stop_called: [89805089,com.android.launcher3.uioverrides.QuickstepLauncher,STOP_ACTIVITY_ITEM]
03-20 00:41:38.673  2160  3083 I am_compact: [4698,com.qualcomm.location,anon,96416,48928,46576,0,-3960,0,-3960,3960,59,0,0,-800,0,3711504,-1556]
03-20 00:41:38.728  2160  3083 I am_compact: [4766,com.qualcomm.location.XT,anon,92220,44952,46380,0,-3396,0,-3396,3396,55,0,0,-800,0,3709948,-3328]
03-20 00:41:38.771  2160  3083 I am_compact: [4720,com.qualcomm.qti.services.secureui:sui_service,anon,88568,43160,44536,1804,-1584,0,-1584,1584,42,0,0,-800,0,3706620,-1536]
03-20 00:41:38.779  2160  3120 I input_focus: [Focus leaving 4295fe com.android.launcher3/com.android.launcher3.uioverrides.QuickstepLauncher (server),reason=NO_WINDOW]
03-20 00:41:38.794  2160  2589 I sysui_multi_action: [757,223,758,1]
03-20 00:41:38.825  3550  3550 I sysui_multi_action: [757,111,758,1]
03-20 00:41:38.825  3550  3550 I sysui_multi_action: [757,126,758,1,759,126,927,0,928,0,1593,0]
03-20 00:41:38.825  3550  3550 I sysui_multi_action: [757,113,758,1,759,113,927,1,928,1,1593,0]
03-20 00:41:38.825  3550  3550 I sysui_multi_action: [757,119,758,1,759,119,927,2,928,0,1593,0]
03-20 00:41:38.825  3550  3550 I sysui_multi_action: [757,118,758,1,759,118,927,3,928,0,1593,0]
03-20 00:41:38.828  2160  3625 I wm_set_keyguard_shown: [0,0,1,0,0,setKeyguardShown]
03-20 00:41:38.833  2160  3083 I am_compact: [4682,.powermodule,anon,89468,42272,46324,0,-3440,0,-3440,3440,61,0,0,-800,0,3705084,-2816]
03-20 00:41:38.839  2160  3625 I sysui_multi_action: [757,127,758,1]
03-20 00:41:38.839  2160  3625 I sysui_multi_action: [757,804,799,note_load,801,3,802,1]
03-20 00:41:38.839  2160  3625 I notification_panel_revealed: 3
03-20 00:41:38.843  3550  3550 I sysui_multi_action: [757,196,758,2,759,0]
03-20 00:41:38.843  3550  3550 I sysui_status_bar_state: [1,0,0,0,0,1]
03-20 00:41:38.857  2160  2705 I sysui_multi_action: [757,1696,758,6,759,1]
03-20 00:41:38.858  2160  2160 I sysui_multi_action: [757,198,758,2,759,3,1359,862,1695,2]
03-20 00:41:38.859  2160  2160 I power_screen_state: [0,3,0,0,862]
03-20 00:41:38.859  2160  2160 I screen_toggled: 0
03-20 00:41:38.859  2160  2160 I sysui_multi_action: [757,804,799,screen_timeout,801,60,802,1]
03-20 00:41:38.859  2160  2160 I sysui_multi_action: [757,1594,758,4,759,-2147483648,1359,103277]
03-20 00:41:38.860  2160  2160 I power_screen_broadcast_send: 1
03-20 00:41:38.876  2160  3083 I am_compact: [4704,com.qti.diagservices,anon,90712,45456,44404,2120,-1576,0,-1576,1576,41,0,0,-800,0,3702268,-1536]
03-20 00:41:38.888  2160  2160 I battery_saving_stats: [0,1,0,102973,5371,0,102973,5371,0]
03-20 00:41:38.917  2160  3625 I sysui_multi_action: [757,127,758,2]
03-20 00:41:38.917  2160  3625 I notification_panel_hidden: 
03-20 00:41:38.918  2160  3083 I am_compact: [4660,com.android.nfcstm,anon,92536,47152,44516,1948,-1712,0,-1712,1712,42,0,0,-800,0,3700732,-1536]
03-20 00:41:38.925  2160  2593 I input_focus: [Focus request aaf5a5 NotificationShade,reason=UpdateInputWindows]
03-20 00:41:38.952  2160  3120 I input_focus: [Focus entering aaf5a5 NotificationShade (server),reason=setFocusedWindow]
03-20 00:41:38.967  2160  2160 I power_screen_broadcast_done: [0,107,1]
03-20 00:41:39.014  2160  3083 I am_compact: [4627,com.qualcomm.qti.workloadclassifier,anon,100096,50588,48508,0,-6016,0,-6016,6016,94,0,0,-800,0,3699196,-3328]
03-20 00:41:39.058  2160  3076 I commit_sys_config_file: [settings-2-0,8]
03-20 00:41:39.073  2160  3083 I am_compact: [4614,com.qualcomm.qti.services.systemhelper:systemhelper_service,anon,90280,43004,46388,0,-3284,0,-3284,3284,59,0,0,-800,0,3695868,-2816]
03-20 00:41:39.130  2160  3083 I am_compact: [4604,.pasr,anon,86176,39060,46248,0,-2208,572,-2784,2864,57,0,0,-800,0,3693052,-3072]
03-20 00:41:39.192  2160  3083 I am_compact: [4576,com.android.nfc,anon,109764,63940,44856,3556,-3048,0,-3048,3048,61,0,0,-800,0,3689980,-3072]
03-20 00:41:39.262  2160  3083 I am_compact: [4321,android.ext.services,anon,93392,45528,46972,0,-4636,0,-4636,4636,69,0,0,100,5,3686908,-4608]
03-20 00:41:39.304  2160  3083 I am_compact: [3907,com.android.se,anon,87860,42616,44364,1904,-1900,0,-1900,1900,41,0,0,-800,0,3682300,-2048]
03-20 00:41:39.376  2160  3083 I am_compact: [3947,com.qti.qcc,anon,99916,52056,46948,0,-4672,0,-4672,4672,72,0,0,-800,0,3680252,-4608]
03-20 00:41:39.490  2160  3083 I am_compact: [3925,com.android.phone,anon,131892,86676,44148,17228,-6484,0,-6484,6484,114,0,0,-800,0,3675644,-6400]
03-20 00:41:39.561  2160  3083 I am_compact: [3892,org.codeaurora.ims,anon,101732,53964,46852,0,-4384,0,-4384,4384,70,0,0,-800,0,3669244,-4352]
03-20 00:41:39.602  2160  3083 I am_compact: [3882,vendor.qti.qesdk.sysservice,anon,87196,41880,44436,1900,-1720,0,-1720,1720,41,0,0,-800,0,3664892,-1792]
03-20 00:41:39.665  2160  3083 I am_compact: [3869,com.qualcomm.qtil.aptxals,anon,95648,48052,46704,0,-3984,0,-3984,3984,63,0,0,-800,0,3663100,-3840]
03-20 00:41:39.719  2160  3083 I am_compact: [3833,com.qualcomm.qtil.aptxacu,anon,89224,42040,46300,0,-3236,0,-3236,3236,53,0,0,-800,0,3659260,-3328]
03-20 00:41:39.778  2160  3083 I am_compact: [3819,.qms,anon,91116,43816,46432,0,-3540,0,-3540,3540,58,0,0,-800,0,3655932,-3584]
03-20 00:41:39.859  2160  3083 I am_compact: [3810,com.qti.phone,anon,98196,50136,47152,0,-5280,0,-5280,5280,81,0,0,-800,0,3652348,-5376]
03-20 00:41:39.936  2160  3083 I am_compact: [3805,.qtidataservices,anon,96600,49016,46704,0,-4832,0,-4832,4832,77,0,0,-800,0,3646972,-4608]
03-20 00:41:39.990  2160  3083 I am_compact: [3786,.dataservices,anon,91848,46656,44288,2780,-2836,0,-2836,2836,54,0,0,-800,0,3642364,-3072]
03-20 00:41:40.046  2160  3083 I am_compact: [3713,com.android.networkstack.process,anon,100168,54820,44456,2760,-2948,0,-2948,2948,55,0,0,-800,0,3639292,-2816]
03-20 00:41:41.350  2160  3083 I am_compact: [2160,system,anon,557976,426124,130432,0,-100372,0,-100372,100288,1303,0,0,-900,0,3636476,-100096]
03-20 00:41:42.052  2160  3083 I am_compact: [3550,com.android.systemui,anon,236232,144336,89216,0,-53456,0,-53456,53456,697,0,0,-800,1,3536636,-52736]
03-20 00:41:43.142  2160  6528 I wm_set_keyguard_shown: [0,1,1,0,0,setKeyguardShown]
03-20 00:41:43.197  3550  3550 I sysui_multi_action: [757,196,758,1,759,0]
03-20 00:41:43.198  3550  3550 I sysui_status_bar_state: [1,1,0,0,0,1]
03-20 00:41:43.228  2160  2592 I user_activity_timeout_override: 10000
03-20 00:41:47.098  2160  3121 I sysui_multi_action: [757,804,799,power_consecutive_short_tap_count,801,1,802,1]
03-20 00:41:47.100  2160  3121 I sysui_multi_action: [757,804,799,power_double_tap_interval,801,129165,802,1]
03-20 00:41:47.101  2160  3121 I intercept_power: [ACTION_DOWN,0,1]
03-20 00:41:47.127  2160  2160 I screen_toggled: 1
03-20 00:41:47.127  2160  2160 I power_screen_broadcast_send: 1
03-20 00:41:47.131  2160  2705 I sysui_multi_action: [757,1696,758,6,759,3]
03-20 00:41:47.143  2160  5057 I sysui_multi_action: [757,127,758,1]
03-20 00:41:47.143  2160  5057 I sysui_multi_action: [757,804,799,note_load,801,1,802,1]
03-20 00:41:47.143  2160  5057 I notification_panel_revealed: 1
03-20 00:41:47.146  2160  3693 I wm_set_keyguard_shown: [0,1,0,0,0,setKeyguardShown]
03-20 00:41:47.157  2160  2611 I am_pss  : [5200,10122,com.qualcomm.qtil.btdsda,5382144,258048,3477504,93442048,0,19,6]
03-20 00:41:47.183  2160  2160 I battery_saving_stats: [0,0,0,8295,0,0,8295,0,0]
03-20 00:41:47.224  2160  2593 I wm_wallpaper_surface: [0,1,Window{aaf5a5 u0 NotificationShade}]
03-20 00:41:47.237  2160  3121 I intercept_power: [ACTION_UP,0,0]
03-20 00:41:47.237  2160  2160 I power_screen_broadcast_done: [1,109,1]
03-20 00:41:47.331  2160  2705 I sysui_latency: [5,219]
03-20 00:41:47.333  2160  2160 I sysui_multi_action: [757,198,758,1,759,1,1359,245,1694,1]
03-20 00:41:47.334  2160  2160 I power_screen_state: [1,0,0,0,245]
03-20 00:41:47.382  2160  3076 I commit_sys_config_file: [settings-2-0,18]
03-20 00:41:47.405  2160  2589 I sysui_multi_action: [757,223,758,2]
03-20 00:41:47.406  2160  2589 I sysui_multi_action: [757,804,799,dozing_minutes,801,0,802,1]
03-20 00:41:47.665  2160  6535 I sysui_multi_action: [757,128,758,1,793,111172,794,0,795,111172,796,26,798,0,806,android,857,DEVELOPER_IMPORTANT,858,4,946,ranker_group,947,0,1395,1,1500,109359,1688,1]
03-20 00:41:47.665  2160  6535 I sysui_multi_action: [757,1501,758,1,793,111173,794,1,795,111173,796,26,806,android,857,DEVELOPER_IMPORTANT,858,4,946,ranker_group,947,0,1500,0,1688,1]
03-20 00:41:47.665  2160  6535 I sysui_multi_action: [757,804,799,note_interruptive,801,0,802,1]
03-20 00:41:47.665  2160  6535 I sysui_multi_action: [757,804,799,note_freshness,801,111172,802,1]
03-20 00:41:47.665  2160  6535 I notification_visibility: [-1|android|26|null|1000,1,111172,111172,0,0]
03-20 00:41:55.106  2160  2705 I sysui_multi_action: [757,1696,758,6,759,2]
03-20 00:41:57.099  2160  2705 I power_sleep_requested: 0
03-20 00:41:57.175  2160  2705 I sysui_multi_action: [757,1696,758,6,759,0]
03-20 00:41:57.810  2160  2589 I sysui_multi_action: [757,223,758,1]
03-20 00:41:57.839  2160  3693 I wm_set_keyguard_shown: [0,1,1,0,0,setKeyguardShown]
03-20 00:41:57.847  2160  3693 I sysui_multi_action: [757,128,758,2,793,121355,794,10183,795,121355,796,26,798,0,806,android,857,DEVELOPER_IMPORTANT,858,4,946,ranker_group,947,0,1395,1,1500,10182,1688,1]
03-20 00:41:57.848  2160  3693 I notification_visibility: [-1|android|26|null|1000,0,121355,121355,0,0]
03-20 00:41:57.860  2160  2705 I sysui_multi_action: [757,1696,758,6,759,1]
03-20 00:41:57.861  2160  2160 I sysui_multi_action: [757,198,758,2,759,3,1359,772,1695,2]
03-20 00:41:57.861  2160  2160 I power_screen_state: [0,3,0,0,772]
03-20 00:41:57.861  2160  2160 I screen_toggled: 0
03-20 00:41:57.861  2160  2160 I sysui_multi_action: [757,804,799,screen_timeout,801,60,802,1]
03-20 00:41:57.862  2160  2160 I sysui_multi_action: [757,1594,758,4,759,-2147483648,1359,10528]
03-20 00:41:57.862  2160  2160 I power_screen_broadcast_send: 1
03-20 00:41:57.876  2160  5080 I sysui_multi_action: [757,127,758,2]
03-20 00:41:57.876  2160  5080 I notification_panel_hidden: 
03-20 00:41:57.884  2160  2160 I battery_saving_stats: [0,1,0,10701,0,0,113674,5371,0]
03-20 00:41:57.884  2160  2593 I wm_wallpaper_surface: [0,0,null]
03-20 00:41:57.919  2160  2160 I power_screen_broadcast_done: [0,57,1]
03-20 00:41:58.067  2160  3076 I commit_sys_config_file: [settings-2-0,11]
03-20 00:42:04.445  2160  3121 I sysui_multi_action: [757,804,799,power_consecutive_short_tap_count,801,1,802,1]
03-20 00:42:04.446  2160  3121 I sysui_multi_action: [757,804,799,power_double_tap_interval,801,17356,802,1]
03-20 00:42:04.447  2160  3121 I intercept_power: [ACTION_DOWN,0,1]
03-20 00:42:04.467  2160  2160 I screen_toggled: 1
03-20 00:42:04.468  2160  2160 I power_screen_broadcast_send: 1
03-20 00:42:04.469  2160  2705 I sysui_multi_action: [757,1696,758,6,759,3]
03-20 00:42:04.497  2160  2611 I am_pss  : [3555,10138,com.android.permissioncontroller,17765376,7839744,7942144,105054208,0,19,7]
03-20 00:42:04.505  2160  2611 I am_pss  : [6667,10067,com.qualcomm.qti.qms.service.trustzoneaccess,5367808,2351104,1499136,92114944,0,19,6]
03-20 00:42:04.515  2160  2611 I am_pss  : [5133,10039,com.android.providers.calendar,7088128,696320,4702208,96595968,0,19,6]
03-20 00:42:04.519  2160  2160 I battery_saving_stats: [0,0,0,6635,-448,0,14930,-448,0]
03-20 00:42:04.522  2160  6535 I sysui_multi_action: [757,127,758,1]
03-20 00:42:04.522  2160  6535 I sysui_multi_action: [757,804,799,note_load,801,1,802,1]
03-20 00:42:04.522  2160  6535 I notification_panel_revealed: 1
03-20 00:42:04.524  2160  2611 I am_pss  : [4945,10025,android.process.media,9935872,3063808,5058560,101130240,0,19,6]
03-20 00:42:04.524  2160  6535 I wm_set_keyguard_shown: [0,1,0,0,0,setKeyguardShown]
03-20 00:42:04.532  2160  2611 I am_pss  : [4938,10024,android.process.acore,13362176,2740224,7675904,108912640,0,19,6]
03-20 00:42:04.550  2160  2160 I power_screen_broadcast_done: [1,83,1]
03-20 00:42:04.552  2160  2593 I wm_wallpaper_surface: [0,1,Window{aaf5a5 u0 NotificationShade}]
03-20 00:42:04.588  2160  2613 I am_uid_idle: 10138
03-20 00:42:04.599  2160  3121 I intercept_power: [ACTION_UP,0,0]
03-20 00:42:04.682  2160  2705 I sysui_latency: [5,229]
03-20 00:42:04.688  2160  2160 I sysui_multi_action: [757,198,758,1,759,1,1359,239,1694,1]
03-20 00:42:04.688  2160  2160 I power_screen_state: [1,0,0,0,239]
03-20 00:42:04.747  2160  3076 I commit_sys_config_file: [settings-2-0,14]
03-20 00:42:04.756  2160  2589 I sysui_multi_action: [757,223,758,2]
03-20 00:42:04.756  2160  2589 I sysui_multi_action: [757,804,799,dozing_minutes,801,0,802,1]
03-20 00:42:05.034  2160  2275 I sysui_multi_action: [757,128,758,1,793,128542,794,0,795,128542,796,26,798,0,806,android,857,DEVELOPER_IMPORTANT,858,4,946,ranker_group,947,0,1395,1,1500,17369,1688,1]
03-20 00:42:05.034  2160  2275 I sysui_multi_action: [757,1501,758,1,793,128542,794,0,795,128542,796,26,806,android,857,DEVELOPER_IMPORTANT,858,4,946,ranker_group,947,0,1500,0,1688,1]
03-20 00:42:05.034  2160  2275 I sysui_multi_action: [757,804,799,note_interruptive,801,0,802,1]
03-20 00:42:05.034  2160  2275 I sysui_multi_action: [757,804,799,note_freshness,801,128542,802,1]
03-20 00:42:05.034  2160  2275 I notification_visibility: [-1|android|26|null|1000,1,128542,128542,0,0]
03-20 00:42:05.108  2160  3120 I input_interaction: Interaction with: aaf5a5 NotificationShade (server), PointerEventDispatcher0 (server), 
03-20 00:42:05.445  2160  2275 I battery_status: [3,2,1,0,Li-ion]
03-20 00:42:05.456  2160  2160 I battery_saving_stats: [0,1,0,937,0,0,114611,5371,0]
03-20 00:42:05.515   984   984 I auditd  : type=1400 audit(0.0:236): avc: denied { read } for comm="binder:984_6" name="wakeup10" dev="sysfs" ino=102917 scontext=u:r:system_suspend:s0 tcontext=u:object_r:sysfs:s0 tclass=dir permissive=0
03-20 00:42:05.523   984   984 I auditd  : type=1400 audit(0.0:237): avc: denied { read } for comm="binder:984_6" name="wakeup13" dev="sysfs" ino=106572 scontext=u:r:system_suspend:s0 tcontext=u:object_r:sysfs:s0 tclass=dir permissive=0
03-20 00:42:05.567   984   984 I auditd  : type=1400 audit(0.0:238): avc: denied { read } for comm="binder:984_6" name="wakeup10" dev="sysfs" ino=102917 scontext=u:r:system_suspend:s0 tcontext=u:object_r:sysfs:s0 tclass=dir permissive=0
03-20 00:42:05.575   984   984 I auditd  : type=1400 audit(0.0:239): avc: denied { read } for comm="binder:984_6" name="wakeup13" dev="sysfs" ino=106572 scontext=u:r:system_suspend:s0 tcontext=u:object_r:sysfs:s0 tclass=dir permissive=0
03-20 00:42:05.643  2160  2611 I commit_sys_config_file: [batterystats,14]
03-20 00:42:05.646  2160  2611 I commit_sys_config_file: [batterystats,2]
03-20 00:42:08.383  2160  2160 I sysui_multi_action: [757,128,758,5,759,8,793,132468,794,0,795,132468,796,32,806,android,857,USB,858,1,946,ranker_group,947,0,1500,132389,1688,1]
03-20 00:42:08.383  2160  2160 I notification_canceled: [-1|android|32|null|1000,8,132468,132468,0,-1,-1,NULL]
03-20 00:42:08.386  2160  2160 I sysui_multi_action: [757,128,758,5,759,8,793,131894,794,3352,795,131894,796,26,806,android,857,DEVELOPER_IMPORTANT,858,4,946,ranker_group,947,0,1500,3352,1688,1]
03-20 00:42:08.386  2160  2160 I notification_canceled: [-1|android|26|null|1000,8,131894,131894,3352,-1,-1,NULL]
03-20 00:42:08.402  2160  2160 I notification_enqueue: [1000,2160,android,2147483647,ranker_group,-1,Notification(channel=USB shortcut=null contentView=null vibrate=null sound=null defaults=0x0 flags=0x700 color=0x00000000 groupKey=ranker_group vis=PRIVATE),1]
03-20 00:42:08.402  2160  2160 I sysui_multi_action: [757,128,758,5,759,16,793,131902,794,0,795,131902,796,2147483647,797,ranker_group,806,android,857,USB,858,1,946,ranker_group,947,1,1500,131902,1688,1]
03-20 00:42:08.402  2160  2160 I notification_canceled: [-1|android|2147483647|ranker_group|1000|ranker_group,16,131902,131902,0,-1,-1,NULL]
03-20 00:42:13.477  2160  2705 I sysui_multi_action: [757,1696,758,6,759,2]
03-20 00:42:15.472  2160  2705 I power_sleep_requested: 0
03-20 00:42:15.501  2160  2611 I am_pss  : [4003,10101,com.android.launcher3,59341824,46911488,0,198410240,0,6,13]
03-20 00:42:15.537  2160  2705 I sysui_multi_action: [757,1696,758,6,759,0]
03-20 00:42:16.015   984   984 I auditd  : type=1400 audit(0.0:240): avc: denied { read } for comm="binder:984_2" name="wakeup10" dev="sysfs" ino=102917 scontext=u:r:system_suspend:s0 tcontext=u:object_r:sysfs:s0 tclass=dir permissive=0
03-20 00:42:16.027   984   984 I auditd  : type=1400 audit(0.0:241): avc: denied { read } for comm="binder:984_2" name="wakeup13" dev="sysfs" ino=106572 scontext=u:r:system_suspend:s0 tcontext=u:object_r:sysfs:s0 tclass=dir permissive=0
03-20 00:42:16.131  2160  2160 I battery_saving_stats: [0,1,0,10675,0,0,10675,0,0]
03-20 00:42:16.179  2160  2589 I sysui_multi_action: [757,223,758,1]
03-20 00:42:16.196  2160  3634 I wm_set_keyguard_shown: [0,1,1,0,0,setKeyguardShown]
03-20 00:42:16.216  2160  2705 I sysui_multi_action: [757,1696,758,6,759,1]
03-20 00:42:16.217  2160  2160 I sysui_multi_action: [757,198,758,2,759,3,1359,756,1695,2]
03-20 00:42:16.217  2160  2160 I power_screen_state: [0,3,0,0,756]
03-20 00:42:16.217  2160  2160 I screen_toggled: 0
03-20 00:42:16.217  2160  2160 I sysui_multi_action: [757,804,799,screen_timeout,801,60,802,1]
03-20 00:42:16.217  2160  2160 I sysui_multi_action: [757,1594,758,4,759,-2147483648,1359,11527]
03-20 00:42:16.218  2160  2160 I power_screen_broadcast_send: 1
03-20 00:42:16.240  2160  3634 I sysui_multi_action: [757,127,758,2]
03-20 00:42:16.240  2160  3634 I notification_panel_hidden: 
03-20 00:42:16.248  2160  2593 I wm_wallpaper_surface: [0,0,null]
03-20 00:42:16.276  2160  2160 I power_screen_broadcast_done: [0,58,1]
03-20 00:42:16.426  2160  3076 I commit_sys_config_file: [settings-2-0,15]
03-20 00:44:51.178  2160  3121 I sysui_multi_action: [757,804,799,power_consecutive_short_tap_count,801,1,802,1]
03-20 00:44:51.178  2160  3121 I sysui_multi_action: [757,804,799,power_double_tap_interval,801,14627,802,1]
03-20 00:44:51.178  2160  3121 I intercept_power: [ACTION_DOWN,0,1]
03-20 00:44:51.264  2160  2160 I dvm_lock_sample: [system_server,1,main,80,AlarmManagerService.java,5507,void com.android.server.alarm.AlarmManagerService$DeliveryTracker.alarmComplete(android.os.IBinder),-,4773,void com.android.server.alarm.AlarmManagerService$AlarmThread.run(),16]
03-20 00:44:51.277  2160  2160 I screen_toggled: 1
03-20 00:44:51.277  2160  3121 I intercept_power: [ACTION_UP,0,0]
03-20 00:44:51.280  2160  2160 I power_screen_broadcast_send: 1
03-20 00:44:51.288  2160  2705 I sysui_multi_action: [757,1696,758,6,759,3]
03-20 00:44:51.303  2160  5057 I sysui_multi_action: [757,127,758,1]
03-20 00:44:51.303  2160  5057 I sysui_multi_action: [757,804,799,note_load,801,0,802,1]
03-20 00:44:51.303  2160  5057 I notification_panel_revealed: 0
03-20 00:44:51.305  2160  5057 I wm_set_keyguard_shown: [0,1,0,0,0,setKeyguardShown]
03-20 00:44:51.311   984   984 I auditd  : type=1400 audit(0.0:242): avc: denied { read } for comm="binder:984_1" name="wakeup10" dev="sysfs" ino=102917 scontext=u:r:system_suspend:s0 tcontext=u:object_r:sysfs:s0 tclass=dir permissive=0
03-20 00:44:51.319   984   984 I auditd  : type=1400 audit(0.0:243): avc: denied { read } for comm="binder:984_1" name="wakeup13" dev="sysfs" ino=106572 scontext=u:r:system_suspend:s0 tcontext=u:object_r:sysfs:s0 tclass=dir permissive=0
03-20 00:44:51.325  2160  2160 I battery_saving_stats: [0,0,0,155195,0,0,155195,0,0]
03-20 00:44:51.356  2160  2593 I wm_wallpaper_surface: [0,1,Window{aaf5a5 u0 NotificationShade}]
03-20 00:44:51.421  2160  2160 I power_screen_broadcast_done: [1,141,1]
03-20 00:44:51.495  2160  2705 I sysui_latency: [5,228]
03-20 00:44:51.497  2160  2160 I sysui_multi_action: [757,198,758,1,759,1,1359,417,1694,1]
03-20 00:44:51.497  2160  2160 I power_screen_state: [1,0,0,0,417]
03-20 00:44:51.519  2160  3076 I commit_sys_config_file: [settings-2-0,8]
03-20 00:44:51.553  2160  2589 I sysui_multi_action: [757,223,758,2]
03-20 00:44:51.553  2160  2589 I sysui_multi_action: [757,804,799,dozing_minutes,801,2,802,1]
03-20 00:44:59.097  2160  2705 I sysui_multi_action: [757,1696,758,6,759,2]
03-20 00:45:01.090  2160  2705 I power_sleep_requested: 0
03-20 00:45:01.153  2160  2705 I sysui_multi_action: [757,1696,758,6,759,0]
03-20 00:45:01.627   984   984 I auditd  : type=1400 audit(0.0:244): avc: denied { read } for comm="binder:984_3" name="wakeup10" dev="sysfs" ino=102917 scontext=u:r:system_suspend:s0 tcontext=u:object_r:sysfs:s0 tclass=dir permissive=0
03-20 00:45:01.639   984   984 I auditd  : type=1400 audit(0.0:245): avc: denied { read } for comm="binder:984_3" name="wakeup13" dev="sysfs" ino=106572 scontext=u:r:system_suspend:s0 tcontext=u:object_r:sysfs:s0 tclass=dir permissive=0
03-20 00:45:01.739  2160  2160 I battery_saving_stats: [0,1,0,10413,0,0,21088,0,0]
03-20 00:45:01.798  2160  2589 I sysui_multi_action: [757,223,758,1]
03-20 00:45:01.813  2160  5080 I wm_set_keyguard_shown: [0,1,1,0,0,setKeyguardShown]
03-20 00:45:01.833  2160  2705 I sysui_multi_action: [757,1696,758,6,759,1]
03-20 00:45:01.833  2160  2160 I sysui_multi_action: [757,198,758,2,759,3,1359,751,1695,2]
03-20 00:45:01.834  2160  2160 I power_screen_state: [0,3,0,0,751]
03-20 00:45:01.834  2160  2160 I screen_toggled: 0
03-20 00:45:01.834  2160  2160 I sysui_multi_action: [757,804,799,screen_timeout,801,60,802,1]
03-20 00:45:01.834  2160  2160 I sysui_multi_action: [757,1594,758,4,759,-2147483648,1359,10337]
03-20 00:45:01.835  2160  2160 I power_screen_broadcast_send: 1
03-20 00:45:01.849  2160  6535 I sysui_multi_action: [757,127,758,2]
03-20 00:45:01.849  2160  6535 I notification_panel_hidden: 
03-20 00:45:01.863  2160  2593 I wm_wallpaper_surface: [0,0,null]
03-20 00:45:01.895  2160  2160 I power_screen_broadcast_done: [0,60,1]
03-20 00:45:02.041  2160  3076 I commit_sys_config_file: [settings-2-0,13]
03-20 00:46:35.371  2160  3121 I sysui_multi_action: [757,804,799,power_consecutive_short_tap_count,801,1,802,1]
03-20 00:46:35.371  2160  3121 I sysui_multi_action: [757,804,799,power_double_tap_interval,801,13531,802,1]
03-20 00:46:35.372  2160  3121 I intercept_power: [ACTION_DOWN,0,1]
03-20 00:46:35.475  2160  2160 I screen_toggled: 1
03-20 00:46:35.478  2160  2160 I power_screen_broadcast_send: 1
03-20 00:46:35.483  2160  2705 I sysui_multi_action: [757,1696,758,6,759,3]
03-20 00:46:35.502  2160  3121 I intercept_power: [ACTION_UP,0,0]
03-20 00:46:35.504   984   984 I auditd  : type=1400 audit(0.0:246): avc: denied { read } for comm="binder:984_3" name="wakeup10" dev="sysfs" ino=102917 scontext=u:r:system_suspend:s0 tcontext=u:object_r:sysfs:s0 tclass=dir permissive=0
03-20 00:46:35.512   984   984 I auditd  : type=1400 audit(0.0:247): avc: denied { read } for comm="binder:984_3" name="wakeup13" dev="sysfs" ino=106572 scontext=u:r:system_suspend:s0 tcontext=u:object_r:sysfs:s0 tclass=dir permissive=0
03-20 00:46:35.517  2160  2160 I battery_saving_stats: [0,0,0,93778,1343,0,248973,1343,0]
03-20 00:46:35.541  2160  6535 I sysui_multi_action: [757,127,758,1]
03-20 00:46:35.541  2160  6535 I sysui_multi_action: [757,804,799,note_load,801,0,802,1]
03-20 00:46:35.542  2160  6535 I notification_panel_revealed: 0
03-20 00:46:35.546  2160  3623 I wm_set_keyguard_shown: [0,1,0,0,0,setKeyguardShown]
03-20 00:46:35.617  2160  2160 I power_screen_broadcast_done: [1,139,1]
03-20 00:46:35.763  2160  2593 I wm_wallpaper_surface: [0,1,Window{aaf5a5 u0 NotificationShade}]
03-20 00:46:35.770  2160  2705 I sysui_latency: [5,304]
03-20 00:46:35.771  2160  2160 I sysui_multi_action: [757,198,758,1,759,1,1359,485,1694,1]
03-20 00:46:35.771  2160  2160 I power_screen_state: [1,0,0,0,485]
03-20 00:46:35.775  2160  3076 I commit_sys_config_file: [settings-2-0,16]
03-20 00:46:35.783  2160  2589 I sysui_multi_action: [757,223,758,2]
03-20 00:46:35.783  2160  2589 I sysui_multi_action: [757,804,799,dozing_minutes,801,1,802,1]
03-20 00:46:39.418  2160  3634 I wm_set_keyguard_shown: [0,1,0,1,0,keyguardGoingAway]
03-20 00:46:39.423  2160  3634 I wm_set_resumed_activity: [0,com.android.launcher3/.uioverrides.QuickstepLauncher,resumeTopActivity - onActivityStateChanged]
03-20 00:46:39.424  2160  3634 I wm_resume_activity: [0,89805089,7,com.android.launcher3/.uioverrides.QuickstepLauncher]
03-20 00:46:39.426  4003  4003 I wm_on_restart_called: [89805089,com.android.launcher3.uioverrides.QuickstepLauncher,performRestartActivity]
03-20 00:46:39.426  4003  4003 I wm_on_start_called: [89805089,com.android.launcher3.uioverrides.QuickstepLauncher,handleStartActivity]
03-20 00:46:39.431  4003  4003 I wm_on_resume_called: [89805089,com.android.launcher3.uioverrides.QuickstepLauncher,RESUME_ACTIVITY]
03-20 00:46:39.433  4003  4003 I wm_on_top_resumed_gained_called: [89805089,com.android.launcher3.uioverrides.QuickstepLauncher,topWhenResuming]
03-20 00:46:39.435  3550  3550 I sysui_multi_action: [757,186,758,4,826,176,827,5822]
03-20 00:46:39.435  3550  3550 I sysui_lockscreen_gesture: [1,176,5822]
03-20 00:46:39.484  3550  3550 I sysui_multi_action: [757,111,758,2]
03-20 00:46:39.486  3550  3550 I sysui_multi_action: [757,196,758,2,759,0]
03-20 00:46:39.486  3550  3550 I sysui_status_bar_state: [0,0,0,0,0,1]
03-20 00:46:39.500  2160  2592 I user_activity_timeout_override: -1
03-20 00:46:39.502  2160  3693 I wm_set_keyguard_shown: [0,0,0,1,0,setKeyguardShown]
03-20 00:46:39.504  2160  2593 I input_focus: [Focus request 4295fe com.android.launcher3/com.android.launcher3.uioverrides.QuickstepLauncher,reason=UpdateInputWindows]
03-20 00:46:39.510  2160  3693 I sysui_multi_action: [757,127,758,2]
03-20 00:46:39.510  2160  3693 I notification_panel_hidden: 
03-20 00:46:39.518  2160  3120 I input_focus: [Focus leaving aaf5a5 NotificationShade (server),reason=NOT_FOCUSABLE]
03-20 00:46:39.518  2160  3120 I input_focus: [Focus entering 4295fe com.android.launcher3/com.android.launcher3.uioverrides.QuickstepLauncher (server),reason=setFocusedWindow]
03-20 00:47:32.414  2160  2705 I sysui_multi_action: [757,1696,758,6,759,2]
03-20 00:47:39.390  2160  2705 I power_sleep_requested: 0
03-20 00:47:39.418  2160  2611 I am_pss  : [5200,10122,com.qualcomm.qtil.btdsda,5382144,262144,3473408,93446144,0,19,10]
03-20 00:47:39.446  2160  2705 I sysui_multi_action: [757,1696,758,6,759,0]
03-20 00:47:39.892  2160  2705 I wm_pause_activity: [0,89805089,com.android.launcher3/.uioverrides.QuickstepLauncher,userLeaving=false,sleep]
03-20 00:47:39.893  4003  4003 I wm_on_top_resumed_lost_called: [89805089,com.android.launcher3.uioverrides.QuickstepLauncher,topStateChangedWhenResumed]
03-20 00:47:39.895  4003  4003 I wm_on_paused_called: [89805089,com.android.launcher3.uioverrides.QuickstepLauncher,performPause]
03-20 00:47:39.897  2160  3623 I wm_add_to_stopping: [0,89805089,com.android.launcher3/.uioverrides.QuickstepLauncher,completePauseLocked]
03-20 00:47:39.903  2160  3623 I wm_wallpaper_surface: [0,0,null]
03-20 00:47:39.903  2160  2589 I sysui_multi_action: [757,803,799,window_time_0,802,361]
03-20 00:47:39.908  2160  2592 I wm_stop_activity: [0,89805089,com.android.launcher3/.uioverrides.QuickstepLauncher]
03-20 00:47:39.909  2160  2593 I input_focus: [Requesting to set focus to null window,reason=UpdateInputWindows]
03-20 00:47:39.917  2160  3120 I input_focus: [Focus leaving 4295fe com.android.launcher3/com.android.launcher3.uioverrides.QuickstepLauncher (server),reason=NOT_VISIBLE]
03-20 00:47:39.916   984   984 I auditd  : type=1400 audit(0.0:248): avc: denied { read } for comm="binder:984_4" name="wakeup10" dev="sysfs" ino=102917 scontext=u:r:system_suspend:s0 tcontext=u:object_r:sysfs:s0 tclass=dir permissive=0
03-20 00:47:39.932  4003  4003 I wm_on_stop_called: [89805089,com.android.launcher3.uioverrides.QuickstepLauncher,STOP_ACTIVITY_ITEM]
03-20 00:47:39.928   984   984 I auditd  : type=1400 audit(0.0:249): avc: denied { read } for comm="binder:984_4" name="wakeup13" dev="sysfs" ino=106572 scontext=u:r:system_suspend:s0 tcontext=u:object_r:sysfs:s0 tclass=dir permissive=0
03-20 00:47:39.949  2160  2690 I dvm_lock_sample: [system_server,0,batterystats-worker,9,BatteryExternalStatsWorker.java,665,void com.android.server.am.BatteryExternalStatsWorker.updateExternalStatsLocked(java.lang.String, int, boolean, boolean, int, int[], boolean),BatteryStatsService.java,1016,void com.android.server.am.BatteryStatsService.lambda$noteStartWakelock$22(int, int, java.lang.String, java.lang.String, int, boolean, long, long),1]
03-20 00:47:40.020  2160  2160 I battery_saving_stats: [0,1,0,64503,0,0,85591,0,0]
03-20 00:47:40.104  2160  2589 I sysui_multi_action: [757,223,758,1]
03-20 00:47:40.126  3550  3550 I sysui_multi_action: [757,111,758,1]
03-20 00:47:40.127  3550  3550 I sysui_multi_action: [757,126,758,1,759,126,927,0,928,0,1593,0]
03-20 00:47:40.127  3550  3550 I sysui_multi_action: [757,113,758,1,759,113,927,1,928,1,1593,0]
03-20 00:47:40.127  3550  3550 I sysui_multi_action: [757,119,758,1,759,119,927,2,928,0,1593,0]
03-20 00:47:40.128  3550  3550 I sysui_multi_action: [757,118,758,1,759,118,927,3,928,0,1593,0]
03-20 00:47:40.132  2160  5080 I wm_set_keyguard_shown: [0,0,1,0,0,setKeyguardShown]
03-20 00:47:40.146  3550  3550 I sysui_multi_action: [757,196,758,2,759,0]
03-20 00:47:40.146  3550  3550 I sysui_status_bar_state: [1,0,0,0,0,1]
03-20 00:47:40.151  2160  3623 I sysui_multi_action: [757,127,758,1]
03-20 00:47:40.151  2160  3623 I sysui_multi_action: [757,804,799,note_load,801,0,802,1]
03-20 00:47:40.151  2160  3623 I notification_panel_revealed: 0
03-20 00:47:40.159  2160  2705 I sysui_multi_action: [757,1696,758,6,759,1]
03-20 00:47:40.160  2160  2160 I sysui_multi_action: [757,198,758,2,759,3,1359,779,1695,2]
03-20 00:47:40.160  2160  2160 I power_screen_state: [0,3,0,0,779]
03-20 00:47:40.160  2160  2160 I screen_toggled: 0
03-20 00:47:40.160  2160  2160 I sysui_multi_action: [757,804,799,screen_timeout,801,60,802,1]
03-20 00:47:40.160  2160  2160 I sysui_multi_action: [757,1594,758,4,759,-2147483648,1359,64389]
03-20 00:47:40.161  2160  2160 I power_screen_broadcast_send: 1
03-20 00:47:40.207  2160  3623 I sysui_multi_action: [757,127,758,2]
03-20 00:47:40.208  2160  3623 I notification_panel_hidden: 
03-20 00:47:40.217  2160  2593 I input_focus: [Focus request aaf5a5 NotificationShade,reason=UpdateInputWindows]
03-20 00:47:40.252  2160  3120 I input_focus: [Focus entering aaf5a5 NotificationShade (server),reason=setFocusedWindow]
03-20 00:47:40.255  2160  2160 I power_screen_broadcast_done: [0,94,1]
03-20 00:47:40.364  2160  3076 I commit_sys_config_file: [settings-2-0,15]
03-20 00:47:45.916  2160  3625 I wm_set_keyguard_shown: [0,1,1,0,0,setKeyguardShown]
03-20 00:47:45.927  3550  3550 I sysui_multi_action: [757,196,758,1,759,0]
03-20 00:47:45.927  3550  3550 I sysui_status_bar_state: [1,1,0,0,0,1]
03-20 00:47:45.951  2160  2592 I user_activity_timeout_override: 10000
03-20 00:48:07.714  2160  3121 I sysui_multi_action: [757,804,799,power_consecutive_short_tap_count,801,1,802,1]
03-20 00:48:07.714  2160  3121 I sysui_multi_action: [757,804,799,power_double_tap_interval,801,67683,802,1]
03-20 00:48:07.714  2160  3121 I intercept_power: [ACTION_DOWN,0,1]
03-20 00:48:07.822  2160  2160 I screen_toggled: 1
03-20 00:48:07.822  2160  2160 I power_screen_broadcast_send: 1
03-20 00:48:07.826  2160  3121 I intercept_power: [ACTION_UP,0,0]
03-20 00:48:07.828  2160  2705 I sysui_multi_action: [757,1696,758,6,759,3]
03-20 00:48:07.857   984   984 I auditd  : type=1400 audit(0.0:250): avc: denied { read } for comm="binder:984_7" name="wakeup10" dev="sysfs" ino=102917 scontext=u:r:system_suspend:s0 tcontext=u:object_r:sysfs:s0 tclass=dir permissive=0
03-20 00:48:07.865   984   984 I auditd  : type=1400 audit(0.0:251): avc: denied { read } for comm="binder:984_7" name="wakeup13" dev="sysfs" ino=106572 scontext=u:r:system_suspend:s0 tcontext=u:object_r:sysfs:s0 tclass=dir permissive=0
03-20 00:48:07.886  2160  5080 I sysui_multi_action: [757,127,758,1]
03-20 00:48:07.886  2160  5080 I sysui_multi_action: [757,804,799,note_load,801,0,802,1]
03-20 00:48:07.886  2160  5080 I notification_panel_revealed: 0
03-20 00:48:07.888  2160  2160 I battery_saving_stats: [0,0,0,27868,0,0,276841,1343,0]
03-20 00:48:07.888  2160  3623 I wm_set_keyguard_shown: [0,1,0,0,0,setKeyguardShown]
03-20 00:48:07.908  2160  2589 I sysui_multi_action: [757,223,758,2]
03-20 00:48:07.911  2160  2589 I sysui_multi_action: [757,804,799,dozing_minutes,801,0,802,1]
03-20 00:48:07.956  2160  2160 I power_screen_broadcast_done: [1,134,1]
03-20 00:48:08.072  2160  2593 I wm_wallpaper_surface: [0,1,Window{aaf5a5 u0 NotificationShade}]
03-20 00:48:08.088  2160  2705 I sysui_latency: [5,282]
03-20 00:48:08.090  2160  2160 I sysui_multi_action: [757,198,758,1,759,1,1359,469,1694,1]
03-20 00:48:08.090  2160  2160 I power_screen_state: [1,0,0,0,469]
03-20 00:48:08.106  2160  3076 I commit_sys_config_file: [settings-2-0,11]
03-20 00:48:09.718  3550  3550 I sysui_multi_action: [757,186,758,4,826,113,827,3228]
03-20 00:48:09.719  3550  3550 I sysui_lockscreen_gesture: [1,113,3228]
03-20 00:48:09.734  2160  3693 I wm_set_keyguard_shown: [0,1,0,1,0,keyguardGoingAway]
03-20 00:48:09.737  2160  3693 I wm_set_resumed_activity: [0,com.android.launcher3/.uioverrides.QuickstepLauncher,resumeTopActivity - onActivityStateChanged]
03-20 00:48:09.738  2160  3693 I wm_resume_activity: [0,89805089,7,com.android.launcher3/.uioverrides.QuickstepLauncher]
03-20 00:48:09.739  4003  4003 I wm_on_restart_called: [89805089,com.android.launcher3.uioverrides.QuickstepLauncher,performRestartActivity]
03-20 00:48:09.740  4003  4003 I wm_on_start_called: [89805089,com.android.launcher3.uioverrides.QuickstepLauncher,handleStartActivity]
03-20 00:48:09.740  4003  4003 I wm_on_resume_called: [89805089,com.android.launcher3.uioverrides.QuickstepLauncher,RESUME_ACTIVITY]
03-20 00:48:09.741  4003  4003 I wm_on_top_resumed_gained_called: [89805089,com.android.launcher3.uioverrides.QuickstepLauncher,topWhenResuming]
03-20 00:48:09.792  2160  3693 I wm_set_keyguard_shown: [0,0,0,1,0,setKeyguardShown]
03-20 00:48:09.798  3550  3550 I sysui_multi_action: [757,111,758,2]
03-20 00:48:09.800  3550  3550 I sysui_multi_action: [757,196,758,2,759,0]
03-20 00:48:09.800  3550  3550 I sysui_status_bar_state: [0,0,0,0,0,1]
03-20 00:48:09.805  2160  3693 I sysui_multi_action: [757,127,758,2]
03-20 00:48:09.805  2160  3693 I notification_panel_hidden: 
03-20 00:48:09.814  2160  2592 I user_activity_timeout_override: -1
03-20 00:48:09.815  2160  2593 I input_focus: [Focus request 4295fe com.android.launcher3/com.android.launcher3.uioverrides.QuickstepLauncher,reason=UpdateInputWindows]
03-20 00:48:09.835  2160  3120 I input_focus: [Focus leaving aaf5a5 NotificationShade (server),reason=NOT_FOCUSABLE]
03-20 00:48:09.836  2160  3120 I input_focus: [Focus entering 4295fe com.android.launcher3/com.android.launcher3.uioverrides.QuickstepLauncher (server),reason=setFocusedWindow]
03-20 00:49:02.622  2160  2705 I sysui_multi_action: [757,1696,758,6,759,2]
03-20 00:49:09.621  2160  2705 I power_sleep_requested: 0
03-20 00:49:09.674  2160  2705 I sysui_multi_action: [757,1696,758,6,759,0]
03-20 00:49:10.113  2160  2705 I wm_pause_activity: [0,89805089,com.android.launcher3/.uioverrides.QuickstepLauncher,userLeaving=false,sleep]
03-20 00:49:10.115  4003  4003 I wm_on_top_resumed_lost_called: [89805089,com.android.launcher3.uioverrides.QuickstepLauncher,topStateChangedWhenResumed]
03-20 00:49:10.122  4003  4003 I wm_on_paused_called: [89805089,com.android.launcher3.uioverrides.QuickstepLauncher,performPause]
03-20 00:49:10.123  2160  3623 I wm_add_to_stopping: [0,89805089,com.android.launcher3/.uioverrides.QuickstepLauncher,completePauseLocked]
03-20 00:49:10.126  2160  2589 I sysui_multi_action: [757,803,799,window_time_0,802,91]
03-20 00:49:10.127  2160  3623 I wm_wallpaper_surface: [0,0,null]
03-20 00:49:10.131  2160  2592 I wm_stop_activity: [0,89805089,com.android.launcher3/.uioverrides.QuickstepLauncher]
03-20 00:49:10.132  2160  2593 I input_focus: [Requesting to set focus to null window,reason=UpdateInputWindows]
03-20 00:49:10.135  2160  3120 I input_focus: [Focus leaving 4295fe com.android.launcher3/com.android.launcher3.uioverrides.QuickstepLauncher (server),reason=NOT_VISIBLE]
03-20 00:49:10.133   984   984 I auditd  : type=1400 audit(0.0:252): avc: denied { read } for comm="binder:984_1" name="wakeup10" dev="sysfs" ino=102917 scontext=u:r:system_suspend:s0 tcontext=u:object_r:sysfs:s0 tclass=dir permissive=0
03-20 00:49:10.141   984   984 I auditd  : type=1400 audit(0.0:253): avc: denied { read } for comm="binder:984_1" name="wakeup13" dev="sysfs" ino=106572 scontext=u:r:system_suspend:s0 tcontext=u:object_r:sysfs:s0 tclass=dir permissive=0
03-20 00:49:10.176  4003  4003 I wm_on_stop_called: [89805089,com.android.launcher3.uioverrides.QuickstepLauncher,STOP_ACTIVITY_ITEM]
03-20 00:49:10.234  2160  2160 I battery_saving_stats: [0,1,0,62346,0,0,147937,0,0]
03-20 00:49:10.331  2160  2589 I sysui_multi_action: [757,223,758,1]
03-20 00:49:10.352  3550  3550 I sysui_multi_action: [757,111,758,1]
03-20 00:49:10.352  3550  3550 I sysui_multi_action: [757,126,758,1,759,126,927,0,928,0,1593,0]
03-20 00:49:10.353  3550  3550 I sysui_multi_action: [757,113,758,1,759,113,927,1,928,1,1593,0]
03-20 00:49:10.353  3550  3550 I sysui_multi_action: [757,119,758,1,759,119,927,2,928,0,1593,0]
03-20 00:49:10.354  3550  3550 I sysui_multi_action: [757,118,758,1,759,118,927,3,928,0,1593,0]
03-20 00:49:10.357  2160  3693 I wm_set_keyguard_shown: [0,0,1,0,0,setKeyguardShown]
03-20 00:49:10.371  3550  3550 I sysui_multi_action: [757,196,758,2,759,0]
03-20 00:49:10.372  3550  3550 I sysui_status_bar_state: [1,0,0,0,0,1]
03-20 00:49:10.378  2160  3625 I sysui_multi_action: [757,127,758,1]
03-20 00:49:10.378  2160  3625 I sysui_multi_action: [757,804,799,note_load,801,0,802,1]
03-20 00:49:10.378  2160  3625 I notification_panel_revealed: 0
03-20 00:49:10.387  2160  2705 I sysui_multi_action: [757,1696,758,6,759,1]
03-20 00:49:10.387  2160  2160 I sysui_multi_action: [757,198,758,2,759,3,1359,774,1695,2]
03-20 00:49:10.387  2160  2160 I power_screen_state: [0,3,0,0,774]
03-20 00:49:10.388  2160  2160 I screen_toggled: 0
03-20 00:49:10.388  2160  2160 I sysui_multi_action: [757,804,799,screen_timeout,801,60,802,1]
03-20 00:49:10.388  2160  2160 I sysui_multi_action: [757,1594,758,4,759,-2147483648,1359,62297]
03-20 00:49:10.389  2160  2160 I power_screen_broadcast_send: 1
03-20 00:49:10.432  2160  3693 I sysui_multi_action: [757,127,758,2]
03-20 00:49:10.432  2160  3693 I notification_panel_hidden: 
03-20 00:49:10.443  2160  2593 I input_focus: [Focus request aaf5a5 NotificationShade,reason=UpdateInputWindows]
03-20 00:49:10.463  2160  3120 I input_focus: [Focus entering aaf5a5 NotificationShade (server),reason=setFocusedWindow]
03-20 00:49:10.473  2160  2160 I power_screen_broadcast_done: [0,83,1]
03-20 00:49:10.588  2160  3076 I commit_sys_config_file: [settings-2-0,14]
03-20 00:49:15.900  2160  3693 I wm_set_keyguard_shown: [0,1,1,0,0,setKeyguardShown]
03-20 00:49:15.909  3550  3550 I sysui_multi_action: [757,196,758,1,759,0]
03-20 00:49:15.909  3550  3550 I sysui_status_bar_state: [1,1,0,0,0,1]
03-20 00:49:15.934  2160  2592 I user_activity_timeout_override: 10000
03-20 01:25:11.880  2160  3486 I netstats_mobile_sample: [0,0,0,0,0,0,0,0,0,0,0,0,1710869111880]
03-20 01:25:11.880  2160  3486 I netstats_wifi_sample: [0,0,0,0,0,0,0,0,0,0,0,0,1710869111880]
03-20 01:25:11.903  2160  4555 I am_uid_active: 10024
03-20 01:25:12.033  2160  3083 I am_compact: [6466,com.android.statementservice,anon,98108,49836,47372,32,-5152,0,-5152,5152,80,0,0,905,19,3602172,-4864]
03-20 01:25:12.390  2160  6984 I service_manager_stats: [100,178,292453]
03-20 01:30:49.512  2160  2591 I commit_sys_config_file: [jobs,14]
03-20 01:42:06.855  2160  3634 I battery_level: [97,4378,240]
03-20 01:47:19.541  2160  3121 I sysui_multi_action: [757,804,799,power_consecutive_short_tap_count,801,1,802,1]
03-20 01:47:19.542  2160  3121 I sysui_multi_action: [757,804,799,power_double_tap_interval,801,78551,802,1]
03-20 01:47:19.542  2160  3121 I intercept_power: [ACTION_DOWN,0,1]
03-20 01:47:19.658  2160  3121 I intercept_power: [ACTION_UP,0,0]
03-20 01:47:19.661  2160  2160 I screen_toggled: 1
03-20 01:47:19.662  2160  2705 I sysui_multi_action: [757,1696,758,6,759,3]
03-20 01:47:19.664  2160  2689 I service_manager_stats: [111,74,5685]
03-20 01:47:19.676  2160  2160 I power_screen_broadcast_send: 1
03-20 01:47:19.687  2160  6535 I sysui_multi_action: [757,127,758,1]
03-20 01:47:19.687  2160  6535 I sysui_multi_action: [757,804,799,note_load,801,0,802,1]
03-20 01:47:19.687  2160  6535 I notification_panel_revealed: 0
03-20 01:47:19.689  2160  3623 I wm_set_keyguard_shown: [0,1,0,0,0,setKeyguardShown]
03-20 01:47:19.687   984   984 I auditd  : type=1400 audit(0.0:254): avc: denied { read } for comm="binder:984_4" name="wakeup10" dev="sysfs" ino=102917 scontext=u:r:system_suspend:s0 tcontext=u:object_r:sysfs:s0 tclass=dir permissive=0
03-20 01:47:19.706  2160  2160 I battery_saving_stats: [0,0,0,3489473,17009,1,3766314,18352,1]
03-20 01:47:19.695   984   984 I auditd  : type=1400 audit(0.0:255): avc: denied { read } for comm="binder:984_4" name="wakeup13" dev="sysfs" ino=106572 scontext=u:r:system_suspend:s0 tcontext=u:object_r:sysfs:s0 tclass=dir permissive=0
03-20 01:47:19.743  2160  2593 I wm_wallpaper_surface: [0,1,Window{aaf5a5 u0 NotificationShade}]
03-20 01:47:19.778  2160  2160 I power_screen_broadcast_done: [1,102,1]
03-20 01:47:19.880  2160  2705 I sysui_latency: [5,230]
03-20 01:47:19.880  2160  2160 I sysui_multi_action: [757,198,758,1,759,1,1359,475,1694,1]
03-20 01:47:19.880  2160  2160 I power_screen_state: [1,0,0,0,475]
03-20 01:47:19.902  2160  3076 I commit_sys_config_file: [settings-2-0,7]
03-20 01:47:19.938  2160  2589 I sysui_multi_action: [757,223,758,2]
03-20 01:47:19.939  2160  2589 I sysui_multi_action: [757,804,799,dozing_minutes,801,58,802,1]
03-20 01:47:20.735  2160  5057 I wm_set_keyguard_shown: [0,1,0,1,0,keyguardGoingAway]
03-20 01:47:20.738  2160  5057 I wm_set_resumed_activity: [0,com.android.launcher3/.uioverrides.QuickstepLauncher,resumeTopActivity - onActivityStateChanged]
03-20 01:47:20.739  2160  5057 I wm_resume_activity: [0,89805089,7,com.android.launcher3/.uioverrides.QuickstepLauncher]
03-20 01:47:20.742  4003  4003 I wm_on_restart_called: [89805089,com.android.launcher3.uioverrides.QuickstepLauncher,performRestartActivity]
03-20 01:47:20.742  4003  4003 I wm_on_start_called: [89805089,com.android.launcher3.uioverrides.QuickstepLauncher,handleStartActivity]
03-20 01:47:20.745  4003  4003 I wm_on_resume_called: [89805089,com.android.launcher3.uioverrides.QuickstepLauncher,RESUME_ACTIVITY]
03-20 01:47:20.745  4003  4003 I wm_on_top_resumed_gained_called: [89805089,com.android.launcher3.uioverrides.QuickstepLauncher,topWhenResuming]
03-20 01:47:20.749  3550  3550 I sysui_multi_action: [757,186,758,4,826,221,827,6212]
03-20 01:47:20.749  3550  3550 I sysui_lockscreen_gesture: [1,221,6212]
03-20 01:47:20.795  2160  3634 I wm_set_keyguard_shown: [0,0,0,1,0,setKeyguardShown]
03-20 01:47:20.797  3550  3550 I sysui_multi_action: [757,111,758,2]
03-20 01:47:20.799  3550  3550 I sysui_multi_action: [757,196,758,2,759,0]
03-20 01:47:20.799  3550  3550 I sysui_status_bar_state: [0,0,0,0,0,1]
03-20 01:47:20.809  2160  2592 I user_activity_timeout_override: -1
03-20 01:47:20.811  2160  2593 I input_focus: [Focus request 4295fe com.android.launcher3/com.android.launcher3.uioverrides.QuickstepLauncher,reason=UpdateInputWindows]
03-20 01:47:20.815  2160  6535 I sysui_multi_action: [757,127,758,2]
03-20 01:47:20.815  2160  6535 I notification_panel_hidden: 
03-20 01:47:20.835  2160  3120 I input_focus: [Focus leaving aaf5a5 NotificationShade (server),reason=NOT_FOCUSABLE]
03-20 01:47:20.835  2160  3120 I input_focus: [Focus entering 4295fe com.android.launcher3/com.android.launcher3.uioverrides.QuickstepLauncher (server),reason=setFocusedWindow]
03-20 01:47:21.364  2160  3120 I input_interaction: Interaction with: 4295fe com.android.launcher3/com.android.launcher3.uioverrides.QuickstepLauncher (server), c8b78ac com.android.systemui.wallpapers.ImageWallpaper (server), PointerEventDispatcher0 (server), 
03-20 01:47:22.298  2160  6535 I wm_task_created: [8,-1]
03-20 01:47:22.303  2160  6535 I wm_task_moved: [8,1,2]
03-20 01:47:22.303  2160  6535 I wm_task_to_front: [0,8]
03-20 01:47:22.303  2160  6535 I wm_create_task: [0,8]
03-20 01:47:22.303  2160  6535 I wm_create_activity: [0,148465717,8,com.android.settings/.Settings,android.intent.action.MAIN,NULL,NULL,270532608]
03-20 01:47:22.303  2160  6535 I wm_task_moved: [8,1,2]
03-20 01:47:22.304  2160  6535 I wm_pause_activity: [0,89805089,com.android.launcher3/.uioverrides.QuickstepLauncher,userLeaving=true,pauseBackTasks]
03-20 01:47:22.309  4003  4003 I wm_on_top_resumed_lost_called: [89805089,com.android.launcher3.uioverrides.QuickstepLauncher,topStateChangedWhenResumed]
03-20 01:47:22.310  4003  4003 I wm_on_paused_called: [89805089,com.android.launcher3.uioverrides.QuickstepLauncher,performPause]
