01-15 03:50:39.165     1     1 I         : PPP Deflate Compression module registered
01-15 03:50:39.165     1     1 I         : PPP MPPE Compression module registered
01-15 03:50:39.165     1     1 I NET     : Registered PF_PPPOX protocol family
01-15 03:50:39.165     1     1 I         : PPTP driver version 0.8.5
01-15 03:50:39.165     1     1 I usbcore : registered new interface driver rtl8150
01-15 03:50:39.165     1     1 I usbcore : registered new interface driver r8152
01-15 03:50:39.165     1     1 I usbcore : registered new interface driver asix
01-15 03:50:39.165     1     1 I usbcore : registered new interface driver ax88179_178a
01-15 03:50:39.165     1     1 I usbcore : registered new interface driver cdc_ether
01-15 03:50:39.165     1     1 I usbcore : registered new interface driver cdc_eem
01-15 03:50:39.165     1     1 I usbcore : registered new interface driver cdc_ncm
01-15 03:50:39.165     1     1 I usbcore : registered new interface driver aqc111
01-15 03:50:39.165     1     1 I usbcore : registered new interface driver r8153_ecm
01-15 03:50:39.165     1     1 I ehci_hcd: USB 2.0 'Enhanced' Host Controller (EHCI) Driver
01-15 03:50:39.165     1     1 I ehci-pci: EHCI PCI platform driver
01-15 03:50:39.165     1     1 I ehci-platform: EHCI generic platform driver
01-15 03:50:39.166     1     1 I usbcore : registered new interface driver cdc_acm
01-15 03:50:39.166     1     1 I cdc_acm : USB Abstract Control Model driver for USB modems and ISDN adapters
01-15 03:50:39.166     1     1 I usbcore : registered new interface driver uas
01-15 03:50:39.166     1     1 I usbcore : registered new interface driver usb-storage
01-15 03:50:39.166     1     1 I usbcore : registered new interface driver xpad
01-15 03:50:39.166     1     1 I usbcore : registered new interface driver uvcvideo
01-15 03:50:39.166     1     1 I gspca_main: v2.14.0 registered
01-15 03:50:39.166     1     1 I device-mapper: uevent: version 1.0.3
01-15 03:50:39.166     1     1 I device-mapper: ioctl: 4.45.0-ioctl (2021-03-22) initialised: dm-devel@redhat.com
01-15 03:50:39.166     1     1 I Bluetooth: HCI UART driver ver 2.3
01-15 03:50:39.166     1     1 I Bluetooth: HCI UART protocol H4 registered
01-15 03:50:39.167     1     1 I Bluetooth: HCI UART protocol LL registered
01-15 03:50:39.167     1     1 I Bluetooth: HCI UART protocol Broadcom registered
01-15 03:50:39.167     1     1 I Bluetooth: HCI UART protocol QCA registered
01-15 03:50:39.167     1     1 I sdhci   : Secure Digital Host Controller Interface driver
01-15 03:50:39.167     1     1 I sdhci   : Copyright(c) Pierre Ossman
01-15 03:50:39.167     1     1 I sdhci-pltfm: SDHCI platform and OF driver helper
01-15 03:50:39.167     1     1 I SMCCC   : SOC_ID: ARCH_SOC_ID not implemented, skipping ....
01-15 03:50:39.167     1     1 I hid     : raw HID events driver (C) Jiri Kosina
01-15 03:50:39.168     1     1 I usbcore : registered new interface driver usbhid
01-15 03:50:39.168     1     1 I usbhid  : USB HID core driver
01-15 03:50:39.168     1     1 I ashmem  : initialized
01-15 03:50:39.168     1     1 I gnss    : GNSS driver registered with major 508
01-15 03:50:39.170     1     1 I usbcore : registered new interface driver snd-usb-audio
01-15 03:50:39.170     1     1 I         : GACT probability NOT on
01-15 03:50:39.170     1     1 I         : Mirror/redirect action on
01-15 03:50:39.170     1     1 I netem   : version 1.3
01-15 03:50:39.170     1     1 I         : u32 classifier
01-15 03:50:39.170     1     1 I         : input device check on
01-15 03:50:39.170     1     1 I         : Actions configured
01-15 03:50:39.171     1     1 I xt_time : kernel timezone is -0000
01-15 03:50:39.171     1     1 I ipip    : IPv4 and MPLS over IPv4 tunneling driver
01-15 03:50:39.171     1     1 I gre     : GRE over IPv4 demultiplexor driver
01-15 03:50:39.171     1     1 I ip_gre  : GRE over IPv4 tunneling driver
01-15 03:50:39.171     1     1 I         : IPv4 over IPsec tunneling driver
01-15 03:50:39.171     1     1 I         : Initializing XFRM netlink socket
01-15 03:50:39.171     1     1 I         : IPsec XFRM device driver
01-15 03:50:39.172     1     1 I NET     : Registered PF_INET6 protocol family
01-15 03:50:39.172     1     1 I         : Segment Routing with IPv6
01-15 03:50:39.172     1     1 I         : In-situ OAM (IOAM) with IPv6
01-15 03:50:39.172     1     1 I mip6    : Mobile IPv6
01-15 03:50:39.172     1     1 I sit     : IPv6, IPv4 and MPLS over IPv4 tunneling driver
01-15 03:50:39.172     1     1 I ip6_gre : GRE over IPv6 tunneling driver
01-15 03:50:39.172     1     1 I NET     : Registered PF_PACKET protocol family
01-15 03:50:39.172     1     1 I NET     : Registered PF_KEY protocol family
01-15 03:50:39.172     1     1 I can     : controller area network core
01-15 03:50:39.172     1     1 I NET     : Registered PF_CAN protocol family
01-15 03:50:39.172     1     1 I can     : raw protocol
01-15 03:50:39.172     1     1 I can     : broadcast manager protocol
01-15 03:50:39.172     1     1 I can     : netlink gateway - max_hops=1
01-15 03:50:39.172     1     1 I Bluetooth: RFCOMM TTY layer initialized
01-15 03:50:39.172     1     1 I Bluetooth: RFCOMM socket layer initialized
01-15 03:50:39.172     1     1 I Bluetooth: RFCOMM ver 1.11
01-15 03:50:39.172     1     1 I Bluetooth: HIDP (Human Interface Emulation) ver 1.2
01-15 03:50:39.172     1     1 I Bluetooth: HIDP socket layer initialized
01-15 03:50:39.172     1     1 I l2tp_core: L2TP core driver, V2.0
01-15 03:50:39.172     1     1 I l2tp_ppp: PPPoL2TP kernel driver, V2.0
01-15 03:50:39.172     1     1 I 8021q   : 802.1Q VLAN Support v1.8
01-15 03:50:39.172     1     1 I tipc    : Activated (version 2.0.0)
01-15 03:50:39.172     1     1 I NET     : Registered PF_TIPC protocol family
01-15 03:50:39.172     1     1 I tipc    : Started in single node mode
01-15 03:50:39.173     1     1 I NET     : Registered PF_IEEE802154 protocol family
01-15 03:50:39.173     1     1 I NET     : Registered PF_VSOCK protocol family
01-15 03:50:39.173     1     1 I         : registered taskstats version 1
01-15 03:50:39.173     1     1 I         : Loading compiled-in X.509 certificates
01-15 03:50:39.173   112   112 I         : cryptomgr_probe (112) used greatest stack depth: 14464 bytes left
01-15 03:50:39.173     1     1 I         : Loaded X.509 cert 'Build time autogenerated kernel key: 7cb38d9762e2a0d11736da4912ea0f36e3d81d21'
01-15 03:50:39.175     1     1 I         : Key type .fscrypt registered
01-15 03:50:39.175     1     1 I         : Key type fscrypt-provisioning registered
01-15 03:50:39.176     1     1 E pstore  : Invalid compression size for deflate: 0
01-15 03:50:39.179     1     1 I         : ALSA device list:
01-15 03:50:39.179     1     1 I         : No soundcards found.
01-15 03:50:39.206    10    10 I         : Freeing initrd memory: 13448K
01-15 03:50:39.206     1     1 E         : Warning: unable to open an initial console.
01-15 03:50:39.206     1     1 I         : Freeing unused kernel memory: 2432K
01-15 03:50:39.229     1     1 I         : Run /init as init process
01-15 03:50:39.229     1     1 D with arguments:  
01-15 03:50:39.229     1     1 D         : /init
01-15 03:50:39.229     1     1 D with environment:  
01-15 03:50:39.230     1     1 D         : HOME=/
01-15 03:50:39.230     1     1 D         : TERM=linux
01-15 03:50:39.230     1     1 D         : buildvariant=userdebug
01-15 03:50:39.231     1     1 I init    : init first stage started!
01-15 03:50:39.233     1     1 I init    : Loading module /lib/modules/qcom_hwspinlock.ko with args ''
01-15 03:50:39.233     1     1 I qcom_hwspinlock: module verification failed: signature and/or required key missing - tainting kernel
01-15 03:50:39.246     1     1 I init    : Loaded kernel module /lib/modules/qcom_hwspinlock.ko
01-15 03:50:39.246     1     1 I init    : Loading module /lib/modules/smem.ko with args ''
01-15 03:50:39.247     1     1 I init    : Loaded kernel module /lib/modules/smem.ko
01-15 03:50:39.247     1     1 I init    : Loading module /lib/modules/minidump.ko with args ''
01-15 03:50:39.254     1     1 I Minidump: Enabled with max number of regions 200
01-15 03:50:39.255     1     1 I init    : Loaded kernel module /lib/modules/minidump.ko
01-15 03:50:39.255     1     1 I init    : Loading module /lib/modules/qcom-scm.ko with args ''
01-15 03:50:39.258     1     1 I qcom-scm: __get_convention: qcom_scm: convention: smc arm 64
01-15 03:50:39.258     1     1 E         : qtee shmbridge registered default bridge with size 4194304 bytes
01-15 03:50:39.259     1     1 W         : shmbridge is enabled
01-15 03:50:39.260     1     1 E qcom-scm: scm_mem_protection_init_do: SCM call failed 0, resp 7
01-15 03:50:39.260     1     1 E         : MEM protection Not enabled, 7
01-15 03:50:39.261     1     1 I init    : Loaded kernel module /lib/modules/qcom-scm.ko
01-15 03:50:39.261     1     1 I init    : Loading module /lib/modules/qcom_wdt_core.ko with args ''
01-15 03:50:39.264     1     1 I gh-watchdog hypervisor: qcom,gh-watchdog: QCOM Apps Watchdog Initialized
01-15 03:50:39.291     1     1 I         : v0.18, id=604, ver=2.0, raw_id=591, raw_ver=2, hw_plat=11, hw_plat_ver=65536
01-15 03:50:39.291     1     1 I         : accessory_chip=0, hw_plat_subtype=0, pmic_model=65610, pmic_die_revision=131073 foundry_id=1 serial_number=791304828 num_pmics=11 chip_family=0x7f raw_device_family=0xa raw_device_number=0x3 nproduct_id=0x437 num_clusters=0x1 ncluster_array_offset=0xcc num_subset_parts=0x11 nsubset_parts_array_offset=0xd0 nmodem_supported=0xffffffff feature_code=0x3 pcode=0x2 sku=QCM_KALAMA-2-AC hw_plat_oem_variant=0 num_kvps=0 kvps_offset=408
01-15 03:50:39.311     1     1 I pm_v6e_s1_level: supplied by pm_v6e_s6_mmcx_sup_level
01-15 03:50:39.312    10    10 I gpu_cc_cx_gdsc: supplied by pm_v6e_s6_level
01-15 03:50:39.313     1     1 I pm_v8_s5_mmcx_voter_level: supplied by pm_v6e_s1_level
01-15 03:50:39.313     1     1 I pm_v8_s5_gfx_voter_level: supplied by pm_v6d_s5_level
01-15 03:50:39.314     1     1 I gpu_cc_gx_gdsc: supplied by pm_v8_s5_gfx_voter_level
01-15 03:50:39.323     1     1 E rpmh_regulator_probe: ldol3: could not find RPMh address for resource
01-15 03:50:39.323     1     1 E rpmh_regulator_probe: ldol4: could not find RPMh address for resource
01-15 03:50:39.323     1     1 E rpmh_regulator_probe: ldol5: could not find RPMh address for resource
01-15 03:50:39.323     1     1 E rpmh_regulator_probe: ldol6: could not find RPMh address for resource
01-15 03:50:39.323     1     1 E rpmh_regulator_probe: ldol7: could not find RPMh address for resource
01-15 03:50:39.324    10    10 I gcc-kalama 100000.clock-controller: Registered GCC clocks
01-15 03:50:39.331    10    10 I cam_cc-kalama ade0000.clock-controller: Registered CAM CC clocks
01-15 03:50:39.333     1     1 I cpu0    : EM: created perf domain
01-15 03:50:39.334    10    10 I cam_cc_bps_gdsc: supplied by pm_v8_s5_mmcx_voter_level
01-15 03:50:39.334    10    10 I cam_cc_ife_0_gdsc: supplied by pm_v8_s5_mmcx_voter_level
01-15 03:50:39.334     1     1 I cpu3    : EM: created perf domain
01-15 03:50:39.334    10    10 I cam_cc_ife_1_gdsc: supplied by pm_v8_s5_mmcx_voter_level
01-15 03:50:39.334    10    10 I cam_cc_ife_2_gdsc: supplied by pm_v8_s5_mmcx_voter_level
01-15 03:50:39.334    10    10 I cam_cc_ipe_0_gdsc: supplied by pm_v8_s5_mmcx_voter_level
01-15 03:50:39.334    10    10 I cam_cc_sbi_gdsc: supplied by pm_v8_s5_mmcx_voter_level
01-15 03:50:39.335    10    10 I cam_cc_sfe_0_gdsc: supplied by pm_v8_s5_mmcx_voter_level
01-15 03:50:39.335    10    10 I cam_cc_sfe_1_gdsc: supplied by pm_v8_s5_mmcx_voter_level
01-15 03:50:39.335    10    10 I disp_cc_mdss_core_gdsc: supplied by pm_v6e_s1_level
01-15 03:50:39.335    10    10 I disp_cc_mdss_core_int2_gdsc: supplied by pm_v6e_s1_level
01-15 03:50:39.335     1     1 I cpu7    : EM: created perf domain
01-15 03:50:39.336    10    10 I gcc_pcie_0_gdsc: supplied by pm_v6e_s6_level
01-15 03:50:39.336    10    10 I gcc_pcie_0_phy_gdsc: supplied by pm_v6e_s3_level
01-15 03:50:39.336    10    10 I gcc_pcie_1_gdsc: supplied by pm_v6e_s6_level
01-15 03:50:39.336    10    10 I gcc_pcie_1_phy_gdsc: supplied by pm_v6e_s3_level
01-15 03:50:39.336    10    10 I gcc_ufs_mem_phy_gdsc: supplied by pm_v6e_s3_level
01-15 03:50:39.336    10    10 I gcc_ufs_phy_gdsc: supplied by pm_v6e_s6_level
01-15 03:50:39.337    10    10 I gcc_usb3_phy_gdsc: supplied by pm_v6e_s3_level
01-15 03:50:39.338    10    10 I video_cc_mvs0c_gdsc: supplied by pm_v8_s5_mmcx_voter_level
01-15 03:50:39.338    10    10 I video_cc_mvs1c_gdsc: supplied by pm_v8_s5_mmcx_voter_level
01-15 03:50:39.340    10    10 I video_cc_mvs0_gdsc: supplied by video_cc_mvs0c_gdsc
01-15 03:50:39.341    10    10 I video_cc_mvs1_gdsc: supplied by video_cc_mvs1c_gdsc
01-15 03:50:39.344   122   122 I core_ctl: Creating CPU group 0
01-15 03:50:39.344   122   122 I core_ctl: Init CPU0 state
01-15 03:50:39.344   122   122 I core_ctl: Init CPU1 state
01-15 03:50:39.344   122   122 I core_ctl: Init CPU2 state
01-15 03:50:39.344   122   122 I core_ctl: Creating CPU group 3
01-15 03:50:39.344   122   122 I core_ctl: Init CPU3 state
01-15 03:50:39.344   122   122 I core_ctl: Init CPU4 state
01-15 03:50:39.344   122   122 I core_ctl: Init CPU5 state
01-15 03:50:39.344   122   122 I core_ctl: Init CPU6 state
01-15 03:50:39.344   122   122 I core_ctl: Creating CPU group 7
01-15 03:50:39.344   122   122 I core_ctl: Init CPU7 state
01-15 03:50:39.376     1     1 I msm-dcc 100ff000.dcc_v2: DCC list passed 4
01-15 03:50:39.377     1     1 I msm-dcc 100ff000.dcc_v2: All values written to enable.
01-15 03:50:39.377     1     1 I msm-dcc 100ff000.dcc_v2: DCC list passed 6
01-15 03:50:39.378     1     1 I msm-dcc 100ff000.dcc_v2: All values written to enable.
01-15 03:50:39.388     1     1 W         : disp_cc_pll0 PLL is already enabled
01-15 03:50:39.388     1     1 I disp_cc-kalama af00000.clock-controller: Registered DISP CC clocks
01-15 03:50:39.390     1     1 I tcsr_cc-kalama 1fc0000.clock-controller: Registered TCSR CC clocks
01-15 03:50:39.393     1     1 I video_cc-kalama aaf0000.clock-controller: Registered VIDEO CC clocks
01-15 03:50:39.400     1     1 I gh_msgq : Registered client for label: 0
01-15 03:50:39.405     1     1 I gh_virtio_backend: Recognized VM 'trustedvm' shmem_addr 00000000f78f8000 shmem_size 108000
01-15 03:50:39.405     1     1 I gh_virtio_backend: trustedvm: Recognized virtio backend device with label 11
01-15 03:50:39.405     1     1 I gh_virtio_backend: trustedvm: Recognized virtio backend device with label 10
01-15 03:50:39.405     1     1 I gh_secure_vm_loader soc: gh-secure-vm-loader@1: assigned reserved memory node oem_vm_region@f7c00000
01-15 03:50:39.406     1     1 I gh_virtio_backend: Recognized VM 'oemvm' shmem_addr 00000000f7afc000 shmem_size 104000
01-15 03:50:39.406     1     1 I gh_virtio_backend: oemvm: Recognized virtio backend device with label 13
01-15 03:50:39.417     1     1 I qcom_system_heap_create: DMA-BUF Heap: Created 'qcom,system'
01-15 03:50:39.417     1     1 I qcom_system_heap_create: DMA-BUF Heap: Created 'system'
01-15 03:50:39.417     1     1 I qcom_secure_system_heap_create: DMA-BUF Heap: Created 'qcom,secure-pixel'
01-15 03:50:39.417     1     1 I qcom_secure_system_heap_create: DMA-BUF Heap: Created 'qcom,secure-non-pixel'
01-15 03:50:39.418     1     1 I platform soc: qcom,dma-heaps:qcom,qseecom: assigned reserved memory node qseecom_region
01-15 03:50:39.418     1     1 I platform soc: qcom,dma-heaps:qcom,qseecom_ta: assigned reserved memory node qseecom_ta_region
01-15 03:50:39.418     1     1 I platform soc: qcom,dma-heaps:qcom,display: assigned reserved memory node non_secure_display_region
01-15 03:50:39.418     1     1 I platform soc: qcom,dma-heaps:qcom,demura: assigned reserved memory node demura_heap_region
01-15 03:50:39.418     1     1 I platform soc: qcom,dma-heaps:qcom,secure_cdsp: assigned reserved memory node secure_cdsp_region
01-15 03:50:39.418     1     1 I platform soc: qcom,dma-heaps:qcom,user_contig: assigned reserved memory node user_contig_region
01-15 03:50:39.418     1     1 I platform soc: qcom,dma-heaps:qcom,sp_hlos: assigned reserved memory node sp_region
01-15 03:50:39.419     1     1 I platform soc: qcom,dma-heaps:qcom,audio_ml: assigned reserved memory node audio_cma_region
01-15 03:50:39.419     1     1 I platform soc: qcom,dma-heaps:qcom,adsp: assigned reserved memory node sdsp_region
01-15 03:50:39.419     1     1 I qcom_dma_heap_probe: DMA-BUF Heap: Created qcom,qseecom
01-15 03:50:39.419     1     1 I qcom_dma_heap_probe: DMA-BUF Heap: Created qcom,qseecom-ta
01-15 03:50:39.419     1     1 I qcom_dma_heap_probe: DMA-BUF Heap: Created qcom,display
01-15 03:50:39.419     1     1 I qcom_dma_heap_probe: DMA-BUF Heap: Created qcom,demura
01-15 03:50:39.419     1     1 I qcom_dma_heap_probe: DMA-BUF Heap: Created qcom,cma-secure-cdsp
01-15 03:50:39.419     1     1 I qcom_dma_heap_probe: DMA-BUF Heap: Created qcom,user-contig
01-15 03:50:39.419     1     1 I qcom_dma_heap_probe: DMA-BUF Heap: Created qcom,sp-hlos
01-15 03:50:39.420     1     1 I qcom_dma_heap_probe: DMA-BUF Heap: Created qcom,secure-sp-modem
01-15 03:50:39.422     1     1 I qcom_dma_heap_probe: DMA-BUF Heap: Created qcom,secure-sp-tz
01-15 03:50:39.422     1     1 I qcom_dma_heap_probe: DMA-BUF Heap: Created qcom,audio-ml
01-15 03:50:39.422     1     1 I qcom_dma_heap_probe: DMA-BUF Heap: Created qcom,adsp
01-15 03:50:39.424     1     1 I gh_msgq : Registered client for label: 1
01-15 03:50:39.426     1     1 I msm_mem_dump soc: mem_dump: assigned reserved memory node mem_dump_region
01-15 03:50:39.439     1     1 I         : MSM Memory Dump apps data table set up
01-15 03:50:39.452     1     1 I qnoc-kalama soc: interconnect@0: Registered ICC provider
01-15 03:50:39.452     1     1 I qnoc-kalama soc: interconnect@1: Registered ICC provider
01-15 03:50:39.454     1     1 I qnoc-kalama 1600000.interconnect: Registered ICC provider
01-15 03:50:39.454     1     1 I qnoc-kalama 1500000.interconnect: Registered ICC provider
01-15 03:50:39.456     1     1 I qnoc-kalama 1680000.interconnect: Registered ICC provider
01-15 03:50:39.456     1     1 I qnoc-kalama 16c0000.interconnect: Registered ICC provider
01-15 03:50:39.456     1     1 I qnoc-kalama 16e0000.interconnect: Registered ICC provider
01-15 03:50:39.457     1     1 I qnoc-kalama 1700000.interconnect: Registered ICC provider
01-15 03:50:39.459     1     1 I qnoc-kalama 1780000.interconnect: Registered ICC provider
01-15 03:50:39.460    10    10 I cam_cc_titan_top_gdsc: supplied by pm_v8_s5_mmcx_voter_level
01-15 03:50:39.461     1     1 I qnoc-kalama 24100000.interconnect: Registered ICC provider
01-15 03:50:39.461     1     1 I qnoc-kalama 320c0000.interconnect: Registered ICC provider
01-15 03:50:39.462     1     1 I qnoc-kalama 7e40000.interconnect: Registered ICC provider
01-15 03:50:39.462     1     1 I qnoc-kalama 7400000.interconnect: Registered ICC provider
01-15 03:50:39.462     1     1 I qnoc-kalama 7430000.interconnect: Registered ICC provider
01-15 03:50:39.463    10    10 W qcom-bwmon: Zone thres larger than hw limit: hi:267 med:400 lo:0
01-15 03:50:39.474     1     1 I qcom_dload_probe: Current dump mode: 0x10
01-15 03:50:39.478     1     1 I qcom_dma_iommu soc: dma_dev: assigned reserved memory node linux,cma
01-15 03:50:39.479     1     1 I         : DMA preallocated 2048 KiB GFP_KERNEL pool for atomic allocations
01-15 03:50:39.481     1     1 I qcom-llcc-pmu 24095000.llcc-pmu: Registered llcc_pmu, type: 9
01-15 03:50:39.492     8     8 I spmi-0  : PMIC arbiter version v7 (0x70000001)
01-15 03:50:39.516   146   146 I spmi-1  : PMIC arbiter version v7 (0x70000001)
01-15 03:50:39.521     1     1 I NET     : Registered PF_QIPCRTR protocol family
01-15 03:50:39.523     1     1 I rtc-pm8xxx c42d000.qcom,spmi: qcom,pmk8550@0:rtc@6100: registered as rtc0
01-15 03:50:39.523     1     1 I rtc-pm8xxx c42d000.qcom,spmi: qcom,pmk8550@0:rtc@6100: setting system clock to 1970-01-14T19:50:39 UTC (1194639)
01-15 03:50:39.531    10    10 I tmecom-qmp-client soc: qcom,tmecom-qmp-client: tmecom probe success
01-15 03:50:39.537     1     1 I qsmmuv500-tbu 16f0000.anoc_1_qtb: Unable to get the transactiontracker-base
01-15 03:50:39.537     1     1 I qsmmuv500-tbu 171a000.anoc_2_qtb: Unable to get the transactiontracker-base
01-15 03:50:39.537     1     1 I qsmmuv500-tbu 17d2000.cam_hf_qtb: Unable to get the transactiontracker-base
01-15 03:50:39.537     1     1 I qsmmuv500-tbu 523000.nsp_qtb: Unable to get the transactiontracker-base
01-15 03:50:39.538     1     1 I qsmmuv500-tbu 503000.lpass_qtb: Unable to get the transactiontracker-base
01-15 03:50:39.538     1     1 I qsmmuv500-tbu 16cd000.pcie_qtb: Unable to get the transactiontracker-base
01-15 03:50:39.538     1     1 I qsmmuv500-tbu 17d1000.sf_qtb: Unable to get the transactiontracker-base
01-15 03:50:39.539     1     1 I qsmmuv500-tbu 17d0000.mdp_hf_qtb: Unable to get the transactiontracker-base
01-15 03:50:39.539     1     1 I arm-smmu 15000000.apps-smmu: probing hardware configuration...
01-15 03:50:39.539     1     1 I arm-smmu 15000000.apps-smmu: SMMUv2 with:
01-15 03:50:39.539     1     1 I arm-smmu 15000000.apps-smmu: stage 1 translation
01-15 03:50:39.539     1     1 I arm-smmu 15000000.apps-smmu: coherent table walk
01-15 03:50:39.539     1     1 I arm-smmu 15000000.apps-smmu: stream matching with 105 register groups
01-15 03:50:39.539     1     1 I arm-smmu 15000000.apps-smmu: 70 context banks (0 stage-2 only)
01-15 03:50:39.539     1     1 I arm-smmu 15000000.apps-smmu: Supported page sizes: 0x61311000
01-15 03:50:39.539     1     1 I arm-smmu 15000000.apps-smmu: Stage-1: 36-bit VA -> 36-bit IPA
01-15 03:50:39.543    10    10 I geni_se_qup ac0000.qcom,qupv3_1_geni_se: Adding to iommu group 0
01-15 03:50:39.546    10    10 E qcom_geni_serial a9c000.qcom,qup_uart: qcom_geni_serial_probe, Console Disabled
01-15 03:50:39.549     1     1 I         : Built 1 zonelists, mobility grouping on.  Total pages: 2819283
01-15 03:50:39.554    10    10 I geni_se_qup 8c0000.qcom,qupv3_2_geni_se: Adding to iommu group 1
01-15 03:50:39.565    10    10 I ufshcd-qcom 1d84000.ufshc: Adding to iommu group 2
01-15 03:50:39.569    10    10 I ufshcd-qcom 1d84000.ufshc: ufshcd_populate_vreg: unable to find vdd-hba-max-microamp
01-15 03:50:39.569    10    10 I ufshcd-qcom 1d84000.ufshc: ufshcd_populate_vreg: Unable to find vccq2-supply regulator, assuming enabled
01-15 03:50:39.574    10    10 I ufshcd-qcom 1d84000.ufshc: Found QC Inline Crypto Engine (ICE) v4.0.1
01-15 03:50:39.576    10    10 I scsi host0: ufshcd
01-15 03:50:39.607   146   146 E ufshcd-qcom 1d84000.ufshc: No HPB LU supported
01-15 03:50:39.619     1     1 I region0 : seg_start 0x80000000 len 0x80000000 granule 0x400 seg_start_offset 0x0 seg_start_idx 0x0
01-15 03:50:39.619     1     1 I region1 : seg_start 0x880000000 len 0x180000000 granule 0x400 seg_start_offset 0x0 seg_start_idx 0x2
01-15 03:50:39.619     1     1 I region2 : seg_start 0xa00000000 len 0x200000000 granule 0x400 seg_start_offset 0x0 seg_start_idx 0x8
01-15 03:50:39.619     1     1 I mem-offline: num_ddr_regions 3 num_segments 4
01-15 03:50:39.619     1     1 I mem-offline: Added memory blocks ranging from mem352 - mem383
01-15 03:50:39.632   146   146 I scsi 0  : 0:0:49488: Well-known LUN    SAMSUNG  KLUEG4RHHD-B0G1  1501 PQ: 0 ANSI: 6
01-15 03:50:39.635   146   146 I scsi 0  : 0:0:49476: Well-known LUN    SAMSUNG  KLUEG4RHHD-B0G1  1501 PQ: 0 ANSI: 6
01-15 03:50:39.636   146   146 I scsi 0  : 0:0:49456: Well-known LUN    SAMSUNG  KLUEG4RHHD-B0G1  1501 PQ: 0 ANSI: 6
01-15 03:50:39.638   146   146 I scsi 0  : 0:0:0: Direct-Access     SAMSUNG  KLUEG4RHHD-B0G1  1501 PQ: 0 ANSI: 6
01-15 03:50:39.639   146   146 I scsi 0  : 0:0:1: Direct-Access     SAMSUNG  KLUEG4RHHD-B0G1  1501 PQ: 0 ANSI: 6
01-15 03:50:39.640    10    10 I sd 0    : 0:0:0: [sda] 61390848 4096-byte logical blocks: (251 GB/234 GiB)
01-15 03:50:39.640    10    10 I sd 0    : 0:0:0: [sda] Write Protect is off
01-15 03:50:39.640    10    10 D sd 0    : 0:0:0: [sda] Mode Sense: 00 32 00 10
01-15 03:50:39.640   146   146 I scsi 0  : 0:0:2: Direct-Access     SAMSUNG  KLUEG4RHHD-B0G1  1501 PQ: 0 ANSI: 6
01-15 03:50:39.641    10    10 I sd 0    : 0:0:0: [sda] Disabling FUA
01-15 03:50:39.641    10    10 I sd 0    : 0:0:0: [sda] Write cache: enabled, read cache: enabled, doesn't support DPO or FUA
01-15 03:50:39.641    10    10 I sd 0    : 0:0:0: [sda] Optimal transfer size 524288 bytes
01-15 03:50:39.642     8     8 I sd 0    : 0:0:1: [sdb] 5120 4096-byte logical blocks: (21.0 MB/20.0 MiB)
01-15 03:50:39.642     8     8 I sd 0    : 0:0:1: [sdb] Write Protect is off
01-15 03:50:39.642     8     8 D sd 0    : 0:0:1: [sdb] Mode Sense: 00 32 00 10
01-15 03:50:39.642   146   146 I scsi 0  : 0:0:3: Direct-Access     SAMSUNG  KLUEG4RHHD-B0G1  1501 PQ: 0 ANSI: 6
01-15 03:50:39.642     8     8 I sd 0    : 0:0:1: [sdb] Disabling FUA
01-15 03:50:39.642     8     8 I sd 0    : 0:0:1: [sdb] Write cache: enabled, read cache: enabled, doesn't support DPO or FUA
01-15 03:50:39.642     8     8 I sd 0    : 0:0:1: [sdb] Optimal transfer size 524288 bytes
01-15 03:50:39.643   146   146 I scsi 0  : 0:0:4: Direct-Access     SAMSUNG  KLUEG4RHHD-B0G1  1501 PQ: 0 ANSI: 6
01-15 03:50:39.644   163   163 I sd 0    : 0:0:2: [sdc] 5120 4096-byte logical blocks: (21.0 MB/20.0 MiB)
01-15 03:50:39.644   163   163 I sd 0    : 0:0:2: [sdc] Write Protect is off
01-15 03:50:39.644   163   163 D sd 0    : 0:0:2: [sdc] Mode Sense: 00 32 00 10
01-15 03:50:39.645   163   163 I sd 0    : 0:0:2: [sdc] Disabling FUA
01-15 03:50:39.645   163   163 I sd 0    : 0:0:2: [sdc] Write cache: enabled, read cache: enabled, doesn't support DPO or FUA
01-15 03:50:39.645   163   163 I sd 0    : 0:0:2: [sdc] Optimal transfer size 524288 bytes
01-15 03:50:39.646   146   146 I scsi 0  : 0:0:5: Direct-Access     SAMSUNG  KLUEG4RHHD-B0G1  1501 PQ: 0 ANSI: 6
01-15 03:50:39.646   164   164 I sd 0    : 0:0:3: [sdd] 8192 4096-byte logical blocks: (33.6 MB/32.0 MiB)
01-15 03:50:39.647   164   164 I sd 0    : 0:0:3: [sdd] Write Protect is off
01-15 03:50:39.647   164   164 D sd 0    : 0:0:3: [sdd] Mode Sense: 00 32 00 10
01-15 03:50:39.647    10    10 I sda     : sda1 sda2 sda3 sda4 sda5 sda6 sda7 sda8 sda9 sda10 sda11
01-15 03:50:39.647   164   164 I sd 0    : 0:0:3: [sdd] Disabling FUA
01-15 03:50:39.647   164   164 I sd 0    : 0:0:3: [sdd] Write cache: enabled, read cache: enabled, doesn't support DPO or FUA
01-15 03:50:39.647   164   164 I sd 0    : 0:0:3: [sdd] Optimal transfer size 524288 bytes
01-15 03:50:39.648   165   165 I sd 0    : 0:0:4: [sde] 1048576 4096-byte logical blocks: (4.29 GB/4.00 GiB)
01-15 03:50:39.649   165   165 I sd 0    : 0:0:4: [sde] Write Protect is off
01-15 03:50:39.649   165   165 D sd 0    : 0:0:4: [sde] Mode Sense: 00 32 00 10
01-15 03:50:39.649     8     8 I sdb     : sdb1 sdb2 sdb3 sdb4 sdb5
01-15 03:50:39.649   165   165 I sd 0    : 0:0:4: [sde] Disabling FUA
01-15 03:50:39.649   165   165 I sd 0    : 0:0:4: [sde] Write cache: enabled, read cache: enabled, doesn't support DPO or FUA
01-15 03:50:39.650   165   165 I sd 0    : 0:0:4: [sde] Optimal transfer size 524288 bytes
01-15 03:50:39.650   166   166 I sd 0    : 0:0:5: [sdf] 8192 4096-byte logical blocks: (33.6 MB/32.0 MiB)
01-15 03:50:39.650   166   166 I sd 0    : 0:0:5: [sdf] Write Protect is off
01-15 03:50:39.650   166   166 D sd 0    : 0:0:5: [sdf] Mode Sense: 00 32 00 10
01-15 03:50:39.650   166   166 I sd 0    : 0:0:5: [sdf] Disabling FUA
01-15 03:50:39.650   166   166 I sd 0    : 0:0:5: [sdf] Write cache: enabled, read cache: enabled, doesn't support DPO or FUA
01-15 03:50:39.651    10    10 I sd 0    : 0:0:0: [sda] Attached SCSI disk
01-15 03:50:39.651   166   166 I sd 0    : 0:0:5: [sdf] Optimal transfer size 524288 bytes
01-15 03:50:39.651   163   163 I sdc     : sdc1 sdc2 sdc3 sdc4 sdc5
01-15 03:50:39.653     8     8 I sd 0    : 0:0:1: [sdb] Attached SCSI disk
01-15 03:50:39.654   164   164 I sdd     : sdd1 sdd2 sdd3 sdd4 sdd5
01-15 03:50:39.655   163   163 I sd 0    : 0:0:2: [sdc] Attached SCSI disk
01-15 03:50:39.658   166   166 I sdf     : sdf1 sdf2 sdf3 sdf4 sdf5
01-15 03:50:39.658   164   164 I sd 0    : 0:0:3: [sdd] Attached SCSI disk
01-15 03:50:39.659   165   165 I sde     : sde1 sde2 sde3 sde4 sde5 sde6 sde7 sde8 sde9 sde10 sde11 sde12 sde13 sde14 sde15 sde16 sde17 sde18 sde19 sde20 sde21 sde22 sde23 sde24 sde25 sde26 sde27 sde28 sde29 sde30 sde31 sde32 sde33 sde34 sde35 sde36 sde37 sde38 sde39 sde40 sde41 sde42 sde43 sde44 sde45 sde46 sde47 sde48 sde49 sde50 sde51 sde52 sde53 sde54 sde55 sde56 sde57 sde58 sde59 sde60 sde61 sde62 sde63 sde64 sde65 sde66 sde67 sde68 sde69 sde70 sde71 sde72 sde73 sde74 sde75 sde76 sde77 sde78 sde79 sde80 sde81 sde82 sde83 sde84 sde85 sde86 sde87 sde88
01-15 03:50:39.662   166   166 I sd 0    : 0:0:5: [sdf] Attached SCSI disk
01-15 03:50:39.665   165   165 I sd 0    : 0:0:4: [sde] Attached SCSI disk
01-15 03:50:39.669   165   165 I arm-scmi soc: qcom,scmi: SCMI Notifications - Core Enabled.
01-15 03:50:39.670   165   165 I arm-scmi soc: qcom,scmi: SCMI Protocol v2.0 'Qualcomm:' Firmware version 0x10000
01-15 03:50:39.670   165   165 E arm-scmi soc: qcom,scmi: SCMI protocol 129 not implemented
01-15 03:50:39.671     1     1 E arm-scmi soc: qcom,scmi: version 1.0
01-15 03:50:39.727     1     1 I device-mapper: verity: sha256 using implementation "sha256-ce"
01-15 03:50:39.731     1     1 W EXT4-fs (dm-7): mounting with "discard" option, but the device does not support discard
01-15 03:50:39.731     1     1 I EXT4-fs (dm-7): mounted filesystem without journal. Opts: barrier=1,discard. Quota mode: none.
01-15 03:50:39.736     1     1 I device-mapper: verity: sha256 using implementation "sha256-ce"
01-15 03:50:39.740     1     1 W EXT4-fs (dm-8): mounting with "discard" option, but the device does not support discard
01-15 03:50:39.740     1     1 I EXT4-fs (dm-8): mounted filesystem without journal. Opts: barrier=1,discard. Quota mode: none.
01-15 03:50:39.740     1     1 I device-mapper: verity: sha256 using implementation "sha256-ce"
01-15 03:50:39.744     1     1 W EXT4-fs (dm-9): mounting with "discard" option, but the device does not support discard
01-15 03:50:39.744     1     1 I EXT4-fs (dm-9): mounted filesystem without journal. Opts: barrier=1,discard. Quota mode: none.
01-15 03:50:39.745     1     1 I device-mapper: verity: sha256 using implementation "sha256-ce"
01-15 03:50:39.749     1     1 W EXT4-fs (dm-10): mounting with "discard" option, but the device does not support discard
01-15 03:50:39.749     1     1 I EXT4-fs (dm-10): mounted filesystem without journal. Opts: barrier=1,discard. Quota mode: none.
01-15 03:50:39.750     1     1 I device-mapper: verity: sha256 using implementation "sha256-ce"
01-15 03:50:39.753     1     1 W EXT4-fs (dm-11): mounting with "discard" option, but the device does not support discard
01-15 03:50:39.753     1     1 I EXT4-fs (dm-11): mounted filesystem without journal. Opts: barrier=1,discard. Quota mode: none.
01-15 03:50:39.754     1     1 I device-mapper: verity: sha256 using implementation "sha256-ce"
01-15 03:50:39.758     1     1 W EXT4-fs (dm-12): mounting with "discard" option, but the device does not support discard
01-15 03:50:39.758     1     1 I EXT4-fs (dm-12): mounted filesystem without journal. Opts: barrier=1,discard. Quota mode: none.
01-15 03:50:39.758     1     1 I device-mapper: verity: sha256 using implementation "sha256-ce"
01-15 03:50:39.762     1     1 W EXT4-fs (dm-13): mounting with "discard" option, but the device does not support discard
01-15 03:50:39.762     1     1 I EXT4-fs (dm-13): mounted filesystem without journal. Opts: barrier=1,discard. Quota mode: none.
01-15 03:50:39.797     1     1 W printk  : init: 249 output lines suppressed due to ratelimiting
01-15 03:50:39.877     1     1 I init    : [libfs_mgr]dt_fstab: Skip disabled entry for partition vendor
01-15 03:50:39.883     1     1 I init    : Opening SELinux policy
01-15 03:50:39.884     1     1 I init    : Falling back to standard signature check. TODO implementent support for fsverity SEPolicy.
01-15 03:50:39.884     1     1 I init    : Error: Apex SEPolicy failed signature check
01-15 03:50:39.884     1     1 I init    : Loading APEX Sepolicy from /system/etc/selinux/apex/SEPolicy.zip
01-15 03:50:39.884     1     1 E init    : Failed to open package /system/etc/selinux/apex/SEPolicy.zip: No such file or directory
01-15 03:50:39.897     1     1 I init    : Loading SELinux policy
01-15 03:50:39.908     1     1 I SELinux : Permission bpf in class capability2 not defined in policy.
01-15 03:50:39.908     1     1 I SELinux : Permission checkpoint_restore in class capability2 not defined in policy.
01-15 03:50:39.908     1     1 I SELinux : Permission bpf in class cap2_userns not defined in policy.
01-15 03:50:39.908     1     1 I SELinux : Permission checkpoint_restore in class cap2_userns not defined in policy.
01-15 03:50:39.908     1     1 I SELinux : Class mctp_socket not defined in policy.
01-15 03:50:39.908     1     1 I SELinux : the above unknown classes and permissions will be denied
01-15 03:50:39.912     1     1 I SELinux : policy capability network_peer_controls=1
01-15 03:50:39.912     1     1 I SELinux : policy capability open_perms=1
01-15 03:50:39.912     1     1 I SELinux : policy capability extended_socket_class=1
01-15 03:50:39.912     1     1 I SELinux : policy capability always_check_network=0
01-15 03:50:39.912     1     1 I SELinux : policy capability cgroup_seclabel=0
01-15 03:50:39.912     1     1 I SELinux : policy capability nnp_nosuid_transition=1
01-15 03:50:39.912     1     1 I SELinux : policy capability genfs_seclabel_symlinks=0
01-15 03:50:39.912     1     1 I SELinux : policy capability ioctl_skip_cloexec=0
01-15 03:50:40.006     1     1 I selinux : SELinux: Loaded file_contexts
01-15 03:50:40.006     1     1 I selinux :  
01-15 03:50:40.028     1     1 I init    : init second stage started!
01-15 03:50:40.047     1     1 I init    : Using Android DT directory /proc/device-tree/firmware/android/
01-15 03:50:40.052     1     1 W init    : Couldn't load property file '/vendor/default.prop': open() failed: No such file or directory: No such file or directory
01-15 03:50:40.053     1     1 W init    : Overriding previous property 'dalvik.vm.heapsize':'36m' with new value '512m'
01-15 03:50:40.053     1     1 E init    : Do not have permissions to set 'persist.backup.ntpServer' to '0.pool.ntp.org' in property file '/vendor/build.prop': SELinux permission check failed
01-15 03:50:40.053     1     1 E init    : Do not have permissions to set 'ro.qc.sdk.audio.fluencetype' to 'fluence' in property file '/vendor/build.prop': SELinux permission check failed
01-15 03:50:40.053     1     1 E init    : Do not have permissions to set 'persist.audio.fluence.voicecall' to 'true' in property file '/vendor/build.prop': SELinux permission check failed
01-15 03:50:40.053     1     1 E init    : Do not have permissions to set 'persist.audio.fluence.voicerec' to 'false' in property file '/vendor/build.prop': SELinux permission check failed
01-15 03:50:40.053     1     1 E init    : Do not have permissions to set 'persist.audio.fluence.speaker' to 'true' in property file '/vendor/build.prop': SELinux permission check failed
01-15 03:50:40.053     1     1 E init    : Do not have permissions to set 'persist.vendor.bt.a2dp_offload_cap' to 'sbc-aptx-aptxtws-aptxhd-aac-ldac' in property file '/vendor/build.prop': SELinux permission check failed
01-15 03:50:40.220   207   207 E linkerconfig: Unable to access VNDK APEX at path: /apex/com.android.vndk.v33: No such file or directory
01-15 03:50:40.220   207   207 E linkerconfig: Unable to access VNDK APEX at path: /apex/com.android.vndk.v33: No such file or directory
01-15 03:50:40.228   207   207 I         : linkerconfig (207) used greatest stack depth: 9200 bytes left
01-15 03:50:40.254   208   208 I ueventd : ueventd started!
01-15 03:50:40.256   208   208 I selinux : SELinux: Loaded file_contexts
01-15 03:50:40.256   208   208 I selinux :  
01-15 03:50:40.256   208   208 I ueventd : Parsing file /system/etc/ueventd.rc...
01-15 03:50:40.257   208   208 I ueventd : Added '/vendor/etc/ueventd.rc' to import list
01-15 03:50:40.257   208   208 I ueventd : Added '/odm/etc/ueventd.rc' to import list
01-15 03:50:40.258   208   208 I ueventd : Parsing file /vendor/etc/ueventd.rc...
01-15 03:50:40.260   208   208 I ueventd : Added '/vendor/etc/ueventd.dg2.rc' to import list
01-15 03:50:40.260   208   208 E ueventd : /vendor/etc/ueventd.rc: 70: ignoring duplicate subsystem entry
01-15 03:50:40.260   208   208 E ueventd : /vendor/etc/ueventd.rc: 234: /sys/ lines must have 5 or 6 entries
01-15 03:50:40.273   209   209 I apexd   : Bootstrap subcommand detected
01-15 03:50:40.273   209   209 I apexd   : ActivateFlattenedApex
01-15 03:50:40.273   209   209 I apexd   : Scanning /system/apex
01-15 03:50:40.275   209   209 I apexd   : Bind mounting /system/apex/com.android.adbd onto /apex/com.android.adbd
01-15 03:50:40.277   209   209 I apexd   : Bind mounting /system/apex/com.android.adservices onto /apex/com.android.adservices
01-15 03:50:40.278   209   209 I apexd   : Bind mounting /system/apex/com.android.appsearch onto /apex/com.android.appsearch
01-15 03:50:40.279   209   209 I apexd   : Bind mounting /system/apex/com.android.art onto /apex/com.android.art
01-15 03:50:40.280   209   209 I apexd   : Bind mounting /system/apex/com.android.cellbroadcast onto /apex/com.android.cellbroadcast
01-15 03:50:40.282   209   209 I apexd   : Bind mounting /system/apex/com.android.conscrypt onto /apex/com.android.conscrypt
01-15 03:50:40.283   209   209 I apexd   : Bind mounting /system/apex/com.android.extservices onto /apex/com.android.extservices
01-15 03:50:40.328   209   209 W printk  : apexd: 26 output lines suppressed due to ratelimiting
01-15 03:50:40.384   210   210 I         : linkerconfig (210) used greatest stack depth: 9008 bytes left
01-15 03:50:40.672   248   248 I modprobe: Loading module /system_dlkm/lib/modules/5.15.123-qki-consolidate-android13-8-g3b87705b9083//kernel/mm/zsmalloc.ko with args ''
01-15 03:50:40.703   253   253 I modprobe: Loading module /vendor/lib/modules/msm_sysstats.ko with args ''
01-15 03:50:40.727   253   253 I         : registered sysstats version 2
01-15 03:50:40.727   253   253 I modprobe: Loaded kernel module /vendor/lib/modules/msm_sysstats.ko
01-15 03:50:40.727   248   248 I modprobe: Loaded kernel module /system_dlkm/lib/modules/5.15.123-qki-consolidate-android13-8-g3b87705b9083//kernel/mm/zsmalloc.ko
01-15 03:50:40.809   260   260 I pcie    : pcie_init.
01-15 03:50:40.825   260   260 I pci-msm 1c00000.qcom,pcie: PCIe: msm_pcie_probe
01-15 03:50:40.831   260   260 E msm_pcie_get_reg: PCIe: RC0: no mhi resource found.
01-15 03:50:40.831   260   260 E msm_pcie_get_reg: PCIe: RC0: no tcsr resource found.
01-15 03:50:40.831   260   260 E msm_pcie_get_reg: PCIe: RC0: no rumi resource found.
01-15 03:50:40.838   260   260 I pci-msm 1c08000.qcom,pcie: PCIe: msm_pcie_probe
01-15 03:50:40.838   260   260 E msm_pcie_get_reg: PCIe: RC1: no mhi resource found.
01-15 03:50:40.838   260   260 E msm_pcie_get_reg: PCIe: RC1: no tcsr resource found.
01-15 03:50:40.838   260   260 E msm_pcie_get_reg: PCIe: RC1: no rumi resource found.
01-15 03:50:40.853   164   164 I input   : gpio-keys as /devices/platform/soc/soc:gpio_key/input/input57
01-15 03:50:40.856   287   287 I memshare soc: qcom,memshare:qcom,client_1: memshare: Continuing with allocation from CMA
01-15 03:50:40.857   287   287 I memshare soc: qcom,memshare:qcom,client_2: memshare: Continuing with allocation from CMA
01-15 03:50:40.857   287   287 I memshare soc: qcom,memshare:qcom,client_3: memshare: Continuing with allocation from CMA
01-15 03:50:40.857   287   287 I memshare soc: qcom,memshare:qcom,client_4: assigned reserved memory node qmc_dma_region
01-15 03:50:40.857   287   287 I memshare soc: qcom,memshare:qcom,client_4: memshare: Memory allocation from shared DMA pool
01-15 03:50:40.857   287   287 I memshare soc: qcom,memshare:qcom,client_5: memshare: Continuing with allocation from CMA
01-15 03:50:40.877   309   309 I         : PMIC PON log: Reset Trigger: PS_HOLD
01-15 03:50:40.877   309   309 I         : PMIC PON log: Reset Type: HARD_RESET
01-15 03:50:40.877   309   309 I         : PMIC PON log: PON Trigger: USB_CHARGER
01-15 03:50:40.877   309   309 I         : PMIC PON log: PON Trigger: HARD_RESET
01-15 03:50:40.877   309   309 I         : PMIC PON log: Reset Trigger: PS_HOLD
01-15 03:50:40.877   309   309 I         : PMIC PON log: Reset Type: HARD_RESET
01-15 03:50:40.877   309   309 I         : PMIC PON log: PON Trigger: HARD_RESET
01-15 03:50:40.877   309   309 I         : PMIC PON log: PON Trigger: USB_CHARGER
01-15 03:50:40.877   309   309 I         : PMIC PON log: Reset Trigger: PS_HOLD
01-15 03:50:40.877   309   309 I         : PMIC PON log: Reset Type: HARD_RESET
01-15 03:50:40.877   309   309 I         : PMIC PON log: PON Trigger: USB_CHARGER
01-15 03:50:40.877   309   309 I         : PMIC PON log: PON Trigger: HARD_RESET
01-15 03:50:40.877   309   309 I         : PMIC PON log: Reset Trigger: PS_HOLD
01-15 03:50:40.877   309   309 I         : PMIC PON log: Reset Type: HARD_RESET
01-15 03:50:40.877   309   309 I         : PMIC PON log: PON Trigger: HARD_RESET
01-15 03:50:40.877   309   309 I         : PMIC PON log: PON Trigger: USB_CHARGER
01-15 03:50:40.878   309   309 I         : PMIC PON log: Reset Trigger: PS_HOLD
01-15 03:50:40.878   309   309 I         : PMIC PON log: Reset Type: HARD_RESET
01-15 03:50:40.878   309   309 I         : PMIC PON log: PON Trigger: USB_CHARGER
01-15 03:50:40.878   309   309 I         : PMIC PON log: PON Trigger: HARD_RESET
01-15 03:50:40.882   308   308 E cdsp-loader soc: qcom,msm-cdsp-loader: cdsp_loader_probe: rproc not found
01-15 03:50:40.888   305   305 I 88e0000.qcom,msm-eud: ttyEUD0 at MMIO 0x0 (irq = 301, base_baud = 0) is a EUD UART
01-15 03:50:40.890   164   164 E cdsp-loader soc: qcom,msm-cdsp-loader: cdsp_loader_probe: rproc not found
01-15 03:50:40.891   281   281 I gpi_dma a00000.qcom,gpi-dma: Adding to iommu group 3
01-15 03:50:40.894   312   312 E msm_hang_detect_probe: Missing cluster-id.
01-15 03:50:40.896   164   164 E cdsp-loader soc: qcom,msm-cdsp-loader: cdsp_loader_probe: rproc not found
01-15 03:50:40.906   164   164 E cdsp-loader soc: qcom,msm-cdsp-loader: cdsp_loader_probe: rproc not found
01-15 03:50:40.908   164   164 E cdsp-loader soc: qcom,msm-cdsp-loader: cdsp_loader_probe: rproc not found
01-15 03:50:40.909   164   164 E cdsp-loader soc: qcom,msm-cdsp-loader: cdsp_loader_probe: rproc not found
01-15 03:50:40.915   281   281 I gpi_dma 800000.qcom,gpi-dma: Adding to iommu group 4
01-15 03:50:40.916   164   164 E cdsp-loader soc: qcom,msm-cdsp-loader: cdsp_loader_probe: rproc not found
01-15 03:50:40.925   164   164 E cdsp-loader soc: qcom,msm-cdsp-loader: cdsp_loader_probe: rproc not found
01-15 03:50:40.927   164   164 E cdsp-loader soc: qcom,msm-cdsp-loader: cdsp_loader_probe: rproc not found
01-15 03:50:40.929   310   310 I mpm_hr_counter: can't find DT node
01-15 03:50:40.929   310   310 I KPI     : Bootloader start count = 366724
01-15 03:50:40.929   310   310 I KPI     : Bootloader end count = 721416
01-15 03:50:40.929   310   310 I KPI     : Bootloader load kernel count = 1037
01-15 03:50:40.929   310   310 I KPI     : Kernel MPM timestamp = 798883
01-15 03:50:40.929   310   310 I KPI     : Kernel MPM Clock frequency = 32768
01-15 03:50:40.931   164   164 E cdsp-loader soc: qcom,msm-cdsp-loader: cdsp_loader_probe: rproc not found
01-15 03:50:40.939   164   164 E cdsp-loader soc: qcom,msm-cdsp-loader: cdsp_loader_probe: rproc not found
01-15 03:50:40.939   257   257 I modprobe: Loading module /system_dlkm/lib/modules/5.15.123-qki-consolidate-android13-8-g3b87705b9083//kernel/mm/zsmalloc.ko with args ''
01-15 03:50:40.941   279   279 I gpu_cc-kalama 3d90000.clock-controller: Registered GPU CC clocks
01-15 03:50:40.945   257   257 I modprobe: Loading module /system_dlkm/lib/modules/5.15.123-qki-consolidate-android13-8-g3b87705b9083//kernel/drivers/block/zram/zram.ko with args ''
01-15 03:50:40.947   257   257 I zram    : Added device: zram0
01-15 03:50:40.947   257   257 I modprobe: Loaded kernel module /system_dlkm/lib/modules/5.15.123-qki-consolidate-android13-8-g3b87705b9083//kernel/drivers/block/zram/zram.ko
01-15 03:50:40.955   328   328 I msm_sps_probe: sps:sps is ready
01-15 03:50:40.961   327   327 E arm-scmi soc: qcom,scmi: Failed. SCMI protocol 129 not active.
01-15 03:50:40.972   317   317 I rimps-log d8140000.qcom,rimps_log: RIMPS logging initialized
01-15 03:50:40.976   270   270 E spmi-0  : pmic_arb_wait_for_done: 0xb 0x8804: transaction failed (0x3)
01-15 03:50:40.976   270   270 E qcom-spmi-gpio c42d000.qcom,spmi: qcom,pmr735d@b:pinctrl@8800: read 0x4 failed
01-15 03:50:40.976   270   270 W qcom-spmi-gpio: probe of c42d000.qcom,spmi:qcom,pmr735d@b:pinctrl@8800 failed with error -5
01-15 03:50:40.983   164   164 I kalama-debugcc soc: clock-controller@0: Registered debug measure clocks
01-15 03:50:40.984   164   164 E cdsp-loader soc: qcom,msm-cdsp-loader: cdsp_loader_probe: rproc not found
01-15 03:50:40.984   336   336 I qcom-va-minidump soc: va_mini_dump: assigned reserved memory node va_md_mem_region
01-15 03:50:41.022   356   356 I         : Info: adsprpc (2966): modprobe: fastrpc_get_cdsp_status: cdsp available with status: 1
01-15 03:50:41.025   301   301 I cdsprm  : Init successful
01-15 03:50:41.033   355   355 E msm_geni_serial a98000.qcom,qup_uart: IRQ index 1 not found
01-15 03:50:41.034   355   355 I msm_geni_serial a98000.qcom,qup_uart: No wakeup IRQ configured
01-15 03:50:41.034   355   355 I msm_geni_serial a98000.qcom,qup_uart: No Shutdown config specified
01-15 03:50:41.044   373   373 W         : SPI driver mcp25xxfd has no spi_device_id for microchip,mcp2518fd
01-15 03:50:41.044   164   164 I qsmmuv500-tbu 3de8000.gpu_qtb: Unable to get the transactiontracker-base
01-15 03:50:41.046   355   355 I msm_geni_serial a98000.qcom,qup_uart: Serial port5 added.FifoSize 64 is_console0
01-15 03:50:41.046   356   356 I         : Info: adsprpc (2987): modprobe: fastrpc_lowest_capacity_corecount: lowest capacity core count: 3
01-15 03:50:41.049   333   333 I remoteproc0: 188101c.remoteproc-spss is available
01-15 03:50:41.050   365   365 I spi_geni a90000.spi: LA-VM usecase
01-15 03:50:41.051   355   355 I msm_geni_serial a98000.qcom,qup_uart: gsi_mode:0
01-15 03:50:41.051   355   355 I a98000.qcom,qup_uart: ttyHS5 at MMIO 0xa98000 (irq = 287, base_baud = 0) is a MSM
01-15 03:50:41.057   333   333 I spss_utils [spss_parse_dt]: iar_buf_addr [0x9b21b000].
01-15 03:50:41.057   333   333 I spss_utils [spss_probe]: Probe completed successfully, [spss1p.mdt].
01-15 03:50:41.060   384   384 I usbcore : registered new interface driver lvs
01-15 03:50:41.061   334   334 I spcom   : spcom_probe: Driver Initialization completed ok
01-15 03:50:41.067   365   365 I spi_geni a90000.spi: spi_geni_probe: completed 0
01-15 03:50:41.071   356   356 I fastrpc soc: qcom,msm-adsprpc-mem: assigned reserved memory node adsp_heap_region
01-15 03:50:41.071   356   356 I         : Info: adsprpc (7873): modprobe: init_secure_vmid_list: secure VMID = 22
01-15 03:50:41.071   356   356 I         : Info: adsprpc (7873): modprobe: init_secure_vmid_list: secure VMID = 37
01-15 03:50:41.071   356   356 I adsprpc : fastrpc_init_privileged_gids: privileged GID: 2908
01-15 03:50:41.071   363   363 I ufs_device_wlun 0: 0:0:49488: Attached scsi generic sg0 type 30
01-15 03:50:41.071   363   363 I scsi 0  : 0:0:49476: Attached scsi generic sg1 type 30
01-15 03:50:41.071   363   363 I scsi 0  : 0:0:49456: Attached scsi generic sg2 type 30
01-15 03:50:41.071   363   363 I sd 0    : 0:0:0: Attached scsi generic sg3 type 0
01-15 03:50:41.071   363   363 I sd 0    : 0:0:1: Attached scsi generic sg4 type 0
01-15 03:50:41.071   363   363 I sd 0    : 0:0:2: Attached scsi generic sg5 type 0
01-15 03:50:41.071   363   363 I sd 0    : 0:0:3: Attached scsi generic sg6 type 0
01-15 03:50:41.071   363   363 I sd 0    : 0:0:4: Attached scsi generic sg7 type 0
01-15 03:50:41.071   363   363 I sd 0    : 0:0:5: Attached scsi generic sg8 type 0
01-15 03:50:41.072   355   355 I msm_geni_serial 898000.qcom,qup_uart: Wakeup byte 0xfd
01-15 03:50:41.077   356   356 I adsprpc : fastrpc_setup_service_locator: pdr_add_lookup enabled for avs/audio (audio_pdr_adsprpc, msm/adsp/audio_pd), DTSI (qcom,fastrpc-adsp-audio-pdr)
01-15 03:50:41.088   164   164 I arm-smmu 3da0000.kgsl-smmu: probing hardware configuration...
01-15 03:50:41.088   164   164 I arm-smmu 3da0000.kgsl-smmu: SMMUv2 with:
01-15 03:50:41.088   164   164 I arm-smmu 3da0000.kgsl-smmu: stage 1 translation
01-15 03:50:41.088   164   164 I arm-smmu 3da0000.kgsl-smmu: coherent table walk
01-15 03:50:41.088   164   164 I arm-smmu 3da0000.kgsl-smmu: stream matching with 24 register groups
01-15 03:50:41.088   164   164 I arm-smmu 3da0000.kgsl-smmu: 22 context banks (0 stage-2 only)
01-15 03:50:41.088   164   164 I arm-smmu 3da0000.kgsl-smmu: Supported page sizes: 0x61311000
01-15 03:50:41.088   164   164 I arm-smmu 3da0000.kgsl-smmu: Stage-1: 48-bit VA -> 36-bit IPA
01-15 03:50:41.091   383   383 I usbcore : registered new interface driver usb_ehset_test
01-15 03:50:41.094   402   402 E fingerprint: [GF][gf_probe] goodix fingerprint 3626 probe start
01-15 03:50:41.094   402   402 I         : [GF][gf_parse_dts] +++
01-15 03:50:41.094   402   402 I         : [GF][gf_parse_dts] gf_dev->irq_gpio = 390
01-15 03:50:41.094   402   402 I         : [GF][gf_parse_dts] gf_dev->reset_gpio = 389
