01-09 16:27:38.883  1380  1531 D SystemServerTimingAsync: ssm.onUnlockedUser-0_com.android.server.devicelock.DeviceLockService
01-09 16:27:38.883  1380  1531 V SystemServerTimingAsync: ssm.onUnlockedUser-0_com.android.server.devicelock.DeviceLockService took to complete: 0ms
01-09 16:27:38.883  1380  1531 V SystemServerTimingAsync: ssm.UnlockedUser-0 took to complete: 50ms
01-09 16:27:38.883  1380  1520 I DropBoxManagerService: add tag=system_server_strictmode isTagEnabled=true flags=0x2
01-09 16:27:38.892  1380  1641 D BiometricService: resetLockout(userId=0, hat=present)
01-09 16:27:38.903  1380  1380 W WindowMagnificationMgr: requestConnection duplicated request: connect=false, mConnectionState=DISCONNECTED
01-09 16:27:38.908  1380  1789 V ActivityManager: New death recipient com.android.server.am.ActivityManagerService$AppDeathRecipient@fe04548 for thread android.os.BinderProxy@5499fe1
01-09 16:27:38.916  1380  3293 W ActivityManager: Slow operation: 144ms so far, now at startProcess: done updating battery stats
01-09 16:27:38.917  1380  3293 W ActivityManager: Slow operation: 145ms so far, now at startProcess: building log message
01-09 16:27:38.917  1380  3293 I ActivityManager: Start proc 3305:com.android.nfc/1027 for added application com.android.nfc
01-09 16:27:38.917  1380  3293 W ActivityManager: Slow operation: 145ms so far, now at startProcess: starting to update pids map
01-09 16:27:38.917  1380  3293 W ActivityManager: Slow operation: 145ms so far, now at startProcess: done updating pids map
01-09 16:27:38.918  1380  3293 V ActivityManager: New death recipient com.android.server.am.ActivityManagerService$AppDeathRecipient@52ffade for thread android.os.BinderProxy@991a4bf
01-09 16:27:38.922  1380  3293 D CompatibilityChangeReporter: Compat change id reported: 168419799; UID 1027; state: DISABLED
01-09 16:27:38.923  1380  3293 D CompatibilityChangeReporter: Compat change id reported: 273564678; UID 1027; state: DISABLED
01-09 16:27:38.937  1380  1519 W Looper  : Slow dispatch took 356ms android.ui h=android.os.Handler c=com.android.server.wm.WindowManagerService$$ExternalSyntheticLambda15@2dc38d m=0
01-09 16:27:38.939  1380  1520 I DropBoxManagerService: add tag=system_server_strictmode isTagEnabled=true flags=0x2
01-09 16:27:38.940  1380  3338 D CompatibilityChangeReporter: Compat change id reported: 261072174; UID 10138; state: ENABLED
01-09 16:27:38.941  1380  1520 I DropBoxManagerService: add tag=system_server_strictmode isTagEnabled=true flags=0x2
01-09 16:27:38.942  1380  1601 D CompatibilityChangeReporter: Compat change id reported: 265195908; UID 10208; state: ENABLED
01-09 16:27:38.942  1380  1601 D CompatibilityChangeReporter: Compat change id reported: 265195908; UID 10161; state: ENABLED
01-09 16:27:38.943  1380  1520 I DropBoxManagerService: add tag=system_server_strictmode isTagEnabled=true flags=0x2
01-09 16:27:38.943  1380  1601 D CompatibilityChangeReporter: Compat change id reported: 265195908; UID 1027; state: ENABLED
01-09 16:27:38.945  2211  2211 D ActivityThread: Loading provider com.google.android.gms.auth.accounts: com.google.android.gms.auth.account.be.legacy.AccountContentProvider
01-09 16:27:38.951  1380  1532 W ActivityManager: Slow operation: 174ms so far, now at startProcess: asking zygote to start proc
01-09 16:27:38.962  1380  1532 W ActivityManager: Slow operation: 184ms so far, now at startProcess: returned from zygote!
01-09 16:27:38.973  1380  2021 D CompatibilityChangeReporter: Compat change id reported: 161252188; UID 1000; state: DISABLED
01-09 16:27:38.984  1380  3340 D CompatibilityChangeReporter: Compat change id reported: 161145287; UID 10284; state: ENABLED
01-09 16:27:38.988  1380  1720 V ActivityManager: New death recipient com.android.server.am.ActivityManagerService$AppDeathRecipient@659da76 for thread android.os.BinderProxy@2162877
01-09 16:27:38.990  1380  1720 D CompatibilityChangeReporter: Compat change id reported: 168419799; UID 10221; state: DISABLED
01-09 16:27:38.991  1380  1720 D CompatibilityChangeReporter: Compat change id reported: 273564678; UID 10221; state: DISABLED
01-09 16:27:38.995  1380  3293 D SystemServerTiming: getUserSwitchability-0
01-09 16:27:38.995  1380  3293 D SystemServerTiming: TM.isInCall
01-09 16:27:38.996  1380  3293 V SystemServerTiming: TM.isInCall took to complete: 0ms
01-09 16:27:38.996  1380  3293 D SystemServerTiming: hasUserRestriction-DISALLOW_USER_SWITCH
01-09 16:27:38.996  1380  3293 V SystemServerTiming: hasUserRestriction-DISALLOW_USER_SWITCH took to complete: 0ms
01-09 16:27:38.996  1380  3293 D SystemServerTiming: getInt-ALLOW_USER_SWITCHING_WHEN_SYSTEM_USER_LOCKED
01-09 16:27:38.996  1380  3293 V SystemServerTiming: getInt-ALLOW_USER_SWITCHING_WHEN_SYSTEM_USER_LOCKED took to complete: 1ms
01-09 16:27:38.996  1380  3293 D SystemServerTiming: isUserUnlocked-USER_SYSTEM
01-09 16:27:38.996  1380  3293 V SystemServerTiming: isUserUnlocked-USER_SYSTEM took to complete: 0ms
01-09 16:27:38.996  1380  3293 V SystemServerTiming: getUserSwitchability-0 took to complete: 1ms
01-09 16:27:38.997  1380  1720 D CompatibilityChangeReporter: Compat change id reported: 261072174; UID 10208; state: ENABLED
01-09 16:27:39.002  1380  1720 D CompatibilityChangeReporter: Compat change id reported: 170503758; UID 10221; state: ENABLED
01-09 16:27:39.002  1380  1532 W ActivityManager: Slow operation: 225ms so far, now at startProcess: done updating battery stats
01-09 16:27:39.006  1380  1532 W ActivityManager: Slow operation: 229ms so far, now at startProcess: building log message
01-09 16:27:39.006  1380  1532 I ActivityManager: Start proc 3381:com.trustonic.teeservice/1000 for added application com.trustonic.teeservice
01-09 16:27:39.006  1380  1532 W ActivityManager: Slow operation: 229ms so far, now at startProcess: starting to update pids map
01-09 16:27:39.006  1380  1532 W ActivityManager: Slow operation: 229ms so far, now at startProcess: done updating pids map
01-09 16:27:39.007  1380  1532 W ActivityManager: Slow operation: 227ms so far, now at startProcess: asking zygote to start proc
01-09 16:27:39.010  1380  1587 D SystemServerTiming: getUserSwitchability-0
01-09 16:27:39.010  1380  1587 D SystemServerTiming: TM.isInCall
01-09 16:27:39.011  1380  1587 V SystemServerTiming: TM.isInCall took to complete: 1ms
01-09 16:27:39.011  1380  1587 D SystemServerTiming: hasUserRestriction-DISALLOW_USER_SWITCH
01-09 16:27:39.011  1380  1587 V SystemServerTiming: hasUserRestriction-DISALLOW_USER_SWITCH took to complete: 0ms
01-09 16:27:39.011  1380  1587 D SystemServerTiming: getInt-ALLOW_USER_SWITCHING_WHEN_SYSTEM_USER_LOCKED
01-09 16:27:39.011  1380  1587 V SystemServerTiming: getInt-ALLOW_USER_SWITCHING_WHEN_SYSTEM_USER_LOCKED took to complete: 0ms
01-09 16:27:39.011  1380  1587 D SystemServerTiming: isUserUnlocked-USER_SYSTEM
01-09 16:27:39.011  1380  1587 V SystemServerTiming: isUserUnlocked-USER_SYSTEM took to complete: 0ms
01-09 16:27:39.011  1380  1587 V SystemServerTiming: getUserSwitchability-0 took to complete: 1ms
01-09 16:27:39.014  1380  3377 V ActivityManager: New death recipient com.android.server.am.ActivityManagerService$AppDeathRecipient@9be83f1 for thread android.os.BinderProxy@fb7cbd6
01-09 16:27:39.017  1380  3377 D CompatibilityChangeReporter: Compat change id reported: 168419799; UID 1000; state: DISABLED
01-09 16:27:39.017  1380  3377 D CompatibilityChangeReporter: Compat change id reported: 273564678; UID 1000; state: DISABLED
01-09 16:27:39.023  1380  1532 W ActivityManager: Slow operation: 243ms so far, now at startProcess: returned from zygote!
01-09 16:27:39.027  1380  1519 W Looper  : Slow delivery took 254ms android.ui h=com.android.server.am.ActivityManagerService$UiHandler c=com.android.server.am.UidObserverController$$ExternalSyntheticLambda0@5b2790c m=0
01-09 16:27:39.027  1380  1519 D AutofillUI: destroySaveUiUiThread(): already destroyed
01-09 16:27:39.029  1380  1601 D CompatibilityChangeReporter: Compat change id reported: 265195908; UID 10221; state: ENABLED
01-09 16:27:39.029  1380  1532 W ActivityManager: Slow operation: 250ms so far, now at startProcess: done updating battery stats
01-09 16:27:39.030  1380  1532 W ActivityManager: Slow operation: 250ms so far, now at startProcess: building log message
01-09 16:27:39.030  1380  1532 I ActivityManager: Start proc 3403:jp.co.sharp.android.emopa.systemservice/1000 for added application jp.co.sharp.android.emopa.systemservice
01-09 16:27:39.030  1380  1532 W ActivityManager: Slow operation: 250ms so far, now at startProcess: starting to update pids map
01-09 16:27:39.030  1380  1532 W ActivityManager: Slow operation: 251ms so far, now at startProcess: done updating pids map
01-09 16:27:39.030  1380  1532 W ActivityManager: Slow operation: 247ms so far, now at startProcess: asking zygote to start proc
01-09 16:27:39.030  1380  1532 D CompatibilityChangeReporter: Compat change id reported: 143937733; UID 10133; state: ENABLED
01-09 16:27:39.031  1380  1380 W Looper  : Slow dispatch took 121ms main h=android.app.ActivityThread$H c=android.app.LoadedApk$ReceiverDispatcher$Args$$ExternalSyntheticLambda0@83a870d m=0
01-09 16:27:39.032  1380  1380 V NotificationAssistants: disabling notification assistant for user 0: ComponentInfo{com.google.android.ext.services/android.ext.services.notification.Assistant}
01-09 16:27:39.032  1380  1380 D NotificationListeners: Removing active service ComponentInfo{com.google.android.ext.services/android.ext.services.notification.Assistant}
01-09 16:27:39.034  1380  1519 W Looper  : Drained
01-09 16:27:39.040  1380  3337 D CompatibilityChangeReporter: Compat change id reported: 253665015; UID 1000; state: ENABLED
01-09 16:27:39.040  1380  3337 D CompatibilityChangeReporter: Compat change id reported: 253665015; UID 1000; state: DISABLED
01-09 16:27:39.041  1380  3337 D CompatibilityChangeReporter: Compat change id reported: 194532703; UID 1000; state: ENABLED
01-09 16:27:39.042  1380  1532 W ActivityManager: Slow operation: 258ms so far, now at startProcess: returned from zygote!
01-09 16:27:39.050  1380  1380 V NotificationAssistants: enabling notification assistant for 0: ComponentInfo{com.google.android.ext.services/android.ext.services.notification.Assistant}
01-09 16:27:39.050  1380  1380 V NotificationAssistants: binding: Intent { act=android.service.notification.NotificationAssistantService cmp=com.google.android.ext.services/android.ext.services.notification.Assistant (has extras) }
01-09 16:27:39.056  1380  1532 W ActivityManager: Slow operation: 273ms so far, now at startProcess: done updating battery stats
01-09 16:27:39.056  1380  1532 W ActivityManager: Slow operation: 273ms so far, now at startProcess: building log message
01-09 16:27:39.056  1380  1532 I ActivityManager: Start proc 3404:jp.co.sharp.android.emopa.overlayservice/u0a133 for added application jp.co.sharp.android.emopa.overlayservice
01-09 16:27:39.056  1380  1532 W ActivityManager: Slow operation: 273ms so far, now at startProcess: starting to update pids map
01-09 16:27:39.056  1380  1532 W ActivityManager: Slow operation: 273ms so far, now at startProcess: done updating pids map
01-09 16:27:39.057  1380  1532 W ActivityManager: Slow operation: 225ms so far, now at startProcess: asking zygote to start proc
01-09 16:27:39.057  1380  1532 D CompatibilityChangeReporter: Compat change id reported: 143937733; UID 10161; state: ENABLED
01-09 16:27:39.059  1380  1380 V ConditionProviders: enabling condition provider for 0: ComponentInfo{com.google.android.gms/com.google.android.location.settings.DrivingConditionProvider}
01-09 16:27:39.061  1380  1380 V ConditionProviders: binding: Intent { act=android.service.notification.ConditionProviderService cmp=com.google.android.gms/com.google.android.location.settings.DrivingConditionProvider (has extras) }
01-09 16:27:39.079  1380  1532 W ActivityManager: Slow operation: 248ms so far, now at startProcess: returned from zygote!
01-09 16:27:39.084  1380  1380 V NotificationListeners: enabling notification listener for 0: ComponentInfo{jp.co.sharp.android.launcher3.simple/jp.co.sharp.android.launcher3.notification.NotificationListener}
01-09 16:27:39.084  1380  1380 V NotificationListeners: binding: Intent { act=android.service.notification.NotificationListenerService cmp=jp.co.sharp.android.launcher3.simple/jp.co.sharp.android.launcher3.notification.NotificationListener (has extras) }
01-09 16:27:39.084  1380  1532 W ActivityManager: Slow operation: 253ms so far, now at startProcess: done updating battery stats
01-09 16:27:39.084  1380  1532 W ActivityManager: Slow operation: 253ms so far, now at startProcess: building log message
01-09 16:27:39.085  1380  1532 I ActivityManager: Start proc 3418:com.google.android.googlequicksearchbox:search/u0a161 for broadcast {com.google.android.googlequicksearchbox/com.google.android.googlequicksearchbox.SearchWidgetProvider}
01-09 16:27:39.085  1380  1532 W ActivityManager: Slow operation: 253ms so far, now at startProcess: starting to update pids map
01-09 16:27:39.085  1380  1532 W ActivityManager: Slow operation: 254ms so far, now at startProcess: done updating pids map
01-09 16:27:39.085  1380  1532 W ActivityManager: Slow operation: 110ms so far, now at startProcess: asking zygote to start proc
01-09 16:27:39.101  1744  1827 V WindowManagerShell: Transition requested: android.os.BinderProxy@8216a8b TransitionRequestInfo { type = CLOSE, triggerTask = TaskInfo{userId=0 taskId=5 displayId=0 isRunning=false baseIntent=Intent { act=android.intent.action.MAIN cat=[android.intent.category.HOME] flg=0x10800100 cmp=com.android.settings/.FallbackHome } baseActivity=null topActivity=null origActivity=null realActivity=ComponentInfo{com.android.settings/com.android.settings.FallbackHome} numActivities=0 lastActiveTime=101755 supportsMultiWindow=false resizeMode=0 isResizeable=false minWidth=-1 minHeight=-1 defaultMinSize=220 token=WCT{android.window.IWindowContainerToken$Stub$Proxy@732e768} topActivityType=2 pictureInPictureParams=null shouldDockBigOverlays=false launchIntoPipHostTaskId=-1 lastParentTaskIdBeforePip=-1 displayCutoutSafeInsets=Rect(0, 58 - 0, 0) topActivityInfo=null launchCookies=[] positionInParent=Point(0, 0) parentTaskId=-1 isFocused=true isVisible=true isVisibleRequested=true isSleeping=false topActivityInSizeCompat=false topActivityEligibleForLetterboxEducation= false topActivityLetterboxed= false isFromDoubleTap= false topActivityLetterboxVerticalPosition= -1 topActivityLetterboxHorizontalPosition= -1 topActivityLetterboxWidth=-1 topActivityLetterboxHeight=-1 locusId=null displayAreaFeatureId=1 cameraCompatControlState=hidden}, remoteTransition = null, displayChange = null }
01-09 16:27:39.110  1380  1532 W ActivityManager: Slow operation: 135ms so far, now at startProcess: returned from zygote!
01-09 16:27:39.123  1380  3348 I HealthConnectBackupRestore: Attempt to schedule download timeout job with state: 0
01-09 16:27:39.123  1380  3348 I HealthConnectBackupRestore: Attempt to schedule staging timeout job with state: 0
01-09 16:27:39.123  1380  3348 I HealthConnectBackupRestore: Attempt to schedule merging timeout job with state: 0
01-09 16:27:39.146  1380  1520 I DropBoxManagerService: add tag=system_server_strictmode isTagEnabled=true flags=0x2
01-09 16:27:39.181  1380  3486 W StorageManagerService: Reporting emulated;0 unmounted due to system locked
01-09 16:27:39.184  1380  3486 W StorageManagerService: Reporting emulated;0 unmounted due to system locked
01-09 16:27:39.185  1380  3506 D CompatibilityChangeReporter: Compat change id reported: 168936375; UID 10138; state: ENABLED
01-09 16:27:39.192  1380  3486 I ActivityManager: Flag disabled. Ignoring finishAttachApplication from uid: 1000. pid: 3381
01-09 16:27:39.230  1380  3533 I ActivityManager: Flag disabled. Ignoring finishAttachApplication from uid: 10221. pid: 3302
01-09 16:27:39.251  1380  3533 W StorageManagerService: Reporting emulated;0 unmounted due to system locked
01-09 16:27:39.265  1380  1380 W ActivityManager: Slow operation: 154ms so far, now at startProcess: done creating new process record
01-09 16:27:39.265  1380  1380 W ActivityManager: Slow operation: 154ms so far, now at startProcess: stepping in to startProcess
01-09 16:27:39.267  1744  1827 W Looper  : Slow dispatch took 166ms wmshell.main h=android.os.Handler c=com.android.wm.shell.transition.Transitions$TransitionPlayerImpl$$ExternalSyntheticLambda1@6c19026 m=0
01-09 16:27:39.267  1744  1827 W Looper  : Slow delivery took 153ms wmshell.main h=android.os.Handler c=com.android.wm.shell.common.ExecutorUtils$$ExternalSyntheticLambda0@dba2467 m=0
01-09 16:27:39.267  1380  1380 D CompatibilityChangeReporter: Compat change id reported: 135634846; UID 10220; state: DISABLED
01-09 16:27:39.268  1380  1380 D CompatibilityChangeReporter: Compat change id reported: 177438394; UID 10220; state: DISABLED
01-09 16:27:39.268  1380  1380 D CompatibilityChangeReporter: Compat change id reported: 135772972; UID 10220; state: DISABLED
01-09 16:27:39.268  1380  1380 D CompatibilityChangeReporter: Compat change id reported: 135754954; UID 10220; state: ENABLED
01-09 16:27:39.269  1380  1380 W ActivityManager: Slow operation: 157ms so far, now at startProcess: done starting proc!
01-09 16:27:39.270  1380  1380 V NotificationListeners: enabling notification listener for 0: ComponentInfo{com.nttdocomo.android.homezozo/com.android.launcher3.notification.NotificationListener}
01-09 16:27:39.270  1380  3512 I Telecom-Common: isInEmergencyCall: false: TSI.iIEC@AFk
01-09 16:27:39.280  1380  2021 D CompatibilityChangeReporter: Compat change id reported: 265464455; UID 10218; state: DISABLED
01-09 16:27:39.281  1380  2021 D CompatibilityChangeReporter: Compat change id reported: 265452344; UID 10218; state: DISABLED
01-09 16:27:39.281  1380  2021 D CompatibilityChangeReporter: Compat change id reported: 266124927; UID 10218; state: DISABLED
01-09 16:27:39.281  1380  2021 D CompatibilityChangeReporter: Compat change id reported: 265451093; UID 10218; state: DISABLED
01-09 16:27:39.282  1380  2021 D CompatibilityChangeReporter: Compat change id reported: 265456536; UID 10218; state: DISABLED
01-09 16:27:39.282  1380  2021 D CompatibilityChangeReporter: Compat change id reported: 255940284; UID 10218; state: DISABLED
01-09 16:27:39.282  1380  2021 D CompatibilityChangeReporter: Compat change id reported: 236283604; UID 10218; state: DISABLED
01-09 16:27:39.282  1380  2021 D CompatibilityChangeReporter: Compat change id reported: 263959004; UID 10218; state: DISABLED
01-09 16:27:39.282  1380  2021 D CompatibilityChangeReporter: Compat change id reported: 264304459; UID 10218; state: DISABLED
01-09 16:27:39.282  1380  2021 D CompatibilityChangeReporter: Compat change id reported: 264301586; UID 10218; state: DISABLED
01-09 16:27:39.282  1380  2021 D CompatibilityChangeReporter: Compat change id reported: 254631730; UID 10218; state: DISABLED
01-09 16:27:39.282  1380  2021 D CompatibilityChangeReporter: Compat change id reported: 273509367; UID 10218; state: DISABLED
01-09 16:27:39.282  1380  2021 D CompatibilityChangeReporter: Compat change id reported: 263259275; UID 10218; state: DISABLED
01-09 16:27:39.283  1380  2021 D CompatibilityChangeReporter: Compat change id reported: 174042980; UID 10218; state: DISABLED
01-09 16:27:39.283  1380  2021 D CompatibilityChangeReporter: Compat change id reported: 174042936; UID 10218; state: DISABLED
01-09 16:27:39.283  1380  2021 D CompatibilityChangeReporter: Compat change id reported: 181136395; UID 10218; state: DISABLED
01-09 16:27:39.285  1380  1380 V NotificationListeners: binding: Intent { act=android.service.notification.NotificationListenerService cmp=com.nttdocomo.android.homezozo/com.android.launcher3.notification.NotificationListener (has extras) }
01-09 16:27:39.290  1380  3377 V ActivityManager: New death recipient com.android.server.am.ActivityManagerService$AppDeathRecipient@cff43dc for thread android.os.BinderProxy@7851ce5
01-09 16:27:39.294  1380  3293 W StorageManagerService: Reporting emulated;0 unmounted due to system locked
01-09 16:27:39.310  1380  1530 I RemotePrintSpooler: [user: 0] bindLocked() low priority
01-09 16:27:39.310  1380  1530 E MTK_LOG : bindServiceAsUser start
01-09 16:27:39.311  1380  2021 D CompatibilityChangeReporter: Compat change id reported: 184838306; UID 10218; state: DISABLED
01-09 16:27:39.312  1380  2021 D CompatibilityChangeReporter: Compat change id reported: 185004937; UID 10218; state: DISABLED
01-09 16:27:39.312  1380  2021 D CompatibilityChangeReporter: Compat change id reported: 194480991; UID 10218; state: ENABLED
01-09 16:27:39.314  1380  2021 I ActivityTaskManager: app/com.nttdocomo.android.homezozo[INITIAL] app.idle/false
01-09 16:27:39.317  1744  1827 W Looper  : Drained
01-09 16:27:39.319  1380  2021 D ActivityTaskManager: reuseOrCreateTask task=Task{253fb3f #18 type=home I=com.nttdocomo.android.homezozo/com.android.launcher3.Launcher}, parent task:Task{820b645 #1 type=home}
01-09 16:27:39.322  1380  2021 D CompatibilityChangeReporter: Compat change id reported: 197654537; UID 10218; state: ENABLED
01-09 16:27:39.327  1380  2021 I ActivityTaskManager: START u0 {act=android.intent.action.MAIN cat=[android.intent.category.HOME] flg=0x10000100 cmp=com.nttdocomo.android.homezozo/com.android.launcher3.Launcher (has extras)} with LAUNCH_SINGLE_TASK from uid 0 (BAL_ALLOW_ALLOWLISTED_UID) result code=0
01-09 16:27:39.338  1744  1827 E SingleInstanceRemoteListener: Failed remote call on null listener
01-09 16:27:39.351  1380  1521 D CompatibilityChangeReporter: Compat change id reported: 135634846; UID 10218; state: DISABLED
01-09 16:27:39.351  1380  1521 D CompatibilityChangeReporter: Compat change id reported: 177438394; UID 10218; state: DISABLED
01-09 16:27:39.351  1380  1521 D CompatibilityChangeReporter: Compat change id reported: 135772972; UID 10218; state: DISABLED
01-09 16:27:39.351  1380  1521 D CompatibilityChangeReporter: Compat change id reported: 135754954; UID 10218; state: ENABLED
01-09 16:27:39.352  1380  3341 V ActivityManager: New death recipient com.android.server.am.ActivityManagerService$AppDeathRecipient@534fb79 for thread android.os.BinderProxy@4c420be
01-09 16:27:39.354  1380  3341 D CompatibilityChangeReporter: Compat change id reported: 168419799; UID 1000; state: DISABLED
01-09 16:27:39.354  1380  3341 D CompatibilityChangeReporter: Compat change id reported: 273564678; UID 1000; state: DISABLED
01-09 16:27:39.358  1380  1529 D DexOptExtImpl: com.nttdocomo.android.homezozo reason is 5 abi is arm64-v8a
01-09 16:27:39.359  1380  1588 V ActivityManager: New death recipient com.android.server.am.ActivityManagerService$AppDeathRecipient@a80d635 for thread android.os.BinderProxy@c1d8aca
01-09 16:27:39.360  1380  1588 D CompatibilityChangeReporter: Compat change id reported: 168419799; UID 10133; state: DISABLED
01-09 16:27:39.360  1380  1588 D CompatibilityChangeReporter: Compat change id reported: 273564678; UID 10133; state: DISABLED
01-09 16:27:39.364  1380  3465 D CompatibilityChangeReporter: Compat change id reported: 161145287; UID 10161; state: ENABLED
01-09 16:27:39.364  1380  3493 W ActivityManager: Slow operation: 389ms so far, now at startProcess: done updating battery stats
01-09 16:27:39.365  1380  3493 W ActivityManager: Slow operation: 390ms so far, now at startProcess: building log message
01-09 16:27:39.365  1380  3493 I ActivityManager: Start proc 3426:com.android.keychain/1000 for service {com.android.keychain/com.android.keychain.KeyChainService}
01-09 16:27:39.365  1380  3493 W ActivityManager: Slow operation: 390ms so far, now at startProcess: starting to update pids map
01-09 16:27:39.365  1380  3493 W ActivityManager: Slow operation: 390ms so far, now at startProcess: done updating pids map
01-09 16:27:39.365  1380  3493 V ActivityManager: New death recipient com.android.server.am.ActivityManagerService$AppDeathRecipient@794b6a5 for thread android.os.BinderProxy@2963a7a
01-09 16:27:39.366  1380  1588 D CompatibilityChangeReporter: Compat change id reported: 170503758; UID 10133; state: ENABLED
01-09 16:27:39.368  1380  3493 D CompatibilityChangeReporter: Compat change id reported: 168419799; UID 1000; state: DISABLED
01-09 16:27:39.368  1380  3493 D CompatibilityChangeReporter: Compat change id reported: 273564678; UID 1000; state: DISABLED
01-09 16:27:39.379  1380  3377 D CompatibilityChangeReporter: Compat change id reported: 201794303; UID 10081; state: ENABLED
01-09 16:27:39.379  1380  3377 D CompatibilityChangeReporter: Compat change id reported: 207133734; UID 10081; state: ENABLED
01-09 16:27:39.384  1380  3515 W ActivityManager: Unable to start service Intent { act=com.google.android.gms.gservices.START pkg=com.google.android.gms } U=0: not found
01-09 16:27:39.390  1380  3515 I ActivityManager: Flag disabled. Ignoring finishAttachApplication from uid: 10284. pid: 3157
01-09 16:27:39.404  1380  3465 W ActivityManager: Unbind failed: could not find connection for android.os.BinderProxy@e5c7dda
01-09 16:27:39.407  1380  1380 V NotificationListeners: enabling notification listener for 0: ComponentInfo{jp.co.sharp.android.launcher3.junior/jp.co.sharp.android.launcher3.notification.NotificationListener}
01-09 16:27:39.407  1380  1380 V NotificationListeners: binding: Intent { act=android.service.notification.NotificationListenerService cmp=jp.co.sharp.android.launcher3.junior/jp.co.sharp.android.launcher3.notification.NotificationListener (has extras) }
01-09 16:27:39.409  1380  1601 D CompatibilityChangeReporter: Compat change id reported: 265195908; UID 10133; state: ENABLED
01-09 16:27:39.410  1380  1380 D CompatibilityChangeReporter: Compat change id reported: 135634846; UID 10234; state: DISABLED
01-09 16:27:39.410  1380  1380 D CompatibilityChangeReporter: Compat change id reported: 177438394; UID 10234; state: DISABLED
01-09 16:27:39.410  1380  1380 D CompatibilityChangeReporter: Compat change id reported: 135772972; UID 10234; state: DISABLED
01-09 16:27:39.410  1380  1380 D CompatibilityChangeReporter: Compat change id reported: 135754954; UID 10234; state: ENABLED
01-09 16:27:39.411  1380  1380 V NotificationListeners: enabling notification listener for 0: ComponentInfo{jp.co.sharp.android.launcher3/jp.co.sharp.android.launcher3.notification.NotificationListener}
01-09 16:27:39.411  1380  1380 V NotificationListeners: binding: Intent { act=android.service.notification.NotificationListenerService cmp=jp.co.sharp.android.launcher3/.notification.NotificationListener (has extras) }
01-09 16:27:39.417  1380  1380 W Looper  : Slow dispatch took 385ms main h=android.app.ActivityThread$H c=android.app.LoadedApk$ReceiverDispatcher$Args$$ExternalSyntheticLambda0@bda4de1 m=0
01-09 16:27:39.421  1380  3154 I StorageUserConnection: Service: [ComponentInfo{com.google.android.providers.media.module/com.android.providers.media.fuse.ExternalStorageServiceImpl}] connected. User [0]
01-09 16:27:39.422  1380  1789 D CompatibilityChangeReporter: Compat change id reported: 261072174; UID 10199; state: ENABLED
01-09 16:27:39.422  1380  1380 E JobScheduler.Component: Job exists for non-existent package: com.google.android.projection.gearhead
01-09 16:27:39.422  1380  1789 W ProcessStats: Tracking association SourceState{dcce71d com.google.android.inputmethod.latin/10199 ImpBg #464} whose proc state 6 is better than process ProcessState{9764433 com.google.android.gms.persistent/10160 pkg=com.google.android.gms} proc state 8 (106 skipped)
01-09 16:27:39.424  1380  1532 W ActivityManager: Slow operation: 158ms so far, now at startProcess: asking zygote to start proc
01-09 16:27:39.424  1380  1532 D CompatibilityChangeReporter: Compat change id reported: 143937733; UID 10220; state: ENABLED
01-09 16:27:39.424  1380  1380 W Looper  : Slow delivery took 519ms main h=android.app.ActivityThread$H c=android.app.LoadedApk$ReceiverDispatcher$Args$$ExternalSyntheticLambda0@bad0de m=0
01-09 16:27:39.432  1380  1530 D CompatibilityChangeReporter: Compat change id reported: 135634846; UID 10105; state: DISABLED
01-09 16:27:39.432  1380  1530 D CompatibilityChangeReporter: Compat change id reported: 177438394; UID 10105; state: DISABLED
01-09 16:27:39.432  1380  1530 D CompatibilityChangeReporter: Compat change id reported: 135772972; UID 10105; state: DISABLED
01-09 16:27:39.433  1380  1530 D CompatibilityChangeReporter: Compat change id reported: 135754954; UID 10105; state: ENABLED
01-09 16:27:39.434  1744  1827 E SingleInstanceRemoteListener: Failed remote call on null listener
01-09 16:27:39.436  1380  1530 E MTK_LOG : bindServiceAsUser end
01-09 16:27:39.439  1380  3295 I ActivityManager: Flag disabled. Ignoring finishAttachApplication from uid: 10160. pid: 3300
01-09 16:27:39.447  1380  1720 I ActivityManager: Flag disabled. Ignoring finishAttachApplication from uid: 10160. pid: 3260
01-09 16:27:39.450  1380  1531 D CompatibilityChangeReporter: Compat change id reported: 135634846; UID 10196; state: DISABLED
01-09 16:27:39.450  1380  1531 D CompatibilityChangeReporter: Compat change id reported: 177438394; UID 10196; state: DISABLED
01-09 16:27:39.450  1380  1531 D CompatibilityChangeReporter: Compat change id reported: 135772972; UID 10196; state: DISABLED
01-09 16:27:39.450  1380  1531 D CompatibilityChangeReporter: Compat change id reported: 135754954; UID 10196; state: ENABLED
01-09 16:27:39.457  1380  3354 D TextToSpeechManagerPerUserService: Trying to start connection to TTS engine: com.google.android.tts
01-09 16:27:39.467  1380  1532 W ActivityManager: Slow operation: 202ms so far, now at startProcess: returned from zygote!
01-09 16:27:39.468  1380  1532 W ActivityManager: Slow operation: 202ms so far, now at startProcess: done updating battery stats
01-09 16:27:39.468  1380  1532 W ActivityManager: Slow operation: 203ms so far, now at startProcess: building log message
01-09 16:27:39.468  1380  1532 I ActivityManager: Start proc 3595:jp.co.sharp.android.launcher3.simple/u0a220 for service {jp.co.sharp.android.launcher3.simple/jp.co.sharp.android.launcher3.notification.NotificationListener}
01-09 16:27:39.468  1380  1532 W ActivityManager: Slow operation: 203ms so far, now at startProcess: starting to update pids map
01-09 16:27:39.468  1380  1532 W ActivityManager: Slow operation: 203ms so far, now at startProcess: done updating pids map
01-09 16:27:39.469  1380  1532 W ActivityManager: Slow operation: 123ms so far, now at startProcess: asking zygote to start proc
01-09 16:27:39.469  1380  1532 D CompatibilityChangeReporter: Compat change id reported: 143937733; UID 10218; state: ENABLED
01-09 16:27:39.485  1380  1532 W ActivityManager: Slow operation: 139ms so far, now at startProcess: returned from zygote!
01-09 16:27:39.485  1380  1532 W ActivityManager: Slow operation: 140ms so far, now at startProcess: done updating battery stats
01-09 16:27:39.485  1380  1532 W ActivityManager: Slow operation: 140ms so far, now at startProcess: building log message
01-09 16:27:39.485  1380  1532 I ActivityManager: Start proc 3601:com.nttdocomo.android.homezozo/u0a218 for top-activity {com.nttdocomo.android.homezozo/com.android.launcher3.Launcher}
01-09 16:27:39.485  1380  1532 W ActivityManager: Slow operation: 140ms so far, now at startProcess: starting to update pids map
01-09 16:27:39.485  1380  1532 W ActivityManager: Slow operation: 140ms so far, now at startProcess: done updating pids map
01-09 16:27:39.486  1380  1532 W ActivityManager: Slow operation: 76ms so far, now at startProcess: asking zygote to start proc
01-09 16:27:39.486  1380  1532 D CompatibilityChangeReporter: Compat change id reported: 143937733; UID 10234; state: ENABLED
01-09 16:27:39.504  1380  1532 W ActivityManager: Slow operation: 95ms so far, now at startProcess: returned from zygote!
01-09 16:27:39.522  1380  3508 D CompatibilityChangeReporter: Compat change id reported: 261072174; UID 10161; state: ENABLED
01-09 16:27:39.531  1380  3486 D CompatibilityChangeReporter: Compat change id reported: 161252188; UID 10160; state: DISABLED
01-09 16:27:39.536  1380  1532 W ActivityManager: Slow operation: 127ms so far, now at startProcess: done updating battery stats
01-09 16:27:39.537  1380  1532 W ActivityManager: Slow operation: 127ms so far, now at startProcess: building log message
01-09 16:27:39.537  1380  1532 I ActivityManager: Start proc 3608:jp.co.sharp.android.launcher3.junior/u0a234 for service {jp.co.sharp.android.launcher3.junior/jp.co.sharp.android.launcher3.notification.NotificationListener}
01-09 16:27:39.537  1380  1532 W ActivityManager: Slow operation: 127ms so far, now at startProcess: starting to update pids map
01-09 16:27:39.537  1380  1601 D CompatibilityChangeReporter: Compat change id reported: 271850009; UID 10290; state: ENABLED
01-09 16:27:39.541  1380  3354 W WindowManager: Changing focus from Window{63bb632 u0 com.android.settings/com.android.settings.FallbackHome} to null displayId=0 Callers=com.android.server.wm.RootWindowContainer.updateFocusedWindowLocked:458 com.android.server.wm.WindowManagerService.updateFocusedWindowLocked:6369 com.android.server.wm.WindowManagerService.relayoutWindow:2625 com.android.server.wm.Session.relayout:259 
01-09 16:27:39.546  1380  1532 W ActivityManager: Slow operation: 136ms so far, now at startProcess: done updating pids map
01-09 16:27:39.546  1380  1532 W ActivityManager: Slow operation: 115ms so far, now at startProcess: asking zygote to start proc
01-09 16:27:39.546  1380  1532 D CompatibilityChangeReporter: Compat change id reported: 143937733; UID 10105; state: ENABLED
01-09 16:27:39.564  1380  3295 I ActivityManager: Flag disabled. Ignoring finishAttachApplication from uid: 10133. pid: 3404
01-09 16:27:39.572  1380  1601 D CompatibilityChangeReporter: Compat change id reported: 135634846; UID 10290; state: DISABLED
01-09 16:27:39.572  1380  1601 D CompatibilityChangeReporter: Compat change id reported: 177438394; UID 10290; state: DISABLED
01-09 16:27:39.572  1380  1601 D CompatibilityChangeReporter: Compat change id reported: 135772972; UID 10290; state: DISABLED
01-09 16:27:39.572  1380  1601 D CompatibilityChangeReporter: Compat change id reported: 135754954; UID 10290; state: ENABLED
01-09 16:27:39.574  1380  3295 V ActivityManager: New death recipient com.android.server.am.ActivityManagerService$AppDeathRecipient@c4eab2e for thread android.os.BinderProxy@93b16cf
01-09 16:27:39.576  1380  3486 I ActivityManager: Flag disabled. Ignoring finishAttachApplication from uid: 10161. pid: 3226
01-09 16:27:39.577  1380  3295 D CompatibilityChangeReporter: Compat change id reported: 168419799; UID 10234; state: DISABLED
01-09 16:27:39.577  1380  3295 D CompatibilityChangeReporter: Compat change id reported: 273564678; UID 10234; state: DISABLED
01-09 16:27:39.585  1380  1720 I ActivityManager: Flag disabled. Ignoring finishAttachApplication from uid: 1000. pid: 3403
01-09 16:27:39.592  1380  3508 V ActivityManager: New death recipient com.android.server.am.ActivityManagerService$AppDeathRecipient@a96308c for thread android.os.BinderProxy@d0583d5
01-09 16:27:39.595  1380  3508 D CompatibilityChangeReporter: Compat change id reported: 168419799; UID 10220; state: DISABLED
01-09 16:27:39.596  1380  3508 D CompatibilityChangeReporter: Compat change id reported: 273564678; UID 10220; state: DISABLED
01-09 16:27:39.598  1380  1532 W ActivityManager: Slow operation: 166ms so far, now at startProcess: returned from zygote!
01-09 16:27:39.604  1380  1532 W ActivityManager: Slow operation: 172ms so far, now at startProcess: done updating battery stats
01-09 16:27:39.604  1380  1532 W ActivityManager: Slow operation: 173ms so far, now at startProcess: building log message
01-09 16:27:39.604  1380  1532 I ActivityManager: Start proc 3702:com.android.printspooler/u0a105 for service {com.android.printspooler/com.android.printspooler.model.PrintSpoolerService}
01-09 16:27:39.604  1380  1532 W ActivityManager: Slow operation: 173ms so far, now at startProcess: starting to update pids map
01-09 16:27:39.604  1380  1532 W ActivityManager: Slow operation: 173ms so far, now at startProcess: done updating pids map
01-09 16:27:39.604  1380  1532 W ActivityManager: Slow operation: 155ms so far, now at startProcess: asking zygote to start proc
01-09 16:27:39.604  1380  1532 D CompatibilityChangeReporter: Compat change id reported: 143937733; UID 10196; state: ENABLED
01-09 16:27:39.608  1380  3354 D CompatibilityChangeReporter: Compat change id reported: 170503758; UID 10234; state: ENABLED
01-09 16:27:39.614  1380  3515 D CompatibilityChangeReporter: Compat change id reported: 170503758; UID 10220; state: ENABLED
01-09 16:27:39.615  1380  1532 W ActivityManager: Slow operation: 166ms so far, now at startProcess: returned from zygote!
01-09 16:27:39.615  1380  1532 W ActivityManager: Slow operation: 166ms so far, now at startProcess: done updating battery stats
01-09 16:27:39.616  1380  1532 W ActivityManager: Slow operation: 167ms so far, now at startProcess: building log message
01-09 16:27:39.616  1380  1532 I ActivityManager: Start proc 3704:com.nttdocomo.android.schedulememo/u0a196 for broadcast {com.nttdocomo.android.schedulememo/com.nttdocomo.android.schedulememo.schedulewidget.ScheduleWidgetProvider}
01-09 16:27:39.616  1380  1532 W ActivityManager: Slow operation: 167ms so far, now at startProcess: starting to update pids map
01-09 16:27:39.616  1380  1532 W ActivityManager: Slow operation: 167ms so far, now at startProcess: done updating pids map
01-09 16:27:39.616  1380  1532 D CompatibilityChangeReporter: Compat change id reported: 143937733; UID 10290; state: ENABLED
01-09 16:27:39.631  1380  3508 V ActivityManager: New death recipient com.android.server.am.ActivityManagerService$AppDeathRecipient@13b52bb for thread android.os.BinderProxy@11963d8
01-09 16:27:39.631  1380  1532 W ActivityManager: Slow operation: 60ms so far, now at startProcess: returned from zygote!
01-09 16:27:39.632  1380  3508 D CompatibilityChangeReporter: Compat change id reported: 168419799; UID 10218; state: DISABLED
01-09 16:27:39.632  1380  3508 D CompatibilityChangeReporter: Compat change id reported: 273564678; UID 10218; state: DISABLED
01-09 16:27:39.636  1380  3508 I ActivityTaskManager: app/com.nttdocomo.android.homezozo[RESUMED] app.idle/false ...realStartActivityLocked
01-09 16:27:39.642  1380  1532 W ActivityManager: Slow operation: 71ms so far, now at startProcess: done updating battery stats
01-09 16:27:39.642  1380  1532 W ActivityManager: Slow operation: 71ms so far, now at startProcess: building log message
01-09 16:27:39.642  1380  1532 I ActivityManager: Start proc 3710:com.google.android.adservices.api/u0a290 for service {com.google.android.adservices.api/com.android.adservices.service.measurement.reporting.VerboseDebugReportingFallbackJobService}
01-09 16:27:39.642  1380  1532 W ActivityManager: Slow operation: 71ms so far, now at startProcess: starting to update pids map
01-09 16:27:39.648  1380  1789 D CompatibilityChangeReporter: Compat change id reported: 170503758; UID 10218; state: ENABLED
01-09 16:27:39.652  1380  1532 W ActivityManager: Slow operation: 80ms so far, now at startProcess: done updating pids map
01-09 16:27:39.666  1380  3354 D CompatibilityChangeReporter: Compat change id reported: 168936375; UID 10160; state: ENABLED
01-09 16:27:39.670  1380  3354 D CompatibilityChangeReporter: Compat change id reported: 73144566; UID 10160; state: ENABLED
01-09 16:27:39.671  1380  1601 D CompatibilityChangeReporter: Compat change id reported: 271850009; UID 10130; state: DISABLED
01-09 16:27:39.677  1380  1790 V ActivityManager: New death recipient com.android.server.am.ActivityManagerService$AppDeathRecipient@23aaa67 for thread android.os.BinderProxy@5902014
01-09 16:27:39.678  1380  1790 D CompatibilityChangeReporter: Compat change id reported: 168419799; UID 10105; state: DISABLED
01-09 16:27:39.679  1380  1790 D CompatibilityChangeReporter: Compat change id reported: 273564678; UID 10105; state: DISABLED
01-09 16:27:39.692  1380  3354 W StorageManagerService: Reporting emulated;0 unmounted due to system locked
01-09 16:27:39.694  1380  3295 I ActivityManager: Flag disabled. Ignoring finishAttachApplication from uid: 1000. pid: 3426
01-09 16:27:39.696  1380  3354 W StorageManagerService: Reporting emulated;0 unmounted due to system locked
01-09 16:27:39.706  1380  3515 D CompatibilityChangeReporter: Compat change id reported: 170503758; UID 10105; state: ENABLED
01-09 16:27:39.706  1380  1601 D CompatibilityChangeReporter: Compat change id reported: 135634846; UID 10130; state: DISABLED
01-09 16:27:39.707  1380  1601 D CompatibilityChangeReporter: Compat change id reported: 177438394; UID 10130; state: DISABLED
01-09 16:27:39.707  1380  1601 D CompatibilityChangeReporter: Compat change id reported: 135772972; UID 10130; state: DISABLED
01-09 16:27:39.707  1380  1601 D CompatibilityChangeReporter: Compat change id reported: 135754954; UID 10130; state: ENABLED
01-09 16:27:39.708  1380  1532 D CompatibilityChangeReporter: Compat change id reported: 143937733; UID 10130; state: ENABLED
01-09 16:27:39.713  1380  3486 V ActivityManager: New death recipient com.android.server.am.ActivityManagerService$AppDeathRecipient@2cfb57 for thread android.os.BinderProxy@405b644
01-09 16:27:39.715  1380  1380 W Looper  : Slow dispatch took 247ms main h=android.app.ActivityThread$H c=android.app.LoadedApk$ServiceDispatcher$RunConnection@8e0c062 m=0
01-09 16:27:39.716  1380  3486 D CompatibilityChangeReporter: Compat change id reported: 168419799; UID 10196; state: DISABLED
01-09 16:27:39.716  1380  3486 D CompatibilityChangeReporter: Compat change id reported: 273564678; UID 10196; state: DISABLED
01-09 16:27:39.718  1380  1632 W InputMethodManagerService: Illegal subtype state: old subtype = null, new subtype = android.view.inputmethod.InputMethodSubtype@70bfcd7e
01-09 16:27:39.719  1380  1601 D CompatibilityChangeReporter: Compat change id reported: 265195908; UID 10234; state: ENABLED
01-09 16:27:39.722  1380  1720 E JobScheduler.JobStatus: App com.google.android.inputmethod.latin became active but still in NEVER bucket
01-09 16:27:39.729  1380  1429 E JobScheduler.JobStatus: App com.google.android.inputmethod.latin became active but still in NEVER bucket
01-09 16:27:39.735  1380  1532 I ActivityManager: Start proc 3775:com.aura.oobe.ntt/u0a130 for service {com.aura.oobe.ntt/com.ironsource.appmanager.services.DailyAppTasksJobService}
01-09 16:27:39.736  1380  3293 V ActivityManager: New death recipient com.android.server.am.ActivityManagerService$AppDeathRecipient@e2e41e3 for thread android.os.BinderProxy@a5767e0
01-09 16:27:39.738  1380  3293 D CompatibilityChangeReporter: Compat change id reported: 168419799; UID 10290; state: DISABLED
01-09 16:27:39.739  1380  3293 D CompatibilityChangeReporter: Compat change id reported: 273564678; UID 10290; state: DISABLED
01-09 16:27:39.741  1380  1601 D CompatibilityChangeReporter: Compat change id reported: 265195908; UID 10220; state: ENABLED
01-09 16:27:39.745  1380  1601 D CompatibilityChangeReporter: Compat change id reported: 265195908; UID 10218; state: ENABLED
01-09 16:27:39.747  1380  3486 D CompatibilityChangeReporter: Compat change id reported: 170503758; UID 10196; state: ENABLED
01-09 16:27:39.774  1380  3486 V ActivityManager: New death recipient com.android.server.am.ActivityManagerService$AppDeathRecipient@e91263c for thread android.os.BinderProxy@bdbbfc5
01-09 16:27:39.776  1380  1588 D CompatibilityChangeReporter: Compat change id reported: 271850009; UID 10242; state: DISABLED
01-09 16:27:39.776  1380  1588 D CompatibilityChangeReporter: Compat change id reported: 253665015; UID 10242; state: DISABLED
01-09 16:27:39.777  1380  1588 D CompatibilityChangeReporter: Compat change id reported: 194532703; UID 10242; state: ENABLED
01-09 16:27:39.779  1380  3486 D CompatibilityChangeReporter: Compat change id reported: 168419799; UID 10130; state: DISABLED
01-09 16:27:39.780  1380  3486 D CompatibilityChangeReporter: Compat change id reported: 273564678; UID 10130; state: DISABLED
01-09 16:27:39.784  1380  3293 D CompatibilityChangeReporter: Compat change id reported: 170503758; UID 10290; state: ENABLED
01-09 16:27:39.798  1380  3341 D CompatibilityChangeReporter: Compat change id reported: 161145287; UID 10218; state: ENABLED
01-09 16:27:39.799  1380  3531 W StorageManagerService: Reporting emulated;0 unmounted due to system locked
01-09 16:27:39.800  1380  1720 D CompatibilityChangeReporter: Compat change id reported: 170503758; UID 10130; state: ENABLED
01-09 16:27:39.801  1380  3345 W StorageManagerService: Reporting emulated;0 unmounted due to system locked
01-09 16:27:39.804  1380  1380 V NotificationAssistants: 0 notification assistant service connected: ComponentInfo{com.google.android.ext.services/android.ext.services.notification.Assistant}
01-09 16:27:39.804  1380  1380 V NotificationListeners: 0 notification listener service connected: ComponentInfo{jp.co.sharp.android.launcher3/jp.co.sharp.android.launcher3.notification.NotificationListener}
01-09 16:27:39.805  1380  1601 D CompatibilityChangeReporter: Compat change id reported: 265195908; UID 10105; state: ENABLED
01-09 16:27:39.811  1380  1720 I ActivityManager: Flag disabled. Ignoring finishAttachApplication from uid: 10105. pid: 3702
01-09 16:27:39.818  3702  3702 E MTK_LOG : onCreate
01-09 16:27:39.820  1380  1380 D CompatibilityChangeReporter: Compat change id reported: 135634846; UID 10194; state: DISABLED
01-09 16:27:39.820  1380  1380 D CompatibilityChangeReporter: Compat change id reported: 177438394; UID 10194; state: DISABLED
01-09 16:27:39.820  1380  1380 D CompatibilityChangeReporter: Compat change id reported: 135772972; UID 10194; state: DISABLED
01-09 16:27:39.820  1380  1380 D CompatibilityChangeReporter: Compat change id reported: 135754954; UID 10194; state: ENABLED
01-09 16:27:39.821  1380  1532 D CompatibilityChangeReporter: Compat change id reported: 143937733; UID 10194; state: ENABLED
01-09 16:27:39.826  1380  1519 W Looper  : Slow dispatch took 142ms android.ui h=com.android.server.am.ActivityManagerService$UiHandler c=com.android.server.am.UidObserverController$$ExternalSyntheticLambda0@5b2790c m=0
01-09 16:27:39.828  3702  3702 E MTK_LOG : onBind:Intent { cmp=com.android.printspooler/.model.PrintSpoolerService }
01-09 16:27:39.828  3702  3702 E MTK_LOG : onBind mPrintSpooler:com.android.printspooler.model.PrintSpoolerService$PrintSpooler@8ac7d77
01-09 16:27:39.836  1380  1380 E MTK_LOG : bindServiceAsUser onServiceConnected mRemoteInstance is null?android.print.IPrintSpooler$Stub$Proxy@2948df5
01-09 16:27:39.837  1380  1380 W Looper  : Drained
01-09 16:27:39.838  1380  3348 I HealthConnectMigrationBroadcast: Calling sendInvocationBroadcast()
01-09 16:27:39.857  1380  1532 I ActivityManager: Start proc 3835:com.google.android.tts/u0a194 for service {com.google.android.tts/com.google.android.apps.speech.tts.googletts.service.GoogleTtsService}
01-09 16:27:39.865  1380  1429 D CompatibilityChangeReporter: Compat change id reported: 271850009; UID 10161; state: ENABLED
01-09 16:27:39.867  1380  3512 I ActivityManager: Flag disabled. Ignoring finishAttachApplication from uid: 10220. pid: 3595
01-09 16:27:39.871  1380  3340 I ActivityManager: Flag disabled. Ignoring finishAttachApplication from uid: 10234. pid: 3608
01-09 16:27:39.909  1380  1587 V ActivityManager: New death recipient com.android.server.am.ActivityManagerService$AppDeathRecipient@fb138c for thread android.os.BinderProxy@5242ad5
01-09 16:27:39.909  1380  1530 W GameServiceProviderSelector: No available game service found for user id: 0
01-09 16:27:39.910  1380  3465 W StorageManagerService: Reporting emulated;0 unmounted due to system locked
01-09 16:27:39.915  1380  1587 D CompatibilityChangeReporter: Compat change id reported: 168419799; UID 10194; state: DISABLED
01-09 16:27:39.915  1380  1587 D CompatibilityChangeReporter: Compat change id reported: 273564678; UID 10194; state: DISABLED
01-09 16:27:39.918  1380  3465 W StorageManagerService: Reporting emulated;0 unmounted due to system locked
01-09 16:27:39.919  1380  3486 I ActivityManager: Flag disabled. Ignoring finishAttachApplication from uid: 10161. pid: 3418
01-09 16:27:39.938  1380  3295 D CompatibilityChangeReporter: Compat change id reported: 170503758; UID 10194; state: ENABLED
01-09 16:27:39.972  1380  3515 D CompatibilityChangeReporter: Compat change id reported: 161145287; UID 1027; state: ENABLED
01-09 16:27:39.981  1380  1380 W Looper  : Slow dispatch took 144ms main h=android.app.job.JobServiceEngine$JobHandler c=null m=0
01-09 16:27:39.981  1380  1380 V NotificationListeners: 0 notification listener service connected: ComponentInfo{jp.co.sharp.android.launcher3.simple/jp.co.sharp.android.launcher3.notification.NotificationListener}
01-09 16:27:39.983  1380  1380 V NotificationListeners: 0 notification listener service connected: ComponentInfo{jp.co.sharp.android.launcher3.junior/jp.co.sharp.android.launcher3.notification.NotificationListener}
01-09 16:27:39.994  1380  1601 D CompatibilityChangeReporter: Compat change id reported: 265195908; UID 10196; state: ENABLED
01-09 16:27:39.995  1380  1601 D CompatibilityChangeReporter: Compat change id reported: 265195908; UID 10290; state: ENABLED
01-09 16:27:39.995  1380  1601 D CompatibilityChangeReporter: Compat change id reported: 265195908; UID 10130; state: ENABLED
01-09 16:27:39.999  1380  1531 D CompatibilityChangeReporter: Compat change id reported: 135634846; UID 10146; state: DISABLED
01-09 16:27:39.999  1380  1531 D CompatibilityChangeReporter: Compat change id reported: 177438394; UID 10146; state: DISABLED
01-09 16:27:40.000  1380  1601 D CompatibilityChangeReporter: Compat change id reported: 265195908; UID 10194; state: ENABLED
