01-09 16:26:11.434  1380  1531 D CompatibilityChangeReporter: Compat change id reported: 135754954; UID 1000; state: ENABLED
01-09 16:26:11.439  1380  2021 D CompatibilityChangeReporter: Compat change id reported: 170503758; UID 10266; state: ENABLED
01-09 16:26:11.443  1380  1429 D CompatibilityChangeReporter: Compat change id reported: 161145287; UID 10228; state: ENABLED
01-09 16:26:11.449  1380  1789 I ActivityManager: Flag disabled. Ignoring finishAttachApplication from uid: 10228. pid: 2763
01-09 16:26:11.450  1380  1532 I ActivityManager: Start proc 2839:jp.co.sharp.android.usbchargingalart/1000 for broadcast {jp.co.sharp.android.usbchargingalart/jp.co.sharp.android.usbchargingalart.MonitorServiceReceiver}
01-09 16:26:11.470  1380  1589 D WallpaperManagerService: WPMS.saveSettingsLocked-0
01-09 16:26:11.472  1380  1589 V WallpaperManagerService: WPMS.saveSettingsLocked-0 took to complete: 2ms
01-09 16:26:11.478  1380  2021 V ActivityManager: New death recipient com.android.server.am.ActivityManagerService$AppDeathRecipient@32d2230 for thread android.os.BinderProxy@bc25ea9
01-09 16:26:11.481  1380  2021 D CompatibilityChangeReporter: Compat change id reported: 168419799; UID 1000; state: DISABLED
01-09 16:26:11.481  1380  2021 D CompatibilityChangeReporter: Compat change id reported: 273564678; UID 1000; state: DISABLED
01-09 16:26:11.501  1380  1789 I ActivityManager: Flag disabled. Ignoring finishAttachApplication from uid: 10266. pid: 2811
01-09 16:26:11.559  1380  1430 I ActivityManager: Flag disabled. Ignoring finishAttachApplication from uid: 1000. pid: 2839
01-09 16:26:11.560  2839  2839 W ContextImpl: Calling a method in the system process without a qualified user: android.app.ContextImpl.startService:1899 android.content.ContextWrapper.startService:825 android.content.ContextWrapper.startService:825 jp.co.sharp.android.usbchargingalart.MonitorServiceReceiver.onReceive:28 android.app.ActivityThread.handleReceiver:4530 
01-09 16:26:11.571  1380  1519 W ActivityThread: Failed to find provider info for jp.co.sharp.android.gaming2.provider (user not unlocked)
01-09 16:26:11.571  1380  1430 I BroadcastQueue: BOOT_COMPLETED_BROADCAST_COMPLETION_LATENCY_REPORTED action:android.intent.action.LOCKED_BOOT_COMPLETED dispatchLatency:5 completeLatency:800 dispatchRealLatency:5 completeRealLatency:800 receiversSize:14 userId:0 userType:android.os.usertype.full.SYSTEM
01-09 16:26:11.575  1380  1430 D CompatibilityChangeReporter: Compat change id reported: 157233955; UID 1000; state: ENABLED
01-09 16:26:11.578  1380  1430 D CompatibilityChangeReporter: Compat change id reported: 161145287; UID 1000; state: ENABLED
01-09 16:26:11.579  1380  1430 D CompatibilityChangeReporter: Compat change id reported: 161145287; UID 1000; state: DISABLED
01-09 16:26:11.617  2623  2809 W PackageParser: Unknown element under <manifest>: queries at /data/user_de/0/com.google.android.gms/app_chimera/m/0000001f/AdsDynamite.apk Binary XML file line #15
01-09 16:26:11.642  2623  2809 W PackageParser: Unknown element under <manifest>: queries at /data/user_de/0/com.google.android.gms/app_chimera/m/0000001a/dl-AdsFdrDynamite.integ_234310602100000.apk Binary XML file line #15
01-09 16:26:11.686  1380  1589 D WallpaperManagerService: WPMS.saveSettingsLocked-0
01-09 16:26:11.687  1380  1589 V WallpaperManagerService: WPMS.saveSettingsLocked-0 took to complete: 1ms
01-09 16:26:11.688  1380  1589 D WallpaperManagerService: WPMS.saveSettingsLocked-0
01-09 16:26:11.689  1380  1589 V WallpaperManagerService: WPMS.saveSettingsLocked-0 took to complete: 1ms
01-09 16:26:11.734  1380  1589 W ActivityManager: Unable to start service Intent { flg=0x89000010 pkg=com.google.android.gms cmp=com.google.android.gms/.gcm.nts.SchedulerService (has extras) } U=0: not found
01-09 16:26:11.751  1380  2246 W ActivityManager: Unable to start service Intent { act=com.google.android.chimera.BoundService.START dat=chimera-action: cmp=com.google.android.gms/.chimera.PersistentApiService } U=0: not found
01-09 16:26:11.755  1380  1589 W ActivityManager: Unbind failed: could not find connection for android.os.BinderProxy@42c769d
01-09 16:26:11.766  1380  1589 D CompatibilityChangeReporter: Compat change id reported: 266524688; UID 10160; state: ENABLED
01-09 16:26:11.772  1380  1519 W ActivityThread: Failed to find provider info for jp.co.sharp.android.gaming2.provider (user not unlocked)
01-09 16:26:11.807  2211  2211 W ActivityThread: Failed to find provider info for com.google.android.gsf.gservices (user not unlocked)
01-09 16:26:11.808  2211  2211 W ActivityThread: Failed to find provider info for com.google.android.gsf.gservices (user not unlocked)
01-09 16:26:11.814  2211  2211 W ActivityThread: Failed to find provider info for com.google.android.gsf.gservices (user not unlocked)
01-09 16:26:11.814  2211  2211 W ActivityThread: Failed to find provider info for com.google.android.gsf.gservices (user not unlocked)
01-09 16:26:11.816  2211  2211 W ActivityThread: Failed to find provider info for com.google.android.gsf.gservices (user not unlocked)
01-09 16:26:11.819  1380  1589 D CompatibilityChangeReporter: Compat change id reported: 171306433; UID 10160; state: ENABLED
01-09 16:26:11.822  2211  2808 W ActivityThread: Failed to find provider info for com.google.android.gsf.gservices (user not unlocked)
01-09 16:26:11.973  1380  1519 W ActivityThread: Failed to find provider info for jp.co.sharp.android.gaming2.provider (user not unlocked)
01-09 16:26:12.174  1380  1519 W ActivityThread: Failed to find provider info for jp.co.sharp.android.gaming2.provider (user not unlocked)
01-09 16:26:12.264  2623  2867 W PackageParser: Unknown element under <manifest>: queries at /data/user_de/0/com.google.android.gms/app_chimera/m/00000036/DynamiteModulesC.apk Binary XML file line #15
01-09 16:26:12.322  2623  2867 W PackageParser: Unknown element under <manifest>: queries at /data/user_de/0/com.google.android.gms/app_chimera/m/0000001a/dl-AdsFdrDynamite.integ_234310602100000.apk Binary XML file line #15
01-09 16:26:12.353  2623  2867 W PackageParser: Unknown element under <manifest>: queries at /data/user_de/0/com.google.android.gms/app_chimera/m/0000001f/AdsDynamite.apk Binary XML file line #15
01-09 16:26:12.376  1380  1519 W ActivityThread: Failed to find provider info for jp.co.sharp.android.gaming2.provider (user not unlocked)
01-09 16:26:12.422  1711  1711 D android.hardware.wifi@1.0-service-lazy: SetMacAddress succeeded on wlan0
01-09 16:26:12.425  1068  1068 W wificond: Scan is not started. Ignore abort request
01-09 16:26:12.447  1380  1649 W ContextImpl: Calling a method in the system process without a qualified user: android.app.ContextImpl.sendStickyBroadcast:1626 com.android.server.wifi.ClientModeImpl.sendNetworkChangeBroadcast:3008 com.android.server.wifi.ClientModeImpl.lambda$sendNetworkChangeBroadcastWithCurrentState$14:2985 com.android.server.wifi.ClientModeImpl.$r8$lambda$q-j88Pjw4gROgoJFr8wBlBVbuJI:0 com.android.server.wifi.ClientModeImpl$$ExternalSyntheticLambda4.send:0 
01-09 16:26:12.577  1380  1519 W ActivityThread: Failed to find provider info for jp.co.sharp.android.gaming2.provider (user not unlocked)
01-09 16:26:12.621  1380  1649 W ContextImpl: Calling a method in the system process without a qualified user: android.app.ContextImpl.sendStickyBroadcast:1626 com.android.server.wifi.ClientModeImpl.sendNetworkChangeBroadcast:3008 com.android.server.wifi.ClientModeImpl.lambda$sendNetworkChangeBroadcastWithCurrentState$14:2985 com.android.server.wifi.ClientModeImpl.$r8$lambda$q-j88Pjw4gROgoJFr8wBlBVbuJI:0 com.android.server.wifi.ClientModeImpl$$ExternalSyntheticLambda4.send:0 
01-09 16:26:12.633  1380  1430 D CompatibilityChangeReporter: Compat change id reported: 171306433; UID 1073; state: ENABLED
01-09 16:26:12.698  2623  2867 W PackageParser: Unknown element under <manifest>: queries at /data/user_de/0/com.google.android.gms/app_chimera/m/0000001f/AdsDynamite.apk Binary XML file line #15
01-09 16:26:12.723  2623  2867 W PackageParser: Unknown element under <manifest>: queries at /data/user_de/0/com.google.android.gms/app_chimera/m/0000001a/dl-AdsFdrDynamite.integ_234310602100000.apk Binary XML file line #15
01-09 16:26:12.778  1380  1519 W ActivityThread: Failed to find provider info for jp.co.sharp.android.gaming2.provider (user not unlocked)
01-09 16:26:12.979  1380  1519 W ActivityThread: Failed to find provider info for jp.co.sharp.android.gaming2.provider (user not unlocked)
01-09 16:26:13.181  1380  1519 W ActivityThread: Failed to find provider info for jp.co.sharp.android.gaming2.provider (user not unlocked)
01-09 16:26:13.382  1380  1519 W ActivityThread: Failed to find provider info for jp.co.sharp.android.gaming2.provider (user not unlocked)
01-09 16:26:13.584  1380  1519 W ActivityThread: Failed to find provider info for jp.co.sharp.android.gaming2.provider (user not unlocked)
01-09 16:26:13.775  1380  1649 W ContextImpl: Calling a method in the system process without a qualified user: android.app.ContextImpl.sendStickyBroadcast:1626 com.android.server.wifi.ClientModeImpl.sendNetworkChangeBroadcast:3008 com.android.server.wifi.ClientModeImpl.lambda$sendNetworkChangeBroadcastWithCurrentState$14:2985 com.android.server.wifi.ClientModeImpl.$r8$lambda$q-j88Pjw4gROgoJFr8wBlBVbuJI:0 com.android.server.wifi.ClientModeImpl$$ExternalSyntheticLambda4.send:0 
01-09 16:26:13.787  1380  1519 W ActivityThread: Failed to find provider info for jp.co.sharp.android.gaming2.provider (user not unlocked)
01-09 16:26:13.800  1380  1657 W BroadcastLoopers: Found previously unknown looper Thread[ConnectivityServiceThread,5,main]
01-09 16:26:13.801  1380  1649 W ContextImpl: Calling a method in the system process without a qualified user: android.app.ContextImpl.sendStickyBroadcast:1626 com.android.server.wifi.ClientModeImpl.sendNetworkChangeBroadcast:3008 com.android.server.wifi.ClientModeImpl.lambda$sendNetworkChangeBroadcastWithCurrentState$14:2985 com.android.server.wifi.ClientModeImpl.$r8$lambda$q-j88Pjw4gROgoJFr8wBlBVbuJI:0 com.android.server.wifi.ClientModeImpl$$ExternalSyntheticLambda4.send:0 
01-09 16:26:13.811  1380  1521 D ColorDisplayService: NightDisplayTintController Animation cancelled: false to matrix: 
01-09 16:26:13.811  1380  1521 D ColorDisplayService:        1.000000 0.000000 0.000000 0.000000 0.000000 1.000000 0.000000 0.000000 0.000000 0.000000 1.000000 0.000000 0.000000 0.000000 0.000000 1.000000 min matrix coefficients: 
01-09 16:26:13.811  1380  1521 D ColorDisplayService:        1.000000 0.000000 0.000000 0.000000 0.000000 1.000000 0.000000 0.000000 0.000000 0.000000 1.000000 0.000000 0.000000 0.000000 0.000000 1.000000 max matrix coefficients: 
01-09 16:26:13.811  1380  1521 D ColorDisplayService:        1.000000 0.000000 0.000000 0.000000 0.000000 1.000000 0.000000 0.000000 0.000000 0.000000 1.000000 0.000000 0.000000 0.000000 0.000000 1.000000
01-09 16:26:13.912  1380  1657 W ContextImpl: Calling a method in the system process without a qualified user: android.app.ContextImpl.sendStickyBroadcast:1626 android.net.connectivity.com.android.server.ConnectivityService.sendStickyBroadcast:3279 android.net.connectivity.com.android.server.ConnectivityService.sendGeneralBroadcast:3249 android.net.connectivity.com.android.server.ConnectivityService.sendConnectedBroadcast:3222 android.net.connectivity.com.android.server.ConnectivityService.sendLegacyNetworkBroadcast:10128 
01-09 16:26:13.923  1380  1380 I SyncManager: Loaded persisted syncs: 0 periodic syncs, 0 oneshot syncs, 0 total system server jobs, JobStats: FirstLoad: 99/4/0 LastSave: 3/0/0
01-09 16:26:13.965  1380  2246 W ActivityManager: Unable to start service Intent { act=com.google.android.chimera.BoundService.START dat=chimera-action: cmp=com.google.android.gms/.chimera.PersistentApiService } U=0: not found
01-09 16:26:13.966  1380  2246 W ActivityManager: Unbind failed: could not find connection for android.os.BinderProxy@52c3a49
01-09 16:26:13.976  2211  2400 W ActivityThread: Failed to find provider info for com.google.android.gsf.gservices (user not unlocked)
01-09 16:26:13.989  1380  1519 W ActivityThread: Failed to find provider info for jp.co.sharp.android.gaming2.provider (user not unlocked)
01-09 16:26:14.157  2211  2808 W ActivityThread: Failed to find provider info for com.google.android.gsf.gservices (user not unlocked)
01-09 16:26:14.190  1380  1519 W ActivityThread: Failed to find provider info for jp.co.sharp.android.gaming2.provider (user not unlocked)
01-09 16:26:14.392  1380  1519 W ActivityThread: Failed to find provider info for jp.co.sharp.android.gaming2.provider (user not unlocked)
01-09 16:26:14.395  1380  1521 D ColorDisplayService: GlobalSaturationTintController Animation cancelled: false to matrix: 
01-09 16:26:14.395  1380  1521 D ColorDisplayService:        1.000000 0.000000 0.000000 0.000000 0.000000 1.000000 0.000000 0.000000 0.000000 0.000000 1.000000 0.000000 0.000000 0.000000 0.000000 1.000000 min matrix coefficients: 
01-09 16:26:14.395  1380  1521 D ColorDisplayService:        1.000000 0.000000 0.000000 0.000000 0.000000 1.000000 0.000000 0.000000 0.000000 0.000000 1.000000 0.000000 0.000000 0.000000 0.000000 1.000000 max matrix coefficients: 
01-09 16:26:14.395  1380  1521 D ColorDisplayService:        1.000000 0.000000 0.000000 0.000000 0.000000 1.000000 0.000000 0.000000 0.000000 0.000000 1.000000 0.000000 0.000000 0.000000 0.000000 1.000000
01-09 16:26:14.595  1380  1519 W ActivityThread: Failed to find provider info for jp.co.sharp.android.gaming2.provider (user not unlocked)
01-09 16:26:14.799  1380  1519 W ActivityThread: Failed to find provider info for jp.co.sharp.android.gaming2.provider (user not unlocked)
01-09 16:26:14.871  1380  1826 E DiscreteRegistry: Deleting file 1703060831270tl
01-09 16:26:14.872  1380  1826 E DiscreteRegistry: Deleting file 1703061741561tl
01-09 16:26:14.873  1380  1826 E DiscreteRegistry: Deleting file 1703066041430tl
01-09 16:26:14.874  1380  1826 E DiscreteRegistry: Deleting file 1703067165498tl
01-09 16:26:14.876  1380  1826 E DiscreteRegistry: Deleting file 1703068065728tl
01-09 16:26:14.877  1380  1826 E DiscreteRegistry: Deleting file 1703069989846tl
01-09 16:26:14.878  1380  1826 E DiscreteRegistry: Deleting file 1703073506797tl
01-09 16:26:14.879  1380  1826 E DiscreteRegistry: Deleting file 1703074419147tl
01-09 16:26:14.880  1380  1826 E DiscreteRegistry: Deleting file 1703094375474tl
01-09 16:26:14.882  1380  1826 E DiscreteRegistry: Deleting file 1703095304853tl
01-09 16:26:14.883  1380  1826 E DiscreteRegistry: Deleting file 1703096364718tl
01-09 16:26:14.884  1380  1826 E DiscreteRegistry: Deleting file 1703138306155tl
01-09 16:26:14.885  1380  1826 E DiscreteRegistry: Deleting file 1703139408935tl
01-09 16:26:14.886  1380  1826 E DiscreteRegistry: Deleting file 1703140338386tl
01-09 16:26:14.887  1380  1826 E DiscreteRegistry: Deleting file 1703159782192tl
01-09 16:26:14.888  1380  1826 E DiscreteRegistry: Deleting file 1703229340774tl
01-09 16:26:14.889  1380  1826 E DiscreteRegistry: Deleting file 1703230329097tl
01-09 16:26:14.890  1380  1826 E DiscreteRegistry: Deleting file 1703246582681tl
01-09 16:26:14.891  1380  1826 E DiscreteRegistry: Deleting file 1703247546923tl
01-09 16:26:14.892  1380  1826 E DiscreteRegistry: Deleting file 1703280753172tl
01-09 16:26:14.893  1380  1826 E DiscreteRegistry: Deleting file 1703281721819tl
01-09 16:26:14.894  1380  1826 E DiscreteRegistry: Deleting file 1703291012875tl
01-09 16:26:14.896  1380  1826 E DiscreteRegistry: Deleting file 1703292112917tl
01-09 16:26:14.897  1380  1826 E DiscreteRegistry: Deleting file 1703333731667tl
01-09 16:26:14.898  1380  1826 E DiscreteRegistry: Deleting file 1703334672329tl
01-09 16:26:14.899  1380  1826 E DiscreteRegistry: Deleting file 1703398827730tl
01-09 16:26:14.901  1380  1826 E DiscreteRegistry: Deleting file 1703418963427tl
01-09 16:26:14.902  1380  1826 E DiscreteRegistry: Deleting file 1703420107062tl
01-09 16:26:14.904  1380  1826 E DiscreteRegistry: Deleting file 1703481599472tl
01-09 16:26:14.905  1380  1826 E DiscreteRegistry: Deleting file 1703482897225tl
01-09 16:26:14.906  1380  1826 E DiscreteRegistry: Deleting file 1703492844496tl
01-09 16:26:14.908  1380  1826 E DiscreteRegistry: Deleting file 1703493839037tl
01-09 16:26:14.909  1380  1826 E DiscreteRegistry: Deleting file 1703529122408tl
01-09 16:26:14.910  1380  1826 E DiscreteRegistry: Deleting file 1703530215619tl
01-09 16:26:14.912  1380  1826 E DiscreteRegistry: Deleting file 1703537665853tl
01-09 16:26:14.913  1380  1826 E DiscreteRegistry: Deleting file 1703538735411tl
01-09 16:26:14.915  1380  1826 E DiscreteRegistry: Deleting file 1703559543345tl
01-09 16:26:14.916  1380  1826 E DiscreteRegistry: Deleting file 1703560666009tl
01-09 16:26:15.000  1380  1519 W ActivityThread: Failed to find provider info for jp.co.sharp.android.gaming2.provider (user not unlocked)
01-09 16:26:15.203  1380  1519 W ActivityThread: Failed to find provider info for jp.co.sharp.android.gaming2.provider (user not unlocked)
01-09 16:26:15.404  1380  1519 W ActivityThread: Failed to find provider info for jp.co.sharp.android.gaming2.provider (user not unlocked)
01-09 16:26:15.607  1380  1519 W ActivityThread: Failed to find provider info for jp.co.sharp.android.gaming2.provider (user not unlocked)
01-09 16:26:15.808  1380  1519 W ActivityThread: Failed to find provider info for jp.co.sharp.android.gaming2.provider (user not unlocked)
01-09 16:26:16.010  1380  1519 W ActivityThread: Failed to find provider info for jp.co.sharp.android.gaming2.provider (user not unlocked)
01-09 16:26:16.082  1380  2246 W OverlayManager: service 'idmap' died
01-09 16:26:16.212  1380  1519 W ActivityThread: Failed to find provider info for jp.co.sharp.android.gaming2.provider (user not unlocked)
01-09 16:26:16.298  1380  1550 V DisplayPowerController2[0]: Brightness [0.003921569] reason changing to: 'automatic [ dim ]', previous reason: 'automatic'.
01-09 16:26:16.299  1380  1550 I DisplayPowerController2[0]: BrightnessEvent: disp=0, physDisp=local:0, brt=0.003921569, initBrt=0.1764706, rcmdBrt=0.113192074, preBrt=NaN, lux=268.0, preLux=0.0, hbmMax=1.0, hbmMode=off, rbcStrength=50, thrmMax=1.0, powerFactor=1.0, wasShortTermModelActive=false, flags=, reason=automatic [ dim ], autoBrightness=true, strategy=InvalidBrightnessStrategy
01-09 16:26:16.311  1380  1708 I LocalDisplayAdapter: Start Light.setBrightness(), [0.16668701], ActiveModeId: 1, Backlight:com.android.server.lights.LightsService$LightImpl@8f94fe1, State:ON
01-09 16:26:16.327  1380  1708 I LocalDisplayAdapter: Start Light.setBrightness(), [0.1549713], ActiveModeId: 1, Backlight:com.android.server.lights.LightsService$LightImpl@8f94fe1, State:ON
01-09 16:26:16.343  1380  1708 I LocalDisplayAdapter: Start Light.setBrightness(), [0.14325559], ActiveModeId: 1, Backlight:com.android.server.lights.LightsService$LightImpl@8f94fe1, State:ON
01-09 16:26:16.360  1380  1708 I LocalDisplayAdapter: Start Light.setBrightness(), [0.13153988], ActiveModeId: 1, Backlight:com.android.server.lights.LightsService$LightImpl@8f94fe1, State:ON
01-09 16:26:16.364  1380  2246 D OomAdjuster: Not killing cached processes
01-09 16:26:16.376  1380  1708 I LocalDisplayAdapter: Start Light.setBrightness(), [0.11982416], ActiveModeId: 1, Backlight:com.android.server.lights.LightsService$LightImpl@8f94fe1, State:ON
01-09 16:26:16.393  1380  1708 I LocalDisplayAdapter: Start Light.setBrightness(), [0.108108446], ActiveModeId: 1, Backlight:com.android.server.lights.LightsService$LightImpl@8f94fe1, State:ON
01-09 16:26:16.409  1380  1708 I LocalDisplayAdapter: Start Light.setBrightness(), [0.09639273], ActiveModeId: 1, Backlight:com.android.server.lights.LightsService$LightImpl@8f94fe1, State:ON
01-09 16:26:16.414  1380  1519 W ActivityThread: Failed to find provider info for jp.co.sharp.android.gaming2.provider (user not unlocked)
01-09 16:26:16.426  1380  1708 I LocalDisplayAdapter: Start Light.setBrightness(), [0.08467701], ActiveModeId: 1, Backlight:com.android.server.lights.LightsService$LightImpl@8f94fe1, State:ON
01-09 16:26:16.442  1380  1708 I LocalDisplayAdapter: Start Light.setBrightness(), [0.07296129], ActiveModeId: 1, Backlight:com.android.server.lights.LightsService$LightImpl@8f94fe1, State:ON
01-09 16:26:16.459  1380  1708 I LocalDisplayAdapter: Start Light.setBrightness(), [0.061245576], ActiveModeId: 1, Backlight:com.android.server.lights.LightsService$LightImpl@8f94fe1, State:ON
01-09 16:26:16.476  1380  1708 I LocalDisplayAdapter: Start Light.setBrightness(), [0.049529858], ActiveModeId: 1, Backlight:com.android.server.lights.LightsService$LightImpl@8f94fe1, State:ON
01-09 16:26:16.491  1380  1708 I LocalDisplayAdapter: Start Light.setBrightness(), [0.03781414], ActiveModeId: 1, Backlight:com.android.server.lights.LightsService$LightImpl@8f94fe1, State:ON
01-09 16:26:16.508  1380  2021 W ActivityManager: Unable to start service Intent { act=com.google.android.gms.phenotype.service.START pkg=com.google.android.gms } U=0: not found
01-09 16:26:16.508  1380  1708 I LocalDisplayAdapter: Start Light.setBrightness(), [0.026098425], ActiveModeId: 1, Backlight:com.android.server.lights.LightsService$LightImpl@8f94fe1, State:ON
01-09 16:26:16.508  1380  2021 W ActivityManager: Unbind failed: could not find connection for android.os.BinderProxy@a26ce9c
01-09 16:26:16.522  1380  2021 D CompatibilityChangeReporter: Compat change id reported: 261072174; UID 10142; state: DISABLED
01-09 16:26:16.525  1380  1708 I LocalDisplayAdapter: Start Light.setBrightness(), [0.014382709], ActiveModeId: 1, Backlight:com.android.server.lights.LightsService$LightImpl@8f94fe1, State:ON
01-09 16:26:16.542  1380  1708 I LocalDisplayAdapter: Start Light.setBrightness(), [0.003921569], ActiveModeId: 1, Backlight:com.android.server.lights.LightsService$LightImpl@8f94fe1, State:ON
01-09 16:26:16.615  1380  1519 W ActivityThread: Failed to find provider info for jp.co.sharp.android.gaming2.provider (user not unlocked)
01-09 16:26:16.617  1380  1789 W ActivityManager: Unable to start service Intent { act=com.google.android.chimera.BoundService.START dat=chimera-action: cmp=com.google.android.gms/.chimera.PersistentBoundBrokerService } U=0: not found
01-09 16:26:16.619  1380  1789 W ActivityManager: Unbind failed: could not find connection for android.os.BinderProxy@d190d15
01-09 16:26:16.816  1380  1519 W ActivityThread: Failed to find provider info for jp.co.sharp.android.gaming2.provider (user not unlocked)
01-09 16:26:17.019  1380  1519 W ActivityThread: Failed to find provider info for jp.co.sharp.android.gaming2.provider (user not unlocked)
01-09 16:26:17.221  1380  1519 W ActivityThread: Failed to find provider info for jp.co.sharp.android.gaming2.provider (user not unlocked)
01-09 16:26:17.422  1380  1519 W ActivityThread: Failed to find provider info for jp.co.sharp.android.gaming2.provider (user not unlocked)
01-09 16:26:17.624  1380  1519 W ActivityThread: Failed to find provider info for jp.co.sharp.android.gaming2.provider (user not unlocked)
01-09 16:26:17.692  1380  1550 I PowerGroup: Napping power group (groupId=0, uid=1000)...
01-09 16:26:17.693  1380  1550 I PowerManagerService: Nap time (uid 1000)...
01-09 16:26:17.698  1380  1550 I PowerGroup: Powering off display group due to timeout (groupId= 0, uid= 1000, millisSinceLastUserActivity=7007, lastUserActivityEvent=deviceState)...
01-09 16:26:17.702  1380  1550 I PowerManagerService: Going to sleep due to timeout (uid 1000, screenOffTimeout=30000, activityTimeoutWM=7000, maxDimRatio=0.20000005, maxDimDur=7000)...
01-09 16:26:17.825  1380  1519 W ActivityThread: Failed to find provider info for jp.co.sharp.android.gaming2.provider (user not unlocked)
01-09 16:26:17.976  1380  1550 V DisplayPowerController2[0]: Brightness [0.113192074] reason changing to: 'automatic', previous reason: 'automatic [ dim ]'.
01-09 16:26:17.976  1380  1550 I DisplayPowerController2[0]: BrightnessEvent: disp=0, physDisp=local:0, brt=0.113192074, initBrt=0.003921569, rcmdBrt=0.113192074, preBrt=NaN, lux=268.0, preLux=0.0, hbmMax=1.0, hbmMode=off, rbcStrength=50, thrmMax=1.0, powerFactor=1.0, wasShortTermModelActive=false, flags=, reason=automatic, autoBrightness=true, strategy=InvalidBrightnessStrategy
01-09 16:26:18.026  1380  1519 W ActivityThread: Failed to find provider info for jp.co.sharp.android.gaming2.provider (user not unlocked)
01-09 16:26:18.088  1380  1708 I LocalDisplayAdapter: Start Light.setBrightness(), [-1.0], ActiveModeId: 1, Backlight:com.android.server.lights.LightsService$LightImpl@8f94fe1, State:ON
01-09 16:26:18.090  1380  1550 I DisplayPowerController2[0]: Blocking screen off
01-09 16:26:18.094  1380  1550 I DisplayPowerController2[0]: Unblocked screen off after 3 ms
01-09 16:26:18.108  1380  1550 I DisplayBrightnessStrategySelector: Changing the DisplayBrightnessStrategy from InvalidBrightnessStrategy toScreenOffBrightnessStrategy for display 0
01-09 16:26:18.111  1380  1550 V DisplayPowerController2[0]: Brightness [0.0] reason changing to: 'screen_off', previous reason: 'automatic'.
01-09 16:26:18.111  1380  1550 I DisplayPowerController2[0]: BrightnessEvent: disp=0, physDisp=local:0, brt=0.0, initBrt=0.113192074, rcmdBrt=NaN, preBrt=NaN, lux=0.0, preLux=0.0, hbmMax=1.0, hbmMode=off, rbcStrength=50, thrmMax=1.0, powerFactor=1.0, wasShortTermModelActive=false, flags=, reason=screen_off, autoBrightness=true, strategy=ScreenOffBrightnessStrategy
01-09 16:26:18.115  1380  1521 I DisplayDeviceRepository: Display device changed state: "Built-in Screen", OFF
01-09 16:26:18.130  1380  1522 I DisplayDevice: [0] Layerstack set to -1 for local:0
01-09 16:26:18.195  1380  2021 W ActivityManager: Unable to start service Intent { act=com.google.android.gms.phenotype.service.START pkg=com.google.android.gms } U=0: not found
01-09 16:26:18.196  1380  2021 W ActivityManager: Unbind failed: could not find connection for android.os.BinderProxy@cde208
01-09 16:26:18.227  1380  1519 W ActivityThread: Failed to find provider info for jp.co.sharp.android.gaming2.provider (user not unlocked)
01-09 16:26:18.312  1380  1521 I DisplayDeviceRepository: Display device changed state: "Built-in Screen", OFF
01-09 16:26:18.319  1380  1550 I PowerGroup: Sleeping power group (groupId=0, uid=1000, reason=timeout)...
01-09 16:26:18.319  1380  1550 I PowerManagerService: Sleeping (uid 1000)...
01-09 16:26:18.323  1380  1380 I PowerManagerNotifier: power_screen_state : going to sleep offReason = 3
01-09 16:26:18.323  1380  1380 I PowerManagerNotifier: Sending go to sleep broadcast.
01-09 16:26:18.333  1380  1380 I NotificationService: updateLightsLocked() : ledNotification = null ,isInCall() = false ,mScreenOn = false ,FQC = false
01-09 16:26:18.349  1380  2246 W ActivityManager: Unable to start service Intent { act=com.mediatek.voicecommand cat=[com.mediatek.nativeservice] pkg=com.mediatek.voicecommand } U=0: not found
01-09 16:26:18.377  1380  1518 I PowerManagerNotifier: power_screen_broadcast_done : go to sleep broadcast time = 54 ms
01-09 16:26:18.428  1380  1519 W ActivityThread: Failed to find provider info for jp.co.sharp.android.gaming2.provider (user not unlocked)
01-09 16:26:18.629  1380  1519 W ActivityThread: Failed to find provider info for jp.co.sharp.android.gaming2.provider (user not unlocked)
01-09 16:26:18.810  1380  1629 I WatchlistLoggingHandler: Milliseconds spent on tryAggregateRecords(): 15443
01-09 16:26:18.812  1380  1520 I DropBoxManagerService: add tag=system_server_strictmode isTagEnabled=true flags=0x2
01-09 16:26:18.815  1380  1520 I DropBoxManagerService: add tag=system_server_strictmode isTagEnabled=true flags=0x2
01-09 16:26:18.817  1380  1520 I DropBoxManagerService: add tag=system_server_strictmode isTagEnabled=true flags=0x2
01-09 16:26:18.818  1380  1520 I DropBoxManagerService: add tag=system_server_strictmode isTagEnabled=true flags=0x2
01-09 16:26:18.820  1380  1520 I DropBoxManagerService: add tag=system_server_strictmode isTagEnabled=true flags=0x2
01-09 16:26:18.821  1380  1520 I DropBoxManagerService: add tag=system_server_strictmode isTagEnabled=true flags=0x2
01-09 16:26:18.823  1380  1520 I DropBoxManagerService: add tag=system_server_strictmode isTagEnabled=true flags=0x2
01-09 16:26:18.824  1380  1520 I DropBoxManagerService: add tag=system_server_strictmode isTagEnabled=true flags=0x2
01-09 16:26:18.826  1380  1520 I DropBoxManagerService: add tag=system_server_strictmode isTagEnabled=true flags=0x2
01-09 16:26:18.827  1380  1520 I DropBoxManagerService: add tag=system_server_strictmode isTagEnabled=true flags=0x2
01-09 16:26:18.830  1380  1519 W ActivityThread: Failed to find provider info for jp.co.sharp.android.gaming2.provider (user not unlocked)
01-09 16:26:19.032  1380  1519 W ActivityThread: Failed to find provider info for jp.co.sharp.android.gaming2.provider (user not unlocked)
01-09 16:26:23.937  1380  1616 E LazyAlarmStore: Removed TIME_TICK alarm
01-09 16:26:23.944  1380  1519 W ActivityThread: Failed to find provider info for jp.co.sharp.android.gaming2.provider (user not unlocked)
01-09 16:26:23.965  1380  1380 D DevicePolicyManager: updateSystemUpdateFreezePeriodsRecord
01-09 16:26:23.966  1380  1380 W SyncManager: Clock is valid now.
01-09 16:26:23.967  1380  1380 D ConditionProviders.SCP: onReceive android.intent.action.TIME_SET
01-09 16:26:23.997  1380  1380 D ConditionProviders.SCP: evaluateSubscriptionLocked cal=ScheduleCalendar[mDays={1, 2, 3, 4, 5, 6, 7}, mSchedule=ScheduleInfo{days=[1, 2, 3, 4, 5, 6, 7], startHour=22, startMinute=0, endHour=7, endMinute=0, exitAtAlarm=true, nextAlarm=Thu Jan 01 08:00:00 GMT+08:00 1970 (0)}], now=Tue Jan 09 16:26:23 GMT+08:00 2024 (1704788783967), nextUserAlarmTime=Thu Jan 01 08:00:00 GMT+08:00 1970 (0)
01-09 16:26:23.998  1380  1380 D ConditionProviders.SCP: notifyCondition condition://android/schedule?days=1.2.3.4.5.6.7&start=22.0&end=7.0&exitAtAlarm=true STATE_FALSE reason=!meetsSchedule
01-09 16:26:24.001  1380  1380 D ConditionProviders.SCP: Scheduling evaluate for Tue Jan 09 22:00:00 GMT+08:00 2024 (1704808800000), in +5h33m36s33ms, now=Tue Jan 09 16:26:23 GMT+08:00 2024 (1704788783967)
01-09 16:26:24.002  1380  1380 D CompatibilityChangeReporter: Compat change id reported: 171306433; UID 1000; state: ENABLED
01-09 16:26:24.003  1380  1380 D CompatibilityChangeReporter: Compat change id reported: 218533173; UID 1000; state: ENABLED
01-09 16:26:24.005  1380  1601 D CompatibilityChangeReporter: Compat change id reported: 265195908; UID 10288; state: ENABLED
01-09 16:26:24.015  1380  1531 D CompatibilityChangeReporter: Compat change id reported: 135634846; UID 10224; state: DISABLED
01-09 16:26:24.015  1380  1531 D CompatibilityChangeReporter: Compat change id reported: 177438394; UID 10224; state: DISABLED
01-09 16:26:24.016  1380  1531 D CompatibilityChangeReporter: Compat change id reported: 135772972; UID 10224; state: DISABLED
01-09 16:26:24.018  1380  1531 D CompatibilityChangeReporter: Compat change id reported: 135754954; UID 10224; state: ENABLED
01-09 16:26:24.020  1380  1532 D CompatibilityChangeReporter: Compat change id reported: 143937733; UID 10224; state: ENABLED
01-09 16:26:24.028  1380  1665 W ActivityThread: Failed to find provider info for com.android.calendar (user not unlocked)
01-09 16:26:24.032  1380  1665 W ActivityThread: Failed to find provider info for com.android.calendar (user not unlocked)
01-09 16:26:24.041  1380  1532 I ActivityManager: Start proc 2939:jp.co.sharp.android.pedometersettingapp/u0a224 for broadcast {jp.co.sharp.android.pedometersettingapp/jp.co.sharp.android.pedometersettingapp.PedometerSettingReceiver}
01-09 16:26:24.099  1380  2246 V ActivityManager: New death recipient com.android.server.am.ActivityManagerService$AppDeathRecipient@941e0f5 for thread android.os.BinderProxy@6159e8a
01-09 16:26:24.101  1380  2246 D CompatibilityChangeReporter: Compat change id reported: 168419799; UID 10224; state: DISABLED
01-09 16:26:24.101  1380  2246 D CompatibilityChangeReporter: Compat change id reported: 273564678; UID 10224; state: DISABLED
01-09 16:26:24.105  1380  1601 D CompatibilityChangeReporter: Compat change id reported: 265195908; UID 10224; state: ENABLED
01-09 16:26:24.113  1380  1430 D CompatibilityChangeReporter: Compat change id reported: 170503758; UID 10224; state: ENABLED
01-09 16:26:24.146  1380  1519 W ActivityThread: Failed to find provider info for jp.co.sharp.android.gaming2.provider (user not unlocked)
01-09 16:26:24.197  1380  1657 W ContextImpl: Calling a method in the system process without a qualified user: android.app.ContextImpl.sendStickyBroadcast:1626 android.net.connectivity.com.android.server.ConnectivityService.sendStickyBroadcast:3279 android.net.connectivity.com.android.server.ConnectivityService.sendGeneralBroadcast:3249 android.net.connectivity.com.android.server.ConnectivityService.sendInetConditionBroadcast:3226 android.net.connectivity.com.android.server.ConnectivityService.updateInetCondition:9809 
01-09 16:26:24.214  1380  1430 I ActivityManager: Flag disabled. Ignoring finishAttachApplication from uid: 10224. pid: 2939
01-09 16:26:24.280  1380  1429 I Telecom-Common: isInEmergencyCall: false: TSI.iIEC@ADk
01-09 16:26:24.293  1380  1429 I Telecom-Common: isInEmergencyCall: false: TSI.iIEC@ADo
01-09 16:26:24.330  1380  1589 W ProcessStats: Tracking association SourceState{eb11ed9 com.google.android.euicc/10142 BFgs #320} whose proc state 4 is better than process ProcessState{9764433 com.google.android.gms.persistent/10160 pkg=com.google.android.gms} proc state 8 (94 skipped)
01-09 16:26:24.348  1380  1519 W ActivityThread: Failed to find provider info for jp.co.sharp.android.gaming2.provider (user not unlocked)
01-09 16:26:24.550  1380  1519 W ActivityThread: Failed to find provider info for jp.co.sharp.android.gaming2.provider (user not unlocked)
01-09 16:26:24.752  1380  1519 W ActivityThread: Failed to find provider info for jp.co.sharp.android.gaming2.provider (user not unlocked)
01-09 16:26:24.954  1380  1519 W ActivityThread: Failed to find provider info for jp.co.sharp.android.gaming2.provider (user not unlocked)
01-09 16:26:26.161  1380  1519 W ActivityThread: Failed to find provider info for jp.co.sharp.android.gaming2.provider (user not unlocked)
01-09 16:26:30.398  1380  1519 W ActivityThread: Failed to find provider info for jp.co.sharp.android.gaming2.provider (user not unlocked)
01-09 16:26:30.599  1380  1519 W ActivityThread: Failed to find provider info for jp.co.sharp.android.gaming2.provider (user not unlocked)
01-09 16:26:33.005  1380  1519 W ActivityThread: Failed to find provider info for jp.co.sharp.android.gaming2.provider (user not unlocked)
01-09 16:26:33.078  1380  1429 D ConditionProviders: Disabling component com.google.android.apps.wellbeing/.dnd.impl.DndConditionProviderService
01-09 16:26:33.206  1380  1519 W ActivityThread: Failed to find provider info for jp.co.sharp.android.gaming2.provider (user not unlocked)
01-09 16:26:33.408  1380  1519 W ActivityThread: Failed to find provider info for jp.co.sharp.android.gaming2.provider (user not unlocked)
01-09 16:26:39.452  1380  1519 W ActivityThread: Failed to find provider info for jp.co.sharp.android.gaming2.provider (user not unlocked)
01-09 16:26:45.411  1380  1519 W ActivityThread: Failed to find provider info for jp.co.sharp.android.gaming2.provider (user not unlocked)
01-09 16:26:45.621  1380  1519 W ActivityThread: Failed to find provider info for jp.co.sharp.android.gaming2.provider (user not unlocked)
01-09 16:26:45.823  1380  1519 W ActivityThread: Failed to find provider info for jp.co.sharp.android.gaming2.provider (user not unlocked)
01-09 16:26:45.920  1380  1539 W BatteryExternalStatsWorker: error reading Bluetooth stats: 9
01-09 16:26:45.943  1380  1429 I Telecom-Common: isInEmergencyCall: false: TSI.iIEC@ADs
01-09 16:26:46.025  1380  1519 W ActivityThread: Failed to find provider info for jp.co.sharp.android.gaming2.provider (user not unlocked)
01-09 16:26:46.226  1380  1519 W ActivityThread: Failed to find provider info for jp.co.sharp.android.gaming2.provider (user not unlocked)
01-09 16:26:46.269   637   657 I keystore2: system/security/keystore2/src/watchdog.rs:319 - Watchdog thread idle -> terminating. Have a great day.
01-09 16:26:46.427  1380  1519 W ActivityThread: Failed to find provider info for jp.co.sharp.android.gaming2.provider (user not unlocked)
01-09 16:26:46.628  1380  1519 W ActivityThread: Failed to find provider info for jp.co.sharp.android.gaming2.provider (user not unlocked)
01-09 16:26:46.830  1380  1519 W ActivityThread: Failed to find provider info for jp.co.sharp.android.gaming2.provider (user not unlocked)
01-09 16:26:47.031  1380  1519 W ActivityThread: Failed to find provider info for jp.co.sharp.android.gaming2.provider (user not unlocked)
01-09 16:26:47.233  1380  1519 W ActivityThread: Failed to find provider info for jp.co.sharp.android.gaming2.provider (user not unlocked)
01-09 16:26:47.434  1380  1519 W ActivityThread: Failed to find provider info for jp.co.sharp.android.gaming2.provider (user not unlocked)
01-09 16:26:47.635  1380  1519 W ActivityThread: Failed to find provider info for jp.co.sharp.android.gaming2.provider (user not unlocked)
01-09 16:26:47.837  1380  1519 W ActivityThread: Failed to find provider info for jp.co.sharp.android.gaming2.provider (user not unlocked)
01-09 16:26:48.038  1380  1519 W ActivityThread: Failed to find provider info for jp.co.sharp.android.gaming2.provider (user not unlocked)
01-09 16:26:48.240  1380  1519 W ActivityThread: Failed to find provider info for jp.co.sharp.android.gaming2.provider (user not unlocked)
01-09 16:26:48.441  1380  1519 W ActivityThread: Failed to find provider info for jp.co.sharp.android.gaming2.provider (user not unlocked)
01-09 16:26:48.642  1380  1519 W ActivityThread: Failed to find provider info for jp.co.sharp.android.gaming2.provider (user not unlocked)
01-09 16:26:48.843  1380  1519 W ActivityThread: Failed to find provider info for jp.co.sharp.android.gaming2.provider (user not unlocked)
01-09 16:26:48.946  1380  2246 I Telecom-Common: isInEmergencyCall: false: TSI.iIEC@ADw
01-09 16:26:49.044  1380  1519 W ActivityThread: Failed to find provider info for jp.co.sharp.android.gaming2.provider (user not unlocked)
01-09 16:26:49.247  1380  1519 W ActivityThread: Failed to find provider info for jp.co.sharp.android.gaming2.provider (user not unlocked)
01-09 16:26:49.396  1380  1520 I DropBoxManagerService: add tag=system_server_strictmode isTagEnabled=true flags=0x2
01-09 16:26:49.400  1380  1520 I DropBoxManagerService: add tag=system_server_strictmode isTagEnabled=true flags=0x2
01-09 16:26:49.448  1380  1519 W ActivityThread: Failed to find provider info for jp.co.sharp.android.gaming2.provider (user not unlocked)
01-09 16:26:49.650  1380  1519 W ActivityThread: Failed to find provider info for jp.co.sharp.android.gaming2.provider (user not unlocked)
01-09 16:26:49.760  1380  2246 D OomAdjuster: Not killing cached processes
01-09 16:26:49.851  1380  1519 W ActivityThread: Failed to find provider info for jp.co.sharp.android.gaming2.provider (user not unlocked)
01-09 16:26:49.926  1380  1531 I ActivityManager: Waited long enough for: ServiceRecord{849ccde u0 jp.co.sharp.android.usbchargingalart/.MonitorService}
01-09 16:26:50.052  1380  1519 W ActivityThread: Failed to find provider info for jp.co.sharp.android.gaming2.provider (user not unlocked)
01-09 16:26:50.253  1380  1519 W ActivityThread: Failed to find provider info for jp.co.sharp.android.gaming2.provider (user not unlocked)
01-09 16:26:50.320  1380  1539 W BatteryExternalStatsWorker: error reading Bluetooth stats: 9
01-09 16:26:57.425  1380  1519 W ActivityThread: Failed to find provider info for jp.co.sharp.android.gaming2.provider (user not unlocked)
01-09 16:26:57.446  1380  1601 W BroadcastLoopers: Found previously unknown looper Thread[appscheduling.default,5,main]
01-09 16:26:57.627  1380  1519 W ActivityThread: Failed to find provider info for jp.co.sharp.android.gaming2.provider (user not unlocked)
01-09 16:26:57.831  1380  1519 W ActivityThread: Failed to find provider info for jp.co.sharp.android.gaming2.provider (user not unlocked)
01-09 16:26:58.037  1380  1519 W ActivityThread: Failed to find provider info for jp.co.sharp.android.gaming2.provider (user not unlocked)
01-09 16:26:58.239  1380  1519 W ActivityThread: Failed to find provider info for jp.co.sharp.android.gaming2.provider (user not unlocked)
01-09 16:26:58.442  1380  1519 W ActivityThread: Failed to find provider info for jp.co.sharp.android.gaming2.provider (user not unlocked)
01-09 16:26:58.646  1380  1519 W ActivityThread: Failed to find provider info for jp.co.sharp.android.gaming2.provider (user not unlocked)
01-09 16:26:58.816  1380  1430 I Telecom-Common: isInEmergencyCall: false: TSI.iIEC@AD0
01-09 16:26:58.852  1380  1519 W ActivityThread: Failed to find provider info for jp.co.sharp.android.gaming2.provider (user not unlocked)
01-09 16:26:59.057  1380  1519 W ActivityThread: Failed to find provider info for jp.co.sharp.android.gaming2.provider (user not unlocked)
01-09 16:26:59.260  1380  1519 W ActivityThread: Failed to find provider info for jp.co.sharp.android.gaming2.provider (user not unlocked)
01-09 16:26:59.462  1380  1519 W ActivityThread: Failed to find provider info for jp.co.sharp.android.gaming2.provider (user not unlocked)
01-09 16:26:59.666  1380  1519 W ActivityThread: Failed to find provider info for jp.co.sharp.android.gaming2.provider (user not unlocked)
01-09 16:26:59.868  1380  1519 W ActivityThread: Failed to find provider info for jp.co.sharp.android.gaming2.provider (user not unlocked)
01-09 16:27:00.070  1380  1519 W ActivityThread: Failed to find provider info for jp.co.sharp.android.gaming2.provider (user not unlocked)
01-09 16:27:00.275  1380  1519 W ActivityThread: Failed to find provider info for jp.co.sharp.android.gaming2.provider (user not unlocked)
01-09 16:27:00.479  1380  1519 W ActivityThread: Failed to find provider info for jp.co.sharp.android.gaming2.provider (user not unlocked)
01-09 16:27:00.682  1380  1519 W ActivityThread: Failed to find provider info for jp.co.sharp.android.gaming2.provider (user not unlocked)
01-09 16:27:03.432  1380  1519 W ActivityThread: Failed to find provider info for jp.co.sharp.android.gaming2.provider (user not unlocked)
01-09 16:27:03.440  1380  1601 W ProcessStats: Tracking association SourceState{51d7fc4 com.google.android.euicc/10142 BFgs #341} whose proc state 4 is better than process ProcessState{9764433 com.google.android.gms.persistent/10160 pkg=com.google.android.gms} proc state 8 (13 skipped)
01-09 16:27:03.634  1380  1519 W ActivityThread: Failed to find provider info for jp.co.sharp.android.gaming2.provider (user not unlocked)
01-09 16:27:03.838  1380  1519 W ActivityThread: Failed to find provider info for jp.co.sharp.android.gaming2.provider (user not unlocked)
01-09 16:27:24.503  1380  1519 W ActivityThread: Failed to find provider info for jp.co.sharp.android.gaming2.provider (user not unlocked)
01-09 16:27:24.550  1380  1601 D OomAdjuster: Not killing cached processes
01-09 16:27:24.707  1380  1519 W ActivityThread: Failed to find provider info for jp.co.sharp.android.gaming2.provider (user not unlocked)
01-09 16:27:24.720  1380  1589 I Telecom-Common: isInEmergencyCall: false: TSI.iIEC@AD4
01-09 16:27:24.910  1380  1519 W ActivityThread: Failed to find provider info for jp.co.sharp.android.gaming2.provider (user not unlocked)
01-09 16:27:30.185  1380  1519 W ActivityThread: Failed to find provider info for jp.co.sharp.android.gaming2.provider (user not unlocked)
01-09 16:27:30.387  1380  1519 W ActivityThread: Failed to find provider info for jp.co.sharp.android.gaming2.provider (user not unlocked)
01-09 16:27:30.589  1380  1519 W ActivityThread: Failed to find provider info for jp.co.sharp.android.gaming2.provider (user not unlocked)
01-09 16:27:31.317  1380  1519 W ActivityThread: Failed to find provider info for jp.co.sharp.android.gaming2.provider (user not unlocked)
01-09 16:27:31.322  1380  1627 D WindowManager: interceptKeyTq keycode=26 interactive=false keyguardActive=true policyFlags=2000000 down =true canceled = false isWakeKey=false result = 0 useHapticFeedback = false isInjected = false
01-09 16:27:31.336  1380  1627 I PowerGroup: Waking up power group from Asleep (groupId=0, uid=1000, reason=WAKE_REASON_POWER_BUTTON, details=android.policy:POWER)...
01-09 16:27:31.337  1380  1519 D CompatibilityChangeReporter: Compat change id reported: 173031413; UID 1000; state: ENABLED
01-09 16:27:31.337  1380  1627 I PowerManagerService: Waking up from Asleep (uid=1000, reason=WAKE_REASON_POWER_BUTTON, details=android.policy:POWER)...
01-09 16:27:31.339  1380  1380 E ActivityManager: Cancel pending or running compactions as system is awake
01-09 16:27:31.344  1380  1380 I PowerManagerNotifier: power_screen_state : waking up
01-09 16:27:31.345  1380  1380 I PowerManagerNotifier: Sending wake up broadcast.
01-09 16:27:31.346  1380  1550 I DisplayPowerController2[0]: Blocking screen on until initial contents have been drawn.
01-09 16:27:31.347  1380  1550 I DisplayBrightnessStrategySelector: Changing the DisplayBrightnessStrategy from ScreenOffBrightnessStrategy toInvalidBrightnessStrategy for display 0
01-09 16:27:31.355  1380  1550 V DisplayPowerController2[0]: Brightness [0.1764706] reason changing to: 'manual', previous reason: 'screen_off'.
01-09 16:27:31.356  1380  1550 I DisplayPowerController2[0]: BrightnessEvent: disp=0, physDisp=local:0, brt=0.1764706, initBrt=0.0, rcmdBrt=NaN, preBrt=NaN, lux=NaN, preLux=NaN, hbmMax=1.0, hbmMode=off, rbcStrength=50, thrmMax=1.0, powerFactor=1.0, wasShortTermModelActive=false, flags=invalid_lux , reason=manual, autoBrightness=true, strategy=InvalidBrightnessStrategy
01-09 16:27:31.356  1380  1530 D CompatibilityChangeReporter: Compat change id reported: 197654537; UID 1000; state: ENABLED
01-09 16:27:31.362  1380  1521 I DisplayDeviceRepository: Display device changed state: "Built-in Screen", ON
01-09 16:27:31.372  1380  1522 I DisplayDevice: [0] Layerstack set to 0 for local:0
01-09 16:27:31.389  1380  1380 I NotificationService: updateLightsLocked() : ledNotification = null ,isInCall() = false ,mScreenOn = true ,FQC = false
01-09 16:27:31.470  1380  1429 W WindowManager: finishDrawingWindow: Window{74de3ba u0 NotificationShade} mDrawState=DRAW_PENDING
01-09 16:27:31.475  1380  1550 I DisplayPowerController2[0]: Unblocked screen on after 129 ms
01-09 16:27:31.480  1380  1518 I PowerManagerNotifier: power_screen_broadcast_done : wake up broadcast time = 136 ms
01-09 16:27:31.519  1380  1519 W ActivityThread: Failed to find provider info for jp.co.sharp.android.gaming2.provider (user not unlocked)
01-09 16:27:31.522  1380  1627 D WindowManager: interceptKeyTq keycode=26 interactive=true keyguardActive=true policyFlags=22000000 down =false canceled = false isWakeKey=false result = 1 useHapticFeedback = false isInjected = false
01-09 16:27:31.522  1380  1519 I FingerprintManager: onPowerPressed
01-09 16:27:31.522  1380  1519 D WindowManager: powerPress: eventTime=41408 interactive=true count=1 beganFromNonInteractive=true mShortPressOnPowerBehavior=1
01-09 16:27:31.523  1380  1380 E Fingerprint21: onPowerPressed not supported for HIDL clients
01-09 16:27:31.684  1380  1550 V DisplayPowerController2[0]: Brightness [0.18039216] reason changing to: 'automatic', previous reason: 'manual'.
01-09 16:27:31.684  1380  1550 I DisplayPowerController2[0]: BrightnessEvent: disp=0, physDisp=local:0, brt=0.18039216, initBrt=0.1764706, rcmdBrt=0.11725955, preBrt=NaN, lux=287.0, preLux=NaN, hbmMax=1.0, hbmMode=off, rbcStrength=50, thrmMax=1.0, powerFactor=1.0, wasShortTermModelActive=false, flags=, reason=automatic, autoBrightness=true, strategy=InvalidBrightnessStrategy
01-09 16:27:31.687  1380  1380 V SettingsProvider: name : screen_brightness appId : 1000
01-09 16:27:31.687  1380  1380 I BrightnessSynchronizer: [9] New Update 0.11725955(f) set brightness values:  30(i)
01-09 16:27:31.687  1380  1380 I BrightnessSynchronizer: New PendingUpdate: {[10] 0.11725955(f), mUpdatedTypes=0, mConfirmedTypes=0, mTimeUpdated=0}, prev=null
01-09 16:27:31.689  1380  1380 I BrightnessSynchronizer: Swallowing update of 30(i) by update: {[9] 0.11725955(f), mUpdatedTypes=1, mConfirmedTypes=1, mTimeUpdated=41814}
01-09 16:27:31.690  1380  1380 I BrightnessSynchronizer: Completed Update: {[9] 0.11725955(f), mUpdatedTypes=1, mConfirmedTypes=1, mTimeUpdated=41814}
01-09 16:27:31.707  1380  1521 I DisplayDeviceRepository: Display device changed state: "Built-in Screen", ON
01-09 16:27:31.715  1380  1708 I LocalDisplayAdapter: Start Light.setBrightness(), [0.1784682], ActiveModeId: 1, Backlight:com.android.server.lights.LightsService$LightImpl@8f94fe1, State:ON
01-09 16:27:31.717  1380  1550 W PowerManagerService: Screen on took 435 ms
01-09 16:27:31.720  1380  1519 W ActivityThread: Failed to find provider info for jp.co.sharp.android.gaming2.provider (user not unlocked)
01-09 16:27:31.921  1380  1519 W ActivityThread: Failed to find provider info for jp.co.sharp.android.gaming2.provider (user not unlocked)
01-09 16:27:32.124  1380  1519 W ActivityThread: Failed to find provider info for jp.co.sharp.android.gaming2.provider (user not unlocked)
01-09 16:27:32.326  1380  1519 W ActivityThread: Failed to find provider info for jp.co.sharp.android.gaming2.provider (user not unlocked)
01-09 16:27:32.528  1380  1519 W ActivityThread: Failed to find provider info for jp.co.sharp.android.gaming2.provider (user not unlocked)
01-09 16:27:32.725  1744  1744 I EmergencyButton: mLocateAtNonSecureView = false
01-09 16:27:32.725  1744  1744 I EmergencyButton: show = true
