--------- beginning of crash
01-09 16:25:57.300  1070  1070 I emdlogger: mtk-brm-commit-id:b3d8d0037ffa5647ff5e13b2c4f7c28d3a1fcf71
01-09 16:25:57.300  1070  1070 I emdlogger: mtk-brm-change-id:I9f045b708d1992a9eff393d17f4480e88ca2134c
01-09 16:25:57.300  1070  1070 I emdlogger: mtk-brm-merge-id:none
01-09 16:25:57.324  1025  1025 I libimsma_adapt: mtk-brm-commit-id:08c165c9fffde5e436e743d3aa5d9496d79cbc21
01-09 16:25:57.324  1025  1025 I libimsma_adapt: mtk-brm-change-id:I5d32ca5715dae8f0bcd34ce3d65cbe31e750f432
01-09 16:25:57.324  1025  1025 I libimsma_adapt: mtk-brm-merge-id:none
--------- beginning of system
01-09 16:26:10.696  1380  1521 V ActivityManagerTiming: OnBootPhase_1000_com.android.server.security.KeyChainSystemService took to complete: 0ms
01-09 16:26:10.696  1380  1521 D ActivityManagerTiming: OnBootPhase_1000_com.android.server.BinaryTransparencyService
01-09 16:26:10.696  1380  1521 I TransparencyService: Boot completed. Getting VBMeta Digest.
01-09 16:26:10.696  1380  1521 D TransparencyService: VBMeta Digest: 77347e21d0de2b7909db868548269b435be45c2c7125a7a572bba4dcde4af87b
01-09 16:26:10.696  1380  1521 I TransparencyService: Boot completed. Collecting biometric system properties.
01-09 16:26:10.696  1380  1521 I TransparencyService: Scheduling measurements to be taken.
01-09 16:26:10.697  1380  1521 I TransparencyService: Scheduling binary content-digest computation job
01-09 16:26:10.698  1380  1708 I LocalDisplayAdapter: Start Light.setBrightness(), [0.39847478], ActiveModeId: 1, Backlight:com.android.server.lights.LightsService$LightImpl@8f94fe1, State:ON
01-09 16:26:10.703  1380  1521 D TransparencyService: Job 1740526926 to measure binaries was scheduled successfully.
01-09 16:26:10.704  1380  1521 D TransparencyService: Registering APK & Non-Staged APEX updates...
01-09 16:26:10.704  1380  1521 D TransparencyService: Registering APEX updates...
01-09 16:26:10.705  1380  1521 V ActivityManagerTiming: OnBootPhase_1000_com.android.server.BinaryTransparencyService took to complete: 9ms
01-09 16:26:10.705  1380  1521 D ActivityManagerTiming: OnBootPhase_1000_com.android.server.telecom.TelecomLoaderService
01-09 16:26:10.705  1380  1521 V ActivityManagerTiming: OnBootPhase_1000_com.android.server.telecom.TelecomLoaderService took to complete: 0ms
01-09 16:26:10.705  1380  1521 D ActivityManagerTiming: OnBootPhase_1000_com.android.server.accounts.AccountManagerService$Lifecycle
01-09 16:26:10.705  1380  1521 V ActivityManagerTiming: OnBootPhase_1000_com.android.server.accounts.AccountManagerService$Lifecycle took to complete: 0ms
01-09 16:26:10.705  1380  1521 D ActivityManagerTiming: OnBootPhase_1000_com.android.server.content.ContentService$Lifecycle
01-09 16:26:10.705  1380  1521 V ActivityManagerTiming: OnBootPhase_1000_com.android.server.content.ContentService$Lifecycle took to complete: 0ms
01-09 16:26:10.705  1380  1521 D ActivityManagerTiming: OnBootPhase_1000_com.android.server.deviceconfig.DeviceConfigInit$Lifecycle
01-09 16:26:10.705  1380  1521 V ActivityManagerTiming: OnBootPhase_1000_com.android.server.deviceconfig.DeviceConfigInit$Lifecycle took to complete: 0ms
01-09 16:26:10.705  1380  1521 D ActivityManagerTiming: OnBootPhase_1000_com.android.server.DropBoxManagerService
01-09 16:26:10.705  1380  1521 V ActivityManagerTiming: OnBootPhase_1000_com.android.server.DropBoxManagerService took to complete: 0ms
01-09 16:26:10.705  1380  1521 D ActivityManagerTiming: OnBootPhase_1000_com.android.role.RoleService
01-09 16:26:10.705  1380  1521 V ActivityManagerTiming: OnBootPhase_1000_com.android.role.RoleService took to complete: 0ms
01-09 16:26:10.705  1380  1521 D ActivityManagerTiming: OnBootPhase_1000_com.android.server.vibrator.VibratorManagerService$Lifecycle
01-09 16:26:10.705  1380  1521 V ActivityManagerTiming: OnBootPhase_1000_com.android.server.vibrator.VibratorManagerService$Lifecycle took to complete: 0ms
01-09 16:26:10.705  1380  1521 D ActivityManagerTiming: OnBootPhase_1000_com.android.server.tare.InternalResourceService
01-09 16:26:10.706  1380  1521 V ActivityManagerTiming: OnBootPhase_1000_com.android.server.tare.InternalResourceService took to complete: 0ms
01-09 16:26:10.706  1380  1521 D ActivityManagerTiming: OnBootPhase_1000_com.mediatek.server.MtkAlarmManagerService
01-09 16:26:10.706  1380  1521 V ActivityManagerTiming: OnBootPhase_1000_com.mediatek.server.MtkAlarmManagerService took to complete: 0ms
01-09 16:26:10.706  1380  1521 D ActivityManagerTiming: OnBootPhase_1000_com.android.server.devicestate.DeviceStateManagerService
01-09 16:26:10.706  1380  1521 V ActivityManagerTiming: OnBootPhase_1000_com.android.server.devicestate.DeviceStateManagerService took to complete: 0ms
01-09 16:26:10.706  1380  1521 D ActivityManagerTiming: OnBootPhase_1000_com.android.server.camera.CameraServiceProxy
01-09 16:26:10.706  1380  1601 D AppStandbyController: Loaded headless system app cache in 14 ms: appIdleEnabled=true
01-09 16:26:10.708  1380  1521 V ActivityManagerTiming: OnBootPhase_1000_com.android.server.camera.CameraServiceProxy took to complete: 2ms
01-09 16:26:10.708  1380  1521 D ActivityManagerTiming: OnBootPhase_1000_com.android.server.bluetooth.BluetoothService
01-09 16:26:10.708  1380  1521 V ActivityManagerTiming: OnBootPhase_1000_com.android.server.bluetooth.BluetoothService took to complete: 0ms
01-09 16:26:10.708  1380  1521 D ActivityManagerTiming: OnBootPhase_1000_com.android.server.connectivity.IpConnectivityMetrics
01-09 16:26:10.708  1380  1521 V ActivityManagerTiming: OnBootPhase_1000_com.android.server.connectivity.IpConnectivityMetrics took to complete: 0ms
01-09 16:26:10.708  1380  1521 D ActivityManagerTiming: OnBootPhase_1000_com.android.server.net.watchlist.NetworkWatchlistService$Lifecycle
01-09 16:26:10.708  1380  1521 V ActivityManagerTiming: OnBootPhase_1000_com.android.server.net.watchlist.NetworkWatchlistService$Lifecycle took to complete: 0ms
01-09 16:26:10.708  1380  1521 D ActivityManagerTiming: OnBootPhase_1000_com.android.server.PinnerService
01-09 16:26:10.708  1380  1521 V ActivityManagerTiming: OnBootPhase_1000_com.android.server.PinnerService took to complete: 0ms
01-09 16:26:10.708  1380  1521 D ActivityManagerTiming: OnBootPhase_1000_com.android.server.integrity.AppIntegrityManagerService
01-09 16:26:10.708  1380  1521 V ActivityManagerTiming: OnBootPhase_1000_com.android.server.integrity.AppIntegrityManagerService took to complete: 0ms
01-09 16:26:10.708  1380  1521 D ActivityManagerTiming: OnBootPhase_1000_com.android.server.logcat.LogcatManagerService
01-09 16:26:10.708  1380  1521 V ActivityManagerTiming: OnBootPhase_1000_com.android.server.logcat.LogcatManagerService took to complete: 0ms
01-09 16:26:10.708  1380  1521 D ActivityManagerTiming: OnBootPhase_1000_com.android.server.inputmethod.InputMethodManagerService$Lifecycle
01-09 16:26:10.708  1380  1521 V ActivityManagerTiming: OnBootPhase_1000_com.android.server.inputmethod.InputMethodManagerService$Lifecycle took to complete: 0ms
01-09 16:26:10.708  1380  1521 D ActivityManagerTiming: OnBootPhase_1000_com.android.server.accessibility.AccessibilityManagerService$Lifecycle
01-09 16:26:10.708  1380  1521 V ActivityManagerTiming: OnBootPhase_1000_com.android.server.accessibility.AccessibilityManagerService$Lifecycle took to complete: 0ms
01-09 16:26:10.709  1380  1521 D ActivityManagerTiming: OnBootPhase_1000_com.android.server.StorageManagerService$Lifecycle
01-09 16:26:10.709  1380  1521 V ActivityManagerTiming: OnBootPhase_1000_com.android.server.StorageManagerService$Lifecycle took to complete: 0ms
01-09 16:26:10.709  1380  1521 D ActivityManagerTiming: OnBootPhase_1000_com.android.server.usage.StorageStatsService$Lifecycle
01-09 16:26:10.709  1380  1521 V ActivityManagerTiming: OnBootPhase_1000_com.android.server.usage.StorageStatsService$Lifecycle took to complete: 0ms
01-09 16:26:10.709  1380  1521 D ActivityManagerTiming: OnBootPhase_1000_com.android.server.UiModeManagerService
01-09 16:26:10.709  1380  1521 V ActivityManagerTiming: OnBootPhase_1000_com.android.server.UiModeManagerService took to complete: 0ms
01-09 16:26:10.709  1380  1521 D ActivityManagerTiming: OnBootPhase_1000_com.android.server.locales.LocaleManagerService
01-09 16:26:10.709  1380  1636 D StorageManagerService: Thinking about reset, mBootCompleted=true, mDaemonConnected=true
01-09 16:26:10.709  1380  1521 V ActivityManagerTiming: OnBootPhase_1000_com.android.server.locales.LocaleManagerService took to complete: 0ms
01-09 16:26:10.709  1380  1521 D ActivityManagerTiming: OnBootPhase_1000_com.android.server.grammaticalinflection.GrammaticalInflectionService
01-09 16:26:10.709  1380  1521 V ActivityManagerTiming: OnBootPhase_1000_com.android.server.grammaticalinflection.GrammaticalInflectionService took to complete: 0ms
01-09 16:26:10.709  1380  1521 D ActivityManagerTiming: OnBootPhase_1000_com.android.server.apphibernation.AppHibernationService
01-09 16:26:10.709  1380  1636 I StorageSessionController: Started resetting external storage service...
01-09 16:26:10.709  1380  1636 I StorageSessionController: Finished resetting external storage service
01-09 16:26:10.709  1380  1521 V ActivityManagerTiming: OnBootPhase_1000_com.android.server.apphibernation.AppHibernationService took to complete: 0ms
01-09 16:26:10.709  1380  1521 D ActivityManagerTiming: OnBootPhase_1000_com.android.server.locksettings.LockSettingsService$Lifecycle
01-09 16:26:10.709  1380  1521 V ActivityManagerTiming: OnBootPhase_1000_com.android.server.locksettings.LockSettingsService$Lifecycle took to complete: 0ms
01-09 16:26:10.709  1380  1636 I StorageManagerService: Resetting vold...
01-09 16:26:10.709  1380  1521 D ActivityManagerTiming: OnBootPhase_1000_com.android.server.PersistentDataBlockService
01-09 16:26:10.709  1380  1521 V ActivityManagerTiming: OnBootPhase_1000_com.android.server.PersistentDataBlockService took to complete: 0ms
01-09 16:26:10.709  1380  1521 D ActivityManagerTiming: OnBootPhase_1000_com.android.server.testharness.TestHarnessModeService
01-09 16:26:10.709  1380  1521 D TestHarnessModeService: Completing Test Harness Mode setup.
01-09 16:26:10.710   556   556 I vold    : emulated;0 destroy++
01-09 16:26:10.710  1380  2606 I HibernationStateDiskStore: No hibernation file on disk for file /data/system/hibernation/states
01-09 16:26:10.710   556   556 I vold    : emulated;0 destroy--
01-09 16:26:10.713  1380  1636 I StorageManagerService: Reset vold
01-09 16:26:10.713   556   556 I vold    : onUserAdded: 0
01-09 16:26:10.714  1380  1708 I LocalDisplayAdapter: Start Light.setBrightness(), [0.38667935], ActiveModeId: 1, Backlight:com.android.server.lights.LightsService$LightImpl@8f94fe1, State:ON
01-09 16:26:10.716  1380  1601 D CompatibilityChangeReporter: Compat change id reported: 218533173; UID 10274; state: ENABLED
01-09 16:26:10.716  1380  1601 D CompatibilityChangeReporter: Compat change id reported: 262645982; UID 10274; state: ENABLED
01-09 16:26:10.720  1380  1521 V ActivityManagerTiming: OnBootPhase_1000_com.android.server.testharness.TestHarnessModeService took to complete: 10ms
01-09 16:26:10.720  1380  1521 D ActivityManagerTiming: OnBootPhase_1000_com.android.server.oemlock.OemLockService
01-09 16:26:10.720  1380  1521 V ActivityManagerTiming: OnBootPhase_1000_com.android.server.oemlock.OemLockService took to complete: 0ms
01-09 16:26:10.720  1380  1521 D ActivityManagerTiming: OnBootPhase_1000_com.android.server.DeviceIdleController
01-09 16:26:10.720  1380  1521 V ActivityManagerTiming: OnBootPhase_1000_com.android.server.DeviceIdleController took to complete: 0ms
01-09 16:26:10.720  1380  1521 D ActivityManagerTiming: OnBootPhase_1000_com.android.server.devicepolicy.DevicePolicyManagerService$Lifecycle
01-09 16:26:10.720  1380  1521 V ActivityManagerTiming: OnBootPhase_1000_com.android.server.devicepolicy.DevicePolicyManagerService$Lifecycle took to complete: 0ms
01-09 16:26:10.720  1380  1521 D ActivityManagerTiming: OnBootPhase_1000_com.android.server.contentcapture.ContentCaptureManagerService
01-09 16:26:10.720  1380  1521 V ActivityManagerTiming: OnBootPhase_1000_com.android.server.contentcapture.ContentCaptureManagerService took to complete: 0ms
01-09 16:26:10.720  1380  1521 D ActivityManagerTiming: OnBootPhase_1000_com.android.server.attention.AttentionManagerService
01-09 16:26:10.720  1380  1521 V ActivityManagerTiming: OnBootPhase_1000_com.android.server.attention.AttentionManagerService took to complete: 0ms
01-09 16:26:10.720  1380  1521 D ActivityManagerTiming: OnBootPhase_1000_com.android.server.systemcaptions.SystemCaptionsManagerService
01-09 16:26:10.720  1380  1521 V ActivityManagerTiming: OnBootPhase_1000_com.android.server.systemcaptions.SystemCaptionsManagerService took to complete: 0ms
01-09 16:26:10.720  1380  1521 D ActivityManagerTiming: OnBootPhase_1000_com.android.server.texttospeech.TextToSpeechManagerService
01-09 16:26:10.720  1380  1521 V ActivityManagerTiming: OnBootPhase_1000_com.android.server.texttospeech.TextToSpeechManagerService took to complete: 0ms
01-09 16:26:10.720  1380  1521 D ActivityManagerTiming: OnBootPhase_1000_com.android.server.ambientcontext.AmbientContextManagerService
01-09 16:26:10.720  1380  1521 V ActivityManagerTiming: OnBootPhase_1000_com.android.server.ambientcontext.AmbientContextManagerService took to complete: 0ms
01-09 16:26:10.720  1380  1521 D ActivityManagerTiming: OnBootPhase_1000_com.android.server.wearable.WearableSensingManagerService
01-09 16:26:10.720  1380  1521 V ActivityManagerTiming: OnBootPhase_1000_com.android.server.wearable.WearableSensingManagerService took to complete: 0ms
01-09 16:26:10.720  1380  1521 D ActivityManagerTiming: OnBootPhase_1000_com.android.server.speech.SpeechRecognitionManagerService
01-09 16:26:10.720  1380  1521 V ActivityManagerTiming: OnBootPhase_1000_com.android.server.speech.SpeechRecognitionManagerService took to complete: 0ms
01-09 16:26:10.720  1380  1521 D ActivityManagerTiming: OnBootPhase_1000_com.android.server.appprediction.AppPredictionManagerService
01-09 16:26:10.720  1380  1521 V ActivityManagerTiming: OnBootPhase_1000_com.android.server.appprediction.AppPredictionManagerService took to complete: 0ms
01-09 16:26:10.720  1380  1521 D ActivityManagerTiming: OnBootPhase_1000_com.android.server.searchui.SearchUiManagerService
01-09 16:26:10.720  1380  1521 V ActivityManagerTiming: OnBootPhase_1000_com.android.server.searchui.SearchUiManagerService took to complete: 0ms
01-09 16:26:10.720  1380  1521 D ActivityManagerTiming: OnBootPhase_1000_com.android.server.smartspace.SmartspaceManagerService
01-09 16:26:10.720  1380  1521 V ActivityManagerTiming: OnBootPhase_1000_com.android.server.smartspace.SmartspaceManagerService took to complete: 0ms
01-09 16:26:10.720  1380  1521 D ActivityManagerTiming: OnBootPhase_1000_com.android.server.graphics.fonts.FontManagerService$Lifecycle
01-09 16:26:10.720  1380  1521 V ActivityManagerTiming: OnBootPhase_1000_com.android.server.graphics.fonts.FontManagerService$Lifecycle took to complete: 0ms
01-09 16:26:10.720  1380  1521 D ActivityManagerTiming: OnBootPhase_1000_com.android.server.textservices.TextServicesManagerService$Lifecycle
01-09 16:26:10.720  1380  1521 V ActivityManagerTiming: OnBootPhase_1000_com.android.server.textservices.TextServicesManagerService$Lifecycle took to complete: 0ms
01-09 16:26:10.720  1380  1521 D ActivityManagerTiming: OnBootPhase_1000_com.android.server.textclassifier.TextClassificationManagerService$Lifecycle
01-09 16:26:10.720  1380  1521 V ActivityManagerTiming: OnBootPhase_1000_com.android.server.textclassifier.TextClassificationManagerService$Lifecycle took to complete: 0ms
01-09 16:26:10.720  1380  1521 D ActivityManagerTiming: OnBootPhase_1000_com.android.server.NetworkScoreService$Lifecycle
01-09 16:26:10.720  1380  1521 V ActivityManagerTiming: OnBootPhase_1000_com.android.server.NetworkScoreService$Lifecycle took to complete: 0ms
01-09 16:26:10.720  1380  1521 D ActivityManagerTiming: OnBootPhase_1000_com.android.server.NetworkStatsServiceInitializer
01-09 16:26:10.720  1380  1521 V ActivityManagerTiming: OnBootPhase_1000_com.android.server.NetworkStatsServiceInitializer took to complete: 0ms
01-09 16:26:10.720  1380  1521 D ActivityManagerTiming: OnBootPhase_1000_com.android.server.wifi.WifiService
01-09 16:26:10.721  1380  1521 V ActivityManagerTiming: OnBootPhase_1000_com.android.server.wifi.WifiService took to complete: 0ms
01-09 16:26:10.721  1380  1521 D ActivityManagerTiming: OnBootPhase_1000_com.android.server.wifi.scanner.WifiScanningService
01-09 16:26:10.721  1380  1521 V ActivityManagerTiming: OnBootPhase_1000_com.android.server.wifi.scanner.WifiScanningService took to complete: 0ms
01-09 16:26:10.721  1380  1521 D ActivityManagerTiming: OnBootPhase_1000_com.android.server.wifi.p2p.WifiP2pService
01-09 16:26:10.721  1380  1521 V ActivityManagerTiming: OnBootPhase_1000_com.android.server.wifi.p2p.WifiP2pService took to complete: 0ms
01-09 16:26:10.721  1380  1521 D ActivityManagerTiming: OnBootPhase_1000_com.android.server.ConnectivityServiceInitializer
01-09 16:26:10.721  1380  1521 V ActivityManagerTiming: OnBootPhase_1000_com.android.server.ConnectivityServiceInitializer took to complete: 0ms
01-09 16:26:10.721  1380  1521 D ActivityManagerTiming: OnBootPhase_1000_com.android.server.notification.NotificationManagerService
01-09 16:26:10.721  1380  1521 V ActivityManagerTiming: OnBootPhase_1000_com.android.server.notification.NotificationManagerService took to complete: 0ms
01-09 16:26:10.721  1380  1521 D ActivityManagerTiming: OnBootPhase_1000_com.android.server.storage.DeviceStorageMonitorService
01-09 16:26:10.721  1380  1521 V ActivityManagerTiming: OnBootPhase_1000_com.android.server.storage.DeviceStorageMonitorService took to complete: 0ms
01-09 16:26:10.721  1380  1521 D ActivityManagerTiming: OnBootPhase_1000_com.android.server.timedetector.TimeDetectorService$Lifecycle
01-09 16:26:10.721  1380  1521 V ActivityManagerTiming: OnBootPhase_1000_com.android.server.timedetector.TimeDetectorService$Lifecycle took to complete: 0ms
01-09 16:26:10.721  1380  1521 D ActivityManagerTiming: OnBootPhase_1000_com.android.server.location.LocationManagerService$Lifecycle
01-09 16:26:10.721  1380  1521 V ActivityManagerTiming: OnBootPhase_1000_com.android.server.location.LocationManagerService$Lifecycle took to complete: 0ms
01-09 16:26:10.721  1380  1521 D ActivityManagerTiming: OnBootPhase_1000_com.android.server.timezonedetector.TimeZoneDetectorService$Lifecycle
01-09 16:26:10.721  1380  1521 V ActivityManagerTiming: OnBootPhase_1000_com.android.server.timezonedetector.TimeZoneDetectorService$Lifecycle took to complete: 0ms
01-09 16:26:10.721  1380  1521 D ActivityManagerTiming: OnBootPhase_1000_com.android.server.location.altitude.AltitudeService$Lifecycle
01-09 16:26:10.721  1380  1521 V ActivityManagerTiming: OnBootPhase_1000_com.android.server.location.altitude.AltitudeService$Lifecycle took to complete: 0ms
01-09 16:26:10.721  1380  1521 D ActivityManagerTiming: OnBootPhase_1000_com.android.server.timezonedetector.location.LocationTimeZoneManagerService$Lifecycle
01-09 16:26:10.722  1380  1521 V ActivityManagerTiming: OnBootPhase_1000_com.android.server.timezonedetector.location.LocationTimeZoneManagerService$Lifecycle took to complete: 0ms
01-09 16:26:10.722  1380  1521 D ActivityManagerTiming: OnBootPhase_1000_com.android.server.timedetector.GnssTimeUpdateService$Lifecycle
01-09 16:26:10.722  1380  1521 V ActivityManagerTiming: OnBootPhase_1000_com.android.server.timedetector.GnssTimeUpdateService$Lifecycle took to complete: 0ms
01-09 16:26:10.722  1380  1521 D ActivityManagerTiming: OnBootPhase_1000_com.android.server.search.SearchManagerService$Lifecycle
01-09 16:26:10.722  1380  1521 V ActivityManagerTiming: OnBootPhase_1000_com.android.server.search.SearchManagerService$Lifecycle took to complete: 0ms
01-09 16:26:10.722  1380  1521 D ActivityManagerTiming: OnBootPhase_1000_com.android.server.wallpaper.WallpaperManagerService$Lifecycle
01-09 16:26:10.722  1380  1521 V ActivityManagerTiming: OnBootPhase_1000_com.android.server.wallpaper.WallpaperManagerService$Lifecycle took to complete: 0ms
01-09 16:26:10.722  1380  1521 D ActivityManagerTiming: OnBootPhase_1000_com.android.server.wallpapereffectsgeneration.WallpaperEffectsGenerationManagerService
01-09 16:26:10.722  1380  1521 V ActivityManagerTiming: OnBootPhase_1000_com.android.server.wallpapereffectsgeneration.WallpaperEffectsGenerationManagerService took to complete: 0ms
01-09 16:26:10.722  1380  1521 D ActivityManagerTiming: OnBootPhase_1000_com.android.server.audio.AudioService$Lifecycle
01-09 16:26:10.722  1380  1521 V ActivityManagerTiming: OnBootPhase_1000_com.android.server.audio.AudioService$Lifecycle took to complete: 0ms
01-09 16:26:10.722  1380  1521 D ActivityManagerTiming: OnBootPhase_1000_com.android.server.soundtrigger_middleware.SoundTriggerMiddlewareService$Lifecycle
01-09 16:26:10.722  1380  1521 V ActivityManagerTiming: OnBootPhase_1000_com.android.server.soundtrigger_middleware.SoundTriggerMiddlewareService$Lifecycle took to complete: 0ms
01-09 16:26:10.722  1380  1521 D ActivityManagerTiming: OnBootPhase_1000_com.android.server.DockObserver
01-09 16:26:10.722  1380  1521 V ActivityManagerTiming: OnBootPhase_1000_com.android.server.DockObserver took to complete: 0ms
01-09 16:26:10.722  1380  1521 D ActivityManagerTiming: OnBootPhase_1000_com.android.server.midi.MidiService$Lifecycle
01-09 16:26:10.722  1380  1521 V ActivityManagerTiming: OnBootPhase_1000_com.android.server.midi.MidiService$Lifecycle took to complete: 0ms
01-09 16:26:10.722  1380  1521 D ActivityManagerTiming: OnBootPhase_1000_com.android.server.adb.AdbService$Lifecycle
01-09 16:26:10.722  1380  1521 V ActivityManagerTiming: OnBootPhase_1000_com.android.server.adb.AdbService$Lifecycle took to complete: 0ms
01-09 16:26:10.722  1380  1521 D ActivityManagerTiming: OnBootPhase_1000_com.android.server.usb.UsbService$Lifecycle
01-09 16:26:10.722  1380  1521 V ActivityManagerTiming: OnBootPhase_1000_com.android.server.usb.UsbService$Lifecycle took to complete: 0ms
01-09 16:26:10.722  1380  1521 D ActivityManagerTiming: OnBootPhase_1000_com.android.server.twilight.TwilightService
01-09 16:26:10.723  1380  1521 V ActivityManagerTiming: OnBootPhase_1000_com.android.server.twilight.TwilightService took to complete: 1ms
01-09 16:26:10.723  1380  1521 D ActivityManagerTiming: OnBootPhase_1000_com.android.server.display.color.ColorDisplayService
01-09 16:26:10.723  1380  1521 V ActivityManagerTiming: OnBootPhase_1000_com.android.server.display.color.ColorDisplayService took to complete: 0ms
01-09 16:26:10.723  1380  1521 D ActivityManagerTiming: OnBootPhase_1000_com.android.server.job.JobSchedulerService
01-09 16:26:10.723  1380  1521 V ActivityManagerTiming: OnBootPhase_1000_com.android.server.job.JobSchedulerService took to complete: 0ms
01-09 16:26:10.723  1380  1521 D ActivityManagerTiming: OnBootPhase_1000_com.android.server.soundtrigger.SoundTriggerService
01-09 16:26:10.723  1380  1521 D SoundTriggerService: onBootPhase: 1000 : false
01-09 16:26:10.725  1380  1521 V ActivityManagerTiming: OnBootPhase_1000_com.android.server.soundtrigger.SoundTriggerService took to complete: 2ms
01-09 16:26:10.725  1380  1521 D ActivityManagerTiming: OnBootPhase_1000_com.android.server.trust.TrustManagerService
01-09 16:26:10.725  1380  1521 V ActivityManagerTiming: OnBootPhase_1000_com.android.server.trust.TrustManagerService took to complete: 1ms
01-09 16:26:10.725  1380  1521 D ActivityManagerTiming: OnBootPhase_1000_com.android.server.backup.BackupManagerService$Lifecycle
01-09 16:26:10.725  1380  1521 V ActivityManagerTiming: OnBootPhase_1000_com.android.server.backup.BackupManagerService$Lifecycle took to complete: 0ms
01-09 16:26:10.726  1380  1521 D ActivityManagerTiming: OnBootPhase_1000_com.android.server.appwidget.AppWidgetService
01-09 16:26:10.726  1380  1521 V ActivityManagerTiming: OnBootPhase_1000_com.android.server.appwidget.AppWidgetService took to complete: 0ms
01-09 16:26:10.726  1380  1521 D ActivityManagerTiming: OnBootPhase_1000_com.android.server.voiceinteraction.VoiceInteractionManagerService
01-09 16:26:10.726  1380  1521 V ActivityManagerTiming: OnBootPhase_1000_com.android.server.voiceinteraction.VoiceInteractionManagerService took to complete: 0ms
01-09 16:26:10.726  1380  1521 D ActivityManagerTiming: OnBootPhase_1000_com.android.server.GestureLauncherService
01-09 16:26:10.726  1380  1521 V ActivityManagerTiming: OnBootPhase_1000_com.android.server.GestureLauncherService took to complete: 0ms
01-09 16:26:10.726  1380  1521 D ActivityManagerTiming: OnBootPhase_1000_com.android.server.SensorNotificationService
01-09 16:26:10.727  1380  1521 D CompatibilityChangeReporter: Compat change id reported: 168936375; UID 1000; state: ENABLED
01-09 16:26:10.731  1380  1708 I LocalDisplayAdapter: Start Light.setBrightness(), [0.37488392], ActiveModeId: 1, Backlight:com.android.server.lights.LightsService$LightImpl@8f94fe1, State:ON
01-09 16:26:10.732  1380  1521 D CompatibilityChangeReporter: Compat change id reported: 73144566; UID 1000; state: ENABLED
01-09 16:26:10.735  1380  1521 V ActivityManagerTiming: OnBootPhase_1000_com.android.server.SensorNotificationService took to complete: 9ms
01-09 16:26:10.735  1380  1521 D ActivityManagerTiming: OnBootPhase_1000_com.android.server.emergency.EmergencyAffordanceService
01-09 16:26:10.735  1380  1521 V ActivityManagerTiming: OnBootPhase_1000_com.android.server.emergency.EmergencyAffordanceService took to complete: 0ms
01-09 16:26:10.735  1380  1521 D ActivityManagerTiming: OnBootPhase_1000_com.android.server.blob.BlobStoreManagerService
01-09 16:26:10.741  1380  1521 V ActivityManagerTiming: OnBootPhase_1000_com.android.server.blob.BlobStoreManagerService took to complete: 6ms
01-09 16:26:10.741  1380  1521 D ActivityManagerTiming: OnBootPhase_1000_com.android.server.dreams.DreamManagerService
01-09 16:26:10.742  1380  1521 V ActivityManagerTiming: OnBootPhase_1000_com.android.server.dreams.DreamManagerService took to complete: 0ms
01-09 16:26:10.742  1380  1521 D ActivityManagerTiming: OnBootPhase_1000_com.android.server.print.PrintManagerService
01-09 16:26:10.742  1380  1521 V ActivityManagerTiming: OnBootPhase_1000_com.android.server.print.PrintManagerService took to complete: 0ms
01-09 16:26:10.742  1380  1521 D ActivityManagerTiming: OnBootPhase_1000_com.android.server.security.AttestationVerificationManagerService
01-09 16:26:10.742  1380  1521 V ActivityManagerTiming: OnBootPhase_1000_com.android.server.security.AttestationVerificationManagerService took to complete: 0ms
01-09 16:26:10.742  1380  1521 D ActivityManagerTiming: OnBootPhase_1000_com.android.server.companion.CompanionDeviceManagerService
01-09 16:26:10.742  1380  1521 I CDM_CompanionDeviceManagerService: Scheduling the Association Removal job
01-09 16:26:10.744  1380  1521 V ActivityManagerTiming: OnBootPhase_1000_com.android.server.companion.CompanionDeviceManagerService took to complete: 2ms
01-09 16:26:10.744  1380  1521 D ActivityManagerTiming: OnBootPhase_1000_com.android.server.companion.virtual.VirtualDeviceManagerService
01-09 16:26:10.744  1380  1521 V ActivityManagerTiming: OnBootPhase_1000_com.android.server.companion.virtual.VirtualDeviceManagerService took to complete: 0ms
01-09 16:26:10.744  1380  1521 D ActivityManagerTiming: OnBootPhase_1000_com.android.server.restrictions.RestrictionsManagerService
01-09 16:26:10.744  1380  1521 V ActivityManagerTiming: OnBootPhase_1000_com.android.server.restrictions.RestrictionsManagerService took to complete: 0ms
01-09 16:26:10.744  1380  1521 D ActivityManagerTiming: OnBootPhase_1000_com.android.server.media.MediaSessionService
01-09 16:26:10.746  1380  1521 V ActivityManagerTiming: OnBootPhase_1000_com.android.server.media.MediaSessionService took to complete: 2ms
01-09 16:26:10.746  1380  1521 D ActivityManagerTiming: OnBootPhase_1000_com.android.server.media.MediaResourceMonitorService
01-09 16:26:10.746  1380  1521 V ActivityManagerTiming: OnBootPhase_1000_com.android.server.media.MediaResourceMonitorService took to complete: 0ms
01-09 16:26:10.746  1380  1521 D ActivityManagerTiming: OnBootPhase_1000_com.android.server.biometrics.sensors.fingerprint.FingerprintService
01-09 16:26:10.746  1380  1521 V ActivityManagerTiming: OnBootPhase_1000_com.android.server.biometrics.sensors.fingerprint.FingerprintService took to complete: 0ms
01-09 16:26:10.746  1380  1521 D ActivityManagerTiming: OnBootPhase_1000_com.android.server.biometrics.BiometricService
01-09 16:26:10.746  1380  1521 V ActivityManagerTiming: OnBootPhase_1000_com.android.server.biometrics.BiometricService took to complete: 0ms
01-09 16:26:10.746  1380  1521 D ActivityManagerTiming: OnBootPhase_1000_com.android.server.biometrics.AuthService
01-09 16:26:10.746  1380  1521 V ActivityManagerTiming: OnBootPhase_1000_com.android.server.biometrics.AuthService took to complete: 0ms
01-09 16:26:10.746  1380  1521 D ActivityManagerTiming: OnBootPhase_1000_com.android.server.pm.ShortcutService$Lifecycle
01-09 16:26:10.746  1380  1521 V ActivityManagerTiming: OnBootPhase_1000_com.android.server.pm.ShortcutService$Lifecycle took to complete: 0ms
01-09 16:26:10.746  1380  1521 D ActivityManagerTiming: OnBootPhase_1000_com.android.server.pm.LauncherAppsService
01-09 16:26:10.746  1380  1521 V ActivityManagerTiming: OnBootPhase_1000_com.android.server.pm.LauncherAppsService took to complete: 0ms
01-09 16:26:10.746  1380  1521 D ActivityManagerTiming: OnBootPhase_1000_com.android.server.pm.CrossProfileAppsService
01-09 16:26:10.746  1380  1521 V ActivityManagerTiming: OnBootPhase_1000_com.android.server.pm.CrossProfileAppsService took to complete: 0ms
01-09 16:26:10.746  1380  1521 D ActivityManagerTiming: OnBootPhase_1000_com.android.server.people.PeopleService
01-09 16:26:10.747  1380  1521 V ActivityManagerTiming: OnBootPhase_1000_com.android.server.people.PeopleService took to complete: 0ms
01-09 16:26:10.747  1380  1521 D ActivityManagerTiming: OnBootPhase_1000_com.android.server.media.metrics.MediaMetricsManagerService
01-09 16:26:10.747  1380  1521 V ActivityManagerTiming: OnBootPhase_1000_com.android.server.media.metrics.MediaMetricsManagerService took to complete: 0ms
01-09 16:26:10.747  1380  1521 D ActivityManagerTiming: OnBootPhase_1000_com.android.server.pm.BackgroundInstallControlService
01-09 16:26:10.747  1380  1521 V ActivityManagerTiming: OnBootPhase_1000_com.android.server.pm.BackgroundInstallControlService took to complete: 0ms
01-09 16:26:10.747  1380  1521 D ActivityManagerTiming: OnBootPhase_1000_com.android.server.media.projection.MediaProjectionManagerService
01-09 16:26:10.747  1380  1521 V ActivityManagerTiming: OnBootPhase_1000_com.android.server.media.projection.MediaProjectionManagerService took to complete: 0ms
01-09 16:26:10.747  1380  1521 D ActivityManagerTiming: OnBootPhase_1000_com.android.server.slice.SliceManagerService$Lifecycle
01-09 16:26:10.747  1380  1521 V ActivityManagerTiming: OnBootPhase_1000_com.android.server.slice.SliceManagerService$Lifecycle took to complete: 0ms
01-09 16:26:10.747  1380  1521 D ActivityManagerTiming: OnBootPhase_1000_com.android.server.stats.StatsCompanion$Lifecycle
01-09 16:26:10.747  1380  1521 V ActivityManagerTiming: OnBootPhase_1000_com.android.server.stats.StatsCompanion$Lifecycle took to complete: 0ms
01-09 16:26:10.747  1380  1521 D ActivityManagerTiming: OnBootPhase_1000_com.android.server.scheduling.RebootReadinessManagerService$Lifecycle
01-09 16:26:10.747  1380  1521 V ActivityManagerTiming: OnBootPhase_1000_com.android.server.scheduling.RebootReadinessManagerService$Lifecycle took to complete: 0ms
01-09 16:26:10.747  1380  1521 D ActivityManagerTiming: OnBootPhase_1000_com.android.server.stats.pull.StatsPullAtomService
01-09 16:26:10.747  1380  1521 V ActivityManagerTiming: OnBootPhase_1000_com.android.server.stats.pull.StatsPullAtomService took to complete: 0ms
01-09 16:26:10.747  1380  1521 D ActivityManagerTiming: OnBootPhase_1000_com.android.server.stats.bootstrap.StatsBootstrapAtomService$Lifecycle
01-09 16:26:10.747  1380  1521 V ActivityManagerTiming: OnBootPhase_1000_com.android.server.stats.bootstrap.StatsBootstrapAtomService$Lifecycle took to complete: 0ms
01-09 16:26:10.747  1380  1521 D ActivityManagerTiming: OnBootPhase_1000_com.android.server.incident.IncidentCompanionService
01-09 16:26:10.747  1380  1521 V ActivityManagerTiming: OnBootPhase_1000_com.android.server.incident.IncidentCompanionService took to complete: 0ms
01-09 16:26:10.747  1380  1521 D ActivityManagerTiming: OnBootPhase_1000_com.android.server.sdksandbox.SdkSandboxManagerService$Lifecycle
01-09 16:26:10.748  1380  1601 D CompatibilityChangeReporter: Compat change id reported: 218533173; UID 10202; state: ENABLED
01-09 16:26:10.748  1380  1521 V ActivityManagerTiming: OnBootPhase_1000_com.android.server.sdksandbox.SdkSandboxManagerService$Lifecycle took to complete: 0ms
01-09 16:26:10.748  1380  1521 D ActivityManagerTiming: OnBootPhase_1000_com.android.server.adservices.AdServicesManagerService$Lifecycle
01-09 16:26:10.748  1380  1521 V ActivityManagerTiming: OnBootPhase_1000_com.android.server.adservices.AdServicesManagerService$Lifecycle took to complete: 0ms
01-09 16:26:10.748  1380  1521 D ActivityManagerTiming: OnBootPhase_1000_com.android.server.ondevicepersonalization.OnDevicePersonalizationSystemService$Lifecycle
01-09 16:26:10.748  1380  1521 V ActivityManagerTiming: OnBootPhase_1000_com.android.server.ondevicepersonalization.OnDevicePersonalizationSystemService$Lifecycle took to complete: 0ms
01-09 16:26:10.748  1380  1521 D ActivityManagerTiming: OnBootPhase_1000_com.android.server.MmsServiceBroker
01-09 16:26:10.748  1380  1521 V ActivityManagerTiming: OnBootPhase_1000_com.android.server.MmsServiceBroker took to complete: 0ms
01-09 16:26:10.748  1380  1521 D ActivityManagerTiming: OnBootPhase_1000_com.android.server.autofill.AutofillManagerService
01-09 16:26:10.748  1380  1601 D CompatibilityChangeReporter: Compat change id reported: 262645982; UID 10202; state: ENABLED
01-09 16:26:10.748  1380  1521 V ActivityManagerTiming: OnBootPhase_1000_com.android.server.autofill.AutofillManagerService took to complete: 0ms
01-09 16:26:10.748  1380  1521 D ActivityManagerTiming: OnBootPhase_1000_com.android.server.credentials.CredentialManagerService
01-09 16:26:10.748  1380  1521 V ActivityManagerTiming: OnBootPhase_1000_com.android.server.credentials.CredentialManagerService took to complete: 0ms
01-09 16:26:10.748  1380  1521 D ActivityManagerTiming: OnBootPhase_1000_com.android.server.selectiontoolbar.SelectionToolbarManagerService
01-09 16:26:10.748  1380  1521 V ActivityManagerTiming: OnBootPhase_1000_com.android.server.selectiontoolbar.SelectionToolbarManagerService took to complete: 0ms
01-09 16:26:10.748  1380  1521 D ActivityManagerTiming: OnBootPhase_1000_com.android.server.clipboard.ClipboardService
01-09 16:26:10.748  1380  1521 V ActivityManagerTiming: OnBootPhase_1000_com.android.server.clipboard.ClipboardService took to complete: 0ms
01-09 16:26:10.748  1380  1708 I LocalDisplayAdapter: Start Light.setBrightness(), [0.3630885], ActiveModeId: 1, Backlight:com.android.server.lights.LightsService$LightImpl@8f94fe1, State:ON
01-09 16:26:10.748  1380  1521 D ActivityManagerTiming: OnBootPhase_1000_com.android.server.appbinding.AppBindingService$Lifecycle
01-09 16:26:10.748  1380  1521 V ActivityManagerTiming: OnBootPhase_1000_com.android.server.appbinding.AppBindingService$Lifecycle took to complete: 0ms
01-09 16:26:10.748  1380  1521 D ActivityManagerTiming: OnBootPhase_1000_com.mediatek.powerhalservice.PowerHalMgrService
01-09 16:26:10.748  1380  1521 V ActivityManagerTiming: OnBootPhase_1000_com.mediatek.powerhalservice.PowerHalMgrService took to complete: 0ms
01-09 16:26:10.748  1380  1521 D ActivityManagerTiming: OnBootPhase_1000_com.mediatek.server.vow.VoiceWakeupBridgeService
01-09 16:26:10.748  1380  1521 D VoiceWakeupBridgeService: onBootPhase: 1000
01-09 16:26:10.748  1380  1521 V ActivityManagerTiming: OnBootPhase_1000_com.mediatek.server.vow.VoiceWakeupBridgeService took to complete: 0ms
01-09 16:26:10.748  1380  1521 D ActivityManagerTiming: OnBootPhase_1000_com.mediatek.server.MtkConnectivitySupplementalService
01-09 16:26:10.748  1380  1521 D MtkConnectivitySupplementalService: onBootPhase: phase=1000
01-09 16:26:10.748  1380  1521 V ActivityManagerTiming: OnBootPhase_1000_com.mediatek.server.MtkConnectivitySupplementalService took to complete: 0ms
01-09 16:26:10.748  1380  1521 D ActivityManagerTiming: OnBootPhase_1000_com.mediatek.mbrainlocalservice.MBrainLocalService
01-09 16:26:10.749  1380  1521 V ActivityManagerTiming: OnBootPhase_1000_com.mediatek.mbrainlocalservice.MBrainLocalService took to complete: 0ms
01-09 16:26:10.749  1380  1521 D ActivityManagerTiming: OnBootPhase_1000_com.android.server.tracing.TracingServiceProxy
01-09 16:26:10.749  1380  1521 V ActivityManagerTiming: OnBootPhase_1000_com.android.server.tracing.TracingServiceProxy took to complete: 0ms
01-09 16:26:10.749  1380  1521 D ActivityManagerTiming: OnBootPhase_1000_com.android.server.policy.PermissionPolicyService
01-09 16:26:10.749  1380  1521 V ActivityManagerTiming: OnBootPhase_1000_com.android.server.policy.PermissionPolicyService took to complete: 0ms
01-09 16:26:10.749  1380  1521 D ActivityManagerTiming: OnBootPhase_1000_com.android.server.pm.StagingManager$Lifecycle
01-09 16:26:10.750  1380  1521 V ActivityManagerTiming: OnBootPhase_1000_com.android.server.pm.StagingManager$Lifecycle took to complete: 1ms
01-09 16:26:10.750  1380  1521 D ActivityManagerTiming: OnBootPhase_1000_com.android.server.app.GameManagerService$Lifecycle
01-09 16:26:10.750  1380  1521 D GameManagerService: onBootCompleted
01-09 16:26:10.751  1380  1521 V ActivityManagerTiming: OnBootPhase_1000_com.android.server.app.GameManagerService$Lifecycle took to complete: 2ms
01-09 16:26:10.752  1380  1521 D ActivityManagerTiming: OnBootPhase_1000_com.android.safetycenter.SafetyCenterService
01-09 16:26:10.754  1380  1530 W GameServiceProviderSelector: No available game service found for user id: 0
01-09 16:26:10.755  1380  1521 V ActivityManagerTiming: OnBootPhase_1000_com.android.safetycenter.SafetyCenterService took to complete: 3ms
01-09 16:26:10.755  1380  1521 D ActivityManagerTiming: OnBootPhase_1000_com.android.server.appsearch.AppSearchModule$Lifecycle
01-09 16:26:10.758  1380  1521 V ActivityManagerTiming: OnBootPhase_1000_com.android.server.appsearch.AppSearchModule$Lifecycle took to complete: 3ms
01-09 16:26:10.758  1380  1521 D ActivityManagerTiming: OnBootPhase_1000_com.android.server.compos.IsolatedCompilationService
01-09 16:26:10.759  1380  1521 V ActivityManagerTiming: OnBootPhase_1000_com.android.server.compos.IsolatedCompilationService took to complete: 1ms
01-09 16:26:10.759  1380  1521 D ActivityManagerTiming: OnBootPhase_1000_com.android.server.media.MediaCommunicationService
01-09 16:26:10.759  1380  1521 V ActivityManagerTiming: OnBootPhase_1000_com.android.server.media.MediaCommunicationService took to complete: 0ms
01-09 16:26:10.759  1380  1521 D ActivityManagerTiming: OnBootPhase_1000_com.android.server.compat.overrides.AppCompatOverridesService$Lifecycle
01-09 16:26:10.759  1380  1521 V ActivityManagerTiming: OnBootPhase_1000_com.android.server.compat.overrides.AppCompatOverridesService$Lifecycle took to complete: 0ms
01-09 16:26:10.759  1380  1521 D ActivityManagerTiming: OnBootPhase_1000_com.android.server.healthconnect.HealthConnectManagerService
01-09 16:26:10.759  1380  1521 V ActivityManagerTiming: OnBootPhase_1000_com.android.server.healthconnect.HealthConnectManagerService took to complete: 0ms
01-09 16:26:10.759  1380  1521 D ActivityManagerTiming: OnBootPhase_1000_com.android.server.devicelock.DeviceLockService
01-09 16:26:10.759  1380  1521 D DeviceLockService: onBootPhase: 1000
01-09 16:26:10.759  1380  1521 V ActivityManagerTiming: OnBootPhase_1000_com.android.server.devicelock.DeviceLockService took to complete: 0ms
01-09 16:26:10.759  1380  1521 V ActivityManagerTiming: OnBootPhase_1000 took to complete: 72ms
01-09 16:26:10.759  1380  1521 V ActivityManagerTiming: TotalBootTime took to complete: 11388ms
01-09 16:26:10.759  1380  1521 D SystemServerInitThreadPool: Shutdown requested
01-09 16:26:10.759  1380  1521 D SystemServerTiming: WaitInitThreadPoolShutdown
01-09 16:26:10.761  1380  1521 D SystemServerInitThreadPool: Shutdown successful
01-09 16:26:10.761  1380  1521 V SystemServerTiming: WaitInitThreadPoolShutdown took to complete: 1ms
01-09 16:26:10.761  1380  1519 W ActivityThread: Failed to find provider info for jp.co.sharp.android.gaming2.provider (user not unlocked)
01-09 16:26:10.762  1380  1521 D CompatibilityChangeReporter: Compat change id reported: 135634846; UID 10131; state: DISABLED
01-09 16:26:10.762  1380  1521 D CompatibilityChangeReporter: Compat change id reported: 177438394; UID 10131; state: DISABLED
01-09 16:26:10.762  1380  1521 D CompatibilityChangeReporter: Compat change id reported: 135772972; UID 10131; state: DISABLED
01-09 16:26:10.763  1380  1521 D CompatibilityChangeReporter: Compat change id reported: 135754954; UID 10131; state: ENABLED
01-09 16:26:10.763  1380  1532 D CompatibilityChangeReporter: Compat change id reported: 143937733; UID 10131; state: ENABLED
01-09 16:26:10.765  1380  1708 I LocalDisplayAdapter: Start Light.setBrightness(), [0.35129306], ActiveModeId: 1, Backlight:com.android.server.lights.LightsService$LightImpl@8f94fe1, State:ON
01-09 16:26:10.765  1380  1521 I ActivityManager: User 0 state changed from BOOTING to RUNNING_LOCKED
01-09 16:26:10.774  1380  1521 D LockSettingsService: Not unlocking CE storage for user 0 yet because user is secured
01-09 16:26:10.774  1380  1521 D SystemServerTiming: finishUserUnlocking-0
01-09 16:26:10.774  1380  1521 V SystemServerTiming: finishUserUnlocking-0 took to complete: 0ms
01-09 16:26:10.776  1380  1601 D CompatibilityChangeReporter: Compat change id reported: 218533173; UID 10288; state: ENABLED
01-09 16:26:10.776  1380  1521 V ActivityManagerTiming: FinishBooting took to complete: 95ms
01-09 16:26:10.776  1380  1601 D CompatibilityChangeReporter: Compat change id reported: 262645982; UID 10288; state: ENABLED
01-09 16:26:10.780  1380  1601 D CompatibilityChangeReporter: Compat change id reported: 218533173; UID 10142; state: ENABLED
01-09 16:26:10.781  1380  1601 D CompatibilityChangeReporter: Compat change id reported: 262645982; UID 10142; state: DISABLED
01-09 16:26:10.781  1380  1532 I ActivityManager: Start proc 2613:com.google.android.apps.wellbeing/u0a131 for on-hold
01-09 16:26:10.783  1380  1521 D ColorDisplayService: setUp: currentUser=0
01-09 16:26:10.783  1380  1380 V SettingsProvider: name : screen_brightness appId : 1000
01-09 16:26:10.783  1380  1708 I LocalDisplayAdapter: Start Light.setBrightness(), [0.33949763], ActiveModeId: 1, Backlight:com.android.server.lights.LightsService$LightImpl@8f94fe1, State:ON
01-09 16:26:10.783  1380  1380 I BrightnessSynchronizer: [2] New Update 0.113192074(f) set brightness values:  29(i)
01-09 16:26:10.784  1380  1380 I BrightnessSynchronizer: New PendingUpdate: {[3] 0.113192074(f), mUpdatedTypes=0, mConfirmedTypes=0, mTimeUpdated=0}, prev=null
01-09 16:26:10.784  1380  1380 I BrightnessSynchronizer: New PendingUpdate: {[4] 0.113192074(f), mUpdatedTypes=0, mConfirmedTypes=0, mTimeUpdated=0}, prev={[3] 0.113192074(f), mUpdatedTypes=0, mConfirmedTypes=0, mTimeUpdated=0}
01-09 16:26:10.785  1380  1380 I BrightnessSynchronizer: Swallowing update of 29(i) by update: {[2] 0.113192074(f), mUpdatedTypes=1, mConfirmedTypes=1, mTimeUpdated=19523}
01-09 16:26:10.786  1380  1380 I BrightnessSynchronizer: Completed Update: {[2] 0.113192074(f), mUpdatedTypes=1, mConfirmedTypes=1, mTimeUpdated=19523}
01-09 16:26:10.786  1380  1521 D ColorDisplayService: onNightDisplayAutoModeChanged: autoMode=0
01-09 16:26:10.786  1380  1521 I ColorDisplayService: Turning off night display
01-09 16:26:10.787  1380  1521 D ColorDisplayService: Setting bright color reduction level: 50
01-09 16:26:10.787  1380  1521 I ColorDisplayService: Turning off reduce bright colors
01-09 16:26:10.788  1380  1550 I DisplayPowerController2[0]: BrightnessEvent: disp=0, physDisp=local:0, brt=0.1764706, initBrt=0.1764706, rcmdBrt=0.113192074, preBrt=NaN, lux=268.0, preLux=0.0, hbmMax=1.0, hbmMode=off, rbcStrength=50, thrmMax=1.0, powerFactor=1.0, wasShortTermModelActive=false, flags=, reason=automatic, autoBrightness=true, strategy=InvalidBrightnessStrategy
01-09 16:26:10.798  1380  1531 D CompatibilityChangeReporter: Compat change id reported: 135634846; UID 10297; state: DISABLED
01-09 16:26:10.798  1380  1531 D CompatibilityChangeReporter: Compat change id reported: 177438394; UID 10297; state: DISABLED
01-09 16:26:10.798  1380  1531 D CompatibilityChangeReporter: Compat change id reported: 135772972; UID 10297; state: DISABLED
01-09 16:26:10.799  1380  1531 D CompatibilityChangeReporter: Compat change id reported: 135754954; UID 10297; state: ENABLED
01-09 16:26:10.799  1380  1532 D CompatibilityChangeReporter: Compat change id reported: 143937733; UID 10297; state: ENABLED
01-09 16:26:10.803  1380  1708 I LocalDisplayAdapter: Start Light.setBrightness(), [0.3277022], ActiveModeId: 1, Backlight:com.android.server.lights.LightsService$LightImpl@8f94fe1, State:ON
01-09 16:26:10.811  1380  1601 D CompatibilityChangeReporter: Compat change id reported: 218533173; UID 10160; state: ENABLED
01-09 16:26:10.811  1380  1601 D CompatibilityChangeReporter: Compat change id reported: 262645982; UID 10160; state: ENABLED
01-09 16:26:10.815  1380  1708 I LocalDisplayAdapter: Start Light.setBrightness(), [0.31590676], ActiveModeId: 1, Backlight:com.android.server.lights.LightsService$LightImpl@8f94fe1, State:ON
01-09 16:26:10.815  1380  2021 D CompatibilityChangeReporter: Compat change id reported: 135634846; UID 10160; state: DISABLED
01-09 16:26:10.816  1380  2021 D CompatibilityChangeReporter: Compat change id reported: 177438394; UID 10160; state: DISABLED
01-09 16:26:10.816  1380  2021 D CompatibilityChangeReporter: Compat change id reported: 135772972; UID 10160; state: DISABLED
01-09 16:26:10.816  1380  2021 D CompatibilityChangeReporter: Compat change id reported: 135754954; UID 10160; state: ENABLED
01-09 16:26:10.819  1380  1532 I ActivityManager: Start proc 2615:com.android.devicelockcontroller/u0a297 for broadcast {com.android.devicelockcontroller/com.android.devicelockcontroller.receivers.LockedBootCompletedReceiver}
01-09 16:26:10.820  1380  1532 D CompatibilityChangeReporter: Compat change id reported: 143937733; UID 10160; state: ENABLED
01-09 16:26:10.822  1380  1539 W BatteryExternalStatsWorker: error reading Bluetooth stats: 9
01-09 16:26:10.832  1380  1708 I LocalDisplayAdapter: Start Light.setBrightness(), [0.30411133], ActiveModeId: 1, Backlight:com.android.server.lights.LightsService$LightImpl@8f94fe1, State:ON
01-09 16:26:10.839  1380  2021 D CompatibilityChangeReporter: Compat change id reported: 261072174; UID 1001; state: ENABLED
01-09 16:26:10.841  1380  1532 I ActivityManager: Start proc 2623:com.google.android.gms/u0a160 for service {com.google.android.gms/com.google.android.gms.chimera.GmsIntentOperationService}
01-09 16:26:10.849  1380  1708 I LocalDisplayAdapter: Start Light.setBrightness(), [0.29231587], ActiveModeId: 1, Backlight:com.android.server.lights.LightsService$LightImpl@8f94fe1, State:ON
01-09 16:26:10.863  1380  2246 D CompatibilityChangeReporter: Compat change id reported: 161145287; UID 1001; state: ENABLED
01-09 16:26:10.865  1380  1430 V ActivityManager: New death recipient com.android.server.am.ActivityManagerService$AppDeathRecipient@304e50a for thread android.os.BinderProxy@69ac17b
01-09 16:26:10.865  1380  1708 I LocalDisplayAdapter: Start Light.setBrightness(), [0.28052047], ActiveModeId: 1, Backlight:com.android.server.lights.LightsService$LightImpl@8f94fe1, State:ON
01-09 16:26:10.866  1380  1430 D CompatibilityChangeReporter: Compat change id reported: 168419799; UID 10131; state: DISABLED
01-09 16:26:10.866  1380  1430 D CompatibilityChangeReporter: Compat change id reported: 273564678; UID 10131; state: DISABLED
01-09 16:26:10.871  1380  2246 V ActivityManager: New death recipient com.android.server.am.ActivityManagerService$AppDeathRecipient@d1a1a2d for thread android.os.BinderProxy@3e50b62
01-09 16:26:10.874  1380  2246 D CompatibilityChangeReporter: Compat change id reported: 168419799; UID 10297; state: DISABLED
01-09 16:26:10.874  1380  2246 D CompatibilityChangeReporter: Compat change id reported: 273564678; UID 10297; state: DISABLED
01-09 16:26:10.878  1380  1430 D CompatibilityChangeReporter: Compat change id reported: 253665015; UID 10142; state: DISABLED
01-09 16:26:10.878  1380  1430 D CompatibilityChangeReporter: Compat change id reported: 194532703; UID 10142; state: ENABLED
01-09 16:26:10.878  1380  1589 D CompatibilityChangeReporter: Compat change id reported: 170503758; UID 10131; state: ENABLED
01-09 16:26:10.881  1380  1708 I LocalDisplayAdapter: Start Light.setBrightness(), [0.26872507], ActiveModeId: 1, Backlight:com.android.server.lights.LightsService$LightImpl@8f94fe1, State:ON
01-09 16:26:10.886  1380  1589 V ActivityManager: New death recipient com.android.server.am.ActivityManagerService$AppDeathRecipient@b2b2c29 for thread android.os.BinderProxy@98c7bae
01-09 16:26:10.889  1380  2246 D CompatibilityChangeReporter: Compat change id reported: 170503758; UID 10297; state: ENABLED
01-09 16:26:10.890  1380  1589 D CompatibilityChangeReporter: Compat change id reported: 168419799; UID 10160; state: DISABLED
01-09 16:26:10.891  1380  1589 D CompatibilityChangeReporter: Compat change id reported: 273564678; UID 10160; state: DISABLED
