01-09 16:27:38.820  1380  1532 W ActivityManager: Slow operation: 70ms so far, now at startProcess: done updating battery stats
01-09 16:27:38.821  1380  1531 V SystemServerTiming: finishUserUnlocked-0 took to complete: 63ms
01-09 16:27:38.821  1380  1532 W ActivityManager: Slow operation: 71ms so far, now at startProcess: building log message
01-09 16:27:38.821  1380  1532 I ActivityManager: Start proc 3300:com.google.process.gapps/u0a160 for content provider {com.google.android.gsf/com.google.android.gsf.settings.GoogleSettingsProvider}
01-09 16:27:38.821  1380  1532 W ActivityManager: Slow operation: 71ms so far, now at startProcess: starting to update pids map
01-09 16:27:38.821  1380  1532 W ActivityManager: Slow operation: 71ms so far, now at startProcess: done updating pids map
01-09 16:27:38.822  1380  1532 W ActivityManager: Slow operation: 51ms so far, now at startProcess: asking zygote to start proc
01-09 16:27:38.822  1380  1532 D CompatibilityChangeReporter: Compat change id reported: 143937733; UID 10221; state: ENABLED
01-09 16:27:38.832  1380  1531 D CompatibilityChangeReporter: Compat change id reported: 135634846; UID 10161; state: DISABLED
01-09 16:27:38.832  1380  1532 W ActivityManager: Slow operation: 61ms so far, now at startProcess: returned from zygote!
01-09 16:27:38.832  1380  1531 D CompatibilityChangeReporter: Compat change id reported: 177438394; UID 10161; state: DISABLED
01-09 16:27:38.832  1380  1531 D CompatibilityChangeReporter: Compat change id reported: 135772972; UID 10161; state: DISABLED
01-09 16:27:38.832  1380  1531 D CompatibilityChangeReporter: Compat change id reported: 135754954; UID 10161; state: ENABLED
01-09 16:27:38.833  1380  1531 D SystemServerTimingAsync: ssm.UnlockedUser-0
01-09 16:27:38.833  1380  1531 I SystemServiceManager: Calling onUnlockedUser 0
01-09 16:27:38.833  1380  1531 D SystemServerTimingAsync: ssm.onUnlockedUser-0_com.android.server.security.FileIntegrityService
01-09 16:27:38.833  1380  1531 V SystemServerTimingAsync: ssm.onUnlockedUser-0_com.android.server.security.FileIntegrityService took to complete: 0ms
01-09 16:27:38.833  1380  1531 D SystemServerTimingAsync: ssm.onUnlockedUser-0_com.android.server.pm.Installer
01-09 16:27:38.833  1380  1531 V SystemServerTimingAsync: ssm.onUnlockedUser-0_com.android.server.pm.Installer took to complete: 0ms
01-09 16:27:38.833  1380  1531 D SystemServerTimingAsync: ssm.onUnlockedUser-0_com.android.server.os.DeviceIdentifiersPolicyService
01-09 16:27:38.833  1380  1531 V SystemServerTimingAsync: ssm.onUnlockedUser-0_com.android.server.os.DeviceIdentifiersPolicyService took to complete: 0ms
01-09 16:27:38.833  1380  1531 D SystemServerTimingAsync: ssm.onUnlockedUser-0_com.android.server.uri.UriGrantsManagerService$Lifecycle
01-09 16:27:38.833  1380  1531 V SystemServerTimingAsync: ssm.onUnlockedUser-0_com.android.server.uri.UriGrantsManagerService$Lifecycle took to complete: 0ms
01-09 16:27:38.833  1380  1531 D SystemServerTimingAsync: ssm.onUnlockedUser-0_com.android.server.powerstats.PowerStatsService
01-09 16:27:38.833  1380  1531 V SystemServerTimingAsync: ssm.onUnlockedUser-0_com.android.server.powerstats.PowerStatsService took to complete: 0ms
01-09 16:27:38.833  1380  1531 D SystemServerTimingAsync: ssm.onUnlockedUser-0_com.android.server.permission.access.AccessCheckingService
01-09 16:27:38.833  1380  1531 V SystemServerTimingAsync: ssm.onUnlockedUser-0_com.android.server.permission.access.AccessCheckingService took to complete: 0ms
01-09 16:27:38.833  1380  1531 D SystemServerTimingAsync: ssm.onUnlockedUser-0_com.android.server.wm.ActivityTaskManagerService$Lifecycle
01-09 16:27:38.834  1380  1531 I LaunchParamsPersister: Didn't find launch param folder for user 0
01-09 16:27:38.834  1380  1531 V SystemServerTimingAsync: ssm.onUnlockedUser-0_com.android.server.wm.ActivityTaskManagerService$Lifecycle took to complete: 1ms
01-09 16:27:38.834  1380  1531 D SystemServerTimingAsync: ssm.onUnlockedUser-0_com.android.server.am.ActivityManagerService$Lifecycle
01-09 16:27:38.834  1380  1531 V SystemServerTimingAsync: ssm.onUnlockedUser-0_com.android.server.am.ActivityManagerService$Lifecycle took to complete: 0ms
01-09 16:27:38.834  1380  1531 D SystemServerTimingAsync: ssm.onUnlockedUser-0_com.android.server.pm.DataLoaderManagerService
01-09 16:27:38.834  1380  1531 V SystemServerTimingAsync: ssm.onUnlockedUser-0_com.android.server.pm.DataLoaderManagerService took to complete: 0ms
01-09 16:27:38.834  1380  1531 D SystemServerTimingAsync: ssm.onUnlockedUser-0_com.android.server.power.PowerManagerService
01-09 16:27:38.834  1380  1531 V SystemServerTimingAsync: ssm.onUnlockedUser-0_com.android.server.power.PowerManagerService took to complete: 0ms
01-09 16:27:38.834  1380  1531 D SystemServerTimingAsync: ssm.onUnlockedUser-0_com.android.server.power.ThermalManagerService
01-09 16:27:38.834  1380  1531 V SystemServerTimingAsync: ssm.onUnlockedUser-0_com.android.server.power.ThermalManagerService took to complete: 0ms
01-09 16:27:38.834  1380  1531 D SystemServerTimingAsync: ssm.onUnlockedUser-0_com.android.server.power.hint.HintManagerService
01-09 16:27:38.834  1380  1531 V SystemServerTimingAsync: ssm.onUnlockedUser-0_com.android.server.power.hint.HintManagerService took to complete: 0ms
01-09 16:27:38.834  1380  1531 D SystemServerTimingAsync: ssm.onUnlockedUser-0_com.android.server.recoverysystem.RecoverySystemService$Lifecycle
01-09 16:27:38.834  1380  1531 V SystemServerTimingAsync: ssm.onUnlockedUser-0_com.android.server.recoverysystem.RecoverySystemService$Lifecycle took to complete: 0ms
01-09 16:27:38.834  1380  1531 D SystemServerTimingAsync: ssm.onUnlockedUser-0_com.android.server.lights.LightsService
01-09 16:27:38.834  1380  1531 V SystemServerTimingAsync: ssm.onUnlockedUser-0_com.android.server.lights.LightsService took to complete: 0ms
01-09 16:27:38.834  1380  1531 D SystemServerTimingAsync: ssm.onUnlockedUser-0_com.android.server.display.DisplayManagerService
01-09 16:27:38.834  1380  1531 V SystemServerTimingAsync: ssm.onUnlockedUser-0_com.android.server.display.DisplayManagerService took to complete: 0ms
01-09 16:27:38.834  1380  1531 D SystemServerTimingAsync: ssm.onUnlockedUser-0_com.android.server.pm.verify.domain.DomainVerificationService
01-09 16:27:38.834  1380  1531 V SystemServerTimingAsync: ssm.onUnlockedUser-0_com.android.server.pm.verify.domain.DomainVerificationService took to complete: 0ms
01-09 16:27:38.834  1380  1531 D SystemServerTimingAsync: ssm.onUnlockedUser-0_com.android.server.pm.PackageInstallerService$Lifecycle
01-09 16:27:38.834  1380  1531 V SystemServerTimingAsync: ssm.onUnlockedUser-0_com.android.server.pm.PackageInstallerService$Lifecycle took to complete: 0ms
01-09 16:27:38.834  1380  1531 D SystemServerTimingAsync: ssm.onUnlockedUser-0_com.android.server.pm.UserManagerService$LifeCycle
01-09 16:27:38.834  1380  1531 V SystemServerTimingAsync: ssm.onUnlockedUser-0_com.android.server.pm.UserManagerService$LifeCycle took to complete: 0ms
01-09 16:27:38.834  1380  1531 D SystemServerTimingAsync: ssm.onUnlockedUser-0_com.android.server.om.OverlayManagerService
01-09 16:27:38.834  1380  1531 V SystemServerTimingAsync: ssm.onUnlockedUser-0_com.android.server.om.OverlayManagerService took to complete: 0ms
01-09 16:27:38.834  1380  1531 D SystemServerTimingAsync: ssm.onUnlockedUser-0_com.android.server.resources.ResourcesManagerService
01-09 16:27:38.834  1380  1531 V SystemServerTimingAsync: ssm.onUnlockedUser-0_com.android.server.resources.ResourcesManagerService took to complete: 1ms
01-09 16:27:38.834  1380  1531 D SystemServerTimingAsync: ssm.onUnlockedUser-0_com.android.server.sensorprivacy.SensorPrivacyService
01-09 16:27:38.834  1380  1531 V SystemServerTimingAsync: ssm.onUnlockedUser-0_com.android.server.sensorprivacy.SensorPrivacyService took to complete: 0ms
01-09 16:27:38.834  1380  1531 D SystemServerTimingAsync: ssm.onUnlockedUser-0_com.android.server.sensors.SensorService
01-09 16:27:38.834  1380  1531 V SystemServerTimingAsync: ssm.onUnlockedUser-0_com.android.server.sensors.SensorService took to complete: 0ms
01-09 16:27:38.834  1380  1531 D SystemServerTimingAsync: ssm.onUnlockedUser-0_com.android.server.SystemConfigService
01-09 16:27:38.834  1380  1531 V SystemServerTimingAsync: ssm.onUnlockedUser-0_com.android.server.SystemConfigService took to complete: 0ms
01-09 16:27:38.834  1380  1531 D SystemServerTimingAsync: ssm.onUnlockedUser-0_com.android.server.BatteryService
01-09 16:27:38.834  1380  1531 V SystemServerTimingAsync: ssm.onUnlockedUser-0_com.android.server.BatteryService took to complete: 0ms
01-09 16:27:38.834  1380  1531 D SystemServerTimingAsync: ssm.onUnlockedUser-0_com.android.server.usage.UsageStatsService
01-09 16:27:38.834  1380  1531 V SystemServerTimingAsync: ssm.onUnlockedUser-0_com.android.server.usage.UsageStatsService took to complete: 0ms
01-09 16:27:38.834  1380  1531 D SystemServerTimingAsync: ssm.onUnlockedUser-0_com.android.server.webkit.WebViewUpdateService
01-09 16:27:38.834  1380  1531 V SystemServerTimingAsync: ssm.onUnlockedUser-0_com.android.server.webkit.WebViewUpdateService took to complete: 0ms
01-09 16:27:38.834  1380  1531 D SystemServerTimingAsync: ssm.onUnlockedUser-0_com.android.server.CachedDeviceStateService
01-09 16:27:38.834  1380  1531 V SystemServerTimingAsync: ssm.onUnlockedUser-0_com.android.server.CachedDeviceStateService took to complete: 0ms
01-09 16:27:38.834  1380  1531 D SystemServerTimingAsync: ssm.onUnlockedUser-0_com.android.server.BinderCallsStatsService$LifeCycle
01-09 16:27:38.834  1380  1531 V SystemServerTimingAsync: ssm.onUnlockedUser-0_com.android.server.BinderCallsStatsService$LifeCycle took to complete: 0ms
01-09 16:27:38.834  1380  1531 D SystemServerTimingAsync: ssm.onUnlockedUser-0_com.android.server.LooperStatsService$Lifecycle
01-09 16:27:38.835  1380  1531 V SystemServerTimingAsync: ssm.onUnlockedUser-0_com.android.server.LooperStatsService$Lifecycle took to complete: 0ms
01-09 16:27:38.835  1380  1531 D SystemServerTimingAsync: ssm.onUnlockedUser-0_com.android.server.rollback.RollbackManagerService
01-09 16:27:38.835  1380  1531 V SystemServerTimingAsync: ssm.onUnlockedUser-0_com.android.server.rollback.RollbackManagerService took to complete: 0ms
01-09 16:27:38.835  1380  1531 D SystemServerTimingAsync: ssm.onUnlockedUser-0_com.android.server.os.NativeTombstoneManagerService
01-09 16:27:38.835  1380  1531 V SystemServerTimingAsync: ssm.onUnlockedUser-0_com.android.server.os.NativeTombstoneManagerService took to complete: 0ms
01-09 16:27:38.835  1380  1531 D SystemServerTimingAsync: ssm.onUnlockedUser-0_com.android.server.os.BugreportManagerService
01-09 16:27:38.835  1380  1531 V SystemServerTimingAsync: ssm.onUnlockedUser-0_com.android.server.os.BugreportManagerService took to complete: 0ms
01-09 16:27:38.835  1380  1531 D SystemServerTimingAsync: ssm.onUnlockedUser-0_com.android.server.gpu.GpuService
01-09 16:27:38.835  1380  1531 V SystemServerTimingAsync: ssm.onUnlockedUser-0_com.android.server.gpu.GpuService took to complete: 0ms
01-09 16:27:38.835  1380  1531 D SystemServerTimingAsync: ssm.onUnlockedUser-0_com.android.server.security.rkp.RemoteProvisioningService
01-09 16:27:38.835  1380  1531 V SystemServerTimingAsync: ssm.onUnlockedUser-0_com.android.server.security.rkp.RemoteProvisioningService took to complete: 0ms
01-09 16:27:38.835  1380  1531 D SystemServerTimingAsync: ssm.onUnlockedUser-0_com.android.server.cpu.CpuMonitorService
01-09 16:27:38.835  1380  1531 V SystemServerTimingAsync: ssm.onUnlockedUser-0_com.android.server.cpu.CpuMonitorService took to complete: 0ms
01-09 16:27:38.835  1380  1531 D SystemServerTimingAsync: ssm.onUnlockedUser-0_com.android.server.security.KeyChainSystemService
01-09 16:27:38.835  1380  1531 V SystemServerTimingAsync: ssm.onUnlockedUser-0_com.android.server.security.KeyChainSystemService took to complete: 0ms
01-09 16:27:38.835  1380  1531 D SystemServerTimingAsync: ssm.onUnlockedUser-0_com.android.server.BinaryTransparencyService
01-09 16:27:38.835  1380  1531 V SystemServerTimingAsync: ssm.onUnlockedUser-0_com.android.server.BinaryTransparencyService took to complete: 0ms
01-09 16:27:38.835  1380  1532 W ActivityManager: Slow operation: 63ms so far, now at startProcess: done updating battery stats
01-09 16:27:38.835  1380  1531 D SystemServerTimingAsync: ssm.onUnlockedUser-0_com.android.server.telecom.TelecomLoaderService
01-09 16:27:38.835  1380  1531 V SystemServerTimingAsync: ssm.onUnlockedUser-0_com.android.server.telecom.TelecomLoaderService took to complete: 0ms
01-09 16:27:38.835  1380  1531 D SystemServerTimingAsync: ssm.onUnlockedUser-0_com.android.server.accounts.AccountManagerService$Lifecycle
01-09 16:27:38.835  1380  1531 V SystemServerTimingAsync: ssm.onUnlockedUser-0_com.android.server.accounts.AccountManagerService$Lifecycle took to complete: 0ms
01-09 16:27:38.835  1380  1531 D SystemServerTimingAsync: ssm.onUnlockedUser-0_com.android.server.content.ContentService$Lifecycle
01-09 16:27:38.835  1380  1531 V SystemServerTimingAsync: ssm.onUnlockedUser-0_com.android.server.content.ContentService$Lifecycle took to complete: 0ms
01-09 16:27:38.835  1380  1531 D SystemServerTimingAsync: ssm.onUnlockedUser-0_com.android.server.deviceconfig.DeviceConfigInit$Lifecycle
01-09 16:27:38.835  1380  1531 V SystemServerTimingAsync: ssm.onUnlockedUser-0_com.android.server.deviceconfig.DeviceConfigInit$Lifecycle took to complete: 0ms
01-09 16:27:38.835  1380  1531 D SystemServerTimingAsync: ssm.onUnlockedUser-0_com.android.server.DropBoxManagerService
01-09 16:27:38.835  1380  1531 V SystemServerTimingAsync: ssm.onUnlockedUser-0_com.android.server.DropBoxManagerService took to complete: 0ms
01-09 16:27:38.835  1380  1531 D SystemServerTimingAsync: ssm.onUnlockedUser-0_com.android.role.RoleService
01-09 16:27:38.835  1380  1531 V SystemServerTimingAsync: ssm.onUnlockedUser-0_com.android.role.RoleService took to complete: 0ms
01-09 16:27:38.835  1380  1531 D SystemServerTimingAsync: ssm.onUnlockedUser-0_com.android.server.vibrator.VibratorManagerService$Lifecycle
01-09 16:27:38.835  1380  1531 V SystemServerTimingAsync: ssm.onUnlockedUser-0_com.android.server.vibrator.VibratorManagerService$Lifecycle took to complete: 0ms
01-09 16:27:38.835  1380  1531 D SystemServerTimingAsync: ssm.onUnlockedUser-0_com.android.server.tare.InternalResourceService
01-09 16:27:38.835  1380  1531 V SystemServerTimingAsync: ssm.onUnlockedUser-0_com.android.server.tare.InternalResourceService took to complete: 0ms
01-09 16:27:38.835  1380  1531 D SystemServerTimingAsync: ssm.onUnlockedUser-0_com.mediatek.server.MtkAlarmManagerService
01-09 16:27:38.835  1380  1531 V SystemServerTimingAsync: ssm.onUnlockedUser-0_com.mediatek.server.MtkAlarmManagerService took to complete: 0ms
01-09 16:27:38.835  1380  1531 D SystemServerTimingAsync: ssm.onUnlockedUser-0_com.android.server.devicestate.DeviceStateManagerService
01-09 16:27:38.835  1380  1531 V SystemServerTimingAsync: ssm.onUnlockedUser-0_com.android.server.devicestate.DeviceStateManagerService took to complete: 0ms
01-09 16:27:38.835  1380  1531 D SystemServerTimingAsync: ssm.onUnlockedUser-0_com.android.server.camera.CameraServiceProxy
01-09 16:27:38.835  1380  1531 V SystemServerTimingAsync: ssm.onUnlockedUser-0_com.android.server.camera.CameraServiceProxy took to complete: 0ms
01-09 16:27:38.835  1380  1531 D SystemServerTimingAsync: ssm.onUnlockedUser-0_com.android.server.bluetooth.BluetoothService
01-09 16:27:38.835  1380  1531 V SystemServerTimingAsync: ssm.onUnlockedUser-0_com.android.server.bluetooth.BluetoothService took to complete: 0ms
01-09 16:27:38.835  1380  1531 D SystemServerTimingAsync: ssm.onUnlockedUser-0_com.android.server.connectivity.IpConnectivityMetrics
01-09 16:27:38.835  1380  1531 V SystemServerTimingAsync: ssm.onUnlockedUser-0_com.android.server.connectivity.IpConnectivityMetrics took to complete: 0ms
01-09 16:27:38.835  1380  1531 D SystemServerTimingAsync: ssm.onUnlockedUser-0_com.android.server.net.watchlist.NetworkWatchlistService$Lifecycle
01-09 16:27:38.835  1380  1531 V SystemServerTimingAsync: ssm.onUnlockedUser-0_com.android.server.net.watchlist.NetworkWatchlistService$Lifecycle took to complete: 0ms
01-09 16:27:38.835  1380  1531 D SystemServerTimingAsync: ssm.onUnlockedUser-0_com.android.server.PinnerService
01-09 16:27:38.835  1380  1532 W ActivityManager: Slow operation: 64ms so far, now at startProcess: building log message
01-09 16:27:38.835  1380  1532 I ActivityManager: Start proc 3302:jp.co.sharp.android.gamingbasemodule/u0a221 for added application jp.co.sharp.android.gamingbasemodule
01-09 16:27:38.835  1380  1532 W ActivityManager: Slow operation: 64ms so far, now at startProcess: starting to update pids map
01-09 16:27:38.836  1380  1532 W ActivityManager: Slow operation: 64ms so far, now at startProcess: done updating pids map
01-09 16:27:38.836  1380  1532 W ActivityManager: Slow operation: 64ms so far, now at startProcess: asking zygote to start proc
01-09 16:27:38.836  1380  1531 V SystemServerTimingAsync: ssm.onUnlockedUser-0_com.android.server.PinnerService took to complete: 0ms
01-09 16:27:38.836  1380  1531 D SystemServerTimingAsync: ssm.onUnlockedUser-0_com.android.server.integrity.AppIntegrityManagerService
01-09 16:27:38.836  1380  1531 V SystemServerTimingAsync: ssm.onUnlockedUser-0_com.android.server.integrity.AppIntegrityManagerService took to complete: 0ms
01-09 16:27:38.836  1380  1531 D SystemServerTimingAsync: ssm.onUnlockedUser-0_com.android.server.logcat.LogcatManagerService
01-09 16:27:38.836  1380  1531 V SystemServerTimingAsync: ssm.onUnlockedUser-0_com.android.server.logcat.LogcatManagerService took to complete: 0ms
01-09 16:27:38.836  1380  1531 D SystemServerTimingAsync: ssm.onUnlockedUser-0_com.android.server.inputmethod.InputMethodManagerService$Lifecycle
01-09 16:27:38.836  1380  1531 V SystemServerTimingAsync: ssm.onUnlockedUser-0_com.android.server.inputmethod.InputMethodManagerService$Lifecycle took to complete: 0ms
01-09 16:27:38.836  1380  1531 D SystemServerTimingAsync: ssm.onUnlockedUser-0_com.android.server.accessibility.AccessibilityManagerService$Lifecycle
01-09 16:27:38.836  1380  1531 V SystemServerTimingAsync: ssm.onUnlockedUser-0_com.android.server.accessibility.AccessibilityManagerService$Lifecycle took to complete: 0ms
01-09 16:27:38.836  1380  1531 D SystemServerTimingAsync: ssm.onUnlockedUser-0_com.android.server.StorageManagerService$Lifecycle
01-09 16:27:38.836  1380  1531 V SystemServerTimingAsync: ssm.onUnlockedUser-0_com.android.server.StorageManagerService$Lifecycle took to complete: 0ms
01-09 16:27:38.836  1380  1531 D SystemServerTimingAsync: ssm.onUnlockedUser-0_com.android.server.usage.StorageStatsService$Lifecycle
01-09 16:27:38.836  1380  1531 V SystemServerTimingAsync: ssm.onUnlockedUser-0_com.android.server.usage.StorageStatsService$Lifecycle took to complete: 0ms
01-09 16:27:38.836  1380  1531 D SystemServerTimingAsync: ssm.onUnlockedUser-0_com.android.server.UiModeManagerService
01-09 16:27:38.836  1380  1531 V SystemServerTimingAsync: ssm.onUnlockedUser-0_com.android.server.UiModeManagerService took to complete: 0ms
01-09 16:27:38.836  1380  1531 D SystemServerTimingAsync: ssm.onUnlockedUser-0_com.android.server.locales.LocaleManagerService
01-09 16:27:38.836  1380  1531 V SystemServerTimingAsync: ssm.onUnlockedUser-0_com.android.server.locales.LocaleManagerService took to complete: 0ms
01-09 16:27:38.837  1380  1531 D SystemServerTimingAsync: ssm.onUnlockedUser-0_com.android.server.grammaticalinflection.GrammaticalInflectionService
01-09 16:27:38.837  1380  1531 V SystemServerTimingAsync: ssm.onUnlockedUser-0_com.android.server.grammaticalinflection.GrammaticalInflectionService took to complete: 0ms
01-09 16:27:38.840  1380  1518 I AppWidgetServiceImpl: Processing of handleUserUnlocked u0 took 18 ms
01-09 16:27:38.841  1380  1531 D SystemServerTimingAsync: ssm.onUnlockedUser-0_com.android.server.apphibernation.AppHibernationService
01-09 16:27:38.841  1380  1531 V SystemServerTimingAsync: ssm.onUnlockedUser-0_com.android.server.apphibernation.AppHibernationService took to complete: 0ms
01-09 16:27:38.841  1380  1531 D SystemServerTimingAsync: ssm.onUnlockedUser-0_com.android.server.locksettings.LockSettingsService$Lifecycle
01-09 16:27:38.841  1380  1531 V SystemServerTimingAsync: ssm.onUnlockedUser-0_com.android.server.locksettings.LockSettingsService$Lifecycle took to complete: 0ms
01-09 16:27:38.841  1380  1531 D SystemServerTimingAsync: ssm.onUnlockedUser-0_com.android.server.PersistentDataBlockService
01-09 16:27:38.841  1380  1531 V SystemServerTimingAsync: ssm.onUnlockedUser-0_com.android.server.PersistentDataBlockService took to complete: 0ms
01-09 16:27:38.841  1380  1531 D SystemServerTimingAsync: ssm.onUnlockedUser-0_com.android.server.testharness.TestHarnessModeService
01-09 16:27:38.841  1380  1531 V SystemServerTimingAsync: ssm.onUnlockedUser-0_com.android.server.testharness.TestHarnessModeService took to complete: 0ms
01-09 16:27:38.841  1380  1531 D SystemServerTimingAsync: ssm.onUnlockedUser-0_com.android.server.oemlock.OemLockService
01-09 16:27:38.841  1380  1531 V SystemServerTimingAsync: ssm.onUnlockedUser-0_com.android.server.oemlock.OemLockService took to complete: 0ms
01-09 16:27:38.841  1380  1531 D SystemServerTimingAsync: ssm.onUnlockedUser-0_com.android.server.DeviceIdleController
01-09 16:27:38.841  1380  1531 V SystemServerTimingAsync: ssm.onUnlockedUser-0_com.android.server.DeviceIdleController took to complete: 0ms
01-09 16:27:38.841  1380  1531 D SystemServerTimingAsync: ssm.onUnlockedUser-0_com.android.server.devicepolicy.DevicePolicyManagerService$Lifecycle
01-09 16:27:38.841  1380  1531 V SystemServerTimingAsync: ssm.onUnlockedUser-0_com.android.server.devicepolicy.DevicePolicyManagerService$Lifecycle took to complete: 0ms
01-09 16:27:38.841  1380  1531 D SystemServerTimingAsync: ssm.onUnlockedUser-0_com.android.server.contentcapture.ContentCaptureManagerService
01-09 16:27:38.841  1380  1531 V SystemServerTimingAsync: ssm.onUnlockedUser-0_com.android.server.contentcapture.ContentCaptureManagerService took to complete: 0ms
01-09 16:27:38.841  1380  1531 D SystemServerTimingAsync: ssm.onUnlockedUser-0_com.android.server.attention.AttentionManagerService
01-09 16:27:38.841  1380  1531 V SystemServerTimingAsync: ssm.onUnlockedUser-0_com.android.server.attention.AttentionManagerService took to complete: 0ms
01-09 16:27:38.841  1380  1531 D SystemServerTimingAsync: ssm.onUnlockedUser-0_com.android.server.systemcaptions.SystemCaptionsManagerService
01-09 16:27:38.841  1380  1531 V SystemServerTimingAsync: ssm.onUnlockedUser-0_com.android.server.systemcaptions.SystemCaptionsManagerService took to complete: 0ms
01-09 16:27:38.841  1380  1531 D SystemServerTimingAsync: ssm.onUnlockedUser-0_com.android.server.texttospeech.TextToSpeechManagerService
01-09 16:27:38.841  1380  1531 V SystemServerTimingAsync: ssm.onUnlockedUser-0_com.android.server.texttospeech.TextToSpeechManagerService took to complete: 0ms
01-09 16:27:38.841  1380  1531 D SystemServerTimingAsync: ssm.onUnlockedUser-0_com.android.server.ambientcontext.AmbientContextManagerService
01-09 16:27:38.841  1380  1531 V SystemServerTimingAsync: ssm.onUnlockedUser-0_com.android.server.ambientcontext.AmbientContextManagerService took to complete: 0ms
01-09 16:27:38.841  1380  1531 D SystemServerTimingAsync: ssm.onUnlockedUser-0_com.android.server.wearable.WearableSensingManagerService
01-09 16:27:38.841  1380  1531 V SystemServerTimingAsync: ssm.onUnlockedUser-0_com.android.server.wearable.WearableSensingManagerService took to complete: 0ms
01-09 16:27:38.841  1380  1531 D SystemServerTimingAsync: ssm.onUnlockedUser-0_com.android.server.speech.SpeechRecognitionManagerService
01-09 16:27:38.841  1380  1531 V SystemServerTimingAsync: ssm.onUnlockedUser-0_com.android.server.speech.SpeechRecognitionManagerService took to complete: 0ms
01-09 16:27:38.841  1380  1531 D SystemServerTimingAsync: ssm.onUnlockedUser-0_com.android.server.appprediction.AppPredictionManagerService
01-09 16:27:38.841  1380  1531 V SystemServerTimingAsync: ssm.onUnlockedUser-0_com.android.server.appprediction.AppPredictionManagerService took to complete: 0ms
01-09 16:27:38.841  1380  1531 D SystemServerTimingAsync: ssm.onUnlockedUser-0_com.android.server.searchui.SearchUiManagerService
01-09 16:27:38.841  1380  1531 V SystemServerTimingAsync: ssm.onUnlockedUser-0_com.android.server.searchui.SearchUiManagerService took to complete: 0ms
01-09 16:27:38.841  1380  1531 D SystemServerTimingAsync: ssm.onUnlockedUser-0_com.android.server.smartspace.SmartspaceManagerService
01-09 16:27:38.841  1380  1531 V SystemServerTimingAsync: ssm.onUnlockedUser-0_com.android.server.smartspace.SmartspaceManagerService took to complete: 0ms
01-09 16:27:38.841  1380  1531 D SystemServerTimingAsync: ssm.onUnlockedUser-0_com.android.server.graphics.fonts.FontManagerService$Lifecycle
01-09 16:27:38.841  1380  1531 V SystemServerTimingAsync: ssm.onUnlockedUser-0_com.android.server.graphics.fonts.FontManagerService$Lifecycle took to complete: 0ms
01-09 16:27:38.841  1380  1531 D SystemServerTimingAsync: ssm.onUnlockedUser-0_com.android.server.textservices.TextServicesManagerService$Lifecycle
01-09 16:27:38.841  1380  1531 V SystemServerTimingAsync: ssm.onUnlockedUser-0_com.android.server.textservices.TextServicesManagerService$Lifecycle took to complete: 0ms
01-09 16:27:38.841  1380  1531 D SystemServerTimingAsync: ssm.onUnlockedUser-0_com.android.server.textclassifier.TextClassificationManagerService$Lifecycle
01-09 16:27:38.841  1380  1531 V SystemServerTimingAsync: ssm.onUnlockedUser-0_com.android.server.textclassifier.TextClassificationManagerService$Lifecycle took to complete: 0ms
01-09 16:27:38.841  1380  1531 D SystemServerTimingAsync: ssm.onUnlockedUser-0_com.android.server.NetworkScoreService$Lifecycle
01-09 16:27:38.841  1380  1531 V SystemServerTimingAsync: ssm.onUnlockedUser-0_com.android.server.NetworkScoreService$Lifecycle took to complete: 0ms
01-09 16:27:38.841  1380  1531 D SystemServerTimingAsync: ssm.onUnlockedUser-0_com.android.server.NetworkStatsServiceInitializer
01-09 16:27:38.841  1380  1531 V SystemServerTimingAsync: ssm.onUnlockedUser-0_com.android.server.NetworkStatsServiceInitializer took to complete: 0ms
01-09 16:27:38.841  1380  1531 D SystemServerTimingAsync: ssm.onUnlockedUser-0_com.android.server.wifi.WifiService
01-09 16:27:38.841  1380  1531 V SystemServerTimingAsync: ssm.onUnlockedUser-0_com.android.server.wifi.WifiService took to complete: 0ms
01-09 16:27:38.841  1380  1531 D SystemServerTimingAsync: ssm.onUnlockedUser-0_com.android.server.wifi.scanner.WifiScanningService
01-09 16:27:38.841  1380  1531 V SystemServerTimingAsync: ssm.onUnlockedUser-0_com.android.server.wifi.scanner.WifiScanningService took to complete: 0ms
01-09 16:27:38.841  1380  1531 D SystemServerTimingAsync: ssm.onUnlockedUser-0_com.android.server.wifi.p2p.WifiP2pService
01-09 16:27:38.841  1380  1531 V SystemServerTimingAsync: ssm.onUnlockedUser-0_com.android.server.wifi.p2p.WifiP2pService took to complete: 0ms
01-09 16:27:38.841  1380  1531 D SystemServerTimingAsync: ssm.onUnlockedUser-0_com.android.server.ConnectivityServiceInitializer
01-09 16:27:38.842  1380  1531 V SystemServerTimingAsync: ssm.onUnlockedUser-0_com.android.server.ConnectivityServiceInitializer took to complete: 0ms
01-09 16:27:38.842  1380  1531 D SystemServerTimingAsync: ssm.onUnlockedUser-0_com.android.server.notification.NotificationManagerService
01-09 16:27:38.842  1380  1531 V SystemServerTimingAsync: ssm.onUnlockedUser-0_com.android.server.notification.NotificationManagerService took to complete: 0ms
01-09 16:27:38.842  1380  1531 D SystemServerTimingAsync: ssm.onUnlockedUser-0_com.android.server.storage.DeviceStorageMonitorService
01-09 16:27:38.842  1380  1531 V SystemServerTimingAsync: ssm.onUnlockedUser-0_com.android.server.storage.DeviceStorageMonitorService took to complete: 0ms
01-09 16:27:38.842  1380  1531 D SystemServerTimingAsync: ssm.onUnlockedUser-0_com.android.server.timedetector.TimeDetectorService$Lifecycle
01-09 16:27:38.842  1380  1531 V SystemServerTimingAsync: ssm.onUnlockedUser-0_com.android.server.timedetector.TimeDetectorService$Lifecycle took to complete: 0ms
01-09 16:27:38.842  1380  1531 D SystemServerTimingAsync: ssm.onUnlockedUser-0_com.android.server.location.LocationManagerService$Lifecycle
01-09 16:27:38.842  1380  1531 V SystemServerTimingAsync: ssm.onUnlockedUser-0_com.android.server.location.LocationManagerService$Lifecycle took to complete: 0ms
01-09 16:27:38.842  1380  1531 D SystemServerTimingAsync: ssm.onUnlockedUser-0_com.android.server.timezonedetector.TimeZoneDetectorService$Lifecycle
01-09 16:27:38.842  1380  1531 V SystemServerTimingAsync: ssm.onUnlockedUser-0_com.android.server.timezonedetector.TimeZoneDetectorService$Lifecycle took to complete: 0ms
01-09 16:27:38.842  1380  1531 D SystemServerTimingAsync: ssm.onUnlockedUser-0_com.android.server.location.altitude.AltitudeService$Lifecycle
01-09 16:27:38.842  1380  1531 V SystemServerTimingAsync: ssm.onUnlockedUser-0_com.android.server.location.altitude.AltitudeService$Lifecycle took to complete: 0ms
01-09 16:27:38.842  1380  1380 I NotificationHistory: Attempted to unlock gone/disabled user 0
01-09 16:27:38.842  1380  1531 D SystemServerTimingAsync: ssm.onUnlockedUser-0_com.android.server.timezonedetector.location.LocationTimeZoneManagerService$Lifecycle
01-09 16:27:38.842  1380  1531 V SystemServerTimingAsync: ssm.onUnlockedUser-0_com.android.server.timezonedetector.location.LocationTimeZoneManagerService$Lifecycle took to complete: 0ms
01-09 16:27:38.842  1380  1531 D SystemServerTimingAsync: ssm.onUnlockedUser-0_com.android.server.timedetector.GnssTimeUpdateService$Lifecycle
01-09 16:27:38.843  1380  1531 V SystemServerTimingAsync: ssm.onUnlockedUser-0_com.android.server.timedetector.GnssTimeUpdateService$Lifecycle took to complete: 0ms
01-09 16:27:38.843  1380  1531 D SystemServerTimingAsync: ssm.onUnlockedUser-0_com.android.server.search.SearchManagerService$Lifecycle
01-09 16:27:38.843  1380  1531 V SystemServerTimingAsync: ssm.onUnlockedUser-0_com.android.server.search.SearchManagerService$Lifecycle took to complete: 0ms
01-09 16:27:38.843  1380  1531 D SystemServerTimingAsync: ssm.onUnlockedUser-0_com.android.server.wallpaper.WallpaperManagerService$Lifecycle
01-09 16:27:38.843  1380  1531 V SystemServerTimingAsync: ssm.onUnlockedUser-0_com.android.server.wallpaper.WallpaperManagerService$Lifecycle took to complete: 0ms
01-09 16:27:38.843  1380  1531 D SystemServerTimingAsync: ssm.onUnlockedUser-0_com.android.server.wallpapereffectsgeneration.WallpaperEffectsGenerationManagerService
01-09 16:27:38.843  1380  1531 V SystemServerTimingAsync: ssm.onUnlockedUser-0_com.android.server.wallpapereffectsgeneration.WallpaperEffectsGenerationManagerService took to complete: 0ms
01-09 16:27:38.843  1380  1531 D SystemServerTimingAsync: ssm.onUnlockedUser-0_com.android.server.audio.AudioService$Lifecycle
01-09 16:27:38.843  1380  1531 V SystemServerTimingAsync: ssm.onUnlockedUser-0_com.android.server.audio.AudioService$Lifecycle took to complete: 0ms
01-09 16:27:38.843  1380  1531 D SystemServerTimingAsync: ssm.onUnlockedUser-0_com.android.server.soundtrigger_middleware.SoundTriggerMiddlewareService$Lifecycle
01-09 16:27:38.843  1380  1531 V SystemServerTimingAsync: ssm.onUnlockedUser-0_com.android.server.soundtrigger_middleware.SoundTriggerMiddlewareService$Lifecycle took to complete: 0ms
01-09 16:27:38.843  1380  1531 D SystemServerTimingAsync: ssm.onUnlockedUser-0_com.android.server.DockObserver
01-09 16:27:38.843  1380  1531 V SystemServerTimingAsync: ssm.onUnlockedUser-0_com.android.server.DockObserver took to complete: 0ms
01-09 16:27:38.843  1380  1531 D SystemServerTimingAsync: ssm.onUnlockedUser-0_com.android.server.midi.MidiService$Lifecycle
01-09 16:27:38.843  1380  1531 V SystemServerTimingAsync: ssm.onUnlockedUser-0_com.android.server.midi.MidiService$Lifecycle took to complete: 0ms
01-09 16:27:38.843  1380  1531 D SystemServerTimingAsync: ssm.onUnlockedUser-0_com.android.server.adb.AdbService$Lifecycle
01-09 16:27:38.843  1380  1531 V SystemServerTimingAsync: ssm.onUnlockedUser-0_com.android.server.adb.AdbService$Lifecycle took to complete: 0ms
01-09 16:27:38.843  1380  1531 D SystemServerTimingAsync: ssm.onUnlockedUser-0_com.android.server.usb.UsbService$Lifecycle
01-09 16:27:38.843  1380  1531 V SystemServerTimingAsync: ssm.onUnlockedUser-0_com.android.server.usb.UsbService$Lifecycle took to complete: 0ms
01-09 16:27:38.843  1380  1531 D SystemServerTimingAsync: ssm.onUnlockedUser-0_com.android.server.twilight.TwilightService
01-09 16:27:38.843  1380  1531 V SystemServerTimingAsync: ssm.onUnlockedUser-0_com.android.server.twilight.TwilightService took to complete: 0ms
01-09 16:27:38.843  1380  1531 D SystemServerTimingAsync: ssm.onUnlockedUser-0_com.android.server.display.color.ColorDisplayService
01-09 16:27:38.843  1380  1531 V SystemServerTimingAsync: ssm.onUnlockedUser-0_com.android.server.display.color.ColorDisplayService took to complete: 0ms
01-09 16:27:38.843  1380  1531 D SystemServerTimingAsync: ssm.onUnlockedUser-0_com.android.server.job.JobSchedulerService
01-09 16:27:38.843  1380  1531 V SystemServerTimingAsync: ssm.onUnlockedUser-0_com.android.server.job.JobSchedulerService took to complete: 0ms
01-09 16:27:38.843  1380  1531 D SystemServerTimingAsync: ssm.onUnlockedUser-0_com.android.server.soundtrigger.SoundTriggerService
01-09 16:27:38.843  1380  1531 V SystemServerTimingAsync: ssm.onUnlockedUser-0_com.android.server.soundtrigger.SoundTriggerService took to complete: 0ms
01-09 16:27:38.843  1380  1531 D SystemServerTimingAsync: ssm.onUnlockedUser-0_com.android.server.trust.TrustManagerService
01-09 16:27:38.843  1380  1531 V SystemServerTimingAsync: ssm.onUnlockedUser-0_com.android.server.trust.TrustManagerService took to complete: 0ms
01-09 16:27:38.843  1380  1531 D SystemServerTimingAsync: ssm.onUnlockedUser-0_com.android.server.backup.BackupManagerService$Lifecycle
01-09 16:27:38.843  1380  1531 V SystemServerTimingAsync: ssm.onUnlockedUser-0_com.android.server.backup.BackupManagerService$Lifecycle took to complete: 0ms
01-09 16:27:38.843  1380  1531 D SystemServerTimingAsync: ssm.onUnlockedUser-0_com.android.server.appwidget.AppWidgetService
01-09 16:27:38.843  1380  1531 V SystemServerTimingAsync: ssm.onUnlockedUser-0_com.android.server.appwidget.AppWidgetService took to complete: 0ms
01-09 16:27:38.843  1380  1531 D SystemServerTimingAsync: ssm.onUnlockedUser-0_com.android.server.voiceinteraction.VoiceInteractionManagerService
01-09 16:27:38.843  1380  1531 V SystemServerTimingAsync: ssm.onUnlockedUser-0_com.android.server.voiceinteraction.VoiceInteractionManagerService took to complete: 0ms
01-09 16:27:38.843  1380  1531 D SystemServerTimingAsync: ssm.onUnlockedUser-0_com.android.server.GestureLauncherService
01-09 16:27:38.843  1380  1531 V SystemServerTimingAsync: ssm.onUnlockedUser-0_com.android.server.GestureLauncherService took to complete: 0ms
01-09 16:27:38.843  1380  1531 D SystemServerTimingAsync: ssm.onUnlockedUser-0_com.android.server.SensorNotificationService
01-09 16:27:38.843  1380  1531 V SystemServerTimingAsync: ssm.onUnlockedUser-0_com.android.server.SensorNotificationService took to complete: 0ms
01-09 16:27:38.843  1380  1531 D SystemServerTimingAsync: ssm.onUnlockedUser-0_com.android.server.emergency.EmergencyAffordanceService
01-09 16:27:38.843  1380  1531 V SystemServerTimingAsync: ssm.onUnlockedUser-0_com.android.server.emergency.EmergencyAffordanceService took to complete: 0ms
01-09 16:27:38.843  1380  1531 D SystemServerTimingAsync: ssm.onUnlockedUser-0_com.android.server.blob.BlobStoreManagerService
01-09 16:27:38.843  1380  1531 V SystemServerTimingAsync: ssm.onUnlockedUser-0_com.android.server.blob.BlobStoreManagerService took to complete: 0ms
01-09 16:27:38.843  1380  1531 D SystemServerTimingAsync: ssm.onUnlockedUser-0_com.android.server.dreams.DreamManagerService
01-09 16:27:38.843  1380  1531 V SystemServerTimingAsync: ssm.onUnlockedUser-0_com.android.server.dreams.DreamManagerService took to complete: 0ms
01-09 16:27:38.843  1380  1531 D SystemServerTimingAsync: ssm.onUnlockedUser-0_com.android.server.print.PrintManagerService
01-09 16:27:38.843  1380  1531 V SystemServerTimingAsync: ssm.onUnlockedUser-0_com.android.server.print.PrintManagerService took to complete: 0ms
01-09 16:27:38.843  1380  1531 D SystemServerTimingAsync: ssm.onUnlockedUser-0_com.android.server.security.AttestationVerificationManagerService
01-09 16:27:38.843  1380  1531 V SystemServerTimingAsync: ssm.onUnlockedUser-0_com.android.server.security.AttestationVerificationManagerService took to complete: 0ms
01-09 16:27:38.843  1380  1531 D SystemServerTimingAsync: ssm.onUnlockedUser-0_com.android.server.companion.CompanionDeviceManagerService
01-09 16:27:38.844  1380  1532 W ActivityManager: Slow operation: 71ms so far, now at startProcess: returned from zygote!
01-09 16:27:38.858  1380  1531 V SystemServerTimingAsync: ssm.onUnlockedUser-0_com.android.server.companion.CompanionDeviceManagerService took to complete: 14ms
01-09 16:27:38.858  1380  1531 D SystemServerTimingAsync: ssm.onUnlockedUser-0_com.android.server.companion.virtual.VirtualDeviceManagerService
01-09 16:27:38.858  1380  1531 V SystemServerTimingAsync: ssm.onUnlockedUser-0_com.android.server.companion.virtual.VirtualDeviceManagerService took to complete: 0ms
01-09 16:27:38.858  1380  1531 D SystemServerTimingAsync: ssm.onUnlockedUser-0_com.android.server.restrictions.RestrictionsManagerService
01-09 16:27:38.858  1380  1531 V SystemServerTimingAsync: ssm.onUnlockedUser-0_com.android.server.restrictions.RestrictionsManagerService took to complete: 0ms
01-09 16:27:38.858  1380  1531 D SystemServerTimingAsync: ssm.onUnlockedUser-0_com.android.server.media.MediaSessionService
01-09 16:27:38.858  1380  1531 V SystemServerTimingAsync: ssm.onUnlockedUser-0_com.android.server.media.MediaSessionService took to complete: 0ms
01-09 16:27:38.858  1380  1531 D SystemServerTimingAsync: ssm.onUnlockedUser-0_com.android.server.media.MediaResourceMonitorService
01-09 16:27:38.858  1380  1531 V SystemServerTimingAsync: ssm.onUnlockedUser-0_com.android.server.media.MediaResourceMonitorService took to complete: 0ms
01-09 16:27:38.858  1380  1531 D SystemServerTimingAsync: ssm.onUnlockedUser-0_com.android.server.biometrics.sensors.fingerprint.FingerprintService
01-09 16:27:38.858  1380  1531 V SystemServerTimingAsync: ssm.onUnlockedUser-0_com.android.server.biometrics.sensors.fingerprint.FingerprintService took to complete: 0ms
01-09 16:27:38.858  1380  1531 D SystemServerTimingAsync: ssm.onUnlockedUser-0_com.android.server.biometrics.BiometricService
01-09 16:27:38.858  1380  1531 V SystemServerTimingAsync: ssm.onUnlockedUser-0_com.android.server.biometrics.BiometricService took to complete: 0ms
01-09 16:27:38.859  1380  1531 D SystemServerTimingAsync: ssm.onUnlockedUser-0_com.android.server.biometrics.AuthService
01-09 16:27:38.859  1380  1531 V SystemServerTimingAsync: ssm.onUnlockedUser-0_com.android.server.biometrics.AuthService took to complete: 0ms
01-09 16:27:38.859  1380  1531 D SystemServerTimingAsync: ssm.onUnlockedUser-0_com.android.server.pm.ShortcutService$Lifecycle
01-09 16:27:38.859  1380  1531 V SystemServerTimingAsync: ssm.onUnlockedUser-0_com.android.server.pm.ShortcutService$Lifecycle took to complete: 0ms
01-09 16:27:38.859  1380  1531 D SystemServerTimingAsync: ssm.onUnlockedUser-0_com.android.server.pm.LauncherAppsService
01-09 16:27:38.859  1380  1531 V SystemServerTimingAsync: ssm.onUnlockedUser-0_com.android.server.pm.LauncherAppsService took to complete: 0ms
01-09 16:27:38.859  1380  1531 D SystemServerTimingAsync: ssm.onUnlockedUser-0_com.android.server.pm.CrossProfileAppsService
01-09 16:27:38.859  1380  1531 V SystemServerTimingAsync: ssm.onUnlockedUser-0_com.android.server.pm.CrossProfileAppsService took to complete: 0ms
01-09 16:27:38.859  1380  1531 D SystemServerTimingAsync: ssm.onUnlockedUser-0_com.android.server.people.PeopleService
01-09 16:27:38.868  1380  1531 V SystemServerTimingAsync: ssm.onUnlockedUser-0_com.android.server.people.PeopleService took to complete: 9ms
01-09 16:27:38.868  1380  1531 D SystemServerTimingAsync: ssm.onUnlockedUser-0_com.android.server.media.metrics.MediaMetricsManagerService
01-09 16:27:38.868  1380  1531 V SystemServerTimingAsync: ssm.onUnlockedUser-0_com.android.server.media.metrics.MediaMetricsManagerService took to complete: 0ms
01-09 16:27:38.868  1380  1531 D SystemServerTimingAsync: ssm.onUnlockedUser-0_com.android.server.pm.BackgroundInstallControlService
01-09 16:27:38.868  1380  1531 V SystemServerTimingAsync: ssm.onUnlockedUser-0_com.android.server.pm.BackgroundInstallControlService took to complete: 0ms
01-09 16:27:38.868  1380  1531 D SystemServerTimingAsync: ssm.onUnlockedUser-0_com.android.server.media.projection.MediaProjectionManagerService
01-09 16:27:38.868  1380  1531 V SystemServerTimingAsync: ssm.onUnlockedUser-0_com.android.server.media.projection.MediaProjectionManagerService took to complete: 0ms
01-09 16:27:38.868  1380  1531 D SystemServerTimingAsync: ssm.onUnlockedUser-0_com.android.server.slice.SliceManagerService$Lifecycle
01-09 16:27:38.868  1380  1531 V SystemServerTimingAsync: ssm.onUnlockedUser-0_com.android.server.slice.SliceManagerService$Lifecycle took to complete: 0ms
01-09 16:27:38.868  1380  1531 D SystemServerTimingAsync: ssm.onUnlockedUser-0_com.android.server.stats.StatsCompanion$Lifecycle
01-09 16:27:38.868  1380  1531 V SystemServerTimingAsync: ssm.onUnlockedUser-0_com.android.server.stats.StatsCompanion$Lifecycle took to complete: 0ms
01-09 16:27:38.868  1380  1531 D SystemServerTimingAsync: ssm.onUnlockedUser-0_com.android.server.scheduling.RebootReadinessManagerService$Lifecycle
01-09 16:27:38.868  1380  1531 V SystemServerTimingAsync: ssm.onUnlockedUser-0_com.android.server.scheduling.RebootReadinessManagerService$Lifecycle took to complete: 0ms
01-09 16:27:38.868  1380  1531 D SystemServerTimingAsync: ssm.onUnlockedUser-0_com.android.server.stats.pull.StatsPullAtomService
01-09 16:27:38.868  1380  1531 V SystemServerTimingAsync: ssm.onUnlockedUser-0_com.android.server.stats.pull.StatsPullAtomService took to complete: 0ms
01-09 16:27:38.868  1380  1531 D SystemServerTimingAsync: ssm.onUnlockedUser-0_com.android.server.stats.bootstrap.StatsBootstrapAtomService$Lifecycle
01-09 16:27:38.868  1380  1531 V SystemServerTimingAsync: ssm.onUnlockedUser-0_com.android.server.stats.bootstrap.StatsBootstrapAtomService$Lifecycle took to complete: 0ms
01-09 16:27:38.868  1380  1531 D SystemServerTimingAsync: ssm.onUnlockedUser-0_com.android.server.incident.IncidentCompanionService
01-09 16:27:38.868  1380  1531 V SystemServerTimingAsync: ssm.onUnlockedUser-0_com.android.server.incident.IncidentCompanionService took to complete: 0ms
01-09 16:27:38.868  1380  1531 D SystemServerTimingAsync: ssm.onUnlockedUser-0_com.android.server.sdksandbox.SdkSandboxManagerService$Lifecycle
01-09 16:27:38.868  1380  1531 V SystemServerTimingAsync: ssm.onUnlockedUser-0_com.android.server.sdksandbox.SdkSandboxManagerService$Lifecycle took to complete: 0ms
01-09 16:27:38.868  1380  1531 D SystemServerTimingAsync: ssm.onUnlockedUser-0_com.android.server.adservices.AdServicesManagerService$Lifecycle
01-09 16:27:38.868  1380  1531 V SystemServerTimingAsync: ssm.onUnlockedUser-0_com.android.server.adservices.AdServicesManagerService$Lifecycle took to complete: 0ms
01-09 16:27:38.868  1380  1531 D SystemServerTimingAsync: ssm.onUnlockedUser-0_com.android.server.ondevicepersonalization.OnDevicePersonalizationSystemService$Lifecycle
01-09 16:27:38.869  1380  1531 V SystemServerTimingAsync: ssm.onUnlockedUser-0_com.android.server.ondevicepersonalization.OnDevicePersonalizationSystemService$Lifecycle took to complete: 0ms
01-09 16:27:38.869  1380  1531 D SystemServerTimingAsync: ssm.onUnlockedUser-0_com.android.server.MmsServiceBroker
01-09 16:27:38.869  1380  1531 V SystemServerTimingAsync: ssm.onUnlockedUser-0_com.android.server.MmsServiceBroker took to complete: 0ms
01-09 16:27:38.869  1380  1531 D SystemServerTimingAsync: ssm.onUnlockedUser-0_com.android.server.autofill.AutofillManagerService
01-09 16:27:38.869  1380  1531 V SystemServerTimingAsync: ssm.onUnlockedUser-0_com.android.server.autofill.AutofillManagerService took to complete: 0ms
01-09 16:27:38.869  1380  1531 D SystemServerTimingAsync: ssm.onUnlockedUser-0_com.android.server.credentials.CredentialManagerService
01-09 16:27:38.869  1380  1531 V SystemServerTimingAsync: ssm.onUnlockedUser-0_com.android.server.credentials.CredentialManagerService took to complete: 0ms
01-09 16:27:38.869  1380  1531 D SystemServerTimingAsync: ssm.onUnlockedUser-0_com.android.server.selectiontoolbar.SelectionToolbarManagerService
01-09 16:27:38.869  1380  1531 V SystemServerTimingAsync: ssm.onUnlockedUser-0_com.android.server.selectiontoolbar.SelectionToolbarManagerService took to complete: 0ms
01-09 16:27:38.869  1380  1531 D SystemServerTimingAsync: ssm.onUnlockedUser-0_com.android.server.clipboard.ClipboardService
01-09 16:27:38.869  1380  1531 V SystemServerTimingAsync: ssm.onUnlockedUser-0_com.android.server.clipboard.ClipboardService took to complete: 0ms
01-09 16:27:38.869  1380  1531 D SystemServerTimingAsync: ssm.onUnlockedUser-0_com.android.server.appbinding.AppBindingService$Lifecycle
01-09 16:27:38.869  1380  1531 V SystemServerTimingAsync: ssm.onUnlockedUser-0_com.android.server.appbinding.AppBindingService$Lifecycle took to complete: 0ms
01-09 16:27:38.869  1380  1531 D SystemServerTimingAsync: ssm.onUnlockedUser-0_com.mediatek.powerhalservice.PowerHalMgrService
01-09 16:27:38.869  1380  1531 V SystemServerTimingAsync: ssm.onUnlockedUser-0_com.mediatek.powerhalservice.PowerHalMgrService took to complete: 0ms
01-09 16:27:38.869  1380  1531 D SystemServerTimingAsync: ssm.onUnlockedUser-0_com.mediatek.server.vow.VoiceWakeupBridgeService
01-09 16:27:38.869  1380  1531 V SystemServerTimingAsync: ssm.onUnlockedUser-0_com.mediatek.server.vow.VoiceWakeupBridgeService took to complete: 0ms
01-09 16:27:38.869  1380  1531 D SystemServerTimingAsync: ssm.onUnlockedUser-0_com.mediatek.server.MtkConnectivitySupplementalService
01-09 16:27:38.869  1380  1531 V SystemServerTimingAsync: ssm.onUnlockedUser-0_com.mediatek.server.MtkConnectivitySupplementalService took to complete: 0ms
01-09 16:27:38.869  1380  1531 D SystemServerTimingAsync: ssm.onUnlockedUser-0_com.mediatek.mbrainlocalservice.MBrainLocalService
01-09 16:27:38.869  1380  1531 V SystemServerTimingAsync: ssm.onUnlockedUser-0_com.mediatek.mbrainlocalservice.MBrainLocalService took to complete: 0ms
01-09 16:27:38.869  1380  1531 D SystemServerTimingAsync: ssm.onUnlockedUser-0_com.android.server.tracing.TracingServiceProxy
01-09 16:27:38.869  1380  1531 V SystemServerTimingAsync: ssm.onUnlockedUser-0_com.android.server.tracing.TracingServiceProxy took to complete: 0ms
01-09 16:27:38.869  1380  1531 D SystemServerTimingAsync: ssm.onUnlockedUser-0_com.android.server.policy.PermissionPolicyService
01-09 16:27:38.869  1380  1531 V SystemServerTimingAsync: ssm.onUnlockedUser-0_com.android.server.policy.PermissionPolicyService took to complete: 0ms
01-09 16:27:38.869  1380  1531 D SystemServerTimingAsync: ssm.onUnlockedUser-0_com.android.server.pm.StagingManager$Lifecycle
01-09 16:27:38.869  1380  1531 V SystemServerTimingAsync: ssm.onUnlockedUser-0_com.android.server.pm.StagingManager$Lifecycle took to complete: 0ms
01-09 16:27:38.869  1380  1531 D SystemServerTimingAsync: ssm.onUnlockedUser-0_com.android.server.app.GameManagerService$Lifecycle
01-09 16:27:38.869  1380  1531 V SystemServerTimingAsync: ssm.onUnlockedUser-0_com.android.server.app.GameManagerService$Lifecycle took to complete: 0ms
01-09 16:27:38.869  1380  1531 D SystemServerTimingAsync: ssm.onUnlockedUser-0_com.android.safetycenter.SafetyCenterService
01-09 16:27:38.869  1380  1531 V SystemServerTimingAsync: ssm.onUnlockedUser-0_com.android.safetycenter.SafetyCenterService took to complete: 0ms
01-09 16:27:38.869  1380  1531 D SystemServerTimingAsync: ssm.onUnlockedUser-0_com.android.server.appsearch.AppSearchModule$Lifecycle
01-09 16:27:38.869  1380  1531 V SystemServerTimingAsync: ssm.onUnlockedUser-0_com.android.server.appsearch.AppSearchModule$Lifecycle took to complete: 0ms
01-09 16:27:38.869  1380  1531 D SystemServerTimingAsync: ssm.onUnlockedUser-0_com.android.server.compos.IsolatedCompilationService
01-09 16:27:38.869  1380  1531 V SystemServerTimingAsync: ssm.onUnlockedUser-0_com.android.server.compos.IsolatedCompilationService took to complete: 0ms
01-09 16:27:38.869  1380  1531 D SystemServerTimingAsync: ssm.onUnlockedUser-0_com.android.server.media.MediaCommunicationService
01-09 16:27:38.869  1380  1531 V SystemServerTimingAsync: ssm.onUnlockedUser-0_com.android.server.media.MediaCommunicationService took to complete: 0ms
01-09 16:27:38.869  1380  1531 D SystemServerTimingAsync: ssm.onUnlockedUser-0_com.android.server.compat.overrides.AppCompatOverridesService$Lifecycle
01-09 16:27:38.869  1380  1531 V SystemServerTimingAsync: ssm.onUnlockedUser-0_com.android.server.compat.overrides.AppCompatOverridesService$Lifecycle took to complete: 0ms
01-09 16:27:38.869  1380  1531 D SystemServerTimingAsync: ssm.onUnlockedUser-0_com.android.server.healthconnect.HealthConnectManagerService
01-09 16:27:38.869  1380  1531 D HealthConnectManagerService: switchToSetupForUser: UserHandle{0}
01-09 16:27:38.877  1380  1531 D HealthConnectBackupRestore: Performing user switch operations.
01-09 16:27:38.883  1380  1531 V SystemServerTimingAsync: ssm.onUnlockedUser-0_com.android.server.healthconnect.HealthConnectManagerService took to complete: 14ms
