--------- beginning of events
04-08 10:16:30.805 I/snet_event_log(  492): [121035042,-1,]
04-08 10:16:30.812 I/auditd  (  492): SELinux: Loaded service_contexts from:
04-08 10:16:30.812 I/auditd  (  492):     /system/etc/selinux/plat_service_contexts
04-08 10:16:30.812 I/auditd  (  492):     /system_ext/etc/selinux/system_ext_service_contexts
04-08 10:16:30.812 I/auditd  (  492):     /product/etc/selinux/product_service_contexts
04-08 10:16:30.812 I/auditd  (  492):     /vendor/etc/selinux/vendor_service_contexts
04-08 10:16:30.818 I/snet_event_log(  495): [121035042,-1,]
01-01 08:00:00.064 I/auditd  (  489): type=2000 audit(0.0:1): state=initialized audit_enabled=0 res=1
04-08 10:16:29.032 I/auditd  (  489): type=1403 audit(0.0:2): auid=4294967295 ses=4294967295 lsm=selinux res=1
04-08 10:16:29.540 I/auditd  (    1): type=1400 audit(0.0:3): avc: denied { relabelto } for comm="init" name="kitting" dev="tmpfs" ino=12158 scontext=u:r:init:s0 tcontext=u:object_r:kitting_block_device:s0 tclass=lnk_file permissive=1
04-08 10:16:29.820 I/auditd  (    1): type=1107 audit(0.0:4): uid=0 auid=4294967295 ses=4294967295 subj=u:r:init:s0 msg='avc: denied { read } for property=vts.native_server.on pid=0 uid=0 gid=0 scontext=u:r:vendor_init:s0 tcontext=u:object_r:vts_status_prop:s0 tclass=file permissive=1'
04-08 10:16:29.936 I/auditd  (    1): type=1107 audit(0.0:5): uid=0 auid=4294967295 ses=4294967295 subj=u:r:init:s0 msg='avc: denied { read } for property=init.svc.dplanner-2-0 pid=0 uid=0 gid=0 scontext=u:r:vendor_init:s0 tcontext=u:object_r:init_service_status_private_prop:s0 tclass=file permissive=1'
04-08 10:16:30.432 I/auditd  (  460): type=1400 audit(0.0:6): avc: denied { associate } for comm="init" name="boot_freq" scontext=u:object_r:proc_perfmgr:s0 tcontext=u:object_r:proc:s0 tclass=filesystem permissive=1
04-08 10:16:30.828 I/auditd  (    1): type=1107 audit(0.0:7): uid=0 auid=4294967295 ses=4294967295 subj=u:r:init:s0 msg='avc: denied { set } for property=persist.vendor.mtk.aeev.mode pid=460 uid=0 gid=0 scontext=u:r:vendor_init:s0 tcontext=u:object_r:vendor_mtk_persist_mtk_aeev_prop:s0 tclass=property_service permissive=1'
--------- beginning of system
04-08 10:16:30.925 I/vold    (  505): Vold 3.0 (the awakening) firing up
04-08 10:16:30.925 D/vold    (  505): Detected support for: ext4 f2fs vfat
04-08 10:16:30.928 W/vold    (  505): [libfs_mgr]Warning: unknown flag: resize
04-08 10:16:30.933 D/vold    (  505): VoldNativeService::start() completed OK
04-08 10:16:31.556 I/auditd  (  460): type=1400 audit(0.0:8): avc: denied { associate } for comm="init" name="boot_boost" scontext=u:object_r:proc_perfmgr:s0 tcontext=u:object_r:proc:s0 tclass=filesystem permissive=1
04-08 10:16:31.568 I/auditd  (  584): type=1400 audit(0.0:9): avc: denied { dac_read_search } for comm="aee_aed" capability=2 scontext=u:r:crash_dump:s0 tcontext=u:r:crash_dump:s0 tclass=capability permissive=1
04-08 10:16:31.592 I/auditd  (  586): type=1400 audit(0.0:10): avc: denied { dac_read_search } for comm="aee_aedv" capability=2 scontext=u:r:aee_aedv:s0 tcontext=u:r:aee_aedv:s0 tclass=capability permissive=1
04-08 10:16:31.668 I/keystore2(  593): keystore2_main: Keystore2 is starting.
04-08 10:16:31.669 I/keystore2(  593): keystore2_main: Setting up sqlite logging for keystore2
04-08 10:16:31.670 W/keystore2(  593): keystore2::metrics_store: In update_keystore_crash_sysprop: Failed to read the existing system property due to: In read_keystore_crash_count: Property not set..Therefore, keystore crashes will not be logged.
04-08 10:16:31.672 I/keystore2(  593): keystore2_main: Starting thread pool now.
04-08 10:16:31.682 I/keystore2(  593): keystore2::globals: Add emulation wrapper around Keymaster device for security level: SecurityLevel(1)
04-08 10:16:31.682 I/keystore2(  593): keystore2::shared_secret_negotiation: Shared secret negotiation concluded successfully.
04-08 10:16:31.683 I/keystore2(  593): keystore2::shared_secret_negotiation: No StrongBox Keymint available, so no RoT transfer
04-08 10:16:31.685 I/keystore2(  593): keystore2_main: Not publishing IRemotelyProvisionedKeyPool service: In new_native_binder: Failed to get TEE Remote Provisioner instance.
04-08 10:16:31.685 I/keystore2(  593): 
04-08 10:16:31.685 I/keystore2(  593): Caused by:
04-08 10:16:31.685 I/keystore2(  593):     0: In get_remotely_provisioned_component.
04-08 10:16:31.685 I/keystore2(  593):     1: In connect_remotely_provisioned_component.
04-08 10:16:31.685 I/keystore2(  593):     2: Error::Km(ErrorCode(-68))
04-08 10:16:31.685 I/keystore2(  593): keystore2_main: Successfully registered Keystore 2.0 service.
04-08 10:16:31.685 I/keystore2(  593): keystore2_main: Joining thread pool now.
04-08 10:16:31.701 D/vold    (  505): fscrypt_mount_metadata_encrypted: /data encrypt: 0 format: 0 with null
04-08 10:16:31.702 D/vold    (  505): metadata_key_dir/key: /metadata/vold/metadata_encryption/key
04-08 10:16:31.703 D/vold    (  505): Key exists, using: /metadata/vold/metadata_encryption/key
04-08 10:16:31.706 I/auditd  (  593): SELinux: Loaded keystore2_key_contexts from:
04-08 10:16:31.706 I/auditd  (  593):     /system/etc/selinux/plat_keystore2_key_contexts
04-08 10:16:31.714 D/vold    (  505): Mounting metadata-encrypted filesystem:/data
04-08 10:16:31.715 I/vold    (  505): [libfs_mgr]Running /system/bin/fsck.f2fs -a -c 10000 --debug-cache /dev/block/dm-11
04-08 10:16:31.886 I/vold    (  505): [libfs_mgr]__mount(source=/dev/block/dm-11,target=/data,type=f2fs)=0: Success
04-08 10:16:31.886 D/vold    (  505): Mounted /data
04-08 10:16:31.973 I/Checkpoint(  505): cp_prepareCheckpoint called
04-08 10:16:31.996 I/vold    (  505): fscrypt_initialize_systemwide_keys
04-08 10:16:31.999 D/vold    (  505): Key exists, using: /data/unencrypted/key
04-08 10:16:32.007 D/vold    (  505): Installed fscrypt key with ref e22c743987e8ce81b8a1f1532999e8b1 to /data
04-08 10:16:32.007 D/vold    (  505): Added fscrypt-provisioning key for e22c743987e8ce81b8a1f1532999e8b1 to session keyring
04-08 10:16:32.009 I/vold    (  505): Wrote system DE key reference to:/data/unencrypted/ref
04-08 10:16:32.010 D/vold    (  505): Generating standard storage key
04-08 10:16:32.013 D/vold    (  505): Installed fscrypt key with ref 6ba4f326e946e848cc775c0315472997 to /data
04-08 10:16:32.013 D/vold    (  505): Added fscrypt-provisioning key for 6ba4f326e946e848cc775c0315472997 to session keyring
04-08 10:16:32.014 I/vold    (  505): Wrote per boot key reference to:/data/unencrypted/per_boot_ref
04-08 10:16:32.064 I/incfs   (  505): Initial API level of the device: 33
04-08 10:16:32.064 I/incfs   (  505): ro.incremental.enable: yes
04-08 10:16:32.065 I/incfs   (  505): isFsAvailable: true
04-08 10:16:32.065 I/incfs   (  505): isFsAvailable: true
04-08 10:16:32.065 I/incfs   (  505): IncFs_Features: v1
04-08 10:16:32.066 I/keystore2(  593): keystore2::maintenance: In early_boot_ended.
04-08 10:16:32.074 I/keystore2(  593): keystore2::globals: Touching Keystore 2.0 database for this first time since boot.
04-08 10:16:32.074 I/keystore2(  593): keystore2::globals: Calling cleanup leftovers.
04-08 10:16:32.080 I/keystore2(  593): keystore2::super_key: Starting boot level watcher.
04-08 10:16:32.081 I/keystore2(  593): keystore2::super_key: Read keystore.boot_level value 30
04-08 10:16:32.081 I/keystore2(  593): keystore2::super_key: Read keystore.boot_level value 30
04-08 10:16:32.081 I/keystore2(  593): keystore2::maintenance: Call to earlyBootEnded succeeded for security level TRUSTED_ENVIRONMENT.
04-08 10:16:32.081 E/keystore2(  593): keystore2::maintenance: Call to earlyBootEnded failed for security level STRONGBOX: In call_with_watchdog: getting keymint device.
04-08 10:16:32.082 E/keystore2(  593): keystore2::error: In call_with_watchdog: getting keymint device
04-08 10:16:32.082 E/keystore2(  593): 
04-08 10:16:32.082 E/keystore2(  593): Caused by:
04-08 10:16:32.082 E/keystore2(  593):     0: In get_keymint_device.
04-08 10:16:32.082 E/keystore2(  593):     1: In connect_keymint: Trying to get Legacy wrapper.
04-08 10:16:32.082 E/keystore2(  593):     2: Error::Km(ErrorCode(-68))
04-08 10:16:32.082 E/vold    (  505): keystore2 Keystore earlyBootEnded returned service specific error: -68
04-08 10:16:32.458 D/vold    (  505): fscrypt_init_user0
04-08 10:16:32.458 D/vold    (  505): Preparing: /data/misc/vold/user_keys
04-08 10:16:32.460 D/vold    (  505): Preparing: /data/misc/vold/user_keys/ce
04-08 10:16:32.460 D/vold    (  505): Preparing: /data/misc/vold/user_keys/de
04-08 10:16:32.466 D/vold    (  505): Installed fscrypt key with ref 787bec8432d67c484b8b479019aa1fee to /data
04-08 10:16:32.466 D/vold    (  505): Added fscrypt-provisioning key for 787bec8432d67c484b8b479019aa1fee to session keyring
04-08 10:16:32.466 D/vold    (  505): Installed de key for user 0
04-08 10:16:32.466 D/vold    (  505): fscrypt_prepare_user_storage for volume null, user 0, serial 0, flags 1
04-08 10:16:32.466 D/vold    (  505): Preparing: /data/system/users/0
04-08 10:16:32.466 D/vold    (  505): Preparing: /data/misc/profiles/cur/0
04-08 10:16:32.466 D/vold    (  505): Preparing: /data/system_de/0
04-08 10:16:32.466 D/vold    (  505): Preparing: /data/vendor_de/0
04-08 10:16:32.467 D/vold    (  505): Preparing: /data/misc_de/0
04-08 10:16:32.467 D/vold    (  505): Preparing: /data/user_de/0
04-08 10:16:32.467 I/vold    (  505): Verified that /data/system_de/0 has the encryption policy 787bec8432d67c484b8b479019aa1fee v2 modes 1/4 flags 0xa
04-08 10:16:32.467 I/vold    (  505): Verified that /data/vendor_de/0 has the encryption policy 787bec8432d67c484b8b479019aa1fee v2 modes 1/4 flags 0xa
04-08 10:16:32.467 I/vold    (  505): Verified that /data/misc_de/0 has the encryption policy 787bec8432d67c484b8b479019aa1fee v2 modes 1/4 flags 0xa
04-08 10:16:32.467 I/vold    (  505): Verified that /data/user_de/0 has the encryption policy 787bec8432d67c484b8b479019aa1fee v2 modes 1/4 flags 0xa
04-08 10:16:32.467 D/vold    (  505): /system/bin/vold_prepare_subdirs
04-08 10:16:32.467 D/vold    (  505):     prepare
04-08 10:16:32.467 D/vold    (  505):     
04-08 10:16:32.467 D/vold    (  505):     0
04-08 10:16:32.467 D/vold    (  505):     1
04-08 10:16:32.493 D/vold    (  505): Detected support for FS_IOC_ADD_ENCRYPTION_KEY
04-08 10:16:32.546 I/odsign  (  634): Device doesn't support updatable APEX, exiting.
04-08 10:16:32.576 I/keystore2(  593): keystore2::super_key: keystore.boot_level 1000000000 hits maximum 1000000000, finishing.
04-08 10:16:33.312 I/auditd  (    1): type=1400 audit(0.0:11): avc: denied { write } for comm="init" name="discard_max_bytes" dev="sysfs" ino=43053 scontext=u:r:init:s0 tcontext=u:object_r:sysfs_devices_block:s0 tclass=file permissive=1
04-08 10:16:33.312 I/auditd  (    1): type=1400 audit(0.0:12): avc: denied { open } for comm="init" path="/sys/devices/platform/11270000.ufshci/host0/target0:0:0/0:0:0:2/block/sdc/queue/discard_max_bytes" dev="sysfs" ino=43053 scontext=u:r:init:s0 tcontext=u:object_r:sysfs_devices_block:s0 tclass=file permissive=1
--------- beginning of radio
04-08 10:16:33.666 I/terservice(  740): [terserver] service not enabled. exit.
04-08 10:16:33.671 D/BootLogoUpdater(  726): [boot_logo_updater main 186]boot_logo_updater,
04-08 10:16:33.673 E/BootLogoUpdater(  726): [boot_logo_updater]fail to open: /sys/class/BOOT/BOOT/boot/boot_mode
04-08 10:16:33.673 E/BootLogoUpdater(  726): [boot_logo_updater]update boot reason = 0, ret = 0
04-08 10:16:33.668 I/auditd  (    1): type=1107 audit(0.0:13): uid=0 auid=4294967295 ses=4294967295 subj=u:r:init:s0 msg='avc: denied { set } for property=vendor.sys.boot.reason pid=726 uid=0 gid=1003 scontext=u:r:boot_logo_updater:s0 tcontext=u:object_r:vendor_default_prop:s0 tclass=property_service permissive=1'
04-08 10:16:33.672 I/auditd  (  726): type=1400 audit(0.0:14): avc: denied { getattr } for comm="boot_logo_updat" path="/dev/kmsg" dev="tmpfs" ino=12112 scontext=u:r:boot_logo_updater:s0 tcontext=u:object_r:kmsg_device:s0 tclass=chr_file permissive=1
04-08 10:16:33.688 I/auditd  (  726): type=1400 audit(0.0:15): avc: denied { read } for comm="boot_logo_updat" name="sdc24" dev="tmpfs" ino=17435 scontext=u:r:boot_logo_updater:s0 tcontext=u:object_r:vendor_custom_ab_block_device:s0 tclass=blk_file permissive=1
04-08 10:16:33.688 I/auditd  (  726): type=1400 audit(0.0:16): avc: denied { open } for comm="boot_logo_updat" path="/dev/block/sdc24" dev="tmpfs" ino=17435 scontext=u:r:boot_logo_updater:s0 tcontext=u:object_r:vendor_custom_ab_block_device:s0 tclass=blk_file permissive=1
04-08 10:16:33.700 I/NVRAM   (  743): MD1 set status: vendor.mtk.md1.status=init 
04-08 10:16:33.701 I/NVRAM   (  743): MD0 set status: mtk.md0.status=init 
04-08 10:16:33.701 I/NVRAM   (  743): MD1 set status: vendor.mtk.md1.status=reset 
04-08 10:16:33.702 I/NVRAM   (  743): MD1 set status: mtk.md1.status=reset 
04-08 10:16:33.724 I/auditd  (  752): type=1400 audit(0.0:17): avc: denied { read } for comm="nvram_daemon" name="cmdline" dev="proc" ino=4026532177 scontext=u:r:nvram_daemon:s0 tcontext=u:object_r:proc_cmdline:s0 tclass=file permissive=1
04-08 10:16:33.724 I/auditd  (  752): type=1400 audit(0.0:18): avc: denied { open } for comm="nvram_daemon" path="/proc/cmdline" dev="proc" ino=4026532177 scontext=u:r:nvram_daemon:s0 tcontext=u:object_r:proc_cmdline:s0 tclass=file permissive=1
04-08 10:16:33.724 I/auditd  (  752): type=1400 audit(0.0:19): avc: denied { getattr } for comm="nvram_daemon" path="/proc/cmdline" dev="proc" ino=4026532177 scontext=u:r:nvram_daemon:s0 tcontext=u:object_r:proc_cmdline:s0 tclass=file permissive=1
04-08 10:16:33.728 I/auditd  (  752): type=1400 audit(0.0:20): avc: denied { search } for comm="nvram_daemon" name="android" dev="sysfs" ino=38 scontext=u:r:nvram_daemon:s0 tcontext=u:object_r:sysfs_dt_firmware_android:s0 tclass=dir permissive=1
04-08 10:16:33.740 I/auditd  (  752): type=1400 audit(0.0:21): avc: denied { read } for comm="nvram_daemon" name="compatible" dev="sysfs" ino=42 scontext=u:r:nvram_daemon:s0 tcontext=u:object_r:sysfs_dt_firmware_android:s0 tclass=file permissive=1
04-08 10:16:33.740 I/auditd  (  752): type=1400 audit(0.0:22): avc: denied { open } for comm="nvram_daemon" path="/sys/firmware/devicetree/base/firmware/android/compatible" dev="sysfs" ino=42 scontext=u:r:nvram_daemon:s0 tcontext=u:object_r:sysfs_dt_firmware_android:s0 tclass=file permissive=1
04-08 10:16:33.740 I/auditd  (  752): type=1400 audit(0.0:23): avc: denied { getattr } for comm="nvram_daemon" path="/sys/firmware/devicetree/base/firmware/android/compatible" dev="sysfs" ino=42 scontext=u:r:nvram_daemon:s0 tcontext=u:object_r:sysfs_dt_firmware_android:s0 tclass=file permissive=1
04-08 10:16:33.740 I/auditd  (    1): type=1107 audit(0.0:24): uid=0 auid=4294967295 ses=4294967295 subj=u:r:init:s0 msg='avc: denied { set } for property=vendor.powerhal.gpu.acp.hint pid=713 uid=0 gid=1000 scontext=u:r:mtk_hal_power:s0 tcontext=u:object_r:vendor_mtk_powerhal_gpu_prop:s0 tclass=property_service permissive=1'
04-08 10:16:33.771 I/boot_progress_start(  650): 12677
04-08 10:16:33.776 I/auditd  (  460): type=1400 audit(0.0:25): avc: denied { create } for comm="init" name="ftm_status" scontext=u:r:vendor_init:s0 tcontext=u:object_r:tmpfs:s0 tclass=file permissive=1
04-08 10:16:33.776 I/auditd  (  460): type=1400 audit(0.0:26): avc: denied { write } for comm="init" path="/mnt/ftm_status" dev="tmpfs" ino=17789 scontext=u:r:vendor_init:s0 tcontext=u:object_r:tmpfs:s0 tclass=file permissive=1
04-08 10:16:33.784 I/auditd  (    1): type=1107 audit(0.0:27): uid=0 auid=4294967295 ses=4294967295 subj=u:r:init:s0 msg='avc: denied { set } for property=service.adb.root pid=460 uid=0 gid=0 scontext=u:r:vendor_init:s0 tcontext=u:object_r:shell_prop:s0 tclass=property_service permissive=1'
04-08 10:16:33.792 I/auditd  (  788): type=1400 audit(0.0:28): avc: denied { execute } for comm="init" name="fqc_config_service" dev="dm-7" ino=203 scontext=u:r:init:s0 tcontext=u:object_r:vendor_file:s0 tclass=file permissive=1
04-08 10:16:33.792 I/auditd  (  788): type=1400 audit(0.0:29): avc: denied { entrypoint } for comm="init" path="/vendor/bin/fqc_config_service" dev="dm-7" ino=203 scontext=u:r:shell:s0 tcontext=u:object_r:vendor_file:s0 tclass=file permissive=1
04-08 10:16:33.812 I/auditd  (  788): type=1400 audit(0.0:30): avc: denied { read } for comm="fqc_config_serv" name="fqc_config_service" dev="dm-7" ino=203 scontext=u:r:shell:s0 tcontext=u:object_r:vendor_file:s0 tclass=file permissive=1
04-08 10:16:33.812 I/auditd  (  788): type=1400 audit(0.0:31): avc: denied { open } for comm="fqc_config_serv" path="/vendor/bin/fqc_config_service" dev="dm-7" ino=203 scontext=u:r:shell:s0 tcontext=u:object_r:vendor_file:s0 tclass=file permissive=1
04-08 10:16:33.812 I/auditd  (  721): type=1400 audit(0.0:32): avc: denied { read } for comm="audioserver" name="u:object_r:vendor_default_prop:s0" dev="tmpfs" ino=18759 scontext=u:r:audioserver:s0 tcontext=u:object_r:vendor_default_prop:s0 tclass=file permissive=1
04-08 10:16:33.812 I/auditd  (  721): type=1400 audit(0.0:33): avc: denied { open } for comm="audioserver" path="/dev/__properties__/u:object_r:vendor_default_prop:s0" dev="tmpfs" ino=18759 scontext=u:r:audioserver:s0 tcontext=u:object_r:vendor_default_prop:s0 tclass=file permissive=1
04-08 10:16:33.812 I/auditd  (  721): type=1400 audit(0.0:34): avc: denied { getattr } for comm="audioserver" path="/dev/__properties__/u:object_r:vendor_default_prop:s0" dev="tmpfs" ino=18759 scontext=u:r:audioserver:s0 tcontext=u:object_r:vendor_default_prop:s0 tclass=file permissive=1
04-08 10:16:33.812 I/auditd  (  721): type=1400 audit(0.0:35): avc: denied { map } for comm="audioserver" path="/dev/__properties__/u:object_r:vendor_default_prop:s0" dev="tmpfs" ino=18759 scontext=u:r:audioserver:s0 tcontext=u:object_r:vendor_default_prop:s0 tclass=file permissive=1
04-08 10:16:33.854 I/gsid    (  795): no DSU: No such file or directory
04-08 10:16:33.864 I/auditd  (  738): type=1400 audit(0.0:36): avc: denied { open } for comm="surfaceflinger" path="/dev/__properties__/u:object_r:vendor_default_prop:s0" dev="tmpfs" ino=18759 scontext=u:r:surfaceflinger:s0 tcontext=u:object_r:vendor_default_prop:s0 tclass=file permissive=1
04-08 10:16:33.864 I/auditd  (  738): type=1400 audit(0.0:37): avc: denied { getattr } for comm="surfaceflinger" path="/dev/__properties__/u:object_r:vendor_default_prop:s0" dev="tmpfs" ino=18759 scontext=u:r:surfaceflinger:s0 tcontext=u:object_r:vendor_default_prop:s0 tclass=file permissive=1
04-08 10:16:33.864 I/auditd  (  738): type=1400 audit(0.0:38): avc: denied { map } for comm="surfaceflinger" path="/dev/__properties__/u:object_r:vendor_default_prop:s0" dev="tmpfs" ino=18759 scontext=u:r:surfaceflinger:s0 tcontext=u:object_r:vendor_default_prop:s0 tclass=file permissive=1
04-08 10:16:34.156 I/auditd  (    1): type=1107 audit(0.0:39): uid=0 auid=4294967295 ses=4294967295 subj=u:r:init:s0 msg='avc: denied { set } for property=persist.vendor.atm.mdmode pid=460 uid=0 gid=0 scontext=u:r:vendor_init:s0 tcontext=u:object_r:vendor_mtk_atm_mdmode_prop:s0 tclass=property_service permissive=1'
04-08 10:16:34.252 I/auditd  (  840): type=1400 audit(0.0:40): avc: denied { read } for comm="adbd" name="u:object_r:vendor_shnfc_prop:s0" dev="tmpfs" ino=18986 scontext=u:r:su:s0 tcontext=u:object_r:vendor_shnfc_prop:s0 tclass=file permissive=1
04-08 10:16:34.265 I/NVRAM   (  743): MD1 set status: vendor.mtk.md1.status=bootup 
04-08 10:16:34.266 I/NVRAM   (  743): MD1 set status: mtk.md1.status=bootup 
04-08 10:16:34.352 I/snet_event_log(  651): [200284993,-1,]
04-08 10:16:34.360 I/snet_event_log(  650): [200284993,-1,]
04-08 10:16:34.388 I/auditd  (    1): type=1400 audit(0.0:41): avc: denied { create } for comm="init" name="lbs_dbg" scontext=u:r:init:s0 tcontext=u:object_r:socket_device:s0 tclass=sock_file permissive=1
04-08 10:16:34.388 I/auditd  (    1): type=1400 audit(0.0:42): avc: denied { setattr } for comm="init" name="lbs_dbg" dev="tmpfs" ino=18164 scontext=u:r:init:s0 tcontext=u:object_r:socket_device:s0 tclass=sock_file permissive=1
04-08 10:16:34.481 I/installd(  956): installd firing up
04-08 10:16:34.552 I/boot_progress_preload_start(  650): 13458
04-08 10:16:34.648 I/auditd  (  994): type=1400 audit(0.0:43): avc: denied { search } for comm="fuelgauged_nvra" name="android" dev="sysfs" ino=38 scontext=u:r:fuelgauged_nvram:s0 tcontext=u:object_r:sysfs_dt_firmware_android:s0 tclass=dir permissive=1
04-08 10:16:34.648 I/auditd  (  994): type=1400 audit(0.0:44): avc: denied { read } for comm="fuelgauged_nvra" name="compatible" dev="sysfs" ino=42 scontext=u:r:fuelgauged_nvram:s0 tcontext=u:object_r:sysfs_dt_firmware_android:s0 tclass=file permissive=1
04-08 10:16:34.648 I/auditd  (  994): type=1400 audit(0.0:45): avc: denied { open } for comm="fuelgauged_nvra" path="/sys/firmware/devicetree/base/firmware/android/compatible" dev="sysfs" ino=42 scontext=u:r:fuelgauged_nvram:s0 tcontext=u:object_r:sysfs_dt_firmware_android:s0 tclass=file permissive=1
04-08 10:16:34.648 I/auditd  (  994): type=1400 audit(0.0:46): avc: denied { getattr } for comm="fuelgauged_nvra" path="/sys/firmware/devicetree/base/firmware/android/compatible" dev="sysfs" ino=42 scontext=u:r:fuelgauged_nvram:s0 tcontext=u:object_r:sysfs_dt_firmware_android:s0 tclass=file permissive=1
04-08 10:16:34.662 V/Zygote64Timing(  650): BeginPreload took to complete: 105ms
04-08 10:16:34.680 I/auditd  (  983): type=1400 audit(0.0:47): avc: denied { read } for comm="netdiag" name="u:object_r:vendor_default_prop:s0" dev="tmpfs" ino=18759 scontext=u:r:netdiag:s0 tcontext=u:object_r:vendor_default_prop:s0 tclass=file permissive=1
04-08 10:16:34.680 I/auditd  (  983): type=1400 audit(0.0:48): avc: denied { open } for comm="netdiag" path="/dev/__properties__/u:object_r:vendor_default_prop:s0" dev="tmpfs" ino=18759 scontext=u:r:netdiag:s0 tcontext=u:object_r:vendor_default_prop:s0 tclass=file permissive=1
04-08 10:16:34.680 I/auditd  (  983): type=1400 audit(0.0:49): avc: denied { getattr } for comm="netdiag" path="/dev/__properties__/u:object_r:vendor_default_prop:s0" dev="tmpfs" ino=18759 scontext=u:r:netdiag:s0 tcontext=u:object_r:vendor_default_prop:s0 tclass=file permissive=1
04-08 10:16:34.680 I/auditd  (  983): type=1400 audit(0.0:50): avc: denied { map } for comm="netdiag" path="/dev/__properties__/u:object_r:vendor_default_prop:s0" dev="tmpfs" ino=18759 scontext=u:r:netdiag:s0 tcontext=u:object_r:vendor_default_prop:s0 tclass=file permissive=1
04-08 10:16:34.684 V/Zygote32Timing(  651): PostZygoteInitGC took to complete: 121ms
04-08 10:16:34.684 V/Zygote32Timing(  651): ZygoteInit took to complete: 140ms
04-08 10:16:34.741 I/wificond(  988): wificond is starting up...
04-08 10:16:34.791 I/HidlServiceManagement(  988): Registered android.system.wifi.keystore@1.0::IKeystore/default
04-08 10:16:34.872 I/auditd  (  990): type=1400 audit(0.0:51): avc: denied { read } for comm="android.hardwar" name="u:object_r:default_prop:s0" dev="tmpfs" ino=18491 scontext=u:r:mediacodec:s0 tcontext=u:object_r:default_prop:s0 tclass=file permissive=1
04-08 10:16:34.872 I/auditd  (  990): type=1400 audit(0.0:52): avc: denied { open } for comm="android.hardwar" path="/dev/__properties__/u:object_r:default_prop:s0" dev="tmpfs" ino=18491 scontext=u:r:mediacodec:s0 tcontext=u:object_r:default_prop:s0 tclass=file permissive=1
04-08 10:16:34.872 I/auditd  (  990): type=1400 audit(0.0:53): avc: denied { getattr } for comm="android.hardwar" path="/dev/__properties__/u:object_r:default_prop:s0" dev="tmpfs" ino=18491 scontext=u:r:mediacodec:s0 tcontext=u:object_r:default_prop:s0 tclass=file permissive=1
04-08 10:16:34.872 I/auditd  (  990): type=1400 audit(0.0:54): avc: denied { map } for comm="android.hardwar" path="/dev/__properties__/u:object_r:default_prop:s0" dev="tmpfs" ino=18491 scontext=u:r:mediacodec:s0 tcontext=u:object_r:default_prop:s0 tclass=file permissive=1
04-08 10:16:34.920 I/auditd  (  940): type=1400 audit(0.0:55): avc: denied { read } for comm="cameraserver" name="thermal" dev="sysfs" ino=22742 scontext=u:r:cameraserver:s0 tcontext=u:object_r:sysfs:s0 tclass=dir permissive=1
04-08 10:16:34.920 I/auditd  (  940): type=1400 audit(0.0:56): avc: denied { open } for comm="cameraserver" path="/sys/class/thermal" dev="sysfs" ino=22742 scontext=u:r:cameraserver:s0 tcontext=u:object_r:sysfs:s0 tclass=dir permissive=1
04-08 10:16:34.940 I/auditd  ( 1012): type=1400 audit(0.0:57): avc: denied { read } for comm="vendor.mediatek" name="ion" dev="tmpfs" ino=19513 scontext=u:r:mtk_hal_pq:s0 tcontext=u:object_r:ion_device:s0 tclass=chr_file permissive=1
04-08 10:16:34.940 I/auditd  ( 1012): type=1400 audit(0.0:58): avc: denied { open } for comm="vendor.mediatek" path="/dev/ion" dev="tmpfs" ino=19513 scontext=u:r:mtk_hal_pq:s0 tcontext=u:object_r:ion_device:s0 tclass=chr_file permissive=1
04-08 10:16:34.940 I/auditd  ( 1012): type=1400 audit(0.0:59): avc: denied { ioctl } for comm="vendor.mediatek" path="/dev/ion" dev="tmpfs" ino=19513 ioctlcmd=0x4901 scontext=u:r:mtk_hal_pq:s0 tcontext=u:object_r:ion_device:s0 tclass=chr_file permissive=1
04-08 10:16:34.954 I/storaged(  987): Unable to get AIDL health service, trying HIDL...
04-08 10:16:35.176 I/auditd  (    1): type=1107 audit(0.0:60): uid=0 auid=4294967295 ses=4294967295 subj=u:r:init:s0 msg='avc: denied { set } for property=vendor.pullFWlog pid=1113 uid=2000 gid=1007 scontext=u:r:connsyslogger:s0 tcontext=u:object_r:vendor_default_prop:s0 tclass=property_service permissive=1'
04-08 10:16:35.448 I/auditd  (  663): type=1400 audit(0.0:61): avc: denied { search } for comm="audio.service.m" name="/" dev="sdc5" ino=2 scontext=u:r:mtk_hal_audio:s0 tcontext=u:object_r:nvcfg_file:s0 tclass=dir permissive=1
04-08 10:16:35.448 I/auditd  (  663): type=1400 audit(0.0:62): avc: denied { read } for comm="audio.service.m" name="aw_cali.bin" dev="sdc5" ino=20 scontext=u:r:mtk_hal_audio:s0 tcontext=u:object_r:nvcfg_file:s0 tclass=file permissive=1
04-08 10:16:35.448 I/auditd  (  663): type=1400 audit(0.0:63): avc: denied { open } for comm="audio.service.m" path="/mnt/vendor/nvcfg/audio/aw_cali.bin" dev="sdc5" ino=20 scontext=u:r:mtk_hal_audio:s0 tcontext=u:object_r:nvcfg_file:s0 tclass=file permissive=1
04-08 10:16:35.948 I/auditd  (  991): type=1400 audit(0.0:64): avc: denied { read } for comm="camerahalserver" name="u:object_r:default_prop:s0" dev="tmpfs" ino=18491 scontext=u:r:mtk_hal_camera:s0 tcontext=u:object_r:default_prop:s0 tclass=file permissive=1
04-08 10:16:35.952 I/auditd  (  991): type=1400 audit(0.0:65): avc: denied { open } for comm="camerahalserver" path="/dev/__properties__/u:object_r:default_prop:s0" dev="tmpfs" ino=18491 scontext=u:r:mtk_hal_camera:s0 tcontext=u:object_r:default_prop:s0 tclass=file permissive=1
04-08 10:16:35.952 I/auditd  (  991): type=1400 audit(0.0:66): avc: denied { getattr } for comm="camerahalserver" path="/dev/__properties__/u:object_r:default_prop:s0" dev="tmpfs" ino=18491 scontext=u:r:mtk_hal_camera:s0 tcontext=u:object_r:default_prop:s0 tclass=file permissive=1
04-08 10:16:35.952 I/auditd  (  991): type=1400 audit(0.0:67): avc: denied { map } for comm="camerahalserver" path="/dev/__properties__/u:object_r:default_prop:s0" dev="tmpfs" ino=18491 scontext=u:r:mtk_hal_camera:s0 tcontext=u:object_r:default_prop:s0 tclass=file permissive=1
04-08 10:16:36.191 I/NVRAM   (  743): MD1 set status: vendor.mtk.md1.status=ready 
04-08 10:16:36.191 I/NVRAM   (  743): MD1 set status: mtk.md1.status=ready 
04-08 10:16:36.232 E/RILMUXD ( 1178): 4081:main(): Enter
04-08 10:16:36.237 I/RILMUXD ( 1178): 4125:main(): ccci_get_node_name=/dev/ttyC0
04-08 10:16:36.237 E/RILMUXD ( 1178): 4361:getSimCount(): getSimCount ro.boot.opt_sim_count = 0
04-08 10:16:36.237 E/RILMUXD ( 1178): 4365:getSimCount(): getSimCount prop = dsds
04-08 10:16:36.238 E/RILMUXD ( 1178): 4263:main(): /vendor/bin/gsm0710muxd $Rev: 1 $ starting
04-08 10:16:36.239 I/RILMUXD ( 1178): 3378:open_serial_device(): Opened serial port,serial->fd=0
04-08 10:16:36.239 I/RILMUXD ( 1178): 3448:open_serial_device(): Configured serial device
04-08 10:16:36.239 I/RILMUXD ( 1178): 3713:watchdog(): Watchdog started
04-08 10:16:36.239 I/RILMUXD ( 1178): 3520:start_muxer(): Configuring modem
04-08 10:16:36.239 I/RILMUXD ( 1178): 2119:poll_modem_ready(): gsm0710muxd: wait for modem boot up
04-08 10:16:36.239 I/RILMUXD ( 1178): 2138:poll_modem_ready(): Selected 1
04-08 10:16:36.239 I/RILMUXD ( 1178): 2143:poll_modem_ready(): Read 43 bytes from serial device
04-08 10:16:36.239 E/RILMUXD ( 1178): 746:syslogdumpLv(): <sw  0d 0a 2b 45 49 4d 53 47 45 4f 3a 20 31 30 30 2c 31 2c 22 22 2c 22 22 2c 22 22 2c 22 22 2c 22 22 2c 22 22 2c 22 22 2c 22 22 0d 0a 
04-08 10:16:36.239 I/RILMUXD ( 1178): 2146:poll_modem_ready(): serial device buff: 
04-08 10:16:36.239 I/RILMUXD ( 1178): +EIMSGEO: 100,1,"","","","","","","",""
04-08 10:16:36.239 I/RILMUXD ( 1178): 2138:poll_modem_ready(): Selected 1
04-08 10:16:36.239 I/RILMUXD ( 1178): 2143:poll_modem_ready(): Read 41 bytes from serial device
04-08 10:16:36.240 E/RILMUXD ( 1178): 746:syslogdumpLv(): <sw  0d 0a 2b 45 57 49 46 49 52 53 53 49 54 48 52 43 46 47 3a 20 30 2c 34 2c 2d 38 35 2c 2d 38 38 2c 2d 37 35 2c 2d 37 38 0d 0a 
04-08 10:16:36.240 I/RILMUXD ( 1178): 2146:poll_modem_ready(): serial device buff: 
04-08 10:16:36.240 I/RILMUXD ( 1178): +EIMSGEO: 100,1,"","","","","","","",""
04-08 10:16:36.240 I/RILMUXD ( 1178): 
04-08 10:16:36.240 I/RILMUXD ( 1178): +EWIFIRSSITHRCFG: 0,4,-85,-88,-75,-78
04-08 10:16:36.240 I/RILMUXD ( 1178): 2138:poll_modem_ready(): Selected 1
04-08 10:16:36.240 I/RILMUXD ( 1178): 2143:poll_modem_ready(): Read 41 bytes from serial device
04-08 10:16:36.240 E/RILMUXD ( 1178): 746:syslogdumpLv(): <sw  0d 0a 2b 45 57 49 46 49 52 53 53 49 54 48 52 43 46 47 3a 20 30 2c 34 2c 2d 38 35 2c 2d 38 38 2c 2d 37 35 2c 2d 37 38 0d 0a 
04-08 10:16:36.240 I/RILMUXD ( 1178): 2146:poll_modem_ready(): serial device buff: 
04-08 10:16:36.240 I/RILMUXD ( 1178): +EIMSGEO: 100,1,"","","","","","","",""
04-08 10:16:36.240 I/RILMUXD ( 1178): 
04-08 10:16:36.240 I/RILMUXD ( 1178): +EWIFIRSSITHRCFG: 0,4,-85,-88,-75,-78
04-08 10:16:36.240 I/RILMUXD ( 1178): 
04-08 10:16:36.240 I/RILMUXD ( 1178): +EWIFIRSSITHRCFG: 0,4,-85,-88,-75,-78
04-08 10:16:36.263 I/RILMUXD ( 1178): 2138:poll_modem_ready(): Selected 1
04-08 10:16:36.263 I/RILMUXD ( 1178): 2143:poll_modem_ready(): Read 13 bytes from serial device
04-08 10:16:36.263 E/RILMUXD ( 1178): 746:syslogdumpLv(): <sw  0d 0a 2b 45 49 4e 44 3a 20 36 34 0d 0a 
04-08 10:16:36.263 I/RILMUXD ( 1178): 2146:poll_modem_ready(): serial device buff: 
04-08 10:16:36.263 I/RILMUXD ( 1178): +EIMSGEO: 100,1,"","","","","","","",""
04-08 10:16:36.263 I/RILMUXD ( 1178): 
04-08 10:16:36.263 I/RILMUXD ( 1178): +EWIFIRSSITHRCFG: 0,4,-85,-88,-75,-78
04-08 10:16:36.263 I/RILMUXD ( 1178): 
04-08 10:16:36.263 I/RILMUXD ( 1178): +EWIFIRSSITHRCFG: 0,4,-85,-88,-75,-78
04-08 10:16:36.263 I/RILMUXD ( 1178): 
04-08 10:16:36.263 I/RILMUXD ( 1178): +EIND: 64
04-08 10:16:36.463 D/MtkSubscriptionInfoUpdater(  650): initIccidStringForNoSim
04-08 10:16:36.508 I/auditd  (  650): type=1400 audit(0.0:68): avc: denied { read } for comm="main" name="u:object_r:vendor_default_prop:s0" dev="tmpfs" ino=18759 scontext=u:r:zygote:s0 tcontext=u:object_r:vendor_default_prop:s0 tclass=file permissive=1
04-08 10:16:36.508 I/auditd  (  650): type=1400 audit(0.0:69): avc: denied { read open } for comm="main" path="/dev/__properties__/u:object_r:vendor_default_prop:s0" dev="tmpfs" ino=18759 scontext=u:r:zygote:s0 tcontext=u:object_r:vendor_default_prop:s0 tclass=file permissive=1
04-08 10:16:36.546 I/RILMUXD ( 1178): 2138:poll_modem_ready(): Selected 1
04-08 10:16:36.546 I/RILMUXD ( 1178): 2143:poll_modem_ready(): Read 14 bytes from serial device
04-08 10:16:36.546 E/RILMUXD ( 1178): 746:syslogdumpLv(): <sw  0d 0a 2b 45 49 4e 44 3a 20 31 32 38 0d 0a 
04-08 10:16:36.546 I/RILMUXD ( 1178): 2146:poll_modem_ready(): serial device buff: 
04-08 10:16:36.546 I/RILMUXD ( 1178): +EIMSGEO: 100,1,"","","","","","","",""
04-08 10:16:36.546 I/RILMUXD ( 1178): 
04-08 10:16:36.546 I/RILMUXD ( 1178): +EWIFIRSSITHRCFG: 0,4,-85,-88,-75,-78
04-08 10:16:36.546 I/RILMUXD ( 1178): 
04-08 10:16:36.546 I/RILMUXD ( 1178): +EWIFIRSSITHRCFG: 0,4,-85,-88,-75,-78
04-08 10:16:36.546 I/RILMUXD ( 1178): 
04-08 10:16:36.546 I/RILMUXD ( 1178): +EIND: 64
04-08 10:16:36.546 I/RILMUXD ( 1178): 
04-08 10:16:36.546 I/RILMUXD ( 1178): +EIND: 128
04-08 10:16:36.546 I/RILMUXD ( 1178): 2149:poll_modem_ready(): Received +EIND: 128
04-08 10:16:36.546 E/RILMUXD ( 1178): 746:syslogdumpLv(): <sw  41 
04-08 10:16:36.546 E/RILMUXD ( 1178): 746:syslogdumpLv(): <sw  54 
04-08 10:16:36.546 E/RILMUXD ( 1178): 746:syslogdumpLv(): <sw  0d 
04-08 10:16:36.547 E/RILMUXD ( 1178): 746:syslogdumpLv(): <sw  0d 0a 4f 4b 0d 0a 
04-08 10:16:36.547 E/RILMUXD ( 1178): 746:syslogdumpLv(): <sw  41 
04-08 10:16:36.547 E/RILMUXD ( 1178): 746:syslogdumpLv(): <sw  54 
04-08 10:16:36.547 E/RILMUXD ( 1178): 746:syslogdumpLv(): <sw  5a 
04-08 10:16:36.547 E/RILMUXD ( 1178): 746:syslogdumpLv(): <sw  0d 
04-08 10:16:36.548 E/RILMUXD ( 1178): 746:syslogdumpLv(): <sw  0d 0a 4f 4b 0d 0a 
04-08 10:16:36.548 E/RILMUXD ( 1178): 746:syslogdumpLv(): <sw  41 
04-08 10:16:36.548 E/RILMUXD ( 1178): 746:syslogdumpLv(): <sw  54 
04-08 10:16:36.548 E/RILMUXD ( 1178): 746:syslogdumpLv(): <sw  45 
04-08 10:16:36.548 E/RILMUXD ( 1178): 746:syslogdumpLv(): <sw  30 
04-08 10:16:36.548 E/RILMUXD ( 1178): 746:syslogdumpLv(): <sw  0d 
04-08 10:16:36.549 E/RILMUXD ( 1178): 746:syslogdumpLv(): <sw  0d 0a 4f 4b 0d 0a 
04-08 10:16:36.549 I/RILMUXD ( 1178): 3573:start_muxer(): Starting mux mode
04-08 10:16:36.550 E/RILMUXD ( 1178): 746:syslogdumpLv(): <sw  2b 43 4d 55 58 3a 20 52 45 41 44 59 
04-08 10:16:36.550 E/RILMUXD ( 1178): 746:syslogdumpLv(): <sw  4f 4b 
04-08 10:16:36.550 I/RILMUXD ( 1178): 3791:watchdog(): Init control channel
04-08 10:16:36.508 I/auditd  (  650): type=1400 audit(0.0:70): avc: denied { getattr } for comm="main" path="/dev/__properties__/u:object_r:vendor_default_prop:s0" dev="tmpfs" ino=18759 scontext=u:r:zygote:s0 tcontext=u:object_r:vendor_default_prop:s0 tclass=file permissive=1
04-08 10:16:36.553 V/Zygote64Timing(  650): PreloadClasses took to complete: 1891ms
04-08 10:16:36.508 I/auditd  (  650): type=1400 audit(0.0:71): avc: denied { map } for comm="main" path="/dev/__properties__/u:object_r:vendor_default_prop:s0" dev="tmpfs" ino=18759 scontext=u:r:zygote:s0 tcontext=u:object_r:vendor_default_prop:s0 tclass=file permissive=1
04-08 10:16:36.579 I/RILMUXD ( 1178): 2941:extract_frames(): Finish MUX Channel Setup Procedure
04-08 10:16:36.580 I/RILMUXD ( 1178): 3824:watchdog(): ril-daemon stopped!
04-08 10:16:36.581 I/RILMUXD ( 1178): 3828:watchdog(): ril-daemon-mtk started!
04-08 10:16:36.581 I/RILMUXD ( 1178): 3832:watchdog(): muxd switch to user radio
04-08 10:16:36.606 V/Zygote64Timing(  650): CacheNonBootClasspathClassLoaders took to complete: 53ms
04-08 10:16:36.647 V/Zygote64Timing(  650): PreloadResources took to complete: 41ms
04-08 10:16:36.702 D/RilClientQueue( 1210): construct head message
04-08 10:16:36.736 I/RilOpProxy( 1210): initOpLibrary, init non mipc path
04-08 10:16:36.737 I/RilOpProxy( 1210): [initOpLibrary] dlopen failed error: dlopen failed: library "libmtk-rilop.so" not found
04-08 10:16:36.739 I/RILC    ( 1210): FUSION RIL getSimCount: 2
04-08 10:16:36.739 I/RIL-Fusion( 1210): entering mainLoop()
04-08 10:16:36.739 I/boot_progress_preload_end(  650): 15645
04-08 10:16:36.739 V/Zygote64Timing(  650): ZygotePreload took to complete: 2187ms
04-08 10:16:36.741 E/RILC    ( 1210): RIL_register: RIL version 15
04-08 10:16:36.741 E/RfxOpUtils( 1210): [initOpLibrary] return, sDlOpHandler = 0x0
04-08 10:16:36.741 I/RILC    ( 1210): s_registerCalled flag set, 1
04-08 10:16:36.741 I/RfxGwsdUtils( 1210): [initHandler] (null)
04-08 10:16:36.741 D/RatConfigC( 1210): getMaxRat: initial N/Lf/Lt/W/G
04-08 10:16:36.741 I/RfxViaUtils( 1210): [initViaHandler] not support C2K
04-08 10:16:36.741 I/RfxVsimUtils( 1210): VSIM is not supported.
04-08 10:16:36.741 E/SchedPolicy( 1210): open of /dev/cpuctl/bg_non_interactive/tasks failed: No such file or directory
04-08 10:16:36.741 D/RfxVersionMgr( 1210): init
04-08 10:16:36.741 I/RfxChannelMgr( 1210): IMS TTY channel exists!
04-08 10:16:36.742 I/RfxMainThread( 1210): initControllers start
04-08 10:16:36.742 I/RfxOpUtils( 1210): [getPreNonSlotOpCtlerList] return, sDlOpHandler == NULL
04-08 10:16:36.742 E/RfxChannel( 1210): path is empty, set fd to -1
04-08 10:16:36.742 E/AT      ( 1210): [1] m_fd is invalid
04-08 10:16:36.742 E/RfxChannelMgr( 1210): init urc first
04-08 10:16:36.742 I/AT      ( 1210): [0] threadLoop. RfxReader RIL_URC_READER init, channel id = 0, fd = 11
04-08 10:16:36.742 E/RfxChannelMgr( 1210): init urc first
04-08 10:16:36.743 I/AT      ( 1210): [0] AT< +EIND: 128 (RIL_URC_READER, tid:533445532928)
04-08 10:16:36.743 I/AT      ( 1210): [1] threadLoop. RfxReader RIL_URC2_READER init, channel id = 12, fd = 27
04-08 10:16:36.743 I/AT      ( 1210): [1] AT< +EIND: 128 (RIL_URC2_READER, tid:533443460352)
04-08 10:16:36.744 I/RILC    ( 1210): register service start
04-08 10:16:36.744 D/RtcSuppServQueue( 1210): Init RtcSuppServQueue's singleton instance!
04-08 10:16:36.745 D/RtcSuppServController( 1210): [-1] RtcSuppServController onInit!
04-08 10:16:36.746 I/VT RIL URC( 1210): RmcVtUrcHandler constructor
04-08 10:16:36.746 D/RmcImsVideoRingtoneUrcHandler( 1210): [1] RmcImsVideoRingtoneUrcHandler constructor
04-08 10:16:36.747 D/RmcImsRttCtlUrcHdl( 1210): [1] RmcImsRttControlUrcHandler constructor
04-08 10:16:36.747 D/RmcImsProvisioningUrcHandler( 1210): [1] RmcImsProvisioningUrcHandler constructor
04-08 10:16:36.747 I/VT RIL URC( 1210): RmcVtUrcHandler constructor
04-08 10:16:36.747 I/RmcCapa ( 1210): [1] constructor slot_id = 1, channel_id = 0
04-08 10:16:36.747 D/RmcNwHdlr( 1210): [1] Default nr_display_rule=1, jp_mode_timer1_delay_timer=20, jp_mode_timer2_delay_timer=20
04-08 10:16:36.747 D/RmcNwHdlr( 1210): [1] prop nr_display_rule=-1, jp_mode_timer1_delay_timer=-1, jp_mode_timer2_delay_timer=-1
04-08 10:16:36.747 D/RmcImsVideoRingtoneUrcHandler( 1210): [0] RmcImsVideoRingtoneUrcHandler constructor
04-08 10:16:36.747 D/RmcImsRttCtlUrcHdl( 1210): [0] RmcImsRttControlUrcHandler constructor
04-08 10:16:36.747 D/RmcImsProvisioningUrcHandler( 1210): [0] RmcImsProvisioningUrcHandler constructor
04-08 10:16:36.747 I/RmcCapa ( 1210): [0] constructor slot_id = 0, channel_id = 0
04-08 10:16:36.747 D/RmcNwHdlr( 1210): [0] Default nr_display_rule=1, jp_mode_timer1_delay_timer=20, jp_mode_timer2_delay_timer=20
04-08 10:16:36.748 D/RmcNwHdlr( 1210): [0] prop nr_display_rule=-1, jp_mode_timer1_delay_timer=-1, jp_mode_timer2_delay_timer=-1
04-08 10:16:36.748 D/RmcDcUrcHandler( 1210): [1]Notify ImsRegHandler URC registration is done
04-08 10:16:36.748 D/RmcDcUrcHandler( 1210): [0]Notify ImsRegHandler URC registration is done
04-08 10:16:36.748 I/RmcVsim ( 1210): [1] RmcVsimUrcHandler init slot: 1, ch id 0
04-08 10:16:36.748 E/AT      ( 1210): [1] threadLoop. Urc init done
04-08 10:16:36.749 D/RmcOemUrcHandler( 1210): [0] initRFCableStatusReader
04-08 10:16:36.749 I/RILC    ( 1210): radio::registerService IRadio slot1 status: 0
04-08 10:16:36.749 I/RmcVsim ( 1210): [0] RmcVsimUrcHandler init slot: 0, ch id 0
04-08 10:16:36.750 E/AT      ( 1210): [0] threadLoop. Urc init done
04-08 10:16:36.751 E/RfxChannelMgr( 1210): urcRegisterDone
04-08 10:16:36.751 E/RfxChannelMgr( 1210): init other channel
04-08 10:16:36.751 I/RmcOemUrcHandler( 1210): [0] rfCableStatusReaderLoop - RFCable status working thread
04-08 10:16:36.751 I/RmcOemUrcHandler( 1210): [0] [RmcOemUrcHandler] rfCableStatusReaderLoop: fd = 49
04-08 10:16:36.751 I/AT      ( 1210): [0] AT> AT+EMDVER? (RIL_CMD_READER_1 tid:533438274816)
04-08 10:16:36.752 I/AT      ( 1210): [0] threadLoop. RfxReader RIL_CMD_READER_2 init, channel id = 2, fd = 15
04-08 10:16:36.753 I/AT      ( 1210): [0] threadLoop. RfxReader RIL_CMD_READER_1 init, channel id = 1, fd = 14
04-08 10:16:36.754 I/AT      ( 1210): [0] AT< +EMDVER: "LWCTG one MD","1" (RIL_CMD_READER_1, tid:533439311104)
04-08 10:16:36.754 I/AT      ( 1210): [0] AT< +EMDVER: "DSS_NO_RESET","1" (RIL_CMD_READER_1, tid:533439311104)
04-08 10:16:36.754 I/AT      ( 1210): [0] AT< +EMDVER: "CDMA3G_DUAL_ACTIVATION","1" (RIL_CMD_READER_1, tid:533439311104)
04-08 10:16:36.754 I/AT      ( 1210): [0] AT< +EMDVER: "REG_REPORT_MODE","5" (RIL_CMD_READER_1, tid:533439311104)
04-08 10:16:36.754 I/AT      ( 1210): [0] AT< +EMDVER: "IMS_TEST_MODE","1" (RIL_CMD_READER_1, tid:533439311104)
04-08 10:16:36.754 D/RfxVersionMgr( 1210): waitLooper() begin
04-08 10:16:36.754 I/AT      ( 1210): [0] AT< +EMDVER: "POWER_ON_WITHOUT_ESIMS","1" (RIL_CMD_READER_1, tid:533439311104)
04-08 10:16:36.754 I/AT      ( 1210): [0] AT< +EMDVER: "ECFGRESET Supported","1" (RIL_CMD_READER_1, tid:533439311104)
04-08 10:16:36.754 I/AT      ( 1210): [0] AT< +EMDVER: "EMCI","1" (RIL_CMD_READER_1, tid:533439311104)
04-08 10:16:36.754 I/AT      ( 1210): [0] AT< +EMDVER: "IMS SUBMARINE","1" (RIL_CMD_READER_1, tid:533439311104)
04-08 10:16:36.754 I/AT      ( 1210): [0] AT< +EMDVER: "Full IA Parameter Supported","1" (RIL_CMD_READER_1, tid:533439311104)
04-08 10:16:36.754 I/AT      ( 1210): [0] AT< +EMDVER: "EDATASIM Supported","1" (RIL_CMD_READER_1, tid:533439311104)
04-08 10:16:36.754 I/AT      ( 1210): [0] AT< +EMDVER: "MD trigger edallow","1" (RIL_CMD_READER_1, tid:533439311104)
04-08 10:16:36.754 I/AT      ( 1210): [0] AT< +EMDVER: "IA MD Preferred APN","1" (RIL_CMD_READER_1, tid:533439311104)
04-08 10:16:36.754 I/AT      ( 1210): [0] AT< +EMDVER: "MD_MultiHoming","1" (RIL_CMD_READER_1, tid:533439311104)
04-08 10:16:36.754 I/AT      ( 1210): [0] AT< +EMDVER: "5G_SUPPORTED","1" (RIL_CMD_READER_1, tid:533439311104)
04-08 10:16:36.754 I/AT      ( 1210): [0] AT< +EMDVER: "GEMINI_NR_PLUS_SUPPORTED","1" (RIL_CMD_READER_1, tid:533439311104)
04-08 10:16:36.754 I/AT      ( 1210): [0] AT< +EMDVER: "SWITCH_OFF_SIM","1" (RIL_CMD_READER_1, tid:533439311104)
04-08 10:16:36.754 I/AT      ( 1210): [0] AT< +EMDVER: "IMS over 3gpp","3" (RIL_CMD_READER_1, tid:533439311104)
04-08 10:16:36.754 I/AT      ( 1210): [0] AT< +EMDVER: "SMB_SIMME_LOCK","1" (RIL_CMD_READER_1, tid:533439311104)
04-08 10:16:36.754 I/AT      ( 1210): [0] AT< +EMDVER: "STK_CALL_OVER_IMS","1" (RIL_CMD_READER_1, tid:533439311104)
04-08 10:16:36.754 I/AT      ( 1210): [0] AT< +EMDVER: "USSD_DOMAIN_SELECTION","1" (RIL_CMD_READER_1, tid:533439311104)
04-08 10:16:36.754 I/AT      ( 1210): [0] AT< +EMDVER: "STK_USSD_OVER_IMS","2" (RIL_CMD_READER_1, tid:533439311104)
04-08 10:16:36.754 I/AT      ( 1210): [0] AT< +EMDVER: "MD_RSRA","1" (RIL_CMD_READER_1, tid:533439311104)
04-08 10:16:36.755 I/AT      ( 1210): [0] threadLoop. RfxReader RIL_CMD_READER_4 init, channel id = 4, fd = 17
04-08 10:16:36.755 D/RmcSSHandler( 1210): [0] startUtInterface(): libutinterface_md.so
04-08 10:16:36.758 I/AT      ( 1210): [0] threadLoop. RfxReader RIL_CMD_RT_7 init, channel id = 6, fd = 19
04-08 10:16:36.758 I/AT      ( 1210): [0] AT< +EMDVER: "ATT 2G DISABLE IN MODEM","1" (RIL_CMD_READER_1, tid:533439311104)
04-08 10:16:36.758 I/AT      ( 1210): [0] AT< +EMDVER: "SIM_SWITCH_DURING_SIMLOCK","1" (RIL_CMD_READER_1, tid:533439311104)
04-08 10:16:36.758 I/AT      ( 1210): [0] AT< OK (RIL_CMD_READER_1, tid:533439311104)
04-08 10:16:36.758 D/RfxVersionMgr( 1210): waitLooper() end
04-08 10:16:36.758 I/VT RIL CMN RMC( 1210): [RMC VT REQ HDLR] RmcVtCommonReqHandler create (slot_id = 0)
04-08 10:16:36.758 D/RmcImsVideoRingToneReqHdl( 1210): [0] RmcImsVideoRingtoneRequestHandler constructor
04-08 10:16:36.758 I/AT      ( 1210): [0] AT> AT+ECFGSET="disable_cs_call","0" (RIL_CMD_READER_2 tid:533436202240)
04-08 10:16:36.759 I/AT      ( 1210): [0] threadLoop. RfxReader RIL_ATCI_READER init, channel id = 5, fd = 18
04-08 10:16:36.759 D/Atch    ( 1210): client connected, type = 6, fd = 60, fp = 0xb400007df8437db0
04-08 10:16:36.759 D/Atch    ( 1210): client connected, type = 6, fd = 62, fp = 0xb400007df8437e48
04-08 10:16:36.759 I/AT      ( 1210): [0] AT> AT+ECGLA=? (RIL_CMD_READER_3 tid:533434129664)
04-08 10:16:36.761 I/AT      ( 1210): [0] AT< ERROR (RIL_CMD_READER_2, tid:533437238528)
04-08 10:16:36.761 I/AT      ( 1210): [0] AT> AT+EINFO=1074 (RIL_CMD_READER_1 tid:533438274816)
04-08 10:16:36.762 D/RmcCCReqHandler( 1210): [0] queryEmciSupport, EMCI=1
04-08 10:16:36.763 I/AT      ( 1210): [0] AT> AT+EGMC=1,"stk_call_over_ims",1 (RIL_CMD_READER_2 tid:533436202240)
04-08 10:16:36.763 I/AT      ( 1210): [0] threadLoop. RfxReader RIL_CMD_READER_3 init, channel id = 3, fd = 16
04-08 10:16:36.763 I/AT      ( 1210): [0] AT< OK (RIL_CMD_READER_3, tid:533435165952)
04-08 10:16:36.764 D/RmcGwsdReqHdl( 1210): [0] RmcGwsdRequestHandler constructor
04-08 10:16:36.764 D/RmcImsProvisioningRequestHandler( 1210): [0] RmcImsProvisioningRequestHandler constructor
04-08 10:16:36.764 D/RmcImsRttCtlReqHdl( 1210): [0] RmcImsRttControlRequestHandler constructor
04-08 10:16:36.764 I/AT      ( 1210): [0] AT< OK (RIL_CMD_READER_1, tid:533439311104)
04-08 10:16:36.764 I/AT      ( 1210): [0] AT> AT+CIREG=2 (RIL_CMD_READER_3 tid:533434129664)
04-08 10:16:36.765 I/AT      ( 1210): [0] AT< +EGMC: "stk_call_over_ims",1 (RIL_CMD_READER_2, tid:533437238528)
04-08 10:16:36.765 I/AT      ( 1210): [0] AT< OK (RIL_CMD_READER_2, tid:533437238528)
04-08 10:16:36.765 E/RmcSSHandler( 1210): [0] hDll is NULL, dlerror: dlopen failed: library "libutinterface_md.so" not found
04-08 10:16:36.765 I/AT      ( 1210): [0] AT> AT+EGMC=1,"ecc_redial_notify",1 (RIL_CMD_READER_2 tid:533436202240)
04-08 10:16:36.766 D/RmcSSHandler( 1210): [0] startUtInterface(): libutinterface.so
04-08 10:16:36.766 I/AT      ( 1210): [0] AT> AT+EINFO=1082,401,0 (RIL_CMD_READER_1 tid:533438274816)
04-08 10:16:36.766 I/AT      ( 1210): [0] AT< OK (RIL_CMD_READER_3, tid:533435165952)
04-08 10:16:36.766 I/AT      ( 1210): [0] AT< +CIREGU: 0 (RIL_URC_READER, tid:533445532928)
04-08 10:16:36.766 I/RILC    ( 1210): radio::registerService IMtkRadioEx mtkSlot1 status: 0
04-08 10:16:36.767 I/AT      ( 1210): [0] threadLoop. RfxReader RIL_CMD_NRT_8 init, channel id = 7, fd = 21
04-08 10:16:36.767 E/RmcSSHandler( 1210): [0] hDll is NULL, dlerror: dlopen failed: library "libutinterface.so" not found
04-08 10:16:36.767 I/AT      ( 1210): [0] AT< OK (RIL_CMD_READER_1, tid:533439311104)
04-08 10:16:36.767 D/RmcSSHandler( 1210): [0] Check data only project, CONFIG_SS_MODE = 1
04-08 10:16:36.767 I/AT      ( 1210): [0] AT> AT+ECFGSET="disable_cs_ss","0" (RIL_ATCI_READER tid:533429984512)
04-08 10:16:36.767 I/AT      ( 1210): [0] AT> AT+CGSN (RIL_CMD_READER_1 tid:533438274816)
04-08 10:16:36.767 I/AT      ( 1210): [0] AT< +EGMC: "ecc_redial_notify",1 (RIL_CMD_READER_2, tid:533437238528)
04-08 10:16:36.767 I/AT      ( 1210): [0] AT< OK (RIL_CMD_READER_2, tid:533437238528)
04-08 10:16:36.768 I/AT      ( 1210): [0] AT> AT+CMOD=0 (RIL_CMD_READER_2 tid:533436202240)
04-08 10:16:36.769 I/AT      ( 1210): [0] AT< ERROR (RIL_ATCI_READER, tid:533431020800)
04-08 10:16:36.769 D/RmcSSHandler( 1210): [0] Create RmcSuppServUssdHandler
04-08 10:16:36.769 I/AT      ( 1210): [0] AT> AT+ECUSD=*** (RIL_ATCI_READER, tid:533429984512)
04-08 10:16:36.770 D/RpOemCtlr( 1210): [0] init()
04-08 10:16:36.770 D/RtcCC   ( 1210): [0] create ecc controller
04-08 10:16:36.770 D/RtcEcc  ( 1210): [0] onInit !! (bsp)
04-08 10:16:36.770 D/RtcRedialController( 1210): [0] onInit !!
04-08 10:16:36.770 D/RtcCC   ( 1210): [0] createRedialController set ecc controller
04-08 10:16:36.771 D/RtcImsVideoRingtoneHandler( 1210): RtcImsVideoRingtoneHandler()
04-08 10:16:36.771 D/RtcMwi  ( 1210): [0] [onInit]
04-08 10:16:36.771 I/AT      ( 1210): [0] AT> AT+EMULTIIMS? (RIL_CMD_READER_3 tid:533434129664)
04-08 10:16:36.772 I/AT      ( 1210): [0] AT< *** (RIL_CMD_READER_1, tid:533439311104)
04-08 10:16:36.772 I/AT      ( 1210): [0] AT< OK (RIL_CMD_READER_1, tid:533439311104)
04-08 10:16:36.772 I/AT      ( 1210): [0] AT> AT+EGMR=*** (RIL_CMD_READER_1, tid:533438274816)
04-08 10:16:36.772 I/AT      ( 1210): [0] AT< ERROR (RIL_CMD_READER_2, tid:533437238528)
04-08 10:16:36.772 I/AT      ( 1210): [0] AT> ATS0=0 (RIL_CMD_READER_2 tid:533436202240)
04-08 10:16:36.772 I/AT      ( 1210): [0] AT< OK (RIL_ATCI_READER, tid:533431020800)
04-08 10:16:36.773 I/AT      ( 1210): [0] AT> AT+CSSN=1,1 (RIL_ATCI_READER tid:533429984512)
04-08 10:16:36.773 I/AT      ( 1210): [0] AT< +EMULTIIMS: 2 (RIL_CMD_READER_3, tid:533435165952)
04-08 10:16:36.773 I/AT      ( 1210): [0] AT< OK (RIL_CMD_READER_3, tid:533435165952)
04-08 10:16:36.774 I/RILC    ( 1210): radio::registerService IRadio imsAospSlot1 status: 0
04-08 10:16:36.774 I/AT      ( 1210): [0] AT< OK (RIL_CMD_READER_2, tid:533437238528)
04-08 10:16:36.774 I/AT      ( 1210): [0] AT> AT+CCWA=1 (RIL_CMD_READER_2 tid:533436202240)
04-08 10:16:36.775 I/AT      ( 1210): [0] AT> AT+EMDRSRA=1 (RIL_CMD_READER_4 tid:533432057088)
04-08 10:16:36.775 I/AT      ( 1210): [0] AT< OK (RIL_ATCI_READER, tid:533431020800)
04-08 10:16:36.775 I/AT      ( 1210): [0] AT> AT+COLP=1 (RIL_ATCI_READER tid:533429984512)
04-08 10:16:36.776 I/AT      ( 1210): [0] AT< OK (RIL_CMD_READER_4, tid:533433093376)
04-08 10:16:36.777 I/AT      ( 1210): [0] AT< OK (RIL_CMD_READER_2, tid:533437238528)
04-08 10:16:36.777 I/AT      ( 1210): [0] AT> AT+CMUT=0 (RIL_CMD_READER_2 tid:533436202240)
04-08 10:16:36.777 I/AT      ( 1210): [0] AT< +EGMR: "00" (RIL_CMD_READER_1, tid:533439311104)
04-08 10:16:36.777 I/AT      ( 1210): [0] AT< OK (RIL_CMD_READER_1, tid:533439311104)
04-08 10:16:36.777 I/AT      ( 1210): [0] AT< OK (RIL_ATCI_READER, tid:533431020800)
04-08 10:16:36.777 I/AT      ( 1210): [0] threadLoop. RfxReader RIL_CMD_RADIO_9 init, channel id = 8, fd = 23
04-08 10:16:36.778 I/AT      ( 1210): [0] AT> AT+CUSD=1 (RIL_ATCI_READER tid:533429984512)
