04-08 10:16:36.941 I/AT      ( 1210): [1] AT> AT+EDSDA=1 (RIL_CMD2_RADIO_9 tid:532533734656)
04-08 10:16:36.942 I/AT      ( 1210): [0] AT< OK (RIL_CMD_RADIO_9, tid:532960222464)
04-08 10:16:36.942 I/AT      ( 1210): [0] AT< OK (RIL_CMD_READER_1, tid:533439311104)
04-08 10:16:36.942 I/AT      ( 1210): [0] AT> AT+E5GUW=1 (RIL_CMD_READER_1 tid:533438274816)
04-08 10:16:36.943 I/AT      ( 1210): [1] AT< OK (RIL_CMD2_READER_1, tid:532817714432)
04-08 10:16:36.943 I/AT      ( 1210): [1] AT> AT+E5GUW=1 (RIL_CMD2_READER_1 tid:532799900928)
04-08 10:16:36.943 D/RpMDCtrl( 1210): [-1] Init()
04-08 10:16:36.944 D/RtcRilClientController( 1210): [-1] RtcRilClientController init()
04-08 10:16:36.944 D/RtcRilClientController( 1210): [-1] init client number: 6
04-08 10:16:36.944 D/RtcRilClientController( 1210): [-1] RtcRilClientController CLIENT_TYPE_OEM
04-08 10:16:36.944 I/RilOemClient( 1210): Init Oem client
04-08 10:16:36.944 D/RilClientQueue( 1210): construct client with client id 1001
04-08 10:16:36.944 I/AT      ( 1210): [1] AT< OK (RIL_CMD2_RADIO_9, tid:532534770944)
04-08 10:16:36.944 D/RtcRilClientController( 1210): [-1] RtcRilClientController CLIENT_TYPE_ATCI
04-08 10:16:36.944 E/RmcRadioReq( 1210): [1] main slot is not radio available, retryCount = 0
04-08 10:16:36.944 D/RilClientQueue( 1210): construct client with client id 1006
04-08 10:16:36.944 I/AT      ( 1210): [0] AT< OK (RIL_CMD_READER_1, tid:533439311104)
04-08 10:16:36.944 I/AT      ( 1210): [0] AT> AT+E5GUC=1 (RIL_CMD_READER_1 tid:533438274816)
04-08 10:16:36.944 D/RtcRadioConfig( 1210): [-1] RtcCommSimRadioConfigController::onInit
04-08 10:16:36.944 W/sms-ril ( 1210): [RtcSmsThread]create
04-08 10:16:36.944 V/sms-ril ( 1210): [RtcSmsThread]Construct 0x12970367464641960368
04-08 10:16:36.944 V/RtcNrSwCtrl( 1210): [-1] [onInit]
04-08 10:16:36.944 I/RfxMainThread( 1210): initControllers end
04-08 10:16:36.944 I/RfxMainThread( 1210): initControllers process async queue start
04-08 10:16:36.944 I/RfxMainThread( 1210): initControllers process async queue end
04-08 10:16:36.945 I/AT      ( 1210): [1] AT< OK (RIL_CMD2_READER_1, tid:532817714432)
04-08 10:16:36.945 I/AT      ( 1210): [1] AT> AT+E5GUC=1 (RIL_CMD2_READER_1 tid:532799900928)
04-08 10:16:36.945 I/AT      ( 1210): [0] AT> AT+ESADM=3 (RIL_CMD_RADIO_9 tid:532959186176)
04-08 10:16:36.946 I/RilClient( 1210): start listen on fd: 30, socket name: rild-oem
04-08 10:16:36.946 I/RilClient( 1210): start listen on fd: 32, socket name: rild-atci
04-08 10:16:36.946 D/sms-ril ( 1210): [RtcSmsThread]readyToRun
04-08 10:16:36.946 I/AT      ( 1210): [0] AT< OK (RIL_CMD_READER_1, tid:533439311104)
04-08 10:16:36.946 I/AT      ( 1210): [1] AT< OK (RIL_CMD2_READER_1, tid:532817714432)
04-08 10:16:36.946 I/AT      ( 1210): [0] AT> AT+EPHYCONFIG=2 (RIL_CMD_READER_1 tid:533438274816)
04-08 10:16:36.947 I/AT      ( 1210): [1] AT> AT+EPHYCONFIG=2 (RIL_CMD2_READER_1 tid:532799900928)
04-08 10:16:36.947 E/RILC    ( 1210): imsNetworkStateChangedInd: radioService[0]->mRadioIndication == NULL
04-08 10:16:36.947 I/AT      ( 1210): [0] AT< OK (RIL_CMD_RADIO_9, tid:532960222464)
04-08 10:16:36.947 D/VT RIL RTC( 1210): [0] [on PRE-MSG] execute RFX_MSG_REQUEST_UPDATE_OPID
04-08 10:16:36.947 D/VT RIL RTC( 1210): [0] [Handle RSP] token = 0, response = RFX_MSG_REQUEST_UPDATE_OPID
04-08 10:16:36.947 D/VT RIL RTC( 1210): [0] [updateOpId] response->getError() = 0, getSlot() = 0
04-08 10:16:36.948 I/AT      ( 1210): [1] AT< +EPHYCONFIG: 1, 0, 0, 0, 0, 0, 0, 1 (RIL_CMD2_READER_1, tid:532817714432)
04-08 10:16:36.948 I/AT      ( 1210): [1] AT< OK (RIL_CMD2_READER_1, tid:532817714432)
04-08 10:16:36.948 E/RILC    ( 1210): imsNetworkStateChangedInd: radioService[1]->mRadioIndication == NULL
04-08 10:16:36.948 I/AT      ( 1210): [0] AT< +EPHYCONFIG: 1, 0, 0, 0, 0, 0, 0, 1 (RIL_CMD_READER_1, tid:533439311104)
04-08 10:16:36.948 D/VT RIL RTC( 1210): [0] [on PRE-MSG] execute RFX_MSG_REQUEST_UPDATE_OPID
04-08 10:16:36.948 I/AT      ( 1210): [1] AT> AT+EPHYCONFIG=1 (RIL_CMD2_READER_1 tid:532799900928)
04-08 10:16:36.948 D/VT RIL RTC( 1210): [0] [Handle RSP] token = -2, response = RFX_MSG_REQUEST_UPDATE_OPID
04-08 10:16:36.948 I/AT      ( 1210): [0] AT< OK (RIL_CMD_READER_1, tid:533439311104)
04-08 10:16:36.948 D/VT RIL RTC( 1210): [0] [updateOpId] response->getError() = 0, getSlot() = 0
04-08 10:16:36.948 I/AT      ( 1210): [0] AT> AT+EPHYCONFIG=1 (RIL_CMD_READER_1 tid:533438274816)
04-08 10:16:36.949 I/AT      ( 1210): [1] AT< OK (RIL_CMD2_READER_1, tid:532817714432)
04-08 10:16:36.936 I/auditd  ( 1283): type=1400 audit(0.0:73): avc: denied { read write } for comm="iptables-wrappe" path="/dev/ccci_vts" dev="tmpfs" ino=19522 scontext=u:r:netutils_wrapper:s0 tcontext=u:object_r:ccci_vts_device:s0 tclass=chr_file permissive=1
04-08 10:16:36.936 I/auditd  ( 1283): type=1400 audit(0.0:74): avc: denied { read write } for comm="iptables-wrappe" path="/dev/ccci_pin_sta" dev="tmpfs" ino=16258 scontext=u:r:netutils_wrapper:s0 tcontext=u:object_r:ccci_device:s0 tclass=chr_file permissive=1
04-08 10:16:36.936 I/auditd  ( 1283): type=1400 audit(0.0:75): avc: denied { read write } for comm="iptables-wrappe" path="/dev/ccci_wifi_proxy" dev="tmpfs" ino=17470 scontext=u:r:netutils_wrapper:s0 tcontext=u:object_r:ccci_wifi_proxy_device:s0 tclass=chr_file permissive=1
04-08 10:16:36.949 I/AT      ( 1210): [0] AT< OK (RIL_CMD_READER_1, tid:533439311104)
04-08 10:16:36.950 I/AT      ( 1210): [0] AT> AT+EOPS? (RIL_CMD_READER_1 tid:533438274816)
04-08 10:16:36.951 I/AT      ( 1210): [0] AT< +EOPS: 0,2,"",1 (RIL_CMD_READER_1, tid:533439311104)
04-08 10:16:36.951 I/AT      ( 1210): [0] AT< OK (RIL_CMD_READER_1, tid:533439311104)
04-08 10:16:36.952 I/AT      ( 1210): [1] AT> AT+EOPS? (RIL_CMD2_READER_1 tid:532799900928)
04-08 10:16:36.953 I/RmcRadioReq( 1210): [0] isNormalBootUp = 1, boot_reason = reboot,shell
04-08 10:16:36.953 I/AT      ( 1210): [0] AT> AT+EBOOT=0 (RIL_CMD_RADIO_9 tid:532959186176)
04-08 10:16:36.953 I/RtcDC   ( 1210): [0]onAllowedChanged: allowed = 1
04-08 10:16:36.953 E/RILC    ( 1210): onMdDataRetryCountReset: mtkRadioExService[0]->mRadioIndicationMtk == NULL
04-08 10:16:36.953 I/RtcDC   ( 1210): [1]onAllowedChanged: allowed = 1
04-08 10:16:36.953 I/AT      ( 1210): [1] AT< +EOPS: 0,2,"",1 (RIL_CMD2_READER_1, tid:532817714432)
04-08 10:16:36.953 E/RILC    ( 1210): onMdDataRetryCountReset: mtkRadioExService[1]->mRadioIndicationMtk == NULL
04-08 10:16:36.953 I/AT      ( 1210): [1] AT< OK (RIL_CMD2_READER_1, tid:532817714432)
04-08 10:16:36.954 E/RILC    ( 1210): responseCsNetworkStateChangeInd: mtkRadioExService[1]->responseCsNetworkStateChangeInd == NULL
04-08 10:16:36.954 E/RILC    ( 1210): networkStateChangedInd: radioService[1]->mRadioIndication == NULL
04-08 10:16:36.954 E/RILC    ( 1210): responseCsNetworkStateChangeInd: mtkRadioExService[0]->responseCsNetworkStateChangeInd == NULL
04-08 10:16:36.954 E/RILC    ( 1210): networkStateChangedInd: radioService[0]->mRadioIndication == NULL
04-08 10:16:36.954 I/AT      ( 1210): [0] AT< OK (RIL_CMD_RADIO_9, tid:532960222464)
04-08 10:16:36.954 E/RILC    ( 1210): networkStateChangedInd: radioService[0]->mRadioIndication == NULL
04-08 10:16:36.954 E/RILC    ( 1210): networkStateChangedInd: radioService[1]->mRadioIndication == NULL
04-08 10:16:36.955 I/AT      ( 1210): [0] AT> AT+EDSBP=2 (RIL_CMD_RADIO_9 tid:532959186176)
04-08 10:16:36.958 I/AT      ( 1210): [0] AT< OK (RIL_CMD_RADIO_9, tid:532960222464)
04-08 10:16:36.958 I/AT      ( 1210): [0] AT> AT+EPOC (RIL_CMD_RADIO_9 tid:532959186176)
04-08 10:16:36.962 I/AT      ( 1210): [0] AT< OK (RIL_CMD_RADIO_9, tid:532960222464)
04-08 10:16:36.962 I/AT      ( 1210): [0] AT> AT+EFUN=0 (RIL_CMD_RADIO_9 tid:532959186176)
04-08 10:16:36.963 I/wpfa_iptable_android( 1210): poll()done, b = 0,  and executeIptable returns=
04-08 10:16:36.967 I/wpfa_iptable_android( 1289): child process start
04-08 10:16:36.966 I/wpfa_iptable_android( 1210): wait polling
04-08 10:16:36.964 I/auditd  ( 1289): type=1400 audit(0.0:76): avc: denied { read write } for comm="iptables-wrappe" path="/dev/ccci_pin_sta" dev="tmpfs" ino=16258 scontext=u:r:netutils_wrapper:s0 tcontext=u:object_r:ccci_device:s0 tclass=chr_file permissive=1
04-08 10:16:36.983 I/AT      ( 1210): [0] AT< +ESMLSTATUS: 3, 1, 0, 0, 0 (RIL_URC_READER, tid:533445532928)
04-08 10:16:36.994 I/wpfa_iptable_android( 1210): poll()done, b = 0,  and executeIptable returns=
04-08 10:16:36.996 I/wpfa_iptable_android( 1210): wait polling
04-08 10:16:36.997 I/wpfa_iptable_android( 1292): child process start
04-08 10:16:37.024 I/wpfa_iptable_android( 1210): poll()done, b = 0,  and executeIptable returns=
04-08 10:16:37.027 I/wpfa_iptable_android( 1210): wait polling
04-08 10:16:37.027 I/wpfa_iptable_android( 1293): child process start
04-08 10:16:37.044 E/RmcRadioReq( 1210): [1] main slot is not radio available, retryCount = 1
04-08 10:16:37.052 I/wpfa_iptable_android( 1210): poll()done, b = 0,  and executeIptable returns=
04-08 10:16:37.055 I/wpfa_iptable_android( 1210): wait polling
04-08 10:16:37.055 I/wpfa_iptable_android( 1294): child process start
04-08 10:16:37.080 I/wpfa_iptable_android( 1210): poll()done, b = 46,  and executeIptable returns=iptables: No chain/target/match by that name.
04-08 10:16:37.081 E/wpfa_iptable_android( 1210): error in executeIptable, return
04-08 10:16:37.084 I/wpfa_iptable_android( 1210): wait polling
04-08 10:16:37.084 I/wpfa_iptable_android( 1295): child process start
04-08 10:16:37.103 I/wpfa_iptable_android( 1210): poll()done, b = 0,  and executeIptable returns=
04-08 10:16:37.106 I/wpfa_iptable_android( 1210): wait polling
04-08 10:16:37.106 I/wpfa_iptable_android( 1296): child process start
04-08 10:16:37.125 I/wpfa_iptable_android( 1210): poll()done, b = 47,  and executeIptable returns=ip6tables: No chain/target/match by that name.
04-08 10:16:37.125 E/wpfa_iptable_android( 1210): error in executeIptable, return
04-08 10:16:37.126 I/wpfa_iptable_android( 1210): wait polling
04-08 10:16:37.127 I/wpfa_iptable_android( 1297): child process start
04-08 10:16:37.144 E/RmcRadioReq( 1210): [1] main slot is not radio available, retryCount = 2
04-08 10:16:37.153 I/wpfa_iptable_android( 1210): poll()done, b = 0,  and executeIptable returns=
04-08 10:16:37.156 D/wpfa    ( 1210): LibpkFilterPath:libmnetlink_v104.so, and dlopen()pass!
04-08 10:16:37.156 E/libmnlUtils( 1210): No action: deInitReaderLoop can't get mMnlsocket
04-08 10:16:37.156 D/libmnlUtils( 1210): main1
04-08 10:16:37.156 D/libmnlUtils( 1210): main2
04-08 10:16:37.156 D/libmnlUtils( 1210): main4
04-08 10:16:37.156 D/libmnlUtils( 1210): registerByQueueNum, queue_num=90
04-08 10:16:37.156 D/libmnlUtils( 1210): registerByQueueNum: NFQNL_CFG_CMD_BIND
04-08 10:16:37.156 D/libmnlUtils( 1210): registerByQueueNum: NFQNL_COPY_PACKET
04-08 10:16:37.157 D/libmnlUtils( 1210): registerByQueueNum3
04-08 10:16:37.157 D/libmnlUtils( 1210): main5
04-08 10:16:37.157 D/libmnlUtils( 1210): registerByQueueNum, queue_num=91
04-08 10:16:37.157 D/libmnlUtils( 1210): registerByQueueNum: NFQNL_CFG_CMD_BIND
04-08 10:16:37.157 D/libmnlUtils( 1210): registerByQueueNum: NFQNL_COPY_PACKET
04-08 10:16:37.157 D/libmnlUtils( 1210): registerByQueueNum3
04-08 10:16:37.157 D/libmnlUtils( 1210): main5
04-08 10:16:37.157 D/libmnlUtils( 1210): initReaderLoop done
04-08 10:16:37.157 I/wpfa    ( 1210): initReaderLoop() done, buf_size=67583
04-08 10:16:37.157 I/wpfa    ( 1210): WPFA_DL initialized
04-08 10:16:37.157 I/wpfa    ( 1210): filterVerHanshake start
04-08 10:16:37.157 I/WpfaControlMsgHandler( 1210): waitLooper() begin
04-08 10:16:37.157 I/WpfaControlMsgHandler( 1210): waitLooper() end
04-08 10:16:37.157 D/libmnlUtils( 1210): enter recvPacketFromFilter
04-08 10:16:37.157 I/WpfaCcciSender( 1210): driverMsgToCcciMsg Header msgId=8193 tid=1 type=2
04-08 10:16:37.157 I/WpfaCcciSender( 1210): driverMsgToCcciMsg Header msgId=8194 tid=2 type=2
04-08 10:16:37.158 D/WpfaCppUtils( 1210): m2aVersionNotify: md ver:0
04-08 10:16:37.244 E/RmcRadioReq( 1210): [1] main slot is not radio available, retryCount = 3
04-08 10:16:37.310 D/VT RIL THD( 1210): [RIL IMCB THD] id = 103003, size = 12
04-08 10:16:37.346 E/RmcRadioReq( 1210): [1] main slot is not radio available, retryCount = 4
04-08 10:16:37.446 E/RmcRadioReq( 1210): [1] main slot is not radio available, retryCount = 5
04-08 10:16:37.528 I/auditd  ( 1298): type=1400 audit(0.0:77): avc: denied { read } for comm="main" name="u:object_r:vendor_shnfc_prop:s0" dev="tmpfs" ino=18986 scontext=u:r:system_server_startup:s0 tcontext=u:object_r:vendor_shnfc_prop:s0 tclass=file permissive=1
04-08 10:16:37.540 I/auditd  ( 1298): type=1400 audit(0.0:78): avc: denied { read } for comm="system_server" name="u:object_r:vendor_shnfc_prop:s0" dev="tmpfs" ino=18986 scontext=u:r:system_server:s0 tcontext=u:object_r:vendor_shnfc_prop:s0 tclass=file permissive=1
04-08 10:16:37.546 E/RmcRadioReq( 1210): [1] main slot is not radio available, retryCount = 6
04-08 10:16:37.647 E/RmcRadioReq( 1210): [1] main slot is not radio available, retryCount = 7
04-08 10:16:37.715 D/SystemServerTiming( 1298): InitBeforeStartServices
04-08 10:16:37.717 I/system_server_start( 1298): [1,16621,16621]
04-08 10:16:37.719 I/SystemServer( 1298): Entered the Android system server!
04-08 10:16:37.719 I/boot_progress_system_run( 1298): 16625
04-08 10:16:37.748 E/RmcRadioReq( 1210): [1] main slot is not radio available, retryCount = 8
04-08 10:16:37.821 I/VT RIL CMN RMC( 1210): [Handle REQ] request = 59527
04-08 10:16:37.821 I/VT RIL CMN RMC( 1210): [Handle REQ] RFX_MSG_REQUEST_ENABLE_ANBR
04-08 10:16:37.821 I/VT RIL CMN RMC( 1210): [handleEnableANBR] enable = 1
04-08 10:16:37.821 I/AT      ( 1210): [0] AT> AT+EANBR=1 (RIL_CMD_READER_2 tid:533436202240)
04-08 10:16:37.822 I/AT      ( 1210): [0] AT< OK (RIL_CMD_READER_2, tid:533437238528)
04-08 10:16:37.822 E/RILC    ( 1210): RIL_onRequestComplete: invalid RIL_Token
04-08 10:16:37.827 I/VT RIL CMN RMC( 1210): [Handle REQ] request = 59527
04-08 10:16:37.827 I/VT RIL CMN RMC( 1210): [Handle REQ] RFX_MSG_REQUEST_ENABLE_ANBR
04-08 10:16:37.827 I/VT RIL CMN RMC( 1210): [handleEnableANBR] enable = 1
04-08 10:16:37.827 I/AT      ( 1210): [1] AT> AT+EANBR=1 (RIL_CMD2_READER_2 tid:532781051136)
04-08 10:16:37.828 I/AT      ( 1210): [1] AT< OK (RIL_CMD2_READER_2, tid:532798864640)
04-08 10:16:37.829 E/RILC    ( 1210): RIL_onRequestComplete: invalid RIL_Token
04-08 10:16:37.848 E/RmcRadioReq( 1210): [1] main slot is not radio available, retryCount = 9
04-08 10:16:37.948 E/RmcRadioReq( 1210): [1] main slot is not radio available, retryCount = 10
04-08 10:16:38.048 E/RmcRadioReq( 1210): [1] main slot is not radio available, retryCount = 11
04-08 10:16:38.072 I/SystemServerInitThreadPool( 1298): Creating instance with 8 threads
04-08 10:16:38.149 E/RmcRadioReq( 1210): [1] main slot is not radio available, retryCount = 12
04-08 10:16:38.249 E/RmcRadioReq( 1210): [1] main slot is not radio available, retryCount = 13
04-08 10:16:38.322 I/AT      ( 1210): [0] AT< +ESMLSTATUS: 3, 1, 0, 5, 3 (RIL_URC_READER, tid:533445532928)
04-08 10:16:38.322 I/AT      ( 1210): [0] AT< +EPOK: 0 (RIL_URC_READER, tid:533445532928)
04-08 10:16:38.322 I/AT      ( 1210): [0] AT< +ESIMS: 1,29 (RIL_URC_READER, tid:533445532928)
04-08 10:16:38.322 I/AT      ( 1210): [0] m_channel_id 0 SIM 0 +ESIMS: with sim_inserted_state =1 cause=29
04-08 10:16:38.322 I/AT      ( 1210): [0] AT< +EUSIM: 2, 2, 2 (RIL_URC_READER, tid:533445532928)
04-08 10:16:38.322 I/AT      ( 1210): [0] AT< +ICCID=*** (RIL_URC_READER, tid:533445532928)
04-08 10:16:38.322 I/AT      ( 1210): [0] AT< +ESIMS: 0,1 (RIL_URC_READER, tid:533445532928)
04-08 10:16:38.322 I/AT      ( 1210): [0] m_channel_id 0 SIM 0 +ESIMS: with sim_inserted_state =0 cause=1
04-08 10:16:38.323 I/AT      ( 1210): [0] AT< +ESMLSTATUS: 3, 1, 0, 5, 3 (RIL_URC_READER, tid:533445532928)
04-08 10:16:38.323 I/AT      ( 1210): [0] AT< +EIND: 32 (RIL_URC_READER, tid:533445532928)
04-08 10:16:38.323 I/AT      ( 1210): [1] AT< +ESMLSTATUS: 3, 1, 0, 0, 0 (RIL_URC2_READER, tid:533443460352)
04-08 10:16:38.323 I/AT      ( 1210): [0] AT< +ESIMIND: 1, 0, 0 (RIL_URC_READER, tid:533445532928)
04-08 10:16:38.327 I/RtcPhb  ( 1210): [0] [onSimPlugOut] newValue 29
04-08 10:16:38.327 D/RtcCatController( 1210): [0] onSimOnOffStateChanged  newState 0
04-08 10:16:38.329 I/AT      ( 1210): [0] AT> AT+ICCID? (RIL_CMD_READER_3 tid:533434129664)
04-08 10:16:38.331 I/AT      ( 1210): [0] AT< +CME ERROR: 10 (RIL_CMD_READER_3, tid:533435165952)
04-08 10:16:38.331 I/AT      ( 1210): [0] AT> AT+EPINC (RIL_CMD_READER_3 tid:533434129664)
04-08 10:16:38.333 E/RILC    ( 1210): uiccApplicationsEnablementChanged(): radioService[0]->mRadioIndication == NULL
04-08 10:16:38.333 E/RtcRadioCont( 1210): [0] onCardTypeChanged: only one card ready, unregister 0 and return
04-08 10:16:38.334 I/AT      ( 1210): [0] AT< +CME ERROR: 10 (RIL_CMD_READER_3, tid:533435165952)
04-08 10:16:38.334 E/RmcCommSimReq( 1210): [0] Fail to get PIN and PUK retry count!
04-08 10:16:38.334 I/AT      ( 1210): [0] AT> AT+EXCGLA? (RIL_CMD_READER_3 tid:533434129664)
04-08 10:16:38.336 I/AT      ( 1210): [0] AT< +EXCGLA: 0 (RIL_CMD_READER_3, tid:533435165952)
04-08 10:16:38.336 I/AT      ( 1210): [0] AT< OK (RIL_CMD_READER_3, tid:533435165952)
04-08 10:16:38.336 I/RmcCommSimReq( 1210): [0] querySimExtendedFormat temp_cap: 0, vendor.gsm.sim.extended.format1: 0
04-08 10:16:38.337 I/AT      ( 1210): [0] AT> AT+ESLBLOB=*** (RIL_CMD_READER_3, tid:533434129664)
04-08 10:16:38.338 I/RmcPhbUrc( 1210): [0] onPhbStateChanged slot=0, isPhbReady=0, isTelephonyAddOnPolicy=1
04-08 10:16:38.338 I/RmcPhbUrc( 1210): [0] onPhbStateChanged isSimInserted=0, isModemResetStarted=0
04-08 10:16:38.338 I/RmcCapa ( 1210): notifySIMInitDone, slot:0, sim_init_state:0x0
04-08 10:16:38.340 I/AT      ( 1210): [0] AT< +CME ERROR: 3 (RIL_CMD_READER_3, tid:533435165952)
04-08 10:16:38.341 E/RmcCommSimReq( 1210): [0] Fail to get sml sbp retry count!
04-08 10:16:38.342 D/RtcCarrier( 1210): [0] [onCardTypeChanged]oldValue: -1, newValue: 0
04-08 10:16:38.342 D/VT RIL RTC( 1210): [0] [onCardTypeChanged]oldValue: -1, newValue: 0
04-08 10:16:38.342 D/VT RIL RTC( 1210): [0] [updateOpId] m_slot_id: 0, operatorId: 8
04-08 10:16:38.342 D/RtcPhbSimIo( 1210): [0] SIM plug out, clear store PBR file
04-08 10:16:38.342 I/VT RIL RMC( 1210): [Handle REQ] request = 59522
04-08 10:16:38.342 I/VT RIL RMC( 1210): set mSimOpIdTable[0] = 8
04-08 10:16:38.342 D/RtcSuppServController( 1210): [0] onSimIccidChanged: ICCID is not valid, return directly
04-08 10:16:38.344 D/VT RIL RTC( 1210): [0] [on PRE-MSG] execute RFX_MSG_REQUEST_UPDATE_OPID
04-08 10:16:38.344 D/VT RIL RTC( 1210): [0] [Handle RSP] token = -4, response = RFX_MSG_REQUEST_UPDATE_OPID
04-08 10:16:38.344 D/VT RIL RTC( 1210): [0] [updateOpId] response->getError() = 0, getSlot() = 0
04-08 10:16:38.349 E/RmcRadioReq( 1210): [1] main slot is not radio available, retryCount = 14
04-08 10:16:38.351 I/AT      ( 1210): [1] AT< +ESMLSTATUS: 3, 1, 0, 5, 3 (RIL_URC2_READER, tid:533443460352)
04-08 10:16:38.351 I/AT      ( 1210): [1] AT< +ESIMS: 1,29 (RIL_URC2_READER, tid:533443460352)
04-08 10:16:38.351 I/AT      ( 1210): [1] m_channel_id 12 SIM 1 +ESIMS: with sim_inserted_state =1 cause=29
04-08 10:16:38.352 I/AT      ( 1210): [1] AT< +EUSIM: 2, 2, 2 (RIL_URC2_READER, tid:533443460352)
04-08 10:16:38.352 I/AT      ( 1210): [1] AT< +ICCID=*** (RIL_URC2_READER, tid:533443460352)
04-08 10:16:38.352 I/AT      ( 1210): [1] AT< +ESIMS: 0,1 (RIL_URC2_READER, tid:533443460352)
04-08 10:16:38.352 I/AT      ( 1210): [1] m_channel_id 12 SIM 1 +ESIMS: with sim_inserted_state =0 cause=1
04-08 10:16:38.353 I/AT      ( 1210): [1] AT< +ESMLSTATUS: 3, 1, 0, 5, 3 (RIL_URC2_READER, tid:533443460352)
04-08 10:16:38.353 I/AT      ( 1210): [1] AT< +EIND: 32 (RIL_URC2_READER, tid:533443460352)
04-08 10:16:38.353 I/AT      ( 1210): [1] AT< +ESIMIND: 1, 0, 0 (RIL_URC2_READER, tid:533443460352)
04-08 10:16:38.353 I/AT      ( 1210): [0] AT< OK (RIL_CMD_RADIO_9, tid:532960222464)
04-08 10:16:38.354 I/AT      ( 1210): [0] AT> AT+ESLOTSINFO=1 (RIL_CMD_RADIO_9 tid:532959186176)
04-08 10:16:38.354 I/RmcRadioReq( 1210): [0] mdStatusReaderLoop - md status working thread
04-08 10:16:38.354 I/RmcRadioReq( 1210): [0] [RmcRadioRequestHandler] mdStatusReaderLoop: fd = 115
04-08 10:16:38.354 I/RmcRadioReq( 1210): [0] mdStatusReaderLoop: count: 56 modem id: 0, event type: 10, reason: ----
04-08 10:16:38.355 I/AT      ( 1210): [0] AT< OK (RIL_CMD_RADIO_9, tid:532960222464)
04-08 10:16:38.355 D/RmcModemRequestHandler( 1210): [0] RmcModemRequestHandler constructor
04-08 10:16:38.355 D/RmcRadioRelReqHandler( 1210): [0] RmcRadioRelatedRequestHandler constructor
04-08 10:16:38.360 I/RtcRadioCont( 1210): [0] radio State: 1 -> 0, using google native API for urc
04-08 10:16:38.364 I/RIL-Fusion( 1210): getRadioState(): radioState=0
04-08 10:16:38.364 E/RILC    ( 1210): radioStateChangedInd: radioService[0]->mRadioIndication == NULL
04-08 10:16:38.364 E/RILC    ( 1210): radioStateChangedInd: radioService[4]->mRadioIndication == NULL
04-08 10:16:38.364 I/RILC    ( 1210): Request UNSOL_RESPONSE_RADIO_STATE_CHANGED(0) already append into IMS pending ind list
04-08 10:16:38.364 E/RILC    ( 1210): radioStateChangedInd: radioService[8]->mRadioIndication == NULL
04-08 10:16:38.364 E/RILC    ( 1210): radioStateChangedInd: radioService[12]->mRadioIndication == NULL
04-08 10:16:38.364 I/RtcEccNumberController( 1210): [0] [onRadioStateChanged] radio off, clear network ECC list
04-08 10:16:38.365 I/AT      ( 1210): [1] AT< +EIND: 2 (RIL_URC2_READER, tid:533443460352)
04-08 10:16:38.405 I/AT      ( 1210): [0] AT< +EIND: 1 (RIL_URC_READER, tid:533445532928)
04-08 10:16:38.406 D/RmcCommSmsReq( 1210): [0] notifySmsReady
04-08 10:16:38.406 I/AT      ( 1210): [0] AT> AT+CMGF=0 (RIL_CMD_READER_3 tid:533434129664)
04-08 10:16:38.406 I/AT      ( 1210): [1] AT< +EIND: 1 (RIL_URC2_READER, tid:533443460352)
04-08 10:16:38.407 I/AT      ( 1210): [0] AT< OK (RIL_CMD_READER_3, tid:533435165952)
04-08 10:16:38.407 I/AT      ( 1210): [0] AT> AT+CSMS=1 (RIL_CMD_READER_3 tid:533434129664)
04-08 10:16:38.408 I/AT      ( 1210): [0] AT< +CME ERROR: 10 (RIL_CMD_READER_3, tid:533435165952)
04-08 10:16:38.409 I/AT      ( 1210): [0] AT> AT+CNMI=1,2,2,1,1 (RIL_CMD_READER_3 tid:533434129664)
04-08 10:16:38.413 I/AT      ( 1210): [0] AT< OK (RIL_CMD_READER_3, tid:533435165952)
04-08 10:16:38.413 I/AT      ( 1210): [0] AT> AT+CPMS="SM", "SM", "SM" (RIL_CMD_READER_3 tid:533434129664)
04-08 10:16:38.416 I/AT      ( 1210): [0] AT< ERROR (RIL_CMD_READER_3, tid:533435165952)
04-08 10:16:38.416 I/AT      ( 1210): [0] AT> AT+EC2KCPMS="SM", "SM", "SM" (RIL_CMD_READER_3 tid:533434129664)
04-08 10:16:38.418 I/AT      ( 1210): [0] AT< ERROR (RIL_CMD_READER_3, tid:533435165952)
04-08 10:16:38.418 I/AT      ( 1210): [0] AT> AT+EWAC=1 (RIL_CMD_READER_3 tid:533434129664)
04-08 10:16:38.420 I/AT      ( 1210): [0] AT< OK (RIL_CMD_READER_3, tid:533435165952)
04-08 10:16:38.449 D/RmcModemRequestHandler( 1210): [1] RmcModemRequestHandler constructor
04-08 10:16:38.450 D/RmcRadioRelReqHandler( 1210): [1] RmcRadioRelatedRequestHandler constructor
04-08 10:16:38.456 D/RmcCommSmsReq( 1210): [0] SIM card was removed!
04-08 10:16:38.457 I/RtcImsConfigController( 1210): [0] onRadioStateChanged, state = 0
04-08 10:16:38.457 D/RTC_EMBMS_CON_PROXY( 1210): [0] radioState 0
04-08 10:16:38.458 D/RtcGsmSmsCtrl( 1210): [0] SMS framework isn't ready yet. queue RFX_MSG_URC_SMS_READY_NOTIFICATION
04-08 10:16:38.458 I/RtcRadioCont( 1210): [1] radio State: 1 -> 0, using google native API for urc
04-08 10:16:38.459 I/RIL-Fusion( 1210): getRadioState(): radioState=0
04-08 10:16:38.459 I/AT      ( 1210): [1] AT> AT+ICCID? (RIL_CMD2_READER_3 tid:532778978560)
04-08 10:16:38.459 E/RILC    ( 1210): radioStateChangedInd: radioService[1]->mRadioIndication == NULL
04-08 10:16:38.459 E/RILC    ( 1210): radioStateChangedInd: radioService[5]->mRadioIndication == NULL
04-08 10:16:38.459 I/RILC    ( 1210): Request UNSOL_RESPONSE_RADIO_STATE_CHANGED(1) already append into IMS pending ind list
04-08 10:16:38.459 E/RILC    ( 1210): radioStateChangedInd: radioService[9]->mRadioIndication == NULL
04-08 10:16:38.459 E/RILC    ( 1210): radioStateChangedInd: radioService[13]->mRadioIndication == NULL
04-08 10:16:38.459 I/RtcEccNumberController( 1210): [1] [onRadioStateChanged] radio off, clear network ECC list
04-08 10:16:38.460 I/RmcPhbUrc( 1210): [1] onPhbStateChanged slot=1, isPhbReady=0, isTelephonyAddOnPolicy=1
04-08 10:16:38.460 I/RmcPhbUrc( 1210): [1] onPhbStateChanged isSimInserted=0, isModemResetStarted=0
04-08 10:16:38.460 I/RmcCapa ( 1210): notifySIMInitDone, slot:1, sim_init_state:0x1
04-08 10:16:38.461 I/RmcPhbUrc( 1210): [1] onPhbStateChanged slot=1, isPhbReady=1, isTelephonyAddOnPolicy=1
04-08 10:16:38.461 I/RmcPhbUrc( 1210): [1] onPhbStateChanged isSimInserted=0, isModemResetStarted=0
04-08 10:16:38.462 I/AT      ( 1210): [1] AT< +CME ERROR: 10 (RIL_CMD2_READER_3, tid:532780014848)
04-08 10:16:38.463 I/AT      ( 1210): [1] AT> AT+EPINC (RIL_CMD2_READER_3 tid:532778978560)
04-08 10:16:38.466 I/AT      ( 1210): [1] AT< +CME ERROR: 15 (RIL_CMD2_READER_3, tid:532780014848)
04-08 10:16:38.466 E/RmcCommSimReq( 1210): [1] Fail to get PIN and PUK retry count!
04-08 10:16:38.466 I/AT      ( 1210): [1] AT> AT+EXCGLA? (RIL_CMD2_READER_3 tid:532778978560)
04-08 10:16:38.467 I/RtcImsConfigController( 1210): [1] onRadioStateChanged, state = 0
04-08 10:16:38.467 D/RTC_EMBMS_CON_PROXY( 1210): [1] radioState 0
04-08 10:16:38.468 I/RtcPhb  ( 1210): [1] [onSimPlugOut] newValue 29
04-08 10:16:38.468 D/RtcCatController( 1210): [1] onSimOnOffStateChanged  newState 0
04-08 10:16:38.468 I/RfxMclMessenger( 1210): RFX_MSG_REQUEST_BOOT_TURN_ON_RADIO(56525) dispatchs to main protocol: 0
04-08 10:16:38.469 I/AT      ( 1210): [1] AT< +EXCGLA: 0 (RIL_CMD2_READER_3, tid:532780014848)
04-08 10:16:38.469 I/AT      ( 1210): [1] AT< OK (RIL_CMD2_READER_3, tid:532780014848)
04-08 10:16:38.469 I/RmcCommSimReq( 1210): [1] querySimExtendedFormat temp_cap: 0, vendor.gsm.sim.extended.format2: 0
04-08 10:16:38.470 I/AT      ( 1210): [1] AT> AT+ESLBLOB=*** (RIL_CMD2_READER_3, tid:532778978560)
04-08 10:16:38.472 D/RtcCarrier( 1210): [1] [onCardTypeChanged]oldValue: -1, newValue: 0
04-08 10:16:38.472 D/VT RIL RTC( 1210): [1] [onCardTypeChanged]oldValue: -1, newValue: 0
04-08 10:16:38.472 D/VT RIL RTC( 1210): [1] [updateOpId] m_slot_id: 1, operatorId: 8
04-08 10:16:38.472 D/RtcPhbSimIo( 1210): [1] SIM plug out, clear store PBR file
04-08 10:16:38.472 I/RtcCapa ( 1210): [-1] updateRadioCapability, no c2k, session=-1, capability[0] = 1130506
04-08 10:16:38.472 I/RtcCapa ( 1210): [-1] updateRadioCapability, no c2k, session=-1, capability[1] = 1130504
04-08 10:16:38.472 D/RtcRatSwCtrl( 1210): [0] [calculateDefaultNetworkType] card_type: 0, card_state: 3, rat_mode: -1, isCt3GDualMode: false, ct3gStatus: -1.  slotCap: 1130506, slotNwtype: 26, defaultRaf: 1130506, defNwType: 26.
04-08 10:16:38.472 I/VT RIL RMC( 1210): [Handle REQ] request = 59522
04-08 10:16:38.472 I/VT RIL RMC( 1210): set mSimOpIdTable[1] = 8
04-08 10:16:38.473 I/AT      ( 1210): [1] AT< +CME ERROR: 3 (RIL_CMD2_READER_3, tid:532780014848)
04-08 10:16:38.473 E/RmcCommSimReq( 1210): [1] Fail to get sml sbp retry count!
04-08 10:16:38.473 D/RmcCommSmsReq( 1210): [1] notifySmsReady
04-08 10:16:38.473 I/AT      ( 1210): [1] AT> AT+CMGF=0 (RIL_CMD2_READER_3 tid:532778978560)
04-08 10:16:38.473 I/RmcRadioReq( 1210): [0] bootupSetRadioPower, origin mode = 0
04-08 10:16:38.473 I/RmcRadioReq( 1210): [0] bootupSetRadioPower, target mode = 0
04-08 10:16:38.475 D/RtcRatSwCtrl( 1210): [0] [setPreferredNetworkType] rafFromRiljNetworkType: 1625608, targetRaf: 1625608, targetNetworkType: 28, mNwsMode: 1, mInRestrictedMode: 0
04-08 10:16:38.475 D/RtcRatSwCtrl( 1210): [0] [switchNwRat] ratSwitchCaller: INIT, mCurPreferedNetWorkType: -1, mDefaultNetworkType: -1, prefNwTypeFromRilj: 28, targetPrefNwType: 28, GsmOnlySim: 0
04-08 10:16:38.475 I/RtcCapa ( 1210): getRafFromNetworkType, type=-1, raf=1
04-08 10:16:38.475 D/RtcCC   ( 1210): [0] [onCsPhoneChanged], preCsPhone:0, newCsPhone:0
04-08 10:16:38.475 D/RtcCarrier( 1210): [0] [onNwsModeChanged] oldValue: -1, newValue: 1
04-08 10:16:38.475 D/RtcCarrier( 1210): [0] [onNwsModeChanged] mccmnc is empty
04-08 10:16:38.475 D/RtcSuppServController( 1210): [1] onSimIccidChanged: ICCID is not valid, return directly
04-08 10:16:38.476 I/AT      ( 1210): [1] AT< OK (RIL_CMD2_READER_3, tid:532780014848)
04-08 10:16:38.476 I/AT      ( 1210): [1] AT> AT+CSMS=1 (RIL_CMD2_READER_3 tid:532778978560)
04-08 10:16:38.477 E/RILC    ( 1210): uiccApplicationsEnablementChanged(): radioService[1]->mRadioIndication == NULL
04-08 10:16:38.477 D/VT RIL RTC( 1210): [0] [on PRE-MSG] execute RFX_MSG_REQUEST_UPDATE_OPID
04-08 10:16:38.477 D/VT RIL RTC( 1210): [0] [Handle RSP] token = -6, response = RFX_MSG_REQUEST_UPDATE_OPID
04-08 10:16:38.477 D/VT RIL RTC( 1210): [0] [updateOpId] response->getError() = 0, getSlot() = 0
04-08 10:16:38.478 D/RtcGsmSmsCtrl( 1210): [1] SMS framework isn't ready yet. queue RFX_MSG_URC_SMS_READY_NOTIFICATION
04-08 10:16:38.478 E/RILC    ( 1210): RIL_onRequestComplete: invalid RIL_Token
04-08 10:16:38.480 I/AT      ( 1210): [1] AT< +CME ERROR: 15 (RIL_CMD2_READER_3, tid:532780014848)
04-08 10:16:38.480 I/AT      ( 1210): [1] AT> AT+CNMI=1,2,2,1,1 (RIL_CMD2_READER_3 tid:532778978560)
04-08 10:16:38.480 I/AT      ( 1210): [0] AT> AT+ERAT=21,128 (RIL_CMD_RADIO_9 tid:532959186176)
04-08 10:16:38.483 I/AT      ( 1210): [1] AT< OK (RIL_CMD2_READER_3, tid:532780014848)
04-08 10:16:38.483 I/AT      ( 1210): [1] AT> AT+CPMS="SM", "SM", "SM" (RIL_CMD2_READER_3 tid:532778978560)
04-08 10:16:38.484 I/AT      ( 1210): [0] AT< OK (RIL_CMD_RADIO_9, tid:532960222464)
04-08 10:16:38.484 D/RtcRatSwCtrl( 1210): [1] [calculateDefaultNetworkType] card_type: 0, card_state: 3, rat_mode: -1, isCt3GDualMode: false, ct3gStatus: -1.  slotCap: 1130504, slotNwtype: 26, defaultRaf: 1130504, defNwType: 26.
04-08 10:16:38.484 I/AT      ( 1210): [1] AT< ERROR (RIL_CMD2_READER_3, tid:532780014848)
04-08 10:16:38.485 I/AT      ( 1210): [1] AT> AT+EC2KCPMS="SM", "SM", "SM" (RIL_CMD2_READER_3 tid:532778978560)
04-08 10:16:38.485 D/RtcRatSwCtrl( 1210): [1] [setPreferredNetworkType] rafFromRiljNetworkType: 1625608, targetRaf: 1625608, targetNetworkType: 28, mNwsMode: 1, mInRestrictedMode: 0
04-08 10:16:38.485 D/RtcRatSwCtrl( 1210): [1] [switchNwRat] ratSwitchCaller: INIT, mCurPreferedNetWorkType: -1, mDefaultNetworkType: -1, prefNwTypeFromRilj: 28, targetPrefNwType: 28, GsmOnlySim: 0
04-08 10:16:38.485 I/RtcCapa ( 1210): getRafFromNetworkType, type=-1, raf=1
04-08 10:16:38.485 I/AT      ( 1210): [1] AT> AT+ERAT=21,128 (RIL_CMD2_RADIO_9 tid:532533734656)
04-08 10:16:38.485 D/RtcRatSwCtrl( 1210): [0] [updatePhoneMode] mPhoneMode: 1
04-08 10:16:38.486 D/RtcCC   ( 1210): [1] [onCsPhoneChanged], preCsPhone:0, newCsPhone:0
04-08 10:16:38.486 D/RtcCarrier( 1210): [1] [onNwsModeChanged] oldValue: -1, newValue: 1
04-08 10:16:38.486 D/RtcCarrier( 1210): [1] [onNwsModeChanged] mccmnc is empty
04-08 10:16:38.486 I/AT      ( 1210): [1] AT< ERROR (RIL_CMD2_READER_3, tid:532780014848)
04-08 10:16:38.486 I/AT      ( 1210): [1] AT> AT+EWAC=1 (RIL_CMD2_READER_3 tid:532778978560)
04-08 10:16:38.487 I/AT      ( 1210): [1] AT< OK (RIL_CMD2_RADIO_9, tid:532534770944)
04-08 10:16:38.488 I/AT      ( 1210): [1] AT< OK (RIL_CMD2_READER_3, tid:532780014848)
04-08 10:16:38.488 D/RtcRatSwCtrl( 1210): [1] [updatePhoneMode] mPhoneMode: 1
04-08 10:16:38.488 D/RmcCommSmsReq( 1210): [1] SIM card was removed!
04-08 10:16:38.616 V/SystemServerTiming( 1298): InitBeforeStartServices took to complete: 901ms
04-08 10:16:38.617 D/SystemServerTiming( 1298): StartServices
04-08 10:16:38.617 D/SystemServerTiming( 1298): startBootstrapServices
04-08 10:16:38.617 D/SystemServerTiming( 1298): StartWatchdog
04-08 10:16:38.624 V/SystemServerTiming( 1298): StartWatchdog took to complete: 7ms
04-08 10:16:38.624 I/SystemServer( 1298): Reading configuration...
04-08 10:16:38.624 D/SystemServerTiming( 1298): ReadingSystemConfig
04-08 10:16:38.625 V/SystemServerTiming( 1298): ReadingSystemConfig took to complete: 1ms
04-08 10:16:38.625 D/SystemServerTiming( 1298): PlatformCompat
04-08 10:16:38.625 D/SystemServerTimingAsync( 1298): InitThreadPoolExec:ReadingSystemConfig
04-08 10:16:38.625 D/SystemServerInitThreadPool( 1298): Started executing ReadingSystemConfig
04-08 10:16:38.627 D/CompatConfig( 1298): Found a config file: /system/etc/compatconfig/calendar-provider-compat-config.xml
04-08 10:16:38.627 I/SystemConfig( 1298): Reading permissions from /system/etc/sysconfig/preinstalled-packages-com.android.providers.media.module.xml
04-08 10:16:38.628 D/CompatConfig( 1298): Adding: com.android.server.compat.config.Change@698e0a2
04-08 10:16:38.628 I/SystemConfig( 1298): Reading permissions from /system/etc/sysconfig/com.mediatek.ims.config.xml
04-08 10:16:38.629 D/CompatConfig( 1298): Found a config file: /system/etc/compatconfig/contacts-provider-platform-compat-config.xml
04-08 10:16:38.630 I/SystemConfig( 1298): Reading permissions from /system/etc/sysconfig/preinstalled-packages-platform.xml
04-08 10:16:38.631 D/CompatConfig( 1298): Found a config file: /system/etc/compatconfig/services-platform-compat-config.xml
04-08 10:16:38.631 I/SystemConfig( 1298): Reading permissions from /system/etc/sysconfig/hiddenapi-package-whitelist.xml
04-08 10:16:38.632 I/SystemConfig( 1298): Reading permissions from /system/etc/sysconfig/framework-sysconfig.xml
04-08 10:16:38.634 D/CompatConfig( 1298): Adding: com.android.server.compat.config.Change@8084c25
04-08 10:16:38.634 D/CompatConfig( 1298): Adding: com.android.server.compat.config.Change@c59e1fa
04-08 10:16:38.634 D/CompatConfig( 1298): Adding: com.android.server.compat.config.Change@67b93ab
04-08 10:16:38.634 D/CompatConfig( 1298): Adding: com.android.server.compat.config.Change@ade2a08
04-08 10:16:38.634 D/CompatConfig( 1298): Adding: com.android.server.compat.config.Change@b9685a1
04-08 10:16:38.634 D/CompatConfig( 1298): Adding: com.android.server.compat.config.Change@75423c6
04-08 10:16:38.634 D/CompatConfig( 1298): Adding: com.android.server.compat.config.Change@2ddbf87
04-08 10:16:38.634 D/CompatConfig( 1298): Adding: com.android.server.compat.config.Change@22fdeb4
04-08 10:16:38.634 D/CompatConfig( 1298): Adding: com.android.server.compat.config.Change@774dadd
04-08 10:16:38.634 D/CompatConfig( 1298): Adding: com.android.server.compat.config.Change@b5eb652
04-08 10:16:38.634 D/CompatConfig( 1298): Adding: com.android.server.compat.config.Change@84ccd23
04-08 10:16:38.634 D/CompatConfig( 1298): Adding: com.android.server.compat.config.Change@4e947d9
04-08 10:16:38.634 D/CompatConfig( 1298): Adding: com.android.server.compat.config.Change@60de59e
04-08 10:16:38.634 D/CompatConfig( 1298): Adding: com.android.server.compat.config.Change@615187f
04-08 10:16:38.634 I/SystemConfig( 1298): Reading permissions from /system/etc/permissions/privapp-permissions-mediatek.xml
04-08 10:16:38.634 D/CompatConfig( 1298): Adding: com.android.server.compat.config.Change@5ac504c
04-08 10:16:38.634 D/CompatConfig( 1298): Adding: com.android.server.compat.config.Change@19d8895
04-08 10:16:38.634 D/CompatConfig( 1298): Adding: com.android.server.compat.config.Change@7eebdaa
04-08 10:16:38.634 D/CompatConfig( 1298): Adding: com.android.server.compat.config.Change@9ecbd9b
04-08 10:16:38.634 D/CompatConfig( 1298): Adding: com.android.server.compat.config.Change@c742538
04-08 10:16:38.634 D/CompatConfig( 1298): Adding: com.android.server.compat.config.Change@21b1911
04-08 10:16:38.634 D/CompatConfig( 1298): Adding: com.android.server.compat.config.Change@b530a76
04-08 10:16:38.634 D/CompatConfig( 1298): Adding: com.android.server.compat.config.Change@ccf9877
04-08 10:16:38.634 D/CompatConfig( 1298): Adding: com.android.server.compat.config.Change@7e25ce4
04-08 10:16:38.634 D/CompatConfig( 1298): Adding: com.android.server.compat.config.Change@7354d
04-08 10:16:38.634 D/CompatConfig( 1298): Adding: com.android.server.compat.config.Change@bdd5802
04-08 10:16:38.634 D/CompatConfig( 1298): Adding: com.android.server.compat.config.Change@19b4513
04-08 10:16:38.634 D/CompatConfig( 1298): Adding: com.android.server.compat.config.Change@dda6350
04-08 10:16:38.634 D/CompatConfig( 1298): Adding: com.android.server.compat.config.Change@1ed949
04-08 10:16:38.635 D/CompatConfig( 1298): Adding: com.android.server.compat.config.Change@accf24e
04-08 10:16:38.635 D/CompatConfig( 1298): Adding: com.android.server.compat.config.Change@16b1f6f
04-08 10:16:38.635 D/CompatConfig( 1298): Adding: com.android.server.compat.config.Change@d0a647c
04-08 10:16:38.635 D/CompatConfig( 1298): Adding: com.android.server.compat.config.Change@bf2c105
04-08 10:16:38.635 D/CompatConfig( 1298): Adding: com.android.server.compat.config.Change@c09e55a
04-08 10:16:38.635 D/CompatConfig( 1298): Adding: com.android.server.compat.config.Change@1b4438b
04-08 10:16:38.635 D/CompatConfig( 1298): Adding: com.android.server.compat.config.Change@ed74c68
04-08 10:16:38.635 D/CompatConfig( 1298): Adding: com.android.server.compat.config.Change@b636881
04-08 10:16:38.635 D/CompatConfig( 1298): Adding: com.android.server.compat.config.Change@7f0fd26
04-08 10:16:38.635 D/CompatConfig( 1298): Adding: com.android.server.compat.config.Change@218d67
04-08 10:16:38.635 D/CompatConfig( 1298): Adding: com.android.server.compat.config.Change@c08c714
04-08 10:16:38.635 D/CompatConfig( 1298): Adding: com.android.server.compat.config.Change@9dd0bbd
04-08 10:16:38.635 D/CompatConfig( 1298): Adding: com.android.server.compat.config.Change@ddfc5b2
04-08 10:16:38.635 D/CompatConfig( 1298): Adding: com.android.server.compat.config.Change@2f9903
04-08 10:16:38.635 D/CompatConfig( 1298): Adding: com.android.server.compat.config.Change@354080
04-08 10:16:38.635 D/CompatConfig( 1298): Adding: com.android.server.compat.config.Change@353a6b9
04-08 10:16:38.635 D/CompatConfig( 1298): Adding: com.android.server.compat.config.Change@3808afe
04-08 10:16:38.635 D/CompatConfig( 1298): Adding: com.android.server.compat.config.Change@688c25f
04-08 10:16:38.635 D/CompatConfig( 1298): Adding: com.android.server.compat.config.Change@7ede4ac
04-08 10:16:38.635 D/CompatConfig( 1298): Adding: com.android.server.compat.config.Change@4fef575
04-08 10:16:38.635 D/CompatConfig( 1298): Adding: com.android.server.compat.config.Change@cd6590a
04-08 10:16:38.635 D/CompatConfig( 1298): Adding: com.android.server.compat.config.Change@e21257b
04-08 10:16:38.635 D/CompatConfig( 1298): Adding: com.android.server.compat.config.Change@5aa9f98
04-08 10:16:38.635 D/CompatConfig( 1298): Adding: com.android.server.compat.config.Change@dd673f1
04-08 10:16:38.635 D/CompatConfig( 1298): Adding: com.android.server.compat.config.Change@908fbd6
04-08 10:16:38.635 D/CompatConfig( 1298): Adding: com.android.server.compat.config.Change@3129e57
04-08 10:16:38.635 D/CompatConfig( 1298): Adding: com.android.server.compat.config.Change@9761d44
04-08 10:16:38.635 D/CompatConfig( 1298): Adding: com.android.server.compat.config.Change@acd5e2d
04-08 10:16:38.635 D/CompatConfig( 1298): Adding: com.android.server.compat.config.Change@ff0ff62
04-08 10:16:38.635 D/CompatConfig( 1298): Adding: com.android.server.compat.config.Change@f38c8f3
04-08 10:16:38.635 D/CompatConfig( 1298): Adding: com.android.server.compat.config.Change@759c9b0
04-08 10:16:38.635 D/CompatConfig( 1298): Adding: com.android.server.compat.config.Change@aceb029
04-08 10:16:38.635 D/CompatConfig( 1298): Adding: com.android.server.compat.config.Change@c63afae
04-08 10:16:38.635 D/CompatConfig( 1298): Adding: com.android.server.compat.config.Change@48d014f
04-08 10:16:38.636 D/CompatConfig( 1298): Found a config file: /system/etc/compatconfig/icu4j-platform-compat-config.xml
04-08 10:16:38.637 D/CompatConfig( 1298): Adding: com.android.server.compat.config.Change@67925e5
04-08 10:16:38.637 D/CompatConfig( 1298): Found a config file: /system/etc/compatconfig/framework-platform-compat-config.xml
04-08 10:16:38.638 I/SystemConfig( 1298): Reading permissions from /system/etc/permissions/com.android.mediadrm.signer.xml
04-08 10:16:38.639 I/SystemConfig( 1298): Reading permissions from /system/etc/permissions/com.android.location.provider.xml
04-08 10:16:38.641 I/SystemConfig( 1298): Reading permissions from /system/etc/permissions/android.test.base.xml
04-08 10:16:38.641 D/CompatConfig( 1298): Adding: com.android.server.compat.config.Change@7360686
04-08 10:16:38.641 D/CompatConfig( 1298): Adding: com.android.server.compat.config.Change@9a1cb47
04-08 10:16:38.641 D/CompatConfig( 1298): Adding: com.android.server.compat.config.Change@5bd5f74
04-08 10:16:38.641 D/CompatConfig( 1298): Adding: com.android.server.compat.config.Change@c6f2c9d
04-08 10:16:38.641 D/CompatConfig( 1298): Adding: com.android.server.compat.config.Change@95c0512
04-08 10:16:38.641 D/CompatConfig( 1298): Adding: com.android.server.compat.config.Change@3a5d4e3
04-08 10:16:38.641 D/CompatConfig( 1298): Adding: com.android.server.compat.config.Change@f0afee0
04-08 10:16:38.641 D/CompatConfig( 1298): Adding: com.android.server.compat.config.Change@296f599
04-08 10:16:38.641 D/CompatConfig( 1298): Adding: com.android.server.compat.config.Change@671605e
04-08 10:16:38.641 D/CompatConfig( 1298): Adding: com.android.server.compat.config.Change@56dc3f
04-08 10:16:38.641 D/CompatConfig( 1298): Adding: com.android.server.compat.config.Change@3d1290c
04-08 10:16:38.641 D/CompatConfig( 1298): Adding: com.android.server.compat.config.Change@5d85255
04-08 10:16:38.641 D/CompatConfig( 1298): Adding: com.android.server.compat.config.Change@8ef246a
04-08 10:16:38.641 D/CompatConfig( 1298): Adding: com.android.server.compat.config.Change@ee6fd5b
04-08 10:16:38.641 D/CompatConfig( 1298): Adding: com.android.server.compat.config.Change@8edc9f8
04-08 10:16:38.641 D/CompatConfig( 1298): Adding: com.android.server.compat.config.Change@e98bed1
04-08 10:16:38.642 D/CompatConfig( 1298): Adding: com.android.server.compat.config.Change@58e1437
04-08 10:16:38.642 D/CompatConfig( 1298): Adding: com.android.server.compat.config.Change@1318da4
04-08 10:16:38.642 I/SystemConfig( 1298): Reading permissions from /system/etc/permissions/com.android.media.remotedisplay.xml
04-08 10:16:38.642 D/CompatConfig( 1298): Adding: com.android.server.compat.config.Change@c19770d
04-08 10:16:38.642 D/CompatConfig( 1298): Adding: com.android.server.compat.config.Change@a2bd6c2
04-08 10:16:38.642 D/CompatConfig( 1298): Adding: com.android.server.compat.config.Change@c25bcd3
04-08 10:16:38.642 D/CompatConfig( 1298): Adding: com.android.server.compat.config.Change@9cbe010
04-08 10:16:38.642 D/CompatConfig( 1298): Adding: com.android.server.compat.config.Change@6737709
04-08 10:16:38.642 D/CompatConfig( 1298): Adding: com.android.server.compat.config.Change@7649d0e
04-08 10:16:38.642 D/CompatConfig( 1298): Adding: com.android.server.compat.config.Change@485532f
04-08 10:16:38.642 D/CompatConfig( 1298): Adding: com.android.server.compat.config.Change@176ed3c
04-08 10:16:38.642 D/CompatConfig( 1298): Adding: com.android.server.compat.config.Change@4537ac5
04-08 10:16:38.642 D/CompatConfig( 1298): Adding: com.android.server.compat.config.Change@517c1a
04-08 10:16:38.642 D/CompatConfig( 1298): Adding: com.android.server.compat.config.Change@c9df34b
04-08 10:16:38.642 D/CompatConfig( 1298): Adding: com.android.server.compat.config.Change@663a128
04-08 10:16:38.642 D/CompatConfig( 1298): Adding: com.android.server.compat.config.Change@75fe41
04-08 10:16:38.642 D/CompatConfig( 1298): Adding: com.android.server.compat.config.Change@cfb3fe6
04-08 10:16:38.642 D/CompatConfig( 1298): Adding: com.android.server.compat.config.Change@6567927
04-08 10:16:38.642 D/CompatConfig( 1298): Adding: com.android.server.compat.config.Change@6e5a7d4
04-08 10:16:38.642 D/CompatConfig( 1298): Adding: com.android.server.compat.config.Change@ae33d7d
04-08 10:16:38.642 D/CompatConfig( 1298): Adding: com.android.server.compat.config.Change@b2b7472
04-08 10:16:38.642 D/CompatConfig( 1298): Adding: com.android.server.compat.config.Change@12780c3
04-08 10:16:38.642 D/CompatConfig( 1298): Adding: com.android.server.compat.config.Change@df6d40
04-08 10:16:38.642 D/CompatConfig( 1298): Adding: com.android.server.compat.config.Change@1eb3479
04-08 10:16:38.642 D/CompatConfig( 1298): Adding: com.android.server.compat.config.Change@9b865be
04-08 10:16:38.642 D/CompatConfig( 1298): Adding: com.android.server.compat.config.Change@177661f
04-08 10:16:38.642 D/CompatConfig( 1298): Adding: com.android.server.compat.config.Change@bee1d6c
04-08 10:16:38.642 D/CompatConfig( 1298): Adding: com.android.server.compat.config.Change@ee19f35
04-08 10:16:38.642 D/CompatConfig( 1298): Adding: com.android.server.compat.config.Change@c911fca
04-08 10:16:38.642 D/CompatConfig( 1298): Adding: com.android.server.compat.config.Change@1b6453b
04-08 10:16:38.642 I/SystemConfig( 1298): Non-xml file /system/etc/permissions/pms_sysapp_removable_vendor_list.txt in /system/etc/permissions directory, ignoring
04-08 10:16:38.642 D/CompatConfig( 1298): Adding: com.android.server.compat.config.Change@a55a458
04-08 10:16:38.642 D/CompatConfig( 1298): Adding: com.android.server.compat.config.Change@299f9b1
04-08 10:16:38.642 D/CompatConfig( 1298): Adding: com.android.server.compat.config.Change@5896e96
04-08 10:16:38.642 D/CompatConfig( 1298): Adding: com.android.server.compat.config.Change@939fa17
04-08 10:16:38.642 D/CompatConfig( 1298): Adding: com.android.server.compat.config.Change@da37fed
04-08 10:16:38.642 D/CompatConfig( 1298): Adding: com.android.server.compat.config.Change@de5de22
04-08 10:16:38.642 I/SystemConfig( 1298): Reading permissions from /system/etc/permissions/com.android.documentsui.xml
04-08 10:16:38.642 D/CompatConfig( 1298): Adding: com.android.server.compat.config.Change@4da20b3
04-08 10:16:38.642 D/CompatConfig( 1298): Adding: com.android.server.compat.config.Change@448a670
04-08 10:16:38.642 D/CompatConfig( 1298): Adding: com.android.server.compat.config.Change@452de9
04-08 10:16:38.642 D/CompatConfig( 1298): Adding: com.android.server.compat.config.Change@ca7ba6e
04-08 10:16:38.642 D/CompatConfig( 1298): Adding: com.android.server.compat.config.Change@d4c150f
04-08 10:16:38.643 D/CompatConfig( 1298): Adding: com.android.server.compat.config.Change@69b99c
04-08 10:16:38.643 D/CompatConfig( 1298): Adding: com.android.server.compat.config.Change@e39bfa5
04-08 10:16:38.643 D/CompatConfig( 1298): Adding: com.android.server.compat.config.Change@5990f7a
04-08 10:16:38.643 D/CompatConfig( 1298): Adding: com.android.server.compat.config.Change@73ef32b
04-08 10:16:38.643 D/CompatConfig( 1298): Adding: com.android.server.compat.config.Change@226d388
04-08 10:16:38.643 D/CompatConfig( 1298): Adding: com.android.server.compat.config.Change@22bb121
04-08 10:16:38.643 D/CompatConfig( 1298): Adding: com.android.server.compat.config.Change@d18a946
04-08 10:16:38.643 D/CompatConfig( 1298): Adding: com.android.server.compat.config.Change@9379707
04-08 10:16:38.643 D/CompatConfig( 1298): Adding: com.android.server.compat.config.Change@319a034
04-08 10:16:38.643 D/CompatConfig( 1298): Adding: com.android.server.compat.config.Change@cf13e5d
04-08 10:16:38.643 D/CompatConfig( 1298): Adding: com.android.server.compat.config.Change@ca613d2
04-08 10:16:38.643 D/CompatConfig( 1298): Adding: com.android.server.compat.config.Change@32c9ca3
04-08 10:16:38.643 D/CompatConfig( 1298): Adding: com.android.server.compat.config.Change@aca8ba0
04-08 10:16:38.643 D/CompatConfig( 1298): Adding: com.android.server.compat.config.Change@c886359
04-08 10:16:38.643 D/CompatConfig( 1298): Adding: com.android.server.compat.config.Change@42d9b1e
04-08 10:16:38.643 D/CompatConfig( 1298): Adding: com.android.server.compat.config.Change@3e25fff
04-08 10:16:38.643 D/CompatConfig( 1298): Adding: com.android.server.compat.config.Change@edcc1cc
04-08 10:16:38.643 D/CompatConfig( 1298): Adding: com.android.server.compat.config.Change@6d2dc15
04-08 10:16:38.643 D/CompatConfig( 1298): Adding: com.android.server.compat.config.Change@4144b2a
04-08 10:16:38.643 D/CompatConfig( 1298): Adding: com.android.server.compat.config.Change@806fd1b
04-08 10:16:38.643 D/CompatConfig( 1298): Adding: com.android.server.compat.config.Change@9fa2eb8
04-08 10:16:38.643 D/CompatConfig( 1298): Adding: com.android.server.compat.config.Change@4122491
04-08 10:16:38.643 D/CompatConfig( 1298): Adding: com.android.server.compat.config.Change@c03eff6
04-08 10:16:38.643 D/CompatConfig( 1298): Adding: com.android.server.compat.config.Change@f0e4ff7
04-08 10:16:38.643 D/CompatConfig( 1298): Adding: com.android.server.compat.config.Change@57f7e64
04-08 10:16:38.643 D/CompatConfig( 1298): Adding: com.android.server.compat.config.Change@52378cd
04-08 10:16:38.643 D/CompatConfig( 1298): Adding: com.android.server.compat.config.Change@a771582
04-08 10:16:38.643 D/CompatConfig( 1298): Found a config file: /system/etc/compatconfig/documents-ui-compat-config.xml
04-08 10:16:38.644 D/CompatConfig( 1298): Adding: com.android.server.compat.config.Change@1e81cd0
04-08 10:16:38.645 I/SystemConfig( 1298): Reading permissions from /system/etc/permissions/com.android.networkstack.xml
04-08 10:16:38.645 D/CompatConfig( 1298): Found a config file: /system/etc/compatconfig/TeleService-platform-compat-config.xml
04-08 10:16:38.645 D/CompatConfig( 1298): Adding: com.android.server.compat.config.Change@6d946ef
04-08 10:16:38.645 I/SystemConfig( 1298): Non-xml file /system/etc/permissions/pms_sysapp_removable_system_list.txt in /system/etc/permissions directory, ignoring
04-08 10:16:38.645 D/CompatConfig( 1298): Adding: com.android.server.compat.config.Change@9fa35fc
04-08 10:16:38.645 D/CompatConfig( 1298): Adding: com.android.server.compat.config.Change@8e3f485
